#                                                                                        --- full sequence --- -------------- this domain -------------   hmm coord   ali coord   env coord
# target name                    accession   tlen query name           accession   qlen   E-value  score  bias   #  of  c-Evalue  i-Evalue  score  bias  from    to  from    to  from    to  acc description of target
#            ------------------- ---------- ----- -------------------- ---------- ----- --------- ------ ----- --- --- --------- --------- ------ ----- ----- ----- ----- ----- ----- ----- ---- ---------------------
evm.utg2216.35                   -            863 103854at33208        -            646  6.9e-215  717.0  27.6   1   1  3.5e-215  5.7e-212  707.4  27.6     1   640    23   828    23   842 0.86 -
evm.utg2216.35.1.5c27920b        -            656 103854at33208        -            646  1.5e-161  540.8  26.0   1   2   5.5e-15   8.9e-12   45.9   0.1   152   215     8    85     5    98 0.82 -
evm.utg2216.35.1.5c27920b        -            656 103854at33208        -            646  1.5e-161  540.8  26.0   2   2  1.8e-150    3e-147  493.5  22.9   215   640   112   621    93   635 0.87 -
evm.utg1204.47                   -            338 103854at33208        -            646   8.6e-07   29.5   0.3   1   4       1.1   1.8e+03   -1.3   0.0    48    91    14    57     2    79 0.78 -
evm.utg1204.47                   -            338 103854at33208        -            646   8.6e-07   29.5   0.3   2   4      0.02        33    4.4   0.0    48    94   103   149    97   157 0.83 -
evm.utg1204.47                   -            338 103854at33208        -            646   8.6e-07   29.5   0.3   3   4     0.011        17    5.3   0.0    48    83   192   227   186   243 0.84 -
evm.utg1204.47                   -            338 103854at33208        -            646   8.6e-07   29.5   0.3   4   4   1.3e-05     0.021   15.0   0.1    45    82   298   336   291   337 0.87 -
evm.utg496.26                    -            504 103854at33208        -            646   3.5e-05   24.2   1.0   1   4      0.63     1e+03   -0.5   0.0   109   171   203   271   154   294 0.64 -
evm.utg496.26                    -            504 103854at33208        -            646   3.5e-05   24.2   1.0   2   4       1.2     2e+03   -1.5   0.0    60    77   306   323   299   333 0.76 -
evm.utg496.26                    -            504 103854at33208        -            646   3.5e-05   24.2   1.0   3   4     1e-05     0.017   15.3   0.0    48    79   336   367   331   375 0.92 -
evm.utg496.26                    -            504 103854at33208        -            646   3.5e-05   24.2   1.0   4   4     0.015        25    4.8   0.0    28    83   403   463   396   499 0.75 -
evm.utg343339.3                  -            504 103854at33208        -            646   3.5e-05   24.2   1.0   1   4      0.63     1e+03   -0.5   0.0   109   171   203   271   154   294 0.64 -
evm.utg343339.3                  -            504 103854at33208        -            646   3.5e-05   24.2   1.0   2   4       1.2     2e+03   -1.5   0.0    60    77   306   323   299   333 0.76 -
evm.utg343339.3                  -            504 103854at33208        -            646   3.5e-05   24.2   1.0   3   4     1e-05     0.017   15.3   0.0    48    79   336   367   331   375 0.92 -
evm.utg343339.3                  -            504 103854at33208        -            646   3.5e-05   24.2   1.0   4   4     0.015        25    4.8   0.0    28    83   403   463   396   499 0.75 -
evm.utg101.178                   -            403 103854at33208        -            646   8.1e-05   23.0   0.9   1   4   0.00047      0.77    9.8   0.1    48    76   147   175   129   191 0.87 -
evm.utg101.178                   -            403 103854at33208        -            646   8.1e-05   23.0   0.9   2   4      0.13   2.2e+02    1.7   0.0    47    78   188   219   171   230 0.77 -
evm.utg101.178                   -            403 103854at33208        -            646   8.1e-05   23.0   0.9   3   4     0.027        44    4.0   0.0    48    82   231   265   228   270 0.85 -
evm.utg101.178                   -            403 103854at33208        -            646   8.1e-05   23.0   0.9   4   4     0.037        61    3.5   0.0    48    94   336   381   308   388 0.71 -
evm.utg2757.76                   -            410 103854at33208        -            646   8.9e-05   22.8   1.1   1   4   0.00051      0.84    9.7   0.1    48    76   147   175   139   191 0.86 -
evm.utg2757.76                   -            410 103854at33208        -            646   8.9e-05   22.8   1.1   2   4      0.14   2.4e+02    1.6   0.0    47    78   188   219   171   228 0.77 -
evm.utg2757.76                   -            410 103854at33208        -            646   8.9e-05   22.8   1.1   3   4     0.028        46    3.9   0.0    48    82   231   265   229   270 0.85 -
evm.utg2757.76                   -            410 103854at33208        -            646   8.9e-05   22.8   1.1   4   4     0.033        54    3.7   0.0    48    94   336   381   308   404 0.73 -
evm.utg1204.47.1.5c22e937        -            333 103854at33208        -            646   0.00016   22.0   0.1   1   4       1.1   1.7e+03   -1.3   0.0    48    91    14    57     2    79 0.78 -
evm.utg1204.47.1.5c22e937        -            333 103854at33208        -            646   0.00016   22.0   0.1   2   4      0.02        32    4.4   0.0    48    94   103   149    97   157 0.83 -
evm.utg1204.47.1.5c22e937        -            333 103854at33208        -            646   0.00016   22.0   0.1   3   4      0.01        17    5.4   0.0    48    83   192   227   186   243 0.84 -
evm.utg1204.47.1.5c22e937        -            333 103854at33208        -            646   0.00016   22.0   0.1   4   4    0.0029       4.7    7.2   0.0    45    72   298   326   291   330 0.87 -
evm.utg1005.78                   -            759 103854at33208        -            646    0.0015   18.8   0.1   1   3    0.0019       3.1    7.8   0.0    48    88   424   463   421   473 0.81 -
evm.utg1005.78                   -            759 103854at33208        -            646    0.0015   18.8   0.1   2   3      0.89   1.5e+03   -1.0   0.0    47    78   544   578   542   588 0.75 -
evm.utg1005.78                   -            759 103854at33208        -            646    0.0015   18.8   0.1   3   3    0.0032       5.2    7.1   0.0    10    77   627   703   621   720 0.80 -
utg356.equina_smart_371689.mrna1 -            318 103854at33208        -            646    0.0021   18.2   0.0   1   1   1.8e-06     0.003   17.8   0.0     9   102   120   220   113   226 0.75 -
evm.utg78.65                     -            750 103854at33208        -            646    0.0022   18.2   0.1   1   3    0.0019       3.1    7.8   0.0    48    88   415   454   412   464 0.81 -
evm.utg78.65                     -            750 103854at33208        -            646    0.0022   18.2   0.1   2   3       2.1   3.4e+03   -2.2   0.0    48    78   536   569   534   576 0.73 -
evm.utg78.65                     -            750 103854at33208        -            646    0.0022   18.2   0.1   3   3     0.003       4.9    7.2   0.0     9    77   617   694   611   712 0.80 -
evm.utg73.142                    -            520 103854at33208        -            646    0.0057   16.8   0.0   1   3   0.00018      0.29   11.2   0.0    54    86   286   317   275   327 0.84 -
evm.utg73.142                    -            520 103854at33208        -            646    0.0057   16.8   0.0   2   3     0.074   1.2e+02    2.5   0.0    48    81   406   439   399   458 0.87 -
evm.utg73.142                    -            520 103854at33208        -            646    0.0057   16.8   0.0   3   3       1.8     3e+03   -2.1   0.0    47    70   487   510   448   515 0.79 -
evm.utg2017.23                   -           1116 103854at33208        -            646     0.011   15.9   1.4   1   3     0.067   1.1e+02    2.7   0.1    53    87    17    51    10    68 0.85 -
evm.utg2017.23                   -           1116 103854at33208        -            646     0.011   15.9   1.4   2   3    0.0021       3.4    7.7   0.1    46    96   132   181    96   192 0.76 -
evm.utg2017.23                   -           1116 103854at33208        -            646     0.011   15.9   1.4   3   3      0.13     2e+02    1.8   0.0    48    81   227   260   219   272 0.86 -
evm.utg73.142.1.5c22f3bd         -            561 103854at33208        -            646     0.012   15.8   0.0   1   2    0.0002      0.32   11.1   0.0    54    86   286   317   275   327 0.84 -
evm.utg73.142.1.5c22f3bd         -            561 103854at33208        -            646     0.012   15.8   0.0   2   2     0.086   1.4e+02    2.3   0.0    48    80   406   438   398   455 0.87 -
evm.utg194.98                    -            510 103854at33208        -            646     0.012   15.8   0.0   1   2     0.029        47    3.9   0.0    47    74   308   335   304   356 0.83 -
evm.utg194.98                    -            510 103854at33208        -            646     0.012   15.8   0.0   2   2   0.00054      0.89    9.6   0.0    19    96   359   443   351   453 0.77 -
evm.utg788.89                    -            256 103854at33208        -            646     0.013   15.6   1.8   1   4   0.00051      0.84    9.7   0.1    45    82    10    47     2    58 0.82 -
evm.utg788.89                    -            256 103854at33208        -            646     0.013   15.6   1.8   2   4       0.2   3.3e+02    1.1   0.0    60    76    71    87    54    97 0.76 -
evm.utg788.89                    -            256 103854at33208        -            646     0.013   15.6   1.8   3   4      0.63     1e+03   -0.5   0.0    47    77   102   134    93   146 0.75 -
evm.utg788.89                    -            256 103854at33208        -            646     0.013   15.6   1.8   4   4      0.22   3.6e+02    1.0   0.0    63    79   230   246   223   251 0.82 -
evm.utg2083.46                   -            338 103854at33208        -            646     0.018   15.2   0.9   1   3      0.14   2.3e+02    1.6   0.0    52    99    23    70    17    94 0.83 -
evm.utg2083.46                   -            338 103854at33208        -            646     0.018   15.2   0.9   2   3       1.6   2.6e+03   -1.9   0.0    23    78   117   178   105   193 0.63 -
evm.utg2083.46                   -            338 103854at33208        -            646     0.018   15.2   0.9   3   3   0.00017      0.28   11.2   0.0    19    77   239   304   233   327 0.72 -
evm.utg5985.15.5.5c22f28e        -            278 103854at33208        -            646     0.025   14.7   0.1   1   1   2.4e-05     0.039   14.1   0.1    47    81    86   120    80   146 0.80 -
evm.utg5985.15.4.5c22f28e        -            291 103854at33208        -            646     0.027   14.6   0.1   1   1   2.5e-05     0.041   14.0   0.1    47    81    99   133    92   159 0.81 -
evm.utg5985.15.3.5c22f28e        -            337 103854at33208        -            646     0.032   14.4   0.1   1   1   3.1e-05     0.051   13.7   0.1    47    81    86   120    80   146 0.81 -
evm.utg5985.15.1.5c22f28e        -            350 103854at33208        -            646     0.034   14.3   0.1   1   1   3.3e-05     0.054   13.6   0.1    47    81    99   133    92   159 0.81 -
evm.utg5985.15.2.5c22f28e        -            349 103854at33208        -            646     0.034   14.3   0.1   1   1   3.3e-05     0.054   13.6   0.1    47    81    86   120    80   146 0.81 -
evm.utg234.60.1.5c279240         -            226 103854at33208        -            646     0.034   14.3   0.4   1   3      0.31     5e+02    0.5   0.0    48    85    60    96    56   107 0.84 -
evm.utg234.60.1.5c279240         -            226 103854at33208        -            646     0.034   14.3   0.4   2   3   0.00024      0.39   10.8   0.0    21    81   111   177   104   183 0.78 -
evm.utg234.60.1.5c279240         -            226 103854at33208        -            646     0.034   14.3   0.4   3   3     0.044        71    3.3   0.0    27    79   159   217   154   218 0.82 -
evm.utg5985.15                   -            362 103854at33208        -            646     0.036   14.2   0.1   1   1   3.5e-05     0.057   13.5   0.1    47    81    99   133    93   159 0.81 -
evm.utg788.96                    -            437 103854at33208        -            646     0.053   13.6   0.1   1   3      0.45   7.4e+02   -0.0   0.0    47    81    75   109    67   142 0.90 -
evm.utg788.96                    -            437 103854at33208        -            646     0.053   13.6   0.1   2   3    0.0024       3.9    7.5   0.0    46    79   200   233   163   237 0.76 -
evm.utg788.96                    -            437 103854at33208        -            646     0.053   13.6   0.1   3   3      0.13   2.1e+02    1.8   0.0    53    77   249   273   241   285 0.83 -
evm.utg402.7                     -            934 103854at33208        -            646      0.11   12.6   0.1   1   2    0.0043         7    6.6   0.0    26    84   254   317   235   350 0.87 -
evm.utg402.7                     -            934 103854at33208        -            646      0.11   12.6   0.1   2   2      0.04        65    3.4   0.1    40    91   626   675   622   687 0.90 -
evm.utg14.76                     -            335 103854at33208        -            646      0.19   11.8   1.9   1   4      0.63     1e+03   -0.5   0.0    48    85    62    98    60   108 0.84 -
evm.utg14.76                     -            335 103854at33208        -            646      0.19   11.8   1.9   2   4   0.00044      0.71    9.9   0.0    21    81   113   179   104   186 0.78 -
evm.utg14.76                     -            335 103854at33208        -            646      0.19   11.8   1.9   3   4     0.077   1.3e+02    2.5   0.0    27    79   161   219   157   221 0.82 -
evm.utg14.76                     -            335 103854at33208        -            646      0.19   11.8   1.9   4   4       2.2   3.5e+03   -2.3   0.1    48    76   302   330   297   332 0.88 -
evm.utg234.60                    -            303 103854at33208        -            646       0.2   11.8   2.3   1   3      0.49     8e+02   -0.2   0.0    48    85    60    96    57   108 0.84 -
evm.utg234.60                    -            303 103854at33208        -            646       0.2   11.8   2.3   2   3   0.00038      0.61   10.1   0.0    21    81   111   177   103   184 0.78 -
evm.utg234.60                    -            303 103854at33208        -            646       0.2   11.8   2.3   3   3       1.7   2.8e+03   -2.0   0.1    48    76   270   298   263   300 0.89 -
evm.utg1025.9                    -            364 103854at33208        -            646      0.25   11.4   0.2   1   4    0.0032       5.3    7.0   0.0    48    78    11    41     6    49 0.88 -
evm.utg1025.9                    -            364 103854at33208        -            646      0.25   11.4   0.2   2   4       1.8     3e+03   -2.0   0.0    47    75    55    85    47    91 0.72 -
evm.utg1025.9                    -            364 103854at33208        -            646      0.25   11.4   0.2   3   4      0.31     5e+02    0.5   0.0    61    76   128   143   109   150 0.83 -
evm.utg1025.9                    -            364 103854at33208        -            646      0.25   11.4   0.2   4   4       3.4   5.5e+03   -2.9   0.0    48    76   279   307   276   318 0.84 -
evm.utg7855.10                   -            364 103854at33208        -            646       0.3   11.1   0.3   1   4    0.0034       5.6    7.0   0.0    48    78    11    41     6    48 0.88 -
evm.utg7855.10                   -            364 103854at33208        -            646       0.3   11.1   0.3   2   4       1.9   3.2e+03   -2.1   0.0    48    75    56    85    49    91 0.71 -
evm.utg7855.10                   -            364 103854at33208        -            646       0.3   11.1   0.3   3   4      0.31     5e+02    0.5   0.0    61    76   128   143   109   150 0.83 -
evm.utg7855.10                   -            364 103854at33208        -            646       0.3   11.1   0.3   4   4       3.6   5.9e+03   -3.0   0.0    48    76   279   307   277   318 0.84 -
evm.utg3174.3                    -            435 103854at33208        -            646      0.56   10.3   0.7   1   4       0.1   1.7e+02    2.1   0.0    48    79   238   269   207   274 0.81 -
evm.utg3174.3                    -            435 103854at33208        -            646      0.56   10.3   0.7   2   4         1   1.6e+03   -1.2   0.0    48    75   322   349   317   355 0.86 -
evm.utg3174.3                    -            435 103854at33208        -            646      0.56   10.3   0.7   3   4       0.1   1.7e+02    2.1   0.1    53    77   369   393   343   417 0.81 -
evm.utg3174.3                    -            435 103854at33208        -            646      0.56   10.3   0.7   4   4     0.053        87    3.0   0.0    47    75   404   432   378   434 0.72 -
evm.utg1051.87                   -           2584 103854at33208        -            646       0.7    9.9   0.0   1   1   0.00073       1.2    9.2   0.0    47    83  2489  2525  2484  2529 0.92 -
evm.utg2757.69                   -            710 103854at33208        -            646       2.6    8.1   5.4   1   4      0.42   6.9e+02    0.1   0.9   621   641   241   261   234   271 0.84 -
evm.utg2757.69                   -            710 103854at33208        -            646       2.6    8.1   5.4   2   4      0.26   4.3e+02    0.7   0.0    47    78   488   519   466   529 0.76 -
evm.utg2757.69                   -            710 103854at33208        -            646       2.6    8.1   5.4   3   4     0.052        86    3.0   0.0    48    82   531   565   527   570 0.85 -
evm.utg2757.69                   -            710 103854at33208        -            646       2.6    8.1   5.4   4   4     0.072   1.2e+02    2.6   0.0    48    94   636   681   608   704 0.73 -
evm.utg483.35                    -            135 103854at33208        -            646         3    7.9   3.8   1   5      0.17   2.7e+02    1.4   0.1   234   263     3    32     2    39 0.89 -
evm.utg483.35                    -            135 103854at33208        -            646         3    7.9   3.8   2   5     0.029        48    3.9   0.2   234   263    24    53    18    57 0.91 -
evm.utg483.35                    -            135 103854at33208        -            646         3    7.9   3.8   3   5     0.099   1.6e+02    2.1   0.1   233   263    44    74    37    78 0.89 -
evm.utg483.35                    -            135 103854at33208        -            646         3    7.9   3.8   4   5     0.039        64    3.5   0.1   234   263    66    95    61   108 0.89 -
evm.utg483.35                    -            135 103854at33208        -            646         3    7.9   3.8   5   5     0.088   1.4e+02    2.3   0.1   233   263    86   116    78   126 0.88 -
#
# Program:         hmmsearch
# Version:         3.1b2 (February 2015)
# Pipeline mode:   SEARCH
# Query file:      /uoa/scratch/users/r02hw22/project_dark_genes/busco_downloads/lineages/metazoa_odb10/hmms/103854at33208.hmm
# Target file:     /uoa/scratch/users/r02hw22/project_dark_genes/00_raw/equina_smart.rnam-trna.merged.ggf.curated.remredun.aa.fa
# Option settings: hmmsearch --domtblout /uoa/scratch/users/r02hw22/project_dark_genes/equina_busco_proteins/run_metazoa_odb10/hmmer_output/initial_run_results/103854at33208.out --cpu 1 /uoa/scratch/users/r02hw22/project_dark_genes/busco_downloads/lineages/metazoa_odb10/hmms/103854at33208.hmm /uoa/scratch/users/r02hw22/project_dark_genes/00_raw/equina_smart.rnam-trna.merged.ggf.curated.remredun.aa.fa 
# Current dir:     /uoa/scratch/users/r02hw22/project_dark_genes
# Date:            Sat Apr 25 14:40:50 2026
# [ok]
