#                                                                            --- full sequence --- -------------- this domain -------------   hmm coord   ali coord   env coord
# target name        accession   tlen query name           accession   qlen   E-value  score  bias   #  of  c-Evalue  i-Evalue  score  bias  from    to  from    to  from    to  acc description of target
#------------------- ---------- ----- -------------------- ---------- ----- --------- ------ ----- --- --- --------- --------- ------ ----- ----- ----- ----- ----- ----- ----- ---- ---------------------
evm.utg214.60        -            740 119252at33208        -            564  1.1e-253  844.4   0.6   1   2  8.5e-173  9.4e-169  564.0   0.1     2   377    69   492    68   523 0.88 -
evm.utg214.60        -            740 119252at33208        -            564  1.1e-253  844.4   0.6   2   2   3.1e-86   3.5e-82  278.2   0.0   386   563   550   736   523   737 0.91 -
evm.utg512.26        -            739 119252at33208        -            564  1.5e-252  840.7   0.3   1   2  1.9e-171  2.1e-167  559.5   0.0     2   377    68   491    67   522 0.88 -
evm.utg512.26        -            739 119252at33208        -            564  1.5e-252  840.7   0.3   2   2   2.7e-86     3e-82  278.4   0.0   388   563   551   735   524   736 0.92 -
evm.utg505.47        -            443 119252at33208        -            564   2.1e-13   51.2   0.1   1   2     1e-05      0.12   12.4   0.0    57   115    17    76     2   159 0.87 -
evm.utg505.47        -            443 119252at33208        -            564   2.1e-13   51.2   0.1   2   2   4.2e-13   4.6e-09   36.8   0.0   439   532   329   426   287   440 0.69 -
evm.utg2929.22       -            703 119252at33208        -            564   0.00041   20.5   0.0   1   2   9.6e-06      0.11   12.5   0.0    57   115    17    76     2    82 0.84 -
evm.utg2929.22       -            703 119252at33208        -            564   0.00041   20.5   0.0   2   2    0.0012        13    5.6   0.0   437   478   319   362   280   377 0.67 -
evm.utg5960.15       -            185 119252at33208        -            564      0.78    9.7   0.0   1   1   8.7e-05      0.97    9.4   0.0   192   240    21    70    10    89 0.86 -
#
# Program:         hmmsearch
# Version:         3.1b2 (February 2015)
# Pipeline mode:   SEARCH
# Query file:      /uoa/scratch/users/r02hw22/project_dark_genes/busco_downloads/lineages/metazoa_odb10/hmms/119252at33208.hmm
# Target file:     /uoa/scratch/users/r02hw22/project_dark_genes/00_raw/equina_smart.rnam-trna.merged.ggf.curated.remredun.aa.fa
# Option settings: hmmsearch --domtblout /uoa/scratch/users/r02hw22/project_dark_genes/equina_busco_proteins/run_metazoa_odb10/hmmer_output/initial_run_results/119252at33208.out --cpu 1 /uoa/scratch/users/r02hw22/project_dark_genes/busco_downloads/lineages/metazoa_odb10/hmms/119252at33208.hmm /uoa/scratch/users/r02hw22/project_dark_genes/00_raw/equina_smart.rnam-trna.merged.ggf.curated.remredun.aa.fa 
# Current dir:     /uoa/scratch/users/r02hw22/project_dark_genes
# Date:            Sat Apr 25 14:41:09 2026
# [ok]
