#                                                                                 --- full sequence --- -------------- this domain -------------   hmm coord   ali coord   env coord
# target name             accession   tlen query name           accession   qlen   E-value  score  bias   #  of  c-Evalue  i-Evalue  score  bias  from    to  from    to  from    to  acc description of target
#     ------------------- ---------- ----- -------------------- ---------- ----- --------- ------ ----- --- --- --------- --------- ------ ----- ----- ----- ----- ----- ----- ----- ---- ---------------------
evm.utg910.45             -            970 121127at33208        -            635  3.2e-182  609.1  38.3   1   4  5.5e-120  1.5e-115  388.9   9.8     1   254    15   287    15   297 0.92 -
evm.utg910.45             -            970 121127at33208        -            635  3.2e-182  609.1  38.3   2   4   1.2e-70   3.2e-66  225.9   8.8   257   580   316   693   303   744 0.73 -
evm.utg910.45             -            970 121127at33208        -            635  3.2e-182  609.1  38.3   3   4     0.083   2.3e+03   -1.6   0.1   563   629   835   897   778   905 0.54 -
evm.utg910.45             -            970 121127at33208        -            635  3.2e-182  609.1  38.3   4   4    0.0022        61    3.7   1.7   597   634   927   964   882   965 0.63 -
evm.utg1846.89.1.5c22ec31 -            934 121127at33208        -            635      0.94    9.7   1.8   1   3     0.081   2.3e+03   -1.5   0.0    74   111    85   122    23   145 0.54 -
evm.utg1846.89.1.5c22ec31 -            934 121127at33208        -            635      0.94    9.7   1.8   2   3    0.0013        37    4.4   0.1    47   106   297   355   284   359 0.85 -
evm.utg1846.89.1.5c22ec31 -            934 121127at33208        -            635      0.94    9.7   1.8   3   3    0.0012        33    4.5   0.1    33   108   348   425   342   452 0.86 -
#
# Program:         hmmsearch
# Version:         3.1b2 (February 2015)
# Pipeline mode:   SEARCH
# Query file:      /uoa/scratch/users/r02hw22/project_dark_genes/busco_downloads/lineages/metazoa_odb10/hmms/121127at33208.hmm
# Target file:     /uoa/scratch/users/r02hw22/project_dark_genes/00_raw/equina_smart.rnam-trna.merged.ggf.curated.remredun.aa.fa
# Option settings: hmmsearch --domtblout /uoa/scratch/users/r02hw22/project_dark_genes/equina_busco_proteins/run_metazoa_odb10/hmmer_output/initial_run_results/121127at33208.out --cpu 1 /uoa/scratch/users/r02hw22/project_dark_genes/busco_downloads/lineages/metazoa_odb10/hmms/121127at33208.hmm /uoa/scratch/users/r02hw22/project_dark_genes/00_raw/equina_smart.rnam-trna.merged.ggf.curated.remredun.aa.fa 
# Current dir:     /uoa/scratch/users/r02hw22/project_dark_genes
# Date:            Sat Apr 25 14:41:34 2026
# [ok]
