#                                                                            --- full sequence --- -------------- this domain -------------   hmm coord   ali coord   env coord
# target name        accession   tlen query name           accession   qlen   E-value  score  bias   #  of  c-Evalue  i-Evalue  score  bias  from    to  from    to  from    to  acc description of target
#------------------- ---------- ----- -------------------- ---------- ----- --------- ------ ----- --- --- --------- --------- ------ ----- ----- ----- ----- ----- ----- ----- ---- ---------------------
evm.utg2108.49       -           1117 124302at33208        -            798  2.5e-290  966.9  16.4   1   7  8.6e-202  2.4e-197  659.3   2.5     1   354     6   362     6   364 0.99 -
evm.utg2108.49       -           1117 124302at33208        -            798  2.5e-290  966.9  16.4   2   7   1.4e-62   3.9e-58  198.9   0.0   353   507   384   554   379   568 0.90 -
evm.utg2108.49       -           1117 124302at33208        -            798  2.5e-290  966.9  16.4   3   7     6e-09   0.00017   21.5   0.1   496   563   566   640   554   643 0.78 -
evm.utg2108.49       -           1117 124302at33208        -            798  2.5e-290  966.9  16.4   4   7     0.034   9.5e+02   -0.8   0.0   559   578   665   684   647   692 0.77 -
evm.utg2108.49       -           1117 124302at33208        -            798  2.5e-290  966.9  16.4   5   7     0.062   1.7e+03   -1.7   0.0   584   616   739   773   711   787 0.78 -
evm.utg2108.49       -           1117 124302at33208        -            798  2.5e-290  966.9  16.4   6   7     2e-07    0.0056   16.5   0.1   623   683   859   926   819   942 0.84 -
evm.utg2108.49       -           1117 124302at33208        -            798  2.5e-290  966.9  16.4   7   7   3.9e-25   1.1e-20   75.1   0.1   691   798   987  1110   959  1110 0.87 -
evm.utg370.74.76.79  -           1213 124302at33208        -            798   2.5e-05   24.3   0.7   1   1   1.5e-09   4.2e-05   23.5   0.7   391   504   447   569   420   594 0.75 -
#
# Program:         hmmsearch
# Version:         3.1b2 (February 2015)
# Pipeline mode:   SEARCH
# Query file:      /uoa/scratch/users/r02hw22/project_dark_genes/busco_downloads/lineages/metazoa_odb10/hmms/124302at33208.hmm
# Target file:     /uoa/scratch/users/r02hw22/project_dark_genes/00_raw/equina_smart.rnam-trna.merged.ggf.curated.remredun.aa.fa
# Option settings: hmmsearch --domtblout /uoa/scratch/users/r02hw22/project_dark_genes/equina_busco_proteins/run_metazoa_odb10/hmmer_output/initial_run_results/124302at33208.out --cpu 1 /uoa/scratch/users/r02hw22/project_dark_genes/busco_downloads/lineages/metazoa_odb10/hmms/124302at33208.hmm /uoa/scratch/users/r02hw22/project_dark_genes/00_raw/equina_smart.rnam-trna.merged.ggf.curated.remredun.aa.fa 
# Current dir:     /uoa/scratch/users/r02hw22/project_dark_genes
# Date:            Sat Apr 25 14:41:48 2026
# [ok]
