#                                                                                 --- full sequence --- -------------- this domain -------------   hmm coord   ali coord   env coord
# target name             accession   tlen query name           accession   qlen   E-value  score  bias   #  of  c-Evalue  i-Evalue  score  bias  from    to  from    to  from    to  acc description of target
#     ------------------- ---------- ----- -------------------- ---------- ----- --------- ------ ----- --- --- --------- --------- ------ ----- ----- ----- ----- ----- ----- ----- ---- ---------------------
evm.utg2083.54.2.5c22ece7 -           1179 131349at33208        -            952         0 1466.3   1.0   1   1         0         0 1465.7   1.0     1   918    43  1102    43  1113 0.89 -
evm.utg2083.54            -           1206 131349at33208        -            952         0 1466.2   1.0   1   1         0         0 1465.6   1.0     1   918    43  1102    43  1113 0.89 -
evm.utg2083.54.1.5c22ece7 -           1206 131349at33208        -            952         0 1466.2   1.0   1   1         0         0 1465.6   1.0     1   918    43  1102    43  1113 0.89 -
evm.utg411.11.1.5c22f078  -           1157 131349at33208        -            952   2.6e-10   40.3   5.2   1   5    0.0026        10    5.2   0.0    32    90    39    97     8   108 0.79 -
evm.utg411.11.1.5c22f078  -           1157 131349at33208        -            952   2.6e-10   40.3   5.2   2   5   1.4e-07   0.00056   19.3   0.1   165   357   136   333   127   340 0.79 -
evm.utg411.11.1.5c22f078  -           1157 131349at33208        -            952   2.6e-10   40.3   5.2   3   5   9.2e-06     0.036   13.3   0.0   574   660   545   630   533   673 0.84 -
evm.utg411.11.1.5c22f078  -           1157 131349at33208        -            952   2.6e-10   40.3   5.2   4   5     0.059   2.4e+02    0.7   0.4   744   788   762   804   742   886 0.78 -
evm.utg411.11.1.5c22f078  -           1157 131349at33208        -            952   2.6e-10   40.3   5.2   5   5      0.54   2.2e+03   -2.5   0.0   844   893   838   887   822   925 0.73 -
evm.utg411.11             -           1152 131349at33208        -            952   2.9e-10   40.1   5.4   1   5    0.0026        10    5.2   0.0    32    90    39    97     8   108 0.79 -
evm.utg411.11             -           1152 131349at33208        -            952   2.9e-10   40.1   5.4   2   5   1.4e-07   0.00056   19.3   0.1   165   357   136   333   127   340 0.79 -
evm.utg411.11             -           1152 131349at33208        -            952   2.9e-10   40.1   5.4   3   5   9.1e-06     0.036   13.3   0.0   574   660   545   630   533   673 0.84 -
evm.utg411.11             -           1152 131349at33208        -            952   2.9e-10   40.1   5.4   4   5     0.059   2.3e+02    0.7   0.5   744   788   762   804   742   887 0.76 -
evm.utg411.11             -           1152 131349at33208        -            952   2.9e-10   40.1   5.4   5   5      0.55   2.2e+03   -2.5   0.1   844   893   838   887   823   926 0.72 -
evm.utg505.45             -            970 131349at33208        -            952   1.7e-08   34.3   0.7   1   3   1.3e-06    0.0053   16.1   0.0    33    95    40   103    28   106 0.89 -
evm.utg505.45             -            970 131349at33208        -            952   1.7e-08   34.3   0.7   2   3   3.1e-06     0.012   14.9   0.1   152   277   123   256    98   265 0.76 -
evm.utg505.45             -            970 131349at33208        -            952   1.7e-08   34.3   0.7   3   3      0.15     6e+02   -0.6   0.2   439   523   344   440   337   451 0.61 -
evm.utg2929.2.3.5c22ee69  -            917 131349at33208        -            952   3.6e-08   33.2   1.2   1   3   1.7e-06    0.0069   15.7   0.0    34    95   168   230   161   236 0.89 -
evm.utg2929.2.3.5c22ee69  -            917 131349at33208        -            952   3.6e-08   33.2   1.2   2   3   2.2e-06    0.0089   15.3   0.1   133   277   228   383   224   392 0.76 -
evm.utg2929.2.3.5c22ee69  -            917 131349at33208        -            952   3.6e-08   33.2   1.2   3   3      0.17   6.6e+02   -0.8   0.3   439   484   471   521   464   569 0.60 -
evm.utg2929.2.2.5c22ee69  -           1061 131349at33208        -            952   4.6e-08   32.8   1.2   1   3   2.2e-06    0.0089   15.3   0.0    34    95   168   230   161   233 0.89 -
evm.utg2929.2.2.5c22ee69  -           1061 131349at33208        -            952   4.6e-08   32.8   1.2   2   3   2.8e-06     0.011   15.0   0.1   133   277   228   383   224   392 0.76 -
evm.utg2929.2.2.5c22ee69  -           1061 131349at33208        -            952   4.6e-08   32.8   1.2   3   3       0.2     8e+02   -1.0   0.3   439   484   471   521   464   569 0.60 -
evm.utg2929.2             -           1097 131349at33208        -            952   5.2e-08   32.7   1.2   1   3   2.3e-06    0.0093   15.3   0.0    34    95   168   230   161   233 0.89 -
evm.utg2929.2             -           1097 131349at33208        -            952   5.2e-08   32.7   1.2   2   3   2.9e-06     0.012   15.0   0.1   133   277   228   383   224   392 0.76 -
evm.utg2929.2             -           1097 131349at33208        -            952   5.2e-08   32.7   1.2   3   3      0.21   8.3e+02   -1.1   0.3   439   484   471   521   464   569 0.60 -
evm.utg2929.2.1.5c22ee69  -           1089 131349at33208        -            952   6.2e-08   32.4   0.0   1   2   2.3e-06    0.0092   15.3   0.0    34    95   168   230   161   233 0.89 -
evm.utg2929.2.1.5c22ee69  -           1089 131349at33208        -            952   6.2e-08   32.4   0.0   2   2   2.9e-06     0.011   15.0   0.1   133   277   228   383   224   392 0.76 -
evm.utg2012.3.2.5c22ecb4  -            609 131349at33208        -            952   0.00018   20.9   0.0   1   1   6.6e-08   0.00026   20.4   0.0   584   657   386   458   382   522 0.72 -
evm.utg2012.3.1.5c22ecb4  -            723 131349at33208        -            952   0.00024   20.6   0.0   1   1   8.7e-08   0.00034   20.0   0.0   584   657   386   458   382   521 0.72 -
evm.utg2012.3             -            780 131349at33208        -            952   0.00025   20.5   0.0   1   1   9.6e-08   0.00038   19.9   0.0   584   657   386   458   382   521 0.72 -
evm.utg309.19             -            735 131349at33208        -            952   0.00032   20.1   0.0   1   1   1.3e-07    0.0005   19.5   0.0   583   657   347   420   341   490 0.87 -
#
# Program:         hmmsearch
# Version:         3.1b2 (February 2015)
# Pipeline mode:   SEARCH
# Query file:      /uoa/scratch/users/r02hw22/project_dark_genes/busco_downloads/lineages/metazoa_odb10/hmms/131349at33208.hmm
# Target file:     /uoa/scratch/users/r02hw22/project_dark_genes/00_raw/equina_smart.rnam-trna.merged.ggf.curated.remredun.aa.fa
# Option settings: hmmsearch --domtblout /uoa/scratch/users/r02hw22/project_dark_genes/equina_busco_proteins/run_metazoa_odb10/hmmer_output/initial_run_results/131349at33208.out --cpu 1 /uoa/scratch/users/r02hw22/project_dark_genes/busco_downloads/lineages/metazoa_odb10/hmms/131349at33208.hmm /uoa/scratch/users/r02hw22/project_dark_genes/00_raw/equina_smart.rnam-trna.merged.ggf.curated.remredun.aa.fa 
# Current dir:     /uoa/scratch/users/r02hw22/project_dark_genes
# Date:            Sat Apr 25 14:41:21 2026
# [ok]
