#                                                                            --- full sequence --- -------------- this domain -------------   hmm coord   ali coord   env coord
# target name        accession   tlen query name           accession   qlen   E-value  score  bias   #  of  c-Evalue  i-Evalue  score  bias  from    to  from    to  from    to  acc description of target
#------------------- ---------- ----- -------------------- ---------- ----- --------- ------ ----- --- --- --------- --------- ------ ----- ----- ----- ----- ----- ----- ----- ---- ---------------------
evm.utg861.116       -           1284 132087at33208        -            795  6.9e-276  919.1  40.6   1   4     9e-54   1.7e-49  170.4   2.5     2   172    41   255    40   257 0.83 -
evm.utg861.116       -           1284 132087at33208        -            795  6.9e-276  919.1  40.6   2   4   2.1e-39   3.8e-35  122.9   2.5   171   261   341   431   333   451 0.93 -
evm.utg861.116       -           1284 132087at33208        -            795  6.9e-276  919.1  40.6   3   4   6.8e-17   1.3e-12   48.5   0.0   262   328   470   542   437   558 0.83 -
evm.utg861.116       -           1284 132087at33208        -            795  6.9e-276  919.1  40.6   4   4  1.1e-179    2e-175  586.9  19.5   342   795   665  1193   595  1193 0.84 -
evm.utg1919.110      -            887 132087at33208        -            795  2.4e-196  656.1  27.0   1   3     2e-08   0.00037   20.4   0.0   228   261     1    34     1    52 0.89 -
evm.utg1919.110      -            887 132087at33208        -            795  2.4e-196  656.1  27.0   2   3   3.8e-17     7e-13   49.3   0.0   262   329    73   146    40   163 0.83 -
evm.utg1919.110      -            887 132087at33208        -            795  2.4e-196  656.1  27.0   3   3  1.3e-178  2.5e-174  583.3  24.1   341   795   267   796   202   796 0.84 -
evm.utg1919.112      -            302 132087at33208        -            795   4.3e-67  228.6   6.8   1   1   3.9e-71   7.3e-67  227.8   6.8     2   205    41   288    40   291 0.85 -
#
# Program:         hmmsearch
# Version:         3.1b2 (February 2015)
# Pipeline mode:   SEARCH
# Query file:      /uoa/scratch/users/r02hw22/project_dark_genes/busco_downloads/lineages/metazoa_odb10/hmms/132087at33208.hmm
# Target file:     /uoa/scratch/users/r02hw22/project_dark_genes/00_raw/equina_smart.rnam-trna.merged.ggf.curated.remredun.aa.fa
# Option settings: hmmsearch --domtblout /uoa/scratch/users/r02hw22/project_dark_genes/equina_busco_proteins/run_metazoa_odb10/hmmer_output/initial_run_results/132087at33208.out --cpu 1 /uoa/scratch/users/r02hw22/project_dark_genes/busco_downloads/lineages/metazoa_odb10/hmms/132087at33208.hmm /uoa/scratch/users/r02hw22/project_dark_genes/00_raw/equina_smart.rnam-trna.merged.ggf.curated.remredun.aa.fa 
# Current dir:     /uoa/scratch/users/r02hw22/project_dark_genes
# Date:            Sat Apr 25 14:41:37 2026
# [ok]
