#                                                                                           --- full sequence --- -------------- this domain -------------   hmm coord   ali coord   env coord
# target name                       accession   tlen query name           accession   qlen   E-value  score  bias   #  of  c-Evalue  i-Evalue  score  bias  from    to  from    to  from    to  acc description of target
#               ------------------- ---------- ----- -------------------- ---------- ----- --------- ------ ----- --- --- --------- --------- ------ ----- ----- ----- ----- ----- ----- ----- ---- ---------------------
evm.utg2100.45                      -            566 143997at33208        -            391  6.4e-163  544.0  23.6   1   2   8.9e-10   4.3e-07   31.0   0.2    10    55    68   118    62   123 0.90 -
evm.utg2100.45                      -            566 143997at33208        -            391  6.4e-163  544.0  23.6   2   2  1.4e-156  6.8e-154  514.3  18.7    53   390   139   514   127   515 0.89 -
evm.utg6551.2                       -            815 143997at33208        -            391   2.7e-48  166.6   2.7   1   3   0.00044      0.21   12.2   0.0    52   105   106   162    89   217 0.74 -
evm.utg6551.2                       -            815 143997at33208        -            391   2.7e-48  166.6   2.7   2   3   4.5e-45   2.2e-42  147.2   2.6   130   334   484   688   472   712 0.93 -
evm.utg6551.2                       -            815 143997at33208        -            391   2.7e-48  166.6   2.7   3   3      0.14        70    3.9   0.1    47   108   707   772   690   779 0.71 -
evm.utg239.13                       -            313 143997at33208        -            391   3.9e-42  146.3   2.4   1   2   4.8e-43   2.3e-40  140.5   1.1   150   333     2   185     1   209 0.93 -
evm.utg239.13                       -            313 143997at33208        -            391   3.9e-42  146.3   2.4   2   2     0.032        15    6.1   0.1    42   108   198   270   185   276 0.72 -
evm.utg4886.12                      -           2101 143997at33208        -            391   1.4e-22   81.9  31.7   1   9    0.0091       4.4    7.9   0.2   248   309  1213  1274  1174  1280 0.87 -
evm.utg4886.12                      -           2101 143997at33208        -            391   1.4e-22   81.9  31.7   2   9    0.0068       3.3    8.3   0.0   200   271  1267  1338  1264  1343 0.88 -
evm.utg4886.12                      -           2101 143997at33208        -            391   1.4e-22   81.9  31.7   3   9   1.4e-06   0.00069   20.4   0.4   214   330  1384  1501  1375  1520 0.88 -
evm.utg4886.12                      -           2101 143997at33208        -            391   1.4e-22   81.9  31.7   4   9    0.0064       3.1    8.4   0.0   213   262  1520  1568  1513  1571 0.88 -
evm.utg4886.12                      -           2101 143997at33208        -            391   1.4e-22   81.9  31.7   5   9      0.22   1.1e+02    3.3   0.0   235   274  1585  1624  1578  1630 0.86 -
evm.utg4886.12                      -           2101 143997at33208        -            391   1.4e-22   81.9  31.7   6   9       0.6   2.9e+02    1.9   0.0   211   236  1628  1653  1625  1655 0.89 -
evm.utg4886.12                      -           2101 143997at33208        -            391   1.4e-22   81.9  31.7   7   9   0.00017     0.083   13.6   2.8   207   356  1658  1809  1654  1824 0.84 -
evm.utg4886.12                      -           2101 143997at33208        -            391   1.4e-22   81.9  31.7   8   9      0.77   3.7e+02    1.5   0.1   104   163  1898  1958  1873  1965 0.86 -
evm.utg4886.12                      -           2101 143997at33208        -            391   1.4e-22   81.9  31.7   9   9   2.6e-08   1.3e-05   26.1   1.6   206   330  1966  2090  1961  2097 0.96 -
evm.utg1846.89.1.5c22ec31           -            934 143997at33208        -            391   6.5e-22   79.8   7.7   1   5   6.6e-06    0.0032   18.2   0.1   134   274    14   154     4   160 0.89 -
evm.utg1846.89.1.5c22ec31           -            934 143997at33208        -            391   6.5e-22   79.8   7.7   2   5      0.12        57    4.2   0.0   307   345   153   191   148   197 0.82 -
evm.utg1846.89.1.5c22ec31           -            934 143997at33208        -            391   6.5e-22   79.8   7.7   3   5   8.6e-11   4.2e-08   34.3   0.2   212   382   194   365   183   367 0.89 -
evm.utg1846.89.1.5c22ec31           -            934 143997at33208        -            391   6.5e-22   79.8   7.7   4   5   2.9e-08   1.4e-05   26.0   0.1   213   263   365   415   351   429 0.91 -
evm.utg1846.89.1.5c22ec31           -            934 143997at33208        -            391   6.5e-22   79.8   7.7   5   5     0.074        36    4.9   0.0   224   266   410   452   409   466 0.84 -
evm.utg1846.89                      -            984 143997at33208        -            391     9e-22   79.3   7.7   1   5   7.1e-06    0.0034   18.1   0.1   134   274    14   154     4   160 0.89 -
evm.utg1846.89                      -            984 143997at33208        -            391     9e-22   79.3   7.7   2   5      0.13        61    4.1   0.0   307   345   153   191   148   197 0.82 -
evm.utg1846.89                      -            984 143997at33208        -            391     9e-22   79.3   7.7   3   5   9.3e-11   4.5e-08   34.2   0.1   212   382   194   365   183   367 0.89 -
evm.utg1846.89                      -            984 143997at33208        -            391     9e-22   79.3   7.7   4   5   3.1e-08   1.5e-05   25.9   0.1   213   263   365   415   351   429 0.91 -
evm.utg1846.89                      -            984 143997at33208        -            391     9e-22   79.3   7.7   5   5     0.079        38    4.8   0.0   224   266   410   452   409   466 0.84 -
evm.utg456.62.3.5c22f123            -            562 143997at33208        -            391   2.4e-19   71.3  14.0   1   3      0.73   3.5e+02    1.6   0.2   298   343   129   174    75   183 0.72 -
evm.utg456.62.3.5c22f123            -            562 143997at33208        -            391   2.4e-19   71.3  14.0   2   3   4.8e-19   2.3e-16   61.5   6.9   124   363   226   466   196   475 0.89 -
evm.utg456.62.3.5c22f123            -            562 143997at33208        -            391   2.4e-19   71.3  14.0   3   3    0.0014      0.66   10.6   0.0   204   266   476   536   465   540 0.91 -
evm.utg456.62                       -            566 143997at33208        -            391   4.7e-19   70.3  14.5   1   3      0.72   3.5e+02    1.6   0.1   298   344   129   175    98   190 0.69 -
evm.utg456.62                       -            566 143997at33208        -            391   4.7e-19   70.3  14.5   2   3   7.3e-19   3.5e-16   60.9   7.2   124   363   230   470   197   479 0.91 -
evm.utg456.62                       -            566 143997at33208        -            391   4.7e-19   70.3  14.5   3   3    0.0013      0.61   10.7   0.0   203   266   479   540   466   544 0.90 -
evm.utg456.62.2.5c22f123            -            538 143997at33208        -            391   5.6e-19   70.1  15.1   1   3       0.6   2.9e+02    1.9   0.2   297   344   100   147    45   164 0.74 -
evm.utg456.62.2.5c22f123            -            538 143997at33208        -            391   5.6e-19   70.1  15.1   2   3   6.2e-19     3e-16   61.1   7.3   124   363   202   442   168   453 0.90 -
evm.utg456.62.2.5c22f123            -            538 143997at33208        -            391   5.6e-19   70.1  15.1   3   3    0.0014      0.65   10.6   0.0   204   266   452   512   442   516 0.91 -
evm.utg790.2                        -            362 143997at33208        -            391   3.7e-16   60.8   6.1   1   2      0.11        52    4.3   0.0   217   292    49   130    42   136 0.75 -
evm.utg790.2                        -            362 143997at33208        -            391   3.7e-16   60.8   6.1   2   2   8.3e-17     4e-14   54.1   5.8   109   333   122   359   113   361 0.82 -
evm.utg882.7.1.5c22f4c9             -            465 143997at33208        -            391   1.1e-15   59.3   5.4   1   2      0.59   2.8e+02    1.9   0.1   298   344   129   175    98   185 0.67 -
evm.utg882.7.1.5c22f4c9             -            465 143997at33208        -            391   1.1e-15   59.3   5.4   2   2   2.2e-18   1.1e-15   59.3   5.4   124   351   230   458   203   463 0.92 -
evm.utg3839.20                      -            553 143997at33208        -            391   6.7e-15   56.7  10.9   1   4       9.3   4.5e+03   -2.0   0.1    10    31    47    68    10    94 0.58 -
evm.utg3839.20                      -            553 143997at33208        -            391   6.7e-15   56.7  10.9   2   4     0.052        25    5.4   0.0   239   270   133   164   121   180 0.70 -
evm.utg3839.20                      -            553 143997at33208        -            391   6.7e-15   56.7  10.9   3   4   3.7e-11   1.8e-08   35.5   1.3   133   330   231   428   221   444 0.87 -
evm.utg3839.20                      -            553 143997at33208        -            391   6.7e-15   56.7  10.9   4   4   1.5e-06   0.00074   20.3   0.1   208   281   451   524   442   528 0.91 -
evm.utg33757.32                     -            386 143997at33208        -            391   7.1e-15   56.6   2.5   1   9     0.047        23    5.5   0.0   304   333    14    43     4    49 0.85 -
evm.utg33757.32                     -            386 143997at33208        -            391   7.1e-15   56.6   2.5   2   9      0.06        29    5.2   0.0   303   333    55    85    45    95 0.86 -
evm.utg33757.32                     -            386 143997at33208        -            391   7.1e-15   56.6   2.5   3   9      0.13        63    4.1   0.0   304   333    98   127    90   137 0.86 -
evm.utg33757.32                     -            386 143997at33208        -            391   7.1e-15   56.6   2.5   4   9     0.062        30    5.1   0.0   303   333   139   169   127   175 0.86 -
evm.utg33757.32                     -            386 143997at33208        -            391   7.1e-15   56.6   2.5   5   9     0.012       5.6    7.5   0.0   298   333   176   211   172   225 0.86 -
evm.utg33757.32                     -            386 143997at33208        -            391   7.1e-15   56.6   2.5   6   9      0.12        57    4.2   0.0   304   333   224   253   213   259 0.87 -
evm.utg33757.32                     -            386 143997at33208        -            391   7.1e-15   56.6   2.5   7   9      0.05        24    5.5   0.0   303   333   265   295   253   305 0.85 -
evm.utg33757.32                     -            386 143997at33208        -            391   7.1e-15   56.6   2.5   8   9     0.066        32    5.1   0.0   303   333   307   337   296   342 0.86 -
evm.utg33757.32                     -            386 143997at33208        -            391   7.1e-15   56.6   2.5   9   9     0.094        46    4.5   0.0   304   334   350   380   340   384 0.87 -
evm.utg456.62.1.5c22f123            -            480 143997at33208        -            391   1.7e-14   55.3   2.1   1   2      0.55   2.6e+02    2.0   0.1   298   344   129   175    98   196 0.70 -
evm.utg456.62.1.5c22f123            -            480 143997at33208        -            391   1.7e-14   55.3   2.1   2   2   3.5e-17   1.7e-14   55.3   2.1   124   279   230   385   188   414 0.89 -
evm.utg882.7                        -            450 143997at33208        -            391   3.4e-14   54.4   2.5   1   2      0.55   2.7e+02    2.0   0.1   298   343   129   174    97   184 0.67 -
evm.utg882.7                        -            450 143997at33208        -            391   3.4e-14   54.4   2.5   2   2     7e-17   3.4e-14   54.4   2.5   124   305   230   411   198   446 0.89 -
evm.utg378.34                       -            805 143997at33208        -            391   4.5e-13   50.6   0.1   1   1   1.5e-15     7e-13   50.0   0.1   187   369   545   727   536   739 0.88 -
evm.utg72.33                        -            509 143997at33208        -            391   6.1e-12   46.9  15.0   1  12     0.016       7.8    7.1   0.0   302   334    12    44     4    60 0.82 -
evm.utg72.33                        -            509 143997at33208        -            391   6.1e-12   46.9  15.0   2  12      0.18        88    3.6   0.0   312   334    64    86    49   104 0.81 -
evm.utg72.33                        -            509 143997at33208        -            391   6.1e-12   46.9  15.0   3  12       3.1   1.5e+03   -0.4   0.0   213   231   113   131   106   136 0.82 -
evm.utg72.33                        -            509 143997at33208        -            391   6.1e-12   46.9  15.0   4  12     0.062        30    5.1   0.0   305   336   145   176   125   192 0.76 -
evm.utg72.33                        -            509 143997at33208        -            391   6.1e-12   46.9  15.0   5  12     0.045        22    5.6   0.0   305   334   187   216   175   227 0.85 -
evm.utg72.33                        -            509 143997at33208        -            391   6.1e-12   46.9  15.0   6  12     0.009       4.4    7.9   0.0   300   335   224   259   215   276 0.79 -
evm.utg72.33                        -            509 143997at33208        -            391   6.1e-12   46.9  15.0   7  12       0.5   2.4e+02    2.2   0.0   311   332   277   298   263   310 0.79 -
evm.utg72.33                        -            509 143997at33208        -            391   6.1e-12   46.9  15.0   8  12     0.025        12    6.4   0.0   307   335   315   343   305   362 0.81 -
evm.utg72.33                        -            509 143997at33208        -            391   6.1e-12   46.9  15.0   9  12      0.98   4.7e+02    1.2   0.0   314   332   364   382   356   396 0.77 -
evm.utg72.33                        -            509 143997at33208        -            391   6.1e-12   46.9  15.0  10  12     0.028        14    6.3   0.0   307   335   399   427   389   443 0.81 -
evm.utg72.33                        -            509 143997at33208        -            391   6.1e-12   46.9  15.0  11  12       1.6   7.8e+02    0.5   0.0   312   343   446   478   429   486 0.75 -
evm.utg72.33                        -            509 143997at33208        -            391   6.1e-12   46.9  15.0  12  12       6.7   3.3e+03   -1.6   0.0   303   329   479   505   468   507 0.78 -
evm.utg7.34                         -            889 143997at33208        -            391   1.2e-11   46.0  10.1   1   3   0.00096      0.46   11.1   0.1   206   277   503   572   496   575 0.91 -
evm.utg7.34                         -            889 143997at33208        -            391   1.2e-11   46.0  10.1   2   3   2.2e-08     1e-05   26.4   3.7   187   357   584   753   572   783 0.84 -
evm.utg7.34                         -            889 143997at33208        -            391   1.2e-11   46.0  10.1   3   3    0.0028       1.4    9.6   0.1   253   345   818   876   797   887 0.55 -
evm.utg7.34.1.5c22f35d              -            887 143997at33208        -            391   1.3e-11   45.8  10.0   1   3   0.00095      0.46   11.1   0.1   206   277   503   572   496   575 0.91 -
evm.utg7.34.1.5c22f35d              -            887 143997at33208        -            391   1.3e-11   45.8  10.0   2   3   2.2e-08     1e-05   26.4   3.7   187   357   584   753   572   783 0.84 -
evm.utg7.34.1.5c22f35d              -            887 143997at33208        -            391   1.3e-11   45.8  10.0   3   3    0.0034       1.6    9.3   0.1   248   344   813   875   795   885 0.55 -
evm.utg479.80                       -            422 143997at33208        -            391   2.5e-11   44.9   1.6   1   3     0.043        21    5.7   0.0   214   258    11    55     5    73 0.85 -
evm.utg479.80                       -            422 143997at33208        -            391   2.5e-11   44.9   1.6   2   3   2.9e-08   1.4e-05   26.0   0.1   209   330    75   197    68   211 0.87 -
evm.utg479.80                       -            422 143997at33208        -            391   2.5e-11   44.9   1.6   3   3    0.0028       1.4    9.6   0.2   218   331   265   390   244   407 0.56 -
evm.utg324.6                        -            822 143997at33208        -            391   4.4e-11   44.1   5.5   1   2    0.0011      0.52   10.9   0.4   256   354   473   569   467   596 0.81 -
evm.utg324.6                        -            822 143997at33208        -            391   4.4e-11   44.1   5.5   2   2   6.1e-11   2.9e-08   34.8   0.6   204   358   637   792   633   817 0.88 -
evm.utg1022.31                      -            515 143997at33208        -            391   5.5e-11   43.8  13.3   1   2   1.4e-07     7e-05   23.7   5.8   129   325   102   297    73   302 0.71 -
evm.utg1022.31                      -            515 143997at33208        -            391   5.5e-11   43.8  13.3   2   2   9.7e-08   4.7e-05   24.3   1.2   212   358   286   433   278   457 0.82 -
evm.utg456.62.1.5c22f123.1.5c27954f -            339 143997at33208        -            391   3.2e-10   41.3   7.3   1   2       3.8   1.8e+03   -0.7   0.3    13   329    56    77    42   123 0.57 -
evm.utg456.62.1.5c22f123.1.5c27954f -            339 143997at33208        -            391   3.2e-10   41.3   7.3   2   2   4.3e-12   2.1e-09   38.6   4.3   123   226   229   332    97   338 0.92 -
evm.utg55.67.2.5c22f21f             -            266 143997at33208        -            391   8.4e-10   39.9   0.5   1   2      0.01       4.9    7.7   0.2   308   349   100   141    91   143 0.83 -
evm.utg55.67.2.5c22f21f             -            266 143997at33208        -            391   8.4e-10   39.9   0.5   2   2   4.2e-10     2e-07   32.0   0.0   209   263   137   191   131   199 0.93 -
evm.utg33757.22                     -            322 143997at33208        -            391   8.6e-10   39.9   2.9   1   7     0.058        28    5.2   0.0   304   334    14    44     5    54 0.88 -
evm.utg33757.22                     -            322 143997at33208        -            391   8.6e-10   39.9   2.9   2   7     0.025        12    6.4   0.0   303   334    55    86    46   104 0.83 -
evm.utg33757.22                     -            322 143997at33208        -            391   8.6e-10   39.9   2.9   3   7      0.32   1.5e+02    2.8   0.0   303   333    97   127    86   132 0.85 -
evm.utg33757.22                     -            322 143997at33208        -            391   8.6e-10   39.9   2.9   4   7     0.058        28    5.2   0.0   301   334   137   170   129   183 0.84 -
evm.utg33757.22                     -            322 143997at33208        -            391   8.6e-10   39.9   2.9   5   7     0.033        16    6.0   0.0   302   334   180   212   172   226 0.85 -
evm.utg33757.22                     -            322 143997at33208        -            391   8.6e-10   39.9   2.9   6   7      0.24   1.1e+02    3.2   0.0   308   334   228   254   215   264 0.83 -
evm.utg33757.22                     -            322 143997at33208        -            391   8.6e-10   39.9   2.9   7   7      0.06        29    5.2   0.0   301   335   263   297   255   315 0.79 -
evm.utg882.7.1.5c22f4c9.1.5c279851  -            331 143997at33208        -            391   1.3e-09   39.3   5.8   1   2      0.35   1.7e+02    2.7   0.1   299   344   130   175   102   194 0.70 -
evm.utg882.7.1.5c22f4c9.1.5c279851  -            331 143997at33208        -            391   1.3e-09   39.3   5.8   2   2     5e-12   2.4e-09   38.4   0.4   124   223   230   329   197   330 0.90 -
evm.utg11494.1                      -           1214 143997at33208        -            391   1.5e-09   39.1   0.0   1   6     0.026        12    6.4   0.0   295   332   710   750   679   768 0.74 -
evm.utg11494.1                      -           1214 143997at33208        -            391   1.5e-09   39.1   0.0   2   6     0.012       5.9    7.5   0.0   303   334   846   877   838   911 0.87 -
evm.utg11494.1                      -           1214 143997at33208        -            391   1.5e-09   39.1   0.0   3   6      0.13        64    4.1   0.0   296   334   920   961   916   979 0.79 -
evm.utg11494.1                      -           1214 143997at33208        -            391   1.5e-09   39.1   0.0   4   6       1.8   8.9e+02    0.3   0.0   303   334  1056  1087  1044  1093 0.84 -
evm.utg11494.1                      -           1214 143997at33208        -            391   1.5e-09   39.1   0.0   5   6      0.99   4.8e+02    1.2   0.0   296   334  1088  1129  1083  1144 0.80 -
evm.utg11494.1                      -           1214 143997at33208        -            391   1.5e-09   39.1   0.0   6   6       1.8   8.7e+02    0.3   0.0   304   332  1141  1169  1126  1210 0.68 -
evm.utg33757.33                     -            249 143997at33208        -            391   1.7e-09   38.9   1.4   1   5     0.029        14    6.3   0.0   304   334    14    44     4    57 0.85 -
evm.utg33757.33                     -            249 143997at33208        -            391   1.7e-09   38.9   1.4   2   5    0.0089       4.3    7.9   0.0   304   335    56    87    45   100 0.83 -
evm.utg33757.33                     -            249 143997at33208        -            391   1.7e-09   38.9   1.4   3   5     0.033        16    6.1   0.0   304   335    98   129    95   142 0.84 -
evm.utg33757.33                     -            249 143997at33208        -            391   1.7e-09   38.9   1.4   4   5     0.052        25    5.4   0.0   305   333   141   169   135   175 0.88 -
evm.utg33757.33                     -            249 143997at33208        -            391   1.7e-09   38.9   1.4   5   5    0.0037       1.8    9.2   0.0   298   334   176   212   167   238 0.83 -
evm.utg55.67.1.5c22f21f             -            350 143997at33208        -            391   1.8e-09   38.8   0.4   1   2    0.0098       4.8    7.8   0.2   308   351   100   143    91   144 0.86 -
evm.utg55.67.1.5c22f21f             -            350 143997at33208        -            391   1.8e-09   38.8   0.4   2   2   6.5e-10   3.1e-07   31.4   0.0   209   263   137   191   131   199 0.93 -
evm.utg55.67                        -            350 143997at33208        -            391   1.8e-09   38.8   0.4   1   2    0.0098       4.8    7.8   0.2   308   351   100   143    91   144 0.86 -
evm.utg55.67                        -            350 143997at33208        -            391   1.8e-09   38.8   0.4   2   2   6.5e-10   3.1e-07   31.4   0.0   209   263   137   191   131   199 0.93 -
evm.utg5817.12                      -            453 143997at33208        -            391   3.7e-09   37.7   0.2   1   6     0.025        12    6.4   0.0   297   333   120   156   104   194 0.83 -
evm.utg5817.12                      -            453 143997at33208        -            391   3.7e-09   37.7   0.2   2   6      0.74   3.6e+02    1.6   0.0   304   332   210   238   201   249 0.86 -
evm.utg5817.12                      -            453 143997at33208        -            391   3.7e-09   37.7   0.2   3   6    0.0052       2.5    8.7   0.0   304   334   252   282   244   291 0.88 -
evm.utg5817.12                      -            453 143997at33208        -            391   3.7e-09   37.7   0.2   4   6       1.7   8.3e+02    0.4   0.0   206   231   298   323   291   329 0.69 -
evm.utg5817.12                      -            453 143997at33208        -            391   3.7e-09   37.7   0.2   5   6     0.026        12    6.4   0.0   296   334   325   366   321   384 0.73 -
evm.utg5817.12                      -            453 143997at33208        -            391   3.7e-09   37.7   0.2   6   6      0.43   2.1e+02    2.4   0.0   297   331   410   447   406   451 0.74 -
evm.utg7652.3                       -           1109 143997at33208        -            391   4.7e-09   37.4   0.1   1   6     0.056        27    5.3   0.0   304   331   657   684   650   687 0.87 -
evm.utg7652.3                       -           1109 143997at33208        -            391   4.7e-09   37.4   0.1   2   6     0.027        13    6.3   0.0   296   332   688   727   683   750 0.76 -
evm.utg7652.3                       -           1109 143997at33208        -            391   4.7e-09   37.4   0.1   3   6         6   2.9e+03   -1.4   0.0   304   333   782   811   775   816 0.85 -
evm.utg7652.3                       -           1109 143997at33208        -            391   4.7e-09   37.4   0.1   4   6      0.22     1e+02    3.4   0.0   304   333   824   853   814   871 0.70 -
evm.utg7652.3                       -           1109 143997at33208        -            391   4.7e-09   37.4   0.1   5   6      0.21     1e+02    3.4   0.0   304   334   908   938   895   973 0.82 -
evm.utg7652.3                       -           1109 143997at33208        -            391   4.7e-09   37.4   0.1   6   6      0.01         5    7.7   0.0   206   331   954  1103   947  1107 0.68 -
evm.utg3884.9                       -           3311 143997at33208        -            391   1.9e-08   35.5  11.3   1   4   0.00025      0.12   13.0   0.0   286   367  2321  2401  2315  2407 0.80 -
evm.utg3884.9                       -           3311 143997at33208        -            391   1.9e-08   35.5  11.3   2   4   1.3e-06   0.00065   20.5   1.7   170   329  2413  2578  2396  2620 0.82 -
evm.utg3884.9                       -           3311 143997at33208        -            391   1.9e-08   35.5  11.3   3   4      0.27   1.3e+02    3.0   0.0   212   241  2683  2712  2628  2746 0.80 -
evm.utg3884.9                       -           3311 143997at33208        -            391   1.9e-08   35.5  11.3   4   4      0.96   4.6e+02    1.2   0.5   298   349  2853  2904  2821  2913 0.74 -
evm.utg378.83                       -            772 143997at33208        -            391   3.3e-08   34.7   3.6   1   1   1.4e-09     7e-07   30.3   3.4   143   365   528   751   524   769 0.90 -
evm.utg4907.30                      -           1100 143997at33208        -            391   3.3e-08   34.6  19.5   1   6     0.052        25    5.4   0.2   273   331    59   123    54   130 0.71 -
evm.utg4907.30                      -           1100 143997at33208        -            391   3.3e-08   34.6  19.5   2   6     0.034        16    6.0   0.2   199   233   133   167   123   206 0.77 -
evm.utg4907.30                      -           1100 143997at33208        -            391   3.3e-08   34.6  19.5   3   6   0.00017     0.081   13.6   0.5   234   335   213   326   203   341 0.69 -
evm.utg4907.30                      -           1100 143997at33208        -            391   3.3e-08   34.6  19.5   4   6      0.78   3.8e+02    1.5   3.4   205   331   258   402   242   408 0.55 -
evm.utg4907.30                      -           1100 143997at33208        -            391   3.3e-08   34.6  19.5   5   6   3.2e-06    0.0015   19.3   1.3   212   331   345   482   327   492 0.80 -
evm.utg4907.30                      -           1100 143997at33208        -            391   3.3e-08   34.6  19.5   6   6       7.2   3.5e+03   -1.7   0.0   146   172   613   639   598   651 0.76 -
evm.utg104.24                       -            564 143997at33208        -            391   5.3e-08   34.0   6.5   1   3    0.0051       2.5    8.7   0.2   267   330   191   256   184   301 0.83 -
evm.utg104.24                       -            564 143997at33208        -            391   5.3e-08   34.0   6.5   2   3   7.7e-05     0.037   14.7   1.5   134   235   413   515   393   517 0.86 -
evm.utg104.24                       -            564 143997at33208        -            391   5.3e-08   34.0   6.5   3   3   0.00065      0.31   11.7   0.0   304   348   516   560   513   562 0.93 -
evm.utg33757.17                     -            282 143997at33208        -            391   1.8e-07   32.2   2.3   1   6     0.079        38    4.8   0.0   304   334    14    44     6    57 0.88 -
evm.utg33757.17                     -            282 143997at33208        -            391   1.8e-07   32.2   2.3   2   6       1.1   5.4e+02    1.0   0.0   305   334    57    86    46    95 0.81 -
evm.utg33757.17                     -            282 143997at33208        -            391   1.8e-07   32.2   2.3   3   6    0.0091       4.4    7.9   0.0   303   333    97   127    87   133 0.85 -
evm.utg33757.17                     -            282 143997at33208        -            391   1.8e-07   32.2   2.3   4   6      0.14        67    4.0   0.0   301   334   137   170   128   185 0.83 -
evm.utg33757.17                     -            282 143997at33208        -            391   1.8e-07   32.2   2.3   5   6     0.033        16    6.1   0.0   303   334   181   212   171   221 0.85 -
evm.utg33757.17                     -            282 143997at33208        -            391   1.8e-07   32.2   2.3   6   6      0.26   1.3e+02    3.1   0.0   301   333   221   253   214   258 0.85 -
evm.utg92.99                        -            529 143997at33208        -            391   5.7e-07   30.6   5.9   1   3     0.016         8    7.0   0.1   303   361   148   209   111   226 0.67 -
evm.utg92.99                        -            529 143997at33208        -            391   5.7e-07   30.6   5.9   2   3     0.043        21    5.7   0.3   304   375   185   254   165   270 0.73 -
evm.utg92.99                        -            529 143997at33208        -            391   5.7e-07   30.6   5.9   3   3   1.5e-07   7.5e-05   23.6   0.2   123   189   434   500   392   515 0.87 -
evm.utg3677.10                      -            196 143997at33208        -            391   7.5e-07   30.2   0.2   1   1   3.1e-09   1.5e-06   29.2   0.2   204   346    34   187    27   194 0.87 -
evm.utg432.6                        -            465 143997at33208        -            391     1e-06   29.7   0.3   1   2       1.3   6.3e+02    0.8   0.1   297   346   130   179   114   216 0.64 -
evm.utg432.6                        -            465 143997at33208        -            391     1e-06   29.7   0.3   2   2   2.8e-08   1.3e-05   26.1   0.0   269   357   353   441   315   448 0.86 -
evm.utg33757.24                     -            167 143997at33208        -            391   1.6e-06   29.1   0.1   1   4     0.023        11    6.5   0.0   305   333    15    43     5    53 0.87 -
evm.utg33757.24                     -            167 143997at33208        -            391   1.6e-06   29.1   0.1   2   4     0.007       3.4    8.3   0.0   303   333    55    85    44    95 0.86 -
evm.utg33757.24                     -            167 143997at33208        -            391   1.6e-06   29.1   0.1   3   4     0.026        12    6.4   0.0   299   334    93   128    87   138 0.85 -
evm.utg33757.24                     -            167 143997at33208        -            391   1.6e-06   29.1   0.1   4   4      0.14        68    4.0   0.0   303   329   139   165   128   166 0.85 -
evm.utg33757.26                     -            167 143997at33208        -            391   1.6e-06   29.1   0.1   1   4     0.023        11    6.5   0.0   305   333    15    43     5    53 0.87 -
evm.utg33757.26                     -            167 143997at33208        -            391   1.6e-06   29.1   0.1   2   4     0.007       3.4    8.3   0.0   303   333    55    85    44    95 0.86 -
evm.utg33757.26                     -            167 143997at33208        -            391   1.6e-06   29.1   0.1   3   4     0.026        12    6.4   0.0   299   334    93   128    87   138 0.85 -
evm.utg33757.26                     -            167 143997at33208        -            391   1.6e-06   29.1   0.1   4   4      0.14        68    4.0   0.0   303   329   139   165   128   166 0.85 -
evm.utg479.79                       -            518 143997at33208        -            391   1.7e-06   29.0   0.8   1   2   1.2e-07   5.8e-05   24.0   0.1   213   278    20    85    13    88 0.93 -
evm.utg479.79                       -            518 143997at33208        -            391   1.7e-06   29.0   0.8   2   2      0.29   1.4e+02    3.0   0.1   166   247   395   476   353   503 0.65 -
evm.utg18019.4                      -            603 143997at33208        -            391   1.8e-06   29.0   0.9   1   2       1.5   7.5e+02    0.5   0.1   292   346   263   317   249   336 0.61 -
evm.utg18019.4                      -            603 143997at33208        -            391   1.8e-06   29.0   0.9   2   2   3.3e-08   1.6e-05   25.8   0.0   269   357   491   579   453   585 0.87 -
evm.utg33757.29                     -            197 143997at33208        -            391   3.2e-06   28.1   0.3   1   4     0.064        31    5.1   0.0   306   333    27    54    13    65 0.82 -
evm.utg33757.29                     -            197 143997at33208        -            391   3.2e-06   28.1   0.3   2   4     0.042        20    5.7   0.0   303   334    66    97    55   108 0.84 -
evm.utg33757.29                     -            197 143997at33208        -            391   3.2e-06   28.1   0.3   3   4     0.025        12    6.4   0.0   304   333   109   138   100   148 0.87 -
evm.utg33757.29                     -            197 143997at33208        -            391   3.2e-06   28.1   0.3   4   4     0.019       9.3    6.8   0.0   304   333   151   180   141   195 0.83 -
evm.utg33757.27                     -            187 143997at33208        -            391   3.5e-06   28.0   0.5   1   4      0.01       5.1    7.7   0.0   298   334    19    55    12    69 0.83 -
evm.utg33757.27                     -            187 143997at33208        -            391   3.5e-06   28.0   0.5   2   4     0.016       7.7    7.1   0.0   304   334    67    97    54   110 0.82 -
evm.utg33757.27                     -            187 143997at33208        -            391   3.5e-06   28.0   0.5   3   4     0.021        10    6.7   0.0   304   334   109   139    98   149 0.88 -
evm.utg33757.27                     -            187 143997at33208        -            391   3.5e-06   28.0   0.5   4   4      0.31   1.5e+02    2.8   0.0   304   333   151   180   141   184 0.84 -
evm.utg1404.30                      -            703 143997at33208        -            391   6.8e-06   27.0  17.5   1   3   1.5e-07   7.3e-05   23.6   2.4   235   343   142   249    98   277 0.77 -
evm.utg1404.30                      -            703 143997at33208        -            391   6.8e-06   27.0  17.5   2   3      0.02       9.7    6.8   0.7   307   358   278   329   263   335 0.83 -
evm.utg1404.30                      -            703 143997at33208        -            391   6.8e-06   27.0  17.5   3   3     0.039        19    5.8   1.5   180   261   562   645   506   670 0.66 -
evm.utg8792.47                      -            523 143997at33208        -            391   7.9e-06   26.8   4.4   1   2   0.00011     0.054   14.2   0.5   129   267   113   249    84   259 0.84 -
evm.utg8792.47                      -            523 143997at33208        -            391   7.9e-06   26.8   4.4   2   2   0.00063       0.3   11.7   0.3   205   311   270   376   256   454 0.73 -
evm.utg950.23                       -           1105 143997at33208        -            391   8.5e-06   26.7  23.2   1   6     0.091        44    4.6   0.2   271   331    57   123    37   130 0.74 -
evm.utg950.23                       -           1105 143997at33208        -            391   8.5e-06   26.7  23.2   2   6      0.02       9.8    6.7   0.2   199   230   133   164   122   206 0.75 -
evm.utg950.23                       -           1105 143997at33208        -            391   8.5e-06   26.7  23.2   3   6    0.0003      0.15   12.8   1.9   234   334   213   325   207   357 0.65 -
evm.utg950.23                       -           1105 143997at33208        -            391   8.5e-06   26.7  23.2   4   6      0.82     4e+02    1.5   3.8   204   331   257   402   243   412 0.68 -
evm.utg950.23                       -           1105 143997at33208        -            391   8.5e-06   26.7  23.2   5   6   0.00035      0.17   12.5   1.7   214   332   347   483   345   531 0.72 -
evm.utg950.23                       -           1105 143997at33208        -            391   8.5e-06   26.7  23.2   6   6        10   4.8e+03   -2.1   0.0   147   172   614   639   603   648 0.77 -
evm.utg1970.20                      -            459 143997at33208        -            391     2e-05   25.5   1.8   1   2      0.07        34    5.0   0.0   250   346    17   129     5   139 0.65 -
evm.utg1970.20                      -            459 143997at33208        -            391     2e-05   25.5   1.8   2   2   2.1e-05      0.01   16.6   0.7   202   340   181   341   179   357 0.68 -
evm.utg3041.23                      -            905 143997at33208        -            391   2.1e-05   25.4  17.5   1   3   2.1e-07    0.0001   23.1   2.3   236   357   175   300   147   337 0.70 -
evm.utg3041.23                      -            905 143997at33208        -            391   2.1e-05   25.4  17.5   2   3     0.029        14    6.2   0.8   307   358   340   391   325   397 0.83 -
evm.utg3041.23                      -            905 143997at33208        -            391   2.1e-05   25.4  17.5   3   3     0.061        30    5.2   1.6   180   261   624   707   569   731 0.66 -
evm.utg16444.10                     -            158 143997at33208        -            391   3.8e-05   24.6   0.1   1   3    0.0084       4.1    8.0   0.0   298   334     8    44     3    55 0.85 -
evm.utg16444.10                     -            158 143997at33208        -            391   3.8e-05   24.6   0.1   2   3    0.0019      0.93   10.1   0.0   298   336    50    88    43    98 0.83 -
evm.utg16444.10                     -            158 143997at33208        -            391   3.8e-05   24.6   0.1   3   3      0.13        64    4.1   0.0   304   334    98   128    89   143 0.87 -
evm.utg1302.32                      -            591 143997at33208        -            391   5.2e-05   24.1   2.0   1   2      0.11        51    4.4   0.0   250   346    17   129     5   139 0.64 -
evm.utg1302.32                      -            591 143997at33208        -            391   5.2e-05   24.1   2.0   2   2     3e-05     0.015   16.0   0.8   202   341   181   342   179   362 0.68 -
evm.utg33757.3                      -            257 143997at33208        -            391   6.7e-05   23.7   1.9   1   5      0.22   1.1e+02    3.3   0.0   304   335    14    45     4    63 0.78 -
evm.utg33757.3                      -            257 143997at33208        -            391   6.7e-05   23.7   1.9   2   5       2.8   1.3e+03   -0.3   0.0   298   334    50    86    41   107 0.77 -
evm.utg33757.3                      -            257 143997at33208        -            391   6.7e-05   23.7   1.9   3   5     0.056        27    5.3   0.0   300   334    94   128    84   138 0.84 -
evm.utg33757.3                      -            257 143997at33208        -            391   6.7e-05   23.7   1.9   4   5     0.062        30    5.1   0.0   301   334   137   170   127   182 0.82 -
evm.utg33757.3                      -            257 143997at33208        -            391   6.7e-05   23.7   1.9   5   5     0.054        26    5.3   0.0   301   335   179   213   170   252 0.70 -
evm.utg7595.23                      -           1178 143997at33208        -            391   7.5e-05   23.6   7.6   1   3      0.69   3.3e+02    1.7   0.1   320   366   392   438   376   443 0.86 -
evm.utg7595.23                      -           1178 143997at33208        -            391   7.5e-05   23.6   7.6   2   3       0.2        97    3.5   0.1   302   360   796   857   763   878 0.71 -
evm.utg7595.23                      -           1178 143997at33208        -            391   7.5e-05   23.6   7.6   3   3   1.3e-06   0.00061   20.6   0.3   123   188  1083  1148  1058  1164 0.86 -
evm.utg16444.7                      -            267 143997at33208        -            391   7.5e-05   23.6   1.8   1   4      0.21     1e+02    3.4   0.0   303   335    23    55    11    73 0.78 -
evm.utg16444.7                      -            267 143997at33208        -            391   7.5e-05   23.6   1.8   2   4     0.055        27    5.3   0.0   299   334   103   138    92   149 0.84 -
evm.utg16444.7                      -            267 143997at33208        -            391   7.5e-05   23.6   1.8   3   4     0.067        32    5.0   0.0   302   334   148   180   140   195 0.81 -
evm.utg16444.7                      -            267 143997at33208        -            391   7.5e-05   23.6   1.8   4   4     0.065        31    5.1   0.0   301   335   189   223   180   259 0.73 -
evm.utg72.34                        -           1079 143997at33208        -            391   8.7e-05   23.4  11.3   1   8       9.2   4.5e+03   -2.0   0.0   213   229   683   699   679   705 0.86 -
evm.utg72.34                        -           1079 143997at33208        -            391   8.7e-05   23.4  11.3   2   8      0.12        56    4.3   0.0   305   334   757   786   746   796 0.86 -
evm.utg72.34                        -           1079 143997at33208        -            391   8.7e-05   23.4  11.3   3   8     0.019         9    6.9   0.0   301   335   795   829   786   846 0.79 -
evm.utg72.34                        -           1079 143997at33208        -            391   8.7e-05   23.4  11.3   4   8       2.3   1.1e+03   -0.0   0.0   314   332   850   868   842   882 0.77 -
evm.utg72.34                        -           1079 143997at33208        -            391   8.7e-05   23.4  11.3   5   8     0.068        33    5.0   0.0   307   335   885   913   882   932 0.79 -
evm.utg72.34                        -           1079 143997at33208        -            391   8.7e-05   23.4  11.3   6   8       2.1     1e+03    0.1   0.0   314   332   934   952   925   970 0.77 -
evm.utg72.34                        -           1079 143997at33208        -            391   8.7e-05   23.4  11.3   7   8     0.065        32    5.1   0.0   307   335   969   997   955  1013 0.82 -
evm.utg72.34                        -           1079 143997at33208        -            391   8.7e-05   23.4  11.3   8   8       3.8   1.9e+03   -0.8   0.0   313   343  1017  1048  1002  1059 0.75 -
evm.utg790.2.1.5c22f43e             -            274 143997at33208        -            391    0.0001   23.2   1.4   1   2     0.066        32    5.1   0.0   217   292    49   130    42   136 0.75 -
evm.utg790.2.1.5c22f43e             -            274 143997at33208        -            391    0.0001   23.2   1.4   2   2   3.7e-05     0.018   15.7   0.9   109   241   122   267   117   273 0.72 -
evm.utg45540.3                      -           1171 143997at33208        -            391   0.00011   23.1  19.7   1   3     0.014       6.8    7.3   4.7   233   347   176   303   146   307 0.59 -
evm.utg45540.3                      -           1171 143997at33208        -            391   0.00011   23.1  19.7   2   3   8.5e-06    0.0041   17.9   5.0   231   352   296   437   288   447 0.61 -
evm.utg45540.3                      -           1171 143997at33208        -            391   0.00011   23.1  19.7   3   3       0.6   2.9e+02    1.9   0.0   205   231   601   627   582   640 0.82 -
evm.utg33757.30                     -            196 143997at33208        -            391   0.00012   22.9   0.3   1   4     0.017       8.4    7.0   0.0   304   335    14    45     9    65 0.82 -
evm.utg33757.30                     -            196 143997at33208        -            391   0.00012   22.9   0.3   2   4       1.9   9.2e+02    0.2   0.0   305   335    57    87    53   105 0.77 -
evm.utg33757.30                     -            196 143997at33208        -            391   0.00012   22.9   0.3   3   4      0.29   1.4e+02    3.0   0.0   310   333   104   127    88   132 0.79 -
evm.utg33757.30                     -            196 143997at33208        -            391   0.00012   22.9   0.3   4   4     0.003       1.4    9.5   0.1   291   333   126   169   108   179 0.81 -
evm.utg432.77                       -            724 143997at33208        -            391   0.00014   22.7   2.7   1   1   6.7e-07   0.00032   21.5   2.7   209   366   505   655   471   664 0.87 -
evm.utg9285.27                      -           1137 143997at33208        -            391   0.00016   22.5   8.6   1   4       2.7   1.3e+03   -0.2   0.4   199   262   171   232   151   242 0.78 -
evm.utg9285.27                      -           1137 143997at33208        -            391   0.00016   22.5   8.6   2   4   3.3e-07   0.00016   22.5   8.6   201   358   252   435   235   459 0.77 -
evm.utg9285.27                      -           1137 143997at33208        -            391   0.00016   22.5   8.6   3   4         5   2.4e+03   -1.1   0.2    11    32   555   576   548   584 0.81 -
evm.utg9285.27                      -           1137 143997at33208        -            391   0.00016   22.5   8.6   4   4       4.9   2.3e+03   -1.1   0.0   205   226   593   614   585   620 0.87 -
evm.utg1742.10                      -            981 143997at33208        -            391    0.0002   22.2   1.8   1   6      0.12        58    4.2   0.0   303   332   677   706   671   711 0.87 -
evm.utg1742.10                      -            981 143997at33208        -            391    0.0002   22.2   1.8   2   6       9.7   4.7e+03   -2.1   0.0   210   228   728   746   715   754 0.76 -
evm.utg1742.10                      -            981 143997at33208        -            391    0.0002   22.2   1.8   3   6      0.12        57    4.2   0.0   304   334   762   792   754   806 0.88 -
evm.utg1742.10                      -            981 143997at33208        -            391    0.0002   22.2   1.8   4   6         2   9.5e+02    0.2   0.0   305   333   805   833   796   847 0.79 -
evm.utg1742.10                      -            981 143997at33208        -            391    0.0002   22.2   1.8   5   6      0.12        58    4.2   0.0   304   332   846   874   837   885 0.89 -
evm.utg1742.10                      -            981 143997at33208        -            391    0.0002   22.2   1.8   6   6      0.43   2.1e+02    2.4   0.0   306   333   890   917   877   972 0.69 -
evm.utg715.101                      -           1138 143997at33208        -            391   0.00021   22.1   8.1   1   4       1.3   6.4e+02    0.8   0.9   199   263   171   233   155   238 0.82 -
evm.utg715.101                      -           1138 143997at33208        -            391   0.00021   22.1   8.1   2   4   4.4e-07   0.00021   22.1   8.1   200   359   251   436   237   459 0.77 -
evm.utg715.101                      -           1138 143997at33208        -            391   0.00021   22.1   8.1   3   4       5.4   2.6e+03   -1.2   0.1    11    32   555   576   549   582 0.80 -
evm.utg715.101                      -           1138 143997at33208        -            391   0.00021   22.1   8.1   4   4       4.6   2.2e+03   -1.0   0.0   205   226   593   614   579   620 0.88 -
evm.utg16444.6                      -            140 143997at33208        -            391    0.0003   21.6   0.1   1   3     0.023        11    6.5   0.0   301   334    11    44     3    57 0.83 -
evm.utg16444.6                      -            140 143997at33208        -            391    0.0003   21.6   0.1   2   3     0.026        13    6.4   0.0   301   334    53    86    45    96 0.83 -
evm.utg16444.6                      -            140 143997at33208        -            391    0.0003   21.6   0.1   3   3     0.025        12    6.4   0.0   299   339    93   133    85   139 0.80 -
evm.utg8494.26                      -            511 143997at33208        -            391   0.00037   21.3   8.1   1   3       2.3   1.1e+03   -0.0   0.0   212   238    23    49    17    56 0.88 -
evm.utg8494.26                      -            511 143997at33208        -            391   0.00037   21.3   8.1   2   3     9e-05     0.044   14.5   1.5   296   377   248   331   200   337 0.77 -
evm.utg8494.26                      -            511 143997at33208        -            391   0.00037   21.3   8.1   3   3    0.0066       3.2    8.4   0.2   213   274   370   433   354   439 0.84 -
evm.utg1475.8                       -            428 143997at33208        -            391   0.00052   20.8   0.0   1   2    0.0004      0.19   12.4   0.0   288   342   109   163   103   176 0.88 -
evm.utg1475.8                       -            428 143997at33208        -            391   0.00052   20.8   0.0   2   2     0.055        27    5.3   0.0   298   329   190   221   184   228 0.90 -
evm.utg1272.21                      -            263 143997at33208        -            391    0.0008   20.2   0.0   1   1   2.4e-06    0.0012   19.7   0.0   205   290    29   114    12   126 0.85 -
evm.utg33757.10                     -            102 143997at33208        -            391   0.00084   20.1   0.0   1   2     0.028        13    6.3   0.0   295   333     5    43     2    48 0.88 -
evm.utg33757.10                     -            102 143997at33208        -            391   0.00084   20.1   0.0   2   2   0.00041       0.2   12.3   0.0   297   334    49    86    44    99 0.85 -
evm.utg33757.8                      -            102 143997at33208        -            391   0.00084   20.1   0.0   1   2     0.028        13    6.3   0.0   295   333     5    43     2    48 0.88 -
evm.utg33757.8                      -            102 143997at33208        -            391   0.00084   20.1   0.0   2   2   0.00041       0.2   12.3   0.0   297   334    49    86    44    99 0.85 -
evm.utg33757.28                     -            151 143997at33208        -            391    0.0011   19.7   0.2   1   3     0.025        12    6.4   0.0   304   333    14    43     9    49 0.89 -
evm.utg33757.28                     -            151 143997at33208        -            391    0.0011   19.7   0.2   2   3       0.3   1.5e+02    2.9   0.0   311   333    60    82    50    92 0.81 -
evm.utg33757.28                     -            151 143997at33208        -            391    0.0011   19.7   0.2   3   3     0.014         7    7.2   0.0   303   334    94   125    84   137 0.87 -
evm.utg1056.51                      -            685 143997at33208        -            391    0.0013   19.5   0.3   1   2   0.00016     0.078   13.7   0.0   214   263   133   182   128   242 0.85 -
evm.utg1056.51                      -            685 143997at33208        -            391    0.0013   19.5   0.3   2   2      0.21     1e+02    3.4   0.2   284   330   445   491   413   514 0.82 -
evm.utg33757.21                     -            154 143997at33208        -            391    0.0014   19.4   0.2   1   3     0.017       8.2    7.0   0.0   304   334    14    44     5    55 0.87 -
evm.utg33757.21                     -            154 143997at33208        -            391    0.0014   19.4   0.2   2   3     0.015       7.1    7.2   0.0   303   334    55    86    46   104 0.83 -
evm.utg33757.21                     -            154 143997at33208        -            391    0.0014   19.4   0.2   3   3      0.35   1.7e+02    2.7   0.0   307   333   101   127    88   142 0.84 -
evm.utg1049.9                       -            284 143997at33208        -            391    0.0031   18.3   3.0   1   4      0.38   1.8e+02    2.5   0.0   298   331    60    93    43   100 0.82 -
evm.utg1049.9                       -            284 143997at33208        -            391    0.0031   18.3   3.0   2   4    0.0022         1    9.9   0.1   299   357   101   165    89   171 0.73 -
evm.utg1049.9                       -            284 143997at33208        -            391    0.0031   18.3   3.0   3   4     0.031        15    6.1   0.0   206   231   150   175   142   179 0.89 -
evm.utg1049.9                       -            284 143997at33208        -            391    0.0031   18.3   3.0   4   4      0.14        66    4.0   0.1   187   226   172   210   170   219 0.85 -
evm.utg438.15                       -            433 143997at33208        -            391    0.0031   18.3   0.3   1   2   0.00053      0.26   12.0   0.0   290   351    82   143    76   156 0.77 -
evm.utg438.15                       -            433 143997at33208        -            391    0.0031   18.3   0.3   2   2      0.11        54    4.3   0.1   269   361   162   265   152   273 0.72 -
evm.utg438.15.1.5c22f0f2            -            433 143997at33208        -            391    0.0031   18.3   0.3   1   2   0.00053      0.26   12.0   0.0   290   351    82   143    76   156 0.77 -
evm.utg438.15.1.5c22f0f2            -            433 143997at33208        -            391    0.0031   18.3   0.3   2   2      0.11        54    4.3   0.1   269   361   162   265   152   273 0.72 -
evm.utg239.11                       -            199 143997at33208        -            391    0.0038   18.0   0.0   1   1   1.2e-05    0.0056   17.4   0.0    52   118   106   174    89   193 0.80 -
evm.utg1272.18                      -            344 143997at33208        -            391    0.0044   17.8   0.0   1   1   3.7e-05     0.018   15.7   0.0   199   298   169   271   141   273 0.81 -
evm.utg33757.6                      -            148 143997at33208        -            391    0.0046   17.7   0.0   1   3    0.0091       4.4    7.9   0.0   300   334    10    44     3    60 0.84 -
evm.utg33757.6                      -            148 143997at33208        -            391    0.0046   17.7   0.0   2   3     0.046        22    5.6   0.0   312   334    68    90    55   104 0.81 -
evm.utg33757.6                      -            148 143997at33208        -            391    0.0046   17.7   0.0   3   3         1   4.9e+02    1.1   0.0   307   334   105   132    90   138 0.81 -
evm.utg1609.49.1.5c22eb77           -           1113 143997at33208        -            391    0.0052   17.5   3.4   1   2     0.012       5.8    7.5   0.0   215   263   683   731   673   734 0.88 -
evm.utg1609.49.1.5c22eb77           -           1113 143997at33208        -            391    0.0052   17.5   3.4   2   2     0.004         2    9.0   0.3   211   261   931   981   887  1009 0.76 -
evm.utg1609.49                      -           1141 143997at33208        -            391     0.006   17.3   3.4   1   2     0.012       5.9    7.5   0.0   215   263   711   759   701   762 0.88 -
evm.utg1609.49                      -           1141 143997at33208        -            391     0.006   17.3   3.4   2   2    0.0044       2.1    8.9   0.3   211   261   959  1009   915  1031 0.75 -
evm.utg1609.49.2.5c22eb77           -           1121 143997at33208        -            391    0.0073   17.0   3.6   1   2     0.012       5.8    7.5   0.0   215   263   711   759   701   762 0.88 -
evm.utg1609.49.2.5c22eb77           -           1121 143997at33208        -            391    0.0073   17.0   3.6   2   2    0.0043       2.1    9.0   0.3   211   261   959  1009   915  1029 0.75 -
evm.utg8726.18                      -            221 143997at33208        -            391     0.008   16.9   4.0   1   2       1.3   6.3e+02    0.8   0.1    62    87    76   101    49   111 0.75 -
evm.utg8726.18                      -            221 143997at33208        -            391     0.008   16.9   4.0   2   2   1.6e-05     0.008   16.9   4.0   239   326   120   219   112   220 0.81 -
evm.utg5454.14                      -            223 143997at33208        -            391     0.014   16.1   0.2   1   1   4.4e-05     0.021   15.5   0.2   184   261    73   154    19   159 0.84 -
evm.utg7855.30                      -            440 143997at33208        -            391     0.015   16.0   0.7   1   2   0.00015     0.074   13.7   0.0   292   356    95   158    89   170 0.85 -
evm.utg7855.30                      -            440 143997at33208        -            391     0.015   16.0   0.7   2   2       1.6   7.6e+02    0.5   0.0   247   277   159   189   150   190 0.78 -
evm.utg729.56                       -            546 143997at33208        -            391     0.016   15.9  12.2   1   5     0.056        27    5.3   0.1   247   350    20   123    13   146 0.80 -
evm.utg729.56                       -            546 143997at33208        -            391     0.016   15.9  12.2   2   5       1.6   7.9e+02    0.5   0.1   138   166   235   263   223   297 0.75 -
evm.utg729.56                       -            546 143997at33208        -            391     0.016   15.9  12.2   3   5    0.0084         4    8.0   1.0   302   359   304   359   296   377 0.77 -
evm.utg729.56                       -            546 143997at33208        -            391     0.016   15.9  12.2   4   5      0.77   3.7e+02    1.5   0.2   286   322   382   418   379   422 0.91 -
evm.utg729.56                       -            546 143997at33208        -            391     0.016   15.9  12.2   5   5      0.12        58    4.2   0.0   224   273   422   471   407   475 0.88 -
evm.utg1137.45                      -            440 143997at33208        -            391     0.017   15.8   1.2   1   2   0.00019     0.093   13.4   0.1   292   355    95   157    84   165 0.86 -
evm.utg1137.45                      -            440 143997at33208        -            391     0.017   15.8   1.2   2   2      0.68   3.3e+02    1.7   0.0   247   277   159   189   143   194 0.80 -
evm.utg844.9                        -            224 143997at33208        -            391     0.018   15.8   0.2   1   2     0.038        19    5.8   0.0   310   342    93   125    56   134 0.82 -
evm.utg844.9                        -            224 143997at33208        -            391     0.018   15.8   0.2   2   2    0.0074       3.6    8.2   0.0   214   260   153   200   141   208 0.73 -
evm.utg16444.11                     -            102 143997at33208        -            391     0.019   15.6   0.0   1   2     0.016       7.8    7.1   0.0   297   333     7    43     2    54 0.88 -
evm.utg16444.11                     -            102 143997at33208        -            391     0.019   15.6   0.0   2   2     0.013       6.5    7.3   0.0   302   334    54    86    45   100 0.80 -
evm.utg33757.12                     -             89 143997at33208        -            391     0.021   15.5   0.0   1   2     0.033        16    6.0   0.0   303   334    13    44     3    53 0.84 -
evm.utg33757.12                     -             89 143997at33208        -            391     0.021   15.5   0.0   2   2    0.0068       3.3    8.3   0.0   298   333    50    85    44    88 0.85 -
evm.utg33757.31                     -            102 143997at33208        -            391     0.024   15.3   0.0   1   2     0.038        18    5.8   0.0   298   334     8    44     3    57 0.83 -
evm.utg33757.31                     -            102 143997at33208        -            391     0.024   15.3   0.0   2   2    0.0064       3.1    8.4   0.0   300   333    52    85    45   100 0.83 -
evm.utg33757.14                     -            110 143997at33208        -            391     0.026   15.2   0.1   1   2     0.048        23    5.5   0.0   303   334    13    44     3    55 0.84 -
evm.utg33757.14                     -            110 143997at33208        -            391     0.026   15.2   0.1   2   2    0.0061       2.9    8.5   0.0   303   335    55    87    44   102 0.80 -
evm.utg160.39                       -            349 143997at33208        -            391     0.028   15.1   0.3   1   2       0.3   1.4e+02    2.9   0.0   214   236    47    69    22    95 0.78 -
evm.utg160.39                       -            349 143997at33208        -            391     0.028   15.1   0.3   2   2     0.011       5.3    7.6   0.0   198   267   157   234   136   320 0.73 -
evm.utg33757.4                      -            131 143997at33208        -            391     0.048   14.4   0.1   1   2      0.02       9.7    6.8   0.0   301   334    11    44     3    58 0.81 -
evm.utg33757.4                      -            131 143997at33208        -            391     0.048   14.4   0.1   2   2      0.12        60    4.2   0.0   303   335    55    87    46   122 0.71 -
evm.utg33757.15                     -            164 143997at33208        -            391     0.048   14.3   0.2   1   3    0.0054       2.6    8.6   0.0   303   343    13    54     4    80 0.76 -
evm.utg33757.15                     -            164 143997at33208        -            391     0.048   14.3   0.2   2   3      0.67   3.2e+02    1.7   0.0   301   334    53    86    44   104 0.78 -
evm.utg33757.15                     -            164 143997at33208        -            391     0.048   14.3   0.2   3   3      0.39   1.9e+02    2.5   0.0   303   334    97   128    86   159 0.79 -
evm.utg560.2                        -            748 143997at33208        -            391     0.049   14.3   0.1   1   1   0.00022      0.11   13.2   0.1   141   258   270   394   228   403 0.81 -
evm.utg3677.9                       -            599 143997at33208        -            391     0.067   13.9   0.0   1   1   0.00021       0.1   13.3   0.0   256   356   471   569   443   587 0.66 -
evm.utg3677.9.1.5c22efb2            -            599 143997at33208        -            391     0.067   13.9   0.0   1   1   0.00021       0.1   13.3   0.0   256   356   471   569   443   587 0.66 -
evm.utg2858.17                      -            858 143997at33208        -            391     0.086   13.5   0.0   1   2     0.022        11    6.6   0.0   288   342   539   593   533   606 0.87 -
evm.utg2858.17                      -            858 143997at33208        -            391     0.086   13.5   0.0   2   2      0.13        62    4.1   0.0   298   329   620   651   614   657 0.90 -
evm.utg1721.42                      -            564 143997at33208        -            391     0.086   13.5   4.1   1   3   0.00026      0.13   13.0   0.3   212   315    29   132    20   180 0.82 -
evm.utg1721.42                      -            564 143997at33208        -            391     0.086   13.5   4.1   2   3       2.3   1.1e+03   -0.0   0.1   306   363   329   393   324   411 0.68 -
evm.utg1721.42                      -            564 143997at33208        -            391     0.086   13.5   4.1   3   3       3.8   1.8e+03   -0.7   0.0   309   334   449   474   427   496 0.75 -
evm.utg12889.21                     -            424 143997at33208        -            391     0.088   13.5   0.0   1   1   0.00029      0.14   12.8   0.0   211   270    75   133    70   140 0.89 -
evm.utg104.25                       -            243 143997at33208        -            391      0.11   13.2   0.3   1   1   0.00028      0.14   12.9   0.3   285   347    38   100    19   136 0.64 -
evm.utg23296.2                      -            158 143997at33208        -            391      0.12   13.0   2.2   1   2      0.14        66    4.0   0.1   312   337    22    47     5    63 0.78 -
evm.utg23296.2                      -            158 143997at33208        -            391      0.12   13.0   2.2   2   2    0.0035       1.7    9.3   0.4   313   375    65   125    49   139 0.75 -
evm.utg788.82                       -            509 143997at33208        -            391      0.14   12.9   0.7   1   2    0.0017      0.81   10.3   0.1   289   360   354   425   313   431 0.93 -
evm.utg788.82                       -            509 143997at33208        -            391      0.14   12.9   0.7   2   2       1.4   6.6e+02    0.7   0.1   288   323   455   490   443   504 0.55 -
evm.utg858.42                       -            424 143997at33208        -            391      0.15   12.8   0.0   1   1   0.00048      0.23   12.1   0.0   211   270    75   133    70   140 0.88 -
evm.utg2083.18.5.5c22ece5           -            327 143997at33208        -            391      0.15   12.7   0.1   1   1   0.00044      0.21   12.2   0.1   216   331    22   136    17   166 0.80 -
evm.utg729.56.1.5c22f3ac            -            420 143997at33208        -            391      0.17   12.6   8.6   1   3     0.036        17    5.9   0.2   247   350    20   123    13   147 0.80 -
evm.utg729.56.1.5c22f3ac            -            420 143997at33208        -            391      0.17   12.6   8.6   2   3       1.1   5.5e+02    1.0   0.1   137   166   234   263   220   296 0.75 -
evm.utg729.56.1.5c22f3ac            -            420 143997at33208        -            391      0.17   12.6   8.6   3   3    0.0051       2.4    8.7   1.1   302   359   304   359   295   380 0.74 -
evm.utg2083.18.2.5c22ece5           -            366 143997at33208        -            391       0.2   12.3   0.1   1   1   0.00054      0.26   11.9   0.1   215   331    60   175    55   205 0.80 -
evm.utg2083.18.4.5c22ece5           -            369 143997at33208        -            391       0.2   12.3   0.1   1   1   0.00055      0.27   11.9   0.1   215   331    63   178    58   208 0.80 -
evm.utg4082.55.2.5c22f06b           -            456 143997at33208        -            391      0.21   12.2   2.8   1   2      0.26   1.2e+02    3.1   0.7   250   323   199   280   190   290 0.67 -
evm.utg4082.55.2.5c22f06b           -            456 143997at33208        -            391      0.21   12.2   2.8   2   2    0.0015      0.72   10.5   0.4   268   332   259   329   256   348 0.67 -
evm.utg4082.55                      -            518 143997at33208        -            391      0.22   12.2   2.7   1   2      0.33   1.6e+02    2.8   0.7   250   323   261   342   252   351 0.67 -
evm.utg4082.55                      -            518 143997at33208        -            391      0.22   12.2   2.7   2   2    0.0018      0.89   10.2   0.4   268   332   321   391   320   410 0.66 -
evm.utg2601.2.3                     -           1382 143997at33208        -            391      0.25   12.0  11.8   1   4       5.5   2.6e+03   -1.3   0.3   299   338    25    64     5   113 0.68 -
evm.utg2601.2.3                     -           1382 143997at33208        -            391      0.25   12.0  11.8   2   4     0.035        17    6.0   0.0    52   121   197   268   163   286 0.80 -
evm.utg2601.2.3                     -           1382 143997at33208        -            391      0.25   12.0  11.8   3   4    0.0011      0.55   10.9   0.1   294   348   307   362   299   383 0.83 -
evm.utg2601.2.3                     -           1382 143997at33208        -            391      0.25   12.0  11.8   4   4       5.3   2.6e+03   -1.2   0.6   274   328   408   462   390   470 0.79 -
evm.utg2083.18.1.5c22ece5           -            418 143997at33208        -            391      0.25   12.0   0.1   1   1   0.00071      0.34   11.5   0.1   215   331   112   227   107   257 0.79 -
evm.utg2083.18                      -            451 143997at33208        -            391      0.29   11.8   0.1   1   1   0.00082       0.4   11.3   0.1   215   331   145   260   140   290 0.79 -
evm.utg6401.53                      -           1338 143997at33208        -            391      0.48   11.1   8.2   1   4       7.6   3.7e+03   -1.7   0.1   299   338    27    66    14   115 0.70 -
evm.utg6401.53                      -           1338 143997at33208        -            391      0.48   11.1   8.2   2   4      0.32   1.6e+02    2.8   0.0    52    99   199   246   165   280 0.70 -
evm.utg6401.53                      -           1338 143997at33208        -            391      0.48   11.1   8.2   3   4     0.002      0.96   10.1   0.1   297   348   312   364   302   386 0.82 -
evm.utg6401.53                      -           1338 143997at33208        -            391      0.48   11.1   8.2   4   4         5   2.4e+03   -1.1   0.2   274   326   410   462   368   469 0.77 -
#
# Program:         hmmsearch
# Version:         3.1b2 (February 2015)
# Pipeline mode:   SEARCH
# Query file:      /uoa/scratch/users/r02hw22/project_dark_genes/busco_downloads/lineages/metazoa_odb10/hmms/143997at33208.hmm
# Target file:     /uoa/scratch/users/r02hw22/project_dark_genes/00_raw/equina_smart.rnam-trna.merged.ggf.curated.remredun.aa.fa
# Option settings: hmmsearch --domtblout /uoa/scratch/users/r02hw22/project_dark_genes/equina_busco_proteins/run_metazoa_odb10/hmmer_output/initial_run_results/143997at33208.out --cpu 1 /uoa/scratch/users/r02hw22/project_dark_genes/busco_downloads/lineages/metazoa_odb10/hmms/143997at33208.hmm /uoa/scratch/users/r02hw22/project_dark_genes/00_raw/equina_smart.rnam-trna.merged.ggf.curated.remredun.aa.fa 
# Current dir:     /uoa/scratch/users/r02hw22/project_dark_genes
# Date:            Sat Apr 25 14:41:34 2026
# [ok]
