#                                                                                  --- full sequence --- -------------- this domain -------------   hmm coord   ali coord   env coord
# target name              accession   tlen query name           accession   qlen   E-value  score  bias   #  of  c-Evalue  i-Evalue  score  bias  from    to  from    to  from    to  acc description of target
#      ------------------- ---------- ----- -------------------- ---------- ----- --------- ------ ----- --- --- --------- --------- ------ ----- ----- ----- ----- ----- ----- ----- ---- ---------------------
evm.utg377.24              -            615 153034at33208        -            510  9.2e-240  798.2   1.2   1   1  1.8e-242  1.2e-239  797.8   1.2     8   510    38   613    33   613 0.91 -
evm.utg3839.107            -            479 153034at33208        -            510  3.1e-153  512.7   0.3   1   1    6e-156  3.9e-153  512.3   0.3     8   378    38   478    32   478 0.89 -
evm.utg377.24.1.5c22efd8   -            481 153034at33208        -            510  5.3e-146  488.8   0.7   1   1  1.1e-148  7.3e-146  488.4   0.7     8   358    38   452    33   467 0.88 -
evm.utg73.103              -            160 153034at33208        -            510   8.5e-55  187.9   0.1   1   1   1.6e-57     1e-54  187.6   0.1   360   507     7   156     2   158 0.96 -
evm.utg1819.18             -            165 153034at33208        -            510   3.2e-53  182.7   0.0   1   1   5.4e-56   3.6e-53  182.6   0.0   361   509     3   154     1   155 0.98 -
evm.utg7840.15             -            163 153034at33208        -            510     4e-53  182.4   0.0   1   1   6.7e-56   4.4e-53  182.3   0.0   361   509     3   154     1   155 0.98 -
evm.utg101.27              -            518 153034at33208        -            510   1.5e-45  157.4   0.3   1   1   3.5e-48   2.3e-45  156.8   0.2   361   507   279   427   248   430 0.93 -
evm.utg4501.19.1.5c22f110  -            205 153034at33208        -            510   3.2e-45  156.3   1.6   1   1   6.1e-48     4e-45  156.0   1.6   354   505    26   183    17   186 0.88 -
evm.utg4501.19             -            205 153034at33208        -            510     1e-44  154.7   1.4   1   1     2e-47   1.3e-44  154.3   1.4   354   505    26   183    17   186 0.87 -
evm.utg152.43              -            204 153034at33208        -            510   1.2e-44  154.4   1.0   1   1   2.4e-47   1.6e-44  154.1   1.0   353   506    26   185    17   190 0.89 -
evm.utg152.47              -            203 153034at33208        -            510   2.3e-44  153.5   1.0   1   1   4.3e-47   2.8e-44  153.2   1.0   345   505    19   183    14   186 0.88 -
evm.utg5975.2              -            204 153034at33208        -            510   2.8e-44  153.2   1.3   1   1   5.2e-47   3.4e-44  152.9   1.3   359   506    33   185    16   190 0.88 -
evm.utg152.47.1.5c22eb14   -            203 153034at33208        -            510   7.8e-44  151.8   0.8   1   1   1.5e-46   9.7e-44  151.4   0.8   345   505    19   183    14   186 0.87 -
evm.utg4501.18             -            217 153034at33208        -            510   1.8e-40  140.7   0.5   1   1   3.3e-43   2.2e-40  140.4   0.5   355   490    46   187    31   202 0.84 -
evm.utg12553.3             -            858 153034at33208        -            510   1.9e-40  140.6   0.3   1   1   4.3e-43   2.9e-40  140.0   0.3   364   505    21   175    11   178 0.87 -
evm.utg4177.45             -            827 153034at33208        -            510   2.3e-40  140.3   0.4   1   1   5.1e-43   3.4e-40  139.8   0.4   365   505    22   175    12   178 0.87 -
evm.utg152.48              -            217 153034at33208        -            510   4.6e-40  139.3   0.5   1   1   8.1e-43   5.4e-40  139.1   0.5   355   490    46   187    31   202 0.84 -
evm.utg150.56              -            297 153034at33208        -            510   3.2e-39  136.5   0.9   1   1   6.7e-42   4.4e-39  136.1   0.9   365   492   147   280   114   292 0.90 -
evm.utg7403.4              -            324 153034at33208        -            510   4.3e-39  136.1   1.5   1   1   9.8e-42   6.5e-39  135.5   1.5   364   496   173   312   160   318 0.90 -
evm.utg152.48.1.5c22eb0f   -            199 153034at33208        -            510   6.3e-38  132.3   1.0   1   1   1.1e-40     7e-38  132.1   1.0   355   490    51   193    36   198 0.84 -
evm.utg3839.109            -             69 153034at33208        -            510   8.3e-37  128.6   0.4   1   1   1.4e-39   9.1e-37  128.4   0.4   444   510     1    67     1    67 0.99 -
evm.utg104.15              -            300 153034at33208        -            510   3.7e-35  123.1   0.3   1   1   7.8e-38   5.2e-35  122.6   0.3   361   505     3   157     1   161 0.89 -
evm.utg3013.37             -            455 153034at33208        -            510     1e-34  121.6   0.1   1   1   2.6e-37   1.7e-34  120.9   0.1   360   477    14   135     8   157 0.92 -
evm.utg2411.3              -            492 153034at33208        -            510   1.6e-34  121.0   0.2   1   2   2.5e-37   1.6e-34  121.0   0.2   361   505     3   157     1   161 0.89 -
evm.utg2411.3              -            492 153034at33208        -            510   1.6e-34  121.0   0.2   2   2       6.5   4.3e+03   -2.5   0.1   222   251   282   311   270   319 0.80 -
evm.utg4130.1              -            131 153034at33208        -            510   1.9e-34  120.8   0.6   1   1   3.6e-37   2.4e-34  120.5   0.6   387   497     6   120     2   126 0.87 -
evm.utg1272.30             -            181 153034at33208        -            510   1.8e-32  114.2   0.2   1   1   3.4e-35   2.3e-32  113.9   0.2   366   495    25   166    14   174 0.87 -
evm.utg439.12              -            333 153034at33208        -            510   1.8e-24   87.9   0.0   1   1     5e-27   3.3e-24   87.0   0.0   359   492   160   309   142   328 0.79 -
evm.utg370.46              -            282 153034at33208        -            510   2.2e-15   57.9   0.0   1   1   5.4e-18   3.6e-15   57.2   0.0   358   492   127   258   109   276 0.81 -
evm.utg7909.10             -            354 153034at33208        -            510     2e-07   31.6   0.6   1   1   4.4e-10   2.9e-07   31.1   0.0   444   477     1    34     1    57 0.87 -
evm.utg435.72              -           1669 153034at33208        -            510   4.7e-07   30.4   6.1   1   5    0.0015      0.99    9.5   0.1    30   103   729   807   724   815 0.73 -
evm.utg435.72              -           1669 153034at33208        -            510   4.7e-07   30.4   6.1   2   5   3.3e-05     0.022   15.0   0.0    29   116   811   901   804   905 0.81 -
evm.utg435.72              -           1669 153034at33208        -            510   4.7e-07   30.4   6.1   3   5     0.056        37    4.3   0.2    29    93   893   963   892   967 0.70 -
evm.utg435.72              -           1669 153034at33208        -            510   4.7e-07   30.4   6.1   4   5      0.68   4.5e+02    0.8   0.0    17    95  1007  1091   994  1101 0.65 -
evm.utg435.72              -           1669 153034at33208        -            510   4.7e-07   30.4   6.1   5   5       1.6     1e+03   -0.4   0.0    27    58  1591  1623  1586  1645 0.79 -
evm.utg101.178             -            403 153034at33208        -            510   1.2e-06   29.0   2.6   1   3   0.00012      0.08   13.2   0.4    28   104   104   186    96   198 0.75 -
evm.utg101.178             -            403 153034at33208        -            510   1.2e-06   29.0   2.6   2   3   0.00034      0.23   11.7   0.1    39    98   200   264   187   277 0.74 -
evm.utg101.178             -            403 153034at33208        -            510   1.2e-06   29.0   2.6   3   3      0.18   1.2e+02    2.7   0.0    43    97   309   368   305   380 0.75 -
evm.utg73.80               -            359 153034at33208        -            510     4e-06   27.3   0.2   1   3      0.51   3.4e+02    1.2   0.0    24    54    44    74    30    80 0.81 -
evm.utg73.80               -            359 153034at33208        -            510     4e-06   27.3   0.2   2   3   3.3e-06    0.0022   18.3   0.1    11   101    72   169    64   182 0.79 -
evm.utg73.80               -            359 153034at33208        -            510     4e-06   27.3   0.2   3   3      0.03        20    5.2   0.0    39    69   281   311   278   322 0.86 -
evm.utg17809.13            -            456 153034at33208        -            510   4.1e-06   27.3   2.6   1   3     0.029        19    5.3   0.1    29    98   146   227   142   227 0.74 -
evm.utg17809.13            -            456 153034at33208        -            510   4.1e-06   27.3   2.6   2   3   0.00077      0.51   10.5   0.3    41    93   207   263   202   270 0.84 -
evm.utg17809.13            -            456 153034at33208        -            510   4.1e-06   27.3   2.6   3   3   8.5e-05     0.056   13.7   0.1    29    95   359   431   347   440 0.76 -
evm.utg2757.76             -            410 153034at33208        -            510   1.2e-05   25.7   8.4   1   4   0.00012     0.082   13.1   0.4    28   104   104   186    96   198 0.75 -
evm.utg2757.76             -            410 153034at33208        -            510   1.2e-05   25.7   8.4   2   4   0.00035      0.23   11.6   0.1    39    98   200   264   187   277 0.74 -
evm.utg2757.76             -            410 153034at33208        -            510   1.2e-05   25.7   8.4   3   4       0.2   1.3e+02    2.6   0.0    43    97   309   368   305   375 0.74 -
evm.utg2757.76             -            410 153034at33208        -            510   1.2e-05   25.7   8.4   4   4      0.68   4.5e+02    0.8   0.2    29    57   378   407   369   409 0.81 -
evm.utg73.56               -            309 153034at33208        -            510   1.5e-05   25.5   0.8   1   3   0.00051      0.34   11.1   0.0    39    97    27    92    15   110 0.79 -
evm.utg73.56               -            309 153034at33208        -            510   1.5e-05   25.5   0.8   2   3      0.51   3.4e+02    1.2   0.1    41    95   116   175    97   199 0.67 -
evm.utg73.56               -            309 153034at33208        -            510   1.5e-05   25.5   0.8   3   3     0.025        17    5.5   0.0    39    59   283   303   269   306 0.73 -
evm.utg3872.12.1.5c22f029  -            412 153034at33208        -            510   3.1e-05   24.4   4.6   1   4       0.3     2e+02    1.9   0.0    42    63   125   146   117   167 0.83 -
evm.utg3872.12.1.5c22f029  -            412 153034at33208        -            510   3.1e-05   24.4   4.6   2   4    0.0097       6.4    6.9   0.0    33    82   166   214   150   229 0.75 -
evm.utg3872.12.1.5c22f029  -            412 153034at33208        -            510   3.1e-05   24.4   4.6   3   4    0.0016         1    9.5   1.0    28    80   245   296   226   332 0.69 -
evm.utg3872.12.1.5c22f029  -            412 153034at33208        -            510   3.1e-05   24.4   4.6   4   4     0.061        40    4.2   0.0    29    57   382   410   362   411 0.85 -
evm.utg3872.12             -            514 153034at33208        -            510   4.6e-05   23.8   4.2   1   4      0.39   2.6e+02    1.6   0.0    42    63   227   248   219   270 0.82 -
evm.utg3872.12             -            514 153034at33208        -            510   4.6e-05   23.8   4.2   2   4     0.013       8.9    6.4   0.0    35    82   270   316   255   333 0.75 -
evm.utg3872.12             -            514 153034at33208        -            510   4.6e-05   23.8   4.2   3   4    0.0022       1.5    9.0   1.0    28    80   347   398   325   429 0.69 -
evm.utg3872.12             -            514 153034at33208        -            510   4.6e-05   23.8   4.2   4   4      0.08        53    3.8   0.0    29    57   484   512   464   513 0.86 -
evm.utg1056.106            -            351 153034at33208        -            510   0.00011   22.6   2.5   1   2    0.0021       1.4    9.0   0.7    29   105    60   142    48   269 0.59 -
evm.utg1056.106            -            351 153034at33208        -            510   0.00011   22.6   2.5   2   2   0.00077      0.51   10.5   0.0     7    58   294   348   289   350 0.88 -
evm.utg1056.106.1.5c22e841 -            351 153034at33208        -            510   0.00011   22.6   2.5   1   2    0.0021       1.4    9.0   0.7    29   105    60   142    48   269 0.59 -
evm.utg1056.106.1.5c22e841 -            351 153034at33208        -            510   0.00011   22.6   2.5   2   2   0.00077      0.51   10.5   0.0     7    58   294   348   289   350 0.88 -
evm.utg736.53              -            495 153034at33208        -            510   0.00017   21.9   0.3   1   2      0.55   3.6e+02    1.1   0.0    25    77   150   203   140   229 0.64 -
evm.utg736.53              -            495 153034at33208        -            510   0.00017   21.9   0.3   2   2   4.5e-06     0.003   17.9   0.2    33   120   325   419   310   430 0.76 -
evm.utg405.2               -            495 153034at33208        -            510   0.00018   21.9   0.3   1   2      0.55   3.6e+02    1.1   0.0    25    77   150   203   140   229 0.64 -
evm.utg405.2               -            495 153034at33208        -            510   0.00018   21.9   0.3   2   2   4.5e-06     0.003   17.9   0.2    33   120   325   419   310   430 0.76 -
evm.utg498.152             -           1030 153034at33208        -            510   0.00034   21.0   0.7   1   3       1.3   8.6e+02   -0.1   0.0    42    94   526   581   508   586 0.69 -
evm.utg498.152             -           1030 153034at33208        -            510   0.00034   21.0   0.7   2   3     0.028        19    5.3   0.2    24    77   588   638   572   643 0.82 -
evm.utg498.152             -           1030 153034at33208        -            510   0.00034   21.0   0.7   3   3   7.2e-05     0.048   13.9   0.0    29   132   633   735   632   756 0.74 -
evm.utg498.152.1.5c22f1a3  -            739 153034at33208        -            510   0.00037   20.9   0.5   1   3      0.85   5.6e+02    0.5   0.0    42    94   526   581   506   584 0.69 -
evm.utg498.152.1.5c22f1a3  -            739 153034at33208        -            510   0.00037   20.9   0.5   2   3     0.026        17    5.5   0.1    24    77   588   638   581   642 0.84 -
evm.utg498.152.1.5c22f1a3  -            739 153034at33208        -            510   0.00037   20.9   0.5   3   3   0.00014      0.09   13.0   0.0    29   118   633   726   628   731 0.82 -
evm.utg234.60              -            303 153034at33208        -            510   0.00043   20.6   1.8   1   2    0.0063       4.2    7.5   0.1    39    95    27    90     4   101 0.72 -
evm.utg234.60              -            303 153034at33208        -            510   0.00043   20.6   1.8   2   2   0.00023      0.15   12.2   0.3    40    96   198   259   173   297 0.80 -
evm.utg616.9               -            671 153034at33208        -            510   0.00045   20.6   1.4   1   4     0.018        12    6.0   0.0    29    94   343   411   340   441 0.77 -
evm.utg616.9               -            671 153034at33208        -            510   0.00045   20.6   1.4   2   4       3.8   2.5e+03   -1.7   0.0    41    61   435   455   416   495 0.67 -
evm.utg616.9               -            671 153034at33208        -            510   0.00045   20.6   1.4   3   4      0.15        99    2.9   0.0    43    96   517   573   504   582 0.79 -
evm.utg616.9               -            671 153034at33208        -            510   0.00045   20.6   1.4   4   4    0.0038       2.5    8.2   0.1    26    58   584   615   576   627 0.78 -
evm.utg72.22               -            454 153034at33208        -            510   0.00051   20.4   0.7   1   2     0.051        34    4.5   0.1    78   100   207   229   140   242 0.57 -
evm.utg72.22               -            454 153034at33208        -            510   0.00051   20.4   0.7   2   2   8.5e-05     0.056   13.7   0.1    29    95   339   411   327   420 0.76 -
evm.utg788.96              -            437 153034at33208        -            510   0.00053   20.4   5.6   1   5      0.42   2.8e+02    1.5   0.1    43    92     7    61     2    63 0.69 -
evm.utg788.96              -            437 153034at33208        -            510   0.00053   20.4   5.6   2   5    0.0066       4.3    7.4   0.4    28    95    33   106    20   115 0.70 -
evm.utg788.96              -            437 153034at33208        -            510   0.00053   20.4   5.6   3   5     0.029        19    5.3   0.4    41   101    89   154    73   170 0.72 -
evm.utg788.96              -            437 153034at33208        -            510   0.00053   20.4   5.6   4   5    0.0045         3    8.0   0.0    44    96   176   233   161   241 0.78 -
evm.utg788.96              -            437 153034at33208        -            510   0.00053   20.4   5.6   5   5     0.075        49    3.9   0.0    33    77   248   293   236   302 0.82 -
evm.utg402.7               -            934 153034at33208        -            510   0.00053   20.3   0.3   1   3   0.00052      0.35   11.0   0.0    27    96   239   312   220   340 0.75 -
evm.utg402.7               -            934 153034at33208        -            510   0.00053   20.3   0.3   2   3       1.3   8.7e+02   -0.2   0.0    30    57   543   570   533   576 0.89 -
evm.utg402.7               -            934 153034at33208        -            510   0.00053   20.3   0.3   3   3     0.033        22    5.1   0.1    29    64   634   670   612   680 0.85 -
evm.utg6220.15             -            692 153034at33208        -            510   0.00063   20.1   5.9   1   3     0.099        65    3.5   0.0    42    97    82   142    69   150 0.68 -
evm.utg6220.15             -            692 153034at33208        -            510   0.00063   20.1   5.9   2   3       0.2   1.3e+02    2.5   0.1    28    60   151   184   143   228 0.77 -
evm.utg6220.15             -            692 153034at33208        -            510   0.00063   20.1   5.9   3   3   7.4e-05     0.049   13.9   1.3    37   114   603   685   582   690 0.71 -
evm.utg6220.15.1.5c22f2e5  -            692 153034at33208        -            510   0.00063   20.1   5.9   1   3     0.099        65    3.5   0.0    42    97    82   142    69   150 0.68 -
evm.utg6220.15.1.5c22f2e5  -            692 153034at33208        -            510   0.00063   20.1   5.9   2   3       0.2   1.3e+02    2.5   0.1    28    60   151   184   143   228 0.77 -
evm.utg6220.15.1.5c22f2e5  -            692 153034at33208        -            510   0.00063   20.1   5.9   3   3   7.4e-05     0.049   13.9   1.3    37   114   603   685   582   690 0.71 -
evm.utg5417.27             -           1331 153034at33208        -            510    0.0013   19.1  16.3   1   7     0.027        18    5.4   0.3    28    98   758   792   689   811 0.65 -
evm.utg5417.27             -           1331 153034at33208        -            510    0.0013   19.1  16.3   2   7    0.0028       1.9    8.6   0.4    29    93   759   829   754   830 0.71 -
evm.utg5417.27             -           1331 153034at33208        -            510    0.0013   19.1  16.3   3   7     0.014       9.2    6.4   0.1    42   105   815   883   798   897 0.74 -
evm.utg5417.27             -           1331 153034at33208        -            510    0.0013   19.1  16.3   4   7       3.8   2.5e+03   -1.7   0.0    42    77   981  1020   950  1034 0.66 -
evm.utg5417.27             -           1331 153034at33208        -            510    0.0013   19.1  16.3   5   7      0.35   2.3e+02    1.7   0.0    33    96  1053  1121  1034  1131 0.61 -
evm.utg5417.27             -           1331 153034at33208        -            510    0.0013   19.1  16.3   6   7   0.00041      0.27   11.4   1.3    29   118  1132  1227  1122  1236 0.75 -
evm.utg5417.27             -           1331 153034at33208        -            510    0.0013   19.1  16.3   7   7      0.44   2.9e+02    1.4   0.0    29    58  1217  1247  1212  1254 0.85 -
evm.utg579.33              -           1399 153034at33208        -            510    0.0017   18.7   0.0   1   2     0.018        12    6.0   0.0    26    60  1025  1060  1012  1110 0.74 -
evm.utg579.33              -           1399 153034at33208        -            510    0.0017   18.7   0.0   2   2   0.00096      0.64   10.2   0.0    29    57  1368  1398  1354  1398 0.89 -
evm.utg6078.33             -           1331 153034at33208        -            510    0.0029   17.9  16.1   1   5   0.00047      0.31   11.2   0.4    29    94   759   830   754   833 0.73 -
evm.utg6078.33             -           1331 153034at33208        -            510    0.0029   17.9  16.1   2   5     0.046        30    4.7   0.2    42    97   815   875   798   887 0.73 -
evm.utg6078.33             -           1331 153034at33208        -            510    0.0029   17.9  16.1   3   5       0.2   1.3e+02    2.6   0.0    29    95  1051  1120  1034  1130 0.65 -
evm.utg6078.33             -           1331 153034at33208        -            510    0.0029   17.9  16.1   4   5   0.00064      0.43   10.8   1.3    29   118  1132  1227  1122  1237 0.72 -
evm.utg6078.33             -           1331 153034at33208        -            510    0.0029   17.9  16.1   5   5      0.44   2.9e+02    1.4   0.0    29    58  1217  1247  1212  1254 0.85 -
evm.utg3158.36             -           1666 153034at33208        -            510     0.003   17.8  23.4   1   8      0.63   4.2e+02    0.9   0.0    29    61   924   957   921   965 0.82 -
evm.utg3158.36             -           1666 153034at33208        -            510     0.003   17.8  23.4   2   8   0.00034      0.23   11.7   0.1    33   103  1052  1127  1035  1141 0.75 -
evm.utg3158.36             -           1666 153034at33208        -            510     0.003   17.8  23.4   3   8      0.97   6.4e+02    0.3   0.2    44    92  1146  1199  1128  1211 0.52 -
evm.utg3158.36             -           1666 153034at33208        -            510     0.003   17.8  23.4   4   8      0.63   4.2e+02    0.9   0.2    32    92  1175  1241  1160  1246 0.59 -
evm.utg3158.36             -           1666 153034at33208        -            510     0.003   17.8  23.4   5   8       1.1   7.2e+02    0.1   0.1    30    61  1215  1247  1206  1294 0.76 -
evm.utg3158.36             -           1666 153034at33208        -            510     0.003   17.8  23.4   6   8       4.6     3e+03   -2.0   0.0    40    61  1314  1335  1289  1356 0.74 -
evm.utg3158.36             -           1666 153034at33208        -            510     0.003   17.8  23.4   7   8    0.0019       1.2    9.2   0.8    29   117  1386  1479  1382  1486 0.74 -
evm.utg3158.36             -           1666 153034at33208        -            510     0.003   17.8  23.4   8   8     0.044        29    4.7   0.4    29    81  1514  1574  1486  1589 0.61 -
evm.utg14.76               -            335 153034at33208        -            510    0.0047   17.2   1.8   1   2    0.0011      0.74   10.0   0.0    39    95    29    92    12   102 0.74 -
evm.utg14.76               -            335 153034at33208        -            510    0.0047   17.2   1.8   2   2     0.033        22    5.1   0.4    40    58   200   218   175   321 0.72 -
evm.utg234.60.1.5c279240   -            226 153034at33208        -            510     0.013   15.7   0.2   1   2    0.0036       2.4    8.3   0.1    39    95    27    90     4   101 0.72 -
evm.utg234.60.1.5c279240   -            226 153034at33208        -            510     0.013   15.7   0.2   2   2     0.037        24    4.9   0.0    40    56   198   214   174   219 0.84 -
evm.utg3174.3              -            435 153034at33208        -            510      0.02   15.1   0.4   1   3   0.00079      0.52   10.5   0.2    29    96   196   269   169   399 0.66 -
evm.utg3174.3              -            435 153034at33208        -            510      0.02   15.1   0.4   2   3      0.44   2.9e+02    1.4   0.0   241   283   368   411   358   417 0.86 -
evm.utg3174.3              -            435 153034at33208        -            510      0.02   15.1   0.4   3   3      0.72   4.8e+02    0.7   0.0    29    56   405   433   398   434 0.79 -
evm.utg6379.9              -            677 153034at33208        -            510     0.027   14.7   0.1   1   2       1.7   1.1e+03   -0.5   0.0    30    59    64    94    52   111 0.76 -
evm.utg6379.9              -            677 153034at33208        -            510     0.027   14.7   0.1   2   2   0.00023      0.15   12.2   0.0    74   113   564   603   523   621 0.80 -
evm.utg245.48              -            321 153034at33208        -            510     0.038   14.2   0.0   1   1   0.00013     0.085   13.1   0.0    44   126    87   172    79   193 0.75 -
evm.utg1272.13.1.5c22e9c5  -            492 153034at33208        -            510     0.044   14.0   0.5   1   2      0.16   1.1e+02    2.8   0.1    29    59   228   257   223   283 0.83 -
evm.utg1272.13.1.5c22e9c5  -            492 153034at33208        -            510     0.044   14.0   0.5   2   2     0.003         2    8.6   0.0    24    60   361   397   338   409 0.82 -
evm.utg6924.10             -            677 153034at33208        -            510     0.048   13.9   0.1   1   2       5.9   3.9e+03   -2.3   0.0    29    57    63    92    55    97 0.73 -
evm.utg6924.10             -            677 153034at33208        -            510     0.048   13.9   0.1   2   2   0.00021      0.14   12.3   0.0    74   116   564   606   522   630 0.81 -
evm.utg73.39               -            326 153034at33208        -            510     0.058   13.6   0.1   1   2      0.28   1.8e+02    2.1   0.0    40    94    27    84    15    92 0.65 -
evm.utg73.39               -            326 153034at33208        -            510     0.058   13.6   0.1   2   2    0.0017       1.1    9.4   0.0    28    60    95   128    85   172 0.84 -
evm.utg1272.13             -            609 153034at33208        -            510     0.081   13.1   0.5   1   2      0.18   1.2e+02    2.7   0.1    29    59   228   257   220   290 0.82 -
evm.utg1272.13             -            609 153034at33208        -            510     0.081   13.1   0.5   2   2     0.004       2.7    8.1   0.0    24    60   361   397   339   409 0.82 -
evm.utg4972.23.1.5c22f18a  -            555 153034at33208        -            510      0.11   12.6   1.9   1   3     0.024        16    5.6   0.0    43    95   359   416   345   420 0.79 -
evm.utg4972.23.1.5c22f18a  -            555 153034at33208        -            510      0.11   12.6   1.9   2   3      0.86   5.7e+02    0.4   0.1    41    93   445   500   425   508 0.64 -
evm.utg4972.23.1.5c22f18a  -            555 153034at33208        -            510      0.11   12.6   1.9   3   3     0.077        51    3.9   0.0    29    66   514   552   502   554 0.85 -
evm.utg479.8.2.5c22f153    -            362 153034at33208        -            510      0.14   12.3   0.2   1   3      0.48   3.2e+02    1.3   0.1    76   119   104   147    39   162 0.78 -
evm.utg479.8.2.5c22f153    -            362 153034at33208        -            510      0.14   12.3   0.2   2   3     0.058        38    4.3   0.0    23    60   223   260   216   296 0.75 -
evm.utg479.8.2.5c22f153    -            362 153034at33208        -            510      0.14   12.3   0.2   3   3      0.18   1.2e+02    2.7   0.0    25    56   318   349   305   354 0.86 -
evm.utg798.40              -            320 153034at33208        -            510      0.16   12.2   0.0   1   1   0.00046      0.31   11.2   0.0    39   102    71   142    42   159 0.78 -
evm.utg26517.8             -           1023 153034at33208        -            510      0.16   12.2   0.7   1   3      0.11        73    3.4   0.0    30    70   258   297   248   307 0.79 -
evm.utg26517.8             -           1023 153034at33208        -            510      0.16   12.2   0.7   2   3      0.45     3e+02    1.4   0.1    38    96   500   564   489   694 0.64 -
evm.utg26517.8             -           1023 153034at33208        -            510      0.16   12.2   0.7   3   3      0.29   1.9e+02    2.0   0.0    29    63   764   798   759   810 0.87 -
evm.utg101.81              -            931 153034at33208        -            510      0.17   12.0   0.1   1   2     0.002       1.3    9.1   0.0    25    81   278   335   267   423 0.76 -
evm.utg101.81              -            931 153034at33208        -            510      0.17   12.0   0.1   2   2      0.96   6.4e+02    0.3   0.0    30    76   482   533   474   566 0.79 -
evm.utg4464.3              -            892 153034at33208        -            510      0.21   11.8   3.3   1   3     0.099        66    3.5   0.3    38    95    67   125    59   178 0.75 -
evm.utg4464.3              -            892 153034at33208        -            510      0.21   11.8   3.3   2   3    0.0049       3.2    7.9   0.1    29    95   467   538   451   560 0.81 -
evm.utg4464.3              -            892 153034at33208        -            510      0.21   11.8   3.3   3   3       5.5   3.6e+03   -2.2   0.0    29    56   550   578   545   581 0.80 -
evm.utg2757.69             -            710 153034at33208        -            510      0.25   11.5   7.4   1   4      0.63   4.2e+02    0.9   0.1    28    58   430   461   422   468 0.78 -
evm.utg2757.69             -            710 153034at33208        -            510      0.25   11.5   7.4   2   4    0.0011      0.72   10.0   0.1    30    98   490   564   464   577 0.74 -
evm.utg2757.69             -            710 153034at33208        -            510      0.25   11.5   7.4   3   4      0.41   2.7e+02    1.5   0.0    43    97   609   668   605   675 0.73 -
evm.utg2757.69             -            710 153034at33208        -            510      0.25   11.5   7.4   4   4       1.2   8.2e+02   -0.1   0.2    28    57   677   707   668   709 0.81 -
evm.utg27.20               -           1146 153034at33208        -            510      0.26   11.4   0.6   1   2      0.42   2.8e+02    1.5   0.1    40    95   104   164    75   168 0.75 -
evm.utg27.20               -           1146 153034at33208        -            510      0.26   11.4   0.6   2   2     0.005       3.3    7.8   0.0    42    95   220   280   206   305 0.83 -
evm.utg479.8.1.5c22f153    -            444 153034at33208        -            510      0.33   11.1   0.2   1   3      0.66   4.3e+02    0.8   0.1    76   119   104   147    39   162 0.78 -
evm.utg479.8.1.5c22f153    -            444 153034at33208        -            510      0.33   11.1   0.2   2   3     0.078        52    3.9   0.0    23    60   223   260   216   296 0.75 -
evm.utg479.8.1.5c22f153    -            444 153034at33208        -            510      0.33   11.1   0.2   3   3      0.23   1.5e+02    2.3   0.0    25    56   318   349   305   354 0.86 -
evm.utg2967.37.1.5c22ee73  -            636 153034at33208        -            510      0.33   11.1   0.0   1   3      0.64   4.3e+02    0.9   0.0    42    95    30    88    19   104 0.51 -
evm.utg2967.37.1.5c22ee73  -            636 153034at33208        -            510      0.33   11.1   0.0   2   3    0.0055       3.6    7.7   0.0    41   108    71   143    58   150 0.80 -
evm.utg2967.37.1.5c22ee73  -            636 153034at33208        -            510      0.33   11.1   0.0   3   3     0.013       8.9    6.4   0.0    29   102   100   179    96   187 0.77 -
evm.utg1204.47             -            338 153034at33208        -            510      0.34   11.1   1.1   1   3     0.011       7.6    6.6   0.0    42    99    73   137    58   149 0.79 -
evm.utg1204.47             -            338 153034at33208        -            510      0.34   11.1   1.1   2   3       2.1   1.4e+03   -0.8   0.0    42    93   162   220   136   224 0.55 -
evm.utg1204.47             -            338 153034at33208        -            510      0.34   11.1   1.1   3   3      0.49   3.2e+02    1.3   0.1    42    59   316   333   297   336 0.76 -
evm.utg2323.5              -            681 153034at33208        -            510      0.34   11.1   0.0   1   3         1   6.7e+02    0.2   0.0    41    95    73   132    60   138 0.55 -
evm.utg2323.5              -            681 153034at33208        -            510      0.34   11.1   0.0   2   3    0.0053       3.5    7.7   0.0    41   108   115   187   102   195 0.80 -
evm.utg2323.5              -            681 153034at33208        -            510      0.34   11.1   0.0   3   3     0.014       9.6    6.3   0.0    29   102   144   223   140   232 0.77 -
evm.utg1205.155            -            364 153034at33208        -            510      0.34   11.1   0.9   1   2       7.2   4.7e+03   -2.6   0.0    20    57    43    79    21    98 0.52 -
evm.utg1205.155            -            364 153034at33208        -            510      0.34   11.1   0.9   2   2    0.0015      0.96    9.6   0.3    20   102   145   233   131   270 0.69 -
evm.utg479.8               -            451 153034at33208        -            510      0.35   11.0   0.2   1   3      0.67   4.4e+02    0.8   0.1    76   119   104   147    39   162 0.78 -
evm.utg479.8               -            451 153034at33208        -            510      0.35   11.0   0.2   2   3      0.08        53    3.9   0.0    23    60   223   260   216   296 0.75 -
evm.utg479.8               -            451 153034at33208        -            510      0.35   11.0   0.2   3   3      0.23   1.6e+02    2.3   0.0    25    56   318   349   305   354 0.86 -
evm.utg2967.37.2.5c22ee73  -            682 153034at33208        -            510      0.37   11.0   0.0   1   3      0.53   3.5e+02    1.1   0.0    41    95   114   131    59   153 0.53 -
evm.utg2967.37.2.5c22ee73  -            682 153034at33208        -            510      0.37   11.0   0.0   2   3     0.005       3.3    7.8   0.0    41   108   114   186    79   192 0.81 -
evm.utg2967.37.2.5c22ee73  -            682 153034at33208        -            510      0.37   11.0   0.0   3   3     0.015       9.7    6.3   0.0    29   102   143   222   138   229 0.77 -
evm.utg2967.37             -            683 153034at33208        -            510      0.37   10.9   0.0   1   3      0.53   3.5e+02    1.1   0.0    41    95   115   132    60   154 0.53 -
evm.utg2967.37             -            683 153034at33208        -            510      0.37   10.9   0.0   2   3    0.0051       3.3    7.8   0.0    41   108   115   187    80   193 0.81 -
evm.utg2967.37             -            683 153034at33208        -            510      0.37   10.9   0.0   3   3     0.015       9.7    6.3   0.0    29   102   144   223   139   230 0.77 -
evm.utg7048.1              -            362 153034at33208        -            510      0.38   10.9   0.9   1   4       4.3   2.8e+03   -1.9   0.1    40    59    49    68    37   124 0.59 -
evm.utg7048.1              -            362 153034at33208        -            510      0.38   10.9   0.9   2   4     0.011       7.2    6.7   0.0    10    62   150   203   144   238 0.82 -
evm.utg7048.1              -            362 153034at33208        -            510      0.38   10.9   0.9   3   4       1.1     7e+02    0.1   0.0    35    59   216   240   210   248 0.83 -
evm.utg7048.1              -            362 153034at33208        -            510      0.38   10.9   0.9   4   4         2   1.3e+03   -0.8   0.0    33    57   269   295   265   299 0.74 -
evm.utg26219.6             -            683 153034at33208        -            510      0.39   10.9   0.0   1   3       0.9     6e+02    0.4   0.0    41    95    73   132    60   139 0.57 -
evm.utg26219.6             -            683 153034at33208        -            510      0.39   10.9   0.0   2   3    0.0048       3.2    7.9   0.0    41   108   115   187    80   196 0.81 -
evm.utg26219.6             -            683 153034at33208        -            510      0.39   10.9   0.0   3   3     0.015       9.8    6.3   0.0    29   102   144   223   140   231 0.77 -
evm.utg3174.3.1.5c22eeec   -            350 153034at33208        -            510      0.42   10.8   0.2   1   1    0.0015      0.99    9.5   0.2    29    95   196   268   168   289 0.76 -
evm.utg3605.58             -            566 153034at33208        -            510      0.42   10.8   0.1   1   2       0.3     2e+02    2.0   0.0    29    57   359   388   352   395 0.87 -
evm.utg3605.58             -            566 153034at33208        -            510      0.42   10.8   0.1   2   2     0.018        12    6.0   0.0    28    64   451   488   429   497 0.85 -
evm.utg73.142              -            520 153034at33208        -            510      0.58   10.3   0.1   1   2       2.7   1.8e+03   -1.2   0.0    45    59   297   312   243   351 0.80 -
evm.utg73.142              -            520 153034at33208        -            510      0.58   10.3   0.1   2   2    0.0033       2.2    8.4   0.1     7    75   426   491   420   517 0.75 -
#
# Program:         hmmsearch
# Version:         3.1b2 (February 2015)
# Pipeline mode:   SEARCH
# Query file:      /uoa/scratch/users/r02hw22/project_dark_genes/busco_downloads/lineages/metazoa_odb10/hmms/153034at33208.hmm
# Target file:     /uoa/scratch/users/r02hw22/project_dark_genes/00_raw/equina_smart.rnam-trna.merged.ggf.curated.remredun.aa.fa
# Option settings: hmmsearch --domtblout /uoa/scratch/users/r02hw22/project_dark_genes/equina_busco_proteins/run_metazoa_odb10/hmmer_output/initial_run_results/153034at33208.out --cpu 1 /uoa/scratch/users/r02hw22/project_dark_genes/busco_downloads/lineages/metazoa_odb10/hmms/153034at33208.hmm /uoa/scratch/users/r02hw22/project_dark_genes/00_raw/equina_smart.rnam-trna.merged.ggf.curated.remredun.aa.fa 
# Current dir:     /uoa/scratch/users/r02hw22/project_dark_genes
# Date:            Sat Apr 25 14:41:14 2026
# [ok]
