#                                                                                 --- full sequence --- -------------- this domain -------------   hmm coord   ali coord   env coord
# target name             accession   tlen query name           accession   qlen   E-value  score  bias   #  of  c-Evalue  i-Evalue  score  bias  from    to  from    to  from    to  acc description of target
#     ------------------- ---------- ----- -------------------- ---------- ----- --------- ------ ----- --- --- --------- --------- ------ ----- ----- ----- ----- ----- ----- ----- ---- ---------------------
evm.utg9110.4             -            689 157138at33208        -            537  4.2e-110  370.2  28.7   1   2   7.4e-78     1e-73  250.1  16.8     2   335    19   448    18   450 0.79 -
evm.utg9110.4             -            689 157138at33208        -            537  4.2e-110  370.2  28.7   2   2   5.4e-36   7.6e-32  111.9   4.0   334   489   483   684   478   686 0.89 -
evm.utg6976.9             -            685 157138at33208        -            537  2.6e-109  367.6  26.7   1   3   2.1e-52   2.9e-48  166.1   4.6     2   184    15   225    14   236 0.85 -
evm.utg6976.9             -            685 157138at33208        -            537  2.6e-109  367.6  26.7   2   3   2.8e-32   3.9e-28   99.7   3.2   184   335   248   444   232   447 0.76 -
evm.utg6976.9             -            685 157138at33208        -            537  2.6e-109  367.6  26.7   3   3   6.5e-35   9.1e-31  108.4   3.3   334   489   479   680   474   682 0.89 -
evm.utg3872.40.1.5c22f020 -           1553 157138at33208        -            537      0.35   10.7   0.0   1   1     4e-05      0.56   10.1   0.0   258   349   831   925   826   984 0.80 -
evm.utg3872.40            -           1553 157138at33208        -            537      0.35   10.7   0.0   1   1     4e-05      0.56   10.1   0.0   258   349   831   925   826   984 0.80 -
#
# Program:         hmmsearch
# Version:         3.1b2 (February 2015)
# Pipeline mode:   SEARCH
# Query file:      /uoa/scratch/users/r02hw22/project_dark_genes/busco_downloads/lineages/metazoa_odb10/hmms/157138at33208.hmm
# Target file:     /uoa/scratch/users/r02hw22/project_dark_genes/00_raw/equina_smart.rnam-trna.merged.ggf.curated.remredun.aa.fa
# Option settings: hmmsearch --domtblout /uoa/scratch/users/r02hw22/project_dark_genes/equina_busco_proteins/run_metazoa_odb10/hmmer_output/initial_run_results/157138at33208.out --cpu 1 /uoa/scratch/users/r02hw22/project_dark_genes/busco_downloads/lineages/metazoa_odb10/hmms/157138at33208.hmm /uoa/scratch/users/r02hw22/project_dark_genes/00_raw/equina_smart.rnam-trna.merged.ggf.curated.remredun.aa.fa 
# Current dir:     /uoa/scratch/users/r02hw22/project_dark_genes
# Date:            Sat Apr 25 14:41:27 2026
# [ok]
