#                                                                            --- full sequence --- -------------- this domain -------------   hmm coord   ali coord   env coord
# target name        accession   tlen query name           accession   qlen   E-value  score  bias   #  of  c-Evalue  i-Evalue  score  bias  from    to  from    to  from    to  acc description of target
#------------------- ---------- ----- -------------------- ---------- ----- --------- ------ ----- --- --- --------- --------- ------ ----- ----- ----- ----- ----- ----- ----- ---- ---------------------
evm.utg3834.16       -            815 162821at33208        -            453  8.8e-195  649.3   5.7   1   2     0.039   3.6e+02    1.1   0.0    36    58   303   326   294   347 0.76 -
evm.utg3834.16       -            815 162821at33208        -            453  8.8e-195  649.3   5.7   2   2  4.7e-198  4.4e-194  647.0   3.2    54   453   347   804   338   804 0.90 -
evm.utg6875.2        -            551 162821at33208        -            453   1.1e-89  302.9   2.8   1   2      0.01        92    3.1   0.1    36    78   303   345   293   349 0.73 -
evm.utg6875.2        -            551 162821at33208        -            453   1.1e-89  302.9   2.8   2   2   8.5e-93   7.9e-89  300.0   0.9    54   234   347   540   337   547 0.93 -
evm.utg6875.3        -            232 162821at33208        -            453   2.5e-76  258.8   5.2   1   1   1.9e-79   1.7e-75  256.0   5.2   279   453    20   221    13   221 0.88 -
evm.utg1972.86       -            449 162821at33208        -            453   1.3e-05   25.7   0.2   1   3    0.0033        30    4.7   0.0   202   286    65   150    60   180 0.67 -
evm.utg1972.86       -            449 162821at33208        -            453   1.3e-05   25.7   0.2   2   3     0.005        47    4.1   0.0   336   363   263   290   256   298 0.87 -
evm.utg1972.86       -            449 162821at33208        -            453   1.3e-05   25.7   0.2   3   3   8.8e-06     0.082   13.2   0.0   376   403   327   354   315   362 0.84 -
evm.utg1972.81       -            994 162821at33208        -            453   9.4e-05   22.8   0.5   1   4     0.055   5.1e+02    0.7   0.2   107   163   546   604   536   614 0.80 -
evm.utg1972.81       -            994 162821at33208        -            453   9.4e-05   22.8   0.5   2   4     0.097     9e+02   -0.2   0.0   260   289   695   724   691   740 0.80 -
evm.utg1972.81       -            994 162821at33208        -            453   9.4e-05   22.8   0.5   3   4     1e-08   9.4e-05   22.8   0.5   334   405   802   892   796   898 0.65 -
evm.utg1972.81       -            994 162821at33208        -            453   9.4e-05   22.8   0.5   4   4     0.097     9e+02   -0.2   0.2   429   453   950   974   944   974 0.87 -
evm.utg1972.87       -            909 162821at33208        -            453     0.041   14.1   0.1   1   5         1   9.6e+03   -3.5   0.0   118   140   386   407   379   409 0.81 -
evm.utg1972.87       -            909 162821at33208        -            453     0.041   14.1   0.1   2   5      0.11     1e+03   -0.4   0.3   115   153   441   479   426   494 0.84 -
evm.utg1972.87       -            909 162821at33208        -            453     0.041   14.1   0.1   3   5       1.6   1.5e+04   -4.1   0.0   261   288   583   610   580   625 0.76 -
evm.utg1972.87       -            909 162821at33208        -            453     0.041   14.1   0.1   4   5   4.5e-06     0.041   14.1   0.1   334   405   722   812   712   820 0.67 -
evm.utg1972.87       -            909 162821at33208        -            453     0.041   14.1   0.1   5   5     0.063   5.8e+02    0.5   0.2   429   453   870   894   864   894 0.87 -
#
# Program:         hmmsearch
# Version:         3.1b2 (February 2015)
# Pipeline mode:   SEARCH
# Query file:      /uoa/scratch/users/r02hw22/project_dark_genes/busco_downloads/lineages/metazoa_odb10/hmms/162821at33208.hmm
# Target file:     /uoa/scratch/users/r02hw22/project_dark_genes/00_raw/equina_smart.rnam-trna.merged.ggf.curated.remredun.aa.fa
# Option settings: hmmsearch --domtblout /uoa/scratch/users/r02hw22/project_dark_genes/equina_busco_proteins/run_metazoa_odb10/hmmer_output/initial_run_results/162821at33208.out --cpu 1 /uoa/scratch/users/r02hw22/project_dark_genes/busco_downloads/lineages/metazoa_odb10/hmms/162821at33208.hmm /uoa/scratch/users/r02hw22/project_dark_genes/00_raw/equina_smart.rnam-trna.merged.ggf.curated.remredun.aa.fa 
# Current dir:     /uoa/scratch/users/r02hw22/project_dark_genes
# Date:            Sat Apr 25 14:41:06 2026
# [ok]
