#                                                                                 --- full sequence --- -------------- this domain -------------   hmm coord   ali coord   env coord
# target name             accession   tlen query name           accession   qlen   E-value  score  bias   #  of  c-Evalue  i-Evalue  score  bias  from    to  from    to  from    to  acc description of target
#     ------------------- ---------- ----- -------------------- ---------- ----- --------- ------ ----- --- --- --------- --------- ------ ----- ----- ----- ----- ----- ----- ----- ---- ---------------------
evm.utg116.323            -            524 176247at33208        -            337  4.6e-111  372.5   8.6   1   2  2.2e-110  2.5e-106  356.9   3.0    14   315    87   462    64   471 0.83 -
evm.utg116.323            -            524 176247at33208        -            337  4.6e-111  372.5   8.6   2   2   1.3e-06     0.015   15.7   0.3   316   337   485   506   481   506 0.92 -
evm.utg116.323.1.5c22e927 -            426 176247at33208        -            337  3.5e-104  349.8   9.2   1   2  3.1e-103   3.4e-99  333.4   3.6    32   315     7   364     2   372 0.83 -
evm.utg116.323.1.5c22e927 -            426 176247at33208        -            337  3.5e-104  349.8   9.2   2   2     1e-06     0.012   16.1   0.3   316   337   387   408   383   408 0.92 -
evm.utg14923.11           -            115 176247at33208        -            337      0.25   11.7   0.0   1   1     3e-05      0.33   11.3   0.0    63   115    54   107    42   112 0.84 -
evm.utg498.77.1.5c22f19f  -            351 176247at33208        -            337      0.38   11.1   0.1   1   1   5.7e-05      0.63   10.4   0.1   175   227   123   175    88   181 0.84 -
evm.utg479.37             -             84 176247at33208        -            337      0.95    9.8   0.0   1   1   9.1e-05         1    9.7   0.0    75    99    31    55    15    61 0.84 -
#
# Program:         hmmsearch
# Version:         3.1b2 (February 2015)
# Pipeline mode:   SEARCH
# Query file:      /uoa/scratch/users/r02hw22/project_dark_genes/busco_downloads/lineages/metazoa_odb10/hmms/176247at33208.hmm
# Target file:     /uoa/scratch/users/r02hw22/project_dark_genes/00_raw/equina_smart.rnam-trna.merged.ggf.curated.remredun.aa.fa
# Option settings: hmmsearch --domtblout /uoa/scratch/users/r02hw22/project_dark_genes/equina_busco_proteins/run_metazoa_odb10/hmmer_output/initial_run_results/176247at33208.out --cpu 1 /uoa/scratch/users/r02hw22/project_dark_genes/busco_downloads/lineages/metazoa_odb10/hmms/176247at33208.hmm /uoa/scratch/users/r02hw22/project_dark_genes/00_raw/equina_smart.rnam-trna.merged.ggf.curated.remredun.aa.fa 
# Current dir:     /uoa/scratch/users/r02hw22/project_dark_genes
# Date:            Sat Apr 25 14:40:59 2026
# [ok]
