#                                                                                            --- full sequence --- -------------- this domain -------------   hmm coord   ali coord   env coord
# target name                        accession   tlen query name           accession   qlen   E-value  score  bias   #  of  c-Evalue  i-Evalue  score  bias  from    to  from    to  from    to  acc description of target
#                ------------------- ---------- ----- -------------------- ---------- ----- --------- ------ ----- --- --- --------- --------- ------ ----- ----- ----- ----- ----- ----- ----- ---- ---------------------
evm.utg162231.2                      -            496 177858at33208        -            591  1.6e-146  490.7   2.9   1   2   1.3e-71   5.7e-69  234.6   0.1     2   171     4   184     3   191 0.88 -
evm.utg162231.2                      -            496 177858at33208        -            591  1.6e-146  490.7   2.9   2   2   3.3e-78   1.5e-75  256.3   0.5   201   391   261   480   200   484 0.88 -
evm.utg1005.80                       -            366 177858at33208        -            591  7.9e-142  475.2   0.5   1   1  2.5e-144  1.1e-141  474.7   0.5   302   591    24   353     8   353 0.90 -
evm.utg910.189                       -            775 177858at33208        -            591   1.3e-51  177.2   0.1   1   3   4.2e-08   1.9e-05   24.8   0.0     6    59   295   348   289   354 0.91 -
evm.utg910.189                       -            775 177858at33208        -            591   1.3e-51  177.2   0.1   2   3   5.1e-20   2.3e-17   64.1   0.0   203   356   362   518   353   531 0.82 -
evm.utg910.189                       -            775 177858at33208        -            591   1.3e-51  177.2   0.1   3   3   2.8e-26   1.3e-23   84.8   0.0   396   507   536   651   520   673 0.86 -
evm.utg2817.24                       -            755 177858at33208        -            591   3.7e-51  175.7   0.1   1   3   4.5e-12     2e-09   37.9   0.0     2    61   314   373   313   380 0.92 -
evm.utg2817.24                       -            755 177858at33208        -            591   3.7e-51  175.7   0.1   2   3     1e-19   4.4e-17   63.2   0.1   200   325   385   517   375   528 0.82 -
evm.utg2817.24                       -            755 177858at33208        -            591   3.7e-51  175.7   0.1   3   3   3.8e-22   1.7e-19   71.2   0.0   372   495   541   667   531   678 0.89 -
evm.utg280.35.1.5c22ee3f             -            592 177858at33208        -            591   2.8e-48  166.2   0.0   1   3   3.2e-10   1.4e-07   31.8   0.0    11    63   198   250   188   254 0.85 -
evm.utg280.35.1.5c22ee3f             -            592 177858at33208        -            591   2.8e-48  166.2   0.0   2   3   6.5e-15   2.9e-12   47.3   0.0   204   316   269   389   261   430 0.77 -
evm.utg280.35.1.5c22ee3f             -            592 177858at33208        -            591   2.8e-48  166.2   0.0   3   3   6.7e-26     3e-23   83.6   0.0   398   497   448   550   431   559 0.92 -
evm.utg9409.19                       -            721 177858at33208        -            591   3.3e-48  166.0   0.1   1   3   4.2e-12   1.9e-09   38.0   0.0     2    61   293   352   292   360 0.92 -
evm.utg9409.19                       -            721 177858at33208        -            591   3.3e-48  166.0   0.1   2   3   2.9e-16   1.3e-13   51.8   0.1   200   326   364   484   353   495 0.83 -
evm.utg9409.19                       -            721 177858at33208        -            591   3.3e-48  166.0   0.1   3   3   1.2e-22   5.3e-20   72.9   0.0   372   495   507   633   497   645 0.90 -
evm.utg9409.19.1.5c22f52b            -            721 177858at33208        -            591   3.3e-48  166.0   0.1   1   3   4.2e-12   1.9e-09   38.0   0.0     2    61   293   352   292   360 0.92 -
evm.utg9409.19.1.5c22f52b            -            721 177858at33208        -            591   3.3e-48  166.0   0.1   2   3   2.9e-16   1.3e-13   51.8   0.1   200   326   364   484   353   495 0.83 -
evm.utg9409.19.1.5c22f52b            -            721 177858at33208        -            591   3.3e-48  166.0   0.1   3   3   1.2e-22   5.3e-20   72.9   0.0   372   495   507   633   497   645 0.90 -
evm.utg280.35                        -            655 177858at33208        -            591   4.2e-48  165.6   0.0   1   3   3.6e-10   1.6e-07   31.6   0.0    11    63   198   250   188   254 0.85 -
evm.utg280.35                        -            655 177858at33208        -            591   4.2e-48  165.6   0.0   2   3   8.2e-15   3.7e-12   47.0   0.0   204   316   269   389   263   430 0.77 -
evm.utg280.35                        -            655 177858at33208        -            591   4.2e-48  165.6   0.0   3   3   8.8e-26   3.9e-23   83.2   0.0   398   497   448   550   440   559 0.92 -
evm.utg577.42                        -            449 177858at33208        -            591   3.8e-47  162.5   3.1   1   3   3.6e-13   1.6e-10   41.5   0.0     2    65    21    84    20    89 0.95 -
evm.utg577.42                        -            449 177858at33208        -            591   3.8e-47  162.5   3.1   2   3   8.2e-14   3.6e-11   43.7   0.1   208   324    91   214    84   218 0.75 -
evm.utg577.42                        -            449 177858at33208        -            591   3.8e-47  162.5   3.1   3   3   7.9e-24   3.5e-21   76.7   0.2   384   549   248   412   234   435 0.82 -
evm.utg790.44                        -            655 177858at33208        -            591   5.3e-47  162.0   0.0   1   3   3.1e-09   1.4e-06   28.5   0.0    11    63   197   249   187   253 0.85 -
evm.utg790.44                        -            655 177858at33208        -            591   5.3e-47  162.0   0.0   2   3   7.3e-15   3.3e-12   47.1   0.0   204   316   268   388   260   432 0.77 -
evm.utg790.44                        -            655 177858at33208        -            591   5.3e-47  162.0   0.0   3   3   1.2e-25   5.4e-23   82.7   0.0   398   497   447   549   437   558 0.93 -
evm.utg622.103.1.5c22f2ee            -            410 177858at33208        -            591   1.5e-46  160.5   3.9   1   3   6.7e-17     3e-14   53.9   0.1     2    66    15    79    14    84 0.96 -
evm.utg622.103.1.5c22f2ee            -            410 177858at33208        -            591   1.5e-46  160.5   3.9   2   3   1.6e-13   7.1e-11   42.7   0.2   208   337    85   218    78   235 0.79 -
evm.utg622.103.1.5c22f2ee            -            410 177858at33208        -            591   1.5e-46  160.5   3.9   3   3   4.8e-20   2.2e-17   64.2   0.1   382   499   240   360   235   376 0.87 -
evm.utg622.103                       -            445 177858at33208        -            591     2e-46  160.1   3.7   1   3   7.6e-17   3.4e-14   53.7   0.0     2    66    15    79    14    84 0.96 -
evm.utg622.103                       -            445 177858at33208        -            591     2e-46  160.1   3.7   2   3   1.8e-13   7.9e-11   42.6   0.2   208   337    85   218    77   231 0.79 -
evm.utg622.103                       -            445 177858at33208        -            591     2e-46  160.1   3.7   3   3   4.2e-20   1.9e-17   64.4   0.1   382   501   240   362   223   392 0.87 -
evm.utg715.74.2.5c22f38d             -            641 177858at33208        -            591   2.7e-46  159.7   0.3   1   3   5.2e-12   2.3e-09   37.7   0.0     3    60    83   140    81   146 0.95 -
evm.utg715.74.2.5c22f38d             -            641 177858at33208        -            591   2.7e-46  159.7   0.3   2   3   5.4e-17   2.4e-14   54.2   0.0   202   317   148   267   140   284 0.83 -
evm.utg715.74.2.5c22f38d             -            641 177858at33208        -            591   2.7e-46  159.7   0.3   3   3   3.7e-20   1.6e-17   64.6   0.1   395   497   323   428   313   435 0.89 -
evm.utg715.74.1.5c22f38d             -            751 177858at33208        -            591   5.3e-46  158.7   0.3   1   3   6.4e-12   2.8e-09   37.4   0.0     3    60    83   140    81   146 0.95 -
evm.utg715.74.1.5c22f38d             -            751 177858at33208        -            591   5.3e-46  158.7   0.3   2   3   6.9e-17   3.1e-14   53.8   0.0   202   317   148   267   140   284 0.83 -
evm.utg715.74.1.5c22f38d             -            751 177858at33208        -            591   5.3e-46  158.7   0.3   3   3   4.6e-20   2.1e-17   64.3   0.1   395   497   323   428   313   435 0.89 -
evm.utg715.74                        -            819 177858at33208        -            591   7.5e-46  158.2   0.3   1   3   7.1e-12   3.2e-09   37.3   0.0     3    60    83   140    81   146 0.95 -
evm.utg715.74                        -            819 177858at33208        -            591   7.5e-46  158.2   0.3   2   3   7.8e-17   3.5e-14   53.6   0.0   202   317   148   267   140   284 0.83 -
evm.utg715.74                        -            819 177858at33208        -            591   7.5e-46  158.2   0.3   3   3   5.3e-20   2.3e-17   64.1   0.1   395   497   323   428   313   435 0.89 -
evm.utg861.25                        -            433 177858at33208        -            591   9.7e-46  157.8   0.4   1   3   2.4e-07   0.00011   22.3   0.0     3    68    37   102    35   103 0.89 -
evm.utg861.25                        -            433 177858at33208        -            591   9.7e-46  157.8   0.4   2   3   9.8e-17   4.4e-14   53.3   0.1   204   363   102   264    98   271 0.85 -
evm.utg861.25                        -            433 177858at33208        -            591   9.7e-46  157.8   0.4   3   3   8.7e-25   3.9e-22   79.9   0.0   394   497   273   379   266   398 0.92 -
evm.utg2303.9                        -            413 177858at33208        -            591   3.1e-45  156.2   3.5   1   2   1.1e-05     0.005   16.8   0.0     2    69    39   106    38   108 0.91 -
evm.utg2303.9                        -            413 177858at33208        -            591   3.1e-45  156.2   3.5   2   2   1.2e-38   5.4e-36  125.7   3.4   206   514   107   400   102   407 0.84 -
evm.utg86.18                         -            413 177858at33208        -            591   3.3e-45  156.1   3.5   1   3   8.4e-06    0.0037   17.2   0.0     2    69    39   106    38   109 0.91 -
evm.utg86.18                         -            413 177858at33208        -            591   3.3e-45  156.1   3.5   2   3   2.3e-18     1e-15   58.7   1.0   206   354   107   259   102   271 0.80 -
evm.utg86.18                         -            413 177858at33208        -            591   3.3e-45  156.1   3.5   3   3   6.1e-25   2.7e-22   80.4   0.0   393   514   276   400   263   407 0.87 -
evm.utg1663.5.1.5c22eba0             -            777 177858at33208        -            591     3e-44  152.9   0.1   1   3   3.1e-11   1.4e-08   35.2   0.0     3    60   362   419   360   425 0.95 -
evm.utg1663.5.1.5c22eba0             -            777 177858at33208        -            591     3e-44  152.9   0.1   2   3   1.1e-14   4.8e-12   46.6   0.0   204   289   436   528   427   546 0.82 -
evm.utg1663.5.1.5c22eba0             -            777 177858at33208        -            591     3e-44  152.9   0.1   3   3   4.7e-21   2.1e-18   67.6   0.0   392   498   627   737   605   747 0.87 -
evm.utg4576.42                       -            788 177858at33208        -            591   3.1e-44  152.9   0.1   1   3   3.2e-11   1.4e-08   35.1   0.0     3    60   362   419   360   425 0.95 -
evm.utg4576.42                       -            788 177858at33208        -            591   3.1e-44  152.9   0.1   2   3   1.1e-14   4.9e-12   46.5   0.0   204   289   436   528   427   546 0.82 -
evm.utg4576.42                       -            788 177858at33208        -            591   3.1e-44  152.9   0.1   3   3   4.8e-21   2.1e-18   67.6   0.0   392   498   627   737   605   747 0.87 -
evm.utg1663.5                        -            788 177858at33208        -            591   3.1e-44  152.9   0.1   1   3   3.2e-11   1.4e-08   35.1   0.0     3    60   362   419   360   425 0.95 -
evm.utg1663.5                        -            788 177858at33208        -            591   3.1e-44  152.9   0.1   2   3   1.1e-14   4.9e-12   46.5   0.0   204   289   436   528   427   546 0.82 -
evm.utg1663.5                        -            788 177858at33208        -            591   3.1e-44  152.9   0.1   3   3   4.8e-21   2.1e-18   67.5   0.0   392   498   627   737   605   747 0.87 -
evm.utg750.13                        -            760 177858at33208        -            591   5.4e-44  152.1   0.3   1   2   1.6e-12   7.3e-10   39.4   0.0     3    72   191   260   189   276 0.83 -
evm.utg750.13                        -            760 177858at33208        -            591   5.4e-44  152.1   0.3   2   2   4.1e-34   1.8e-31  110.7   0.1   206   497   283   604   274   622 0.77 -
evm.utg4383.15                       -            642 177858at33208        -            591   7.1e-44  151.7   2.1   1   3   4.2e-10   1.9e-07   31.4   0.0    13    64   227   278   224   288 0.90 -
evm.utg4383.15                       -            642 177858at33208        -            591   7.1e-44  151.7   2.1   2   3   2.3e-19     1e-16   62.0   0.5   205   358   293   450   286   466 0.82 -
evm.utg4383.15                       -            642 177858at33208        -            591   7.1e-44  151.7   2.1   3   3   1.1e-17     5e-15   56.4   0.0   398   499   469   574   450   579 0.86 -
evm.utg31304.7                       -            707 177858at33208        -            591   1.7e-43  150.5   0.1   1   2   1.9e-07   8.4e-05   22.6   0.0     3    64   144   205   142   211 0.86 -
evm.utg31304.7                       -            707 177858at33208        -            591   1.7e-43  150.5   0.1   2   2   2.2e-37   9.6e-35  121.5   0.0   204   495   214   492   206   519 0.85 -
evm.utg693.8                         -            713 177858at33208        -            591   1.9e-43  150.3   0.1   1   2   1.9e-07   8.5e-05   22.6   0.0     3    64   141   202   139   208 0.86 -
evm.utg693.8                         -            713 177858at33208        -            591   1.9e-43  150.3   0.1   2   2   2.2e-37   9.8e-35  121.5   0.0   204   495   211   489   203   516 0.85 -
evm.utg30804.2                       -            433 177858at33208        -            591   3.8e-43  149.3   6.3   1   3   2.7e-09   1.2e-06   28.7   0.0     3    61    50   108    48   117 0.93 -
evm.utg30804.2                       -            433 177858at33208        -            591   3.8e-43  149.3   6.3   2   3   2.6e-16   1.2e-13   51.9   0.8   206   338   117   252   110   274 0.81 -
evm.utg30804.2                       -            433 177858at33208        -            591   3.8e-43  149.3   6.3   3   3   8.3e-22   3.7e-19   70.1   0.9   390   497   280   390   265   397 0.90 -
evm.utg35.18                         -            432 177858at33208        -            591   4.1e-43  149.2   6.5   1   3   2.3e-09     1e-06   29.0   0.0     3    62    50   109    48   117 0.92 -
evm.utg35.18                         -            432 177858at33208        -            591   4.1e-43  149.2   6.5   2   3   3.4e-16   1.5e-13   51.5   0.8   206   337   117   251   110   257 0.80 -
evm.utg35.18                         -            432 177858at33208        -            591   4.1e-43  149.2   6.5   3   3   8.3e-22   3.7e-19   70.1   0.9   390   497   280   390   265   397 0.90 -
evm.utg1708.9                        -            733 177858at33208        -            591   7.6e-43  148.3   0.2   1   2   1.3e-11   5.9e-09   36.4   0.0     3    75   190   262   188   278 0.84 -
evm.utg1708.9                        -            733 177858at33208        -            591   7.6e-43  148.3   0.2   2   2   7.4e-34   3.3e-31  109.9   0.1   206   496   282   602   274   619 0.77 -
evm.utg738.21                        -           1086 177858at33208        -            591   1.8e-42  147.1   0.2   1   3   2.2e-10     1e-07   32.3   0.0     5    63   431   489   427   492 0.89 -
evm.utg738.21                        -           1086 177858at33208        -            591   1.8e-42  147.1   0.2   2   3   1.6e-17   7.1e-15   55.9   0.0   201   355   496   656   490   664 0.83 -
evm.utg738.21                        -           1086 177858at33208        -            591   1.8e-42  147.1   0.2   3   3   2.7e-17   1.2e-14   55.2   0.0   408   496   687   778   671   782 0.84 -
evm.utg6834.18                       -           1082 177858at33208        -            591   1.9e-42  147.0   0.2   1   3   2.2e-10   9.9e-08   32.3   0.0     5    63   427   485   423   488 0.89 -
evm.utg6834.18                       -           1082 177858at33208        -            591   1.9e-42  147.0   0.2   2   3   1.8e-17   8.1e-15   55.7   0.0   201   355   492   652   487   660 0.83 -
evm.utg6834.18                       -           1082 177858at33208        -            591   1.9e-42  147.0   0.2   3   3   2.7e-17   1.2e-14   55.2   0.0   416   496   693   774   668   778 0.84 -
evm.utg1052.25.1.5c22e826            -            711 177858at33208        -            591   2.4e-42  146.6   3.7   1   3   3.2e-12   1.4e-09   38.4   0.0     2    61   172   231   171   239 0.93 -
evm.utg1052.25.1.5c22e826            -            711 177858at33208        -            591   2.4e-42  146.6   3.7   2   3   2.5e-11   1.1e-08   35.4   0.1   206   322   243   363   234   385 0.77 -
evm.utg1052.25.1.5c22e826            -            711 177858at33208        -            591   2.4e-42  146.6   3.7   3   3   1.5e-22   6.8e-20   72.5   0.1   396   519   417   543   406   591 0.75 -
evm.utg1052.25                       -            750 177858at33208        -            591   2.8e-42  146.4   3.6   1   3   3.4e-12   1.5e-09   38.3   0.0     2    61   172   231   171   239 0.93 -
evm.utg1052.25                       -            750 177858at33208        -            591   2.8e-42  146.4   3.6   2   3   2.8e-11   1.2e-08   35.3   0.1   206   321   243   362   234   384 0.77 -
evm.utg1052.25                       -            750 177858at33208        -            591   2.8e-42  146.4   3.6   3   3   1.7e-22   7.4e-20   72.4   0.1   396   519   417   543   406   591 0.75 -
evm.utg34.16                         -            973 177858at33208        -            591   6.6e-42  145.2   3.6   1   3   4.7e-12   2.1e-09   37.9   0.0     2    61   165   224   164   232 0.93 -
evm.utg34.16                         -            973 177858at33208        -            591   6.6e-42  145.2   3.6   2   3   3.1e-11   1.4e-08   35.1   0.1   206   321   236   355   228   377 0.77 -
evm.utg34.16                         -            973 177858at33208        -            591   6.6e-42  145.2   3.6   3   3   2.6e-22   1.2e-19   71.7   0.1   396   516   410   533   399   584 0.75 -
evm.utg637.28                        -            400 177858at33208        -            591   7.5e-41  141.7   2.1   1   3   4.8e-07   0.00021   21.3   0.1    32    64     4    36     1    45 0.89 -
evm.utg637.28                        -            400 177858at33208        -            591   7.5e-41  141.7   2.1   2   3   1.1e-19     5e-17   63.0   0.2   205   357    51   207    45   212 0.82 -
evm.utg637.28                        -            400 177858at33208        -            591   7.5e-41  141.7   2.1   3   3   1.9e-17   8.3e-15   55.7   0.0   398   500   227   333   211   337 0.87 -
evm.utg4576.32                       -            705 177858at33208        -            591   9.5e-41  141.4   0.0   1   3   4.3e-10   1.9e-07   31.4   0.0     2    61   199   258   198   265 0.91 -
evm.utg4576.32                       -            705 177858at33208        -            591   9.5e-41  141.4   0.0   2   3   3.7e-14   1.6e-11   44.8   0.0   203   316   269   386   262   425 0.79 -
evm.utg4576.32                       -            705 177858at33208        -            591   9.5e-41  141.4   0.0   3   3     3e-19   1.3e-16   61.6   0.0   398   497   446   548   433   556 0.92 -
evm.utg1609.78                       -            745 177858at33208        -            591     4e-40  139.3   0.0   1   3   3.8e-10   1.7e-07   31.6   0.0     2    61   239   298   238   304 0.91 -
evm.utg1609.78                       -            745 177858at33208        -            591     4e-40  139.3   0.0   2   3   4.1e-14   1.8e-11   44.7   0.0   203   315   309   425   300   464 0.80 -
evm.utg1609.78                       -            745 177858at33208        -            591     4e-40  139.3   0.0   3   3   1.4e-18   6.2e-16   59.4   0.0   398   497   486   588   474   596 0.92 -
evm.utg868.110.1.5c22f4c3            -            625 177858at33208        -            591   1.2e-38  134.4   0.0   1   2   5.3e-09   2.4e-06   27.8   0.0     3    63   132   193   130   200 0.88 -
evm.utg868.110.1.5c22f4c3            -            625 177858at33208        -            591   1.2e-38  134.4   0.0   2   2   1.5e-31   6.6e-29  102.3   0.0   200   493   200   515   197   520 0.72 -
evm.utg868.110                       -            694 177858at33208        -            591   1.7e-38  133.9   0.0   1   2   6.4e-09   2.8e-06   27.5   0.0     3    63   132   193   130   198 0.88 -
evm.utg868.110                       -            694 177858at33208        -            591   1.7e-38  133.9   0.0   2   2   1.8e-31   7.9e-29  102.0   0.0   200   494   200   516   197   524 0.72 -
evm.utg77.7                          -            591 177858at33208        -            591   5.5e-37  128.9   1.8   1   3   9.6e-11   4.3e-08   33.5   0.1    13    64    17    68    11    80 0.91 -
evm.utg77.7                          -            591 177858at33208        -            591   5.5e-37  128.9   1.8   2   3   4.3e-14   1.9e-11   44.6   0.0   207   293    80   183    71   199 0.74 -
evm.utg77.7                          -            591 177858at33208        -            591   5.5e-37  128.9   1.8   3   3   2.2e-15   9.8e-13   48.8   0.0   410   494   284   368   253   372 0.87 -
evm.utg45299.4                       -            555 177858at33208        -            591   1.7e-36  127.3   0.4   1   4   2.6e-08   1.2e-05   25.5   0.0     3    61    74   132    72   138 0.89 -
evm.utg45299.4                       -            555 177858at33208        -            591   1.7e-36  127.3   0.4   2   4       1.7   7.7e+02   -0.3   0.0   201   230   141   170   135   177 0.82 -
evm.utg45299.4                       -            555 177858at33208        -            591   1.7e-36  127.3   0.4   3   4   8.5e-14   3.8e-11   43.6   0.1   233   318   260   350   245   369 0.85 -
evm.utg45299.4                       -            555 177858at33208        -            591   1.7e-36  127.3   0.4   4   4   1.1e-16     5e-14   53.1   0.0   407   496   415   507   380   513 0.85 -
evm.utg910.12                        -           1070 177858at33208        -            591     2e-36  127.1   0.0   1   3   4.2e-11   1.9e-08   34.7   0.0    10    63   160   213   152   220 0.91 -
evm.utg910.12                        -           1070 177858at33208        -            591     2e-36  127.1   0.0   2   3   3.6e-11   1.6e-08   34.9   0.0   206   318   221   344   213   391 0.77 -
evm.utg910.12                        -           1070 177858at33208        -            591     2e-36  127.1   0.0   3   3   6.1e-17   2.7e-14   54.0   0.1   421   498   426   504   356   544 0.87 -
evm.utg3284.30                       -           1140 177858at33208        -            591   3.9e-36  126.1   0.1   1   3   6.1e-07   0.00027   21.0   0.0    19    62   673   716   664   722 0.88 -
evm.utg3284.30                       -           1140 177858at33208        -            591   3.9e-36  126.1   0.1   2   3   3.8e-13   1.7e-10   41.5   0.0   203   316   726   847   720   861 0.76 -
evm.utg3284.30                       -           1140 177858at33208        -            591   3.9e-36  126.1   0.1   3   3   1.1e-18   4.8e-16   59.8   0.0   389   495   897  1006   889  1010 0.90 -
evm.utg761.5                         -            547 177858at33208        -            591   1.4e-35  124.3   0.4   1   4   1.8e-08   7.9e-06   26.1   0.0     2    61    73   132    72   137 0.92 -
evm.utg761.5                         -            547 177858at33208        -            591   1.4e-35  124.3   0.4   2   4       1.6   7.3e+02   -0.3   0.0   201   230   141   170   134   177 0.82 -
evm.utg761.5                         -            547 177858at33208        -            591   1.4e-35  124.3   0.4   3   4   7.7e-13   3.4e-10   40.5   0.1   232   318   251   342   241   361 0.85 -
evm.utg761.5                         -            547 177858at33208        -            591   1.4e-35  124.3   0.4   4   4   1.7e-16   7.3e-14   52.6   0.0   416   496   418   499   381   505 0.87 -
evm.utg116.128                       -            913 177858at33208        -            591   1.5e-35  124.1   1.8   1   3   3.9e-10   1.7e-07   31.5   0.0     2    63   500   561   499   568 0.94 -
evm.utg116.128                       -            913 177858at33208        -            591   1.5e-35  124.1   1.8   2   3   1.2e-09   5.4e-07   29.9   0.0   201   288   572   666   566   681 0.80 -
evm.utg116.128                       -            913 177858at33208        -            591   1.5e-35  124.1   1.8   3   3   8.6e-19   3.8e-16   60.1   0.8   382   493   746   862   724   885 0.83 -
evm.utg1205.31                       -            963 177858at33208        -            591   2.2e-35  123.6   0.2   1   2   3.6e-05     0.016   15.1   0.0     3    61    27    85    25    91 0.88 -
evm.utg1205.31                       -            963 177858at33208        -            591   2.2e-35  123.6   0.2   2   2   9.4e-32   4.2e-29  102.9   0.1   202   498    90   377    85   389 0.83 -
evm.utg4326.50                       -            730 177858at33208        -            591   5.6e-35  122.3   0.4   1   4   1.3e-07   5.8e-05   23.2   0.0     3    61    74   132    72   137 0.89 -
evm.utg4326.50                       -            730 177858at33208        -            591   5.6e-35  122.3   0.4   2   4       2.4   1.1e+03   -0.8   0.0   201   230   141   170   135   176 0.82 -
evm.utg4326.50                       -            730 177858at33208        -            591   5.6e-35  122.3   0.4   3   4     3e-13   1.3e-10   41.8   0.1   233   318   260   350   245   369 0.85 -
evm.utg4326.50                       -            730 177858at33208        -            591   5.6e-35  122.3   0.4   4   4   1.9e-16   8.6e-14   52.3   0.0   407   496   415   507   381   513 0.86 -
evm.utg715.56                        -            693 177858at33208        -            591     2e-33  117.1   0.1   1   2   1.8e-17   7.9e-15   55.8   0.0   203   353   163   322   154   336 0.85 -
evm.utg715.56                        -            693 177858at33208        -            591     2e-33  117.1   0.1   2   2   1.8e-18   8.2e-16   59.0   0.0   397   495   345   445   338   450 0.89 -
evm.utg798.34.3.5c22f457             -            713 177858at33208        -            591     4e-33  116.2   0.5   1   3   6.1e-11   2.7e-08   34.2   0.0     3    65    53   115    51   120 0.90 -
evm.utg798.34.3.5c22f457             -            713 177858at33208        -            591     4e-33  116.2   0.5   2   3     3e-14   1.4e-11   45.1   0.0   207   338   125   259   116   284 0.78 -
evm.utg798.34.3.5c22f457             -            713 177858at33208        -            591     4e-33  116.2   0.5   3   3   8.4e-11   3.7e-08   33.7   0.0   422   491   326   396   281   402 0.84 -
evm.utg798.34.1.5c22f457             -            768 177858at33208        -            591   5.2e-33  115.8   0.5   1   3   6.2e-11   2.8e-08   34.2   0.0     3    65    53   115    51   123 0.90 -
evm.utg798.34.1.5c22f457             -            768 177858at33208        -            591   5.2e-33  115.8   0.5   2   3   3.3e-14   1.5e-11   45.0   0.0   207   338   125   259   116   285 0.78 -
evm.utg798.34.1.5c22f457             -            768 177858at33208        -            591   5.2e-33  115.8   0.5   3   3   9.2e-11   4.1e-08   33.6   0.0   422   491   326   396   281   402 0.84 -
evm.utg798.34                        -            772 177858at33208        -            591   5.4e-33  115.8   0.5   1   3   6.2e-11   2.8e-08   34.2   0.0     3    65    53   115    51   123 0.90 -
evm.utg798.34                        -            772 177858at33208        -            591   5.4e-33  115.8   0.5   2   3   3.5e-14   1.5e-11   44.9   0.0   207   338   125   259   116   284 0.78 -
evm.utg798.34                        -            772 177858at33208        -            591   5.4e-33  115.8   0.5   3   3   9.3e-11   4.1e-08   33.6   0.0   422   491   326   396   281   402 0.84 -
evm.utg32107.7                       -            756 177858at33208        -            591   5.2e-32  112.5   0.1   1   3     1e-08   4.6e-06   26.8   0.0     2    62   100   161    99   168 0.90 -
evm.utg32107.7                       -            756 177858at33208        -            591   5.2e-32  112.5   0.1   2   3     0.011       4.9    6.9   0.0   200   245   169   217   163   221 0.83 -
evm.utg32107.7                       -            756 177858at33208        -            591   5.2e-32  112.5   0.1   3   3   4.6e-23     2e-20   74.2   0.1   253   494   319   578   315   587 0.70 -
evm.utg109.118                       -            547 177858at33208        -            591   1.1e-31  111.5   0.2   1   3   2.2e-15   9.8e-13   48.8   0.0     2    65    10    73     9    83 0.91 -
evm.utg109.118                       -            547 177858at33208        -            591   1.1e-31  111.5   0.2   2   3   6.2e-10   2.8e-07   30.9   0.1   205   338    82   220    74   229 0.78 -
evm.utg109.118                       -            547 177858at33208        -            591   1.1e-31  111.5   0.2   3   3     3e-09   1.3e-06   28.6   0.0   453   514   342   403   338   443 0.84 -
evm.utg31304.7.1.5c22eed4            -            491 177858at33208        -            591   3.3e-30  106.5   0.0   1   2   1.2e-07   5.4e-05   23.3   0.0     3    64   144   205   142   210 0.87 -
evm.utg31304.7.1.5c22eed4            -            491 177858at33208        -            591   3.3e-30  106.5   0.0   2   2   1.1e-23   4.8e-21   76.3   0.0   204   458   214   455   207   466 0.82 -
evm.utg7821.45                       -            718 177858at33208        -            591   1.9e-29  104.0   0.7   1   2   1.5e-09   6.5e-07   29.6   0.1   248   294     3    50     1    92 0.78 -
evm.utg7821.45                       -            718 177858at33208        -            591   1.9e-29  104.0   0.7   2   2   1.3e-22   5.8e-20   72.7   0.1   396   498   124   229   101   234 0.87 -
evm.utg5454.3                        -            526 177858at33208        -            591   3.4e-29  103.2   1.3   1   3   5.1e-11   2.3e-08   34.4   0.0    10    64    69   123    58   129 0.88 -
evm.utg5454.3                        -            526 177858at33208        -            591   3.4e-29  103.2   1.3   2   3   2.4e-13   1.1e-10   42.1   0.1   203   327   130   261   125   292 0.74 -
evm.utg5454.3                        -            526 177858at33208        -            591   3.4e-29  103.2   1.3   3   3   6.1e-08   2.7e-05   24.3   0.0   447   486   336   375   329   386 0.90 -
evm.utg14.91                         -            321 177858at33208        -            591     1e-28  101.6   0.7   1   2   5.7e-08   2.5e-05   24.4   0.0   251   324    12    86     3    92 0.76 -
evm.utg14.91                         -            321 177858at33208        -            591     1e-28  101.6   0.7   2   2   1.4e-23   6.4e-21   75.9   0.2   384   514   120   254   113   310 0.85 -
evm.utg20076.12                      -            321 177858at33208        -            591     1e-28  101.6   0.7   1   2   5.7e-08   2.5e-05   24.4   0.0   251   324    12    86     3    92 0.76 -
evm.utg20076.12                      -            321 177858at33208        -            591     1e-28  101.6   0.7   2   2   1.4e-23   6.4e-21   75.9   0.2   384   514   120   254   113   310 0.85 -
evm.utg1272.60                       -            495 177858at33208        -            591   1.4e-28  101.1   0.1   1   3   1.4e-06    0.0006   19.8   0.0     2    63   109   172   108   178 0.85 -
evm.utg1272.60                       -            495 177858at33208        -            591   1.4e-28  101.1   0.1   2   3   2.1e-10   9.2e-08   32.4   0.0   204   355   177   331   172   340 0.79 -
evm.utg1272.60                       -            495 177858at33208        -            591   1.4e-28  101.1   0.1   3   3     2e-14     9e-12   45.7   0.0   395   497   349   460   342   472 0.81 -
evm.utg1372.2                        -            321 177858at33208        -            591   2.6e-27   97.0   1.1   1   2   9.8e-07   0.00044   20.3   0.0   251   318    12    78     3   104 0.77 -
evm.utg1372.2                        -            321 177858at33208        -            591   2.6e-27   97.0   1.1   2   2   1.6e-23   7.2e-21   75.7   0.3   384   513   120   253   113   302 0.85 -
evm.utg910.189.1.5c22f4fd            -            587 177858at33208        -            591   1.3e-26   94.7   0.2   1   3   2.7e-08   1.2e-05   25.4   0.0     6    59   295   348   289   357 0.91 -
evm.utg910.189.1.5c22f4fd            -            587 177858at33208        -            591   1.3e-26   94.7   0.2   2   3   2.9e-20   1.3e-17   65.0   0.0   203   356   362   518   353   535 0.82 -
evm.utg910.189.1.5c22f4fd            -            587 177858at33208        -            591   1.3e-26   94.7   0.2   3   3       0.8   3.6e+02    0.8   0.0   396   428   536   571   521   581 0.79 -
evm.utg798.34.2.5c22f457             -            678 177858at33208        -            591   3.4e-26   93.3   0.7   1   3   0.00055      0.24   11.2   0.0    42    65     2    25     1    30 0.90 -
evm.utg798.34.2.5c22f457             -            678 177858at33208        -            591   3.4e-26   93.3   0.7   2   3   2.8e-14   1.3e-11   45.2   0.0   207   339    35   170    27   195 0.78 -
evm.utg798.34.2.5c22f457             -            678 177858at33208        -            591   3.4e-26   93.3   0.7   3   3   7.9e-11   3.5e-08   33.8   0.0   422   491   236   306   192   312 0.84 -
evm.utg1272.60.1.5c22e9be            -            370 177858at33208        -            591   4.5e-26   92.9   0.1   1   3    0.0012      0.54   10.1   0.0    19    63     1    47     1    53 0.80 -
evm.utg1272.60.1.5c22e9be            -            370 177858at33208        -            591   4.5e-26   92.9   0.1   2   3   9.6e-11   4.3e-08   33.5   0.0   204   355    52   206    43   215 0.79 -
evm.utg1272.60.1.5c22e9be            -            370 177858at33208        -            591   4.5e-26   92.9   0.1   3   3   1.1e-14   4.8e-12   46.6   0.0   395   497   224   335   217   350 0.81 -
evm.utg31304.7.1.5c22eed4.1.5c279361 -            453 177858at33208        -            591   1.5e-23   84.5   0.2   1   2     1e-07   4.6e-05   23.5   0.0     3    64   144   205   142   211 0.86 -
evm.utg31304.7.1.5c22eed4.1.5c279361 -            453 177858at33208        -            591   1.5e-23   84.5   0.2   2   2   5.7e-17   2.5e-14   54.1   0.0   204   432   214   428   207   439 0.79 -
evm.utg4271.24                       -            571 177858at33208        -            591     5e-23   82.8   0.1   1   3   3.4e-09   1.5e-06   28.4   0.0     2    61   174   233   173   238 0.97 -
evm.utg4271.24                       -            571 177858at33208        -            591     5e-23   82.8   0.1   2   3   1.3e-05    0.0057   16.6   0.1   208   286   241   328   235   356 0.75 -
evm.utg4271.24                       -            571 177858at33208        -            591     5e-23   82.8   0.1   3   3   5.6e-11   2.5e-08   34.3   0.0   377   498   420   547   410   551 0.85 -
evm.utg280.35.1.5c22ee3f.1.5c2792ec  -            454 177858at33208        -            591   7.5e-23   82.3   0.0   1   2   2.2e-10   9.9e-08   32.3   0.0    11    63   198   250   188   254 0.85 -
evm.utg280.35.1.5c22ee3f.1.5c2792ec  -            454 177858at33208        -            591   7.5e-23   82.3   0.0   2   2     4e-15   1.8e-12   48.0   0.0   204   316   269   389   261   430 0.77 -
evm.utg1609.78.1.5c22eb6f            -            583 177858at33208        -            591     6e-22   79.3   0.0   1   2   2.8e-10   1.2e-07   32.0   0.0     2    61   239   298   238   304 0.91 -
evm.utg1609.78.1.5c22eb6f            -            583 177858at33208        -            591     6e-22   79.3   0.0   2   2     3e-14   1.3e-11   45.1   0.0   203   315   309   425   303   464 0.80 -
evm.utg16036.45                      -            631 177858at33208        -            591   1.2e-20   75.0   5.6   1   3      0.23     1e+02    2.5   0.0    45    63   181   199   177   206 0.86 -
evm.utg16036.45                      -            631 177858at33208        -            591   1.2e-20   75.0   5.6   2   3   9.8e-10   4.4e-07   30.2   0.0   207   294   208   310   198   324 0.73 -
evm.utg16036.45                      -            631 177858at33208        -            591   1.2e-20   75.0   5.6   3   3   9.8e-14   4.4e-11   43.4   0.0   430   517   484   572   477   628 0.72 -
evm.utg536.87.1.5c22f1e7             -            686 177858at33208        -            591   1.4e-19   71.4   0.0   1   1   5.1e-22   2.2e-19   70.8   0.0   107   196   122   226    93   236 0.89 -
evm.utg536.87                        -            843 177858at33208        -            591     2e-19   71.0   0.0   1   1     7e-22   3.1e-19   70.3   0.0   107   196   279   383   251   393 0.90 -
evm.utg3722.20                       -            633 177858at33208        -            591   2.4e-19   70.7   0.0   1   1     8e-22   3.6e-19   70.1   0.0   108   195    98   198    92   214 0.88 -
evm.utg3013.12                       -            637 177858at33208        -            591   7.5e-19   69.0   0.0   1   1   2.6e-21   1.1e-18   68.4   0.0   108   195    98   198    92   214 0.88 -
evm.utg73.123                        -            229 177858at33208        -            591   2.5e-17   64.0   0.4   1   2       4.6     2e+03   -1.7   0.0   298   336    15    50     2    64 0.70 -
evm.utg73.123                        -            229 177858at33208        -            591   2.5e-17   64.0   0.4   2   2   1.1e-19   4.7e-17   63.1   0.1   384   497    76   192    48   206 0.92 -
evm.utg1290.22                       -            468 177858at33208        -            591   3.4e-15   57.0   0.0   1   2     0.033        15    5.4   0.0   205   288    34   115    28   127 0.78 -
evm.utg1290.22                       -            468 177858at33208        -            591   3.4e-15   57.0   0.0   2   2   1.5e-15   6.6e-13   49.4   0.0   415   497   333   416   321   432 0.87 -
evm.utg1205.31.1.5c22e93e            -            802 177858at33208        -            591   1.1e-14   55.3   0.0   1   1   4.6e-17   2.1e-14   54.4   0.0   382   498    97   216    37   228 0.89 -
evm.utg1290.22.1.5c22ea09            -            407 177858at33208        -            591   1.6e-13   51.5   0.1   1   2       3.5   1.6e+03   -1.4   0.0   263   288    28    54    20    63 0.79 -
evm.utg1290.22.1.5c22ea09            -            407 177858at33208        -            591   1.6e-13   51.5   0.1   2   2   1.2e-15   5.2e-13   49.8   0.0   415   497   272   355   260   371 0.87 -
evm.utg22693.16                      -            796 177858at33208        -            591   1.2e-12   48.5   0.0   1   1   5.1e-15   2.3e-12   47.7   0.0   107   196   254   332   224   343 0.89 -
evm.utg73.124                        -            188 177858at33208        -            591   1.4e-12   48.4   0.0   1   2   9.8e-09   4.4e-06   26.9   0.0     3    62    49   108    47   118 0.93 -
evm.utg73.124                        -            188 177858at33208        -            591   1.4e-12   48.4   0.0   2   2   1.4e-06   0.00063   19.8   0.0   208   265   118   183   113   186 0.74 -
evm.utg910.189.1.5c22f4fd.1.5c27987c -            435 177858at33208        -            591   4.9e-12   46.5   0.1   1   2     2e-08   8.9e-06   25.9   0.0     6    59   295   348   289   353 0.91 -
evm.utg910.189.1.5c22f4fd.1.5c27987c -            435 177858at33208        -            591   4.9e-12   46.5   0.1   2   2   3.5e-06    0.0016   18.5   0.0   202   255   361   419   353   423 0.84 -
evm.utg1205.86                       -            374 177858at33208        -            591   3.7e-10   40.3   0.1   1   1   1.1e-12   4.8e-10   40.0   0.1    96   197   101   223    77   252 0.80 -
evm.utg3092.62                       -            587 177858at33208        -            591   5.6e-10   39.7   0.1   1   2     0.063        28    4.4   0.0   271   339    10    74     4   113 0.78 -
evm.utg3092.62                       -            587 177858at33208        -            591   5.6e-10   39.7   0.1   2   2   1.1e-10   4.9e-08   33.3   0.0   422   491   140   210    96   216 0.84 -
evm.utg1571.14                       -           1118 177858at33208        -            591   4.3e-07   30.2   0.4   1   2   0.00076      0.34   10.7   0.2   204   315   471   592   464   660 0.74 -
evm.utg1571.14                       -           1118 177858at33208        -            591   4.3e-07   30.2   0.4   2   2   8.3e-06    0.0037   17.2   0.0   429   484   848   903   843   913 0.89 -
evm.utg1285.86                       -           1173 177858at33208        -            591   5.4e-07   29.9   0.8   1   2   9.8e-05     0.044   13.7   0.2   195   344   606   766   588   803 0.77 -
evm.utg1285.86                       -           1173 177858at33208        -            591   5.4e-07   29.9   0.8   2   2   6.2e-05     0.027   14.4   0.0   431   483   915   967   908   975 0.85 -
evm.utg7008.16.1.5c22f36b            -            465 177858at33208        -            591   6.6e-07   29.6   0.0   1   1     2e-09   8.9e-07   29.2   0.0   122   197   112   199    67   222 0.75 -
evm.utg7008.16                       -            544 177858at33208        -            591   8.6e-07   29.2   0.0   1   1   2.7e-09   1.2e-06   28.8   0.0   122   197   112   199    68   221 0.75 -
evm.utg26120.6                       -            126 177858at33208        -            591   1.4e-06   28.5   0.0   1   1   3.3e-09   1.5e-06   28.5   0.0   453   572     2   119     1   125 0.75 -
evm.utg7652.44                       -            452 177858at33208        -            591   1.4e-06   28.5   0.3   1   1     5e-09   2.2e-06   27.9   0.3    94   178    45   144    30   169 0.77 -
evm.utg26120.4                       -            296 177858at33208        -            591   1.7e-06   28.2   0.0   1   1   5.4e-09   2.4e-06   27.7   0.0   247   295   125   175   100   206 0.84 -
evm.utg372.22                        -            544 177858at33208        -            591     3e-06   27.4   0.1   1   1   9.2e-09   4.1e-06   27.0   0.1   122   196   112   198    63   221 0.72 -
evm.utg6183.38                       -            495 177858at33208        -            591   3.6e-06   27.2   0.1   1   1   1.2e-08   5.3e-06   26.6   0.1    95   178    46   144    11   164 0.76 -
evm.utg8609.11                       -           1035 177858at33208        -            591   1.1e-05   25.5   0.4   1   2     0.022       9.8    5.9   0.1   216   300   473   562   465   648 0.69 -
evm.utg8609.11                       -           1035 177858at33208        -            591   1.1e-05   25.5   0.4   2   2   7.7e-06    0.0034   17.3   0.0   429   484   838   893   833   902 0.89 -
evm.utg15716.7                       -            653 177858at33208        -            591   2.1e-05   24.7   0.0   1   2       0.2        87    2.8   0.0    27    60    90   123    75   149 0.90 -
evm.utg15716.7                       -            653 177858at33208        -            591   2.1e-05   24.7   0.0   2   2   1.6e-06   0.00073   19.6   0.0   396   487   311   405   302   413 0.86 -
evm.utg1285.90                       -           1148 177858at33208        -            591   3.9e-05   23.7   0.6   1   2     0.013         6    6.6   0.2   202   310   518   638   507   667 0.76 -
evm.utg1285.90                       -           1148 177858at33208        -            591   3.9e-05   23.7   0.6   2   2   3.4e-05     0.015   15.2   0.0   430   487   887   944   876  1021 0.88 -
evm.utg17379.1.1.5c22ebd9            -           1090 177858at33208        -            591     0.001   19.1   0.0   1   2     0.016       7.2    6.4   0.0    19    64   673   718   666   726 0.91 -
evm.utg17379.1.1.5c22ebd9            -           1090 177858at33208        -            591     0.001   19.1   0.0   2   2   0.00073      0.32   10.8   0.0   197   287   723   821   718   858 0.80 -
evm.utg17379.1                       -           1321 177858at33208        -            591    0.0016   18.4   0.0   1   2     0.023        10    5.8   0.0    19    64   673   718   666   721 0.92 -
evm.utg17379.1                       -           1321 177858at33208        -            591    0.0016   18.4   0.0   2   2   0.00094      0.42   10.4   0.0   197   287   723   821   718   858 0.80 -
evm.utg920.8                         -            607 177858at33208        -            591    0.0021   18.0   0.6   1   1     7e-06    0.0031   17.5   0.6   394   511    29   157    17   167 0.75 -
evm.utg3235.22                       -           1214 177858at33208        -            591    0.0024   17.9   0.0   1   2      0.16        71    3.1   0.0    25    60    56    92    42   136 0.76 -
evm.utg3235.22                       -           1214 177858at33208        -            591    0.0024   17.9   0.0   2   2   0.00024      0.11   12.4   0.0   395   488   283   379   268   403 0.80 -
evm.utg27.92                         -            684 177858at33208        -            591    0.0064   16.4   0.1   1   1   2.2e-05    0.0099   15.8   0.1   397   486   506   598   489   610 0.87 -
evm.utg637.29.1.5c22f302.1.5c2796da  -            754 177858at33208        -            591    0.0067   16.4   0.9   1   2   3.2e-05     0.014   15.3   0.1   395   488   317   413   300   430 0.81 -
evm.utg637.29.1.5c22f302.1.5c2796da  -            754 177858at33208        -            591    0.0067   16.4   0.9   2   2       4.4   1.9e+03   -1.7   0.1   379   411   431   463   422   479 0.85 -
evm.utg1285.88                       -           1044 177858at33208        -            591    0.0077   16.2   0.2   1   2      0.18        80    2.9   0.1   245   288   554   598   510   632 0.83 -
evm.utg1285.88                       -           1044 177858at33208        -            591    0.0077   16.2   0.2   2   2   0.00073      0.33   10.8   0.0   428   471   811   853   804   877 0.81 -
evm.utg4383.18                       -            669 177858at33208        -            591    0.0083   16.1   1.1   1   2   4.1e-05     0.018   14.9   0.1   395   489   232   329   215   347 0.80 -
evm.utg4383.18                       -            669 177858at33208        -            591    0.0083   16.1   1.1   2   2         4   1.8e+03   -1.5   0.1   379   411   346   378   337   389 0.84 -
evm.utg637.29.1.5c22f302             -           1032 177858at33208        -            591    0.0088   16.0   0.3   1   2   4.7e-05     0.021   14.8   0.1   395   489   783   880   766   898 0.81 -
evm.utg637.29.1.5c22f302             -           1032 177858at33208        -            591    0.0088   16.0   0.3   2   2         7   3.1e+03   -2.3   0.0   379   411   897   929   890   939 0.84 -
evm.utg1465.62                       -            563 177858at33208        -            591      0.01   15.8   0.2   1   2       4.6   2.1e+03   -1.7   0.0    28    57    38    67    19    96 0.75 -
evm.utg1465.62                       -            563 177858at33208        -            591      0.01   15.8   0.2   2   2   0.00014      0.06   13.2   0.2   379   487   250   382   233   415 0.73 -
evm.utg16050.17.1.5c22eb66           -           1615 177858at33208        -            591      0.01   15.8   0.0   1   2      0.12        52    3.5   0.0    19    64   673   718   666   722 0.92 -
evm.utg16050.17.1.5c22eb66           -           1615 177858at33208        -            591      0.01   15.8   0.0   2   2    0.0012      0.54   10.1   0.0   197   287   723   821   718   858 0.80 -
evm.utg637.29                        -           1220 177858at33208        -            591     0.011   15.7   0.2   1   2   5.9e-05     0.026   14.4   0.1   395   489   783   880   766   897 0.81 -
evm.utg637.29                        -           1220 177858at33208        -            591     0.011   15.7   0.2   2   2       8.4   3.7e+03   -2.6   0.0   379   411   897   929   890   939 0.84 -
evm.utg1253.71                       -            610 177858at33208        -            591     0.012   15.5   0.2   1   2       5.2   2.3e+03   -1.9   0.0    28    57    38    67    19    93 0.74 -
evm.utg1253.71                       -            610 177858at33208        -            591     0.012   15.5   0.2   2   2   0.00013     0.059   13.3   0.2   379   487   250   382   228   443 0.75 -
evm.utg5370.19                       -             84 177858at33208        -            591     0.019   14.9   0.0   1   1   4.2e-05     0.019   14.9   0.0   439   488    21    70     1    82 0.81 -
evm.utg16050.17.2.5c22eb66           -           2176 177858at33208        -            591      0.02   14.8   0.0   1   2      0.16        71    3.1   0.0    19    64   673   718   666   723 0.92 -
evm.utg16050.17.2.5c22eb66           -           2176 177858at33208        -            591      0.02   14.8   0.0   2   2    0.0017      0.77    9.6   0.0   197   287   723   821   718   858 0.80 -
evm.utg16050.17                      -           2178 177858at33208        -            591      0.02   14.8   0.0   1   2      0.16        71    3.1   0.0    19    64   673   718   666   723 0.92 -
evm.utg16050.17                      -           2178 177858at33208        -            591      0.02   14.8   0.0   2   2    0.0017      0.77    9.6   0.0   197   287   723   821   718   858 0.80 -
evm.utg514.11                        -           2133 177858at33208        -            591      0.02   14.8   0.0   1   2      0.17        75    3.0   0.0    19    64   673   718   667   723 0.92 -
evm.utg514.11                        -           2133 177858at33208        -            591      0.02   14.8   0.0   2   2    0.0019      0.83    9.5   0.0   197   287   723   821   718   854 0.82 -
evm.utg62.29                         -            957 177858at33208        -            591     0.023   14.6   0.2   1   1   0.00012     0.053   13.4   0.2   363   438   413   489   297   497 0.65 -
evm.utg699.32                        -           1145 177858at33208        -            591     0.055   13.4   0.0   1   1   0.00023       0.1   12.5   0.0   395   488   207   303   192   327 0.80 -
evm.utg12030.15                      -            119 177858at33208        -            591     0.056   13.3   0.0   1   1   0.00014     0.062   13.2   0.0   439   482    15    57     1    68 0.77 -
evm.utg9023.13                       -           1495 177858at33208        -            591     0.064   13.1   0.0   1   2       3.1   1.4e+03   -1.2   0.0    27    58   635   666   618   670 0.84 -
evm.utg9023.13                       -           1495 177858at33208        -            591     0.064   13.1   0.0   2   2   0.00064      0.28   11.0   0.0   429   485   930   986   921   992 0.92 -
evm.utg381.73                        -            477 177858at33208        -            591     0.065   13.1   0.1   1   2      0.15        68    3.1   0.0    81   161   240   333   216   345 0.66 -
evm.utg381.73                        -            477 177858at33208        -            591     0.065   13.1   0.1   2   2    0.0055       2.4    7.9   0.1   162   196   383   423   356   433 0.80 -
evm.utg9227.12                       -            843 177858at33208        -            591     0.068   13.1   0.0   1   2       1.7   7.5e+02   -0.3   0.0    28    58   196   226   178   231 0.85 -
evm.utg9227.12                       -            843 177858at33208        -            591     0.068   13.1   0.0   2   2     0.001      0.45   10.3   0.0   429   485   490   546   481   552 0.92 -
evm.utg729.140                       -           1516 177858at33208        -            591     0.069   13.0   0.1   1   1   0.00037      0.17   11.8   0.0   432   485   451   504   441   512 0.89 -
evm.utg436.49                        -           1493 177858at33208        -            591     0.077   12.9   0.0   1   2       4.4     2e+03   -1.7   0.0    26    58   629   661   612   663 0.82 -
evm.utg436.49                        -           1493 177858at33208        -            591     0.077   12.9   0.0   2   2   0.00064      0.28   11.0   0.0   429   485   925   981   916   987 0.92 -
evm.utg785.15                        -            244 177858at33208        -            591     0.098   12.5   0.0   1   1   0.00029      0.13   12.1   0.0   430   489    43   102    28   126 0.82 -
evm.utg351.22                        -            234 177858at33208        -            591      0.12   12.2   0.1   1   1    0.0003      0.13   12.1   0.1   122   178   106   166    54   190 0.91 -
evm.utg351.22.1.5c22ef7a             -            234 177858at33208        -            591      0.12   12.2   0.1   1   1    0.0003      0.13   12.1   0.1   122   178   106   166    54   190 0.91 -
evm.utg162.13                        -            234 177858at33208        -            591      0.13   12.2   0.1   1   1   0.00031      0.14   12.0   0.1   122   177   106   165    54   190 0.91 -
evm.utg2099.62                       -            112 177858at33208        -            591      0.15   12.0   0.0   1   1   0.00039      0.17   11.7   0.0   505   561    31    87    23    94 0.90 -
evm.utg418.84                        -            145 177858at33208        -            591      0.19   11.5   0.0   1   1   0.00055      0.24   11.2   0.0   505   561    64   120    56   127 0.90 -
evm.utg116.12                        -           1379 177858at33208        -            591      0.23   11.3   0.0   1   1   0.00094      0.42   10.4   0.0   433   485   313   365   302   373 0.88 -
evm.utg116.241                       -            223 177858at33208        -            591      0.25   11.2   0.0   1   1   0.00072      0.32   10.8   0.0   142   177   153   192   114   212 0.76 -
#
# Program:         hmmsearch
# Version:         3.1b2 (February 2015)
# Pipeline mode:   SEARCH
# Query file:      /uoa/scratch/users/r02hw22/project_dark_genes/busco_downloads/lineages/metazoa_odb10/hmms/177858at33208.hmm
# Target file:     /uoa/scratch/users/r02hw22/project_dark_genes/00_raw/equina_smart.rnam-trna.merged.ggf.curated.remredun.aa.fa
# Option settings: hmmsearch --domtblout /uoa/scratch/users/r02hw22/project_dark_genes/equina_busco_proteins/run_metazoa_odb10/hmmer_output/initial_run_results/177858at33208.out --cpu 1 /uoa/scratch/users/r02hw22/project_dark_genes/busco_downloads/lineages/metazoa_odb10/hmms/177858at33208.hmm /uoa/scratch/users/r02hw22/project_dark_genes/00_raw/equina_smart.rnam-trna.merged.ggf.curated.remredun.aa.fa 
# Current dir:     /uoa/scratch/users/r02hw22/project_dark_genes
# Date:            Sat Apr 25 14:41:26 2026
# [ok]
