#                                                                                              --- full sequence --- -------------- this domain -------------   hmm coord   ali coord   env coord
# target name                          accession   tlen query name           accession   qlen   E-value  score  bias   #  of  c-Evalue  i-Evalue  score  bias  from    to  from    to  from    to  acc description of target
#                  ------------------- ---------- ----- -------------------- ---------- ----- --------- ------ ----- --- --- --------- --------- ------ ----- ----- ----- ----- ----- ----- ----- ---- ---------------------
evm.utg320.87                          -            611 184717at33208        -            511    2e-286  951.9  12.4   1   2  4.2e-119  2.2e-116  390.9   4.2     1   189    13   209    13   214 0.96 -
evm.utg320.87                          -            611 184717at33208        -            511    2e-286  951.9  12.4   2   2  1.7e-171  9.2e-169  563.7   1.1   176   511   218   608   213   608 0.89 -
evm.utg320.87.1.5c22eef5               -            430 184717at33208        -            511  5.8e-193  643.5  11.8   1   3  1.8e-119  9.9e-117  392.0   4.2     1   189    13   209    13   216 0.96 -
evm.utg320.87.1.5c22eef5               -            430 184717at33208        -            511  5.8e-193  643.5  11.8   2   3   2.2e-75   1.2e-72  246.6   0.1   176   315   218   371   214   384 0.91 -
evm.utg320.87.1.5c22eef5               -            430 184717at33208        -            511  5.8e-193  643.5  11.8   3   3    0.0022       1.2    9.1   0.0    97   124   383   410   379   422 0.86 -
evm.utg320.87.2.5c22eef5               -            434 184717at33208        -            511  1.3e-190  635.8   9.2   1   2  1.9e-119    1e-116  392.0   4.2     1   189    13   209    13   215 0.96 -
evm.utg320.87.2.5c22eef5               -            434 184717at33208        -            511  1.3e-190  635.8   9.2   2   2   1.9e-75     1e-72  246.8   0.3   175   315   217   371   207   391 0.91 -
evm.utg320.87.2.5c22eef5.1.5c27937f    -            366 184717at33208        -            511  1.4e-188  629.1   9.6   1   2  1.3e-119  6.7e-117  392.6   4.2     1   189    13   209    13   215 0.96 -
evm.utg320.87.2.5c22eef5.1.5c27937f    -            366 184717at33208        -            511  1.4e-188  629.1   9.6   2   2   2.4e-73   1.3e-70  239.9   0.4   175   301   217   348   207   359 0.94 -
evm.utg420.122                         -           1321 184717at33208        -            511   2.3e-14   54.3   0.5   1   4     0.037        20    5.0   0.0    96   126   440   470   426   491 0.84 -
evm.utg420.122                         -           1321 184717at33208        -            511   2.3e-14   54.3   0.5   2   4   1.3e-07     7e-05   23.0   0.0   164   372   531   744   512   793 0.75 -
evm.utg420.122                         -           1321 184717at33208        -            511   2.3e-14   54.3   0.5   3   4      0.43   2.3e+02    1.5   0.0    95   117  1101  1123  1091  1133 0.89 -
evm.utg420.122                         -           1321 184717at33208        -            511   2.3e-14   54.3   0.5   4   4   1.7e-06   0.00093   19.3   0.0   172   254  1203  1289  1183  1299 0.78 -
evm.utg3790.17.4.5c22eff8              -            545 184717at33208        -            511     5e-14   53.2   0.0   1   3     0.032        17    5.3   0.0    96   119    36    59    30    64 0.88 -
evm.utg3790.17.4.5c22eff8              -            545 184717at33208        -            511     5e-14   53.2   0.0   2   3   1.3e-05    0.0068   16.5   0.0   178   249   159   232   149   244 0.82 -
evm.utg3790.17.4.5c22eff8              -            545 184717at33208        -            511     5e-14   53.2   0.0   3   3   5.6e-09     3e-06   27.5   0.0    76   245   333   510   325   530 0.75 -
evm.utg3790.17.1.5c22eff8              -            645 184717at33208        -            511   1.1e-13   52.1   0.0   1   3     0.038        21    5.0   0.0    96   119   136   159   130   164 0.88 -
evm.utg3790.17.1.5c22eff8              -            645 184717at33208        -            511   1.1e-13   52.1   0.0   2   3   1.7e-05    0.0089   16.1   0.0   178   249   259   332   249   343 0.82 -
evm.utg3790.17.1.5c22eff8              -            645 184717at33208        -            511   1.1e-13   52.1   0.0   3   3   7.8e-09   4.2e-06   27.1   0.0    76   245   433   610   425   630 0.75 -
evm.utg3790.17                         -            731 184717at33208        -            511   1.8e-13   51.4   0.0   1   3     0.044        24    4.8   0.0    96   119   222   245   216   250 0.88 -
evm.utg3790.17                         -            731 184717at33208        -            511   1.8e-13   51.4   0.0   2   3     2e-05     0.011   15.8   0.0   178   249   345   418   335   429 0.82 -
evm.utg3790.17                         -            731 184717at33208        -            511   1.8e-13   51.4   0.0   3   3   9.9e-09   5.3e-06   26.7   0.0    76   245   519   696   511   716 0.75 -
evm.utg3790.17.5.5c22eff8              -            683 184717at33208        -            511   2.9e-12   47.4   0.0   1   3     0.041        22    4.9   0.0    96   119   222   245   216   250 0.88 -
evm.utg3790.17.5.5c22eff8              -            683 184717at33208        -            511   2.9e-12   47.4   0.0   2   3   1.8e-05    0.0096   16.0   0.0   178   249   345   418   335   429 0.82 -
evm.utg3790.17.5.5c22eff8              -            683 184717at33208        -            511   2.9e-12   47.4   0.0   3   3     2e-07    0.0001   22.4   0.0    76   226   519   675   511   681 0.78 -
evm.utg3790.17.4.5c22eff8.2.5c279457   -            388 184717at33208        -            511   3.7e-12   47.0   0.0   1   2   1.4e-05    0.0073   16.4   0.0   181   249     5    75     1    87 0.81 -
evm.utg3790.17.4.5c22eff8.2.5c279457   -            388 184717at33208        -            511   3.7e-12   47.0   0.0   2   2   2.6e-09   1.4e-06   28.6   0.0    76   245   176   353   168   373 0.75 -
evm.utg1285.24                         -            686 184717at33208        -            511   8.7e-12   45.8   0.3   1   3     0.039        21    4.9   0.0    96   121   162   187   142   203 0.85 -
evm.utg1285.24                         -            686 184717at33208        -            511   8.7e-12   45.8   0.3   2   3    0.0015      0.78    9.7   0.0   381   458   282   357   272   405 0.71 -
evm.utg1285.24                         -            686 184717at33208        -            511   8.7e-12   45.8   0.3   3   3   8.7e-09   4.7e-06   26.9   0.0    98   240   495   643   463   655 0.71 -
evm.utg4796.12                         -            714 184717at33208        -            511   2.8e-11   44.1   0.1   1   3     0.043        23    4.8   0.0    96   119   223   246   217   251 0.88 -
evm.utg4796.12                         -            714 184717at33208        -            511   2.8e-11   44.1   0.1   2   3   3.1e-05     0.017   15.2   0.0   180   249   348   419   334   430 0.82 -
evm.utg4796.12                         -            714 184717at33208        -            511   2.8e-11   44.1   0.1   3   3   1.1e-06    0.0006   19.9   0.0    77   247   521   700   512   709 0.73 -
evm.utg55.66                           -            608 184717at33208        -            511   5.3e-10   39.9   0.0   1   3      0.45   2.4e+02    1.5   0.0    97   118    93   114    84   121 0.82 -
evm.utg55.66                           -            608 184717at33208        -            511   5.3e-10   39.9   0.0   2   3    0.0015       0.8    9.6   0.0   176   250   203   279   118   293 0.81 -
evm.utg55.66                           -            608 184717at33208        -            511   5.3e-10   39.9   0.0   3   3   3.9e-08   2.1e-05   24.8   0.0   100   249   409   566   395   582 0.79 -
evm.utg114.8.7.3.5c278f0f              -           1881 184717at33208        -            511   2.2e-09   37.9   0.0   1   2   1.4e-06   0.00072   19.7   0.0    96   222   531   675   514   730 0.72 -
evm.utg114.8.7.3.5c278f0f              -           1881 184717at33208        -            511   2.2e-09   37.9   0.0   2   2   3.2e-05     0.017   15.1   0.0    89   217  1483  1628  1462  1651 0.70 -
evm.utg114.8.7                         -           1881 184717at33208        -            511   2.2e-09   37.9   0.0   1   2   1.4e-06   0.00072   19.7   0.0    96   222   531   675   514   730 0.72 -
evm.utg114.8.7                         -           1881 184717at33208        -            511   2.2e-09   37.9   0.0   2   2   3.2e-05     0.017   15.1   0.0    89   217  1483  1628  1462  1651 0.70 -
evm.utg114.8.7.1.5c278f0f              -           1895 184717at33208        -            511   2.9e-09   37.5   0.0   1   2   2.2e-06    0.0012   19.0   0.0    96   222   548   692   542   737 0.69 -
evm.utg114.8.7.1.5c278f0f              -           1895 184717at33208        -            511   2.9e-09   37.5   0.0   2   2   3.2e-05     0.017   15.1   0.0    89   217  1497  1642  1476  1665 0.70 -
evm.utg114.8.7.2.5c278f0f              -           1897 184717at33208        -            511   2.9e-09   37.5   0.0   1   2   2.2e-06    0.0012   19.0   0.0    96   222   548   692   542   737 0.69 -
evm.utg114.8.7.2.5c278f0f              -           1897 184717at33208        -            511   2.9e-09   37.5   0.0   2   2   3.2e-05     0.017   15.1   0.0    89   217  1499  1644  1478  1667 0.70 -
evm.utg526.1.2.1.5c2795e6              -           1897 184717at33208        -            511   3.6e-09   37.2   0.0   1   2     3e-06    0.0016   18.5   0.0    96   223   548   693   542   750 0.70 -
evm.utg526.1.2.1.5c2795e6              -           1897 184717at33208        -            511   3.6e-09   37.2   0.0   2   2   2.8e-05     0.015   15.3   0.0    72   217  1479  1644  1471  1659 0.68 -
evm.utg3790.17.2.5c22eff8              -            712 184717at33208        -            511   8.8e-09   35.9   0.0   1   3     0.043        23    4.8   0.0    96   119   222   245   216   250 0.88 -
evm.utg3790.17.2.5c22eff8              -            712 184717at33208        -            511   8.8e-09   35.9   0.0   2   3   1.9e-05      0.01   15.9   0.0   178   249   345   418   335   429 0.82 -
evm.utg3790.17.2.5c22eff8              -            712 184717at33208        -            511   8.8e-09   35.9   0.0   3   3   0.00053      0.28   11.1   0.0    76   128   519   572   511   648 0.83 -
evm.utg1565.11                         -           1560 184717at33208        -            511   1.3e-08   35.3   4.5   1   3     4e-06    0.0021   18.1   0.0   379   462   675   761   603   791 0.63 -
evm.utg1565.11                         -           1560 184717at33208        -            511   1.3e-08   35.3   4.5   2   3     0.038        21    5.0   0.0    84   127  1333  1377  1325  1397 0.82 -
evm.utg1565.11                         -           1560 184717at33208        -            511   1.3e-08   35.3   4.5   3   3   0.00046      0.25   11.3   0.2   365   474  1437  1548  1427  1553 0.76 -
evm.utg163.5                           -           1403 184717at33208        -            511     4e-08   33.7   2.5   1   3   1.8e-05    0.0096   16.0   0.1    97   418   575   705   568   756 0.52 -
evm.utg163.5                           -           1403 184717at33208        -            511     4e-08   33.7   2.5   2   3      0.35   1.9e+02    1.8   0.0    95   113  1189  1207  1171  1222 0.86 -
evm.utg163.5                           -           1403 184717at33208        -            511     4e-08   33.7   2.5   3   3   0.00015     0.079   13.0   0.0   362   472  1278  1390  1269  1397 0.77 -
evm.utg408.20                          -            822 184717at33208        -            511   8.6e-08   32.6   0.2   1   3       2.8   1.5e+03   -1.2   0.0   282   321   369   409   351   420 0.80 -
evm.utg408.20                          -            822 184717at33208        -            511   8.6e-08   32.6   0.2   2   3     0.015       8.3    6.3   0.0    95   126   552   583   540   588 0.89 -
evm.utg408.20                          -            822 184717at33208        -            511   8.6e-08   32.6   0.2   3   3   1.8e-07   9.4e-05   22.6   0.0   179   261   661   747   624   758 0.81 -
evm.utg622.50                          -           1696 184717at33208        -            511   1.3e-07   32.0   0.0   1   2   9.1e-05     0.049   13.6   0.0    96   249   543   718   537   768 0.71 -
evm.utg622.50                          -           1696 184717at33208        -            511   1.3e-07   32.0   0.0   2   2   0.00023      0.12   12.3   0.0    97   244  1406  1576  1397  1593 0.65 -
evm.utg4172.39                         -            822 184717at33208        -            511   1.7e-07   31.6   0.3   1   3       8.2   4.4e+03   -2.7   0.0   283   321   370   409   360   417 0.75 -
evm.utg4172.39                         -            822 184717at33208        -            511   1.7e-07   31.6   0.3   2   3     0.016       8.5    6.2   0.0    95   126   552   583   543   588 0.89 -
evm.utg4172.39                         -            822 184717at33208        -            511   1.7e-07   31.6   0.3   3   3   1.9e-07    0.0001   22.5   0.0   179   261   661   747   627   758 0.82 -
utg5290.equina_smart_1875238.mrna2     -           1431 184717at33208        -            511   1.9e-07   31.5   1.4   1   4      0.91   4.9e+02    0.4   0.0    96   126   603   633   593   660 0.88 -
utg5290.equina_smart_1875238.mrna2     -           1431 184717at33208        -            511   1.9e-07   31.5   1.4   2   4   1.9e-05      0.01   15.9   0.0   383   458   699   776   663   802 0.78 -
utg5290.equina_smart_1875238.mrna2     -           1431 184717at33208        -            511   1.9e-07   31.5   1.4   3   4      0.69   3.7e+02    0.9   0.0    95   112  1252  1269  1234  1278 0.87 -
utg5290.equina_smart_1875238.mrna2     -           1431 184717at33208        -            511   1.9e-07   31.5   1.4   4   4    0.0018      0.95    9.4   0.0   362   439  1341  1418  1332  1427 0.78 -
evm.utg245.49                          -           2365 184717at33208        -            511     2e-07   31.4   0.1   1   4      0.11        59    3.5   0.0    96   127  1065  1096  1050  1110 0.89 -
evm.utg245.49                          -           2365 184717at33208        -            511     2e-07   31.4   0.1   2   4     0.006       3.2    7.7   0.0   383   459  1170  1247  1152  1270 0.82 -
evm.utg245.49                          -           2365 184717at33208        -            511     2e-07   31.4   0.1   3   4    0.0048       2.6    8.0   0.0    95   120  2049  2074  2018  2089 0.81 -
evm.utg245.49                          -           2365 184717at33208        -            511     2e-07   31.4   0.1   4   4     0.015       7.8    6.4   0.0   367   460  2137  2234  2115  2249 0.73 -
evm.utg420.122.1.5c22f0ba.1.5c2794f9   -            786 184717at33208        -            511   2.1e-07   31.3   0.1   1   2     0.021        11    5.9   0.0    96   126   440   470   425   489 0.84 -
evm.utg420.122.1.5c22f0ba.1.5c2794f9   -            786 184717at33208        -            511   2.1e-07   31.3   0.1   2   2   1.1e-07   5.6e-05   23.3   0.0   164   367   531   739   514   748 0.73 -
evm.utg420.122.1.5c22f0ba              -           1085 184717at33208        -            511   2.7e-07   31.0   0.1   1   2      0.03        16    5.3   0.0    96   126   440   470   426   490 0.84 -
evm.utg420.122.1.5c22f0ba              -           1085 184717at33208        -            511   2.7e-07   31.0   0.1   2   2   9.6e-08   5.2e-05   23.5   0.0   164   372   531   744   513   793 0.75 -
evm.utg2247.3                          -           1297 184717at33208        -            511     8e-07   29.4   0.2   1   2   7.4e-07    0.0004   20.5   0.0   165   246   566   652   474   673 0.75 -
evm.utg2247.3                          -           1297 184717at33208        -            511     8e-07   29.4   0.2   2   2     0.013       6.9    6.6   0.1   185   438  1191  1244  1166  1284 0.63 -
evm.utg4567.5                          -           1966 184717at33208        -            511   9.6e-07   29.2   0.0   1   2   1.3e-06   0.00069   19.7   0.0   145   259  1216  1332  1140  1351 0.72 -
evm.utg4567.5                          -           1966 184717at33208        -            511   9.6e-07   29.2   0.0   2   2     0.011       5.8    6.8   0.0   385   459  1860  1933  1810  1950 0.71 -
evm.utg456.11                          -           1291 184717at33208        -            511   1.9e-06   28.2   0.1   1   2   1.9e-06     0.001   19.2   0.0   162   244   562   649   476   670 0.72 -
evm.utg456.11                          -           1291 184717at33208        -            511   1.9e-06   28.2   0.1   2   2     0.015         8    6.3   0.0   185   434  1190  1239  1172  1278 0.63 -
evm.utg2073.24                         -           1295 184717at33208        -            511   2.4e-06   27.8   0.2   1   2   1.1e-06   0.00057   20.0   0.1    97   279   483   678   473   691 0.73 -
evm.utg2073.24                         -           1295 184717at33208        -            511   2.4e-06   27.8   0.2   2   2     0.031        16    5.3   0.0   352   460  1152  1262  1132  1280 0.72 -
evm.utg761.29                          -           1148 184717at33208        -            511   5.2e-06   26.7   3.2   1   3     4e-06    0.0022   18.1   0.1    98   257   384   557   364   578 0.71 -
evm.utg761.29                          -           1148 184717at33208        -            511   5.2e-06   26.7   3.2   2   3      0.97   5.2e+02    0.4   0.0    95   115   927   947   905   954 0.83 -
evm.utg761.29                          -           1148 184717at33208        -            511   5.2e-06   26.7   3.2   3   3     0.011       5.9    6.8   0.2   365   457  1019  1110  1006  1142 0.63 -
evm.utg456.37.39                       -           1294 184717at33208        -            511   5.8e-06   26.6   0.1   1   2   6.4e-06    0.0034   17.5   0.0   162   249   561   653   475   671 0.73 -
evm.utg456.37.39                       -           1294 184717at33208        -            511   5.8e-06   26.6   0.1   2   2     0.012       6.5    6.6   0.0   184   437  1188  1241  1149  1281 0.66 -
evm.utg82.31                           -           1070 184717at33208        -            511     6e-06   26.5   0.0   1   1   1.8e-08   9.4e-06   25.9   0.0    97   260   438   615   433   631 0.72 -
evm.utg1663.10.2.5c22eb9c              -            847 184717at33208        -            511   6.1e-06   26.5   0.0   1   2      0.25   1.4e+02    2.3   0.0    95   117   594   616   561   621 0.86 -
evm.utg1663.10.2.5c22eb9c              -            847 184717at33208        -            511   6.1e-06   26.5   0.0   2   2   2.8e-07   0.00015   21.9   0.0   172   245   694   771   674   785 0.79 -
evm.utg1663.10                         -            906 184717at33208        -            511   6.5e-06   26.4   0.0   1   2      0.27   1.5e+02    2.2   0.0    95   117   653   675   620   680 0.86 -
evm.utg1663.10                         -            906 184717at33208        -            511   6.5e-06   26.4   0.0   2   2   3.1e-07   0.00016   21.8   0.0   172   245   753   830   733   844 0.79 -
evm.utg526.1.2.4.5c2795e6              -           1363 184717at33208        -            511   6.5e-06   26.4   0.2   1   3     0.015       7.8    6.4   0.1    96   128    49    81    34    97 0.83 -
evm.utg526.1.2.4.5c2795e6              -           1363 184717at33208        -            511   6.5e-06   26.4   0.2   2   3         2   1.1e+03   -0.7   0.0   396   470   154   229   135   257 0.66 -
evm.utg526.1.2.4.5c2795e6              -           1363 184717at33208        -            511   6.5e-06   26.4   0.2   3   3   3.3e-05     0.018   15.1   0.0    88   216   980  1125   959  1139 0.68 -
evm.utg526.1.2                         -           1363 184717at33208        -            511   6.6e-06   26.4   0.2   1   3     0.015       7.8    6.4   0.1    96   128    49    81    34    97 0.83 -
evm.utg526.1.2                         -           1363 184717at33208        -            511   6.6e-06   26.4   0.2   2   3         2   1.1e+03   -0.7   0.0   396   470   154   229   135   257 0.66 -
evm.utg526.1.2                         -           1363 184717at33208        -            511   6.6e-06   26.4   0.2   3   3   3.3e-05     0.018   15.1   0.0    88   216   980  1125   959  1139 0.68 -
evm.utg761.28                          -           1148 184717at33208        -            511     8e-06   26.1   2.8   1   3   6.6e-06    0.0035   17.4   0.0    99   255   506   676   486   726 0.72 -
evm.utg761.28                          -           1148 184717at33208        -            511     8e-06   26.1   2.8   2   3       1.1   6.1e+02    0.1   0.0    95   115   927   947   911   953 0.85 -
evm.utg761.28                          -           1148 184717at33208        -            511     8e-06   26.1   2.8   3   3     0.012       6.2    6.7   0.2   365   457  1019  1110  1006  1141 0.62 -
evm.utg456.9                           -            721 184717at33208        -            511   1.1e-05   25.7   0.3   1   2   2.8e-05     0.015   15.4   0.0   180   251     6    82     1   120 0.75 -
evm.utg456.9                           -            721 184717at33208        -            511   1.1e-05   25.7   0.3   2   2    0.0048       2.5    8.0   0.0   384   444   615   675   594   711 0.64 -
evm.utg734.27                          -            580 184717at33208        -            511     2e-05   24.8   0.0   1   2      0.38     2e+02    1.7   0.0    96   123   345   372   329   388 0.85 -
evm.utg734.27                          -            580 184717at33208        -            511     2e-05   24.8   0.0   2   2   6.3e-07   0.00034   20.8   0.0   165   242   437   518   420   547 0.79 -
evm.utg8494.24                         -           1565 184717at33208        -            511     2e-05   24.8   6.8   1   4     0.094        50    3.7   0.1    95   122   732   759   725   766 0.83 -
evm.utg8494.24                         -           1565 184717at33208        -            511     2e-05   24.8   6.8   2   4   1.4e-05    0.0073   16.4   0.1   383   457   824   898   817   922 0.77 -
evm.utg8494.24                         -           1565 184717at33208        -            511     2e-05   24.8   6.8   3   4       6.8   3.6e+03   -2.4   0.1    96   115  1355  1374  1353  1378 0.85 -
evm.utg8494.24                         -           1565 184717at33208        -            511     2e-05   24.8   6.8   4   4     0.014       7.7    6.4   0.0   383   472  1463  1554  1451  1561 0.76 -
evm.utg31822.4                         -            881 184717at33208        -            511     2e-05   24.8   0.0   1   2      0.79   4.2e+02    0.7   0.0    95   117   627   649   593   654 0.78 -
evm.utg31822.4                         -            881 184717at33208        -            511     2e-05   24.8   0.0   2   2   3.7e-07    0.0002   21.5   0.0   172   245   727   804   709   818 0.80 -
evm.utg3790.17.3.5c22eff8.1.5c279457   -            461 184717at33208        -            511   2.1e-05   24.8   0.0   1   2     0.026        14    5.5   0.0    96   119   222   245   216   250 0.88 -
evm.utg3790.17.3.5c22eff8.1.5c279457   -            461 184717at33208        -            511   2.1e-05   24.8   0.0   2   2   8.9e-06    0.0047   17.0   0.0   178   249   345   418   334   437 0.82 -
evm.utg888.21                          -           1440 184717at33208        -            511   2.1e-05   24.8   0.8   1   3     1e-05    0.0055   16.8   0.0    95   217   515   646   507   689 0.79 -
evm.utg888.21                          -           1440 184717at33208        -            511   2.1e-05   24.8   0.8   2   3      0.32   1.7e+02    1.9   0.0    89   117  1157  1185  1138  1201 0.82 -
evm.utg888.21                          -           1440 184717at33208        -            511   2.1e-05   24.8   0.8   3   3      0.22   1.2e+02    2.5   0.0   379   458  1268  1346  1247  1369 0.70 -
evm.utg1663.10.1.5c22eb9c              -            860 184717at33208        -            511   2.5e-05   24.5   0.0   1   2      0.26   1.4e+02    2.3   0.0    95   117   653   675   620   680 0.86 -
evm.utg1663.10.1.5c22eb9c              -            860 184717at33208        -            511   2.5e-05   24.5   0.0   2   2   1.3e-06   0.00067   19.8   0.0   172   241   753   826   732   849 0.75 -
evm.utg456.30                          -            371 184717at33208        -            511   3.2e-05   24.1   0.0   1   1   8.3e-08   4.4e-05   23.7   0.0   166   258   213   310   202   355 0.79 -
evm.utg82.29                           -           1403 184717at33208        -            511   3.3e-05   24.1   0.7   1   3   1.2e-06   0.00066   19.8   0.1    95   256   440   615   422   625 0.77 -
evm.utg82.29                           -           1403 184717at33208        -            511   3.3e-05   24.1   0.7   2   3       3.5   1.9e+03   -1.5   0.0    96   118  1108  1130  1100  1138 0.83 -
evm.utg82.29                           -           1403 184717at33208        -            511   3.3e-05   24.1   0.7   3   3       0.7   3.8e+02    0.8   0.0   382   457  1215  1289  1200  1321 0.75 -
evm.utg3790.17.3.5c22eff8              -            552 184717at33208        -            511   3.6e-05   24.0   0.0   1   2     0.032        17    5.2   0.0    96   119   222   245   216   250 0.88 -
evm.utg3790.17.3.5c22eff8              -            552 184717at33208        -            511   3.6e-05   24.0   0.0   2   2   1.3e-05     0.007   16.4   0.0   178   249   345   418   335   430 0.82 -
evm.utg1555.30                         -            720 184717at33208        -            511   3.8e-05   23.9   0.0   1   2       0.6   3.2e+02    1.0   0.0    96   123   485   512   471   528 0.84 -
evm.utg1555.30                         -            720 184717at33208        -            511   3.8e-05   23.9   0.0   2   2   8.6e-07   0.00046   20.3   0.0   165   242   577   658   560   687 0.79 -
utg114.evm.utg526.1.2.4.5c2795e6.mrna2 -           1324 184717at33208        -            511   4.2e-05   23.8   0.1   1   3     0.023        12    5.7   0.1    97   128     4    35     2    51 0.83 -
utg114.evm.utg526.1.2.4.5c2795e6.mrna2 -           1324 184717at33208        -            511   4.2e-05   23.8   0.1   2   3       2.1   1.1e+03   -0.8   0.0   397   469   109   182    89   210 0.66 -
utg114.evm.utg526.1.2.4.5c2795e6.mrna2 -           1324 184717at33208        -            511   4.2e-05   23.8   0.1   3   3   0.00016     0.085   12.8   0.0    87   217   935  1082   916  1108 0.68 -
evm.utg888.17                          -           1377 184717at33208        -            511   5.1e-05   23.5   0.1   1   3   1.4e-05    0.0075   16.3   0.0    99   219   451   580   425   634 0.70 -
evm.utg888.17                          -           1377 184717at33208        -            511   5.1e-05   23.5   0.1   2   3      0.72   3.8e+02    0.8   0.0    87   117  1085  1116  1069  1135 0.77 -
evm.utg888.17                          -           1377 184717at33208        -            511   5.1e-05   23.5   0.1   3   3      0.34   1.8e+02    1.9   0.0   385   475  1205  1297  1192  1310 0.71 -
evm.utg888.17.1.5c22f4d2               -           1377 184717at33208        -            511   5.1e-05   23.5   0.1   1   3   1.4e-05    0.0075   16.3   0.0    99   219   451   580   425   634 0.70 -
evm.utg888.17.1.5c22f4d2               -           1377 184717at33208        -            511   5.1e-05   23.5   0.1   2   3      0.72   3.8e+02    0.8   0.0    87   117  1085  1116  1069  1135 0.77 -
evm.utg888.17.1.5c22f4d2               -           1377 184717at33208        -            511   5.1e-05   23.5   0.1   3   3      0.34   1.8e+02    1.9   0.0   385   475  1205  1297  1192  1310 0.71 -
evm.utg1724.12                         -           1090 184717at33208        -            511   6.3e-05   23.2   3.9   1   3   6.3e-06    0.0034   17.5   0.0    98   260   280   456   244   469 0.73 -
evm.utg1724.12                         -           1090 184717at33208        -            511   6.3e-05   23.2   3.9   2   3       1.7   8.9e+02   -0.4   0.1    95   115   869   889   860   894 0.85 -
evm.utg1724.12                         -           1090 184717at33208        -            511   6.3e-05   23.2   3.9   3   3     0.039        21    5.0   0.2   366   457   962  1052   948  1084 0.56 -
evm.utg82.29.1.5c22f470                -           1321 184717at33208        -            511   0.00012   22.3   1.3   1   3   1.1e-06    0.0006   20.0   0.1    95   256   440   615   421   625 0.77 -
evm.utg82.29.1.5c22f470                -           1321 184717at33208        -            511   0.00012   22.3   1.3   2   3       3.3   1.7e+03   -1.4   0.0    96   118  1108  1130  1100  1138 0.83 -
evm.utg82.29.1.5c22f470                -           1321 184717at33208        -            511   0.00012   22.3   1.3   3   3       3.1   1.7e+03   -1.3   0.0   383   431  1216  1262  1205  1305 0.68 -
evm.utg577.101                         -            691 184717at33208        -            511   0.00012   22.3   0.1   1   2      0.45   2.4e+02    1.5   0.0    86   126   460   499   452   519 0.82 -
evm.utg577.101                         -            691 184717at33208        -            511   0.00012   22.3   0.1   2   2   3.2e-06    0.0017   18.4   0.0   167   252   566   655   536   676 0.59 -
evm.utg505.29                          -           2356 184717at33208        -            511   0.00014   22.0   0.1   1   4      0.26   1.4e+02    2.3   0.0    96   126   971  1001   965  1008 0.88 -
evm.utg505.29                          -           2356 184717at33208        -            511   0.00014   22.0   0.1   2   4     0.063        34    4.3   0.0   381   457  1074  1150  1049  1181 0.76 -
evm.utg505.29                          -           2356 184717at33208        -            511   0.00014   22.0   0.1   3   4    0.0049       2.6    7.9   0.0    86   122  1992  2029  1973  2043 0.75 -
evm.utg505.29                          -           2356 184717at33208        -            511   0.00014   22.0   0.1   4   4      0.41   2.2e+02    1.6   0.0   184   242  2109  2163  2098  2211 0.82 -
evm.utg526.1.2.2.5c2795e6              -           1071 184717at33208        -            511   0.00015   21.9   0.4   1   3     0.011         6    6.8   0.1    96   128    49    81    34    97 0.83 -
evm.utg526.1.2.2.5c2795e6              -           1071 184717at33208        -            511   0.00015   21.9   0.4   2   3       1.5   8.1e+02   -0.3   0.0   396   470   154   229   135   257 0.66 -
evm.utg526.1.2.2.5c2795e6              -           1071 184717at33208        -            511   0.00015   21.9   0.4   3   3    0.0005      0.27   11.2   0.0    88   126   980  1017   959  1035 0.76 -
evm.utg82.29.1.5c22f470.1.5c279807     -            956 184717at33208        -            511   0.00018   21.7   0.1   1   1   6.8e-07   0.00036   20.7   0.1    95   256   440   615   421   626 0.77 -
evm.utg761.30                          -           1153 184717at33208        -            511    0.0002   21.5   3.4   1   3   1.1e-05    0.0059   16.7   0.1    99   257   491   663   471   686 0.68 -
evm.utg761.30                          -           1153 184717at33208        -            511    0.0002   21.5   3.4   2   3       4.1   2.2e+03   -1.7   0.0    96   115   933   952   916   956 0.84 -
evm.utg761.30                          -           1153 184717at33208        -            511    0.0002   21.5   3.4   3   3     0.062        33    4.3   0.1   367   457  1026  1115  1013  1144 0.57 -
evm.utg77.17.1.5c22f415                -            556 184717at33208        -            511   0.00022   21.4   0.8   1   2      0.15        82    3.0   0.1    95   123   321   349   312   356 0.85 -
evm.utg77.17.1.5c22f415                -            556 184717at33208        -            511   0.00022   21.4   0.8   2   2     1e-05    0.0054   16.8   0.1   347   456   396   503   373   529 0.74 -
evm.utg378.64                          -            500 184717at33208        -            511   0.00022   21.4   0.0   1   2     0.011       6.1    6.7   0.0    96   120    43    67    12    79 0.84 -
evm.utg378.64                          -            500 184717at33208        -            511   0.00022   21.4   0.0   2   2   0.00025      0.13   12.2   0.0   178   230   145   197   125   213 0.71 -
evm.utg114.8.7.4.5c278f0f              -           1422 184717at33208        -            511   0.00024   21.3   0.0   1   1     1e-06   0.00055   20.1   0.0    96   221   531   674   515   718 0.71 -
evm.utg7090.7                          -           1150 184717at33208        -            511   0.00025   21.2   0.4   1   2     2e-05     0.011   15.8   0.0   104   252   334   495   320   502 0.70 -
evm.utg7090.7                          -           1150 184717at33208        -            511   0.00025   21.2   0.4   2   2      0.21   1.1e+02    2.5   0.0   181   246  1041  1111  1019  1133 0.74 -
evm.utg1609.18                         -           1361 184717at33208        -            511   0.00025   21.2   0.6   1   3   0.00024      0.13   12.3   0.0   385   455   644   714   633   738 0.54 -
evm.utg1609.18                         -           1361 184717at33208        -            511   0.00025   21.2   0.6   2   3       2.4   1.3e+03   -1.0   0.1    94   123  1139  1167  1129  1170 0.79 -
evm.utg1609.18                         -           1361 184717at33208        -            511   0.00025   21.2   0.6   3   3     0.031        17    5.3   0.0   184   219  1249  1284  1238  1340 0.64 -
evm.utg7217.49                         -           1564 184717at33208        -            511   0.00026   21.2   1.7   1   3       7.3   3.9e+03   -2.5   0.2    95   121   578   605   575   611 0.79 -
evm.utg7217.49                         -           1564 184717at33208        -            511   0.00026   21.2   1.7   2   3    0.0014      0.76    9.7   0.0   383   419   675   711   664   759 0.76 -
evm.utg7217.49                         -           1564 184717at33208        -            511   0.00026   21.2   1.7   3   3    0.0013      0.72    9.8   0.0   380   458  1385  1462  1364  1483 0.75 -
evm.utg293.52                          -           1279 184717at33208        -            511   0.00034   20.8   0.8   1   2   3.1e-05     0.016   15.2   0.0   103   243   462   616   449   630 0.68 -
evm.utg293.52                          -           1279 184717at33208        -            511   0.00034   20.8   0.8   2   2      0.13        69    3.3   0.0   177   246  1166  1240  1146  1264 0.71 -
evm.utg17212.10                        -           1312 184717at33208        -            511   0.00035   20.7   0.4   1   2     1e-05    0.0055   16.8   0.0   167   254   572   664   492   674 0.80 -
evm.utg17212.10                        -           1312 184717at33208        -            511   0.00035   20.7   0.4   2   2      0.37     2e+02    1.7   0.1   171   229  1184  1243  1167  1278 0.67 -
evm.utg12900.3                         -            655 184717at33208        -            511   0.00039   20.6   0.1   1   1   2.2e-05     0.012   15.7   0.1    95   229    38   195    35   234 0.73 -
evm.utg1900.29                         -            730 184717at33208        -            511   0.00044   20.4   0.1   1   1   1.8e-05    0.0095   16.0   0.1    95   229    38   195    34   234 0.72 -
evm.utg77.17                           -            798 184717at33208        -            511   0.00049   20.2   0.7   1   2      0.24   1.3e+02    2.4   0.1    95   123   563   591   555   597 0.85 -
evm.utg77.17                           -            798 184717at33208        -            511   0.00049   20.2   0.7   2   2   1.8e-05    0.0097   16.0   0.1   347   456   638   745   615   770 0.74 -
utg2246.evm.utg712.4.5.mrna2           -            956 184717at33208        -            511   0.00073   19.7   0.3   1   3   0.00018     0.094   12.7   0.0   174   313   239   373   128   387 0.66 -
utg2246.evm.utg712.4.5.mrna2           -            956 184717at33208        -            511   0.00073   19.7   0.3   2   3         6   3.2e+03   -2.3   0.0    96   114   740   758   737   767 0.84 -
utg2246.evm.utg712.4.5.mrna2           -            956 184717at33208        -            511   0.00073   19.7   0.3   3   3     0.087        46    3.8   0.0   185   435   850   900   819   942 0.65 -
evm.utg2246.93                         -            922 184717at33208        -            511   0.00084   19.5   0.2   1   3   0.00019       0.1   12.6   0.0   172   218   230   276   135   328 0.80 -
evm.utg2246.93                         -            922 184717at33208        -            511   0.00084   19.5   0.2   2   3       5.3   2.8e+03   -2.1   0.0    96   114   708   726   704   735 0.84 -
evm.utg2246.93                         -            922 184717at33208        -            511   0.00084   19.5   0.2   3   3     0.087        46    3.8   0.0   185   435   818   868   788   912 0.65 -
evm.utg4054.2                          -           2281 184717at33208        -            511    0.0018   18.4   0.1   1   4      0.15        79    3.1   0.0    97   128   942   973   935  1085 0.69 -
evm.utg4054.2                          -           2281 184717at33208        -            511    0.0018   18.4   0.1   2   4         1   5.6e+02    0.3   0.0   183   420  1046  1083  1016  1110 0.65 -
evm.utg4054.2                          -           2281 184717at33208        -            511    0.0018   18.4   0.1   3   4    0.0045       2.4    8.0   0.0    86   123  1917  1955  1899  1979 0.77 -
evm.utg4054.2                          -           2281 184717at33208        -            511    0.0018   18.4   0.1   4   4       0.5   2.7e+02    1.3   0.0   184   242  2034  2088  2014  2135 0.80 -
evm.utg219.52                          -            534 184717at33208        -            511     0.002   18.2   0.0   1   1   6.3e-05     0.034   14.2   0.0    97   245   244   415   234   437 0.67 -
evm.utg17212.10.1.5c22ebd0             -            962 184717at33208        -            511    0.0024   18.0   0.0   1   1   6.8e-06    0.0036   17.4   0.0   167   254   572   664   492   674 0.80 -
evm.utg2246.89                         -            785 184717at33208        -            511    0.0027   17.8   0.5   1   3   0.00022      0.12   12.4   0.0   172   218    67   113    46   164 0.80 -
evm.utg2246.89                         -            785 184717at33208        -            511    0.0027   17.8   0.5   2   3       4.6   2.5e+03   -1.9   0.0    96   114   569   587   565   596 0.84 -
evm.utg2246.89                         -            785 184717at33208        -            511    0.0027   17.8   0.5   3   3      0.23   1.2e+02    2.4   0.0   385   456   679   749   646   773 0.60 -
evm.utg1073.13                         -           1230 184717at33208        -            511    0.0031   17.6   1.6   1   3    0.0018      0.95    9.4   0.0   171   221   503   555   456   597 0.79 -
evm.utg1073.13                         -           1230 184717at33208        -            511    0.0031   17.6   1.6   2   3       1.4   7.5e+02   -0.2   0.0    79   114   996  1033   990  1042 0.72 -
evm.utg1073.13                         -           1230 184717at33208        -            511    0.0031   17.6   1.6   3   3     0.037        20    5.1   0.1   384   458  1124  1197  1100  1219 0.76 -
evm.utg1272.151                        -            686 184717at33208        -            511    0.0038   17.3   0.0   1   1   1.1e-05    0.0061   16.6   0.0   100   221   490   620   478   674 0.66 -
evm.utg2247.2                          -            651 184717at33208        -            511    0.0041   17.2   0.0   1   1   1.1e-05    0.0057   16.7   0.0   167   219   567   619   478   647 0.82 -
evm.utg479.59                          -            598 184717at33208        -            511    0.0048   17.0   0.0   1   2       2.2   1.2e+03   -0.8   0.1    96   126   403   433   397   438 0.88 -
evm.utg479.59                          -            598 184717at33208        -            511    0.0048   17.0   0.0   2   2   4.4e-05     0.024   14.7   0.0   182   244   515   579   499   585 0.84 -
evm.utg26517.5                         -           1249 184717at33208        -            511    0.0084   16.2   0.5   1   3    0.0053       2.9    7.8   0.0   167   219   515   567   470   614 0.79 -
evm.utg26517.5                         -           1249 184717at33208        -            511    0.0084   16.2   0.5   2   3      0.42   2.2e+02    1.6   0.0    75   117  1013  1057  1005  1066 0.76 -
evm.utg26517.5                         -           1249 184717at33208        -            511    0.0084   16.2   0.5   3   3      0.16        84    3.0   0.0   185   229  1146  1190  1129  1232 0.61 -
evm.utg109.112                         -            504 184717at33208        -            511    0.0098   15.9   0.0   1   1   2.5e-05     0.013   15.5   0.0   167   218   281   332   209   374 0.88 -
evm.utg858.40                          -           1127 184717at33208        -            511     0.012   15.6   0.0   1   1   5.2e-05     0.028   14.4   0.0   174   253  1006  1089   994  1104 0.67 -
evm.utg2246.85                         -            844 184717at33208        -            511     0.092   12.7   0.1   1   2   0.00047      0.25   11.3   0.0   125   221   173   274   112   367 0.67 -
evm.utg2246.85                         -            844 184717at33208        -            511     0.092   12.7   0.1   2   2       5.6     3e+03   -2.2   0.0    96   114   693   711   690   719 0.85 -
evm.utg3536.17                         -            852 184717at33208        -            511     0.093   12.7   0.1   1   2    0.0011      0.59   10.1   0.0   173   248    50   132    36   193 0.66 -
evm.utg3536.17                         -            852 184717at33208        -            511     0.093   12.7   0.1   2   2       1.2   6.4e+02    0.1   0.0    96   112   819   835   810   839 0.88 -
evm.utg2817.9                          -            338 184717at33208        -            511     0.095   12.7   0.0   1   1   0.00031      0.17   11.9   0.0   378   439   198   262   188   292 0.72 -
evm.utg4177.10.2.5c22f09c              -            591 184717at33208        -            511      0.12   12.4   0.5   1   2      0.29   1.6e+02    2.1   0.3    96   124   122   150   118   158 0.88 -
evm.utg4177.10.2.5c22f09c              -            591 184717at33208        -            511      0.12   12.4   0.5   2   2    0.0039       2.1    8.3   0.0   184   229   237   282   226   376 0.87 -
evm.utg4607.12                         -           1114 184717at33208        -            511      0.13   12.3   0.0   1   1   0.00047      0.25   11.3   0.0   177   442   566   632   487   666 0.63 -
evm.utg950.8.1.5c22f531.1.5c2798a8     -            741 184717at33208        -            511      0.13   12.2   1.2   1   2      0.14        76    3.1   0.2    96   121   434   459   428   471 0.91 -
evm.utg950.8.1.5c22f531.1.5c2798a8     -            741 184717at33208        -            511      0.13   12.2   1.2   2   2    0.0083       4.4    7.2   0.0   176   228   541   593   521   612 0.69 -
evm.utg950.8.1.5c22f531.2.5c2798a9     -            741 184717at33208        -            511      0.14   12.1   0.8   1   2      0.14        76    3.1   0.2    96   121   434   459   428   471 0.91 -
evm.utg950.8.1.5c22f531.2.5c2798a9     -            741 184717at33208        -            511      0.14   12.1   0.8   2   2     0.012       6.4    6.6   0.0   178   227   543   592   531   612 0.66 -
evm.utg4177.10.1.5c22f09c              -            686 184717at33208        -            511      0.17   11.8   0.5   1   2      0.35   1.8e+02    1.8   0.3    96   124   122   150   118   158 0.88 -
evm.utg4177.10.1.5c22f09c              -            686 184717at33208        -            511      0.17   11.8   0.5   2   2    0.0049       2.6    7.9   0.0   184   229   237   282   226   374 0.87 -
evm.utg4177.10                         -            716 184717at33208        -            511      0.19   11.7   0.5   1   2      0.36   1.9e+02    1.8   0.3    96   124   152   180   148   188 0.88 -
evm.utg4177.10                         -            716 184717at33208        -            511      0.19   11.7   0.5   2   2    0.0052       2.8    7.9   0.0   184   229   267   312   256   403 0.87 -
evm.utg950.8.1.5c22f531                -            985 184717at33208        -            511       0.2   11.6   0.2   1   2       0.2     1e+02    2.6   0.2    96   121   434   459   428   471 0.91 -
evm.utg950.8.1.5c22f531                -            985 184717at33208        -            511       0.2   11.6   0.2   2   2     0.017       9.1    6.1   0.0   178   227   543   592   531   612 0.66 -
evm.utg950.8                           -            985 184717at33208        -            511       0.2   11.6   0.2   1   2       0.2     1e+02    2.6   0.2    96   121   434   459   428   471 0.91 -
evm.utg950.8                           -            985 184717at33208        -            511       0.2   11.6   0.2   2   2     0.017       9.1    6.1   0.0   178   227   543   592   531   612 0.66 -
evm.utg114.9                           -            402 184717at33208        -            511      0.21   11.6   0.1   1   3       0.2   1.1e+02    2.6   0.2   101   125    67    92    56    98 0.81 -
evm.utg114.9                           -            402 184717at33208        -            511      0.21   11.6   0.1   2   3       3.9   2.1e+03   -1.6   0.0   434   457   110   133   107   168 0.77 -
evm.utg114.9                           -            402 184717at33208        -            511      0.21   11.6   0.1   3   3     0.033        18    5.2   0.0   185   218   176   209   170   234 0.79 -
evm.utg3536.18                         -            264 184717at33208        -            511      0.29   11.1   0.0   1   1   0.00064      0.34   10.9   0.0   179   453    33   108     6   152 0.56 -
evm.utg55.146                          -           2894 184717at33208        -            511      0.31   11.0   0.9   1   4      0.14        77    3.1   0.0    95   127  1815  1847  1803  1857 0.90 -
evm.utg55.146                          -           2894 184717at33208        -            511      0.31   11.0   0.9   2   4       7.5     4e+03   -2.6   0.0   364   457  1908  2000  1882  2023 0.76 -
evm.utg55.146                          -           2894 184717at33208        -            511      0.31   11.0   0.9   3   4     0.093        50    3.7   0.1   296   367  2056  2131  2031  2149 0.80 -
evm.utg55.146                          -           2894 184717at33208        -            511      0.31   11.0   0.9   4   4       2.2   1.2e+03   -0.8   0.0   374   413  2778  2817  2745  2857 0.68 -
evm.utg1691.2                          -            641 184717at33208        -            511      0.52   10.3   0.1   1   1    0.0018      0.95    9.4   0.1    96   197   515   634   500   638 0.59 -
evm.utg7840.13                         -            159 184717at33208        -            511      0.76    9.7   0.0   1   1    0.0018      0.98    9.3   0.0    99   134    31    66    21    79 0.83 -
evm.utg5578.9.2.5c22f213               -            173 184717at33208        -            511      0.82    9.6   8.1   1   2    0.0085       4.5    7.1   1.1    46    68    70    92    67   111 0.78 -
evm.utg5578.9.2.5c22f213               -            173 184717at33208        -            511      0.82    9.6   8.1   2   2    0.0081       4.4    7.2   0.8    45    65   108   128   101   150 0.84 -
evm.utg5578.9                          -            210 184717at33208        -            511       1.4    8.9   8.0   1   2     0.011         6    6.8   1.1    46    68   107   129   104   148 0.79 -
evm.utg5578.9                          -            210 184717at33208        -            511       1.4    8.9   8.0   2   2     0.013       6.9    6.5   0.9    46    65   146   165   142   187 0.84 -
evm.utg5578.9.1.5c22f213               -            236 184717at33208        -            511       2.1    8.2   8.3   1   2     0.013       7.2    6.5   1.1    46    68   133   155   129   174 0.79 -
evm.utg5578.9.1.5c22f213               -            236 184717at33208        -            511       2.1    8.2   8.3   2   2     0.015       7.9    6.4   0.9    46    65   172   191   167   213 0.84 -
#
# Program:         hmmsearch
# Version:         3.1b2 (February 2015)
# Pipeline mode:   SEARCH
# Query file:      /uoa/scratch/users/r02hw22/project_dark_genes/busco_downloads/lineages/metazoa_odb10/hmms/184717at33208.hmm
# Target file:     /uoa/scratch/users/r02hw22/project_dark_genes/00_raw/equina_smart.rnam-trna.merged.ggf.curated.remredun.aa.fa
# Option settings: hmmsearch --domtblout /uoa/scratch/users/r02hw22/project_dark_genes/equina_busco_proteins/run_metazoa_odb10/hmmer_output/initial_run_results/184717at33208.out --cpu 1 /uoa/scratch/users/r02hw22/project_dark_genes/busco_downloads/lineages/metazoa_odb10/hmms/184717at33208.hmm /uoa/scratch/users/r02hw22/project_dark_genes/00_raw/equina_smart.rnam-trna.merged.ggf.curated.remredun.aa.fa 
# Current dir:     /uoa/scratch/users/r02hw22/project_dark_genes
# Date:            Sat Apr 25 14:40:55 2026
# [ok]
