#                                                                                             --- full sequence --- -------------- this domain -------------   hmm coord   ali coord   env coord
# target name                         accession   tlen query name           accession   qlen   E-value  score  bias   #  of  c-Evalue  i-Evalue  score  bias  from    to  from    to  from    to  acc description of target
#                 ------------------- ---------- ----- -------------------- ---------- ----- --------- ------ ----- --- --- --------- --------- ------ ----- ----- ----- ----- ----- ----- ----- ---- ---------------------
evm.utg5578.4                         -            725 187280at33208        -            539  2.6e-224  747.4   3.3   1   4  1.3e-132  6.4e-130  435.9   0.1     1   254     8   280     8   293 0.95 -
evm.utg5578.4                         -            725 187280at33208        -            539  2.6e-224  747.4   3.3   2   4   3.9e-06    0.0019   18.4   0.0   254   286   322   362   312   370 0.82 -
evm.utg5578.4                         -            725 187280at33208        -            539  2.6e-224  747.4   3.3   3   4   6.8e-73   3.4e-70  238.8   0.0   285   465   381   591   378   604 0.87 -
evm.utg5578.4                         -            725 187280at33208        -            539  2.6e-224  747.4   3.3   4   4   3.4e-16   1.7e-13   51.6   0.2   483   538   668   723   629   724 0.91 -
evm.utg2099.20                        -            258 187280at33208        -            539   3.5e-30  106.7   1.3   1   1     8e-33     4e-30  106.5   1.3     2   204    11   219    10   254 0.80 -
evm.utg418.45                         -            241 187280at33208        -            539   5.4e-29  102.8   0.7   1   1   1.3e-31   6.5e-29  102.5   0.7     9   196    47   236    45   240 0.82 -
evm.utg2246.2                         -            276 187280at33208        -            539   5.5e-27   96.2   1.0   1   1   1.3e-29   6.7e-27   95.9   1.0     4   182    39   220    36   231 0.88 -
evm.utg2099.20.1.5c2791cb             -            214 187280at33208        -            539   5.4e-25   89.6   2.5   1   1   1.3e-27   6.2e-25   89.4   2.5     2   175    11   189    10   207 0.78 -
evm.utg3839.96                        -            414 187280at33208        -            539   8.5e-25   88.9   1.0   1   2   9.9e-15   4.9e-12   46.8   0.0     5   184    12   200     8   218 0.84 -
evm.utg3839.96                        -            414 187280at33208        -            539   8.5e-25   88.9   1.0   2   2   8.3e-13   4.1e-10   40.4   0.5   486   536   359   409   357   412 0.94 -
evm.utg377.35                         -            454 187280at33208        -            539   3.4e-24   86.9   1.4   1   2   2.6e-14   1.3e-11   45.4   0.0     5   184    52   240    48   257 0.84 -
evm.utg377.35                         -            454 187280at33208        -            539   3.4e-24   86.9   1.4   2   2   9.4e-13   4.7e-10   40.3   0.5   486   536   399   449   397   452 0.94 -
evm.utg4567.11                        -            278 187280at33208        -            539     4e-21   76.8   0.6   1   1     1e-23   5.1e-21   76.4   0.6     1   200    30   231    30   275 0.81 -
evm.utg411.143                        -            257 187280at33208        -            539   6.7e-21   76.1   0.6   1   1   1.7e-23   8.6e-21   75.7   0.6     7   181    11   193     5   200 0.87 -
evm.utg788.37                         -            255 187280at33208        -            539   9.1e-21   75.6   0.1   1   1   4.4e-23   2.2e-20   74.4   0.1     3   183    13   186    11   252 0.88 -
evm.utg612.26                         -            257 187280at33208        -            539   9.2e-21   75.6   0.6   1   1   2.4e-23   1.2e-20   75.2   0.6     7   181    11   193     5   200 0.88 -
evm.utg376.26                         -            330 187280at33208        -            539   9.7e-19   68.9   0.1   1   1   2.4e-21   1.2e-18   68.7   0.1     5   184    62   244    58   274 0.85 -
evm.utg2200.36.2.5c22ed2d             -            240 187280at33208        -            539   1.1e-18   68.7   0.1   1   1   2.7e-21   1.3e-18   68.5   0.1     2   181    31   214    30   219 0.89 -
evm.utg2200.36.1.5c22ed2d             -            313 187280at33208        -            539   2.3e-18   67.7   0.1   1   1     6e-21     3e-18   67.3   0.1     2   181    31   214    30   219 0.89 -
evm.utg2200.36                        -            324 187280at33208        -            539   2.5e-18   67.6   0.1   1   1   6.6e-21   3.3e-18   67.2   0.1     2   181    31   214    30   219 0.89 -
evm.utg432.66                         -            529 187280at33208        -            539   1.9e-17   64.7   0.0   1   1   5.1e-20   2.5e-17   64.3   0.0    63   181   334   452   263   480 0.84 -
evm.utg715.98                         -            348 187280at33208        -            539   2.2e-16   61.2   0.0   1   1   5.3e-19   2.6e-16   60.9   0.0     3   168    78   244    76   261 0.82 -
evm.utg729.130.4.5c22f3af             -            320 187280at33208        -            539   7.4e-16   59.4   0.0   1   1   2.2e-18   1.1e-15   58.9   0.0    10   181    56   234    44   249 0.74 -
evm.utg729.130                        -            328 187280at33208        -            539   7.9e-16   59.3   0.0   1   1   2.3e-18   1.1e-15   58.8   0.0    10   181    56   234    44   249 0.74 -
evm.utg7931.8                         -            262 187280at33208        -            539   1.4e-15   58.5   2.8   1   1   5.7e-18   2.8e-15   57.5   2.8     2   182     5   188     4   251 0.81 -
evm.utg7931.8.1.5c22f446              -            262 187280at33208        -            539   1.4e-15   58.5   2.8   1   1   5.7e-18   2.8e-15   57.5   2.8     2   182     5   188     4   251 0.81 -
evm.utg356.157                        -            245 187280at33208        -            539     2e-15   58.0   0.6   1   1   7.9e-18   3.9e-15   57.0   0.5     2   184     7   182     6   190 0.86 -
evm.utg37453.6                        -            245 187280at33208        -            539     3e-15   57.4   1.3   1   1   1.4e-17   6.9e-15   56.2   1.3     2   184     7   182     6   191 0.85 -
evm.utg8792.17                        -            272 187280at33208        -            539     4e-15   57.0   1.7   1   1   1.2e-17   5.9e-15   56.4   1.7     2   182     5   177     4   191 0.83 -
evm.utg6806.25                        -            429 187280at33208        -            539   8.1e-15   56.0   3.2   1   1     3e-17   1.5e-14   55.1   3.2     2   182   172   355   171   415 0.80 -
evm.utg1022.57                        -            248 187280at33208        -            539   2.5e-14   54.4   1.6   1   1   6.4e-17   3.2e-14   54.0   1.6     2   182     5   177     4   189 0.82 -
evm.utg729.130.3.5c22f3af             -            328 187280at33208        -            539   4.3e-14   53.6   0.0   1   1   1.3e-16   6.4e-14   53.0   0.0    59   181   112   234    44   249 0.75 -
evm.utg729.130.2.5c22f3af             -            328 187280at33208        -            539   4.3e-14   53.6   0.0   1   1   1.3e-16   6.4e-14   53.0   0.0    59   181   112   234    44   249 0.75 -
evm.utg729.130.2.5c22f3af.1.5c279767  -            328 187280at33208        -            539   4.9e-14   53.4   0.0   1   1   1.5e-16   7.4e-14   52.8   0.0    60   181   113   234    44   249 0.77 -
evm.utg736.33.1.5c22f3cf              -            210 187280at33208        -            539     1e-13   52.4   0.6   1   1   2.5e-16   1.3e-13   52.0   0.6     1   183    15   201    15   206 0.84 -
evm.utg729.130.1.5c22f3af             -            328 187280at33208        -            539   1.3e-13   52.0   0.0   1   1     4e-16     2e-13   51.4   0.0    60   182   113   235    44   253 0.76 -
evm.utg729.130.1.5c22f3af.2.5c279767  -            328 187280at33208        -            539   1.4e-13   51.9   0.0   1   1     4e-16     2e-13   51.4   0.0    60   182   113   235    44   253 0.76 -
evm.utg7931.8.2.5c22f446              -            187 187280at33208        -            539   1.5e-13   51.8   3.8   1   1   3.8e-16   1.9e-13   51.5   3.8     2   167     5   173     4   178 0.81 -
evm.utg2007.16                        -            270 187280at33208        -            539   1.6e-13   51.7   0.5   1   1   4.3e-16   2.1e-13   51.3   0.5     2   181    12   192    11   197 0.83 -
evm.utg116.50                         -            336 187280at33208        -            539   1.8e-13   51.5   0.1   1   1   8.7e-16   4.3e-13   50.3   0.1    62   183   113   235    42   249 0.82 -
evm.utg194.76                         -            133 187280at33208        -            539     2e-13   51.4   0.2   1   1   4.2e-16   2.1e-13   51.3   0.2   118   198     4    85     1   118 0.91 -
evm.utg389.104                        -            215 187280at33208        -            539   3.9e-13   50.4   0.0   1   1   9.4e-16   4.6e-13   50.2   0.0    66   182    18   129     1   142 0.84 -
evm.utg736.33                         -            292 187280at33208        -            539   4.4e-13   50.3   0.1   1   1     1e-15   5.2e-13   50.0   0.1     1   182    15   200    15   244 0.85 -
evm.utg992.14                         -            309 187280at33208        -            539   1.4e-12   48.6   1.9   1   1   3.9e-15   1.9e-12   48.1   1.9     2   182    21   202    20   228 0.87 -
evm.utg1221.18                        -            286 187280at33208        -            539   1.8e-12   48.2   0.0   1   1   4.3e-15   2.1e-12   48.0   0.0    67   181    72   186     5   198 0.91 -
evm.utg4155.26                        -            286 187280at33208        -            539   2.2e-12   48.0   0.0   1   1   5.9e-15   2.9e-12   47.6   0.0    63   181    68   186    41   195 0.89 -
evm.utg116.1                          -            338 187280at33208        -            539   2.3e-12   47.9   0.0   1   1   8.6e-15   4.3e-12   47.0   0.0    65   171   114   220    44   251 0.80 -
evm.utg4155.25                        -            315 187280at33208        -            539   3.2e-12   47.4   0.0   1   1   9.2e-15   4.6e-12   46.9   0.0    69   181    96   208    69   214 0.85 -
evm.utg612.25                         -            257 187280at33208        -            539   3.8e-12   47.2   2.1   1   1   9.7e-15   4.8e-12   46.8   2.1     4   181     7   192     4   196 0.84 -
evm.utg27.96                          -            233 187280at33208        -            539   7.4e-12   46.2   0.5   1   1   1.9e-14   9.3e-12   45.9   0.5     2   141    21   162    20   168 0.80 -
evm.utg4172.6                         -            317 187280at33208        -            539   8.4e-12   46.0   0.7   1   1   2.2e-14   1.1e-11   45.7   0.7     2   185    10   200     9   212 0.84 -
evm.utg2674.7                         -            236 187280at33208        -            539   8.5e-12   46.0   0.0   1   1     2e-14     1e-11   45.8   0.0    68   169    71   173     5   181 0.85 -
evm.utg438.23                         -            236 187280at33208        -            539     1e-11   45.7   0.0   1   1   2.5e-14   1.2e-11   45.5   0.0    70   169    73   173     6   181 0.90 -
evm.utg7931.7                         -            358 187280at33208        -            539   1.1e-11   45.6   1.5   1   1   2.9e-14   1.5e-11   45.2   1.5     2   228   125   347   124   354 0.75 -
evm.utg6806.23                        -            247 187280at33208        -            539   1.7e-11   45.0   0.3   1   1     4e-14     2e-11   44.8   0.3     6   190     9   187     4   219 0.74 -
evm.utg411.144.1.5c22f077             -            206 187280at33208        -            539   2.2e-11   44.6   3.3   1   1   5.5e-14   2.7e-11   44.4   3.3     4   187     7   198     4   202 0.83 -
evm.utg1221.17                        -            328 187280at33208        -            539   3.5e-11   44.0   0.0   1   1     1e-13     5e-11   43.5   0.0    69   181   109   221    83   227 0.85 -
evm.utg411.144                        -            257 187280at33208        -            539   7.7e-11   42.9   2.7   1   1     2e-13   9.7e-11   42.5   2.7     4   181     7   192     4   196 0.84 -
evm.utg1243.2                         -           1290 187280at33208        -            539   1.4e-10   42.0   0.5   1   1     4e-13     2e-10   41.5   0.5     2   181  1048  1227  1047  1233 0.92 -
evm.utg7931.8.2.5c22f446.2.5c2797e1   -            151 187280at33208        -            539   2.2e-10   41.4   4.7   1   1   4.9e-13   2.5e-10   41.2   4.7     2   143     5   149     4   150 0.79 -
evm.utg2674.8                         -            238 187280at33208        -            539   3.9e-10   40.5   0.0   1   1   9.1e-13   4.5e-10   40.3   0.0    65   169    72   177    14   184 0.89 -
evm.utg7931.6                         -            247 187280at33208        -            539   4.1e-10   40.5   0.3   1   1   9.7e-13   4.8e-10   40.2   0.3     7   182    10   178     4   212 0.74 -
evm.utg6806.24                        -            237 187280at33208        -            539   4.7e-10   40.3   1.0   1   1   1.2e-12     6e-10   39.9   1.0     2   228     5   226     4   233 0.75 -
evm.utg1226.23                        -            342 187280at33208        -            539   1.2e-09   38.9   0.1   1   2   9.8e-12   4.9e-09   36.9   0.2     2   181    65   246    64   261 0.74 -
evm.utg1226.23                        -            342 187280at33208        -            539   1.2e-09   38.9   0.1   2   2       2.3   1.1e+03   -0.6   0.0   298   352   279   330   262   337 0.80 -
evm.utg1363.35                        -            286 187280at33208        -            539   1.6e-09   38.5   0.9   1   1   4.2e-12   2.1e-09   38.1   0.9     2   183    24   206    23   211 0.88 -
evm.utg1226.23.2.5c22e960             -            254 187280at33208        -            539   2.4e-09   37.9   0.4   1   1   6.1e-12   3.1e-09   37.6   0.4     2   181    65   246    64   250 0.74 -
evm.utg432.78                         -            170 187280at33208        -            539   2.4e-09   37.9   0.0   1   1   5.4e-12   2.7e-09   37.8   0.0   352   456    47   156    22   166 0.80 -
evm.utg438.22                         -            238 187280at33208        -            539   3.4e-09   37.4   0.0   1   1   8.3e-12   4.1e-09   37.2   0.0    56   169    63   177     9   184 0.80 -
evm.utg356.157.1.5c22ef98             -            223 187280at33208        -            539   3.9e-09   37.2   1.0   1   1   2.5e-09   1.2e-06   29.0   1.0     2   129     7   126     6   170 0.85 -
evm.utg1226.23.1.5c22e960             -            334 187280at33208        -            539   4.2e-09   37.1   0.4   1   1   1.1e-11   5.6e-09   36.7   0.4     2   181    65   246    64   258 0.74 -
evm.utg432.78.1.5c22f0eb              -            164 187280at33208        -            539   4.5e-09   37.0   0.0   1   1   9.8e-12   4.9e-09   36.9   0.0   352   434    47   129    21   157 0.83 -
evm.utg577.48                         -            327 187280at33208        -            539   6.5e-09   36.5   0.0   1   1   1.7e-11   8.2e-09   36.2   0.0     3   181    35   214    33   237 0.82 -
evm.utg1345.48                        -            582 187280at33208        -            539   1.7e-08   35.1   0.0   1   1   5.9e-11   2.9e-08   34.4   0.0    65   181   398   512   331   516 0.79 -
evm.utg7931.8.2.5c22f446.1.5c2797e1   -            172 187280at33208        -            539   1.7e-08   35.1   4.0   1   1   4.2e-11   2.1e-08   34.8   4.0     2   138     5   144     4   147 0.75 -
evm.utg1919.9                         -            343 187280at33208        -            539   1.8e-08   35.0   0.1   1   1   5.6e-11   2.8e-08   34.4   0.1     1   140    47   186    47   205 0.88 -
evm.utg1345.83                        -            287 187280at33208        -            539     6e-08   33.3   0.2   1   1   1.5e-10   7.6e-08   33.0   0.2     2   166    33   198    32   206 0.87 -
evm.utg38114.16                       -            307 187280at33208        -            539   6.3e-08   33.2   0.1   1   1   1.6e-10   8.1e-08   32.9   0.1     2   166    33   198    32   206 0.86 -
evm.utg40828.1                        -            287 187280at33208        -            539   9.6e-08   32.6   0.2   1   1   2.5e-10   1.2e-07   32.3   0.2     2   166    33   198    32   206 0.87 -
evm.utg1897.83                        -            582 187280at33208        -            539   1.2e-07   32.3   0.0   1   1   4.2e-10   2.1e-07   31.5   0.0    65   181   398   512   374   516 0.79 -
evm.utg4172.6.1.5c22f093              -            295 187280at33208        -            539   1.6e-07   31.9   3.8   1   1   3.3e-08   1.6e-05   25.3   3.8    54   185    59   178     9   190 0.75 -
evm.utg432.78.2.5c22f0eb              -            138 187280at33208        -            539   2.2e-07   31.4   0.0   1   1   4.5e-10   2.2e-07   31.4   0.0   352   396    47    91    21   118 0.88 -
evm.utg4155.27                        -            326 187280at33208        -            539   2.6e-07   31.2   0.0   1   1   7.8e-10   3.9e-07   30.6   0.0    67   179    96   208    86   214 0.93 -
evm.utg1221.19                        -            326 187280at33208        -            539   2.6e-07   31.2   0.0   1   1   7.8e-10   3.9e-07   30.6   0.0    67   179    96   208    86   214 0.93 -
evm.utg307.15.1.5c22eebb              -            326 187280at33208        -            539   4.2e-07   30.5   0.0   1   1   1.1e-09   5.4e-07   30.2   0.0     3   184    45   225    43   240 0.86 -
evm.utg868.31                         -            373 187280at33208        -            539   5.1e-07   30.2   0.2   1   1   2.6e-09   1.3e-06   28.9   0.2     7   198   108   298   100   301 0.74 -
evm.utg307.15                         -            426 187280at33208        -            539   7.9e-07   29.6   0.0   1   1   2.1e-09   1.1e-06   29.2   0.0     3   184    45   225    43   240 0.86 -
evm.utg5059.14                        -            326 187280at33208        -            539   2.7e-06   27.9   0.0   1   1   7.4e-09   3.7e-06   27.4   0.0     2   189    68   257    67   270 0.87 -
evm.utg1919.10                        -            396 187280at33208        -            539   6.7e-06   26.5   0.3   1   1   1.8e-08   9.1e-06   26.1   0.3     2   208   112   330   111   348 0.71 -
evm.utg16283.5                        -            334 187280at33208        -            539   8.8e-06   26.2   0.2   1   1   2.3e-08   1.2e-05   25.8   0.2     1   141    48   188    48   194 0.81 -
evm.utg379.21                         -            515 187280at33208        -            539   1.1e-05   25.8   0.0   1   2      0.12        59    3.6   0.0    82   140    67   124    49   130 0.91 -
evm.utg379.21                         -            515 187280at33208        -            539   1.1e-05   25.8   0.0   2   2   1.3e-06   0.00066   20.0   0.0    82   184   305   406   282   420 0.91 -
evm.utg3878.14                        -            196 187280at33208        -            539   1.3e-05   25.6   0.1   1   1   3.2e-08   1.6e-05   25.3   0.1     2   118    65   182    64   194 0.77 -
evm.utg5513.4                         -            328 187280at33208        -            539     4e-05   24.0   0.0   1   1   1.2e-07   5.9e-05   23.4   0.0    82   194   115   226    95   234 0.92 -
evm.utg386.25                         -            334 187280at33208        -            539   5.5e-05   23.5   0.1   1   1   1.4e-07   7.1e-05   23.2   0.1     1   141    48   188    48   194 0.76 -
evm.utg709.15.1.5c22f371              -            276 187280at33208        -            539   6.7e-05   23.2   0.3   1   1   3.4e-07   0.00017   21.9   0.3     7   188    56   235    48   247 0.76 -
evm.utg3522.65                        -            313 187280at33208        -            539   8.7e-05   22.9   0.3   1   1   4.1e-07    0.0002   21.7   0.3     7   188    56   235    48   247 0.76 -
evm.utg709.15                         -            313 187280at33208        -            539   9.9e-05   22.7   0.3   1   1     5e-07   0.00025   21.4   0.3     7   188    56   235    48   247 0.75 -
evm.utg1919.10.1.5c22ec5e             -            298 187280at33208        -            539   0.00012   22.5   0.1   1   1   2.8e-07   0.00014   22.2   0.1     2   139   112   248   111   289 0.80 -
evm.utg8497.2                         -            542 187280at33208        -            539   0.00012   22.4   0.0   1   2   6.3e-06    0.0031   17.8   0.0    69   141    71   141     4   161 0.89 -
evm.utg8497.2                         -            542 187280at33208        -            539   0.00012   22.4   0.0   2   2      0.26   1.3e+02    2.5   0.0   150   181   195   227   189   231 0.88 -
evm.utg470.61                         -            339 187280at33208        -            539   0.00014   22.2   0.0   1   1   3.9e-07   0.00019   21.7   0.0    83   182   123   221    98   237 0.91 -
evm.utg19074.22                       -            273 187280at33208        -            539   0.00038   20.8   0.0   1   2   3.9e-06    0.0019   18.5   0.0    69   141    71   141    30   144 0.78 -
evm.utg19074.22                       -            273 187280at33208        -            539   0.00038   20.8   0.0   2   2       1.7   8.5e+02   -0.2   0.0   150   221   190   264   182   268 0.65 -
evm.utg19074.22.1.5c22ec55.1.5c279146 -            175 187280at33208        -            539   0.00053   20.3   0.0   1   1   1.1e-06   0.00056   20.2   0.0    67   141    69   141     4   144 0.80 -
evm.utg4455.22                        -            542 187280at33208        -            539   0.00058   20.2   0.0   1   2   4.3e-05     0.021   15.0   0.0    73   141    75   141    29   161 0.86 -
evm.utg4455.22                        -            542 187280at33208        -            539   0.00058   20.2   0.0   2   2      0.19        93    3.0   0.0   150   181   195   227   191   231 0.89 -
evm.utg379.22                         -            212 187280at33208        -            539   0.00064   20.0   0.0   1   1   1.6e-06   0.00079   19.7   0.0    82   185    67   169    46   182 0.90 -
evm.utg470.94                         -            203 187280at33208        -            539    0.0012   19.1   0.6   1   1   2.9e-06    0.0014   18.9   0.6     4   127     7   132     4   138 0.77 -
evm.utg27.19                          -            320 187280at33208        -            539    0.0012   19.1   0.0   1   1   3.1e-06    0.0015   18.8   0.0     6   139    44   177    39   193 0.81 -
evm.utg19074.22.1.5c22ec55            -            231 187280at33208        -            539    0.0015   18.8   0.0   1   1     4e-06     0.002   18.4   0.0    68   221    70   222    28   227 0.68 -
evm.utg4455.9                         -            274 187280at33208        -            539    0.0017   18.6   0.0   1   2   1.7e-05    0.0086   16.3   0.0    75   141    77   141    41   144 0.90 -
evm.utg4455.9                         -            274 187280at33208        -            539    0.0017   18.6   0.0   2   2       1.7   8.6e+02   -0.2   0.0   150   221   191   265   183   269 0.65 -
evm.utg301.48.2.5c22eea6              -            300 187280at33208        -            539    0.0023   18.2   0.0   1   1   6.2e-06    0.0031   17.8   0.0   482   535   224   277   155   281 0.89 -
evm.utg4455.9.1.5c22f104.1.5c279535   -            176 187280at33208        -            539    0.0027   18.0   0.0   1   1   6.4e-06    0.0032   17.7   0.0    75   141    77   141    37   144 0.89 -
evm.utg301.48                         -            389 187280at33208        -            539    0.0034   17.6   0.0   1   1   9.9e-06    0.0049   17.1   0.0   482   535   313   366   245   370 0.90 -
evm.utg6117.11                        -            389 187280at33208        -            539    0.0039   17.4   0.0   1   1   1.2e-05    0.0062   16.8   0.0   482   535   313   366   294   370 0.91 -
evm.utg301.48.1.5c22eea6              -            440 187280at33208        -            539    0.0042   17.3   0.0   1   1   1.2e-05     0.006   16.8   0.0   482   535   364   417   296   421 0.90 -
evm.utg4455.9.1.5c22f104              -            231 187280at33208        -            539    0.0072   16.6   0.0   1   1   1.8e-05    0.0092   16.2   0.0    75   221    77   222    40   227 0.75 -
evm.utg924.81                         -            251 187280at33208        -            539    0.0079   16.4   0.0   1   1   2.1e-05     0.011   16.0   0.0    79   181    88   202    66   211 0.72 -
evm.utg364.22                         -           2393 187280at33208        -            539    0.0088   16.3   0.0   1   1     3e-05     0.015   15.5   0.0     3   164  1774  1938  1772  1945 0.83 -
evm.utg31256.4                        -            395 187280at33208        -            539     0.036   14.3   0.0   1   1    0.0001     0.049   13.8   0.0     1   146    93   242    93   252 0.85 -
evm.utg18.3                           -            242 187280at33208        -            539      0.24   11.6   0.1   1   1   0.00056      0.28   11.3   0.1    80   179    89   191    66   209 0.87 -
#
# Program:         hmmsearch
# Version:         3.1b2 (February 2015)
# Pipeline mode:   SEARCH
# Query file:      /uoa/scratch/users/r02hw22/project_dark_genes/busco_downloads/lineages/metazoa_odb10/hmms/187280at33208.hmm
# Target file:     /uoa/scratch/users/r02hw22/project_dark_genes/00_raw/equina_smart.rnam-trna.merged.ggf.curated.remredun.aa.fa
# Option settings: hmmsearch --domtblout /uoa/scratch/users/r02hw22/project_dark_genes/equina_busco_proteins/run_metazoa_odb10/hmmer_output/initial_run_results/187280at33208.out --cpu 1 /uoa/scratch/users/r02hw22/project_dark_genes/busco_downloads/lineages/metazoa_odb10/hmms/187280at33208.hmm /uoa/scratch/users/r02hw22/project_dark_genes/00_raw/equina_smart.rnam-trna.merged.ggf.curated.remredun.aa.fa 
# Current dir:     /uoa/scratch/users/r02hw22/project_dark_genes
# Date:            Sat Apr 25 14:41:20 2026
# [ok]
