#                                                                                             --- full sequence --- -------------- this domain -------------   hmm coord   ali coord   env coord
# target name                         accession   tlen query name           accession   qlen   E-value  score  bias   #  of  c-Evalue  i-Evalue  score  bias  from    to  from    to  from    to  acc description of target
#                 ------------------- ---------- ----- -------------------- ---------- ----- --------- ------ ----- --- --- --------- --------- ------ ----- ----- ----- ----- ----- ----- ----- ---- ---------------------
evm.utg97204.11                       -            538 196950at33208        -            623  3.1e-184  615.5  14.3   1   2  3.2e-111  7.6e-109  366.4   0.1   193   446    13   289     2   295 0.90 -
evm.utg97204.11                       -            538 196950at33208        -            623  3.1e-184  615.5  14.3   2   2     2e-75   4.6e-73  248.2  10.2   439   623   304   513   297   513 0.87 -
evm.utg194.30                         -            450 196950at33208        -            623  4.9e-149  499.2  13.6   1   1    2e-150  4.6e-148  496.0  13.6   251   623     1   425     1   425 0.86 -
evm.utg97204.10                       -            383 196950at33208        -            623   1.5e-50  173.9  20.2   1   4   3.9e-38   9.1e-36  125.0   9.7     1   160     1   164     1   167 0.81 -
evm.utg97204.10                       -            383 196950at33208        -            623   1.5e-50  173.9  20.2   2   4     0.046        11    5.9   2.2    82   119   124   165   112   184 0.73 -
evm.utg97204.10                       -            383 196950at33208        -            623   1.5e-50  173.9  20.2   3   4       1.5   3.4e+02    0.9   0.6    97   131   206   244   176   249 0.59 -
evm.utg97204.10                       -            383 196950at33208        -            623   1.5e-50  173.9  20.2   4   4   1.5e-15   3.5e-13   50.4   0.1   123   193   296   375   257   379 0.80 -
evm.utg194.28                         -            157 196950at33208        -            623   3.3e-37  129.8   5.7   1   1   1.5e-39   3.4e-37  129.7   5.7     1   125     1   126     1   156 0.84 -
evm.utg3622.22                        -            623 196950at33208        -            623   5.2e-37  129.2   0.2   1   4   1.6e-05    0.0037   17.3   0.0   203   279    13    90    10    98 0.81 -
evm.utg3622.22                        -            623 196950at33208        -            623   5.2e-37  129.2   0.2   2   4   1.3e-10   3.1e-08   34.1   0.0   201   273    99   171    89   191 0.90 -
evm.utg3622.22                        -            623 196950at33208        -            623   5.2e-37  129.2   0.2   3   4   2.5e-11   5.9e-09   36.5   0.1     4    88   195   279   192   296 0.80 -
evm.utg3622.22                        -            623 196950at33208        -            623   5.2e-37  129.2   0.2   4   4   1.8e-11   4.1e-09   37.0   0.3   201   291   295   385   269   392 0.86 -
evm.utg607.52                         -            548 196950at33208        -            623   8.6e-30  105.3   0.0   1   3   9.7e-12   2.3e-09   37.8   0.0   202   291   109   198    81   213 0.88 -
evm.utg607.52                         -            548 196950at33208        -            623   8.6e-30  105.3   0.0   2   3   1.4e-09   3.3e-07   30.7   0.0   203   273   248   318   237   330 0.86 -
evm.utg607.52                         -            548 196950at33208        -            623   8.6e-30  105.3   0.0   3   3   2.9e-10   6.8e-08   33.0   0.0   200   272   467   539   455   543 0.92 -
evm.utg1162.27                        -            585 196950at33208        -            623   1.2e-28  101.5   4.8   1   3   5.4e-22   1.3e-19   71.7   0.2   441   590    93   242    83   250 0.85 -
evm.utg1162.27                        -            585 196950at33208        -            623   1.2e-28  101.5   4.8   2   3   5.9e-09   1.4e-06   28.6   0.3     3    87   268   353   266   359 0.86 -
evm.utg1162.27                        -            585 196950at33208        -            623   1.2e-28  101.5   4.8   3   3      0.78   1.8e+02    1.8   0.0   135   233   359   388   351   468 0.51 -
evm.utg55.10                          -            454 196950at33208        -            623   1.3e-28  101.4   4.9   1   3   6.7e-22   1.6e-19   71.4   0.3   440   590    91   241    78   249 0.84 -
evm.utg55.10                          -            454 196950at33208        -            623   1.3e-28  101.4   4.9   2   3   3.1e-09   7.2e-07   29.6   0.4     3    91   267   356   265   377 0.87 -
evm.utg55.10                          -            454 196950at33208        -            623   1.3e-28  101.4   4.9   3   3       1.4   3.3e+02    1.0   0.0   203   233   357   387   349   401 0.73 -
evm.utg17212.8                        -            675 196950at33208        -            623   1.5e-27   97.9  19.5   1   4   4.5e-11   1.1e-08   35.6   0.4   197   293    18   113     2   124 0.72 -
evm.utg17212.8                        -            675 196950at33208        -            623   1.5e-27   97.9  19.5   2   4   2.4e-13   5.6e-11   43.2   4.2    85   288   150   375   136   390 0.67 -
evm.utg17212.8                        -            675 196950at33208        -            623   1.5e-27   97.9  19.5   3   4     2e-05    0.0047   17.0   0.1   161   229   536   607   521   615 0.80 -
evm.utg17212.8                        -            675 196950at33208        -            623   1.5e-27   97.9  19.5   4   4     0.039       9.2    6.1   0.0   483   513   625   654   613   668 0.63 -
evm.utg11219.4                        -            758 196950at33208        -            623   7.3e-26   92.3  12.6   1   4   4.1e-14   9.5e-12   45.7   1.3   124   285    64   247    16   263 0.52 -
evm.utg11219.4                        -            758 196950at33208        -            623   7.3e-26   92.3  12.6   2   4   6.8e-09   1.6e-06   28.4   0.3   438   515   316   393   308   401 0.81 -
evm.utg11219.4                        -            758 196950at33208        -            623   7.3e-26   92.3  12.6   3   4   4.3e-05      0.01   15.9   0.1   161   229   440   511   416   521 0.79 -
evm.utg11219.4                        -            758 196950at33208        -            623   7.3e-26   92.3  12.6   4   4   5.9e-05     0.014   15.4   0.0   450   525   484   570   483   577 0.67 -
evm.utg4194.3                         -            379 196950at33208        -            623   3.8e-24   86.6   0.1   1   3   4.5e-10     1e-07   32.4   0.0   173   274    35   135    16   145 0.66 -
evm.utg4194.3                         -            379 196950at33208        -            623   3.8e-24   86.6   0.1   2   3   1.3e-07   3.1e-05   24.2   0.0     4    70   150   217   145   238 0.69 -
evm.utg4194.3                         -            379 196950at33208        -            623   3.8e-24   86.6   0.1   3   3   3.8e-08   8.9e-06   26.0   0.0   203   273   296   367   284   377 0.88 -
evm.utg14772.12                       -            424 196950at33208        -            623   1.7e-22   81.2   3.2   1   3   1.8e-13   4.3e-11   43.5   1.4   442   590    60   205    51   217 0.80 -
evm.utg14772.12                       -            424 196950at33208        -            623   1.7e-22   81.2   3.2   2   3   8.6e-06     0.002   18.2   0.0   195   245   228   277   215   293 0.84 -
evm.utg14772.12                       -            424 196950at33208        -            623   1.7e-22   81.2   3.2   3   3   1.4e-05    0.0033   17.5   0.0   446   503   315   370   294   397 0.74 -
evm.utg2411.10                        -            643 196950at33208        -            623     8e-22   79.0   4.7   1   4   1.5e-05    0.0035   17.4   0.2   194   286   271   363   135   374 0.73 -
evm.utg2411.10                        -            643 196950at33208        -            623     8e-22   79.0   4.7   2   4    0.0002     0.047   13.7   0.0    12    71   381   439   373   465 0.83 -
evm.utg2411.10                        -            643 196950at33208        -            623     8e-22   79.0   4.7   3   4   5.1e-07   0.00012   22.3   0.1   191   275   462   543   443   552 0.66 -
evm.utg2411.10                        -            643 196950at33208        -            623     8e-22   79.0   4.7   4   4   6.3e-08   1.5e-05   25.3   0.1     3    80   552   627   550   637 0.90 -
evm.utg2411.10.1.5c22ed8e             -            644 196950at33208        -            623   8.1e-22   79.0   4.7   1   4   1.5e-05    0.0034   17.4   0.2   192   286   270   364   133   375 0.74 -
evm.utg2411.10.1.5c22ed8e             -            644 196950at33208        -            623   8.1e-22   79.0   4.7   2   4    0.0002     0.047   13.7   0.0    12    71   382   440   374   466 0.83 -
evm.utg2411.10.1.5c22ed8e             -            644 196950at33208        -            623   8.1e-22   79.0   4.7   3   4   5.1e-07   0.00012   22.2   0.1   191   275   463   544   444   553 0.66 -
evm.utg2411.10.1.5c22ed8e             -            644 196950at33208        -            623   8.1e-22   79.0   4.7   4   4   6.2e-08   1.5e-05   25.3   0.1     3    81   553   629   551   639 0.90 -
evm.utg2798.56                        -            368 196950at33208        -            623   1.4e-21   78.1   0.0   1   3   3.8e-11     9e-09   35.9   0.0     3    79    37   114    35   123 0.90 -
evm.utg2798.56                        -            368 196950at33208        -            623   1.4e-21   78.1   0.0   2   3   3.2e-07   7.6e-05   22.9   0.0     4    78   124   200   121   208 0.89 -
evm.utg2798.56                        -            368 196950at33208        -            623   1.4e-21   78.1   0.0   3   3   4.2e-05    0.0099   15.9   0.0   204   276   289   356   283   365 0.88 -
evm.utg24533.16                       -            369 196950at33208        -            623   1.5e-21   78.1   0.0   1   3   3.8e-11     9e-09   35.9   0.0     3    79    37   114    35   123 0.90 -
evm.utg24533.16                       -            369 196950at33208        -            623   1.5e-21   78.1   0.0   2   3   3.3e-07   7.6e-05   22.9   0.0     4    78   124   200   121   208 0.89 -
evm.utg24533.16                       -            369 196950at33208        -            623   1.5e-21   78.1   0.0   3   3   4.3e-05      0.01   15.9   0.0   204   276   290   357   285   366 0.88 -
evm.utg431.36.1.5c22f0d2              -            370 196950at33208        -            623   7.8e-21   75.7   0.4   1   3   2.3e-06   0.00054   20.1   0.0   202   285    10    92     2    99 0.69 -
evm.utg431.36.1.5c22f0d2              -            370 196950at33208        -            623   7.8e-21   75.7   0.4   2   3   1.4e-14   3.2e-12   47.3   0.3   165   274    51   173    51   202 0.80 -
evm.utg431.36.1.5c22f0d2              -            370 196950at33208        -            623   7.8e-21   75.7   0.4   3   3   3.1e-05    0.0073   16.4   0.0     4    58   204   253   197   267 0.62 -
evm.utg431.36                         -            409 196950at33208        -            623   1.2e-20   75.1   0.3   1   3   2.4e-06   0.00057   20.0   0.0   202   285    10    92     2   100 0.70 -
evm.utg431.36                         -            409 196950at33208        -            623   1.2e-20   75.1   0.3   2   3   1.7e-14   3.9e-12   47.0   0.2   165   274    51   173    51   202 0.80 -
evm.utg431.36                         -            409 196950at33208        -            623   1.2e-20   75.1   0.3   3   3   2.4e-05    0.0055   16.7   0.0   204   255   204   250   174   265 0.58 -
evm.utg659.19                         -            887 196950at33208        -            623   5.4e-20   72.9   5.5   1   2   7.5e-12   1.8e-09   38.2   3.3   165   281   609   725   537   740 0.75 -
evm.utg659.19                         -            887 196950at33208        -            623   5.4e-20   72.9   5.5   2   2   1.2e-10   2.8e-08   34.3   0.0   203   274   741   812   735   821 0.67 -
evm.utg607.52.1.5c22f2b0              -            504 196950at33208        -            623   1.9e-19   71.2   0.0   1   2   8.5e-12     2e-09   38.0   0.0   202   291   109   198    81   213 0.88 -
evm.utg607.52.1.5c22f2b0              -            504 196950at33208        -            623   1.9e-19   71.2   0.0   2   2   1.2e-09   2.9e-07   30.9   0.0   203   273   248   318   237   330 0.86 -
evm.utg483.13                         -            600 196950at33208        -            623   6.8e-19   69.3   0.0   1   3   8.3e-10     2e-07   31.5   0.0   128   266    13   182     4   194 0.72 -
evm.utg483.13                         -            600 196950at33208        -            623   6.8e-19   69.3   0.0   2   3   1.3e-08   3.1e-06   27.5   0.0   130   193   294   366   287   372 0.88 -
evm.utg483.13                         -            600 196950at33208        -            623   6.8e-19   69.3   0.0   3   3       3.3   7.6e+02   -0.2   0.9    43   108   504   565   496   590 0.69 -
evm.utg7680.17.1.5c22f3fd             -            511 196950at33208        -            623   7.2e-19   69.2   0.0   1   3   2.9e-06   0.00068   19.8   0.0   203   283   162   242   150   255 0.84 -
evm.utg7680.17.1.5c22f3fd             -            511 196950at33208        -            623   7.2e-19   69.2   0.0   2   3     2e-10   4.7e-08   33.5   0.0   202   278   257   334   251   343 0.92 -
evm.utg7680.17.1.5c22f3fd             -            511 196950at33208        -            623   7.2e-19   69.2   0.0   3   3   0.00057      0.13   12.2   0.0   216   272   428   481   424   493 0.86 -
evm.utg7680.17                        -            538 196950at33208        -            623   8.7e-19   69.0   0.0   1   3   3.1e-06   0.00074   19.6   0.0   203   283   189   269   177   282 0.84 -
evm.utg7680.17                        -            538 196950at33208        -            623   8.7e-19   69.0   0.0   2   3   2.2e-10     5e-08   33.4   0.0   202   278   284   361   278   370 0.92 -
evm.utg7680.17                        -            538 196950at33208        -            623   8.7e-19   69.0   0.0   3   3   0.00061      0.14   12.1   0.0   216   272   455   508   451   520 0.86 -
evm.utg194.102.3.5c22ec80             -            384 196950at33208        -            623     1e-18   68.8   0.3   1   2   3.5e-09   8.2e-07   29.4   0.0   199   253    15    70     4    88 0.88 -
evm.utg194.102.3.5c22ec80             -            384 196950at33208        -            623     1e-18   68.8   0.3   2   2   1.7e-11     4e-09   37.0   0.6     3    77   108   182   106   187 0.88 -
evm.utg194.102                        -            393 196950at33208        -            623   1.1e-18   68.6   0.3   1   2   3.6e-09   8.5e-07   29.3   0.0   199   253    15    70     4    88 0.88 -
evm.utg194.102                        -            393 196950at33208        -            623   1.1e-18   68.6   0.3   2   2   1.8e-11   4.1e-09   37.0   0.6     3    77   108   182   106   187 0.88 -
evm.utg194.102.1.5c22ec80             -            397 196950at33208        -            623   1.1e-18   68.6   0.3   1   2   3.7e-09   8.6e-07   29.3   0.0   199   253    15    70     4    88 0.88 -
evm.utg194.102.1.5c22ec80             -            397 196950at33208        -            623   1.1e-18   68.6   0.3   2   2   1.8e-11   4.2e-09   37.0   0.6     3    77   108   182   106   187 0.88 -
evm.utg1270.29                        -            538 196950at33208        -            623   1.7e-18   68.0   0.0   1   3   3.1e-06   0.00074   19.6   0.0   203   283   189   269   177   282 0.84 -
evm.utg1270.29                        -            538 196950at33208        -            623   1.7e-18   68.0   0.0   2   3   2.2e-10     5e-08   33.4   0.0   202   278   284   361   278   370 0.92 -
evm.utg1270.29                        -            538 196950at33208        -            623   1.7e-18   68.0   0.0   3   3    0.0012      0.28   11.1   0.0   216   272   455   508   451   520 0.86 -
evm.utg1270.29.1.5c22e9b1             -            538 196950at33208        -            623   1.7e-18   68.0   0.0   1   3   3.1e-06   0.00074   19.6   0.0   203   283   189   269   177   282 0.84 -
evm.utg1270.29.1.5c22e9b1             -            538 196950at33208        -            623   1.7e-18   68.0   0.0   2   3   2.2e-10     5e-08   33.4   0.0   202   278   284   361   278   370 0.92 -
evm.utg1270.29.1.5c22e9b1             -            538 196950at33208        -            623   1.7e-18   68.0   0.0   3   3    0.0012      0.28   11.1   0.0   216   272   455   508   451   520 0.86 -
evm.utg607.52.1.5c22f2b0.1.5c279693   -            357 196950at33208        -            623   2.1e-18   67.7   0.0   1   2   7.2e-10   1.7e-07   31.7   0.0   203   273    57   127    46   139 0.86 -
evm.utg607.52.1.5c22f2b0.1.5c279693   -            357 196950at33208        -            623   2.1e-18   67.7   0.0   2   2   1.5e-10   3.5e-08   33.9   0.0   200   272   276   348   264   352 0.92 -
evm.utg7.38                           -            616 196950at33208        -            623   3.6e-17   63.6   0.9   1   3   8.7e-13     2e-10   41.3   0.0   176   274   127   226    92   235 0.86 -
evm.utg7.38                           -            616 196950at33208        -            623   3.6e-17   63.6   0.9   2   3     1e-05    0.0024   18.0   0.0   446   512   246   312   236   319 0.56 -
evm.utg7.38                           -            616 196950at33208        -            623   3.6e-17   63.6   0.9   3   3       1.7     4e+02    0.7   0.1   165   195   570   601   469   605 0.77 -
evm.utg194.102.4.5c22ec80             -            374 196950at33208        -            623   9.4e-17   62.2   0.5   1   2   2.8e-07   6.7e-05   23.1   0.0   204   253     1    51     1    73 0.84 -
evm.utg194.102.4.5c22ec80             -            374 196950at33208        -            623   9.4e-17   62.2   0.5   2   2   1.6e-11   3.8e-09   37.1   0.6     3    77    89   163    87   168 0.88 -
evm.utg7.38.1.5c22f35e                -            576 196950at33208        -            623   1.5e-16   61.6   0.8   1   2   7.8e-13   1.8e-10   41.5   0.0   176   274   127   226    92   235 0.86 -
evm.utg7.38.1.5c22f35e                -            576 196950at33208        -            623   1.5e-16   61.6   0.8   2   2   9.6e-06    0.0022   18.0   0.0   446   512   246   312   238   319 0.55 -
evm.utg27.40.3.5c22ee09.1.5c2792be    -            259 196950at33208        -            623   3.9e-16   60.2   0.0   1   2   1.5e-09   3.6e-07   30.6   0.0   200   280    18    99    10   109 0.87 -
evm.utg27.40.3.5c22ee09.1.5c2792be    -            259 196950at33208        -            623   3.9e-16   60.2   0.0   2   2   1.7e-09   4.1e-07   30.4   0.1   515   618    91   196    83   201 0.86 -
evm.utg104.8                          -            637 196950at33208        -            623   4.1e-16   60.1   0.3   1   3   4.3e-06     0.001   19.2   0.0   203   266   155   219   149   231 0.87 -
evm.utg104.8                          -            637 196950at33208        -            623   4.1e-16   60.1   0.3   2   3   8.1e-05     0.019   15.0   0.1     2    68   235   304   234   329 0.82 -
evm.utg104.8                          -            637 196950at33208        -            623   4.1e-16   60.1   0.3   3   3   6.3e-07   0.00015   22.0   0.1     4    79   333   401   329   414 0.73 -
evm.utg221.8                          -            749 196950at33208        -            623   4.5e-16   60.0   0.3   1   2   8.4e-10     2e-07   31.4   0.1   152   272    52   178    20   186 0.74 -
evm.utg221.8                          -            749 196950at33208        -            623   4.5e-16   60.0   0.3   2   2   2.6e-08     6e-06   26.5   0.0     4    76   200   274   197   280 0.89 -
evm.utg293.27                         -            625 196950at33208        -            623   6.8e-16   59.4   5.7   1   2   2.2e-09   5.2e-07   30.1   2.9   114   281   289   457   251   462 0.65 -
evm.utg293.27                         -            625 196950at33208        -            623   6.8e-16   59.4   5.7   2   2   5.5e-09   1.3e-06   28.8   0.0   446   524   483   561   478   566 0.84 -
evm.utg734.4                          -            638 196950at33208        -            623   8.1e-16   59.2   0.4   1   3   4.3e-06     0.001   19.2   0.0   203   266   155   219   149   231 0.87 -
evm.utg734.4                          -            638 196950at33208        -            623   8.1e-16   59.2   0.4   2   3   0.00012     0.028   14.4   0.1     2    68   235   304   234   329 0.82 -
evm.utg734.4                          -            638 196950at33208        -            623   8.1e-16   59.2   0.4   3   3   5.6e-07   0.00013   22.1   0.1   203   268   332   390   315   417 0.57 -
evm.utg27.40.3.5c22ee09               -            357 196950at33208        -            623   1.2e-15   58.5   0.0   1   2   2.8e-09   6.6e-07   29.7   0.0   200   280    18    99    10   109 0.87 -
evm.utg27.40.3.5c22ee09               -            357 196950at33208        -            623   1.2e-15   58.5   0.0   2   2   3.5e-09   8.2e-07   29.4   0.0   515   618    91   196    84   201 0.85 -
evm.utg637.12.1.5c22f302.1.5c2796d9   -            260 196950at33208        -            623   1.5e-15   58.3   0.1   1   2     2e-07   4.6e-05   23.6   0.0   201   252    12    64     5    84 0.78 -
evm.utg637.12.1.5c22f302.1.5c2796d9   -            260 196950at33208        -            623   1.5e-15   58.3   0.1   2   2   3.5e-10   8.1e-08   32.7   0.1   432   529    93   192    91   196 0.79 -
evm.utg27.40                          -            404 196950at33208        -            623   1.8e-15   58.0   0.0   1   2   3.5e-09   8.2e-07   29.4   0.0   200   280    18    99    10   109 0.87 -
evm.utg27.40                          -            404 196950at33208        -            623   1.8e-15   58.0   0.0   2   2   4.4e-09     1e-06   29.1   0.0   515   618    91   196    84   201 0.85 -
evm.utg27.40.1.5c22ee09               -            407 196950at33208        -            623   1.9e-15   57.9   0.0   1   2   3.5e-09   8.3e-07   29.4   0.0   200   280    18    99    10   109 0.87 -
evm.utg27.40.1.5c22ee09               -            407 196950at33208        -            623   1.9e-15   57.9   0.0   2   2   4.4e-09     1e-06   29.1   0.0   515   618    91   196    84   201 0.85 -
evm.utg27.40.2.5c22ee09               -            407 196950at33208        -            623   1.9e-15   57.9   0.0   1   2   3.5e-09   8.3e-07   29.4   0.0   200   280    18    99    10   109 0.87 -
evm.utg27.40.2.5c22ee09               -            407 196950at33208        -            623   1.9e-15   57.9   0.0   2   2   4.4e-09     1e-06   29.1   0.0   515   618    91   196    84   201 0.85 -
evm.utg4898.12                        -           1002 196950at33208        -            623   2.8e-15   57.4   0.8   1   2   2.1e-09   4.8e-07   30.2   0.3   135   272    34   178    20   186 0.75 -
evm.utg4898.12                        -           1002 196950at33208        -            623   2.8e-15   57.4   0.8   2   2   5.5e-08   1.3e-05   25.5   0.0     4    76   200   274   197   277 0.89 -
evm.utg637.12.1.5c22f302              -            322 196950at33208        -            623   3.3e-15   57.1   0.1   1   2   2.8e-07   6.6e-05   23.1   0.0   201   252    12    64     5    84 0.78 -
evm.utg637.12.1.5c22f302              -            322 196950at33208        -            623   3.3e-15   57.1   0.1   2   2   5.3e-10   1.3e-07   32.1   0.1   432   529    93   192    91   196 0.79 -
evm.utg3553.12                        -            475 196950at33208        -            623   5.3e-15   56.5   0.3   1   2   1.1e-11   2.7e-09   37.6   0.0   445   552     3   117     1   118 0.76 -
evm.utg3553.12                        -            475 196950at33208        -            623   5.3e-15   56.5   0.3   2   2   6.6e-06    0.0015   18.6   0.4     3    80    98   184    96   214 0.64 -
evm.utg22722.3                        -            475 196950at33208        -            623   5.8e-15   56.3   0.3   1   2   5.3e-11   1.2e-08   35.4   0.0   445   524     3    82     1    96 0.84 -
evm.utg22722.3                        -            475 196950at33208        -            623   5.8e-15   56.3   0.3   2   2   7.4e-06    0.0017   18.4   0.4     3    79    98   183    96   213 0.64 -
evm.utg637.12                         -            411 196950at33208        -            623   7.4e-15   56.0   0.1   1   2   4.3e-07    0.0001   22.5   0.0   201   252    12    64     6    83 0.78 -
evm.utg637.12                         -            411 196950at33208        -            623   7.4e-15   56.0   0.1   2   2   8.4e-10     2e-07   31.5   0.1   432   529    93   192    91   196 0.79 -
evm.utg16283.17                       -            411 196950at33208        -            623   8.3e-15   55.8   0.1   1   2     4e-07   9.5e-05   22.6   0.0   201   254    12    66     6    85 0.73 -
evm.utg16283.17                       -            411 196950at33208        -            623   8.3e-15   55.8   0.1   2   2     1e-09   2.4e-07   31.2   0.1   432   529    93   192    91   196 0.78 -
evm.utg194.102.5.5c22ec80             -            397 196950at33208        -            623   9.3e-15   55.7   0.5   1   2   2.7e-05    0.0063   16.6   0.0   200   253    21    74    19    92 0.81 -
evm.utg194.102.5.5c22ec80             -            397 196950at33208        -            623   9.3e-15   55.7   0.5   2   2   1.8e-11   4.2e-09   37.0   0.6     3    77   112   186   110   191 0.88 -
evm.utg194.29                         -            237 196950at33208        -            623   2.6e-14   54.2   0.9   1   2       4.8   1.1e+03   -0.8   0.0   102   131    33    62    11    69 0.71 -
evm.utg194.29                         -            237 196950at33208        -            623   2.6e-14   54.2   0.9   2   2   1.1e-16   2.6e-14   54.2   0.9    96   193    84   192    35   199 0.70 -
evm.utg616.49                         -            315 196950at33208        -            623   3.6e-14   53.7   0.2   1   1     2e-16   4.6e-14   53.3   0.2   444   585     5   163     1   184 0.79 -
evm.utg616.49.1.5c22f2d5              -            315 196950at33208        -            623   3.6e-14   53.7   0.2   1   1     2e-16   4.6e-14   53.3   0.2   444   585     5   163     1   184 0.79 -
evm.utg616.49.2.5c22f2d5              -            315 196950at33208        -            623   3.6e-14   53.7   0.2   1   1     2e-16   4.6e-14   53.3   0.2   444   585     5   163     1   184 0.79 -
evm.utg616.49.3.5c22f2d5              -            315 196950at33208        -            623   3.6e-14   53.7   0.2   1   1     2e-16   4.6e-14   53.3   0.2   444   585     5   163     1   184 0.79 -
evm.utg405.80                         -            488 196950at33208        -            623   4.3e-14   53.5   0.1   1   4   2.6e-05    0.0061   16.6   0.0   212   266    34    89     8   114 0.71 -
evm.utg405.80                         -            488 196950at33208        -            623   4.3e-14   53.5   0.1   2   4   0.00025     0.058   13.4   0.0   210   262   127   180    98   186 0.66 -
evm.utg405.80                         -            488 196950at33208        -            623   4.3e-14   53.5   0.1   3   4     0.025       5.8    6.8   0.0   202   264   264   326   229   339 0.74 -
evm.utg405.80                         -            488 196950at33208        -            623   4.3e-14   53.5   0.1   4   4   0.00077      0.18   11.8   0.0     2    78   403   474   402   486 0.83 -
evm.utg616.48                         -            312 196950at33208        -            623   5.3e-14   53.2   0.0   1   1   3.6e-16   8.4e-14   52.5   0.0   444   588     4   165     1   172 0.75 -
evm.utg616.48.1.5c22f2d4              -            312 196950at33208        -            623   5.3e-14   53.2   0.0   1   1   3.6e-16   8.4e-14   52.5   0.0   444   588     4   165     1   172 0.75 -
evm.utg616.48.2.5c22f2d5              -            312 196950at33208        -            623   5.3e-14   53.2   0.0   1   1   3.6e-16   8.4e-14   52.5   0.0   444   588     4   165     1   172 0.75 -
evm.utg4576.41                        -            467 196950at33208        -            623   1.5e-13   51.6   0.1   1   2   2.4e-12   5.7e-10   39.8   0.0   441   575   169   301   162   303 0.84 -
evm.utg4576.41                        -            467 196950at33208        -            623   1.5e-13   51.6   0.1   2   2   1.1e-05    0.0025   17.9   0.0   443   502   250   306   240   322 0.63 -
evm.utg579.32                         -            344 196950at33208        -            623   1.5e-13   51.6   0.0   1   1   1.2e-15   2.7e-13   50.8   0.0   450   588   111   248    91   276 0.81 -
evm.utg1663.2                         -            516 196950at33208        -            623   1.6e-13   51.6   0.2   1   2     2e-12   4.6e-10   40.1   0.0   441   576   157   290   151   293 0.83 -
evm.utg1663.2                         -            516 196950at33208        -            623   1.6e-13   51.6   0.2   2   2   1.2e-05    0.0029   17.7   0.0   443   502   238   294   228   311 0.63 -
evm.utg535.7                          -            291 196950at33208        -            623     4e-13   50.3   3.0   1   2   3.5e-14   8.3e-12   45.9   1.4   442   590    60   205    13   217 0.84 -
evm.utg535.7                          -            291 196950at33208        -            623     4e-13   50.3   3.0   2   2      0.18        43    3.9   0.0   441   474   226   259   215   284 0.68 -
evm.utg1230.2                         -            367 196950at33208        -            623   6.3e-13   49.6   0.6   1   2   0.00031     0.072   13.1   0.0   438   497   100   159    94   168 0.82 -
evm.utg1230.2                         -            367 196950at33208        -            623   6.3e-13   49.6   0.6   2   2   1.1e-10   2.6e-08   34.3   0.0   167   281   174   293   165   316 0.79 -
evm.utg1272.28                        -            360 196950at33208        -            623   5.5e-12   46.5   0.0   1   3   3.1e-06   0.00072   19.7   0.0   205   264    16    76     6    95 0.55 -
evm.utg1272.28                        -            360 196950at33208        -            623   5.5e-12   46.5   0.0   2   3   4.5e-06     0.001   19.1   0.0   440   509    90   160    80   168 0.81 -
evm.utg1272.28                        -            360 196950at33208        -            623   5.5e-12   46.5   0.0   3   3   5.2e-06    0.0012   18.9   0.0     4    77   102   177    99   194 0.65 -
evm.utg715.62                         -            330 196950at33208        -            623     2e-11   44.6   0.1   1   2   1.6e-08   3.6e-06   27.3   0.0   200   253    27    81    18   100 0.75 -
evm.utg715.62                         -            330 196950at33208        -            623     2e-11   44.6   0.1   2   2     8e-05     0.019   15.0   0.1   452   523   118   191   108   206 0.47 -
evm.utg1230.2.1.5c22e95e              -            277 196950at33208        -            623     2e-11   44.6   1.7   1   2   0.00016     0.037   14.0   0.1   438   497   100   159    89   170 0.81 -
evm.utg1230.2.1.5c22e95e              -            277 196950at33208        -            623     2e-11   44.6   1.7   2   2   6.3e-09   1.5e-06   28.6   0.0   441   506   205   268   198   275 0.83 -
evm.utg4271.36                        -            517 196950at33208        -            623   5.2e-11   43.3   0.0   1   1   2.8e-13   6.5e-11   43.0   0.0   203   287    29   114     1   125 0.84 -
evm.utg1272.28.1.5c22e9ba             -            273 196950at33208        -            623     7e-11   42.8   0.0   1   2   1.9e-06   0.00045   20.4   0.0   205   264    16    76     6    95 0.55 -
evm.utg1272.28.1.5c22e9ba             -            273 196950at33208        -            623     7e-11   42.8   0.0   2   2     3e-06   0.00069   19.7   0.0     4    78   102   178    99   199 0.67 -
evm.utg1565.59                        -            155 196950at33208        -            623   9.1e-11   42.5   0.1   1   1   4.4e-13     1e-10   42.3   0.1   186   272    11    98     2   115 0.90 -
evm.utg1565.59.1.5c22eb47             -            155 196950at33208        -            623   9.1e-11   42.5   0.1   1   1   4.4e-13     1e-10   42.3   0.1   186   272    11    98     2   115 0.90 -
evm.utg625.24                         -            248 196950at33208        -            623   2.1e-10   41.3   0.0   1   2   2.6e-08   6.1e-06   26.5   0.0     3    77     8    75     6    78 0.95 -
evm.utg625.24                         -            248 196950at33208        -            623   2.1e-10   41.3   0.0   2   2   0.00037     0.087   12.8   0.0   125   203   106   190    94   203 0.77 -
evm.utg6123.17                        -            523 196950at33208        -            623   2.1e-10   41.3   0.6   1   4         1   2.5e+02    1.4   0.0   532   564    44    78    31   122 0.84 -
evm.utg6123.17                        -            523 196950at33208        -            623   2.1e-10   41.3   0.6   2   4   0.00066      0.16   12.0   0.0     3    69   180   243   174   274 0.73 -
evm.utg6123.17                        -            523 196950at33208        -            623   2.1e-10   41.3   0.6   3   4    0.0019      0.44   10.5   0.1     4    79   332   404   329   440 0.85 -
evm.utg6123.17                        -            523 196950at33208        -            623   2.1e-10   41.3   0.6   4   4   0.00043       0.1   12.6   0.0     5    70   449   510   445   521 0.72 -
evm.utg3839.65                        -            523 196950at33208        -            623   2.2e-10   41.2   0.7   1   4      0.83   1.9e+02    1.7   0.0   531   564    43    78    31   101 0.79 -
evm.utg3839.65                        -            523 196950at33208        -            623   2.2e-10   41.2   0.7   2   4    0.0011      0.26   11.2   0.1     3    81   180   259   178   275 0.69 -
evm.utg3839.65                        -            523 196950at33208        -            623   2.2e-10   41.2   0.7   3   4    0.0019      0.44   10.5   0.1     4    79   332   404   329   440 0.85 -
evm.utg3839.65                        -            523 196950at33208        -            623   2.2e-10   41.2   0.7   4   4   0.00038     0.088   12.8   0.0     5    70   449   510   445   521 0.73 -
evm.utg2614.9                         -            246 196950at33208        -            623   2.6e-10   41.0   0.0   1   2   2.5e-08     6e-06   26.6   0.0     3    77     8    75     6    78 0.95 -
evm.utg2614.9                         -            246 196950at33208        -            623   2.6e-10   41.0   0.0   2   2   0.00046      0.11   12.5   0.0   125   197   104   183    92   201 0.77 -
evm.utg2869.7                         -            497 196950at33208        -            623   3.9e-10   40.4   0.1   1   3   1.2e-06   0.00028   21.1   0.0   133   193     3    74     1    86 0.80 -
evm.utg2869.7                         -            497 196950at33208        -            623   3.9e-10   40.4   0.1   2   3     0.068        16    5.3   0.0   164   194   275   306   269   365 0.76 -
evm.utg2869.7                         -            497 196950at33208        -            623   3.9e-10   40.4   0.1   3   3     0.002      0.46   10.4   0.0     6    72   424   491   392   495 0.71 -
evm.utg659.19.1.5c22f32b              -            735 196950at33208        -            623   5.7e-10   39.8   2.8   1   1   4.6e-12   1.1e-09   38.9   2.8   139   281   582   725   528   732 0.74 -
evm.utg616.47                         -            292 196950at33208        -            623   6.7e-10   39.6   1.9   1   2   1.9e-09   4.5e-07   30.3   0.1     3    78    15    90    13   100 0.94 -
evm.utg616.47                         -            292 196950at33208        -            623   6.7e-10   39.6   1.9   2   2    0.0038      0.88    9.5   0.1   449   503   103   157    89   184 0.70 -
evm.utg2606.12                        -            224 196950at33208        -            623   8.8e-10   39.2   0.0   1   1   4.4e-12     1e-09   39.0   0.0   197   276     3    82     1    95 0.88 -
evm.utg3980.1                         -            110 196950at33208        -            623     1e-09   39.0   0.3   1   1   5.1e-12   1.2e-09   38.8   0.3   181   278     4    96     1   109 0.64 -
evm.utg3536.20                        -            229 196950at33208        -            623   1.1e-09   38.9   0.0   1   1   6.2e-12   1.4e-09   38.5   0.0   202   285    16   103    10   112 0.83 -
evm.utg14320.8                        -            236 196950at33208        -            623   1.2e-09   38.8   0.0   1   1   6.6e-12   1.5e-09   38.4   0.0   202   285    16   103    10   112 0.83 -
evm.utg1285.49.1.5c22e9f4             -            290 196950at33208        -            623   1.5e-09   38.4   0.0   1   1   9.6e-12   2.3e-09   37.9   0.0   200   270   205   276   195   287 0.89 -
evm.utg1285.49                        -            294 196950at33208        -            623   1.6e-09   38.4   0.0   1   1   9.9e-12   2.3e-09   37.8   0.0   200   270   209   280   199   291 0.89 -
evm.utg194.102.3.5c22ec80.1.5c27916c  -            283 196950at33208        -            623   1.8e-09   38.2   0.6   1   1     1e-11   2.4e-09   37.8   0.6     3    77     7    81     5    86 0.88 -
evm.utg194.102.1.5c22ec80.3.5c27916d  -            296 196950at33208        -            623     2e-09   38.1   0.6   1   1   1.1e-11   2.6e-09   37.7   0.6     3    77     7    81     5    86 0.88 -
evm.utg194.102.2.5c22ec80.2.5c27916d  -            297 196950at33208        -            623     2e-09   38.1   0.6   1   1   1.1e-11   2.6e-09   37.7   0.6     3    77     8    82     6    87 0.88 -
evm.utg1272.28.2.5c22e9ba             -            342 196950at33208        -            623   2.5e-09   37.7   0.0   1   2   3.9e-05    0.0092   16.0   0.0   557   601    21    65    13    80 0.79 -
evm.utg1272.28.2.5c22e9ba             -            342 196950at33208        -            623   2.5e-09   37.7   0.0   2   2   3.4e-06   0.00081   19.5   0.0   441   509    73   142    64   158 0.73 -
evm.utg194.102.2.5c22ec80             -            356 196950at33208        -            623   3.5e-09   37.2   0.6   1   1   1.5e-11   3.5e-09   37.2   0.6     3    77    67   141    65   146 0.88 -
evm.utg1226.26.3.5c22e961.1.5c278f5f  -            135 196950at33208        -            623   3.5e-09   37.2   0.1   1   1   1.6e-11   3.7e-09   37.1   0.1   174   274    34   133     6   134 0.80 -
evm.utg3878.8.1.5c22f027              -            197 196950at33208        -            623     4e-09   37.0   0.1   1   1     2e-11   4.8e-09   36.8   0.1   175   277    35   136     7   145 0.80 -
evm.utg1226.26.3.5c22e961             -            192 196950at33208        -            623   5.7e-09   36.5   0.1   1   1   2.9e-11   6.7e-09   36.3   0.1   174   277    34   136     7   145 0.80 -
evm.utg3878.8.2.5c22f027              -            227 196950at33208        -            623     6e-09   36.5   0.1   1   1   3.2e-11   7.6e-09   36.1   0.1   175   277    70   171    47   180 0.81 -
evm.utg1226.26.1.5c22e961             -            197 196950at33208        -            623   6.1e-09   36.4   0.1   1   1   3.1e-11   7.2e-09   36.2   0.1   175   277    35   136     7   145 0.80 -
evm.utg25826.13.14                    -            223 196950at33208        -            623   6.2e-09   36.4   0.0   1   1   3.6e-11   8.3e-09   36.0   0.0   203   290    11   100     8   111 0.81 -
utg4922.equina_smart_1564021.mrna2    -            223 196950at33208        -            623   6.3e-09   36.4   0.0   1   1   3.6e-11   8.3e-09   36.0   0.0   203   290    11   100     8   111 0.81 -
evm.utg3878.8                         -            232 196950at33208        -            623   6.3e-09   36.4   0.1   1   1   3.4e-11     8e-09   36.0   0.1   175   277    70   171    47   180 0.81 -
evm.utg1162.25                        -            141 196950at33208        -            623   7.6e-09   36.1   0.1   1   2      0.23        54    3.6   0.0   568   590     4    26     1    44 0.71 -
evm.utg1162.25                        -            141 196950at33208        -            623   7.6e-09   36.1   0.1   2   2   1.2e-09   2.8e-07   30.9   0.1     3    79    52   129    50   139 0.90 -
evm.utg146.4                          -            124 196950at33208        -            623   8.1e-09   36.0   0.1   1   1   4.1e-11   9.5e-09   35.8   0.1   204   293    21   108     6   116 0.87 -
evm.utg1138.26                        -            464 196950at33208        -            623   8.7e-09   35.9   0.1   1   1   6.7e-11   1.6e-08   35.1   0.1   167   282   271   391   251   412 0.80 -
evm.utg13320.9                        -            209 196950at33208        -            623     9e-09   35.9   0.0   1   1   3.8e-11     9e-09   35.9   0.0   203   278    11    87     5   105 0.90 -
evm.utg1226.26.2.5c22e961             -            227 196950at33208        -            623   9.1e-09   35.9   0.1   1   1   4.9e-11   1.1e-08   35.5   0.1   175   277    70   171    47   180 0.80 -
evm.utg4046.2                         -            227 196950at33208        -            623   9.1e-09   35.9   0.1   1   1   4.9e-11   1.1e-08   35.5   0.1   175   277    70   171    47   180 0.80 -
evm.utg9313.7                         -            209 196950at33208        -            623   9.6e-09   35.8   0.0   1   1   4.1e-11   9.6e-09   35.8   0.0   203   279    11    88     5   106 0.90 -
evm.utg1226.26                        -            232 196950at33208        -            623   9.6e-09   35.8   0.1   1   1   5.1e-11   1.2e-08   35.5   0.1   175   277    70   171    47   180 0.80 -
evm.utg2108.50                        -            715 196950at33208        -            623   1.3e-08   35.3   0.2   1   1   7.9e-11   1.9e-08   34.8   0.2   190   281    88   181    42   205 0.87 -
evm.utg4455.38                        -            253 196950at33208        -            623   1.9e-08   34.8   0.2   1   2   7.5e-06    0.0018   18.4   0.0   212   266    34    89     6   113 0.70 -
evm.utg4455.38                        -            253 196950at33208        -            623   1.9e-08   34.8   0.2   2   2    0.0001     0.023   14.7   0.0   210   263   127   181   108   186 0.66 -
evm.utg5985.7                         -            283 196950at33208        -            623   1.9e-08   34.8   0.0   1   2   3.5e-05    0.0083   16.2   0.0     1    77     1    70     1    74 0.62 -
evm.utg5985.7                         -            283 196950at33208        -            623   1.9e-08   34.8   0.0   2   2   2.6e-05    0.0062   16.6   0.0   206   292   128   210   121   219 0.87 -
evm.utg6959.26                        -            225 196950at33208        -            623   2.1e-08   34.7   0.0   1   1   1.1e-10   2.5e-08   34.4   0.0   198   276     4    82     1    97 0.87 -
evm.utg62.80                          -            309 196950at33208        -            623   2.5e-08   34.4   0.0   1   1   1.1e-10   2.5e-08   34.4   0.0   432   509    70   146    65   162 0.82 -
evm.utg6959.25                        -            130 196950at33208        -            623   3.3e-08   34.0   0.0   1   1   1.7e-10   3.9e-08   33.8   0.0   203   278     7    82     1    86 0.88 -
evm.utg107.12                         -            470 196950at33208        -            623     4e-08   33.7   2.7   1   2   1.1e-05    0.0026   17.8   0.4     3   117    11   124     7   137 0.77 -
evm.utg107.12                         -            470 196950at33208        -            623     4e-08   33.7   2.7   2   2     5e-05     0.012   15.7   0.1   172   276   349   459   345   468 0.71 -
evm.utg150.56                         -            297 196950at33208        -            623     4e-08   33.7   0.0   1   1   2.3e-10   5.3e-08   33.3   0.0     6    93     9    99     3   133 0.59 -
evm.utg7403.4                         -            324 196950at33208        -            623   4.6e-08   33.5   0.0   1   1   2.5e-10     6e-08   33.2   0.0   204   278    34   109    24   149 0.57 -
evm.utg594.52                         -            218 196950at33208        -            623   4.7e-08   33.5   0.6   1   1     2e-10   4.7e-08   33.5   0.6     3   130    10   141     8   165 0.70 -
evm.utg2606.13                        -            182 196950at33208        -            623   5.6e-08   33.3   0.0   1   1   2.7e-10   6.4e-08   33.1   0.0   203   280     7    84     1    87 0.89 -
evm.utg2411.3                         -            492 196950at33208        -            623   5.7e-08   33.2   5.0   1   1   4.9e-10   1.1e-07   32.2   5.0     5   101   243   340   240   396 0.70 -
evm.utg6959.25.1.5c22f358             -            192 196950at33208        -            623   7.1e-08   32.9   0.0   1   1   3.5e-10   8.2e-08   32.7   0.0   203   280     7    84     1    87 0.88 -
evm.utg6035.7                         -            218 196950at33208        -            623   8.2e-08   32.7   0.3   1   2   3.5e-10   8.2e-08   32.7   0.3     3   128    10   139     8   159 0.71 -
evm.utg6035.7                         -            218 196950at33208        -            623   8.2e-08   32.7   0.3   2   2       6.4   1.5e+03   -1.2   2.9    82   141   151   208   137   214 0.46 -
evm.utg104.21                         -            482 196950at33208        -            623   9.5e-08   32.5   0.0   1   2   1.1e-05    0.0026   17.9   0.0   192   288   187   283   177   293 0.72 -
evm.utg104.21                         -            482 196950at33208        -            623   9.5e-08   32.5   0.0   2   2   0.00061      0.14   12.1   0.0    12    69   299   355   291   373 0.87 -
evm.utg24316.4                        -            313 196950at33208        -            623   1.4e-07   32.0   0.0   1   3   9.5e-05     0.022   14.8   0.0   201   269     2    63     1    68 0.82 -
evm.utg24316.4                        -            313 196950at33208        -            623   1.4e-07   32.0   0.0   2   3     0.098        23    4.8   0.0   571   607    36    71    34    77 0.87 -
evm.utg24316.4                        -            313 196950at33208        -            623   1.4e-07   32.0   0.0   3   3   0.00056      0.13   12.2   0.0   203   284    99   176    96   195 0.77 -
evm.utg1032.7                         -           1311 196950at33208        -            623   1.6e-07   31.7   0.0   1   1     7e-10   1.6e-07   31.7   0.0   432   509  1077  1153  1064  1171 0.83 -
evm.utg280.23                         -            309 196950at33208        -            623   1.7e-07   31.7   0.0   1   1   7.1e-10   1.7e-07   31.7   0.0   198   293    13   106     5   113 0.86 -
evm.utg225.18.1.5c22ed4a              -            710 196950at33208        -            623   1.8e-07   31.6   0.8   1   2   0.00034      0.08   12.9   0.0   532   589    14    73     3    94 0.73 -
evm.utg225.18.1.5c22ed4a              -            710 196950at33208        -            623   1.8e-07   31.6   0.8   2   2   3.8e-05    0.0088   16.1   0.0   439   512   132   207   124   220 0.80 -
evm.utg2869.10                        -            664 196950at33208        -            623   1.9e-07   31.5   0.0   1   3   0.00072      0.17   11.9   0.0   133   196   209   283   204   294 0.78 -
evm.utg2869.10                        -            664 196950at33208        -            623   1.9e-07   31.5   0.0   2   3   0.00017      0.04   13.9   0.0   125   193   306   387   283   398 0.70 -
evm.utg2869.10                        -            664 196950at33208        -            623   1.9e-07   31.5   0.0   3   3      0.88   2.1e+02    1.7   0.0   205   277   453   528   447   534 0.57 -
evm.utg225.18                         -            734 196950at33208        -            623     2e-07   31.4   0.8   1   2   0.00035     0.083   12.9   0.0   532   589    14    73     3    94 0.73 -
evm.utg225.18                         -            734 196950at33208        -            623     2e-07   31.4   0.8   2   2   3.9e-05    0.0092   16.0   0.0   439   512   132   207   124   220 0.80 -
evm.utg77.110                         -            313 196950at33208        -            623   2.1e-07   31.4   0.0   1   3   9.5e-05     0.022   14.8   0.0   201   269     2    63     1    68 0.82 -
evm.utg77.110                         -            313 196950at33208        -            623   2.1e-07   31.4   0.0   2   3     0.098        23    4.8   0.0   571   607    36    71    34    77 0.87 -
evm.utg77.110                         -            313 196950at33208        -            623   2.1e-07   31.4   0.0   3   3   0.00084       0.2   11.6   0.0   203   281    99   173    96   195 0.78 -
evm.utg203.88                         -            196 196950at33208        -            623   2.5e-07   31.1   0.1   1   1   2.3e-09   5.4e-07   30.0   0.1   524   611    14   105     8   117 0.78 -
evm.utg868.17.1.5c279845              -            319 196950at33208        -            623   2.8e-07   30.9   0.7   1   2   0.00023     0.054   13.5   0.1   441   477    29    65    18    72 0.65 -
evm.utg868.17.1.5c279845              -            319 196950at33208        -            623   2.8e-07   30.9   0.7   2   2     2e-05    0.0048   17.0   0.1    39    86    68   115    64   128 0.84 -
evm.utg1051.81                        -            168 196950at33208        -            623   3.1e-07   30.8   0.0   1   1   1.7e-09     4e-07   30.4   0.0   204   268    72   137    65   157 0.59 -
evm.utg116.186                        -             96 196950at33208        -            623   3.1e-07   30.8   0.1   1   1   1.5e-09   3.4e-07   30.7   0.1     2    79     8    85     7    95 0.87 -
evm.utg868.17.2.5c279845              -            331 196950at33208        -            623   3.2e-07   30.7   0.7   1   2   0.00024     0.057   13.4   0.1   441   477    29    65    18    72 0.65 -
evm.utg868.17.2.5c279845              -            331 196950at33208        -            623   3.2e-07   30.7   0.7   2   2   2.2e-05    0.0051   16.9   0.1    39    86    68   115    64   128 0.84 -
evm.utg1663.52.1.5c22eb9f             -            221 196950at33208        -            623   3.6e-07   30.6   0.0   1   1   2.1e-09   4.9e-07   30.1   0.0   208   274   131   198   103   208 0.83 -
evm.utg104.22                         -            114 196950at33208        -            623   3.8e-07   30.5   0.2   1   1   1.8e-09   4.3e-07   30.3   0.2     3    82    23   100    21   110 0.90 -
evm.utg4157.17                        -           2530 196950at33208        -            623     4e-07   30.4   0.0   1   1   2.5e-09     6e-07   29.9   0.0     3    79    99   176    97   201 0.86 -
evm.utg15164.35                       -           2579 196950at33208        -            623   4.1e-07   30.4   0.0   1   1     4e-09   9.3e-07   29.2   0.0     3    77    99   174    97   199 0.86 -
evm.utg1663.52                        -            244 196950at33208        -            623   4.2e-07   30.4   0.0   1   1   2.5e-09   5.8e-07   29.9   0.0   208   274   131   198   104   210 0.82 -
evm.utg572.29                         -            311 196950at33208        -            623   4.7e-07   30.2   0.0   1   2     9e-05     0.021   14.8   0.0   451   511     3    64     1    72 0.87 -
evm.utg572.29                         -            311 196950at33208        -            623   4.7e-07   30.2   0.0   2   2   0.00021      0.05   13.6   0.0   449   512    95   158    79   203 0.61 -
evm.utg43107.1                        -            311 196950at33208        -            623   4.8e-07   30.2   0.0   1   2     9e-05     0.021   14.8   0.0   451   511     3    64     1    72 0.87 -
evm.utg43107.1                        -            311 196950at33208        -            623   4.8e-07   30.2   0.0   2   2   0.00022     0.051   13.6   0.0   449   512    95   158    79   202 0.61 -
evm.utg659.50                         -            311 196950at33208        -            623   4.8e-07   30.2   0.0   1   2     9e-05     0.021   14.8   0.0   451   511     3    64     1    72 0.87 -
evm.utg659.50                         -            311 196950at33208        -            623   4.8e-07   30.2   0.0   2   2   0.00022     0.051   13.6   0.0   449   512    95   158    79   202 0.61 -
evm.utg4290.19.1.5c22f0ce             -            241 196950at33208        -            623   5.6e-07   29.9   0.0   1   1     3e-09   7.1e-07   29.6   0.0   203   280    58   128    31   141 0.87 -
evm.utg4290.19                        -            242 196950at33208        -            623   5.7e-07   29.9   0.0   1   1   3.1e-09   7.2e-07   29.6   0.0   203   280    58   128    31   141 0.87 -
evm.utg309.24                         -            386 196950at33208        -            623   6.1e-07   29.8   0.0   1   1   3.7e-09   8.6e-07   29.3   0.0   203   272   104   174    89   190 0.91 -
evm.utg2012.12                        -            394 196950at33208        -            623   6.1e-07   29.8   0.0   1   1   3.5e-09   8.3e-07   29.4   0.0   203   272   104   174    75   190 0.91 -
evm.utg868.17                         -            427 196950at33208        -            623   6.2e-07   29.8   0.7   1   2   0.00034      0.08   12.9   0.1   441   477    29    65    17    72 0.66 -
evm.utg868.17                         -            427 196950at33208        -            623   6.2e-07   29.8   0.7   2   2   3.1e-05    0.0074   16.3   0.1    39    86    68   115    64   128 0.84 -
evm.utg2814.23                        -            429 196950at33208        -            623   6.4e-07   29.8   0.3   1   2   0.00019     0.045   13.8   0.0     4    74    13    85     9    96 0.89 -
evm.utg2814.23                        -            429 196950at33208        -            623   6.4e-07   29.8   0.3   2   2   0.00023     0.055   13.5   0.4     4    92   153   235   136   266 0.63 -
evm.utg1609.72                        -            226 196950at33208        -            623   7.1e-07   29.6   0.8   1   2   7.2e-09   1.7e-06   28.4   0.1   179   273    37   135    23   144 0.82 -
evm.utg1609.72                        -            226 196950at33208        -            623   7.1e-07   29.6   0.8   2   2       5.6   1.3e+03   -1.0   0.1   463   505   172   213   150   217 0.57 -
evm.utg35.11                          -            320 196950at33208        -            623   7.3e-07   29.6   0.1   1   1   4.1e-09   9.7e-07   29.2   0.1   171   291   183   313   170   317 0.76 -
evm.utg86134.2                        -            253 196950at33208        -            623   8.4e-07   29.4   0.0   1   1   4.5e-09   1.1e-06   29.0   0.0   199   274    92   167    86   175 0.93 -
evm.utg364.13                         -            256 196950at33208        -            623   8.6e-07   29.3   0.0   1   1   4.7e-09   1.1e-06   29.0   0.0   199   274    92   167    86   175 0.93 -
evm.utg107.12.1.5c22e852              -            440 196950at33208        -            623   9.6e-07   29.2   4.1   1   2   0.00014     0.032   14.2   0.9    32   117     5    94     1   107 0.70 -
evm.utg107.12.1.5c22e852              -            440 196950at33208        -            623   9.6e-07   29.2   4.1   2   2   4.5e-05      0.01   15.8   0.1   172   276   319   429   315   438 0.71 -
evm.utg293.37                         -           1201 196950at33208        -            623   1.5e-06   28.5   0.0   1   4       1.5   3.4e+02    0.9   0.0   553   591     3    41     1    45 0.81 -
evm.utg293.37                         -           1201 196950at33208        -            623   1.5e-06   28.5   0.0   2   4      0.49   1.2e+02    2.5   0.0   202   272   211   282   200   291 0.50 -
evm.utg293.37                         -           1201 196950at33208        -            623   1.5e-06   28.5   0.0   3   4   4.3e-05      0.01   15.9   0.1     4    76   329   399   326   403 0.87 -
evm.utg293.37                         -           1201 196950at33208        -            623   1.5e-06   28.5   0.0   4   4      0.48   1.1e+02    2.5   0.0   450   485   406   441   400   481 0.73 -
evm.utg12986.36                       -            256 196950at33208        -            623   2.3e-06   27.9   0.0   1   2   5.5e-08   1.3e-05   25.5   0.0     2    76     9    81     8    84 0.91 -
evm.utg12986.36                       -            256 196950at33208        -            623   2.3e-06   27.9   0.0   2   2       2.3   5.4e+02    0.3   0.0   398   422   152   176   115   215 0.69 -
evm.utg6123.17.1.5c22f2c3             -            449 196950at33208        -            623   2.4e-06   27.8   0.2   1   3      0.83   1.9e+02    1.7   0.0   532   564    44    78    30   125 0.84 -
evm.utg6123.17.1.5c22f2c3             -            449 196950at33208        -            623   2.4e-06   27.8   0.2   2   3   0.00052      0.12   12.3   0.0     3    69   180   243   173   274 0.73 -
evm.utg6123.17.1.5c22f2c3             -            449 196950at33208        -            623   2.4e-06   27.8   0.2   3   3    0.0022      0.51   10.3   0.0     4    79   332   404   329   416 0.88 -
evm.utg684.6                          -            171 196950at33208        -            623   2.9e-06   27.6   0.0   1   1   1.7e-08     4e-06   27.1   0.0   567   611    37    80     8    92 0.75 -
evm.utg146.4.1.5c22ead8               -            115 196950at33208        -            623     3e-06   27.5   0.0   1   1   1.4e-08   3.4e-06   27.4   0.0   534   604    20    89     4   101 0.59 -
evm.utg1398.11                        -            257 196950at33208        -            623     3e-06   27.5   0.0   1   2   5.5e-08   1.3e-05   25.4   0.0     2    76     9    81     8    84 0.91 -
evm.utg1398.11                        -            257 196950at33208        -            623     3e-06   27.5   0.0   2   2       3.6   8.4e+02   -0.4   0.0   398   422   153   177   116   198 0.80 -
evm.utg790.32                         -            172 196950at33208        -            623   3.6e-06   27.3   3.7   1   1   1.8e-08   4.2e-06   27.1   0.0   209   291    24   104    15   118 0.55 -
evm.utg6821.33                        -            251 196950at33208        -            623     4e-06   27.1   0.0   1   1   2.1e-08   4.9e-06   26.8   0.0   202   259    10    68     2    94 0.84 -
evm.utg616.38                         -            427 196950at33208        -            623   4.3e-06   27.0   0.4   1   1   2.5e-08   5.9e-06   26.6   0.4     5   105    32   130    15   174 0.73 -
evm.utg126.118                        -            457 196950at33208        -            623   4.5e-06   27.0   1.1   1   2   2.2e-06   0.00051   20.2   0.2   183   274    57   142    43   148 0.83 -
evm.utg126.118                        -            457 196950at33208        -            623   4.5e-06   27.0   1.1   2   2   0.00021      0.05   13.6   0.0   206   267   153   214   143   235 0.78 -
evm.utg411.107                        -            843 196950at33208        -            623   5.7e-06   26.6   0.0   1   2   1.1e-07   2.5e-05   24.5   0.0     4    76   250   322   247   332 0.94 -
evm.utg411.107                        -            843 196950at33208        -            623   5.7e-06   26.6   0.0   2   2       7.6   1.8e+03   -1.4   0.0   447   522   326   398   322   404 0.61 -
evm.utg3284.30                        -           1140 196950at33208        -            623   6.5e-06   26.4   0.0   1   1   3.9e-08   9.1e-06   25.9   0.0     3    67    42   106    40   111 0.93 -
evm.utg225.18.1.5c27921a              -            658 196950at33208        -            623   6.7e-06   26.4   6.4   1   2    0.0003     0.072   13.1   0.0   532   589    14    73     3    95 0.73 -
evm.utg225.18.1.5c27921a              -            658 196950at33208        -            623   6.7e-06   26.4   6.4   2   2   3.4e-05     0.008   16.2   0.0   439   512   132   207   124   220 0.80 -
evm.utg6610.10                        -            306 196950at33208        -            623   1.4e-05   25.4   0.0   1   1   8.2e-08   1.9e-05   24.9   0.0   443   531    55   148    35   159 0.77 -
evm.utg1205.58                        -            268 196950at33208        -            623   1.4e-05   25.4   0.1   1   1   7.4e-08   1.7e-05   25.0   0.1   203   505     9    61     2    99 0.51 -
evm.utg1243.13                        -            421 196950at33208        -            623   1.6e-05   25.2   0.1   1   1   6.8e-08   1.6e-05   25.2   0.1   201   293   294   387   284   393 0.89 -
evm.utg439.46                         -            397 196950at33208        -            623   1.7e-05   25.1   1.7   1   2   0.00022     0.052   13.5   1.9   196   292   131   241    85   250 0.71 -
evm.utg439.46                         -            397 196950at33208        -            623   1.7e-05   25.1   1.7   2   2    0.0051       1.2    9.0   0.0   215   306   290   377   281   389 0.85 -
evm.utg309.40                         -            180 196950at33208        -            623   2.2e-05   24.7   0.0   1   1   1.1e-07   2.7e-05   24.4   0.0     3    78     7    79     5    84 0.93 -
evm.utg4157.58                        -            238 196950at33208        -            623   3.8e-05   23.9   0.0   1   1     2e-07   4.6e-05   23.6   0.0     3    75    19    91    17   106 0.86 -
evm.utg338.95                         -            435 196950at33208        -            623   3.8e-05   23.9   1.7   1   1   1.6e-07   3.8e-05   23.9   0.0   201   293   328   421   313   426 0.89 -
evm.utg126.142                        -            326 196950at33208        -            623   4.1e-05   23.8   7.9   1   2    0.0038       0.9    9.4   0.0   203   272     7    69     3    95 0.77 -
evm.utg126.142                        -            326 196950at33208        -            623   4.1e-05   23.8   7.9   2   2   5.3e-06    0.0013   18.9   0.1   202   296   110   200   103   206 0.85 -
evm.utg498.53                         -            392 196950at33208        -            623   4.8e-05   23.6   0.0   1   1   5.3e-07   0.00012   22.2   0.0   203   272   239   309   224   323 0.72 -
evm.utg10470.4.1.5c22e806             -            389 196950at33208        -            623   5.4e-05   23.4   8.1   1   1   4.3e-07    0.0001   22.5   8.1     4   193    99   283    96   294 0.74 -
evm.utg10470.4                        -            414 196950at33208        -            623   6.2e-05   23.2   8.1   1   1   4.9e-07   0.00012   22.3   8.1     4   193   124   308   121   319 0.74 -
evm.utg2129.59                        -            612 196950at33208        -            623   7.6e-05   22.9   0.3   1   2   5.4e-06    0.0013   18.9   0.1   201   274     2    68     1    77 0.88 -
evm.utg2129.59                        -            612 196950at33208        -            623   7.6e-05   22.9   0.3   2   2    0.0017      0.41   10.6   0.0   203   292   103   188    96   200 0.56 -
evm.utg381.22                         -            247 196950at33208        -            623   0.00012   22.2   0.1   1   2   7.6e-05     0.018   15.1   0.0   450   512     7    70     2   116 0.53 -
evm.utg381.22                         -            247 196950at33208        -            623   0.00012   22.2   0.1   2   2      0.08        19    5.1   0.0   448   555   170   196   157   241 0.59 -
evm.utg25321.14                       -            763 196950at33208        -            623   0.00021   21.5   0.0   1   1   1.3e-06    0.0003   20.9   0.0     3    78     7    79     5    83 0.93 -
evm.utg116.39                         -            800 196950at33208        -            623   0.00023   21.3   0.0   1   1   9.7e-07   0.00023   21.3   0.0   437   526   114   205   107   216 0.81 -
evm.utg5950.6                         -            158 196950at33208        -            623   0.00033   20.8   0.0   1   1   1.8e-06   0.00042   20.5   0.0     1    78     1    74     1    82 0.96 -
evm.utg2353.40                        -            533 196950at33208        -            623   0.00033   20.8   0.1   1   3       2.9   6.9e+02   -0.1   0.0   567   587   249   269   194   286 0.39 -
evm.utg2353.40                        -            533 196950at33208        -            623   0.00033   20.8   0.1   2   3   9.7e-05     0.023   14.7   0.0   449   528   316   398   307   409 0.62 -
evm.utg2353.40                        -            533 196950at33208        -            623   0.00033   20.8   0.1   3   3      0.91   2.1e+02    1.6   0.0   216   271   457   515   448   529 0.62 -
evm.utg1038.5                         -            182 196950at33208        -            623   0.00036   20.7   0.0   1   1   1.7e-06   0.00041   20.5   0.0   449   504    10    63     2   101 0.57 -
evm.utg729.158.4.5c22f3b1             -            646 196950at33208        -            623   0.00051   20.2   0.2   1   1   2.2e-06   0.00051   20.2   0.2   436   526    35   127    28   160 0.76 -
evm.utg729.158.1.5c22f3b1             -            713 196950at33208        -            623   0.00059   20.0   0.2   1   1   2.5e-06   0.00059   20.0   0.2   436   526    35   127    28   159 0.77 -
evm.utg729.158.2.5c22f3b1             -            724 196950at33208        -            623   0.00061   19.9   0.2   1   1   2.6e-06   0.00061   19.9   0.2   436   526   113   205   106   237 0.77 -
evm.utg729.158.3.5c22f3b1             -            724 196950at33208        -            623   0.00061   19.9   0.2   1   1   2.6e-06   0.00061   19.9   0.2   436   526   113   205   106   237 0.77 -
evm.utg1049.4                         -            214 196950at33208        -            623   0.00066   19.8   0.0   1   1   3.6e-06   0.00084   19.5   0.0     1    78     1    74     1    81 0.96 -
evm.utg729.158.5.5c22f3b2             -            770 196950at33208        -            623   0.00066   19.8   0.2   1   1   2.8e-06   0.00066   19.8   0.2   436   526   113   205   106   237 0.77 -
evm.utg729.158                        -            791 196950at33208        -            623   0.00069   19.7   0.2   1   1   2.9e-06   0.00069   19.7   0.2   436   526   113   205   106   237 0.77 -
evm.utg126.142.1.5c22e998             -            294 196950at33208        -            623     0.001   19.2   0.1   1   1   4.4e-06     0.001   19.2   0.1   202   296    78   168    71   174 0.85 -
evm.utg4455.37                        -            200 196950at33208        -            623    0.0011   19.1   0.0   1   2      0.29        67    3.3   0.0   240   264    14    38     3    57 0.76 -
evm.utg4455.37                        -            200 196950at33208        -            623    0.0011   19.1   0.0   2   2   0.00016     0.038   14.0   0.0     2    79   115   187   114   198 0.83 -
evm.utg255.2                          -             93 196950at33208        -            623    0.0014   18.8   0.0   1   1   6.6e-06    0.0015   18.6   0.0   451   511     3    64     1    70 0.87 -
evm.utg386.4                          -           1735 196950at33208        -            623    0.0015   18.6   0.3   1   2   2.7e-05    0.0063   16.6   0.0     6    98    21   113    15   126 0.86 -
evm.utg386.4                          -           1735 196950at33208        -            623    0.0015   18.6   0.3   2   2         9   2.1e+03   -1.7   0.1   450   483   751   784   740   829 0.53 -
evm.utg72.26                          -            195 196950at33208        -            623    0.0016   18.6   0.0   1   1     2e-05    0.0048   17.0   0.0     2    84    49   127    48   137 0.87 -
evm.utg378.59.2.5c22efdb              -            880 196950at33208        -            623    0.0016   18.6   1.1   1   1   1.6e-05    0.0037   17.3   0.0   201   271   123   197   115   205 0.80 -
evm.utg1032.2                         -            694 196950at33208        -            623    0.0023   18.0   0.0   1   1   1.6e-05    0.0037   17.3   0.0   536   589   104   158    85   181 0.73 -
evm.utg356.119                        -            186 196950at33208        -            623    0.0023   18.0   0.0   1   1   1.2e-05    0.0029   17.7   0.0   238   278    17    57     4    70 0.73 -
evm.utg62.85                          -            493 196950at33208        -            623    0.0028   17.7   0.1   1   1   2.2e-05    0.0051   16.9   0.0   206   589    33    87    16   117 0.54 -
evm.utg5862.1.1.5c22f266              -           1300 196950at33208        -            623    0.0029   17.7   0.3   1   2   7.3e-05     0.017   15.1   0.0     6    92    20   106     6   123 0.66 -
evm.utg5862.1.1.5c22f266              -           1300 196950at33208        -            623    0.0029   17.7   0.3   2   2       3.9   9.2e+02   -0.5   0.1   448   493   748   793   738   828 0.58 -
evm.utg378.59.1.5c22efdb              -            756 196950at33208        -            623     0.003   17.6   0.0   1   1   1.3e-05     0.003   17.6   0.0   201   271   212   286   204   294 0.80 -
evm.utg378.59                         -            969 196950at33208        -            623    0.0041   17.2   0.0   1   1   1.8e-05    0.0041   17.2   0.0   201   271   212   286   204   294 0.80 -
evm.utg6123.17.1.5c22f2c3.1.5c2796a7  -            355 196950at33208        -            623    0.0042   17.2   0.0   1   2      0.58   1.4e+02    2.3   0.0   532   564    44    78    30   129 0.84 -
evm.utg6123.17.1.5c22f2c3.1.5c2796a7  -            355 196950at33208        -            623    0.0042   17.2   0.0   2   2   0.00033     0.079   12.9   0.0     3    69   180   243   169   275 0.73 -
evm.utg12986.1                        -            132 196950at33208        -            623    0.0095   16.0   0.0   1   1   4.6e-05     0.011   15.8   0.0     3    75     4    72     1    81 0.53 -
evm.utg34691.14                       -            333 196950at33208        -            623     0.011   15.8   0.1   1   2     0.024       5.7    6.8   0.0     5    68    25    89    11   123 0.64 -
evm.utg34691.14                       -            333 196950at33208        -            623     0.011   15.8   0.1   2   2     0.021       4.9    7.0   0.0     2    63   226   284   216   306 0.62 -
evm.utg3474.22                        -            528 196950at33208        -            623     0.011   15.8   0.1   1   1   6.6e-05     0.016   15.3   0.1   432   520    84   170    77   195 0.77 -
evm.utg3474.22.1.5c22ef69             -            528 196950at33208        -            623     0.011   15.8   0.1   1   1   6.6e-05     0.016   15.3   0.1   432   520    84   170    77   195 0.77 -
evm.utg25988.4                        -            293 196950at33208        -            623     0.011   15.7   0.0   1   1   7.9e-05     0.018   15.0   0.0   551   593    18    61     8    77 0.80 -
evm.utg7840.19                        -            297 196950at33208        -            623     0.012   15.7   0.0   1   1   8.1e-05     0.019   15.0   0.0   551   593    19    62     9    78 0.80 -
evm.utg7066.14                        -            624 196950at33208        -            623     0.013   15.6   0.0   1   1   5.4e-05     0.013   15.6   0.0   202   278    45   117    25   121 0.82 -
evm.utg1051.81.1.5c22e81d             -            119 196950at33208        -            623     0.014   15.5   0.0   1   1   7.3e-05     0.017   15.1   0.0   204   239    72   107    63   113 0.89 -
evm.utg7145.51                        -            570 196950at33208        -            623     0.014   15.4   0.0   1   1    0.0001     0.024   14.6   0.0     2    76   499   568   498   569 0.93 -
evm.utg790.58.1.5c22f43e.1.5c2797dd   -            474 196950at33208        -            623     0.016   15.2   0.1   1   1    0.0001     0.024   14.6   0.1     4   200   254   454   251   461 0.56 -
evm.utg2606.10                        -            303 196950at33208        -            623     0.018   15.0   0.0   1   1   0.00011     0.026   14.5   0.0     5   592    10    68     4    98 0.48 -
evm.utg56.25                          -            349 196950at33208        -            623     0.021   14.8   0.0   1   1   0.00013      0.03   14.3   0.0     4    83   234   309   231   315 0.75 -
evm.utg1765.18                        -            333 196950at33208        -            623     0.027   14.5   0.0   1   2     0.042       9.8    6.0   0.0     5    66    25    87     8   130 0.57 -
evm.utg1765.18                        -            333 196950at33208        -            623     0.027   14.5   0.0   2   2     0.031       7.3    6.5   0.0     2    63   226   284   219   307 0.68 -
evm.utg4613.71                        -            590 196950at33208        -            623     0.036   14.1   0.0   1   1   0.00024     0.055   13.4   0.0   205   242    98   135    73   147 0.88 -
evm.utg370.100                        -            134 196950at33208        -            623     0.037   14.0   0.1   1   1    0.0002     0.047   13.7   0.1   206   294    22   124     3   130 0.76 -
evm.utg4326.15                        -            268 196950at33208        -            623     0.044   13.8   3.6   1   2       1.2   2.9e+02    1.2   0.7    63   132    34   105    10   136 0.67 -
evm.utg4326.15                        -            268 196950at33208        -            623     0.044   13.8   3.6   2   2   0.00025     0.058   13.4   0.1   211   270   162   216   147   238 0.81 -
evm.utg33938.6                        -            286 196950at33208        -            623     0.048   13.7   0.1   1   1    0.0003     0.071   13.1   0.1   237   291   222   279   211   283 0.76 -
evm.utg34691.14.3.5c22ef67            -            327 196950at33208        -            623     0.062   13.3   0.1   1   2      0.19        46    3.8   0.0   240   264    57    81     6   115 0.57 -
evm.utg34691.14.3.5c22ef67            -            327 196950at33208        -            623     0.062   13.3   0.1   2   2     0.015       3.6    7.4   0.0     2    63   222   280   215   312 0.66 -
evm.utg101.56                         -            427 196950at33208        -            623     0.062   13.3   0.2   1   2   0.00099      0.23   11.4   0.2   442   479   195   232   190   240 0.83 -
evm.utg101.56                         -            427 196950at33208        -            623     0.062   13.3   0.2   2   2       6.5   1.5e+03   -1.2   0.0    45    77   254   286   243   292 0.62 -
evm.utg4082.76                        -            819 196950at33208        -            623     0.077   13.0   0.0   1   1   0.00053      0.13   12.3   0.0     3    56   662   709   660   737 0.81 -
evm.utg34691.14.1.5c22ef67            -            329 196950at33208        -            623     0.083   12.9   0.1   1   2       0.2        46    3.8   0.0   240   264    57    81     6   115 0.57 -
evm.utg34691.14.1.5c22ef67            -            329 196950at33208        -            623     0.083   12.9   0.1   2   2     0.021       4.8    7.0   0.0     2    63   222   280   212   302 0.62 -
evm.utg34691.14.2.5c22ef67            -            329 196950at33208        -            623     0.083   12.9   0.1   1   2       0.2        46    3.8   0.0   240   264    57    81     6   115 0.57 -
evm.utg34691.14.2.5c22ef67            -            329 196950at33208        -            623     0.083   12.9   0.1   2   2     0.021       4.8    7.0   0.0     2    63   222   280   212   302 0.62 -
evm.utg5985.2.1.5c22f28c              -            534 196950at33208        -            623     0.098   12.6   1.5   1   1   0.00064      0.15   12.0   1.5     4   124   198   316   158   359 0.74 -
evm.utg33128.1                        -            697 196950at33208        -            623      0.12   12.4   1.2   1   1   0.00077      0.18   11.7   1.2     4   120   196   312   152   355 0.69 -
evm.utg1609.76                        -            393 196950at33208        -            623      0.13   12.2   0.2   1   1   0.00076      0.18   11.8   0.2   192   292    41   142    15   152 0.78 -
evm.utg470.40                         -            153 196950at33208        -            623      0.13   12.2   0.0   1   1   0.00073      0.17   11.8   0.0   201   270    23    86    19    99 0.86 -
evm.utg4576.30                        -            448 196950at33208        -            623      0.14   12.1   0.2   1   1   0.00085       0.2   11.6   0.2   192   292    39   140    13   151 0.79 -
evm.utg1031.69                        -            914 196950at33208        -            623      0.15   12.0   0.0   1   1    0.0011      0.25   11.3   0.0   535   587    50   103    47   112 0.85 -
evm.utg5985.2                         -            755 196950at33208        -            623      0.15   12.0   1.3   1   1   0.00099      0.23   11.4   1.3     4   124   198   316   158   358 0.73 -
evm.utg8931.17                        -            180 196950at33208        -            623      0.31   11.0   0.0   1   1    0.0016      0.37   10.7   0.0   212   247    85   115    38   129 0.82 -
evm.utg1846.15                        -            192 196950at33208        -            623      0.38   10.7   0.0   1   1    0.0068       1.6    8.6   0.0     9    64    58   108    48   114 0.71 -
evm.utg13510.10.1.5c22ea46.1.5c278fd8 -            570 196950at33208        -            623       0.4   10.6   0.0   1   1    0.0025       0.6   10.0   0.0    16    79    88   151    61   205 0.55 -
evm.utg622.48                         -            273 196950at33208        -            623      0.47   10.4   0.0   1   1    0.0027      0.63   10.0   0.0   204   248   194   238   161   256 0.63 -
evm.utg801.77                         -           1427 196950at33208        -            623      0.51   10.3   3.7   1   1     0.076        18    5.2   0.0   571   614   549   591   545   597 0.86 -
evm.utg7596.2                         -            149 196950at33208        -            623      0.57   10.1   0.0   1   1    0.0028      0.66    9.9   0.0   431   494    83   146    76   148 0.84 -
evm.utg356.120                        -            146 196950at33208        -            623      0.66    9.9   5.0   1   1    0.0018      0.43   10.5   2.7   177   229    85   143    47   145 0.57 -
#
# Program:         hmmsearch
# Version:         3.1b2 (February 2015)
# Pipeline mode:   SEARCH
# Query file:      /uoa/scratch/users/r02hw22/project_dark_genes/busco_downloads/lineages/metazoa_odb10/hmms/196950at33208.hmm
# Target file:     /uoa/scratch/users/r02hw22/project_dark_genes/00_raw/equina_smart.rnam-trna.merged.ggf.curated.remredun.aa.fa
# Option settings: hmmsearch --domtblout /uoa/scratch/users/r02hw22/project_dark_genes/equina_busco_proteins/run_metazoa_odb10/hmmer_output/initial_run_results/196950at33208.out --cpu 1 /uoa/scratch/users/r02hw22/project_dark_genes/busco_downloads/lineages/metazoa_odb10/hmms/196950at33208.hmm /uoa/scratch/users/r02hw22/project_dark_genes/00_raw/equina_smart.rnam-trna.merged.ggf.curated.remredun.aa.fa 
# Current dir:     /uoa/scratch/users/r02hw22/project_dark_genes
# Date:            Sat Apr 25 14:41:09 2026
# [ok]
