#                                                                                                 --- full sequence --- -------------- this domain -------------   hmm coord   ali coord   env coord
# target name                             accession   tlen query name           accession   qlen   E-value  score  bias   #  of  c-Evalue  i-Evalue  score  bias  from    to  from    to  from    to  acc description of target
#                     ------------------- ---------- ----- -------------------- ---------- ----- --------- ------ ----- --- --- --------- --------- ------ ----- ----- ----- ----- ----- ----- ----- ---- ---------------------
evm.utg21625.2                            -            713 205220at33208        -            645   1.4e-35  124.2   1.5   1   2    0.0003     0.091   12.5   0.0    16    66   129   179   118   185 0.87 -
evm.utg21625.2                            -            713 205220at33208        -            645   1.4e-35  124.2   1.5   2   2   5.5e-33   1.7e-30  107.5   2.1    30   237   194   403   179   410 0.83 -
evm.utg6430.6                             -            678 205220at33208        -            645   8.4e-35  121.6   1.7   1   2   0.00021     0.065   13.0   0.0    14    66    92   144    82   158 0.87 -
evm.utg6430.6                             -            678 205220at33208        -            645   8.4e-35  121.6   1.7   2   2     2e-31   6.2e-29  102.3   2.2    32   237   161   368   160   375 0.85 -
evm.utg3283.32                            -            381 205220at33208        -            645   3.3e-34  119.7   2.0   1   3     6e-09   1.8e-06   28.0   0.1   230   304    14    99     4   103 0.77 -
evm.utg3283.32                            -            381 205220at33208        -            645   3.3e-34  119.7   2.0   2   3   4.7e-15   1.4e-12   48.2   0.1   199   317   103   218    99   224 0.82 -
evm.utg3283.32                            -            381 205220at33208        -            645   3.3e-34  119.7   2.0   3   3   1.9e-13   5.8e-11   42.9   0.0     5   114   215   336   211   344 0.72 -
evm.utg736.15                             -            381 205220at33208        -            645   3.8e-34  119.5   2.3   1   3   1.3e-08   3.8e-06   27.0   0.1   230   304    14    99     4   103 0.76 -
evm.utg736.15                             -            381 205220at33208        -            645   3.8e-34  119.5   2.3   2   3   2.2e-15   6.8e-13   49.3   0.1   199   318   103   219    99   225 0.82 -
evm.utg736.15                             -            381 205220at33208        -            645   3.8e-34  119.5   2.3   3   3   1.9e-13   5.7e-11   42.9   0.0     5   114   215   336   211   343 0.73 -
evm.utg338.20                             -           1357 205220at33208        -            645   1.1e-33  118.0   0.0   1   4   1.2e-10   3.8e-08   33.6   0.0   209   303     4    90     2    93 0.92 -
evm.utg338.20                             -           1357 205220at33208        -            645   1.1e-33  118.0   0.0   2   4   2.8e-05    0.0085   15.9   0.0   172   251    67   147    67   152 0.83 -
evm.utg338.20                             -           1357 205220at33208        -            645   1.1e-33  118.0   0.0   3   4   1.8e-11   5.5e-09   36.4   0.0    49   149   155   263   152   267 0.76 -
evm.utg338.20                             -           1357 205220at33208        -            645   1.1e-33  118.0   0.0   4   4   3.3e-09     1e-06   28.9   0.0   194   250   277   330   272   355 0.87 -
evm.utg378.111                            -            631 205220at33208        -            645   2.2e-32  113.7   5.1   1   3   2.4e-20   7.3e-18   65.7   0.1   187   316   248   371   243   384 0.89 -
evm.utg378.111                            -            631 205220at33208        -            645   2.2e-32  113.7   5.1   2   3   3.8e-12   1.2e-09   38.6   0.3   230   304   392   473   378   484 0.87 -
evm.utg378.111                            -            631 205220at33208        -            645   2.2e-32  113.7   5.1   3   3    0.0032      0.98    9.1   0.0   200   261   483   547   475   557 0.75 -
evm.utg338.20.1.5c22ef46                  -           1342 205220at33208        -            645   2.6e-31  110.1   0.0   1   4   1.2e-10   3.7e-08   33.6   0.0   209   303     4    90     2    93 0.92 -
evm.utg338.20.1.5c22ef46                  -           1342 205220at33208        -            645   2.6e-31  110.1   0.0   2   4   2.6e-05    0.0078   16.0   0.0   172   252    67   148    67   154 0.83 -
evm.utg338.20.1.5c22ef46                  -           1342 205220at33208        -            645   2.6e-31  110.1   0.0   3   4   1.9e-11   5.7e-09   36.3   0.0    49   149   155   263   152   266 0.76 -
evm.utg338.20.1.5c22ef46                  -           1342 205220at33208        -            645   2.6e-31  110.1   0.0   4   4   8.3e-07   0.00025   21.0   0.0   194   245   277   325   272   328 0.93 -
evm.utg172.105                            -            378 205220at33208        -            645   2.4e-30  106.9   0.8   1   2   4.7e-22   1.4e-19   71.3   0.6    68   305    12   258     7   266 0.85 -
evm.utg172.105                            -            378 205220at33208        -            645   2.4e-30  106.9   0.8   2   2   1.2e-09   3.6e-07   30.4   0.0   201   270   268   331   264   356 0.86 -
evm.utg203.106                            -            598 205220at33208        -            645   4.8e-30  105.9  12.3   1   4   7.6e-12   2.3e-09   37.6   0.6   499   638    52   188    28   193 0.83 -
evm.utg203.106                            -            598 205220at33208        -            645   4.8e-30  105.9  12.3   2   4     3e-05    0.0093   15.8   0.1     7    95   309   398   303   408 0.74 -
evm.utg203.106                            -            598 205220at33208        -            645   4.8e-30  105.9  12.3   3   4   2.5e-05    0.0075   16.1   0.1   205   273   360   419   355   422 0.81 -
evm.utg203.106                            -            598 205220at33208        -            645   4.8e-30  105.9  12.3   4   4   5.2e-16   1.6e-13   51.4   0.9    27   155   421   544   420   572 0.82 -
evm.utg3201.55                            -            432 205220at33208        -            645   5.4e-29  102.5   0.1   1   4    0.0016      0.49   10.1   0.2    68   113    10    62     6    70 0.66 -
evm.utg3201.55                            -            432 205220at33208        -            645   5.4e-29  102.5   0.1   2   4   6.2e-08   1.9e-05   24.7   0.0   219   307    69   157    55   162 0.77 -
evm.utg3201.55                            -            432 205220at33208        -            645   5.4e-29  102.5   0.1   3   4     1e-11   3.1e-09   37.2   0.0   232   314   134   214   123   215 0.92 -
evm.utg3201.55                            -            432 205220at33208        -            645   5.4e-29  102.5   0.1   4   4   2.5e-16   7.6e-14   52.4   0.0   162   268   169   271   163   289 0.87 -
evm.utg5689.11                            -            395 205220at33208        -            645   5.5e-29  102.4   0.0   1   4   2.4e-10   7.2e-08   32.7   0.0   213   277     7    73     1    96 0.80 -
evm.utg5689.11                            -            395 205220at33208        -            645   5.5e-29  102.4   0.0   2   4         1   3.1e+02    0.8   0.0   241   273    87   122    79   128 0.73 -
evm.utg5689.11                            -            395 205220at33208        -            645   5.5e-29  102.4   0.0   3   4   4.8e-11   1.5e-08   35.0   0.0   220   302   146   228   143   238 0.85 -
evm.utg5689.11                            -            395 205220at33208        -            645   5.5e-29  102.4   0.0   4   4   2.7e-09   8.3e-07   29.2   0.0   204   310   244   349   234   355 0.81 -
evm.utg109.64                             -           1223 205220at33208        -            645   6.3e-29  102.2   4.5   1   4   0.00032     0.098   12.4   0.0    16    62   330   377   322   383 0.78 -
evm.utg109.64                             -           1223 205220at33208        -            645   6.3e-29  102.2   4.5   2   4   4.2e-19   1.3e-16   61.6   0.1   179   300   348   465   343   469 0.92 -
evm.utg109.64                             -           1223 205220at33208        -            645   6.3e-29  102.2   4.5   3   4   2.6e-10     8e-08   32.5   0.6   185   303   458   571   456   588 0.81 -
evm.utg109.64                             -           1223 205220at33208        -            645   6.3e-29  102.2   4.5   4   4   0.00016     0.049   13.4   0.0    15    64   593   642   578   651 0.75 -
evm.utg579.46.1.5c22f255                  -            399 205220at33208        -            645   9.4e-29  101.7   0.1   1   4     0.031       9.4    5.9   0.1    27    48    31    52    10    70 0.60 -
evm.utg579.46.1.5c22f255                  -            399 205220at33208        -            645   9.4e-29  101.7   0.1   2   4   2.3e-10     7e-08   32.7   0.0   202   301    67   159    59   168 0.87 -
evm.utg579.46.1.5c22f255                  -            399 205220at33208        -            645   9.4e-29  101.7   0.1   3   4     3e-12   9.2e-10   38.9   0.0   199   301   176   271   166   275 0.89 -
evm.utg579.46.1.5c22f255                  -            399 205220at33208        -            645   9.4e-29  101.7   0.1   4   4   2.4e-06   0.00074   19.4   0.0   248   310   272   331   271   346 0.86 -
evm.utg1278.48                            -            429 205220at33208        -            645     1e-27   98.3   0.0   1   4   1.2e-12   3.5e-10   40.3   0.0    67   153    79   162    71   167 0.84 -
evm.utg1278.48                            -            429 205220at33208        -            645     1e-27   98.3   0.0   2   4     2e-14   6.1e-12   46.1   0.0   200   317   114   233   114   241 0.85 -
evm.utg1278.48                            -            429 205220at33208        -            645     1e-27   98.3   0.0   3   4   1.6e-07   4.9e-05   23.3   0.0   200   304   225   325   224   332 0.78 -
evm.utg1278.48                            -            429 205220at33208        -            645     1e-27   98.3   0.0   4   4      0.11        34    4.0   0.0    15   154   373   411   360   423 0.55 -
evm.utg170.12                             -           1156 205220at33208        -            645   4.1e-27   96.3   1.5   1   4   2.4e-06   0.00073   19.4   0.0    16    67   242   294   235   302 0.87 -
evm.utg170.12                             -           1156 205220at33208        -            645   4.1e-27   96.3   1.5   2   4   3.3e-15     1e-12   48.7   0.1   200   300   282   378   282   398 0.91 -
evm.utg170.12                             -           1156 205220at33208        -            645   4.1e-27   96.3   1.5   3   4   4.1e-06    0.0013   18.6   0.0   188   306   374   489   372   500 0.78 -
evm.utg170.12                             -           1156 205220at33208        -            645   4.1e-27   96.3   1.5   4   4   0.00022     0.067   12.9   0.0   199   259   500   555   493   577 0.79 -
evm.utg431.9                              -            315 205220at33208        -            645   5.7e-27   95.8   0.3   1   2       2.2   6.6e+02   -0.2   0.0   224   269    24    81    15    98 0.63 -
evm.utg431.9                              -            315 205220at33208        -            645   5.7e-27   95.8   0.3   2   2   6.6e-28     2e-25   90.7   0.2   107   305    69   269    68   289 0.83 -
evm.utg4157.53.2.5c2794d6                 -           1127 205220at33208        -            645   5.9e-27   95.7   6.7   1   4   4.7e-17   1.4e-14   54.8   0.8    16   148   827   964   821   964 0.85 -
evm.utg4157.53.2.5c2794d6                 -           1127 205220at33208        -            645   5.9e-27   95.7   6.7   2   4   3.7e-14   1.1e-11   45.2   0.3   200   300   867   964   867   991 0.87 -
evm.utg4157.53.2.5c2794d6                 -           1127 205220at33208        -            645   5.9e-27   95.7   6.7   3   4   2.9e-05    0.0088   15.9   0.0   199   308   971  1076   966  1089 0.77 -
evm.utg4157.53.2.5c2794d6                 -           1127 205220at33208        -            645   5.9e-27   95.7   6.7   4   4       3.9   1.2e+03   -1.1   0.0   200   239  1086  1121  1077  1123 0.81 -
evm.utg431.9.1.5c22f0d0                   -            356 205220at33208        -            645   9.5e-27   95.1   1.4   1   3       2.9   8.8e+02   -0.7   0.0   224   269    24    81    16    96 0.63 -
evm.utg431.9.1.5c22f0d0                   -            356 205220at33208        -            645   9.5e-27   95.1   1.4   2   3     1e-27   3.1e-25   90.1   0.2   107   304    69   268    68   284 0.83 -
evm.utg431.9.1.5c22f0d0                   -            356 205220at33208        -            645   9.5e-27   95.1   1.4   3   3       5.1   1.6e+03   -1.5   0.0    41    58   329   347   325   349 0.67 -
evm.utg378.113                            -           1310 205220at33208        -            645   3.5e-26   93.2   2.9   1   4   1.2e-12   3.8e-10   40.2   0.4   230   316   414   501   396   505 0.84 -
evm.utg378.113                            -           1310 205220at33208        -            645   3.5e-26   93.2   2.9   2   4       0.1        31    4.2   0.0   105   149   493   537   491   541 0.89 -
evm.utg378.113                            -           1310 205220at33208        -            645   3.5e-26   93.2   2.9   3   4   1.8e-15   5.5e-13   49.6   0.0   227   319   541   638   537   651 0.87 -
evm.utg378.113                            -           1310 205220at33208        -            645   3.5e-26   93.2   2.9   4   4         5   1.5e+03   -1.4   0.0    72    98   654   682   638   686 0.57 -
evm.utg5513.12                            -            358 205220at33208        -            645     1e-25   91.7   1.4   1   4       5.8   1.8e+03   -1.6   0.0   242   269    56    83    17    89 0.61 -
evm.utg5513.12                            -            358 205220at33208        -            645     1e-25   91.7   1.4   2   4   3.8e-10   1.2e-07   32.0   0.0   231   301    93   164    70   180 0.83 -
evm.utg5513.12                            -            358 205220at33208        -            645     1e-25   91.7   1.4   3   4   1.5e-17   4.5e-15   56.5   0.1   205   306   179   272   172   293 0.83 -
evm.utg5513.12                            -            358 205220at33208        -            645     1e-25   91.7   1.4   4   4       4.6   1.4e+03   -1.3   0.0    41    58   331   349   325   351 0.68 -
evm.utg4157.53.1.5c2794d6                 -           1156 205220at33208        -            645   4.5e-25   89.5   3.3   1   3   5.1e-17   1.6e-14   54.7   0.8    16   148   242   379   235   379 0.85 -
evm.utg4157.53.1.5c2794d6                 -           1156 205220at33208        -            645   4.5e-25   89.5   3.3   2   3   7.4e-06    0.0023   17.8   0.0   186   307   372   490   371   503 0.80 -
evm.utg4157.53.1.5c2794d6                 -           1156 205220at33208        -            645   4.5e-25   89.5   3.3   3   3   0.00034       0.1   12.3   0.0   200   261   501   557   492   577 0.78 -
evm.utg3235.4                             -            571 205220at33208        -            645   1.2e-24   88.1   6.8   1   3   2.9e-18   8.8e-16   58.8   2.1   494   642    24   169     5   171 0.87 -
evm.utg3235.4                             -            571 205220at33208        -            645   1.2e-24   88.1   6.8   2   3   0.00047      0.14   11.9   0.1   215   253   382   420   378   448 0.72 -
evm.utg3235.4                             -            571 205220at33208        -            645   1.2e-24   88.1   6.8   3   3   2.5e-06   0.00077   19.4   0.0   224   288   444   508   426   517 0.90 -
evm.utg4157.53                            -           1590 205220at33208        -            645   1.9e-24   87.4   3.2   1   3   7.8e-17   2.4e-14   54.1   0.8    16   148   827   964   820   964 0.85 -
evm.utg4157.53                            -           1590 205220at33208        -            645   1.9e-24   87.4   3.2   2   3   5.1e-05     0.015   15.1   0.0   200   307   972  1075   968  1087 0.77 -
evm.utg4157.53                            -           1590 205220at33208        -            645   1.9e-24   87.4   3.2   3   3   0.00039      0.12   12.1   0.0   200   263  1086  1144  1078  1212 0.81 -
evm.utg7652.49                            -            569 205220at33208        -            645   8.4e-24   85.3   0.8   1   4   1.2e-12   3.6e-10   40.3   0.1   492   642    40   187    13   189 0.87 -
evm.utg7652.49                            -            569 205220at33208        -            645   8.4e-24   85.3   0.8   2   4   0.00037      0.11   12.2   0.0   229   315   313   393   294   398 0.80 -
evm.utg7652.49                            -            569 205220at33208        -            645   8.4e-24   85.3   0.8   3   4   4.8e-05     0.015   15.1   0.0   226   311   404   487   400   498 0.83 -
evm.utg7652.49                            -            569 205220at33208        -            645   8.4e-24   85.3   0.8   4   4   0.00057      0.17   11.6   0.0   241   274   515   548   502   554 0.90 -
evm.utg262.55                             -           1270 205220at33208        -            645   1.2e-23   84.8   0.0   1   3   0.00018     0.055   13.2   0.0   198   252     7    61     4    67 0.91 -
evm.utg262.55                             -           1270 205220at33208        -            645   1.2e-23   84.8   0.0   2   3   4.8e-12   1.5e-09   38.3   0.0    49   149    68   176    66   180 0.78 -
evm.utg262.55                             -           1270 205220at33208        -            645   1.2e-23   84.8   0.0   3   3     3e-09   9.3e-07   29.0   0.0   194   250   190   243   185   268 0.87 -
evm.utg6183.44                            -            571 205220at33208        -            645   3.6e-23   83.2   0.4   1   4     4e-12   1.2e-09   38.5   0.1   489   642    39   189    10   191 0.86 -
evm.utg6183.44                            -            571 205220at33208        -            645   3.6e-23   83.2   0.4   2   4     0.029         9    5.9   0.0   256   313   295   347   284   356 0.85 -
evm.utg6183.44                            -            571 205220at33208        -            645   3.6e-23   83.2   0.4   3   4     6e-05     0.018   14.8   0.0   226   311   406   489   402   501 0.83 -
evm.utg6183.44                            -            571 205220at33208        -            645   3.6e-23   83.2   0.4   4   4    0.0006      0.18   11.5   0.0   241   274   517   550   511   559 0.90 -
evm.utg77.86                              -            568 205220at33208        -            645   4.6e-23   82.9   8.9   1   3   3.6e-13   1.1e-10   42.0   3.2   462   642     8   189     3   192 0.87 -
evm.utg77.86                              -            568 205220at33208        -            645   4.6e-23   82.9   8.9   2   3   1.1e-08   3.4e-06   27.1   0.2   186   284   287   371   283   391 0.88 -
evm.utg77.86                              -            568 205220at33208        -            645   4.6e-23   82.9   8.9   3   3   4.5e-05     0.014   15.2   0.0   223   313   410   496   389   508 0.81 -
evm.utg861.79                             -            604 205220at33208        -            645   7.6e-23   82.1   0.2   1   4       7.7   2.4e+03   -2.1   0.0   228   261   288   324   285   336 0.70 -
evm.utg861.79                             -            604 205220at33208        -            645   7.6e-23   82.1   0.2   2   4   2.5e-10   7.7e-08   32.6   0.1   226   303   343   419   330   422 0.84 -
evm.utg861.79                             -            604 205220at33208        -            645   7.6e-23   82.1   0.2   3   4   2.7e-09   8.1e-07   29.2   0.0   105   162   429   488   427   498 0.87 -
evm.utg861.79                             -            604 205220at33208        -            645   7.6e-23   82.1   0.2   4   4   2.6e-05    0.0078   16.0   0.0    65   138   495   564   487   583 0.87 -
evm.utg579.46                             -            375 205220at33208        -            645   2.6e-22   80.4   0.1   1   4   2.9e-07   8.9e-05   22.5   0.0   229   301    32   108    15   110 0.79 -
evm.utg579.46                             -            375 205220at33208        -            645   2.6e-22   80.4   0.1   2   4     2e-10     6e-08   32.9   0.0   202   301    67   159    59   170 0.87 -
evm.utg579.46                             -            375 205220at33208        -            645   2.6e-22   80.4   0.1   3   4      0.04        12    5.5   0.0   248   292   169   212   163   216 0.70 -
evm.utg579.46                             -            375 205220at33208        -            645   2.6e-22   80.4   0.1   4   4   1.1e-09   3.2e-07   30.5   0.0   212   310   216   307   212   323 0.82 -
evm.utg1091.29                            -            572 205220at33208        -            645   2.9e-22   80.3   3.3   1   3     6e-15   1.8e-12   47.8   0.2   478   640    17   182    10   185 0.88 -
evm.utg1091.29                            -            572 205220at33208        -            645   2.9e-22   80.3   3.3   2   3    0.0001     0.031   14.1   0.0   240   324   280   354   277   366 0.83 -
evm.utg1091.29                            -            572 205220at33208        -            645   2.9e-22   80.3   3.3   3   3   2.2e-05    0.0068   16.2   0.0   229   302   458   532   450   559 0.74 -
evm.utg1002.13                            -            573 205220at33208        -            645     5e-22   79.5   2.5   1   4   1.9e-14   5.9e-12   46.2   0.4   491   641    39   190    24   193 0.88 -
evm.utg1002.13                            -            573 205220at33208        -            645     5e-22   79.5   2.5   2   4   0.00058      0.18   11.6   0.0   202   309   306   398   286   415 0.75 -
evm.utg1002.13                            -            573 205220at33208        -            645     5e-22   79.5   2.5   3   4    0.0021      0.63    9.7   0.0    87   155   433   492   428   504 0.85 -
evm.utg1002.13                            -            573 205220at33208        -            645     5e-22   79.5   2.5   4   4      0.01       3.1    7.5   0.0   239   280   522   563   505   570 0.84 -
evm.utg1236.10                            -            603 205220at33208        -            645   2.8e-21   77.0   0.5   1   3     9e-11   2.7e-08   34.1   0.2   475   642    44   212    24   214 0.84 -
evm.utg1236.10                            -            603 205220at33208        -            645   2.8e-21   77.0   0.5   2   3   2.5e-12   7.7e-10   39.2   0.0   120   314   337   522   330   535 0.82 -
evm.utg1236.10                            -            603 205220at33208        -            645   2.8e-21   77.0   0.5   3   3      0.97     3e+02    0.9   0.0   114   168   523   572   514   582 0.81 -
evm.utg24929.7                            -            603 205220at33208        -            645   3.5e-21   76.7   0.6   1   3   1.1e-10   3.4e-08   33.7   0.3   477   642    46   212    25   214 0.85 -
evm.utg24929.7                            -            603 205220at33208        -            645   3.5e-21   76.7   0.6   2   3   2.5e-12   7.7e-10   39.2   0.0   120   314   337   522   330   535 0.82 -
evm.utg24929.7                            -            603 205220at33208        -            645   3.5e-21   76.7   0.6   3   3      0.97     3e+02    0.9   0.0   114   168   523   572   514   582 0.81 -
evm.utg857.28                             -            562 205220at33208        -            645   3.9e-21   76.5   2.0   1   4   3.7e-12   1.1e-09   38.6   0.2   486   637    23   176     2   184 0.81 -
evm.utg857.28                             -            562 205220at33208        -            645   3.9e-21   76.5   2.0   2   4   0.00055      0.17   11.6   0.1   225   302   313   385   304   396 0.84 -
evm.utg857.28                             -            562 205220at33208        -            645   3.9e-21   76.5   2.0   3   4    0.0066         2    8.1   0.0   242   320   377   451   374   462 0.84 -
evm.utg857.28                             -            562 205220at33208        -            645   3.9e-21   76.5   2.0   4   4   1.3e-06   0.00041   20.3   0.0   191   313   429   537   425   547 0.82 -
evm.utg55.29.1.5c22f226                   -            364 205220at33208        -            645   4.3e-21   76.4   0.1   1   2     0.032       9.7    5.8   0.0   315   345   165   195   153   201 0.84 -
evm.utg55.29.1.5c22f226                   -            364 205220at33208        -            645   4.3e-21   76.4   0.1   2   2   2.9e-23   8.7e-21   75.3   0.1   475   633   170   330   165   344 0.86 -
evm.utg1031.5                             -            346 205220at33208        -            645   1.6e-20   74.5   0.1   1   5   0.00026     0.081   12.7   0.0   241   302    41   111    10   116 0.56 -
evm.utg1031.5                             -            346 205220at33208        -            645   1.6e-20   74.5   0.1   2   5   1.1e-09   3.3e-07   30.5   0.0     9    81    70   148    62   151 0.81 -
evm.utg1031.5                             -            346 205220at33208        -            645   1.6e-20   74.5   0.1   3   5   2.5e-13   7.7e-11   42.5   0.0   200   287   118   195   113   204 0.89 -
evm.utg1031.5                             -            346 205220at33208        -            645   1.6e-20   74.5   0.1   4   5       0.1        32    4.1   0.0   246   303   215   270   203   277 0.67 -
evm.utg1031.5                             -            346 205220at33208        -            645   1.6e-20   74.5   0.1   5   5     0.064        20    4.8   0.0    86   160   262   341   255   344 0.72 -
evm.utg12655.26                           -            533 205220at33208        -            645   2.5e-20   73.8   6.0   1   5   1.2e-16   3.7e-14   53.4   0.6   489   641    32   185    13   188 0.87 -
evm.utg12655.26                           -            533 205220at33208        -            645   2.5e-20   73.8   6.0   2   5     0.018       5.6    6.6   0.1   240   300   274   330   249   331 0.50 -
evm.utg12655.26                           -            533 205220at33208        -            645   2.5e-20   73.8   6.0   3   5    0.0065         2    8.1   0.0    15    57   302   340   288   358 0.64 -
evm.utg12655.26                           -            533 205220at33208        -            645   2.5e-20   73.8   6.0   4   5    0.0068       2.1    8.0   0.0   242   305   371   430   365   449 0.82 -
evm.utg12655.26                           -            533 205220at33208        -            645   2.5e-20   73.8   6.0   5   5      0.57   1.7e+02    1.7   0.0   229   278   454   504   442   527 0.67 -
evm.utg616.122.1.5c22f2d7.1.5c2796b6      -            293 205220at33208        -            645   2.9e-20   73.6   0.0   1   3   1.9e-09   5.7e-07   29.7   0.0   213   277    11    77     2    99 0.78 -
evm.utg616.122.1.5c22f2d7.1.5c2796b6      -            293 205220at33208        -            645   2.9e-20   73.6   0.0   2   3    0.0014      0.44   10.3   0.0   190   274    46   127    46   133 0.82 -
evm.utg616.122.1.5c22f2d7.1.5c2796b6      -            293 205220at33208        -            645   2.9e-20   73.6   0.0   3   3   2.4e-11   7.3e-09   36.0   0.0   220   302   150   232   147   251 0.86 -
evm.utg15506.7                            -            562 205220at33208        -            645   3.8e-20   73.2   3.2   1   4   1.1e-12   3.5e-10   40.3   0.3   486   637    23   176     2   184 0.83 -
evm.utg15506.7                            -            562 205220at33208        -            645   3.8e-20   73.2   3.2   2   4   0.00074      0.23   11.2   0.1   225   303   313   386   306   400 0.83 -
evm.utg15506.7                            -            562 205220at33208        -            645   3.8e-20   73.2   3.2   3   4     0.037        11    5.6   0.0   242   319   377   450   366   463 0.77 -
evm.utg15506.7                            -            562 205220at33208        -            645   3.8e-20   73.2   3.2   4   4   3.5e-06    0.0011   18.9   0.0   188   314   426   538   418   550 0.83 -
evm.utg512.24                             -            595 205220at33208        -            645   4.4e-20   73.0  11.2   1   4   4.7e-13   1.4e-10   41.6   3.6   474   642    18   191     4   193 0.83 -
evm.utg512.24                             -            595 205220at33208        -            645   4.4e-20   73.0  11.2   2   4   4.5e-05     0.014   15.2   0.1   226   313   326   411   313   422 0.78 -
evm.utg512.24                             -            595 205220at33208        -            645   4.4e-20   73.0  11.2   3   4   1.6e-05    0.0049   16.7   0.0   235   304   431   496   418   516 0.77 -
evm.utg512.24                             -            595 205220at33208        -            645   4.4e-20   73.0  11.2   4   4    0.0038       1.2    8.9   0.0   239   304   483   546   475   565 0.76 -
evm.utg293.63                             -            578 205220at33208        -            645   9.6e-20   71.9   5.6   1   3   4.2e-11   1.3e-08   35.2   0.8   459   642     7   193     1   195 0.83 -
evm.utg293.63                             -            578 205220at33208        -            645   9.6e-20   71.9   5.6   2   3   0.00042      0.13   12.0   0.0    26    99   372   448   352   459 0.81 -
evm.utg293.63                             -            578 205220at33208        -            645   9.6e-20   71.9   5.6   3   3   1.2e-07   3.6e-05   23.7   0.0    26   137   466   571   449   576 0.75 -
evm.utg801.76                             -            572 205220at33208        -            645   9.9e-20   71.9   9.8   1   4     8e-17   2.4e-14   54.1   0.9   493   642    31   177    11   179 0.91 -
evm.utg801.76                             -            572 205220at33208        -            645   9.9e-20   71.9   9.8   2   4      0.43   1.3e+02    2.1   0.0   283   316   310   345   304   357 0.62 -
evm.utg801.76                             -            572 205220at33208        -            645   9.9e-20   71.9   9.8   3   4    0.0011      0.35   10.6   0.1    34   149   362   474   352   478 0.82 -
evm.utg801.76                             -            572 205220at33208        -            645   9.9e-20   71.9   9.8   4   4   0.00016     0.048   13.4   0.1    27   302   452   524   441   552 0.55 -
evm.utg4.12                               -            585 205220at33208        -            645   1.2e-19   71.6   5.9   1   4   4.4e-10   1.3e-07   31.8   0.4   496   640    42   182    10   186 0.87 -
evm.utg4.12                               -            585 205220at33208        -            645   1.2e-19   71.6   5.9   2   4   2.3e-08   7.1e-06   26.1   0.2   114   303   313   486   289   498 0.81 -
evm.utg4.12                               -            585 205220at33208        -            645   1.2e-19   71.6   5.9   3   4     0.038        12    5.6   0.0   222   274   457   511   451   520 0.80 -
evm.utg4.12                               -            585 205220at33208        -            645   1.2e-19   71.6   5.9   4   4   5.8e-05     0.018   14.9   0.0   216   274   509   558   494   571 0.81 -
evm.utg12655.26.1.5c22e9a6                -            387 205220at33208        -            645   1.4e-19   71.4   2.0   1   3   6.3e-17   1.9e-14   54.4   0.7   489   641    32   185    13   188 0.87 -
evm.utg12655.26.1.5c22e9a6                -            387 205220at33208        -            645   1.4e-19   71.4   2.0   2   3         2     6e+02   -0.1   0.0    36    51   271   286   250   306 0.70 -
evm.utg12655.26.1.5c22e9a6                -            387 205220at33208        -            645   1.4e-19   71.4   2.0   3   3   4.7e-05     0.014   15.2   0.0   209   304   290   381   283   386 0.81 -
evm.utg2637.8                             -            591 205220at33208        -            645   1.5e-19   71.2   7.1   1   5   5.5e-14   1.7e-11   44.7   1.1   500   639    54   191    25   195 0.86 -
evm.utg2637.8                             -            591 205220at33208        -            645   1.5e-19   71.2   7.1   2   5     0.038        12    5.5   0.0   218   303   275   350   259   364 0.85 -
evm.utg2637.8                             -            591 205220at33208        -            645   1.5e-19   71.2   7.1   3   5     0.054        16    5.1   0.1   239   302   389   448   363   467 0.72 -
evm.utg2637.8                             -            591 205220at33208        -            645   1.5e-19   71.2   7.1   4   5   0.00016     0.048   13.4   0.1   234   320   432   515   420   524 0.80 -
evm.utg2637.8                             -            591 205220at33208        -            645   1.5e-19   71.2   7.1   5   5   2.9e-05    0.0089   15.9   0.1   115   216   464   566   459   579 0.81 -
evm.utg5950.18                            -            591 205220at33208        -            645   1.5e-19   71.2   7.1   1   5   5.5e-14   1.7e-11   44.7   1.1   500   639    54   191    25   195 0.86 -
evm.utg5950.18                            -            591 205220at33208        -            645   1.5e-19   71.2   7.1   2   5     0.038        12    5.5   0.0   218   303   275   350   259   364 0.85 -
evm.utg5950.18                            -            591 205220at33208        -            645   1.5e-19   71.2   7.1   3   5     0.054        16    5.1   0.1   239   302   389   448   363   467 0.72 -
evm.utg5950.18                            -            591 205220at33208        -            645   1.5e-19   71.2   7.1   4   5   0.00016     0.048   13.4   0.1   234   320   432   515   420   524 0.80 -
evm.utg5950.18                            -            591 205220at33208        -            645   1.5e-19   71.2   7.1   5   5   2.9e-05    0.0089   15.9   0.1   115   216   464   566   459   579 0.81 -
evm.utg4046.37                            -            615 205220at33208        -            645   1.5e-19   71.2   0.7   1   3   1.3e-13   3.9e-11   43.5   0.0   498   641    49   188    32   192 0.87 -
evm.utg4046.37                            -            615 205220at33208        -            645   1.5e-19   71.2   0.7   2   3      0.25        76    2.9   0.0   227   275   329   377   325   411 0.81 -
evm.utg4046.37                            -            615 205220at33208        -            645   1.5e-19   71.2   0.7   3   3   6.4e-07    0.0002   21.3   0.1   130   312   380   552   377   566 0.75 -
evm.utg324.59                             -            590 205220at33208        -            645   3.7e-19   70.0   7.1   1   3   1.9e-11   5.7e-09   36.3   1.9   491   641    37   188    14   190 0.85 -
evm.utg324.59                             -            590 205220at33208        -            645   3.7e-19   70.0   7.1   2   3   0.00047      0.14   11.8   0.0   225   308   318   396   308   413 0.88 -
evm.utg324.59                             -            590 205220at33208        -            645   3.7e-19   70.0   7.1   3   3   1.8e-07   5.5e-05   23.1   0.1   226   311   460   541   453   569 0.83 -
evm.utg715.37                             -            584 205220at33208        -            645   5.4e-19   69.4   2.4   1   4   9.4e-14   2.9e-11   43.9   0.0   498   642    59   200    25   202 0.87 -
evm.utg715.37                             -            584 205220at33208        -            645   5.4e-19   69.4   2.4   2   4       3.5   1.1e+03   -0.9   0.0   256   306   307   352   287   376 0.56 -
evm.utg715.37                             -            584 205220at33208        -            645   5.4e-19   69.4   2.4   3   4    0.0058       1.8    8.2   0.1    26    99   379   455   362   471 0.77 -
evm.utg715.37                             -            584 205220at33208        -            645   5.4e-19   69.4   2.4   4   4   0.00013     0.039   13.7   0.1   229   313   477   559   465   570 0.72 -
evm.utg9251.16                            -            589 205220at33208        -            645   7.9e-19   68.9   5.1   1   4   2.3e-12     7e-10   39.3   0.4   489   640    27   179     4   182 0.85 -
evm.utg9251.16                            -            589 205220at33208        -            645   7.9e-19   68.9   5.1   2   4     0.012       3.7    7.2   0.1   215   309   298   389   290   404 0.76 -
evm.utg9251.16                            -            589 205220at33208        -            645   7.9e-19   68.9   5.1   3   4   7.5e-07   0.00023   21.1   0.0   226   309   407   485   396   503 0.85 -
evm.utg9251.16                            -            589 205220at33208        -            645   7.9e-19   68.9   5.1   4   4       1.4   4.2e+02    0.4   0.1    75   118   508   550   493   560 0.51 -
evm.utg18.57                              -            584 205220at33208        -            645   1.2e-18   68.3   2.0   1   4   5.2e-12   1.6e-09   38.1   1.1   497   642    47   188    10   190 0.86 -
evm.utg18.57                              -            584 205220at33208        -            645   1.2e-18   68.3   2.0   2   4     9e-05     0.028   14.2   0.0   229   301   321   385   288   392 0.85 -
evm.utg18.57                              -            584 205220at33208        -            645   1.2e-18   68.3   2.0   3   4      0.15        46    3.6   0.0    34    98   371   438   364   455 0.71 -
evm.utg18.57                              -            584 205220at33208        -            645   1.2e-18   68.3   2.0   4   4   0.00066       0.2   11.4   0.0   228   311   461   539   449   553 0.79 -
evm.utg616.122                            -            279 205220at33208        -            645   2.1e-18   67.5   0.0   1   2   2.6e-11   7.9e-09   35.8   0.0   220   302    30   112    27   122 0.86 -
evm.utg616.122                            -            279 205220at33208        -            645   2.1e-18   67.5   0.0   2   2   1.9e-09   5.8e-07   29.7   0.0   204   303   128   222   120   238 0.81 -
utg967.equina_smart_1497255.mrna1         -            592 205220at33208        -            645   2.4e-18   67.3   1.0   1   3     7e-12   2.1e-09   37.7   0.1   467   641     9   189     2   192 0.81 -
utg967.equina_smart_1497255.mrna1         -            592 205220at33208        -            645   2.4e-18   67.3   1.0   2   3     0.018       5.6    6.6   0.0   225   276   319   370   300   392 0.85 -
utg967.equina_smart_1497255.mrna1         -            592 205220at33208        -            645   2.4e-18   67.3   1.0   3   3   2.7e-06   0.00082   19.3   0.0   225   312   466   550   450   562 0.80 -
evm.utg8726.15                            -            378 205220at33208        -            645   3.2e-18   66.9   7.9   1   2     5e-14   1.5e-11   44.8   3.1   462   642     8   189     3   192 0.87 -
evm.utg8726.15                            -            378 205220at33208        -            645   3.2e-18   66.9   7.9   2   2   6.7e-08     2e-05   24.6   0.2   186   281   287   373   282   376 0.93 -
evm.utg616.122.1.5c22f2d7                 -            223 205220at33208        -            645   3.2e-18   66.9   0.0   1   2   1.7e-11   5.1e-09   36.5   0.0   220   302    30   112    27   121 0.86 -
evm.utg616.122.1.5c22f2d7                 -            223 205220at33208        -            645   3.2e-18   66.9   0.0   2   2   4.3e-09   1.3e-06   28.5   0.0   204   301   128   220   122   222 0.85 -
evm.utg1102.6                             -            346 205220at33208        -            645   3.8e-18   66.6   0.1   1   4       3.2   9.7e+02   -0.8   0.0    15    51    14    52     8    64 0.79 -
evm.utg1102.6                             -            346 205220at33208        -            645   3.8e-18   66.6   0.1   2   4   2.5e-09   7.6e-07   29.3   0.0    10    81    71   148    62   152 0.80 -
evm.utg1102.6                             -            346 205220at33208        -            645   3.8e-18   66.6   0.1   3   4   4.1e-12   1.2e-09   38.5   0.0   200   284   118   194   115   205 0.89 -
evm.utg1102.6                             -            346 205220at33208        -            645   3.8e-18   66.6   0.1   4   4    0.0017      0.51   10.0   0.0    85   160   261   341   253   344 0.79 -
evm.utg1846.43                            -            656 205220at33208        -            645   2.9e-17   63.7   3.3   1   3   3.3e-06   0.00099   19.0   0.1   496   642   107   257    70   259 0.81 -
evm.utg1846.43                            -            656 205220at33208        -            645   2.9e-17   63.7   3.3   2   3   1.9e-09   5.8e-07   29.7   0.2   114   303   385   558   362   570 0.83 -
evm.utg1846.43                            -            656 205220at33208        -            645   2.9e-17   63.7   3.3   3   3   9.1e-05     0.028   14.2   0.0   226   274   582   630   568   643 0.83 -
evm.utg470.9                              -            573 205220at33208        -            645   3.2e-17   63.6   0.8   1   3   3.8e-09   1.2e-06   28.7   0.5   498   641    43   183    13   186 0.87 -
evm.utg470.9                              -            573 205220at33208        -            645   3.2e-17   63.6   0.8   2   3   7.9e-10   2.4e-07   30.9   0.0   111   300   301   476   278   499 0.82 -
evm.utg470.9                              -            573 205220at33208        -            645   3.2e-17   63.6   0.8   3   3       1.5   4.6e+02    0.3   0.0    30    55   512   537   481   554 0.69 -
evm.utg505.77                             -            526 205220at33208        -            645   4.1e-17   63.2   2.2   1   3   1.7e-09   5.2e-07   29.8   0.7   517   638     2   120     1   125 0.87 -
evm.utg505.77                             -            526 205220at33208        -            645   4.1e-17   63.2   2.2   2   3   1.4e-05    0.0044   16.9   0.0   218   278   340   406   335   410 0.79 -
evm.utg505.77                             -            526 205220at33208        -            645   4.1e-17   63.2   2.2   3   3     1e-05    0.0031   17.3   0.0   224   289   399   464   392   473 0.90 -
evm.utg356.10                             -            339 205220at33208        -            645   5.2e-17   62.9   0.1   1   3   2.5e-07   7.7e-05   22.7   0.0   275   317     8    50     2    56 0.74 -
evm.utg356.10                             -            339 205220at33208        -            645   5.2e-17   62.9   0.1   2   3   1.9e-05    0.0057   16.5   0.0   234   294    85   144    78   162 0.83 -
evm.utg356.10                             -            339 205220at33208        -            645   5.2e-17   62.9   0.1   3   3   3.3e-06     0.001   19.0   0.0   180   262   256   335   165   338 0.87 -
evm.utg62.81                              -            470 205220at33208        -            645   1.7e-16   61.2   0.4   1   2   1.4e-10   4.2e-08   33.5   0.0   499   642    43   183    23   185 0.86 -
evm.utg62.81                              -            470 205220at33208        -            645   1.7e-16   61.2   0.4   2   2   3.4e-07    0.0001   22.2   0.1   126   214   363   453   349   463 0.82 -
evm.utg479.24                             -            569 205220at33208        -            645   2.1e-16   60.9   7.6   1   3   1.6e-12     5e-10   39.8   0.9   463   637    16   190     4   196 0.81 -
evm.utg479.24                             -            569 205220at33208        -            645   2.1e-16   60.9   7.6   2   3     0.003      0.93    9.2   0.1   241   297   293   348   289   354 0.87 -
evm.utg479.24                             -            569 205220at33208        -            645   2.1e-16   60.9   7.6   3   3   8.2e-05     0.025   14.4   0.1   226   307   461   539   445   557 0.82 -
evm.utg861.15                             -            572 205220at33208        -            645   6.5e-16   59.2   6.2   1   3   7.3e-11   2.2e-08   34.3   0.8   495   642    39   183     9   185 0.87 -
evm.utg861.15                             -            572 205220at33208        -            645   6.5e-16   59.2   6.2   2   3   0.00022     0.069   12.9   0.1    26    67   372   413   362   419 0.78 -
evm.utg861.15                             -            572 205220at33208        -            645   6.5e-16   59.2   6.2   3   3    0.0002     0.062   13.1   0.1   126   278   419   563   411   569 0.82 -
evm.utg420.133                            -            573 205220at33208        -            645   1.5e-15   58.1   0.7   1   3   1.4e-08   4.1e-06   26.9   0.4   498   642    43   184    18   186 0.89 -
evm.utg420.133                            -            573 205220at33208        -            645   1.5e-15   58.1   0.7   2   3   1.2e-08   3.7e-06   27.0   0.0   110   300   300   476   278   494 0.82 -
evm.utg420.133                            -            573 205220at33208        -            645   1.5e-15   58.1   0.7   3   3       1.7   5.1e+02    0.1   0.0    30    55   512   537   480   548 0.69 -
evm.utg13.23                              -            581 205220at33208        -            645   1.6e-15   57.9   0.2   1   3   3.2e-10   9.9e-08   32.2   0.1   490   640    39   190    24   195 0.85 -
evm.utg13.23                              -            581 205220at33208        -            645   1.6e-15   57.9   0.2   2   3      0.08        24    4.5   0.0   226   302   278   347   236   362 0.60 -
evm.utg13.23                              -            581 205220at33208        -            645   1.6e-15   57.9   0.2   3   3   1.1e-05    0.0035   17.2   0.0    28   271   326   558   324   575 0.74 -
utg31304.equina_smart_508286.mrna3        -            581 205220at33208        -            645   2.1e-15   57.6   0.2   1   4   1.1e-10   3.2e-08   33.8   0.1   498   642    57   198    30   200 0.89 -
utg31304.equina_smart_508286.mrna3        -            581 205220at33208        -            645   2.1e-15   57.6   0.2   2   4    0.0016      0.49   10.1   0.0   191   320   301   418   289   429 0.80 -
utg31304.equina_smart_508286.mrna3        -            581 205220at33208        -            645   2.1e-15   57.6   0.2   3   4    0.0046       1.4    8.6   0.0   114   250   366   493   362   520 0.64 -
utg31304.equina_smart_508286.mrna3        -            581 205220at33208        -            645   2.1e-15   57.6   0.2   4   4     0.051        16    5.1   0.0    27    83   518   573   500   577 0.80 -
evm.utg3013.11                            -            583 205220at33208        -            645   2.4e-15   57.4   0.0   1   3     1e-10   3.1e-08   33.9   0.0   491   643    32   185     9   187 0.85 -
evm.utg3013.11                            -            583 205220at33208        -            645   2.4e-15   57.4   0.0   2   3     0.053        16    5.1   0.0   238   302   332   392   316   400 0.82 -
evm.utg3013.11                            -            583 205220at33208        -            645   2.4e-15   57.4   0.0   3   3   8.6e-05     0.026   14.3   0.0    14    90   460   535   450   566 0.84 -
utg693.equina_smart_508286.mrna1          -            581 205220at33208        -            645   3.2e-15   57.0   0.3   1   4   8.2e-11   2.5e-08   34.2   0.2   493   642    52   198    29   200 0.88 -
utg693.equina_smart_508286.mrna1          -            581 205220at33208        -            645   3.2e-15   57.0   0.3   2   4    0.0016      0.49   10.1   0.0   191   320   301   418   289   429 0.80 -
utg693.equina_smart_508286.mrna1          -            581 205220at33208        -            645   3.2e-15   57.0   0.3   3   4    0.0049       1.5    8.5   0.0   114   249   366   492   362   519 0.64 -
utg693.equina_smart_508286.mrna1          -            581 205220at33208        -            645   3.2e-15   57.0   0.3   4   4     0.015       4.7    6.8   0.0   128   224   472   570   439   575 0.69 -
evm.utg116.282                            -            607 205220at33208        -            645   3.4e-15   56.9   0.3   1   4   1.8e-08   5.6e-06   26.4   0.0   500   642    61   201    46   203 0.90 -
evm.utg116.282                            -            607 205220at33208        -            645   3.4e-15   56.9   0.3   2   4     0.054        17    5.0   0.0   225   288   332   394   322   420 0.57 -
evm.utg116.282                            -            607 205220at33208        -            645   3.4e-15   56.9   0.3   3   4   9.7e-06     0.003   17.4   0.0   225   301   430   502   422   503 0.86 -
evm.utg116.282                            -            607 205220at33208        -            645   3.4e-15   56.9   0.3   4   4    0.0024      0.75    9.5   0.0   230   300   483   548   478   563 0.85 -
evm.utg10.27                              -            581 205220at33208        -            645     4e-15   56.7   0.2   1   3   3.2e-10   9.9e-08   32.2   0.1   490   640    39   190    24   195 0.85 -
evm.utg10.27                              -            581 205220at33208        -            645     4e-15   56.7   0.2   2   3     0.067        20    4.7   0.0   235   302   286   347   237   370 0.60 -
evm.utg10.27                              -            581 205220at33208        -            645     4e-15   56.7   0.2   3   3   3.2e-05    0.0099   15.7   0.0    28   269   326   556   324   566 0.71 -
evm.utg7149.18                            -            907 205220at33208        -            645   4.4e-15   56.5   0.1   1   1   2.1e-17   6.4e-15   56.0   0.1   486   639   365   519   314   524 0.85 -
evm.utg3722.19                            -            583 205220at33208        -            645   4.6e-15   56.4   0.0   1   3   5.3e-10   1.6e-07   31.5   0.0   491   643    32   185     9   186 0.85 -
evm.utg3722.19                            -            583 205220at33208        -            645   4.6e-15   56.4   0.0   2   3      0.07        21    4.7   0.0   239   302   333   392   317   400 0.82 -
evm.utg3722.19                            -            583 205220at33208        -            645   4.6e-15   56.4   0.0   3   3   2.5e-05    0.0077   16.1   0.0    14    90   460   535   450   566 0.85 -
evm.utg1363.4                             -            581 205220at33208        -            645   6.4e-15   56.0   0.3   1   4   1.6e-10   4.9e-08   33.2   0.2   493   642    52   198    29   200 0.88 -
evm.utg1363.4                             -            581 205220at33208        -            645   6.4e-15   56.0   0.3   2   4    0.0016      0.49   10.1   0.0   191   320   301   418   289   429 0.80 -
evm.utg1363.4                             -            581 205220at33208        -            645   6.4e-15   56.0   0.3   3   4    0.0049       1.5    8.5   0.0   114   249   366   492   362   519 0.64 -
evm.utg1363.4                             -            581 205220at33208        -            645   6.4e-15   56.0   0.3   4   4     0.015       4.7    6.8   0.0   128   224   472   570   439   575 0.69 -
evm.utg420.133.1.5c22f0b2                 -            464 205220at33208        -            645   7.6e-15   55.7   0.3   1   2   9.2e-09   2.8e-06   27.4   0.5   498   642    43   184    17   186 0.89 -
evm.utg420.133.1.5c22f0b2                 -            464 205220at33208        -            645   7.6e-15   55.7   0.3   2   2   2.6e-08   7.9e-06   25.9   0.0   110   276   300   457   276   460 0.85 -
evm.utg3019.42.1.5c22eea8                 -            671 205220at33208        -            645   8.1e-15   55.6   0.0   1   4   1.3e-06   0.00041   20.3   0.0   224   307   259   347   233   350 0.80 -
evm.utg3019.42.1.5c22eea8                 -            671 205220at33208        -            645   8.1e-15   55.6   0.0   2   4     0.063        19    4.8   0.0   254   308   352   409   345   420 0.76 -
evm.utg3019.42.1.5c22eea8                 -            671 205220at33208        -            645   8.1e-15   55.6   0.0   3   4   1.1e-06   0.00033   20.6   0.0   202   319   421   539   418   540 0.73 -
evm.utg3019.42.1.5c22eea8                 -            671 205220at33208        -            645   8.1e-15   55.6   0.0   4   4     0.016       4.8    6.8   0.0   251   349   529   643   513   660 0.71 -
evm.utg861.103                            -            575 205220at33208        -            645   1.1e-14   55.3   0.4   1   1     7e-17   2.1e-14   54.2   0.4   488   642    28   187    14   190 0.79 -
evm.utg3019.42                            -            730 205220at33208        -            645   1.1e-14   55.2   0.1   1   4   1.6e-06   0.00048   20.0   0.0   224   307   259   347   238   351 0.81 -
evm.utg3019.42                            -            730 205220at33208        -            645   1.1e-14   55.2   0.1   2   4     0.073        22    4.6   0.0   254   308   352   409   346   419 0.76 -
evm.utg3019.42                            -            730 205220at33208        -            645   1.1e-14   55.2   0.1   3   4   1.2e-06   0.00037   20.4   0.0   202   319   421   539   418   540 0.72 -
evm.utg3019.42                            -            730 205220at33208        -            645   1.1e-14   55.2   0.1   4   4     0.013       4.1    7.0   0.0   251   360   529   653   513   676 0.73 -
evm.utg729.19                             -            643 205220at33208        -            645   2.5e-14   54.0   0.9   1   3   1.4e-14   4.2e-12   46.7   0.3   483   642    44   204     7   207 0.86 -
evm.utg729.19                             -            643 205220at33208        -            645   2.5e-14   54.0   0.9   2   3      0.87   2.7e+02    1.1   0.0   375   440   212   274   208   303 0.86 -
evm.utg729.19                             -            643 205220at33208        -            645   2.5e-14   54.0   0.9   3   3      0.41   1.3e+02    2.1   0.0   237   315   445   520   437   535 0.74 -
evm.utg2967.33                            -            589 205220at33208        -            645   3.5e-14   53.5   2.9   1   3   6.5e-07    0.0002   21.3   1.6   491   636    34   180    12   187 0.83 -
evm.utg2967.33                            -            589 205220at33208        -            645   3.5e-14   53.5   2.9   2   3     9e-07   0.00027   20.8   0.0   110   300   304   487   295   491 0.67 -
evm.utg2967.33                            -            589 205220at33208        -            645   3.5e-14   53.5   2.9   3   3    0.0057       1.8    8.3   0.0   242   304   481   540   476   546 0.84 -
evm.utg5087.21                            -            622 205220at33208        -            645   5.9e-14   52.8   0.2   1   5   1.3e-08     4e-06   26.9   0.0   500   642    61   201    46   203 0.90 -
evm.utg5087.21                            -            622 205220at33208        -            645   5.9e-14   52.8   0.2   2   5      0.12        36    3.9   0.0   226   276   333   387   321   403 0.55 -
evm.utg5087.21                            -            622 205220at33208        -            645   5.9e-14   52.8   0.2   3   5   9.1e-05     0.028   14.2   0.0   225   303   445   519   432   531 0.82 -
evm.utg5087.21                            -            622 205220at33208        -            645   5.9e-14   52.8   0.2   4   5    0.0055       1.7    8.3   0.0   230   300   498   563   491   570 0.79 -
evm.utg5087.21                            -            622 205220at33208        -            645   5.9e-14   52.8   0.2   5   5      0.79   2.4e+02    1.2   0.0    13    60   533   578   524   589 0.79 -
evm.utg1846.57                            -            590 205220at33208        -            645   5.9e-14   52.8   3.7   1   3   2.6e-11     8e-09   35.8   0.1   499   640    56   194    30   198 0.86 -
evm.utg1846.57                            -            590 205220at33208        -            645   5.9e-14   52.8   3.7   2   3   0.00041      0.12   12.1   0.0   226   312   325   407   315   427 0.75 -
evm.utg1846.57                            -            590 205220at33208        -            645   5.9e-14   52.8   3.7   3   3       0.1        31    4.2   0.2    34   151   441   552   431   559 0.71 -
evm.utg18.75                              -            582 205220at33208        -            645     6e-14   52.8   0.2   1   4   3.8e-11   1.2e-08   35.3   0.3   489   624    32   168    19   187 0.84 -
evm.utg18.75                              -            582 205220at33208        -            645     6e-14   52.8   0.2   2   4      0.18        56    3.3   0.0   200   301   299   397   262   410 0.69 -
evm.utg18.75                              -            582 205220at33208        -            645     6e-14   52.8   0.2   3   4      0.29        87    2.7   0.0   207   283   364   426   342   464 0.73 -
evm.utg18.75                              -            582 205220at33208        -            645     6e-14   52.8   0.2   4   4    0.0073       2.2    7.9   0.0    27    68   521   562   505   571 0.77 -
evm.utg214.62                             -            425 205220at33208        -            645   1.6e-13   51.4   3.8   1   5   0.00024     0.075   12.8   0.1   475   556    19   107     5   115 0.74 -
evm.utg214.62                             -            425 205220at33208        -            645   1.6e-13   51.4   3.8   2   5   3.9e-05     0.012   15.4   0.1   228   313   158   241   150   249 0.77 -
evm.utg214.62                             -            425 205220at33208        -            645   1.6e-13   51.4   3.8   3   5   8.7e-07   0.00026   20.9   0.1   191   304   180   278   178   294 0.86 -
evm.utg214.62                             -            425 205220at33208        -            645   1.6e-13   51.4   3.8   4   5   8.3e-06    0.0025   17.7   0.0   236   304   262   326   251   343 0.80 -
evm.utg214.62                             -            425 205220at33208        -            645   1.6e-13   51.4   3.8   5   5   0.00059      0.18   11.5   0.0   240   306   314   378   309   395 0.76 -
evm.utg18271.6                            -            545 205220at33208        -            645   1.9e-13   51.1   0.3   1   3   2.4e-10   7.2e-08   32.7   0.4   492   643    40   189     9   191 0.83 -
evm.utg18271.6                            -            545 205220at33208        -            645   1.9e-13   51.1   0.3   2   3   7.8e-05     0.024   14.4   0.0   176   304   352   463   345   477 0.83 -
evm.utg18271.6                            -            545 205220at33208        -            645   1.9e-13   51.1   0.3   3   3     0.056        17    5.0   0.0    30    91   442   507   435   522 0.63 -
evm.utg861.15.1.5c22f49a                  -            499 205220at33208        -            645     2e-13   51.0   4.4   1   2   5.8e-11   1.8e-08   34.7   0.9   495   642    39   183     8   185 0.86 -
evm.utg861.15.1.5c22f49a                  -            499 205220at33208        -            645     2e-13   51.0   4.4   2   2   1.4e-05    0.0042   16.9   0.1   225   305   370   445   352   471 0.75 -
evm.utg1846.57.1.5c22ec2b                 -            455 205220at33208        -            645   2.2e-13   50.9   0.4   1   2   1.6e-11   4.9e-09   36.5   0.1   498   640    55   194    30   198 0.86 -
evm.utg1846.57.1.5c22ec2b                 -            455 205220at33208        -            645   2.2e-13   50.9   0.4   2   2   0.00028     0.084   12.6   0.0   226   312   325   407   315   427 0.75 -
evm.utg1032.6                             -            415 205220at33208        -            645   5.6e-13   49.6   0.3   1   3   7.8e-11   2.4e-08   34.3   0.1   492   642    32   183    22   185 0.86 -
evm.utg1032.6                             -            415 205220at33208        -            645   5.6e-13   49.6   0.3   2   3       2.6     8e+02   -0.5   0.0   115   155   307   345   291   351 0.83 -
evm.utg1032.6                             -            415 205220at33208        -            645   5.6e-13   49.6   0.3   3   3    0.0005      0.15   11.8   0.0   116   154   355   391   349   396 0.82 -
evm.utg858.20.1.5c22f48e                  -            419 205220at33208        -            645   6.8e-13   49.3   0.1   1   2   1.1e-10   3.3e-08   33.8   0.0   117   301    21   221    17   225 0.74 -
evm.utg858.20.1.5c22f48e                  -            419 205220at33208        -            645   6.8e-13   49.3   0.1   2   2   0.00052      0.16   11.7   0.0   106   161   295   352   271   406 0.70 -
evm.utg7412.11                            -            648 205220at33208        -            645   9.4e-13   48.8   0.7   1   4   7.1e-10   2.2e-07   31.1   0.2   491   641    47   199     7   202 0.83 -
evm.utg7412.11                            -            648 205220at33208        -            645   9.4e-13   48.8   0.7   2   4      0.17        51    3.4   0.0   259   307   309   352   305   369 0.82 -
evm.utg7412.11                            -            648 205220at33208        -            645   9.4e-13   48.8   0.7   3   4   0.00036      0.11   12.2   0.0   173   306   325   456   322   491 0.78 -
evm.utg7412.11                            -            648 205220at33208        -            645   9.4e-13   48.8   0.7   4   4      0.54   1.7e+02    1.7   0.0   240   304   442   502   427   524 0.78 -
evm.utg699.30                             -            638 205220at33208        -            645   1.4e-12   48.2   1.2   1   3      0.48   1.5e+02    1.9   0.0   490   579    36   127    16   145 0.64 -
evm.utg699.30                             -            638 205220at33208        -            645   1.4e-12   48.2   1.2   2   3    0.0055       1.7    8.3   0.0    27    68   402   443   390   449 0.81 -
evm.utg699.30                             -            638 205220at33208        -            645   1.4e-12   48.2   1.2   3   3   3.9e-11   1.2e-08   35.3   0.2   129   312   451   623   441   634 0.81 -
evm.utg699.30.1.5c22f365                  -            638 205220at33208        -            645   1.4e-12   48.2   1.2   1   3      0.48   1.5e+02    1.9   0.0   490   579    36   127    16   145 0.64 -
evm.utg699.30.1.5c22f365                  -            638 205220at33208        -            645   1.4e-12   48.2   1.2   2   3    0.0055       1.7    8.3   0.0    27    68   402   443   390   449 0.81 -
evm.utg699.30.1.5c22f365                  -            638 205220at33208        -            645   1.4e-12   48.2   1.2   3   3   3.9e-11   1.2e-08   35.3   0.2   129   312   451   623   441   634 0.81 -
evm.utg112.17                             -            586 205220at33208        -            645   1.6e-12   48.1   2.7   1   4   8.1e-09   2.5e-06   27.6   0.2   500   642    58   197    32   199 0.85 -
evm.utg112.17                             -            586 205220at33208        -            645   1.6e-12   48.1   2.7   2   4     0.064        20    4.8   0.0    32   147   363   476   336   480 0.43 -
evm.utg112.17                             -            586 205220at33208        -            645   1.6e-12   48.1   2.7   3   4     0.032       9.9    5.8   0.0   239   322   419   500   392   504 0.62 -
evm.utg112.17                             -            586 205220at33208        -            645   1.6e-12   48.1   2.7   4   4   0.00058      0.18   11.6   0.0   238   274   514   550   499   569 0.82 -
evm.utg5815.2                             -            551 205220at33208        -            645     2e-12   47.7   0.0   1   2   1.1e-10   3.5e-08   33.7   0.0   116   301    20   221    16   227 0.73 -
evm.utg5815.2                             -            551 205220at33208        -            645     2e-12   47.7   0.0   2   2   0.00093      0.28   10.9   0.0   200   260   295   350   272   386 0.66 -
evm.utg9409.24                            -            489 205220at33208        -            645   2.1e-12   47.6   0.7   1   2   1.6e-09   4.9e-07   29.9   0.6   497   642    43   185    18   188 0.90 -
evm.utg9409.24                            -            489 205220at33208        -            645   2.1e-12   47.6   0.7   2   2   4.5e-05     0.014   15.2   0.0   206   302   375   459   361   484 0.77 -
evm.utg858.20                             -            551 205220at33208        -            645   2.3e-12   47.5   0.1   1   2   1.9e-10   5.8e-08   33.0   0.0   117   301    21   221    17   227 0.74 -
evm.utg858.20                             -            551 205220at33208        -            645   2.3e-12   47.5   0.1   2   2    0.0008      0.24   11.1   0.0   106   161   295   352   271   407 0.70 -
evm.utg858.20.1.5c22f48e.1.5c279820       -            342 205220at33208        -            645   3.3e-12   47.0   0.0   1   2   5.8e-11   1.8e-08   34.7   0.0   117   301    21   221    17   229 0.74 -
evm.utg858.20.1.5c22f48e.1.5c279820       -            342 205220at33208        -            645   3.3e-12   47.0   0.0   2   2    0.0058       1.8    8.3   0.0   199   248   294   337   291   339 0.86 -
evm.utg101.132                            -            573 205220at33208        -            645     7e-12   45.9   2.8   1   3   1.6e-11     5e-09   36.5   0.5   498   636    44   181    18   188 0.85 -
evm.utg101.132                            -            573 205220at33208        -            645     7e-12   45.9   2.8   2   3      0.17        52    3.4   0.0   180   252   377   438   356   459 0.70 -
evm.utg101.132                            -            573 205220at33208        -            645     7e-12   45.9   2.8   3   3      0.16        50    3.5   0.0    37    94   473   535   459   539 0.59 -
evm.utg559.12                             -            487 205220at33208        -            645   7.3e-12   45.9   7.6   1   3   1.8e-07   5.5e-05   23.2   0.2   530   641     3   110     1   113 0.92 -
evm.utg559.12                             -            487 205220at33208        -            645   7.3e-12   45.9   7.6   2   3       2.1   6.5e+02   -0.2   0.0    36    51   196   211   174   233 0.66 -
evm.utg559.12                             -            487 205220at33208        -            645   7.3e-12   45.9   7.6   3   3   1.5e-05    0.0045   16.8   1.4   124   300   232   398   218   480 0.47 -
evm.utg2483.24                            -            581 205220at33208        -            645   8.4e-12   45.7   2.3   1   3   2.4e-09   7.3e-07   29.3   0.5   488   642    30   185    20   188 0.84 -
evm.utg2483.24                            -            581 205220at33208        -            645   8.4e-12   45.7   2.3   2   3    0.0038       1.2    8.8   0.0   179   276   321   409   315   450 0.83 -
evm.utg2483.24                            -            581 205220at33208        -            645   8.4e-12   45.7   2.3   3   3       0.1        31    4.2   0.0   224   272   451   499   421   525 0.80 -
evm.utg2083.15                            -            581 205220at33208        -            645   8.4e-12   45.7   3.9   1   4   3.6e-09   1.1e-06   28.7   0.6   488   642    30   185    20   188 0.84 -
evm.utg2083.15                            -            581 205220at33208        -            645   8.4e-12   45.7   3.9   2   4    0.0013      0.39   10.4   0.0   179   276   321   409   314   450 0.85 -
evm.utg2083.15                            -            581 205220at33208        -            645   8.4e-12   45.7   3.9   3   4     0.035        11    5.7   0.0   229   313   409   489   402   503 0.57 -
evm.utg2083.15                            -            581 205220at33208        -            645   8.4e-12   45.7   3.9   4   4     0.091        28    4.3   0.0   224   273   451   500   437   527 0.82 -
evm.utg2013.22                            -            285 205220at33208        -            645   8.8e-12   45.6   0.0   1   2   4.9e-13   1.5e-10   41.5   0.0   120   312    42   225    33   234 0.82 -
evm.utg2013.22                            -            285 205220at33208        -            645   8.8e-12   45.6   0.0   2   2      0.31        93    2.6   0.0   114   170   228   279   224   281 0.81 -
evm.utg1684.11                            -            506 205220at33208        -            645   2.4e-11   44.2   5.3   1   2   2.2e-06   0.00068   19.5   0.6   332   392   109   178    72   200 0.50 -
evm.utg1684.11                            -            506 205220at33208        -            645   2.4e-11   44.2   5.3   2   2   3.7e-08   1.1e-05   25.4   0.4   500   634   309   445   293   454 0.84 -
evm.utg2817.17                            -            554 205220at33208        -            645   2.5e-11   44.1   2.5   1   4   2.8e-09   8.5e-07   29.1   0.5   497   642    43   185    18   188 0.90 -
evm.utg2817.17                            -            554 205220at33208        -            645   2.5e-11   44.1   2.5   2   4       8.6   2.6e+03   -2.2   0.0    20    49   299   329   292   343 0.80 -
evm.utg2817.17                            -            554 205220at33208        -            645   2.5e-11   44.1   2.5   3   4   0.00073      0.22   11.2   0.0   209   300   378   457   371   460 0.56 -
evm.utg2817.17                            -            554 205220at33208        -            645   2.5e-11   44.1   2.5   4   4      0.16        48    3.5   0.0   226   301   435   506   412   524 0.59 -
evm.utg1517.3                             -            294 205220at33208        -            645   3.4e-11   43.7   0.0   1   2   8.3e-10   2.5e-07   30.9   0.0   108   301     7   193     2   197 0.78 -
evm.utg1517.3                             -            294 205220at33208        -            645   3.4e-11   43.7   0.0   2   2   0.00041      0.12   12.1   0.0   241   304   185   245   169   268 0.84 -
evm.utg5367.12                            -            513 205220at33208        -            645   3.5e-11   43.6   1.6   1   5   0.00099       0.3   10.8   1.1   536   642    14   118     3   120 0.89 -
evm.utg5367.12                            -            513 205220at33208        -            645   3.5e-11   43.6   1.6   2   5    0.0057       1.7    8.3   0.0    22    52   242   272   236   276 0.87 -
evm.utg5367.12                            -            513 205220at33208        -            645   3.5e-11   43.6   1.6   3   5   8.1e-05     0.025   14.4   0.0   231   301   250   312   247   319 0.86 -
evm.utg5367.12                            -            513 205220at33208        -            645   3.5e-11   43.6   1.6   4   5       0.2        61    3.2   0.0    34    96   298   363   286   376 0.75 -
evm.utg5367.12                            -            513 205220at33208        -            645   3.5e-11   43.6   1.6   5   5   0.00014     0.042   13.6   0.0   221   311   383   468   369   482 0.83 -
evm.utg2216.38                            -            984 205220at33208        -            645   4.8e-11   43.2   0.0   1   2    0.0039       1.2    8.8   0.0   326   392    33   110    18   189 0.73 -
evm.utg2216.38                            -            984 205220at33208        -            645   4.8e-11   43.2   0.0   2   2   3.7e-10   1.1e-07   32.0   0.0   499   639   282   432   253   438 0.82 -
evm.utg3235.19                            -            638 205220at33208        -            645   5.4e-11   43.0   3.3   1   3       0.4   1.2e+02    2.2   0.0   489   579    35   127    16   145 0.66 -
evm.utg3235.19                            -            638 205220at33208        -            645   5.4e-11   43.0   3.3   2   3    0.0041       1.3    8.7   0.0    26    66   401   441   389   447 0.83 -
evm.utg3235.19                            -            638 205220at33208        -            645   5.4e-11   43.0   3.3   3   3   8.3e-10   2.5e-07   30.9   0.6   128   312   450   623   441   633 0.82 -
evm.utg3235.19.1.5c22ef0c                 -            638 205220at33208        -            645   5.4e-11   43.0   3.3   1   3       0.4   1.2e+02    2.2   0.0   489   579    35   127    16   145 0.66 -
evm.utg3235.19.1.5c22ef0c                 -            638 205220at33208        -            645   5.4e-11   43.0   3.3   2   3    0.0041       1.3    8.7   0.0    26    66   401   441   389   447 0.83 -
evm.utg3235.19.1.5c22ef0c                 -            638 205220at33208        -            645   5.4e-11   43.0   3.3   3   3   8.3e-10   2.5e-07   30.9   0.6   128   312   450   623   441   633 0.82 -
evm.utg3235.19.2.5c22ef0c                 -            638 205220at33208        -            645   5.4e-11   43.0   3.3   1   3       0.4   1.2e+02    2.2   0.0   489   579    35   127    16   145 0.66 -
evm.utg3235.19.2.5c22ef0c                 -            638 205220at33208        -            645   5.4e-11   43.0   3.3   2   3    0.0041       1.3    8.7   0.0    26    66   401   441   389   447 0.83 -
evm.utg3235.19.2.5c22ef0c                 -            638 205220at33208        -            645   5.4e-11   43.0   3.3   3   3   8.3e-10   2.5e-07   30.9   0.6   128   312   450   623   441   633 0.82 -
evm.utg116.181                            -            491 205220at33208        -            645   6.2e-11   42.8   5.5   1   5     0.013       3.9    7.1   0.0   223   303    55   145    47   160 0.73 -
evm.utg116.181                            -            491 205220at33208        -            645   6.2e-11   42.8   5.5   2   5    0.0056       1.7    8.3   0.2   108   160   154   207   136   208 0.79 -
evm.utg116.181                            -            491 205220at33208        -            645   6.2e-11   42.8   5.5   3   5   1.3e-09   3.8e-07   30.3   1.7   187   274   189   273   155   281 0.85 -
evm.utg116.181                            -            491 205220at33208        -            645   6.2e-11   42.8   5.5   4   5      0.69   2.1e+02    1.4   0.0   242   272   309   348   303   362 0.65 -
evm.utg116.181                            -            491 205220at33208        -            645   6.2e-11   42.8   5.5   5   5      0.89   2.7e+02    1.0   0.0   140   161   384   410   368   414 0.70 -
evm.utg2083.15.1.5c22ece0                 -            483 205220at33208        -            645   8.6e-11   42.3   2.1   1   2   2.6e-09   7.8e-07   29.2   0.6   488   642    30   185    20   188 0.84 -
evm.utg2083.15.1.5c22ece0                 -            483 205220at33208        -            645   8.6e-11   42.3   2.1   2   2   0.00083      0.26   11.0   0.0   179   276   321   409   314   455 0.83 -
evm.utg17511.4                            -            623 205220at33208        -            645   1.3e-10   41.8   3.5   1   3   2.1e-09   6.4e-07   29.5   0.5   488   640    60   213    43   217 0.85 -
evm.utg17511.4                            -            623 205220at33208        -            645   1.3e-10   41.8   3.5   2   3    0.0058       1.8    8.3   0.1   227   314   394   476   362   521 0.63 -
evm.utg17511.4                            -            623 205220at33208        -            645   1.3e-10   41.8   3.5   3   3      0.47   1.5e+02    1.9   0.0   116   184   526   596   500   599 0.74 -
evm.utg44408.9                            -            299 205220at33208        -            645   3.5e-10   40.3   0.0   1   1   1.3e-12     4e-10   40.1   0.0   485   605   170   291   114   297 0.81 -
evm.utg1609.53                            -            707 205220at33208        -            645   3.7e-10   40.2   0.2   1   3   7.2e-10   2.2e-07   31.1   0.0   448   554    65   180    52   206 0.74 -
evm.utg1609.53                            -            707 205220at33208        -            645   3.7e-10   40.2   0.2   2   3       1.9   5.9e+02   -0.1   0.0   497   517   243   263   232   273 0.88 -
evm.utg1609.53                            -            707 205220at33208        -            645   3.7e-10   40.2   0.2   3   3     0.058        18    5.0   0.0   562   643   338   418   326   419 0.85 -
evm.utg17511.4.1.5c22ebe8                 -            506 205220at33208        -            645   5.4e-10   39.7   2.7   1   2   1.4e-09   4.3e-07   30.1   0.5   488   640    51   204    34   208 0.85 -
evm.utg17511.4.1.5c22ebe8                 -            506 205220at33208        -            645   5.4e-10   39.7   2.7   2   2    0.0069       2.1    8.0   0.1   226   314   384   467   376   488 0.72 -
evm.utg1463.15                            -            436 205220at33208        -            645   6.6e-10   39.4   0.0   1   1     3e-12   9.3e-10   38.9   0.0   497   641    41   181     6   183 0.87 -
evm.utg4576.5                             -            707 205220at33208        -            645   7.2e-10   39.3   0.3   1   3   1.5e-09   4.6e-07   30.0   0.0   463   554    82   180    54   203 0.73 -
evm.utg4576.5                             -            707 205220at33208        -            645   7.2e-10   39.3   0.3   2   3       1.8   5.4e+02    0.1   0.0   497   517   243   263   231   274 0.88 -
evm.utg4576.5                             -            707 205220at33208        -            645   7.2e-10   39.3   0.3   3   3     0.058        18    5.0   0.0   562   643   338   418   326   419 0.85 -
evm.utg7289.23                            -            435 205220at33208        -            645   1.3e-09   38.4   0.0   1   1   5.8e-12   1.8e-09   38.0   0.0   497   642    41   182     6   184 0.87 -
evm.utg1031.4                             -            398 205220at33208        -            645   1.6e-09   38.2   0.3   1   1   7.1e-12   2.2e-09   37.7   0.3   499   642    39   178    11   180 0.92 -
evm.utg4383.20                            -            438 205220at33208        -            645     2e-09   37.8   0.0   1   1   8.6e-12   2.6e-09   37.4   0.0   499   640    44   181     8   185 0.89 -
evm.utg858.20.1.5c22f48e.2.5c279820       -            297 205220at33208        -            645     2e-09   37.8   0.0   1   1     4e-11   1.2e-08   35.2   0.0   117   301    21   221    17   227 0.74 -
evm.utg637.31                             -            438 205220at33208        -            645   2.1e-09   37.8   0.0   1   1   9.2e-12   2.8e-09   37.3   0.0   499   640    44   181    10   185 0.90 -
evm.utg4898.4                             -           1294 205220at33208        -            645   2.5e-09   37.5   3.1   1   3   6.4e-09     2e-06   27.9   0.5   488   640   731   884   717   888 0.86 -
evm.utg4898.4                             -           1294 205220at33208        -            645   2.5e-09   37.5   3.1   2   3     0.014       4.4    6.9   0.1   227   313  1065  1146  1025  1187 0.61 -
evm.utg4898.4                             -           1294 205220at33208        -            645   2.5e-09   37.5   3.1   3   3       1.2   3.6e+02    0.6   0.0   115   184  1196  1267  1170  1270 0.73 -
evm.utg2013.21                            -            260 205220at33208        -            645   2.8e-09   37.3   0.2   1   1   1.1e-11   3.5e-09   37.0   0.2   475   642    44   212    23   214 0.85 -
evm.utg2083.15.1.5c22ece0.1.5c2791bf      -            397 205220at33208        -            645   4.3e-09   36.7   2.8   1   3   1.7e-09   5.3e-07   29.8   0.6   488   642    30   185    19   188 0.84 -
evm.utg2083.15.1.5c22ece0.1.5c2791bf      -            397 205220at33208        -            645   4.3e-09   36.7   2.8   2   3       9.3   2.8e+03   -2.3   0.0   538   553   196   211   192   258 0.51 -
evm.utg2083.15.1.5c22ece0.1.5c2791bf      -            397 205220at33208        -            645   4.3e-09   36.7   2.8   3   3     0.023       7.1    6.3   0.0    29    89   316   377   298   387 0.80 -
evm.utg420.133.2.5c22f0b2                 -            419 205220at33208        -            645   4.4e-09   36.7   0.7   1   2   7.4e-09   2.3e-06   27.7   0.5   498   642    43   184    17   186 0.89 -
evm.utg420.133.2.5c22f0b2                 -            419 205220at33208        -            645   4.4e-09   36.7   0.7   2   2     0.013         4    7.1   0.0   110   196   300   386   276   400 0.67 -
evm.utg1363.23                            -            889 205220at33208        -            645   5.1e-09   36.5   3.1   1   3      0.68   2.1e+02    1.4   0.0   102   124    72    94    68   100 0.90 -
evm.utg1363.23                            -            889 205220at33208        -            645   5.1e-09   36.5   3.1   2   3       1.1   3.5e+02    0.7   0.0   373   422   175   231   167   254 0.75 -
evm.utg1363.23                            -            889 205220at33208        -            645   5.1e-09   36.5   3.1   3   3   2.7e-10   8.3e-08   32.5   0.4   495   641   650   795   607   799 0.82 -
evm.utg750.72                             -            176 205220at33208        -            645   6.1e-09   36.2   0.1   1   1   2.3e-11     7e-09   36.0   0.1   476   637    22   174     9   175 0.86 -
evm.utg255.23                             -           1159 205220at33208        -            645   1.1e-08   35.4   1.2   1   1   5.2e-11   1.6e-08   34.9   1.2   460   642    31   215    19   218 0.72 -
evm.utg55.29                              -            299 205220at33208        -            645   1.3e-08   35.2   0.0   1   2     0.021       6.5    6.4   0.0   314   345   193   224   179   230 0.83 -
evm.utg55.29                              -            299 205220at33208        -            645   1.3e-08   35.2   0.0   2   2   9.4e-11   2.9e-08   34.0   0.0   475   565   199   293   194   295 0.81 -
evm.utg1786.19                            -            585 205220at33208        -            645   1.5e-08   34.9   0.4   1   2     0.029       8.8    6.0   0.1   367   441   306   389   292   406 0.75 -
evm.utg1786.19                            -            585 205220at33208        -            645   1.5e-08   34.9   0.4   2   2   1.2e-08   3.7e-06   27.0   0.0   501   634   411   554   397   563 0.79 -
evm.utg572.12                             -           1287 205220at33208        -            645   1.5e-08   34.9   1.1   1   1   7.2e-11   2.2e-08   34.4   1.1   498   642    78   215    20   218 0.77 -
evm.utg470.42                             -            603 205220at33208        -            645   2.4e-08   34.3   4.2   1   1   1.1e-10   3.5e-08   33.7   4.2   323   635   238   556   225   563 0.73 -
evm.utg1919.64                            -            573 205220at33208        -            645   3.1e-08   33.9   2.3   1   4   0.00019     0.058   13.2   0.5   536   642    20   125     1   128 0.80 -
evm.utg1919.64                            -            573 205220at33208        -            645   3.1e-08   33.9   2.3   2   4      0.12        36    3.9   0.0   259   307   234   277   230   293 0.82 -
evm.utg1919.64                            -            573 205220at33208        -            645   3.1e-08   33.9   2.3   3   4   0.00038      0.12   12.1   0.0   173   304   250   379   248   386 0.75 -
evm.utg1919.64                            -            573 205220at33208        -            645   3.1e-08   33.9   2.3   4   4     0.027       8.2    6.1   0.0   239   305   366   428   356   448 0.80 -
evm.utg983.11                             -            522 205220at33208        -            645   4.5e-08   33.3   0.2   1   1   2.1e-10   6.3e-08   32.9   0.2   497   642    41   182     6   185 0.86 -
evm.utg1354.7                             -            455 205220at33208        -            645   4.8e-08   33.3   1.0   1   2      0.27        83    2.7   0.1   408   446     2    40     1    59 0.75 -
evm.utg1354.7                             -            455 205220at33208        -            645   4.8e-08   33.3   1.0   2   2   2.8e-09   8.6e-07   29.1   0.1   499   612   183   295   169   304 0.85 -
evm.utg1354.6                             -            494 205220at33208        -            645   7.1e-08   32.7   0.1   1   1   3.4e-10     1e-07   32.1   0.1   499   614   134   248   119   277 0.83 -
evm.utg750.69                             -            471 205220at33208        -            645   7.8e-08   32.6   0.0   1   1   3.6e-10   1.1e-07   32.1   0.0   497   641    41   178    12   181 0.88 -
evm.utg1091.42                            -            289 205220at33208        -            645     1e-07   32.2   0.0   1   3    0.0047       1.4    8.5   0.0   225   252    11    38     7    56 0.87 -
evm.utg1091.42                            -            289 205220at33208        -            645     1e-07   32.2   0.0   2   3   1.6e-05    0.0048   16.7   0.0   201   293    56   143    45   153 0.75 -
evm.utg1091.42                            -            289 205220at33208        -            645     1e-07   32.2   0.0   3   3      0.16        48    3.5   0.0   256   303   178   223   167   254 0.67 -
evm.utg1575.10                            -            445 205220at33208        -            645   1.1e-07   32.0   0.2   1   1   5.4e-10   1.6e-07   31.5   0.2   498   641    50   189    11   193 0.82 -
evm.utg4194.4                             -            470 205220at33208        -            645   1.1e-07   32.0   0.1   1   1   5.5e-10   1.7e-07   31.5   0.1   461   642    30   215    16   217 0.87 -
evm.utg4886.8                             -            957 205220at33208        -            645   1.4e-07   31.7   0.5   1   1   8.9e-10   2.7e-07   30.8   0.5   501   628   777   905   740   912 0.77 -
evm.utg1663.41                            -            442 205220at33208        -            645   1.6e-07   31.6   0.1   1   1     8e-10   2.4e-07   30.9   0.1   470   640    28   189     7   194 0.85 -
evm.utg1623.12                            -            585 205220at33208        -            645   1.7e-07   31.4   1.3   1   2     0.071        22    4.7   0.5   366   441   305   389   292   404 0.72 -
evm.utg1623.12                            -            585 205220at33208        -            645   1.7e-07   31.4   1.3   2   2   4.4e-08   1.3e-05   25.2   0.0   501   634   411   554   397   563 0.79 -
evm.utg1257.8                             -           1030 205220at33208        -            645   2.8e-07   30.7   1.0   1   1   1.2e-09   3.6e-07   30.4   0.2   501   628   772   900   738   907 0.77 -
evm.utg5652.16                            -            440 205220at33208        -            645   3.5e-07   30.4   0.1   1   1   1.7e-09   5.2e-07   29.8   0.1   497   641    41   177    14   180 0.85 -
evm.utg6183.33                            -            236 205220at33208        -            645   5.3e-07   29.8   0.0   1   3   1.2e-07   3.7e-05   23.7   0.0    85   160    60   132    35   139 0.74 -
evm.utg6183.33                            -            236 205220at33208        -            645   5.3e-07   29.8   0.0   2   3      0.31        94    2.6   0.0    53    91   125   168   120   176 0.52 -
evm.utg6183.33                            -            236 205220at33208        -            645   5.3e-07   29.8   0.0   3   3      0.13        41    3.8   0.0   226   300   146   223   134   229 0.63 -
evm.utg10359.25                           -            518 205220at33208        -            645   5.9e-07   29.7   0.0   1   1   2.8e-09   8.5e-07   29.1   0.0   497   642    41   182     6   185 0.84 -
evm.utg1684.11.1.5c22eba6                 -            382 205220at33208        -            645   6.9e-07   29.4   1.3   1   2   1.3e-06   0.00039   20.3   0.8   313   392    86   178    72   207 0.51 -
evm.utg1684.11.1.5c22eba6                 -            382 205220at33208        -            645   6.9e-07   29.4   1.3   2   2     0.029         9    5.9   0.0   351   393   324   366   298   371 0.79 -
evm.utg750.73                             -            397 205220at33208        -            645   1.2e-06   28.6   0.1   1   1   5.7e-09   1.7e-06   28.1   0.1   497   641    41   178    14   187 0.71 -
evm.utg439.36                             -           1374 205220at33208        -            645   1.3e-06   28.5   0.3   1   1   7.2e-09   2.2e-06   27.8   0.3   499   641   792   937   774   940 0.86 -
evm.utg435.85                             -            345 205220at33208        -            645   1.5e-06   28.3   0.0   1   1   7.1e-09   2.2e-06   27.8   0.0   499   641    43   181     7   183 0.82 -
evm.utg1354.10                            -            386 205220at33208        -            645   1.8e-06   28.1   0.2   1   1   7.5e-09   2.3e-06   27.7   0.2   498   617    48   166     6   228 0.84 -
evm.utg1696.15                            -            304 205220at33208        -            645   1.9e-06   28.0   0.1   1   1   8.4e-09   2.6e-06   27.5   0.1   499   613    42   155    25   171 0.85 -
evm.utg693.22                             -             89 205220at33208        -            645   3.1e-06   27.3   0.0   1   1   1.1e-08   3.4e-06   27.1   0.0   224   270     9    56     2    78 0.61 -
evm.utg597.78.1.5c22f2a6                  -            203 205220at33208        -            645   3.4e-06   27.1   0.0   1   1   1.3e-08     4e-06   26.9   0.0   516   638    51   169    11   178 0.66 -
evm.utg597.78                             -            276 205220at33208        -            645   7.7e-06   26.0   0.0   1   1   3.2e-08   9.7e-06   25.6   0.0   516   638    51   169    12   178 0.67 -
evm.utg4046.36                            -            576 205220at33208        -            645   1.2e-05   25.3   0.1   1   2    0.0056       1.7    8.3   0.0   188   302   337   439   321   446 0.65 -
evm.utg4046.36                            -            576 205220at33208        -            645   1.2e-05   25.3   0.1   2   2   1.6e-07   4.8e-05   23.3   0.0   112   304   356   536   348   552 0.79 -
evm.utg14902.27                           -            214 205220at33208        -            645   1.4e-05   25.1   0.9   1   1   5.5e-08   1.7e-05   24.8   0.9   482   619    11   154     2   177 0.79 -
evm.utg17954.6                            -            458 205220at33208        -            645   2.1e-05   24.6   0.0   1   1   8.7e-08   2.7e-05   24.2   0.0   486   562   365   444   313   449 0.79 -
evm.utg1354.11                            -            273 205220at33208        -            645   2.7e-05   24.2   0.2   1   1   1.3e-07     4e-05   23.6   0.2   500   614    30   143    11   174 0.80 -
evm.utg7652.41                            -            726 205220at33208        -            645   2.8e-05   24.1   0.0   1   3      0.05        15    5.2   0.0   225   316   343   441   325   500 0.64 -
evm.utg7652.41                            -            726 205220at33208        -            645   2.8e-05   24.1   0.0   2   3   3.5e-05     0.011   15.6   0.0    84   161   533   607   509   612 0.74 -
evm.utg7652.41                            -            726 205220at33208        -            645   2.8e-05   24.1   0.0   3   3   5.9e-05     0.018   14.8   0.0    88   161   537   607   531   648 0.71 -
evm.utg77.26                              -            458 205220at33208        -            645   3.1e-05   24.0   0.2   1   1   1.5e-07   4.6e-05   23.4   0.2   496   642    40   182    16   187 0.83 -
evm.utg1696.18                            -            273 205220at33208        -            645   3.8e-05   23.7   0.2   1   1   1.9e-07   5.9e-05   23.0   0.2   500   614    30   143    15   174 0.79 -
evm.utg1684.11.1.5c22eba6.1.5c2790bb      -            315 205220at33208        -            645   6.3e-05   23.0   0.8   1   1     1e-06   0.00031   20.7   0.8   331   392   108   178    72   201 0.50 -
evm.utg1786.18                            -            615 205220at33208        -            645   0.00019   21.3   0.2   1   1   1.3e-06   0.00038   20.4   0.2   500   632   433   573   407   583 0.74 -
evm.utg1900.11                            -            462 205220at33208        -            645    0.0005   20.0   0.1   1   1   2.3e-06    0.0007   19.5   0.1   541   641    25   124     4   127 0.88 -
evm.utg1623.11                            -            615 205220at33208        -            645   0.00055   19.8   1.1   1   1   2.4e-06   0.00072   19.5   0.1   500   632   433   573   406   584 0.72 -
evm.utg1032.5                             -            112 205220at33208        -            645   0.00071   19.5   0.0   1   1     3e-05    0.0093   15.8   0.0    29   104     2    73     1    88 0.75 -
utg8726.equina_smart_1465627.mrna1        -            209 205220at33208        -            645   0.00075   19.4   0.0   1   2   7.2e-06    0.0022   17.9   0.0   223   313    51   137    30   145 0.80 -
utg8726.equina_smart_1465627.mrna1        -            209 205220at33208        -            645   0.00075   19.4   0.0   2   2       5.6   1.7e+03   -1.6   0.0   225   272   147   194   138   197 0.75 -
evm.utg3174.36                            -            174 205220at33208        -            645   0.00089   19.1   0.2   1   1   3.4e-06     0.001   18.9   0.2   500   628    29   156    13   170 0.78 -
evm.utg14902.24                           -            214 205220at33208        -            645   0.00097   19.0   0.3   1   1     4e-06    0.0012   18.7   0.3   495   638    25   173    15   180 0.77 -
evm.utg101.146                            -            205 205220at33208        -            645    0.0016   18.3   0.0   1   2      0.17        51    3.4   0.0   229   300     3    69     1    90 0.74 -
evm.utg101.146                            -            205 205220at33208        -            645    0.0016   18.3   0.0   2   2   0.00024     0.073   12.8   0.0   224   300    95   167    79   179 0.81 -
evm.utg1022.78                            -            392 205220at33208        -            645    0.0017   18.2   0.0   1   3       4.4   1.4e+03   -1.3   0.0   608   643     1    36     1    38 0.86 -
evm.utg1022.78                            -            392 205220at33208        -            645    0.0017   18.2   0.0   2   3   7.2e-05     0.022   14.5   0.0   176   304   199   310   192   324 0.83 -
evm.utg1022.78                            -            392 205220at33208        -            645    0.0017   18.2   0.0   3   3     0.044        13    5.3   0.0    30    91   289   354   279   370 0.55 -
evm.utg45865.3                            -            263 205220at33208        -            645    0.0018   18.2   0.2   1   1   7.9e-06    0.0024   17.7   0.2   500   629    29   157    14   171 0.78 -
evm.utg1696.16                            -            209 205220at33208        -            645    0.0021   17.9   0.0   1   1   9.1e-06    0.0028   17.5   0.0   498   612    40   153    27   158 0.85 -
utg14902.equina_smart_1471249utrorf.mrna1 -            195 205220at33208        -            645    0.0038   17.1   0.8   1   1   1.4e-05    0.0042   16.9   0.8   494   639    28   179     4   185 0.78 -
evm.utg21228.30                           -            112 205220at33208        -            645     0.008   16.0   0.0   1   1   2.8e-05    0.0087   15.9   0.0   488   526    48    90    26   105 0.76 -
evm.utg1696.17                            -            192 205220at33208        -            645     0.015   15.1   0.0   1   1   5.8e-05     0.018   14.8   0.0   512   617     5   109     2   135 0.81 -
evm.utg192.27                             -            756 205220at33208        -            645     0.019   14.8   0.1   1   3      0.23        71    3.0   0.0   516   604   355   444   337   462 0.77 -
evm.utg192.27                             -            756 205220at33208        -            645     0.019   14.8   0.1   2   3    0.0074       2.2    7.9   0.0   501   551   575   624   550   632 0.79 -
evm.utg192.27                             -            756 205220at33208        -            645     0.019   14.8   0.1   3   3       7.2   2.2e+03   -2.0   0.0   425   459   684   716   645   726 0.76 -
evm.utg4194.34                            -            347 205220at33208        -            645      0.27   10.9   0.0   1   2       5.9   1.8e+03   -1.7   0.0   537   596    88   149    58   175 0.58 -
evm.utg4194.34                            -            347 205220at33208        -            645      0.27   10.9   0.0   2   2    0.0026      0.78    9.4   0.0   500   551   287   337   260   341 0.79 -
evm.utg1691.29                            -            499 205220at33208        -            645      0.69    9.6   0.0   1   2      0.17        51    3.4   0.0   327   592    24   142     6   154 0.45 -
evm.utg1691.29                            -            499 205220at33208        -            645      0.69    9.6   0.0   2   2      0.12        38    3.9   0.0   431   474   169   210   163   217 0.88 -
#
# Program:         hmmsearch
# Version:         3.1b2 (February 2015)
# Pipeline mode:   SEARCH
# Query file:      /uoa/scratch/users/r02hw22/project_dark_genes/busco_downloads/lineages/metazoa_odb10/hmms/205220at33208.hmm
# Target file:     /uoa/scratch/users/r02hw22/project_dark_genes/00_raw/equina_smart.rnam-trna.merged.ggf.curated.remredun.aa.fa
# Option settings: hmmsearch --domtblout /uoa/scratch/users/r02hw22/project_dark_genes/equina_busco_proteins/run_metazoa_odb10/hmmer_output/initial_run_results/205220at33208.out --cpu 1 /uoa/scratch/users/r02hw22/project_dark_genes/busco_downloads/lineages/metazoa_odb10/hmms/205220at33208.hmm /uoa/scratch/users/r02hw22/project_dark_genes/00_raw/equina_smart.rnam-trna.merged.ggf.curated.remredun.aa.fa 
# Current dir:     /uoa/scratch/users/r02hw22/project_dark_genes
# Date:            Sat Apr 25 14:41:32 2026
# [ok]
