#                                                                            --- full sequence --- -------------- this domain -------------   hmm coord   ali coord   env coord
# target name        accession   tlen query name           accession   qlen   E-value  score  bias   #  of  c-Evalue  i-Evalue  score  bias  from    to  from    to  from    to  acc description of target
#------------------- ---------- ----- -------------------- ---------- ----- --------- ------ ----- --- --- --------- --------- ------ ----- ----- ----- ----- ----- ----- ----- ---- ---------------------
evm.utg3117.4        -            503 215654at33208        -            406  3.7e-180  600.9  25.9   1   2   1.8e-70   2.5e-66  226.1  12.5     1   175     1   192     1   212 0.90 -
evm.utg3117.4        -            503 215654at33208        -            406  3.7e-180  600.9  25.9   2   2  1.3e-116  1.8e-112  378.0   5.8   147   406   197   502   190   502 0.82 -
evm.utg798.78        -            503 215654at33208        -            406  4.3e-180  600.7  26.3   1   2   2.6e-70   3.6e-66  225.5  12.5     1   175     1   192     1   201 0.90 -
evm.utg798.78        -            503 215654at33208        -            406  4.3e-180  600.7  26.3   2   2  1.1e-116  1.5e-112  378.3   6.1   147   406   197   502   190   502 0.82 -
evm.utg26337.4       -            425 215654at33208        -            406     2e-12   48.5   0.1   1   2       0.4   5.5e+03   -2.3   0.4    15    30   127   143   104   190 0.56 -
evm.utg26337.4       -            425 215654at33208        -            406     2e-12   48.5   0.1   2   2   1.5e-16     2e-12   48.5   0.1   195   248   356   414   328   420 0.84 -
evm.utg861.73        -            426 215654at33208        -            406   2.7e-12   48.1   0.3   1   2      0.51     7e+03   -2.7   0.5   259   283   116   141   104   180 0.56 -
evm.utg861.73        -            426 215654at33208        -            406   2.7e-12   48.1   0.3   2   2   1.9e-16   2.7e-12   48.1   0.3   190   249   352   416   326   423 0.83 -
#
# Program:         hmmsearch
# Version:         3.1b2 (February 2015)
# Pipeline mode:   SEARCH
# Query file:      /uoa/scratch/users/r02hw22/project_dark_genes/busco_downloads/lineages/metazoa_odb10/hmms/215654at33208.hmm
# Target file:     /uoa/scratch/users/r02hw22/project_dark_genes/00_raw/equina_smart.rnam-trna.merged.ggf.curated.remredun.aa.fa
# Option settings: hmmsearch --domtblout /uoa/scratch/users/r02hw22/project_dark_genes/equina_busco_proteins/run_metazoa_odb10/hmmer_output/initial_run_results/215654at33208.out --cpu 1 /uoa/scratch/users/r02hw22/project_dark_genes/busco_downloads/lineages/metazoa_odb10/hmms/215654at33208.hmm /uoa/scratch/users/r02hw22/project_dark_genes/00_raw/equina_smart.rnam-trna.merged.ggf.curated.remredun.aa.fa 
# Current dir:     /uoa/scratch/users/r02hw22/project_dark_genes
# Date:            Sat Apr 25 14:41:34 2026
# [ok]
