#                                                                            --- full sequence --- -------------- this domain -------------   hmm coord   ali coord   env coord
# target name        accession   tlen query name           accession   qlen   E-value  score  bias   #  of  c-Evalue  i-Evalue  score  bias  from    to  from    to  from    to  acc description of target
#------------------- ---------- ----- -------------------- ---------- ----- --------- ------ ----- --- --- --------- --------- ------ ----- ----- ----- ----- ----- ----- ----- ---- ---------------------
evm.utg1290.34       -            731 219795at33208        -            524  4.3e-170  568.2  17.9   1   2  4.5e-121  1.1e-117  395.2  15.9     1   381    25   481    25   484 0.88 -
evm.utg1290.34       -            731 219795at33208        -            524  4.3e-170  568.2  17.9   2   2   1.4e-53   3.4e-50  172.6   0.0   370   524   518   707   514   707 0.93 -
evm.utg19445.1       -            241 219795at33208        -            524   5.4e-36  125.7   9.3   1   1   2.5e-39   6.3e-36  125.5   9.3     1   155    25   194    25   221 0.86 -
evm.utg11962.7       -           2624 219795at33208        -            524   1.2e-22   81.7 102.9   1  36      0.14   3.6e+02    0.9   0.3   194   245   852   906   730   929 0.71 -
evm.utg11962.7       -           2624 219795at33208        -            524   1.2e-22   81.7 102.9   2  36   0.00058       1.5    8.8   0.1   204   242   949   987   941   995 0.87 -
evm.utg11962.7       -           2624 219795at33208        -            524   1.2e-22   81.7 102.9   3  36   0.00066       1.7    8.6   0.1   204   248   991  1035   988  1050 0.80 -
evm.utg11962.7       -           2624 219795at33208        -            524   1.2e-22   81.7 102.9   4  36       0.2     5e+02    0.4   0.0   205   242  1034  1071  1029  1080 0.86 -
evm.utg11962.7       -           2624 219795at33208        -            524   1.2e-22   81.7 102.9   5  36     0.011        28    4.6   0.1   205   241  1076  1112  1062  1118 0.87 -
evm.utg11962.7       -           2624 219795at33208        -            524   1.2e-22   81.7 102.9   6  36    0.0004         1    9.3   0.1   204   248  1117  1161  1114  1177 0.80 -
evm.utg11962.7       -           2624 219795at33208        -            524   1.2e-22   81.7 102.9   7  36      0.47   1.2e+03   -0.8   0.0   205   239  1160  1194  1155  1202 0.86 -
evm.utg11962.7       -           2624 219795at33208        -            524   1.2e-22   81.7 102.9   8  36      0.04     1e+02    2.7   0.1   203   242  1200  1239  1176  1247 0.83 -
evm.utg11962.7       -           2624 219795at33208        -            524   1.2e-22   81.7 102.9   9  36     0.012        30    4.5   0.1   206   242  1245  1281  1241  1287 0.86 -
evm.utg11962.7       -           2624 219795at33208        -            524   1.2e-22   81.7 102.9  10  36   0.00092       2.3    8.1   0.1   205   242  1286  1323  1283  1330 0.87 -
evm.utg11962.7       -           2624 219795at33208        -            524   1.2e-22   81.7 102.9  11  36    0.0013       3.2    7.7   0.2   204   251  1327  1374  1324  1391 0.81 -
evm.utg11962.7       -           2624 219795at33208        -            524   1.2e-22   81.7 102.9  12  36      0.15   3.8e+02    0.8   0.0   205   243  1370  1408  1366  1424 0.83 -
evm.utg11962.7       -           2624 219795at33208        -            524   1.2e-22   81.7 102.9  13  36      0.28   7.1e+02   -0.1   0.1   206   244  1413  1451  1388  1464 0.82 -
evm.utg11962.7       -           2624 219795at33208        -            524   1.2e-22   81.7 102.9  14  36      0.18   4.4e+02    0.6   0.0   471   499  1459  1487  1443  1490 0.73 -
evm.utg11962.7       -           2624 219795at33208        -            524   1.2e-22   81.7 102.9  15  36    0.0098        25    4.7   0.1   206   242  1497  1533  1490  1541 0.86 -
evm.utg11962.7       -           2624 219795at33208        -            524   1.2e-22   81.7 102.9  16  36    0.0019       4.8    7.1   0.1   204   248  1537  1581  1533  1597 0.80 -
evm.utg11962.7       -           2624 219795at33208        -            524   1.2e-22   81.7 102.9  17  36      0.21   5.2e+02    0.4   0.0   205   242  1580  1617  1577  1628 0.86 -
evm.utg11962.7       -           2624 219795at33208        -            524   1.2e-22   81.7 102.9  18  36    0.0071        18    5.2   0.1   207   248  1624  1665  1619  1680 0.79 -
evm.utg11962.7       -           2624 219795at33208        -            524   1.2e-22   81.7 102.9  19  36      0.21   5.4e+02    0.3   0.1   205   246  1664  1705  1659  1722 0.80 -
evm.utg11962.7       -           2624 219795at33208        -            524   1.2e-22   81.7 102.9  20  36         1   2.6e+03   -1.9   0.1   204   241  1705  1742  1680  1745 0.83 -
evm.utg11962.7       -           2624 219795at33208        -            524   1.2e-22   81.7 102.9  21  36    0.0056        14    5.6   0.2   205   243  1748  1786  1722  1798 0.84 -
evm.utg11962.7       -           2624 219795at33208        -            524   1.2e-22   81.7 102.9  22  36     0.013        32    4.4   0.1   206   241  1791  1826  1787  1832 0.87 -
evm.utg11962.7       -           2624 219795at33208        -            524   1.2e-22   81.7 102.9  23  36    0.0021       5.2    7.0   0.1   205   248  1832  1875  1829  1890 0.80 -
evm.utg11962.7       -           2624 219795at33208        -            524   1.2e-22   81.7 102.9  24  36      0.21   5.2e+02    0.4   0.0   205   242  1874  1911  1870  1921 0.87 -
evm.utg11962.7       -           2624 219795at33208        -            524   1.2e-22   81.7 102.9  25  36    0.0061        15    5.4   0.1   206   248  1917  1959  1897  1974 0.81 -
evm.utg11962.7       -           2624 219795at33208        -            524   1.2e-22   81.7 102.9  26  36      0.26   6.6e+02    0.0   0.1   205   244  1958  1997  1955  2016 0.79 -
evm.utg11962.7       -           2624 219795at33208        -            524   1.2e-22   81.7 102.9  27  36       0.1   2.6e+02    1.4   0.3   202   244  1997  2039  1978  2052 0.81 -
evm.utg11962.7       -           2624 219795at33208        -            524   1.2e-22   81.7 102.9  28  36     0.013        32    4.4   0.1   206   241  2043  2078  2039  2084 0.87 -
evm.utg11962.7       -           2624 219795at33208        -            524   1.2e-22   81.7 102.9  29  36   0.00037      0.94    9.4   0.3   204   250  2083  2129  2078  2159 0.83 -
evm.utg11962.7       -           2624 219795at33208        -            524   1.2e-22   81.7 102.9  30  36      0.47   1.2e+03   -0.8   0.0   205   239  2126  2160  2123  2170 0.86 -
evm.utg11962.7       -           2624 219795at33208        -            524   1.2e-22   81.7 102.9  31  36     0.036        91    2.9   0.1   203   242  2166  2205  2142  2214 0.84 -
evm.utg11962.7       -           2624 219795at33208        -            524   1.2e-22   81.7 102.9  32  36     0.011        28    4.6   0.1   206   242  2211  2247  2207  2254 0.86 -
evm.utg11962.7       -           2624 219795at33208        -            524   1.2e-22   81.7 102.9  33  36    0.0004         1    9.3   0.1   204   249  2251  2296  2248  2312 0.80 -
evm.utg11962.7       -           2624 219795at33208        -            524   1.2e-22   81.7 102.9  34  36      0.12   3.1e+02    1.1   0.1   205   246  2294  2335  2289  2354 0.82 -
evm.utg11962.7       -           2624 219795at33208        -            524   1.2e-22   81.7 102.9  35  36     0.039     1e+02    2.8   0.0   207   241  2338  2372  2332  2378 0.86 -
evm.utg11962.7       -           2624 219795at33208        -            524   1.2e-22   81.7 102.9  36  36     0.037        94    2.8   0.0   205   243  2378  2416  2373  2432 0.85 -
evm.utg23296.3       -           2272 219795at33208        -            524     7e-13   49.5  99.9   1  27     0.039        99    2.8   0.3   208   252   668   712   656   739 0.73 -
evm.utg23296.3       -           2272 219795at33208        -            524     7e-13   49.5  99.9   2  27     0.033        83    3.0   0.3   204   259   706   761   690   766 0.79 -
evm.utg23296.3       -           2272 219795at33208        -            524     7e-13   49.5  99.9   3  27     0.016        41    4.0   0.1   204   259   748   803   740   828 0.73 -
evm.utg23296.3       -           2272 219795at33208        -            524     7e-13   49.5  99.9   4  27     0.002       5.1    7.0   0.2   207   245   835   873   817   878 0.84 -
evm.utg23296.3       -           2272 219795at33208        -            524     7e-13   49.5  99.9   5  27    0.0042        11    5.9   0.1   208   257   878   927   870   949 0.83 -
evm.utg23296.3       -           2272 219795at33208        -            524     7e-13   49.5  99.9   6  27      0.01        26    4.7   0.2   208   261   962  1015   950  1019 0.86 -
evm.utg23296.3       -           2272 219795at33208        -            524     7e-13   49.5  99.9   7  27    0.0052        13    5.7   0.3   208   261  1004  1057   998  1080 0.81 -
evm.utg23296.3       -           2272 219795at33208        -            524     7e-13   49.5  99.9   8  27     0.014        37    4.2   0.6   206   258  1044  1096  1023  1121 0.71 -
evm.utg23296.3       -           2272 219795at33208        -            524     7e-13   49.5  99.9   9  27     0.024        60    3.5   0.3   208   261  1088  1141  1076  1143 0.82 -
evm.utg23296.3       -           2272 219795at33208        -            524     7e-13   49.5  99.9  10  27    0.0014       3.6    7.5   0.2   208   262  1130  1184  1124  1187 0.88 -
evm.utg23296.3       -           2272 219795at33208        -            524     7e-13   49.5  99.9  11  27     0.013        33    4.3   0.7   188   261  1153  1225  1147  1247 0.78 -
evm.utg23296.3       -           2272 219795at33208        -            524     7e-13   49.5  99.9  12  27     0.069   1.7e+02    2.0   0.2   207   262  1213  1268  1189  1275 0.83 -
evm.utg23296.3       -           2272 219795at33208        -            524     7e-13   49.5  99.9  13  27     0.021        53    3.7   0.2   208   251  1256  1299  1245  1311 0.81 -
evm.utg23296.3       -           2272 219795at33208        -            524     7e-13   49.5  99.9  14  27     0.013        32    4.4   0.1   209   254  1299  1344  1294  1357 0.80 -
evm.utg23296.3       -           2272 219795at33208        -            524     7e-13   49.5  99.9  15  27    0.0008         2    8.3   0.3   200   260  1375  1434  1359  1438 0.80 -
evm.utg23296.3       -           2272 219795at33208        -            524     7e-13   49.5  99.9  16  27     0.023        59    3.5   0.7   207   274  1423  1478  1416  1501 0.70 -
evm.utg23296.3       -           2272 219795at33208        -            524     7e-13   49.5  99.9  17  27     0.041     1e+02    2.7   0.4   208   261  1466  1519  1450  1521 0.81 -
evm.utg23296.3       -           2272 219795at33208        -            524     7e-13   49.5  99.9  18  27     0.003       7.5    6.5   1.5   209   262  1509  1562  1502  1625 0.80 -
evm.utg23296.3       -           2272 219795at33208        -            524     7e-13   49.5  99.9  19  27    0.0098        25    4.7   0.2   207   247  1633  1673  1617  1687 0.83 -
evm.utg23296.3       -           2272 219795at33208        -            524     7e-13   49.5  99.9  20  27     0.017        42    4.0   0.1   210   254  1678  1722  1673  1734 0.79 -
evm.utg23296.3       -           2272 219795at33208        -            524     7e-13   49.5  99.9  21  27   0.00024       0.6   10.1   0.1   200   261  1753  1813  1736  1817 0.84 -
evm.utg23296.3       -           2272 219795at33208        -            524     7e-13   49.5  99.9  22  27    0.0073        18    5.2   0.2   208   259  1844  1895  1830  1900 0.81 -
evm.utg23296.3       -           2272 219795at33208        -            524     7e-13   49.5  99.9  23  27     0.017        43    4.0   0.6   207   258  1885  1936  1878  1999 0.79 -
evm.utg23296.3       -           2272 219795at33208        -            524     7e-13   49.5  99.9  24  27     0.036        90    2.9   0.2   208   261  1970  2023  1948  2027 0.81 -
evm.utg23296.3       -           2272 219795at33208        -            524     7e-13   49.5  99.9  25  27    0.0046        12    5.8   1.3   206   291  2052  2125  2006  2131 0.75 -
evm.utg23296.3       -           2272 219795at33208        -            524     7e-13   49.5  99.9  26  27     0.029        73    3.2   1.3   207   244  2137  2174  2090  2215 0.51 -
evm.utg23296.3       -           2272 219795at33208        -            524     7e-13   49.5  99.9  27  27     0.069   1.7e+02    1.9   0.2   207   244  2221  2258  2211  2270 0.85 -
evm.utg11962.1       -           1170 219795at33208        -            524     9e-07   29.3  71.4   1  13     0.092   2.3e+02    1.5   1.2   204   220   120   136    15   176 0.62 -
evm.utg11962.1       -           1170 219795at33208        -            524     9e-07   29.3  71.4   2  13    0.0094        24    4.8   0.3   204   244   204   244   178   254 0.83 -
evm.utg11962.1       -           1170 219795at33208        -            524     9e-07   29.3  71.4   3  13     0.012        31    4.4   0.2   206   243   248   285   243   305 0.81 -
evm.utg11962.1       -           1170 219795at33208        -            524     9e-07   29.3  71.4   4  13      0.16     4e+02    0.8   0.1   205   247   289   331   285   347 0.79 -
evm.utg11962.1       -           1170 219795at33208        -            524     9e-07   29.3  71.4   5  13     0.096   2.4e+02    1.5   0.1   203   241   329   367   314   378 0.76 -
evm.utg11962.1       -           1170 219795at33208        -            524     9e-07   29.3  71.4   6  13     0.025        64    3.4   0.0   204   244   372   412   370   435 0.83 -
evm.utg11962.1       -           1170 219795at33208        -            524     9e-07   29.3  71.4   7  13      0.26   6.6e+02    0.0   0.0   206   247   416   457   409   471 0.78 -
evm.utg11962.1       -           1170 219795at33208        -            524     9e-07   29.3  71.4   8  13     0.097   2.5e+02    1.5   0.0   204   243   459   498   448   514 0.83 -
evm.utg11962.1       -           1170 219795at33208        -            524     9e-07   29.3  71.4   9  13     0.003       7.7    6.4   5.7    41   239   510   697   498   717 0.76 -
evm.utg11962.1       -           1170 219795at33208        -            524     9e-07   29.3  71.4  10  13     0.036        90    2.9   5.4    71   244   615   786   594   801 0.54 -
evm.utg11962.1       -           1170 219795at33208        -            524     9e-07   29.3  71.4  11  13    0.0078        20    5.1   5.0    74   242   786   952   783   960 0.56 -
evm.utg11962.1       -           1170 219795at33208        -            524     9e-07   29.3  71.4  12  13    0.0016         4    7.4   0.6   202   250   954  1007   951  1023 0.75 -
evm.utg11962.1       -           1170 219795at33208        -            524     9e-07   29.3  71.4  13  13    0.0022       5.6    6.9   0.1   205   245  1120  1160  1117  1166 0.85 -
evm.utg483.17        -           1444 219795at33208        -            524     9e-06   26.0  17.8   1   8      0.26   6.7e+02    0.0   0.1   210   502   671   702   623   726 0.62 -
evm.utg483.17        -           1444 219795at33208        -            524     9e-06   26.0  17.8   2   8     0.031        78    3.1   0.0   188   239   859   913   850   922 0.79 -
evm.utg483.17        -           1444 219795at33208        -            524     9e-06   26.0  17.8   3   8     0.011        29    4.5   0.1   208   258   924   974   917   977 0.84 -
evm.utg483.17        -           1444 219795at33208        -            524     9e-06   26.0  17.8   4   8      0.11   2.9e+02    1.2   0.0   209   252  1009  1052   988  1075 0.80 -
evm.utg483.17        -           1444 219795at33208        -            524     9e-06   26.0  17.8   5   8    0.0044        11    5.9   1.2   206   244  1174  1212  1061  1238 0.51 -
evm.utg483.17        -           1444 219795at33208        -            524     9e-06   26.0  17.8   6   8    0.0039       9.8    6.1   0.1   208   259  1260  1311  1254  1320 0.88 -
evm.utg483.17        -           1444 219795at33208        -            524     9e-06   26.0  17.8   7   8      0.17   4.4e+02    0.6   0.0   212   249  1348  1385  1340  1401 0.82 -
evm.utg483.17        -           1444 219795at33208        -            524     9e-06   26.0  17.8   8   8      0.32   8.2e+02   -0.3   0.0    87   117  1393  1423  1389  1436 0.61 -
evm.utg72.33         -            509 219795at33208        -            524   6.3e-05   23.2  30.8   1  11     0.017        44    3.9   0.2   208   256     9    57     4    64 0.80 -
evm.utg72.33         -            509 219795at33208        -            524   6.3e-05   23.2  30.8   2  11     0.019        47    3.8   0.1   208   265    51   108    46   113 0.87 -
evm.utg72.33         -            509 219795at33208        -            524   6.3e-05   23.2  30.8   3  11      0.02        51    3.7   0.1   215   260   104   149    92   154 0.79 -
evm.utg72.33         -            509 219795at33208        -            524   6.3e-05   23.2  30.8   4  11     0.037        94    2.8   0.1   189   245   121   176   116   181 0.79 -
evm.utg72.33         -            509 219795at33208        -            524   6.3e-05   23.2  30.8   5  11    0.0018       4.5    7.2   0.2   208   261   181   234   169   237 0.83 -
evm.utg72.33         -            509 219795at33208        -            524   6.3e-05   23.2  30.8   6  11      0.13   3.3e+02    1.0   0.0   208   245   223   260   217   265 0.86 -
evm.utg72.33         -            509 219795at33208        -            524   6.3e-05   23.2  30.8   7  11    0.0079        20    5.1   0.1   208   246   265   303   258   311 0.87 -
evm.utg72.33         -            509 219795at33208        -            524   6.3e-05   23.2  30.8   8  11     0.011        27    4.6   0.2   207   245   306   344   301   349 0.86 -
evm.utg72.33         -            509 219795at33208        -            524   6.3e-05   23.2  30.8   9  11    0.0094        24    4.8   0.3   208   259   349   400   343   404 0.83 -
evm.utg72.33         -            509 219795at33208        -            524   6.3e-05   23.2  30.8  10  11    0.0072        18    5.2   0.3   206   245   389   428   381   434 0.84 -
evm.utg72.33         -            509 219795at33208        -            524   6.3e-05   23.2  30.8  11  11    0.0063        16    5.4   0.1   208   254   433   479   427   489 0.81 -
evm.utg33757.32      -            386 219795at33208        -            524   0.00015   21.9  19.9   1   5      0.04     1e+02    2.7   0.1   214   291    15    80     4    85 0.56 -
evm.utg33757.32      -            386 219795at33208        -            524   0.00015   21.9  19.9   2   5    0.0016       4.1    7.3   0.9   214   291    57   122    39   126 0.57 -
evm.utg33757.32      -            386 219795at33208        -            524   0.00015   21.9  19.9   3   5   0.00015      0.39   10.7   2.5   208   248    93   157    81   214 0.65 -
evm.utg33757.32      -            386 219795at33208        -            524   0.00015   21.9  19.9   4   5     0.018        46    3.8   1.4   211   260   222   271   213   338 0.54 -
evm.utg33757.32      -            386 219795at33208        -            524   0.00015   21.9  19.9   5   5    0.0016         4    7.4   0.1   208   242   345   379   337   384 0.83 -
evm.utg1022.31       -            515 219795at33208        -            524   0.00016   21.9  16.6   1   5   1.3e-05     0.033   14.2   1.7   257   298   165   206    76   214 0.80 -
evm.utg1022.31       -            515 219795at33208        -            524   0.00016   21.9  16.6   2   5     0.033        83    3.0   0.0   263   293   238   268   223   277 0.87 -
evm.utg1022.31       -            515 219795at33208        -            524   0.00016   21.9  16.6   3   5      0.29   7.3e+02   -0.1   0.0   211   236   308   333   294   337 0.79 -
evm.utg1022.31       -            515 219795at33208        -            524   0.00016   21.9  16.6   4   5   0.00095       2.4    8.1   0.1   266   301   343   378   338   385 0.84 -
evm.utg1022.31       -            515 219795at33208        -            524   0.00016   21.9  16.6   5   5     0.046   1.2e+02    2.5   0.2    63   115   390   442   384   446 0.79 -
evm.utg32458.2       -            463 219795at33208        -            524   0.00037   20.7  49.3   1   8     0.055   1.4e+02    2.3   0.1   214   244     2    32     1    41 0.89 -
evm.utg32458.2       -            463 219795at33208        -            524   0.00037   20.7  49.3   2   8     0.015        38    4.1   1.2   192   244    23    74    16    81 0.75 -
evm.utg32458.2       -            463 219795at33208        -            524   0.00037   20.7  49.3   3   8    0.0082        21    5.0   0.5   209   245    81   117    74   132 0.82 -
evm.utg32458.2       -            463 219795at33208        -            524   0.00037   20.7  49.3   4   8   0.00012       0.3   11.1   9.1   101   244   108   242   107   253 0.69 -
evm.utg32458.2       -            463 219795at33208        -            524   0.00037   20.7  49.3   5   8    0.0027       6.8    6.6   0.2   206   244   288   326   281   336 0.85 -
evm.utg32458.2       -            463 219795at33208        -            524   0.00037   20.7  49.3   6   8     0.021        53    3.7   0.2   208   244   332   368   323   374 0.84 -
evm.utg32458.2       -            463 219795at33208        -            524   0.00037   20.7  49.3   7   8    0.0092        23    4.8   0.4   208   244   374   410   366   420 0.84 -
evm.utg32458.2       -            463 219795at33208        -            524   0.00037   20.7  49.3   8   8     0.009        23    4.9   1.3   208   245   416   453   397   461 0.51 -
evm.utg479.85        -            298 219795at33208        -            524   0.00046   20.4   2.1   1   1   2.7e-07   0.00068   19.8   2.1    95   247    85   242    77   275 0.78 -
evm.utg16444.8       -             98 219795at33208        -            524     0.001   19.3   0.1   1   2   1.2e-05     0.029   14.4   0.0   208   271     9    67     4    67 0.87 -
evm.utg16444.8       -             98 219795at33208        -            524     0.001   19.3   0.1   2   2    0.0007       1.8    8.5   0.1   211   247    54    90    47    96 0.67 -
evm.utg33757.15      -            164 219795at33208        -            524     0.001   19.2   0.7   1   2     0.019        47    3.8   0.0   209   246    10    47     4    56 0.81 -
evm.utg33757.15      -            164 219795at33208        -            524     0.001   19.2   0.7   2   2     4e-05       0.1   12.6   0.4   208   291    51   122    45   130 0.80 -
evm.utg33757.5       -            164 219795at33208        -            524    0.0015   18.7   0.4   1   2      0.17   4.4e+02    0.6   0.0   210   246    11    47     4    56 0.79 -
evm.utg33757.5       -            164 219795at33208        -            524    0.0015   18.7   0.4   2   2   1.1e-05     0.028   14.5   0.2   208   291    51   122    45   128 0.81 -
evm.utg104.24        -            564 219795at33208        -            524    0.0063   16.6  14.8   1   3     0.027        67    3.3   5.8   184   279   197   281   129   301 0.57 -
evm.utg104.24        -            564 219795at33208        -            524    0.0063   16.6  14.8   2   3     0.009        23    4.9   0.1   440   494   414   468   407   477 0.90 -
evm.utg104.24        -            564 219795at33208        -            524    0.0063   16.6  14.8   3   3   0.00012      0.29   11.1   0.2   263   305   512   554   476   556 0.86 -
evm.utg239.13        -            313 219795at33208        -            524    0.0068   16.5   4.6   1   3      0.85   2.1e+03   -1.6   0.0   224   245    65    86    53   115 0.67 -
evm.utg239.13        -            313 219795at33208        -            524    0.0068   16.5   4.6   2   3    0.0005       1.3    9.0   1.3   186   242    93   151    67   182 0.71 -
evm.utg239.13        -            313 219795at33208        -            524    0.0068   16.5   4.6   3   3    0.0039       9.9    6.1   0.7   181   240   190   251   163   268 0.64 -
evm.utg72.34         -           1079 219795at33208        -            524     0.026   14.6  25.6   1   9      0.17   4.3e+02    0.7   0.0   209   242   668   701   651   710 0.84 -
evm.utg72.34         -           1079 219795at33208        -            524     0.026   14.6  25.6   2   9     0.011        28    4.6   0.6   208   247   709   748   703   763 0.82 -
evm.utg72.34         -           1079 219795at33208        -            524     0.026   14.6  25.6   3   9    0.0049        12    5.7   0.2   208   261   751   804   745   808 0.85 -
evm.utg72.34         -           1079 219795at33208        -            524     0.026   14.6  25.6   4   9     0.026        65    3.4   0.1   208   247   793   832   787   855 0.81 -
evm.utg72.34         -           1079 219795at33208        -            524     0.026   14.6  25.6   5   9     0.019        49    3.8   0.2   209   261   836   888   830   891 0.83 -
evm.utg72.34         -           1079 219795at33208        -            524     0.026   14.6  25.6   6   9     0.015        39    4.1   0.9   206   247   875   916   868   931 0.80 -
evm.utg72.34         -           1079 219795at33208        -            524     0.026   14.6  25.6   7   9     0.016        41    4.0   0.4   208   261   919   972   907   975 0.82 -
evm.utg72.34         -           1079 219795at33208        -            524     0.026   14.6  25.6   8   9      0.02        50    3.7   0.2   206   245   959   998   952  1002 0.84 -
evm.utg72.34         -           1079 219795at33208        -            524     0.026   14.6  25.6   9   9     0.013        34    4.3   0.3   208   253  1003  1048   991  1058 0.80 -
evm.utg1272.21       -            263 219795at33208        -            524     0.042   13.9   0.0   1   2    0.0029       7.3    6.5   0.0   270   304    29    63    16    77 0.86 -
evm.utg1272.21       -            263 219795at33208        -            524     0.042   13.9   0.0   2   2    0.0063        16    5.4   0.0   268   296    95   123    82   125 0.91 -
evm.utg6551.2        -            815 219795at33208        -            524     0.077   13.0   3.9   1   2    0.0012         3    7.8   0.1   185   240   594   651   494   656 0.77 -
evm.utg6551.2        -            815 219795at33208        -            524     0.077   13.0   3.9   2   2     0.011        27    4.6   0.6   180   238   691   751   657   769 0.56 -
evm.utg432.6         -            465 219795at33208        -            524      0.27   11.2   3.1   1   3       1.4   3.6e+03   -2.4   0.0   273   303    26    56    15    81 0.48 -
evm.utg432.6         -            465 219795at33208        -            524      0.27   11.2   3.1   2   3   0.00012      0.32   11.0   0.2    61   155   115   212   107   239 0.71 -
evm.utg432.6         -            465 219795at33208        -            524      0.27   11.2   3.1   3   3      0.71   1.8e+03   -1.4   0.0   468   498   417   446   387   452 0.67 -
evm.utg18019.4       -            603 219795at33208        -            524       0.3   11.1   2.6   1   3      0.47   1.2e+03   -0.8   0.1   265   308   156   199   101   219 0.56 -
evm.utg18019.4       -            603 219795at33208        -            524       0.3   11.1   2.6   2   3   0.00032       0.8    9.7   0.1    58   141   250   331   242   375 0.76 -
evm.utg18019.4       -            603 219795at33208        -            524       0.3   11.1   2.6   3   3       0.5   1.3e+03   -0.9   0.0   469   498   556   584   499   591 0.67 -
evm.utg788.82        -            509 219795at33208        -            524      0.35   10.9   0.2   1   1    0.0002       0.5   10.3   0.2   166   241   354   431   347   463 0.83 -
#
# Program:         hmmsearch
# Version:         3.1b2 (February 2015)
# Pipeline mode:   SEARCH
# Query file:      /uoa/scratch/users/r02hw22/project_dark_genes/busco_downloads/lineages/metazoa_odb10/hmms/219795at33208.hmm
# Target file:     /uoa/scratch/users/r02hw22/project_dark_genes/00_raw/equina_smart.rnam-trna.merged.ggf.curated.remredun.aa.fa
# Option settings: hmmsearch --domtblout /uoa/scratch/users/r02hw22/project_dark_genes/equina_busco_proteins/run_metazoa_odb10/hmmer_output/initial_run_results/219795at33208.out --cpu 1 /uoa/scratch/users/r02hw22/project_dark_genes/busco_downloads/lineages/metazoa_odb10/hmms/219795at33208.hmm /uoa/scratch/users/r02hw22/project_dark_genes/00_raw/equina_smart.rnam-trna.merged.ggf.curated.remredun.aa.fa 
# Current dir:     /uoa/scratch/users/r02hw22/project_dark_genes
# Date:            Sat Apr 25 14:40:44 2026
# [ok]
