#                                                                            --- full sequence --- -------------- this domain -------------   hmm coord   ali coord   env coord
# target name        accession   tlen query name           accession   qlen   E-value  score  bias   #  of  c-Evalue  i-Evalue  score  bias  from    to  from    to  from    to  acc description of target
#------------------- ---------- ----- -------------------- ---------- ----- --------- ------ ----- --- --- --------- --------- ------ ----- ----- ----- ----- ----- ----- ----- ---- ---------------------
evm.utg2614.14       -            536 226941at33208        -            400  9.7e-180  599.6  20.5   1   2  1.3e-178  1.4e-174  582.6  13.0     2   377    52   465    51   467 0.91 -
evm.utg2614.14       -            536 226941at33208        -            400  9.7e-180  599.6  20.5   2   2   6.6e-08   0.00074   20.5   0.8   375   396   493   514   489   517 0.92 -
evm.utg625.17        -            409 226941at33208        -            400  6.8e-136  455.3  13.5   1   1  2.1e-139  2.3e-135  453.5  13.5     2   312    52   396    51   407 0.88 -
evm.utg625.18        -            123 226941at33208        -            400   5.2e-31  109.9   3.7   1   2   2.6e-28   2.9e-24   87.7   0.2   326   377     1    52     1    55 0.97 -
evm.utg625.18        -            123 226941at33208        -            400   5.2e-31  109.9   3.7   2   2   8.4e-09   9.4e-05   23.4   0.4   376   397    81   102    75   104 0.92 -
evm.utg209.48        -            534 226941at33208        -            400   1.1e-12   49.5  11.5   1   2     1e-16   1.1e-12   49.5  11.5     6   191     5   185     2   195 0.82 -
evm.utg209.48        -            534 226941at33208        -            400   1.1e-12   49.5  11.5   2   2     0.066   7.3e+02    0.7   0.6   301   360   263   325   244   345 0.62 -
evm.utg11415.37      -            423 226941at33208        -            400   0.00019   22.4   0.9   1   3   1.7e-08   0.00019   22.4   0.9   101   157    90   147    62   198 0.80 -
evm.utg11415.37      -            423 226941at33208        -            400   0.00019   22.4   0.9   2   3       1.3   1.5e+04   -3.5   0.0   171   190   217   236   208   255 0.69 -
evm.utg11415.37      -            423 226941at33208        -            400   0.00019   22.4   0.9   3   3      0.19   2.1e+03   -0.8   1.6   317   372   335   389   289   410 0.62 -
#
# Program:         hmmsearch
# Version:         3.1b2 (February 2015)
# Pipeline mode:   SEARCH
# Query file:      /uoa/scratch/users/r02hw22/project_dark_genes/busco_downloads/lineages/metazoa_odb10/hmms/226941at33208.hmm
# Target file:     /uoa/scratch/users/r02hw22/project_dark_genes/00_raw/equina_smart.rnam-trna.merged.ggf.curated.remredun.aa.fa
# Option settings: hmmsearch --domtblout /uoa/scratch/users/r02hw22/project_dark_genes/equina_busco_proteins/run_metazoa_odb10/hmmer_output/initial_run_results/226941at33208.out --cpu 1 /uoa/scratch/users/r02hw22/project_dark_genes/busco_downloads/lineages/metazoa_odb10/hmms/226941at33208.hmm /uoa/scratch/users/r02hw22/project_dark_genes/00_raw/equina_smart.rnam-trna.merged.ggf.curated.remredun.aa.fa 
# Current dir:     /uoa/scratch/users/r02hw22/project_dark_genes
# Date:            Sat Apr 25 14:41:30 2026
# [ok]
