#                                                                                            --- full sequence --- -------------- this domain -------------   hmm coord   ali coord   env coord
# target name                        accession   tlen query name           accession   qlen   E-value  score  bias   #  of  c-Evalue  i-Evalue  score  bias  from    to  from    to  from    to  acc description of target
#                ------------------- ---------- ----- -------------------- ---------- ----- --------- ------ ----- --- --- --------- --------- ------ ----- ----- ----- ----- ----- ----- ----- ---- ---------------------
evm.utg2994.51                       -            916 227087at33208        -            750  5.6e-289  962.2  39.2   1   1  4.1e-289  3.3e-286  953.1  39.2     1   749     1   894     1   895 0.87 -
evm.utg279.9                         -            657 227087at33208        -            750  3.4e-218  728.2  36.4   1   1  1.6e-219  1.3e-216  723.0  36.4   207   749     1   635     1   636 0.89 -
evm.utg2216.35.1.5c27920b            -            656 227087at33208        -            750   3.6e-08   33.8  11.2   1   3   8.5e-05     0.068   13.0   0.2   243   324   135   218   130   222 0.87 -
evm.utg2216.35.1.5c27920b            -            656 227087at33208        -            750   3.6e-08   33.8  11.2   2   3   0.00012     0.097   12.5   0.5   318   448   365   492   314   527 0.80 -
evm.utg2216.35.1.5c27920b            -            656 227087at33208        -            750   3.6e-08   33.8  11.2   3   3     3e-05     0.024   14.5   0.6   672   701   610   639   536   653 0.88 -
evm.utg2216.35                       -            863 227087at33208        -            750   3.3e-06   27.3  21.6   1   5       6.8   5.5e+03   -3.2   0.5   623   669     8    54     3    58 0.65 -
evm.utg2216.35                       -            863 227087at33208        -            750   3.3e-06   27.3  21.6   2   5     0.088        71    3.1   0.1   197   255   144   204   138   208 0.84 -
evm.utg2216.35                       -            863 227087at33208        -            750   3.3e-06   27.3  21.6   3   5   0.00012     0.099   12.5   0.2   243   324   342   425   337   429 0.87 -
evm.utg2216.35                       -            863 227087at33208        -            750   3.3e-06   27.3  21.6   4   5    0.0002      0.16   11.8   0.5   318   448   572   699   521   733 0.80 -
evm.utg2216.35                       -            863 227087at33208        -            750   3.3e-06   27.3  21.6   5   5   4.5e-05     0.037   13.9   0.7   672   701   817   846   744   860 0.89 -
utg107.equina_smart_661610.mrna1     -            146 227087at33208        -            750   1.3e-05   25.4   4.6   1   1   1.9e-08   1.5e-05   25.1   4.6   620   701    41   126    30   135 0.82 -
evm.utg112.37                        -            390 227087at33208        -            750   5.7e-05   23.2   5.8   1   1   9.7e-08   7.8e-05   22.8   5.8   630   711   207   294   202   307 0.81 -
evm.utg3522.83                       -           1200 227087at33208        -            750   0.00016   21.7   0.5   1   3     0.016        13    5.5   0.0    94   145    11    61     4    68 0.88 -
evm.utg3522.83                       -           1200 227087at33208        -            750   0.00016   21.7   0.5   2   3       7.6   6.1e+03   -3.3   0.0   105   128   220   243   188   246 0.83 -
evm.utg3522.83                       -           1200 227087at33208        -            750   0.00016   21.7   0.5   3   3     7e-05     0.056   13.3   0.2   265   331   884   948   869   961 0.85 -
evm.utg186.22                        -           1975 227087at33208        -            750   0.00021   21.3   0.4   1   6     0.018        15    5.3   0.0    32   125    45   134    25   161 0.72 -
evm.utg186.22                        -           1975 227087at33208        -            750   0.00021   21.3   0.4   2   6         5     4e+03   -2.7   0.0    92   127   362   395   336   407 0.70 -
evm.utg186.22                        -           1975 227087at33208        -            750   0.00021   21.3   0.4   3   6     0.074        59    3.3   0.0    67   125   749   805   718   823 0.87 -
evm.utg186.22                        -           1975 227087at33208        -            750   0.00021   21.3   0.4   4   6       6.1   4.9e+03   -3.0   0.0    75   125  1026  1071  1021  1096 0.74 -
evm.utg186.22                        -           1975 227087at33208        -            750   0.00021   21.3   0.4   5   6         2   1.6e+03   -1.4   0.0    55   120  1433  1494  1410  1500 0.63 -
evm.utg186.22                        -           1975 227087at33208        -            750   0.00021   21.3   0.4   6   6      0.01       8.4    6.1   0.0    75   128  1726  1774  1709  1797 0.72 -
evm.utg4172.5                        -            629 227087at33208        -            750   0.00031   20.8   1.6   1   1   5.4e-07   0.00044   20.3   1.6   651   701   313   365   280   383 0.78 -
evm.utg911.37                        -           1947 227087at33208        -            750   0.00039   20.5   1.2   1   6    0.0099         8    6.2   0.0    25   125    38   134    23   161 0.75 -
evm.utg911.37                        -           1947 227087at33208        -            750   0.00039   20.5   1.2   2   6       4.9   3.9e+03   -2.7   0.0    92   127   362   395   336   407 0.70 -
evm.utg911.37                        -           1947 227087at33208        -            750   0.00039   20.5   1.2   3   6     0.075        61    3.3   0.0    66   125   748   805   724   823 0.88 -
evm.utg911.37                        -           1947 227087at33208        -            750   0.00039   20.5   1.2   4   6       3.3   2.7e+03   -2.1   0.0    75   127  1026  1073  1019  1120 0.74 -
evm.utg911.37                        -           1947 227087at33208        -            750   0.00039   20.5   1.2   5   6       6.7   5.4e+03   -3.2   0.0    65   120  1413  1466  1395  1469 0.66 -
evm.utg911.37                        -           1947 227087at33208        -            750   0.00039   20.5   1.2   6   6     0.016        13    5.5   0.0    75   128  1698  1746  1681  1768 0.71 -
evm.utg6220.15.2.5c22f2e5            -            663 227087at33208        -            750    0.0012   18.8   1.7   1   4   7.7e-05     0.062   13.2   0.0    76   126    51    97    42   121 0.86 -
evm.utg6220.15.2.5c22f2e5            -            663 227087at33208        -            750    0.0012   18.8   1.7   2   4       0.3   2.4e+02    1.3   0.1    50   124   155   221   133   232 0.74 -
evm.utg6220.15.2.5c22f2e5            -            663 227087at33208        -            750    0.0012   18.8   1.7   3   4      0.36   2.9e+02    1.0   0.0    71   125   435   483   419   486 0.74 -
evm.utg6220.15.2.5c22f2e5            -            663 227087at33208        -            750    0.0012   18.8   1.7   4   4       6.6   5.4e+03   -3.2   0.0    83   124   537   579   534   583 0.78 -
evm.utg6220.15                       -            692 227087at33208        -            750    0.0014   18.6   1.8   1   4   8.2e-05     0.066   13.1   0.0    76   126    51    97    43   121 0.86 -
evm.utg6220.15                       -            692 227087at33208        -            750    0.0014   18.6   1.8   2   4      0.32   2.6e+02    1.2   0.1    50   124   155   221   133   232 0.74 -
evm.utg6220.15                       -            692 227087at33208        -            750    0.0014   18.6   1.8   3   4      0.38   3.1e+02    1.0   0.0    71   125   435   483   419   486 0.74 -
evm.utg6220.15                       -            692 227087at33208        -            750    0.0014   18.6   1.8   4   4         7   5.6e+03   -3.2   0.0    83   124   537   579   534   583 0.78 -
evm.utg6220.15.1.5c22f2e5            -            692 227087at33208        -            750    0.0014   18.6   1.8   1   4   8.2e-05     0.066   13.1   0.0    76   126    51    97    43   121 0.86 -
evm.utg6220.15.1.5c22f2e5            -            692 227087at33208        -            750    0.0014   18.6   1.8   2   4      0.32   2.6e+02    1.2   0.1    50   124   155   221   133   232 0.74 -
evm.utg6220.15.1.5c22f2e5            -            692 227087at33208        -            750    0.0014   18.6   1.8   3   4      0.38   3.1e+02    1.0   0.0    71   125   435   483   419   486 0.74 -
evm.utg6220.15.1.5c22f2e5            -            692 227087at33208        -            750    0.0014   18.6   1.8   4   4         7   5.6e+03   -3.2   0.0    83   124   537   579   534   583 0.78 -
evm.utg25826.16                      -            399 227087at33208        -            750    0.0035   17.3   0.5   1   1   5.9e-06    0.0047   16.9   0.5   654   701   337   389   297   396 0.74 -
evm.utg4922.12                       -            398 227087at33208        -            750    0.0037   17.2   0.5   1   1   6.2e-06     0.005   16.8   0.5   654   701   337   389   297   395 0.74 -
evm.utg2757.69                       -            710 227087at33208        -            750    0.0043   17.0   2.3   1   1     1e-05    0.0084   16.0   2.3   660   697   231   272   107   284 0.87 -
evm.utg7950.21                       -            652 227087at33208        -            750    0.0049   16.8   0.2   1   2   8.6e-05      0.07   13.0   0.0    76   126    51    97    42   108 0.87 -
evm.utg7950.21                       -            652 227087at33208        -            750    0.0049   16.8   0.2   2   2      0.32   2.5e+02    1.2   0.0    50   109   155   206   134   225 0.69 -
evm.utg172.118                       -            141 227087at33208        -            750    0.0066   16.4   0.7   1   1     1e-05    0.0082   16.1   0.7   657   699    80   127    75   138 0.81 -
evm.utg3201.42                       -            141 227087at33208        -            750    0.0066   16.4   0.7   1   1     1e-05    0.0082   16.1   0.7   657   699    80   127    75   138 0.81 -
evm.utg7217.22.1.5c22f392            -            397 227087at33208        -            750    0.0072   16.3   0.4   1   1   1.2e-05      0.01   15.8   0.4   629   715   221   311   192   329 0.70 -
evm.utg7217.22                       -            400 227087at33208        -            750    0.0074   16.2   0.4   1   1   1.3e-05      0.01   15.8   0.4   629   715   221   311   192   329 0.70 -
evm.utg7.39                          -            563 227087at33208        -            750     0.014   15.3   4.2   1   1   2.7e-05     0.022   14.7   4.2   648   698   505   557   483   559 0.77 -
evm.utg6834.9                        -            639 227087at33208        -            750      0.02   14.8   1.3   1   2       1.1   8.9e+02   -0.6   1.9   672   709   164   208    90   229 0.70 -
evm.utg6834.9                        -            639 227087at33208        -            750      0.02   14.8   1.3   2   2   2.5e-05      0.02   14.8   1.3   651   695   337   386   329   405 0.83 -
evm.utg1781.14                       -            221 227087at33208        -            750     0.023   14.6   0.0   1   1   3.3e-05     0.027   14.4   0.0   300   332   132   164   118   199 0.89 -
evm.utg3013.17                       -            629 227087at33208        -            750     0.023   14.6   4.5   1   1   4.7e-05     0.038   13.9   4.5   629   697   541   615   529   621 0.74 -
utg738.equina_smart_886925.mrna3     -             98 227087at33208        -            750     0.024   14.5   1.8   1   1   3.1e-05     0.025   14.5   1.8   674   705    32    63    16    77 0.87 -
evm.utg1031.39.3.5c22e7e6.1.5c278ea0 -            265 227087at33208        -            750     0.033   14.1   1.6   1   1   5.6e-05     0.045   13.6   1.6   657   702    63   113    26   127 0.80 -
evm.utg616.115                       -            255 227087at33208        -            750     0.037   13.9   2.7   1   1   6.3e-05     0.051   13.5   2.7   677   736   122   181   118   189 0.88 -
evm.utg8494.20.1.5c22f483            -            627 227087at33208        -            750     0.038   13.9   1.4   1   1   7.6e-05     0.061   13.2   1.4   674   700   295   321   273   351 0.83 -
evm.utg738.17                        -            184 227087at33208        -            750      0.04   13.8   0.9   1   1   6.4e-05     0.051   13.4   0.9   674   704    32    62    18    76 0.88 -
evm.utg738.17.1.5c22f3dc             -            184 227087at33208        -            750      0.04   13.8   0.9   1   1   6.4e-05     0.051   13.4   0.9   674   704    32    62    18    76 0.88 -
evm.utg8494.20                       -            639 227087at33208        -            750      0.04   13.8   1.4   1   1   7.8e-05     0.063   13.2   1.4   674   700   307   333   285   363 0.83 -
evm.utg1031.39.3.5c22e7e6            -            347 227087at33208        -            750     0.046   13.6   1.6   1   1   7.9e-05     0.064   13.1   1.6   657   701   145   194    99   209 0.80 -
evm.utg86.28                         -            242 227087at33208        -            750     0.047   13.6   0.5   1   1   6.7e-05     0.054   13.4   0.5   673   704   168   201   118   227 0.72 -
evm.utg1031.39.2.5c22e7e6            -            372 227087at33208        -            750      0.05   13.5   1.5   1   1   8.6e-05     0.069   13.0   1.5   657   701   170   219   125   234 0.80 -
evm.utg479.169.2.5c22f162            -            495 227087at33208        -            750     0.051   13.5   0.0   1   1   0.00012     0.096   12.5   0.0   300   332   406   438   392   443 0.86 -
evm.utg479.169.1.5c22f162            -            510 227087at33208        -            750     0.053   13.4   0.0   1   1   0.00012       0.1   12.5   0.0   300   332   406   438   392   443 0.86 -
evm.utg479.169                       -            586 227087at33208        -            750     0.057   13.3   0.0   1   1   0.00015      0.12   12.2   0.0   300   332   406   438   392   443 0.86 -
evm.utg715.66                        -            153 227087at33208        -            750     0.059   13.2   3.9   1   1   0.00012     0.094   12.6   3.9   674   701    93   120    71   150 0.66 -
evm.utg710.10                        -            373 227087at33208        -            750     0.059   13.2   2.3   1   1    0.0001     0.084   12.7   2.3   674   698   343   367   301   369 0.85 -
evm.utg855.30                        -            433 227087at33208        -            750     0.061   13.2   3.6   1   1    0.0001     0.082   12.8   3.6   648   697   112   169    90   176 0.69 -
evm.utg2757.41                       -            188 227087at33208        -            750     0.073   12.9   1.4   1   1   0.00011      0.09   12.6   1.4   659   699    37    82    29   107 0.80 -
evm.utg7179.20                       -            459 227087at33208        -            750     0.079   12.8   2.3   1   1   0.00014      0.11   12.3   2.3   674   698   429   453   387   455 0.85 -
evm.utg2129.95                       -            559 227087at33208        -            750     0.084   12.7   2.4   1   1   0.00014      0.11   12.3   2.4   652   705   499   555   481   558 0.84 -
evm.utg1031.39.1.5c22e7e6            -            464 227087at33208        -            750     0.084   12.7   1.8   1   1   0.00015      0.12   12.2   1.8   657   701   270   319   229   334 0.80 -
evm.utg1031.39                       -            472 227087at33208        -            750     0.086   12.7   1.8   1   1   0.00015      0.12   12.2   1.8   657   701   270   319   229   334 0.80 -
evm.utg910.96                        -            135 227087at33208        -            750     0.093   12.6   1.0   1   1   0.00014      0.11   12.3   1.0   155   206    21    71    14    79 0.84 -
evm.utg1022.61.1.5c22e7d4            -            643 227087at33208        -            750      0.11   12.3   4.3   1   1   0.00023      0.18   11.6   4.3   658   697   459   501   425   508 0.85 -
evm.utg1022.61                       -            823 227087at33208        -            750      0.15   11.9   4.3   1   1   0.00031      0.25   11.2   4.3   658   697   639   681   605   688 0.85 -
evm.utg18951.14                      -            311 227087at33208        -            750      0.17   11.7   2.7   1   1    0.0003      0.24   11.2   2.7   641   698   201   260   179   264 0.81 -
evm.utg2247.12                       -            633 227087at33208        -            750      0.21   11.4  10.4   1   1   0.00045      0.36   10.6  10.4   624   705   175   258   159   285 0.80 -
evm.utg1205.96                       -            619 227087at33208        -            750      0.24   11.2   0.1   1   2   0.00099       0.8    9.5   0.0    74   127    95   144    88   196 0.82 -
evm.utg1205.96                       -            619 227087at33208        -            750      0.24   11.2   0.1   2   2       2.4     2e+03   -1.7   0.0    85   125   235   271   209   277 0.74 -
evm.utg1866.1                        -            149 227087at33208        -            750      0.25   11.2   1.5   1   1   0.00039      0.31   10.9   1.5   674   702    82   105    79   120 0.77 -
evm.utg344.96                        -            235 227087at33208        -            750      0.28   11.0  12.2   1   1   0.00045      0.37   10.6  12.2   618   701   110   203     9   216 0.68 -
evm.utg101.81                        -            931 227087at33208        -            750      0.41   10.4   0.0   1   1   0.00083      0.67    9.8   0.0    73   134   413   470   399   502 0.87 -
evm.utg788.96                        -            437 227087at33208        -            750      0.42   10.4   0.0   1   1     0.001      0.83    9.5   0.0    31   124   102   187    82   199 0.90 -
evm.utg4177.47                       -            227 227087at33208        -            750      0.55   10.0   8.7   1   1   0.00089      0.72    9.7   8.7   646   707   119   186   109   203 0.74 -
evm.utg36717.7                       -             87 227087at33208        -            750      0.58   10.0   4.0   1   1   0.00081      0.66    9.8   4.0   668   699    47    81    38    85 0.77 -
evm.utg1109.12                       -             97 227087at33208        -            750      0.72    9.6   4.0   1   1     0.001      0.84    9.4   4.0   668   699    57    91    48    95 0.77 -
evm.utg3722.24                       -            172 227087at33208        -            750       0.8    9.5   2.9   1   1    0.0013         1    9.1   2.9   650   698   108   159   100   164 0.79 -
evm.utg150.74                        -            274 227087at33208        -            750      0.99    9.2   2.9   1   1    0.0018       1.4    8.7   2.9   674   699   236   261   206   272 0.79 -
evm.utg579.101                       -            304 227087at33208        -            750       1.3    8.8   3.4   1   1    0.0023       1.9    8.3   3.4   650   698   237   287   212   290 0.80 -
evm.utg17994.17                      -            440 227087at33208        -            750       1.4    8.7   3.1   1   1    0.0024       1.9    8.2   3.1   659   699   377   420   344   424 0.82 -
evm.utg1022.67                       -            885 227087at33208        -            750       1.9    8.3  14.4   1   2   0.00021      0.17   11.7   3.7   637   698   530   594   522   615 0.80 -
evm.utg1022.67                       -            885 227087at33208        -            750       1.9    8.3  14.4   2   2      0.22   1.7e+02    1.8   3.0   674   730   650   703   632   714 0.75 -
evm.utg3677.39                       -            143 227087at33208        -            750       4.1    7.2   3.1   1   2       9.1   7.3e+03   -3.6   0.3   681   699    34    50    33    53 0.82 -
evm.utg3677.39                       -            143 227087at33208        -            750       4.1    7.2   3.1   2   2    0.0011      0.87    9.4   0.2   674   738    74   139    71   142 0.68 -
evm.utg1972.89                       -            974 227087at33208        -            750       5.8    6.7   5.6   1   1      0.01       8.3    6.1   5.6   657   705    12    63     1    72 0.79 -
evm.utg686.52                        -            122 227087at33208        -            750       6.3    6.5  11.9   1   1     0.012       9.7    5.9  11.8   673   699    87   113    54   118 0.84 -
evm.utg101.62                        -            694 227087at33208        -            750       7.7    6.3  16.4   1   2      0.07        57    3.4   4.8   639   702    80   140    21   146 0.65 -
evm.utg101.62                        -            694 227087at33208        -            750       7.7    6.3  16.4   2   2     0.002       1.6    8.5   3.8   647   710   377   442   343   465 0.75 -
evm.utg8792.7                        -            539 227087at33208        -            750       9.7    5.9   4.3   1   1     0.019        15    5.3   4.3   659   697   356   397   346   404 0.85 -
#
# Program:         hmmsearch
# Version:         3.1b2 (February 2015)
# Pipeline mode:   SEARCH
# Query file:      /uoa/scratch/users/r02hw22/project_dark_genes/busco_downloads/lineages/metazoa_odb10/hmms/227087at33208.hmm
# Target file:     /uoa/scratch/users/r02hw22/project_dark_genes/00_raw/equina_smart.rnam-trna.merged.ggf.curated.remredun.aa.fa
# Option settings: hmmsearch --domtblout /uoa/scratch/users/r02hw22/project_dark_genes/equina_busco_proteins/run_metazoa_odb10/hmmer_output/initial_run_results/227087at33208.out --cpu 1 /uoa/scratch/users/r02hw22/project_dark_genes/busco_downloads/lineages/metazoa_odb10/hmms/227087at33208.hmm /uoa/scratch/users/r02hw22/project_dark_genes/00_raw/equina_smart.rnam-trna.merged.ggf.curated.remredun.aa.fa 
# Current dir:     /uoa/scratch/users/r02hw22/project_dark_genes
# Date:            Sat Apr 25 14:41:39 2026
# [ok]
