#                                                                                            --- full sequence --- -------------- this domain -------------   hmm coord   ali coord   env coord
# target name                        accession   tlen query name           accession   qlen   E-value  score  bias   #  of  c-Evalue  i-Evalue  score  bias  from    to  from    to  from    to  acc description of target
#                ------------------- ---------- ----- -------------------- ---------- ----- --------- ------ ----- --- --- --------- --------- ------ ----- ----- ----- ----- ----- ----- ----- ---- ---------------------
evm.utg868.41                        -            578 234290at33208        -            473  6.4e-218  725.7  23.1   1   1  2.7e-220  7.3e-218  725.5  23.1     1   473    75   567    75   567 0.97 -
evm.utg301.103                       -           1409 234290at33208        -            473   3.1e-77  261.8  33.6   1   4     8e-19   2.2e-16   61.2   0.0    78   191    12   132     8   138 0.90 -
evm.utg301.103                       -           1409 234290at33208        -            473   3.1e-77  261.8  33.6   2   4   2.8e-32   7.5e-30  105.5   5.1    14   223   110   305   109   305 0.74 -
evm.utg301.103                       -           1409 234290at33208        -            473   3.1e-77  261.8  33.6   3   4   1.7e-26   4.7e-24   86.5   6.1    36   175   201   345   201   347 0.93 -
evm.utg301.103                       -           1409 234290at33208        -            473   3.1e-77  261.8  33.6   4   4   1.8e-15   4.8e-13   50.1   3.5   115   234   308   428   308   431 0.87 -
evm.utg648.27                        -            731 234290at33208        -            473   9.5e-72  243.7  36.5   1   5    0.0029       0.8    9.8   0.1   129   187     9    67     6    70 0.78 -
evm.utg648.27                        -            731 234290at33208        -            473   9.5e-72  243.7  36.5   2   5   1.3e-27   3.6e-25   90.1   7.0    10   175    46   217    37   217 0.92 -
evm.utg648.27                        -            731 234290at33208        -            473   9.5e-72  243.7  36.5   3   5   2.5e-22   6.9e-20   72.7   3.4    29   188   135   303   130   319 0.88 -
evm.utg648.27                        -            731 234290at33208        -            473   9.5e-72  243.7  36.5   4   5     7e-20   1.9e-17   64.7   0.6    14   185   212   382   209   385 0.90 -
evm.utg648.27                        -            731 234290at33208        -            473   9.5e-72  243.7  36.5   5   5   5.8e-18   1.6e-15   58.3   3.2    36   117   389   470   382   480 0.90 -
evm.utg15585.5                       -            793 234290at33208        -            473   7.6e-71  240.7  51.6   1   5   2.5e-20   6.7e-18   66.1   8.0    76   212    49   190    37   191 0.90 -
evm.utg15585.5                       -            793 234290at33208        -            473   7.6e-71  240.7  51.6   2   5   3.2e-13   8.7e-11   42.7   5.4    24   137   157   271   157   290 0.90 -
evm.utg15585.5                       -            793 234290at33208        -            473   7.6e-71  240.7  51.6   3   5   1.5e-14   4.1e-12   47.1   7.4   301   420   440   565   426   567 0.84 -
evm.utg15585.5                       -            793 234290at33208        -            473   7.6e-71  240.7  51.6   4   5   3.7e-28     1e-25   92.0   8.4    14   182   537   710   536   712 0.95 -
evm.utg15585.5                       -            793 234290at33208        -            473   7.6e-71  240.7  51.6   5   5   4.6e-10   1.3e-07   32.3   0.5    25   103   713   789   708   791 0.93 -
evm.utg245.32                        -            609 234290at33208        -            473   1.7e-61  209.9  26.6   1   3   1.4e-17   3.8e-15   57.1   6.0   266   420    21   180    15   181 0.84 -
evm.utg245.32                        -            609 234290at33208        -            473   1.7e-61  209.9  26.6   2   3   1.2e-31   3.3e-29  103.4   8.2    12   182   173   348   170   362 0.91 -
evm.utg245.32                        -            609 234290at33208        -            473   1.7e-61  209.9  26.6   3   3   1.2e-19   3.2e-17   63.9   0.5     6   155   428   584   423   601 0.88 -
evm.utg13730.13                      -            731 234290at33208        -            473   3.1e-58  199.2  27.0   1   5      0.11        29    4.7   0.1   153   205    10    63     6    64 0.48 -
evm.utg13730.13                      -            731 234290at33208        -            473   3.1e-58  199.2  27.0   2   5   1.3e-15   3.5e-13   50.6   0.8    10    91    46   127    34   133 0.93 -
evm.utg13730.13                      -            731 234290at33208        -            473   3.1e-58  199.2  27.0   3   5   2.3e-21   6.3e-19   69.5   4.7    29   188   135   303   130   311 0.88 -
evm.utg13730.13                      -            731 234290at33208        -            473   3.1e-58  199.2  27.0   4   5   2.4e-10   6.5e-08   33.2   0.0    38   103   322   387   309   394 0.76 -
evm.utg13730.13                      -            731 234290at33208        -            473   3.1e-58  199.2  27.0   5   5   9.2e-18   2.5e-15   57.7   3.2    37   117   390   470   384   481 0.90 -
evm.utg597.118                       -           1121 234290at33208        -            473   2.7e-57  196.0  26.7   1   3   3.9e-17   1.1e-14   55.6   1.7    79   188    21   138    12   141 0.91 -
evm.utg597.118                       -           1121 234290at33208        -            473   2.7e-57  196.0  26.7   2   3   1.8e-35     5e-33  116.0   6.6    14   209    97   298    95   299 0.95 -
evm.utg597.118                       -           1121 234290at33208        -            473   2.7e-57  196.0  26.7   3   3     1e-16   2.8e-14   54.2   3.1   321   427   298   408   297   417 0.76 -
evm.utg622.129                       -           1256 234290at33208        -            473   1.5e-55  190.3  50.1   1   3   1.2e-20   3.3e-18   67.1   9.5    14   178    12   186    10   189 0.90 -
evm.utg622.129                       -           1256 234290at33208        -            473   1.5e-55  190.3  50.1   2   3   1.2e-22   3.3e-20   73.8  16.4    26   212    97   293    95   303 0.86 -
evm.utg622.129                       -           1256 234290at33208        -            473   1.5e-55  190.3  50.1   3   3   1.3e-24   3.6e-22   80.2   8.2     9   203   199   378   194   386 0.89 -
evm.utg216.2                         -           1049 234290at33208        -            473   6.5e-47  161.8  43.8   1   3    0.0012      0.33   11.1   0.1   245   296    65   116    56   120 0.83 -
evm.utg216.2                         -           1049 234290at33208        -            473   6.5e-47  161.8  43.8   2   3   3.2e-32   8.8e-30  105.3  25.1   142   400   121   397   117   401 0.87 -
evm.utg216.2                         -           1049 234290at33208        -            473   6.5e-47  161.8  43.8   3   3   6.1e-16   1.7e-13   51.7   8.1    25   183   402   570   396   594 0.83 -
evm.utg3884.22.2.5c22f02b            -            749 234290at33208        -            473   1.8e-45  157.0  45.7   1   2   2.6e-29   7.1e-27   95.7  19.4    39   384    49   409    32   411 0.88 -
evm.utg3884.22.2.5c22f02b            -            749 234290at33208        -            473   1.8e-45  157.0  45.7   2   2   2.6e-23     7e-21   76.0  18.3    34   358   136   475   133   486 0.57 -
evm.utg13.39                         -           2804 234290at33208        -            473   1.5e-41  144.1  36.2   1   6     1e-12   2.7e-10   41.1   1.3    55   180   116   248   103   254 0.87 -
evm.utg13.39                         -           2804 234290at33208        -            473   1.5e-41  144.1  36.2   2   6   0.00024     0.066   13.4   0.7    51   115   257   323   250   342 0.87 -
evm.utg13.39                         -           2804 234290at33208        -            473   1.5e-41  144.1  36.2   3   6   1.2e-18   3.3e-16   60.6   8.3    47   359   357   693   330   694 0.79 -
evm.utg13.39                         -           2804 234290at33208        -            473   1.5e-41  144.1  36.2   4   6   8.1e-11   2.2e-08   34.8   0.4   116   277   578   740   571   751 0.75 -
evm.utg13.39                         -           2804 234290at33208        -            473   1.5e-41  144.1  36.2   5   6     1e-09   2.8e-07   31.2   3.6   255   421   795   972   766   977 0.83 -
evm.utg13.39                         -           2804 234290at33208        -            473   1.5e-41  144.1  36.2   6   6   4.8e-10   1.3e-07   32.2   0.4    42   154   899  1020   896  1028 0.84 -
evm.utg8494.46                       -            874 234290at33208        -            473     5e-40  139.1  18.3   1   2     3e-14   8.1e-12   46.1   2.8    13   112    53   152    36   160 0.82 -
evm.utg8494.46                       -            874 234290at33208        -            473     5e-40  139.1  18.3   2   2   4.3e-30   1.2e-27   98.3   7.8     9   228   165   394   157   406 0.91 -
evm.utg10.10                         -           2734 234290at33208        -            473   1.7e-36  127.5  31.8   1   3   4.5e-13   1.2e-10   42.2   9.4   142   359   116   357    99   381 0.73 -
evm.utg10.10                         -           2734 234290at33208        -            473   1.7e-36  127.5  31.8   2   3   3.5e-16   9.6e-14   52.5   8.1    23   319   332   648   327   655 0.83 -
evm.utg10.10                         -           2734 234290at33208        -            473   1.7e-36  127.5  31.8   3   3   3.3e-10   8.9e-08   32.8   0.6    38   154   822   947   811   952 0.82 -
evm.utg3884.22.1.5c22f02b            -            890 234290at33208        -            473   1.8e-35  124.1  35.5   1   3   2.3e-08   6.4e-06   26.7   0.4   120   203    43   127    34   129 0.70 -
evm.utg3884.22.1.5c22f02b            -            890 234290at33208        -            473   1.8e-35  124.1  35.5   2   3   4.2e-17   1.2e-14   55.5   5.4    13   159    67   220    62   222 0.89 -
evm.utg3884.22.1.5c22f02b            -            890 234290at33208        -            473   1.8e-35  124.1  35.5   3   3   2.2e-21   6.1e-19   69.6  15.9    34   347   136   461   135   463 0.87 -
evm.utg622.139                       -            575 234290at33208        -            473   2.7e-35  123.5  32.5   1   2   1.1e-15     3e-13   50.8   4.2    25   222     4   217     1   224 0.83 -
evm.utg622.139                       -            575 234290at33208        -            473   2.7e-35  123.5  32.5   2   2   1.2e-26   3.3e-24   86.9  20.3    59   448    62   479    60   496 0.78 -
evm.utg622.139.1.5c22f2ea            -            575 234290at33208        -            473   2.7e-35  123.5  32.5   1   2   1.1e-15     3e-13   50.8   4.2    25   222     4   217     1   224 0.83 -
evm.utg622.139.1.5c22f2ea            -            575 234290at33208        -            473   2.7e-35  123.5  32.5   2   2   1.2e-26   3.3e-24   86.9  20.3    59   448    62   479    60   496 0.78 -
evm.utg216.1                         -            619 234290at33208        -            473   4.1e-35  122.9  35.7   1   2   1.1e-10   3.1e-08   34.3   4.4    13   107   182   280   173   292 0.84 -
evm.utg216.1                         -            619 234290at33208        -            473   4.1e-35  122.9  35.7   2   2   8.8e-19   2.4e-16   61.0  10.3    23   257   323   567   307   579 0.82 -
evm.utg214.74.1.5c22ed07             -            262 234290at33208        -            473     9e-34  118.5  16.4   1   2   7.8e-27   2.1e-24   87.6   9.0    12   163    43   201    36   206 0.94 -
evm.utg214.74.1.5c22ed07             -            262 234290at33208        -            473     9e-34  118.5  16.4   2   2   3.1e-13   8.4e-11   42.7   0.7   342   410   133   203   124   240 0.62 -
evm.utg214.74                        -            274 234290at33208        -            473   2.6e-33  116.9  17.0   1   2     1e-26   2.7e-24   87.2   9.2    12   163    43   201    38   206 0.94 -
evm.utg214.74                        -            274 234290at33208        -            473   2.6e-33  116.9  17.0   2   2   5.6e-13   1.5e-10   41.9   0.9   343   410   134   203   129   241 0.71 -
evm.utg597.118.1.5c22f2a8            -            942 234290at33208        -            473     7e-32  112.2  12.0   1   3     6e-14   1.6e-11   45.1   0.8   340   427     2    90     1    90 0.92 -
evm.utg597.118.1.5c22f2a8            -            942 234290at33208        -            473     7e-32  112.2  12.0   2   3   7.9e-12   2.1e-09   38.1   1.7   121   187    76   142    76   143 0.87 -
evm.utg597.118.1.5c22f2a8            -            942 234290at33208        -            473     7e-32  112.2  12.0   3   3   6.4e-17   1.8e-14   54.9   2.8   321   427   119   229   118   238 0.76 -
evm.utg216.16                        -            448 234290at33208        -            473   4.8e-31  109.5  34.9   1   2   1.3e-15   3.5e-13   50.6   7.7   215   384    14   193    10   193 0.58 -
evm.utg216.16                        -            448 234290at33208        -            473   4.8e-31  109.5  34.9   2   2   2.3e-22   6.3e-20   72.8  19.2    29   317   123   431   119   444 0.87 -
evm.utg1051.11                       -            284 234290at33208        -            473   5.4e-31  109.3  16.0   1   2   1.8e-17   4.9e-15   56.7   7.6   329   436    26   134    20   139 0.87 -
evm.utg1051.11                       -            284 234290at33208        -            473   5.4e-31  109.3  16.0   2   2   5.4e-19   1.5e-16   61.7   4.3    19   144   121   252   118   259 0.92 -
evm.utg3156.4                        -            287 234290at33208        -            473   1.2e-30  108.2  15.2   1   1   2.4e-18   6.6e-16   59.6   4.4    19   144   121   252   118   256 0.92 -
utg1162.evm.utg216.16.mrna2          -            451 234290at33208        -            473   1.4e-30  108.0  27.5   1   2   1.7e-12   4.7e-10   40.3   3.1   214   339    16   146    11   148 0.88 -
utg1162.evm.utg216.16.mrna2          -            451 234290at33208        -            473   1.4e-30  108.0  27.5   2   2   1.9e-23   5.2e-21   76.4  20.9    16   317   112   434   103   446 0.86 -
evm.utg8792.62                       -            349 234290at33208        -            473   1.4e-30  108.0  20.2   1   2   3.7e-23     1e-20   75.5  10.9    38   184    18   170    13   170 0.92 -
evm.utg8792.62                       -            349 234290at33208        -            473   1.4e-30  108.0  20.2   2   2   4.3e-14   1.2e-11   45.6   1.8   117   208   149   241   147   252 0.85 -
evm.utg15164.12                      -           2633 234290at33208        -            473   2.5e-30  107.1  22.7   1   2   5.1e-18   1.4e-15   58.5   4.8    31   199  1101  1280  1098  1282 0.80 -
evm.utg15164.12                      -           2633 234290at33208        -            473   2.5e-30  107.1  22.7   2   2   5.3e-20   1.4e-17   65.1  10.0    14   228  1225  1455  1225  1459 0.82 -
evm.utg3884.22                       -            914 234290at33208        -            473   6.1e-30  105.9  24.1   1   2   4.1e-29   1.1e-26   95.1  19.4    39   384    49   409    32   411 0.88 -
evm.utg3884.22                       -            914 234290at33208        -            473   6.1e-30  105.9  24.1   2   2    0.0019      0.51   10.5   0.3   304   358   418   475   415   484 0.82 -
evm.utg256.24                        -           2633 234290at33208        -            473   2.7e-29  103.7  16.3   1   2   3.6e-18   9.8e-16   59.0   4.7    32   200  1099  1278  1094  1280 0.82 -
evm.utg256.24                        -           2633 234290at33208        -            473   2.7e-29  103.7  16.3   2   2   2.8e-15   7.6e-13   49.5   6.9    54   228  1264  1452  1259  1455 0.78 -
evm.utg150.31                        -            371 234290at33208        -            473   4.3e-28   99.7  22.7   1   2   5.8e-18   1.6e-15   58.3   4.1    76   188    18   135     9   135 0.92 -
evm.utg150.31                        -            371 234290at33208        -            473   4.3e-28   99.7  22.7   2   2   5.9e-17   1.6e-14   55.0  10.6   320   443   110   238   110   242 0.92 -
evm.utg1051.11.1.5c22e830            -            229 234290at33208        -            473   2.7e-27   97.1  11.8   1   2   6.5e-14   1.8e-11   45.0   3.3   362   436     7    79     2    84 0.87 -
evm.utg1051.11.1.5c22e830            -            229 234290at33208        -            473   2.7e-27   97.1  11.8   2   2   4.4e-19   1.2e-16   62.0   4.4    19   144    66   197    64   202 0.92 -
evm.utg378.143                       -            361 234290at33208        -            473     3e-27   97.0  12.5   1   2   1.1e-13     3e-11   44.2   1.8   120   224    42   150    33   152 0.81 -
evm.utg378.143                       -            361 234290at33208        -            473     3e-27   97.0  12.5   2   2   2.4e-19   6.5e-17   62.9   2.8    19   119   143   243   136   262 0.88 -
evm.utg338.60                        -           1203 234290at33208        -            473   5.3e-27   96.2  24.0   1   2   1.6e-09   4.2e-07   30.5   0.5   197   289    40   135    29   139 0.86 -
evm.utg338.60                        -           1203 234290at33208        -            473   5.3e-27   96.2  24.0   2   2   3.9e-21   1.1e-18   68.8  10.4   212   424   152   374   145   377 0.88 -
evm.utg1565.16.1.5c22eb43            -            656 234290at33208        -            473   2.7e-26   93.8   7.1   1   3   1.6e-11   4.5e-09   37.0   0.1   124   208    20   106    11   109 0.89 -
evm.utg1565.16.1.5c22eb43            -            656 234290at33208        -            473   2.7e-26   93.8   7.1   2   3   1.4e-17   3.8e-15   57.1   3.5   120   220   108   211   105   223 0.87 -
evm.utg1565.16.1.5c22eb43            -            656 234290at33208        -            473   2.7e-26   93.8   7.1   3   3      0.23        63    3.6   0.0   432   468   197   233   192   238 0.88 -
evm.utg1565.16.2.5c22eb44            -            665 234290at33208        -            473   2.8e-26   93.8   7.1   1   3   1.7e-11   4.6e-09   37.0   0.1   124   208    20   106    11   109 0.89 -
evm.utg1565.16.2.5c22eb44            -            665 234290at33208        -            473   2.8e-26   93.8   7.1   2   3   1.4e-17   3.8e-15   57.1   3.4   120   220   108   211   105   223 0.87 -
evm.utg1565.16.2.5c22eb44            -            665 234290at33208        -            473   2.8e-26   93.8   7.1   3   3      0.24        64    3.6   0.0   432   468   197   233   192   238 0.88 -
evm.utg1565.16                       -            696 234290at33208        -            473   3.3e-26   93.6   7.1   1   3   1.9e-11   5.1e-09   36.9   0.1   124   208    20   106    11   108 0.89 -
evm.utg1565.16                       -            696 234290at33208        -            473   3.3e-26   93.6   7.1   2   3   1.7e-17   4.7e-15   56.8   3.6   120   220   108   211   105   221 0.87 -
evm.utg1565.16                       -            696 234290at33208        -            473   3.3e-26   93.6   7.1   3   3      0.25        68    3.5   0.0   432   468   197   233   192   238 0.88 -
evm.utg1565.16.3.5c22eb44            -            705 234290at33208        -            473   3.4e-26   93.5   7.1   1   3   1.9e-11   5.2e-09   36.8   0.1   124   208    20   106    11   108 0.89 -
evm.utg1565.16.3.5c22eb44            -            705 234290at33208        -            473   3.4e-26   93.5   7.1   2   3   1.8e-17   4.8e-15   56.7   3.6   120   220   108   211   105   221 0.87 -
evm.utg1565.16.3.5c22eb44            -            705 234290at33208        -            473   3.4e-26   93.5   7.1   3   3      0.25        69    3.5   0.0   432   468   197   233   192   238 0.88 -
evm.utg512.14                        -            274 234290at33208        -            473     1e-25   91.9   6.9   1   1   9.1e-28   2.5e-25   90.6   6.6    12   163    43   201    36   207 0.95 -
evm.utg762.17                        -           1043 234290at33208        -            473   1.5e-24   88.1  13.3   1   3   1.2e-08   3.3e-06   27.6   0.1   362   419    77   140    34   143 0.77 -
evm.utg762.17                        -           1043 234290at33208        -            473   1.5e-24   88.1  13.3   2   3   1.5e-19   4.1e-17   63.6   6.4    21   186   143   315   140   323 0.92 -
evm.utg762.17                        -           1043 234290at33208        -            473   1.5e-24   88.1  13.3   3   3       5.2   1.4e+03   -0.9   0.1   269   356   405   495   400   507 0.83 -
evm.utg3443.18                       -           1102 234290at33208        -            473   3.7e-24   86.8  41.1   1   3   8.1e-11   2.2e-08   34.8   4.1   208   317    15   127    11   129 0.84 -
evm.utg3443.18                       -           1102 234290at33208        -            473   3.7e-24   86.8  41.1   2   3   2.4e-07   6.5e-05   23.3   0.7   258   319    91   153    89   159 0.89 -
evm.utg3443.18                       -           1102 234290at33208        -            473   3.7e-24   86.8  41.1   3   3   8.8e-18   2.4e-15   57.7  21.7   117   395   108   394   105   415 0.86 -
evm.utg15156.4.2.5c22eb03            -           1027 234290at33208        -            473   4.5e-24   86.5  15.5   1   3   2.7e-09   7.5e-07   29.7   0.1   360   419    74   140    33   143 0.73 -
evm.utg15156.4.2.5c22eb03            -           1027 234290at33208        -            473   4.5e-24   86.5  15.5   2   3   6.2e-19   1.7e-16   61.5   4.7    21   186   143   315   140   323 0.90 -
evm.utg15156.4.2.5c22eb03            -           1027 234290at33208        -            473   4.5e-24   86.5  15.5   3   3      0.96   2.6e+02    1.6   0.4   269   358   405   497   397   552 0.83 -
evm.utg15156.4.3.5c22eb03            -           1027 234290at33208        -            473   4.5e-24   86.5  15.5   1   3   2.7e-09   7.5e-07   29.7   0.1   360   419    74   140    33   143 0.73 -
evm.utg15156.4.3.5c22eb03            -           1027 234290at33208        -            473   4.5e-24   86.5  15.5   2   3   6.2e-19   1.7e-16   61.5   4.7    21   186   143   315   140   323 0.90 -
evm.utg15156.4.3.5c22eb03            -           1027 234290at33208        -            473   4.5e-24   86.5  15.5   3   3      0.96   2.6e+02    1.6   0.4   269   358   405   497   397   552 0.83 -
evm.utg15156.4.3.5c22eb03.3.5c27903b -           1027 234290at33208        -            473   4.5e-24   86.5  15.5   1   3   2.7e-09   7.5e-07   29.7   0.1   360   419    74   140    33   143 0.73 -
evm.utg15156.4.3.5c22eb03.3.5c27903b -           1027 234290at33208        -            473   4.5e-24   86.5  15.5   2   3   6.2e-19   1.7e-16   61.5   4.7    21   186   143   315   140   323 0.90 -
evm.utg15156.4.3.5c22eb03.3.5c27903b -           1027 234290at33208        -            473   4.5e-24   86.5  15.5   3   3      0.96   2.6e+02    1.6   0.4   269   358   405   497   397   552 0.83 -
evm.utg15156.4                       -           1041 234290at33208        -            473   6.1e-24   86.1  15.9   1   3   2.8e-09   7.7e-07   29.7   0.1   360   419    74   140    33   143 0.73 -
evm.utg15156.4                       -           1041 234290at33208        -            473   6.1e-24   86.1  15.9   2   3   6.9e-19   1.9e-16   61.4   4.8    21   186   143   315   140   323 0.90 -
evm.utg15156.4                       -           1041 234290at33208        -            473   6.1e-24   86.1  15.9   3   3      0.97   2.7e+02    1.5   0.4   269   358   405   497   397   552 0.83 -
evm.utg15156.4.1.5c22eb03            -           1041 234290at33208        -            473   6.1e-24   86.1  15.9   1   3   2.8e-09   7.7e-07   29.7   0.1   360   419    74   140    33   143 0.73 -
evm.utg15156.4.1.5c22eb03            -           1041 234290at33208        -            473   6.1e-24   86.1  15.9   2   3   6.9e-19   1.9e-16   61.4   4.8    21   186   143   315   140   323 0.90 -
evm.utg15156.4.1.5c22eb03            -           1041 234290at33208        -            473   6.1e-24   86.1  15.9   3   3      0.97   2.7e+02    1.5   0.4   269   358   405   497   397   552 0.83 -
evm.utg15156.4.3.5c22eb03.1.5c27903a -           1041 234290at33208        -            473   6.1e-24   86.1  15.9   1   3   2.8e-09   7.7e-07   29.7   0.1   360   419    74   140    33   143 0.73 -
evm.utg15156.4.3.5c22eb03.1.5c27903a -           1041 234290at33208        -            473   6.1e-24   86.1  15.9   2   3   6.9e-19   1.9e-16   61.4   4.8    21   186   143   315   140   323 0.90 -
evm.utg15156.4.3.5c22eb03.1.5c27903a -           1041 234290at33208        -            473   6.1e-24   86.1  15.9   3   3      0.97   2.7e+02    1.5   0.4   269   358   405   497   397   552 0.83 -
evm.utg15156.4.3.5c22eb03.2.5c27903b -           1041 234290at33208        -            473   6.1e-24   86.1  15.9   1   3   2.8e-09   7.7e-07   29.7   0.1   360   419    74   140    33   143 0.73 -
evm.utg15156.4.3.5c22eb03.2.5c27903b -           1041 234290at33208        -            473   6.1e-24   86.1  15.9   2   3   6.9e-19   1.9e-16   61.4   4.8    21   186   143   315   140   323 0.90 -
evm.utg15156.4.3.5c22eb03.2.5c27903b -           1041 234290at33208        -            473   6.1e-24   86.1  15.9   3   3      0.97   2.7e+02    1.5   0.4   269   358   405   497   397   552 0.83 -
evm.utg11415.49                      -            992 234290at33208        -            473   3.4e-23   83.6  18.7   1   2   0.00012     0.033   14.4   0.4   330   381    47   100    39   105 0.82 -
evm.utg11415.49                      -            992 234290at33208        -            473   3.4e-23   83.6  18.7   2   2   3.2e-22   8.8e-20   72.4  11.8    79   345   108   398   104   404 0.86 -
evm.utg1609.16                       -            239 234290at33208        -            473   4.6e-23   83.2   4.9   1   1   3.4e-24   9.3e-22   78.9   5.2    64   244    22   213    19   221 0.83 -
evm.utg1051.100                      -           2256 234290at33208        -            473   1.2e-22   81.8  17.2   1   3   3.9e-11   1.1e-08   35.8   2.6   142   225   288   378   277   384 0.82 -
evm.utg1051.100                      -           2256 234290at33208        -            473   1.2e-22   81.8  17.2   2   3   3.4e-11   9.3e-09   36.0   1.6    57   177   392   518   388   525 0.77 -
evm.utg1051.100                      -           2256 234290at33208        -            473   1.2e-22   81.8  17.2   3   3   1.1e-05    0.0029   17.9   0.3   323   384   562   627   549   631 0.66 -
evm.utg2129.16                       -           2376 234290at33208        -            473   1.3e-22   81.6  17.1   1   3   7.4e-11     2e-08   34.9   2.4   142   225   288   378   275   385 0.83 -
evm.utg2129.16                       -           2376 234290at33208        -            473   1.3e-22   81.6  17.1   2   3   3.3e-11   8.9e-09   36.1   1.7    56   178   391   519   388   525 0.83 -
evm.utg2129.16                       -           2376 234290at33208        -            473   1.3e-22   81.6  17.1   3   3   6.5e-06    0.0018   18.6   0.3   322   384   561   627   548   631 0.79 -
evm.utg2801.39                       -            976 234290at33208        -            473   1.5e-22   81.5  15.0   1   2   5.1e-15   1.4e-12   48.6   1.2   339   428    20   111     6   116 0.85 -
evm.utg2801.39                       -            976 234290at33208        -            473   1.5e-22   81.5  15.0   2   2   1.5e-14     4e-12   47.1   6.6   115   229    90   208    90   223 0.90 -
evm.utg209.30                        -            987 234290at33208        -            473   8.6e-22   79.0  20.5   1   1   4.5e-22   1.2e-19   71.9  20.3    33   340    61   392    38   400 0.64 -
evm.utg498.77                        -            486 234290at33208        -            473   2.2e-20   74.3  17.5   1   1     3e-22   8.2e-20   72.5  17.3    65   336    86   360    76   365 0.88 -
evm.utg977.34                        -           1464 234290at33208        -            473   3.3e-20   73.8  69.4   1   4   4.2e-08   1.2e-05   25.8  15.6    35   229    64   254    53   274 0.70 -
evm.utg977.34                        -           1464 234290at33208        -            473   3.3e-20   73.8  69.4   2   4   6.9e-09   1.9e-06   28.4  24.7   112   424   693  1021   681  1047 0.61 -
evm.utg977.34                        -           1464 234290at33208        -            473   3.3e-20   73.8  69.4   3   4     0.012       3.4    7.8   0.2    54    93  1124  1162  1097  1175 0.71 -
evm.utg977.34                        -           1464 234290at33208        -            473   3.3e-20   73.8  69.4   4   4   8.7e-07   0.00024   21.5   7.8   321   421  1195  1299  1180  1344 0.58 -
evm.utg977.34.1.5c22f54f             -           1486 234290at33208        -            473     4e-20   73.5  69.6   1   4   4.1e-08   1.1e-05   25.9  15.5    35   229    86   276    75   298 0.70 -
evm.utg977.34.1.5c22f54f             -           1486 234290at33208        -            473     4e-20   73.5  69.6   2   4   7.2e-09     2e-06   28.3  24.9   112   424   715  1043   703  1075 0.61 -
evm.utg977.34.1.5c22f54f             -           1486 234290at33208        -            473     4e-20   73.5  69.6   3   4     0.013       3.5    7.7   0.2    54    93  1146  1184  1120  1197 0.71 -
evm.utg977.34.1.5c22f54f             -           1486 234290at33208        -            473     4e-20   73.5  69.6   4   4   9.9e-07   0.00027   21.3   7.7   322   421  1218  1321  1214  1365 0.54 -
evm.utg1663.49                       -            425 234290at33208        -            473   2.4e-19   70.9   7.6   1   1   1.1e-19   3.1e-17   63.9   7.6    44   179     3   142     1   152 0.74 -
evm.utg648.24                        -           1008 234290at33208        -            473   3.4e-19   70.4   2.2   1   1   1.3e-21   3.4e-19   70.4   2.2   122   249    23   156     9   168 0.85 -
evm.utg6551.31                       -            989 234290at33208        -            473     8e-19   69.2  17.7   1   2   1.2e-16   3.3e-14   54.0   9.0    36   202   111   288   104   295 0.87 -
evm.utg6551.31                       -            989 234290at33208        -            473     8e-19   69.2  17.7   2   2     3e-09   8.3e-07   29.6   1.3   206   347   250   391   247   402 0.85 -
evm.utg13730.18                      -           1001 234290at33208        -            473     1e-18   68.9   2.0   1   1   7.7e-21   2.1e-18   67.8   2.0   122   249    23   156     9   166 0.85 -
evm.utg1931.94                       -            917 234290at33208        -            473   1.3e-18   68.5  20.6   1   3   8.8e-11   2.4e-08   34.7   8.1   241   397    64   228    54   231 0.81 -
evm.utg1931.94                       -            917 234290at33208        -            473   1.3e-18   68.5  20.6   2   3    0.0013      0.36   11.0   2.4    57   114   221   280   212   288 0.65 -
evm.utg1931.94                       -            917 234290at33208        -            473   1.3e-18   68.5  20.6   3   3   2.1e-10   5.6e-08   33.4   1.0    13   126   271   388   270   400 0.86 -
evm.utg14892.4                       -            817 234290at33208        -            473   2.1e-18   67.8  12.5   1   2   1.5e-10     4e-08   33.9   1.9    32   137    81   195    60   199 0.85 -
evm.utg14892.4                       -            817 234290at33208        -            473   2.1e-18   67.8  12.5   2   2   3.3e-12   9.1e-10   39.3   2.9    53   209   199   363   195   380 0.80 -
evm.utg11411.31.2.5c22e8c4           -            443 234290at33208        -            473   2.5e-18   67.6  13.1   1   1     2e-20   5.4e-18   66.5  12.9   124   318    68   275    60   279 0.85 -
evm.utg6155.11                       -            229 234290at33208        -            473   2.9e-18   67.4   7.4   1   1   2.1e-20   5.9e-18   66.3   7.4   175   342    43   219    29   227 0.69 -
evm.utg11411.31.1.5c22e8c4           -            519 234290at33208        -            473   3.7e-18   67.0  13.1   1   1   2.9e-20   7.9e-18   65.9  13.0   124   318    68   275    59   280 0.85 -
evm.utg57.16                         -           2285 234290at33208        -            473   5.5e-18   66.4   3.1   1   1   3.3e-20     9e-18   65.7   3.1    12   185   302   482   294   497 0.88 -
evm.utg579.28                        -            314 234290at33208        -            473   1.3e-17   65.2  28.0   1   2   1.3e-07   3.6e-05   24.2   4.7    82   156    32   108    26   114 0.83 -
evm.utg579.28                        -            314 234290at33208        -            473   1.3e-17   65.2  28.0   2   2   1.8e-11     5e-09   36.9   8.1    52   177   157   285   154   305 0.89 -
evm.utg73.121.1.5c22f3c1             -           1762 234290at33208        -            473     3e-17   64.0   1.8   1   1     3e-19   8.2e-17   62.6   1.8    47   189   221   366   209   372 0.90 -
evm.utg73.121                        -           1933 234290at33208        -            473   3.4e-17   63.8   1.8   1   1   3.4e-19   9.2e-17   62.4   1.8    47   189   392   537   380   543 0.90 -
evm.utg431.34                        -           1079 234290at33208        -            473   1.2e-16   62.1  15.3   1   3   8.9e-10   2.4e-07   31.3   1.4   298   421    73   213    66   250 0.75 -
evm.utg431.34                        -           1079 234290at33208        -            473   1.2e-16   62.1  15.3   2   3   6.1e-06    0.0017   18.7   5.3    32   424   250   336   223   381 0.61 -
evm.utg431.34                        -           1079 234290at33208        -            473   1.2e-16   62.1  15.3   3   3   2.2e-05     0.006   16.9   0.0   117   176   376   437   367   448 0.88 -
evm.utg162.23                        -            518 234290at33208        -            473   1.2e-16   62.0  18.1   1   1   1.3e-18   3.5e-16   60.5  18.2   214   402    70   271    53   281 0.81 -
evm.utg432.104                       -           2279 234290at33208        -            473   1.4e-16   61.8   1.9   1   1   8.3e-19   2.3e-16   61.1   1.9    25   185   316   482   295   497 0.86 -
evm.utg432.104.1.5c22f0e3            -           2302 234290at33208        -            473   1.4e-16   61.8   1.9   1   1   8.4e-19   2.3e-16   61.1   1.9    25   185   316   482   295   497 0.86 -
evm.utg95.36                         -           1145 234290at33208        -            473   2.8e-16   60.8   6.9   1   1   1.8e-18     5e-16   60.0   6.9   122   357    83   334    74   367 0.84 -
evm.utg912.7                         -            279 234290at33208        -            473   3.4e-16   60.5   1.1   1   1   1.6e-18   4.5e-16   60.1   1.1    10    98    39   128    19   171 0.92 -
evm.utg320.24.1.5c22eef3             -            244 234290at33208        -            473   3.9e-16   60.3   0.6   1   1   1.9e-18   5.1e-16   59.9   0.6    10    97    39   127    18   161 0.94 -
evm.utg320.24                        -            279 234290at33208        -            473     4e-16   60.3   0.2   1   1   2.2e-18   5.9e-16   59.7   0.2    10    97    39   127    19   138 0.94 -
evm.utg6938.8                        -           1151 234290at33208        -            473   5.8e-16   59.8  45.6   1   3   2.9e-08   7.8e-06   26.4  16.7    35   241    86   291    77   297 0.71 -
evm.utg6938.8                        -           1151 234290at33208        -            473   5.8e-16   59.8  45.6   2   3   1.2e-05    0.0032   17.7   5.5    66   192   710   840   700   860 0.69 -
evm.utg6938.8                        -           1151 234290at33208        -            473   5.8e-16   59.8  45.6   3   3   1.7e-08   4.5e-06   27.2   7.4   297   439   912  1059   862  1071 0.79 -
evm.utg4796.8                        -           1360 234290at33208        -            473   1.7e-15   58.2   2.4   1   1     3e-17   8.1e-15   56.0   2.0    47   161   405   524   397   529 0.68 -
evm.utg14533.8                       -            665 234290at33208        -            473   1.9e-15   58.1   4.5   1   1   1.4e-17   3.9e-15   57.0   4.4     9   155   400   550   393   568 0.91 -
evm.utg699.94                        -            695 234290at33208        -            473   2.2e-15   57.8   1.2   1   1   1.6e-17   4.4e-15   56.9   1.2   115   192    75   152    30   180 0.80 -
evm.utg3834.7                        -           1459 234290at33208        -            473   5.5e-15   56.5   8.1   1   1   5.6e-17   1.5e-14   55.1   7.9    14   184    74   256    63   262 0.84 -
evm.utg3834.7.1.5c22f013             -           1459 234290at33208        -            473   5.5e-15   56.5   8.1   1   1   5.6e-17   1.5e-14   55.1   7.9    14   184    74   256    63   262 0.84 -
evm.utg3790.4                        -           1368 234290at33208        -            473   3.1e-14   54.1   1.6   1   1   2.1e-16   5.8e-14   53.2   1.6   267   383   407   526   382   541 0.73 -
evm.utg29.9.1.5c22ee5f               -            401 234290at33208        -            473   3.1e-14   54.1   0.9   1   1   1.7e-16   4.6e-14   53.5   0.9   320   406    49   136    22   171 0.58 -
evm.utg324.164.1.5c22ef1f            -            401 234290at33208        -            473   3.1e-14   54.1   0.9   1   1   1.7e-16   4.6e-14   53.5   0.9   320   406    49   136    22   171 0.58 -
evm.utg11411.31.3.5c22e8c4           -            419 234290at33208        -            473   3.2e-14   54.0   9.8   1   1   2.1e-16   5.8e-14   53.2   9.8   214   405    70   251    47   264 0.52 -
evm.utg8931.2                        -           2437 234290at33208        -            473   4.3e-14   53.6   9.4   1   3   1.1e-08     3e-06   27.7   0.9    32   183   248   401   241   419 0.80 -
evm.utg8931.2                        -           2437 234290at33208        -            473   4.3e-14   53.6   9.4   2   3     0.003      0.81    9.8   0.1   258   315   513   570   502   582 0.55 -
evm.utg8931.2                        -           2437 234290at33208        -            473   4.3e-14   53.6   9.4   3   3     8e-06    0.0022   18.3   0.2   366   415   676   726   668   740 0.80 -
evm.utg498.77.1.5c22f19f             -            351 234290at33208        -            473   4.8e-14   53.4   6.4   1   1   3.2e-16   8.6e-14   52.6   6.4   139   330    27   219    10   230 0.58 -
evm.utg29.9                          -            552 234290at33208        -            473   5.4e-14   53.3   0.9   1   1   2.9e-16     8e-14   52.7   0.9   320   406    49   136    22   171 0.58 -
evm.utg324.164                       -            552 234290at33208        -            473   5.4e-14   53.3   0.9   1   1   2.9e-16     8e-14   52.7   0.9   320   406    49   136    22   171 0.58 -
evm.utg116.326                       -            432 234290at33208        -            473     6e-14   53.1  10.3   1   2   8.1e-05     0.022   15.0   3.0    93   157   168   231   113   237 0.50 -
evm.utg116.326                       -            432 234290at33208        -            473     6e-14   53.1  10.3   2   2   4.4e-13   1.2e-10   42.2   0.9   344   429   243   329   232   336 0.89 -
evm.utg126.129.1.5c22e9a0            -           2687 234290at33208        -            473   6.3e-14   53.1   9.6   1   3   1.3e-08   3.7e-06   27.5   0.8    32   182   520   672   515   678 0.82 -
evm.utg126.129.1.5c22e9a0            -           2687 234290at33208        -            473   6.3e-14   53.1   9.6   2   3    0.0034      0.93    9.6   0.1   258   315   781   838   770   849 0.55 -
evm.utg126.129.1.5c22e9a0            -           2687 234290at33208        -            473   6.3e-14   53.1   9.6   3   3   8.9e-06    0.0024   18.1   0.2   366   415   944   994   936  1010 0.78 -
evm.utg126.129                       -           2705 234290at33208        -            473   6.8e-14   52.9   9.7   1   3   1.4e-08   3.9e-06   27.4   0.8    32   182   520   672   515   676 0.82 -
evm.utg126.129                       -           2705 234290at33208        -            473   6.8e-14   52.9   9.7   2   3    0.0034      0.94    9.6   0.1   258   315   781   838   770   849 0.55 -
evm.utg126.129                       -           2705 234290at33208        -            473   6.8e-14   52.9   9.7   3   3     9e-06    0.0025   18.1   0.2   366   415   944   994   936  1010 0.78 -
evm.utg11411.31                      -            495 234290at33208        -            473   7.3e-14   52.8  10.4   1   1   4.8e-16   1.3e-13   52.0  10.4   214   405    70   251    47   263 0.52 -
evm.utg1138.26                       -            464 234290at33208        -            473   1.1e-13   52.2   2.3   1   2     3e-15   8.3e-13   49.4   1.3    77   183    23   135    21   162 0.89 -
evm.utg1138.26                       -            464 234290at33208        -            473   1.1e-13   52.2   2.3   2   2       3.7     1e+03   -0.4   0.0   268   316   137   185   133   195 0.82 -
evm.utg699.87                        -            794 234290at33208        -            473   1.7e-13   51.6   1.6   1   1   8.8e-16   2.4e-13   51.1   1.6   196   396   147   361   124   376 0.83 -
evm.utg126.46                        -            225 234290at33208        -            473   3.5e-13   50.6   9.7   1   1   2.5e-12   6.9e-10   39.7   8.5    83   234    56   222    54   224 0.50 -
evm.utg2129.140                      -            784 234290at33208        -            473   4.1e-13   50.4   8.5   1   2   1.5e-15   4.1e-13   50.4   8.5   274   420   233   378   208   411 0.71 -
evm.utg2129.140                      -            784 234290at33208        -            473   4.1e-13   50.4   8.5   2   2       8.8   2.4e+03   -1.6   0.1    60   100   577   616   553   669 0.53 -
evm.utg2129.140.1.5c22ed03           -            799 234290at33208        -            473   4.3e-13   50.3   8.5   1   2   1.6e-15   4.3e-13   50.3   8.5   274   420   233   378   208   412 0.71 -
evm.utg2129.140.1.5c22ed03           -            799 234290at33208        -            473   4.3e-13   50.3   8.5   2   2         9   2.4e+03   -1.7   0.1    60   100   592   631   568   684 0.53 -
evm.utg86.89                         -           1113 234290at33208        -            473   2.1e-12   48.0  13.2   1   2   1.4e-13   3.7e-11   43.9  13.1   141   380    14   271     6   273 0.74 -
evm.utg86.89                         -           1113 234290at33208        -            473   2.1e-12   48.0  13.2   2   2   1.4e-05    0.0039   17.5   1.2   191   278   213   306   210   344 0.49 -
evm.utg86.89.1.5c22f495              -           1179 234290at33208        -            473   2.4e-12   47.9  13.2   1   2   1.1e-13     3e-11   44.2  12.7   141   380    14   271     6   274 0.75 -
evm.utg86.89.1.5c22f495              -           1179 234290at33208        -            473   2.4e-12   47.9  13.2   2   2   1.6e-05    0.0043   17.3   1.2   191   284   213   312   210   346 0.49 -
evm.utg431.32                        -           1118 234290at33208        -            473   6.6e-12   46.4   5.7   1   2   7.9e-06    0.0021   18.3   0.7   334   418   155   247   116   277 0.55 -
evm.utg431.32                        -           1118 234290at33208        -            473   6.6e-12   46.4   5.7   2   2   3.6e-09   9.7e-07   29.4   0.4    23   175   303   471   290   479 0.80 -
evm.utg15506.9                       -            802 234290at33208        -            473   6.6e-12   46.4   0.4   1   1   9.1e-14   2.5e-11   44.5   0.3    83   450    27   132    22   153 0.59 -
evm.utg699.82                        -           2716 234290at33208        -            473   9.5e-12   45.9   3.5   1   1   5.5e-14   1.5e-11   45.2   3.5   195   396  2070  2285  2048  2301 0.83 -
evm.utg857.30                        -            824 234290at33208        -            473   1.3e-11   45.5   0.8   1   1   1.8e-13   4.9e-11   43.5   0.6   348   465    27   147    23   153 0.56 -
evm.utg597.84                        -           1082 234290at33208        -            473   1.7e-11   45.1   1.6   1   3   1.6e-05    0.0044   17.3   0.2   304   412   116   241   111   254 0.78 -
evm.utg597.84                        -           1082 234290at33208        -            473   1.7e-11   45.1   1.6   2   3   1.1e-05    0.0031   17.8   0.1   292   371   279   365   256   383 0.56 -
evm.utg597.84                        -           1082 234290at33208        -            473   1.7e-11   45.1   1.6   3   3     0.017       4.7    7.3   0.0    78   158   396   485   375   495 0.65 -
evm.utg92.79.1.5c22f519              -           1096 234290at33208        -            473   1.8e-11   45.0   7.4   1   1   1.3e-13   3.5e-11   44.0   7.4   189   360    49   232    41   252 0.85 -
evm.utg92.79                         -           1138 234290at33208        -            473   1.9e-11   44.9   7.4   1   1   1.4e-13   3.7e-11   43.9   7.4   189   360    91   274    83   294 0.85 -
evm.utg788.2                         -            812 234290at33208        -            473     2e-11   44.8  16.5   1   3   3.2e-09   8.8e-07   29.5   2.1   116   222   132   238   111   240 0.83 -
evm.utg788.2                         -            812 234290at33208        -            473     2e-11   44.8  16.5   2   3   0.00012     0.033   14.4   3.7   162   221   220   280   216   282 0.83 -
evm.utg788.2                         -            812 234290at33208        -            473     2e-11   44.8  16.5   3   3   0.00021     0.058   13.6   3.5    30   106   264   345   258   361 0.83 -
evm.utg262.16                        -            890 234290at33208        -            473   5.9e-11   43.2   2.9   1   1   3.4e-13   9.3e-11   42.6   2.9   254   360     7   119     3   136 0.86 -
evm.utg6821.8.1.5c22f33b             -           1998 234290at33208        -            473   1.2e-10   42.3   5.8   1   1   6.5e-13   1.8e-10   41.7   5.8   197   395  1403  1615  1397  1622 0.83 -
evm.utg6821.8                        -           2558 234290at33208        -            473   1.6e-10   41.8   5.8   1   1     9e-13   2.5e-10   41.2   5.8   197   395  1963  2175  1957  2182 0.83 -
evm.utg77.140                        -           1526 234290at33208        -            473   2.2e-10   41.3   7.6   1   1   2.4e-12   6.5e-10   39.8   7.3    41   154    83   205    68   211 0.84 -
evm.utg126.41                        -            168 234290at33208        -            473   2.3e-10   41.3   1.8   1   1   1.3e-12   3.4e-10   40.7   1.8    40   273     3   158     1   167 0.54 -
evm.utg379.3                         -            783 234290at33208        -            473   2.4e-10   41.3   6.3   1   1     2e-12   5.3e-10   40.1   6.3    42   177     4   150     1   153 0.79 -
evm.utg13.52                         -           2889 234290at33208        -            473   3.8e-10   40.6   3.7   1   1   2.7e-12   7.3e-10   39.7   3.7   236   395  2084  2251  2053  2257 0.81 -
evm.utg6938.8.1.5c22f351             -            940 234290at33208        -            473   4.1e-10   40.5  29.6   1   2   2.2e-08   6.1e-06   26.7  16.7    35   241    86   291    79   297 0.71 -
evm.utg6938.8.1.5c22f351             -            940 234290at33208        -            473   4.1e-10   40.5  29.6   2   2   6.1e-06    0.0016   18.7   4.9    64   192   708   840   699   856 0.69 -
evm.utg2129.118                      -           1104 234290at33208        -            473   5.2e-10   40.1   7.4   1   1   3.2e-12   8.7e-10   39.4   7.4   194   380   658   855   644   883 0.73 -
evm.utg477.24                        -            141 234290at33208        -            473   5.6e-10   40.0   2.6   1   1   2.7e-11   7.5e-09   36.3   2.6   165   279    14   137     6   140 0.62 -
evm.utg9401.10                       -           1489 234290at33208        -            473   4.4e-09   37.1   5.4   1   1   9.1e-11   2.5e-08   34.6   5.1   279   401    61   192    59   208 0.59 -
evm.utg6551.28                       -            778 234290at33208        -            473   6.4e-09   36.5   7.9   1   1   1.5e-10   4.1e-08   33.9   7.9    18   193   103   290    89   315 0.56 -
evm.utg5885.71                       -           1491 234290at33208        -            473   7.3e-09   36.3   5.1   1   1   7.8e-11   2.1e-08   34.8   5.1   279   400    61   191    56   208 0.56 -
evm.utg897.1                         -            167 234290at33208        -            473   8.6e-09   36.1   3.7   1   2   7.5e-09     2e-06   28.3   0.3    13   113    21   123    14   124 0.88 -
evm.utg897.1                         -            167 234290at33208        -            473   8.6e-09   36.1   3.7   2   2   5.6e-05     0.015   15.5   0.3    43    97    99   154    98   165 0.39 -
evm.utg4907.7                        -            530 234290at33208        -            473   1.1e-08   35.7   5.8   1   1   7.1e-11   1.9e-08   35.0   5.8    72   183    55   169    48   194 0.80 -
evm.utg477.25                        -            998 234290at33208        -            473   2.1e-08   34.8   7.7   1   1   1.2e-10   3.2e-08   34.2   7.7   216   356   109   254   103   283 0.77 -
evm.utg259.36                        -           1071 234290at33208        -            473   3.1e-08   34.3  12.9   1   2   1.7e-06   0.00047   20.5   1.2   331   400    12    87     2    91 0.75 -
evm.utg259.36                        -           1071 234290at33208        -            473   3.1e-08   34.3  12.9   2   2   4.3e-06    0.0012   19.2   6.0    12   122    78   192    73   242 0.79 -
evm.utg1900.20                       -            292 234290at33208        -            473   3.5e-08   34.1  10.4   1   2   0.00013     0.034   14.4   2.8    13   136    22   146    17   151 0.69 -
evm.utg1900.20                       -            292 234290at33208        -            473   3.5e-08   34.1  10.4   2   2   1.1e-07     3e-05   24.4   1.7    30   108   147   226   143   249 0.83 -
evm.utg1828.2                        -            506 234290at33208        -            473   3.6e-08   34.1   1.2   1   1   1.9e-10   5.1e-08   33.6   1.2   209   306    21   120     5   144 0.84 -
utg415.evm.utg24941.10.mrna2         -            242 234290at33208        -            473   4.5e-08   33.7   7.4   1   1   2.2e-10   5.9e-08   33.4   7.4   305   421    48   167    39   182 0.65 -
evm.utg207.27                        -           2436 234290at33208        -            473     5e-08   33.6   7.6   1   1   3.2e-10   8.7e-08   32.8   7.6    35   239  1798  2018  1785  2029 0.71 -
evm.utg1272.16                       -            841 234290at33208        -            473     6e-08   33.3   0.0   1   2   2.4e-08   6.7e-06   26.6   0.0    30   157   118   252   106   255 0.88 -
evm.utg1272.16                       -            841 234290at33208        -            473     6e-08   33.3   0.0   2   2      0.28        76    3.3   0.0   125   175   326   378   290   388 0.53 -
evm.utg861.91                        -            696 234290at33208        -            473     6e-08   33.3   4.8   1   1   4.1e-10   1.1e-07   32.5   4.8   104   406   306   430   231   449 0.57 -
evm.utg92.16                         -           1394 234290at33208        -            473   8.5e-08   32.8   4.9   1   1   5.3e-10   1.4e-07   32.1   4.9   277   421  1219  1375  1163  1391 0.71 -
evm.utg479.128                       -           1084 234290at33208        -            473     9e-08   32.8   1.3   1   1   7.2e-10     2e-07   31.6   1.3    22   134   267   387   255   409 0.70 -
evm.utg3155.27                       -           1238 234290at33208        -            473   1.6e-07   31.9   5.4   1   2    0.0015       0.4   10.8   0.4   309   400   140   241   130   246 0.75 -
evm.utg3155.27                       -           1238 234290at33208        -            473   1.6e-07   31.9   5.4   2   2   2.9e-08   7.9e-06   26.3   3.1   204   345   202   352   195   354 0.82 -
evm.utg512.13                        -            899 234290at33208        -            473   1.7e-07   31.9   0.9   1   1     1e-09   2.8e-07   31.1   0.9   298   421   157   291   121   298 0.56 -
evm.utg214.75                        -           1418 234290at33208        -            473   2.4e-07   31.3   1.1   1   1   1.5e-09     4e-07   30.6   1.1   297   421   156   291   121   299 0.62 -
evm.utg101.51                        -            639 234290at33208        -            473   4.1e-07   30.6   1.7   1   1   2.8e-09   7.7e-07   29.7   1.7    48   238    77   284    57   297 0.57 -
evm.utg861.131                       -            193 234290at33208        -            473   6.1e-07   30.0   5.8   1   1   2.8e-09   7.5e-07   29.7   5.8   320   413    46   140    26   156 0.83 -
evm.utg1919.92                       -            193 234290at33208        -            473   6.4e-07   30.0   5.5   1   1   2.8e-09   7.7e-07   29.7   5.5   320   413    46   140    25   156 0.82 -
evm.utg386.19                        -           1049 234290at33208        -            473   1.2e-06   29.0   3.4   1   1   7.6e-09   2.1e-06   28.3   3.4   217   361   491   641   481   665 0.60 -
evm.utg286.7                         -           1082 234290at33208        -            473   1.3e-06   28.9   4.5   1   1   1.1e-08     3e-06   27.7   4.5   163   313   472   630   464   653 0.62 -
evm.utg126.49                        -            308 234290at33208        -            473   1.4e-06   28.8   0.4   1   1   6.8e-09   1.8e-06   28.4   0.4   210   293    22   107    15   151 0.75 -
evm.utg12655.56                      -            387 234290at33208        -            473   1.7e-06   28.6  11.9   1   2      0.12        32    4.6   0.1    62    93     3    33     1    45 0.66 -
evm.utg12655.56                      -            387 234290at33208        -            473   1.7e-06   28.6  11.9   2   2   5.4e-08   1.5e-05   25.4   8.0   321   421    66   170    55   216 0.60 -
evm.utg910.179                       -            342 234290at33208        -            473   1.9e-06   28.4   8.6   1   2   8.2e-07   0.00022   21.6   2.9   339   419    47   126    23   138 0.85 -
evm.utg910.179                       -            342 234290at33208        -            473   1.9e-06   28.4   8.6   2   2    0.0027      0.74    9.9   0.4   343   391   147   198   135   209 0.70 -
evm.utg1828.26                       -            374 234290at33208        -            473   4.4e-06   27.2   1.0   1   1   2.3e-08   6.3e-06   26.7   1.0   206   306     5   107     1   118 0.70 -
evm.utg2123.44                       -           1381 234290at33208        -            473   5.6e-06   26.8   3.4   1   2   4.5e-08   1.2e-05   25.7   1.7   201   282   772   855   740   872 0.40 -
evm.utg2123.44                       -           1381 234290at33208        -            473   5.6e-06   26.8   3.4   2   2       3.7     1e+03   -0.4   0.0    66    91  1249  1274  1224  1291 0.83 -
evm.utg307.23                        -            177 234290at33208        -            473   7.2e-06   26.5   1.0   1   1   3.2e-08   8.8e-06   26.2   1.0   187   283     5   104     2   131 0.77 -
evm.utg6155.7                        -           1008 234290at33208        -            473     1e-05   26.0   1.8   1   1   5.7e-08   1.6e-05   25.4   1.8    40   124     5    92     1   138 0.83 -
evm.utg24783.11                      -            557 234290at33208        -            473   1.1e-05   25.9  16.3   1   1   2.2e-07     6e-05   23.4  15.8    66   348   191   495   165   501 0.70 -
evm.utg14703.9                       -            816 234290at33208        -            473   1.1e-05   25.8   1.2   1   1   6.9e-08   1.9e-05   25.1   1.2   232   401    99   274    90   282 0.74 -
evm.utg729.149                       -            231 234290at33208        -            473   1.3e-05   25.6   0.7   1   1   6.9e-08   1.9e-05   25.1   0.7    17    91    77   147    44   152 0.79 -
evm.utg622.140                       -            143 234290at33208        -            473   1.5e-05   25.4   0.6   1   1   8.5e-08   2.3e-05   24.8   0.6   177   292     7   128     2   141 0.55 -
evm.utg1205.46                       -            923 234290at33208        -            473   1.6e-05   25.3   0.4   1   1   6.2e-07   0.00017   22.0   0.2    36   113    28   106    23   110 0.92 -
evm.utg4907.25                       -            324 234290at33208        -            473   1.8e-05   25.2   0.5   1   1   8.3e-08   2.3e-05   24.8   0.5   298   362   202   269   143   289 0.67 -
evm.utg1925.44                       -           1618 234290at33208        -            473   2.1e-05   25.0   7.7   1   1     4e-07   0.00011   22.6   7.5    12   130   304   423   301   430 0.89 -
evm.utg279.21                        -           2080 234290at33208        -            473   2.6e-05   24.6   1.0   1   1   1.8e-07   4.9e-05   23.7   0.4   300   372  1050  1126  1029  1146 0.80 -
evm.utg2818.3                        -            268 234290at33208        -            473   3.2e-05   24.3   0.0   1   1   1.5e-07     4e-05   24.0   0.0   260   323    25    89     6   100 0.68 -
evm.utg150.14.1.5c22eb00             -           1408 234290at33208        -            473   4.3e-05   23.9   2.1   1   1     3e-07   8.1e-05   23.0   2.1    37   162   674   807   656   830 0.64 -
evm.utg150.14.1.5c27903a             -           1818 234290at33208        -            473   6.7e-05   23.3   2.2   1   1   4.4e-07   0.00012   22.4   2.2    37   162  1084  1217  1066  1239 0.64 -
evm.utg150.14                        -           2072 234290at33208        -            473   8.1e-05   23.0   2.2   1   1   5.3e-07   0.00014   22.2   2.2    37   162  1338  1471  1320  1492 0.63 -
evm.utg2994.40                       -           1578 234290at33208        -            473   9.5e-05   22.8   0.6   1   1   7.6e-07   0.00021   21.7   0.4    16    85  1121  1192  1105  1212 0.60 -
evm.utg5950.65                       -            596 234290at33208        -            473    0.0001   22.7   1.8   1   1     6e-07   0.00016   22.0   1.8   301   382    58   146    53   175 0.71 -
evm.utg116.26                        -            374 234290at33208        -            473   0.00016   22.0   2.4   1   1   8.5e-07   0.00023   21.5   2.4    28    90    16    81     5    85 0.73 -
evm.utg6272.16                       -            608 234290at33208        -            473   0.00018   21.9   1.0   1   1   1.4e-06   0.00037   20.8   1.0    13    90    70   150    58   167 0.67 -
evm.utg1645.10                       -             87 234290at33208        -            473   0.00022   21.6   0.1   1   1   9.1e-07   0.00025   21.4   0.1   214   274    19    79    12    85 0.93 -
evm.utg259.38                        -            247 234290at33208        -            473   0.00026   21.3   3.1   1   2     0.003      0.81    9.8   0.3    39    74     8    44     3    50 0.84 -
evm.utg259.38                        -            247 234290at33208        -            473   0.00026   21.3   3.1   2   2   0.00036     0.097   12.9   0.3    32    97    49   114    39   179 0.74 -
evm.utg6078.45                       -            527 234290at33208        -            473   0.00044   20.6   1.4   1   2   1.4e-05    0.0038   17.5   1.0    45   135    99   192    61   195 0.79 -
evm.utg6078.45                       -            527 234290at33208        -            473   0.00044   20.6   1.4   2   2     9e-05     0.025   14.8   0.7    59   360   113   193   110   227 0.43 -
evm.utg5652.1                        -            197 234290at33208        -            473   0.00067   20.0   0.2   1   1   3.3e-06    0.0009   19.6   0.2   118   182   118   180    95   193 0.55 -
evm.utg777.90                        -            299 234290at33208        -            473   0.00072   19.9   0.9   1   1   4.9e-06    0.0013   19.0   0.2    27   112    14    99     2   139 0.77 -
evm.utg405.12                        -            278 234290at33208        -            473   0.00078   19.8   5.2   1   1   3.9e-06    0.0011   19.3   5.2    88   162    52   129    12   170 0.57 -
evm.utg73.66                         -            511 234290at33208        -            473   0.00084   19.7   0.0   1   1   4.8e-06    0.0013   19.0   0.0   304   381    67   148    55   208 0.69 -
evm.utg1395.52                       -            801 234290at33208        -            473   0.00085   19.7   2.9   1   1   4.6e-06    0.0013   19.1   2.9   245   347   330   436   316   447 0.48 -
evm.utg1272.8                        -           1056 234290at33208        -            473    0.0013   19.0   0.5   1   1   8.2e-06    0.0022   18.3   0.5    13   385    52   140    40   169 0.37 -
evm.utg324.111                       -            972 234290at33208        -            473    0.0014   18.9   0.4   1   1     1e-05    0.0028   17.9   0.4   302   392    64   162    42   171 0.54 -
evm.utg378.120                       -            499 234290at33208        -            473    0.0014   18.9   0.6   1   1   9.5e-06    0.0026   18.0   0.6   182   292    93   210    53   241 0.55 -
evm.utg4194.125                      -           1117 234290at33208        -            473    0.0015   18.8   0.6   1   1   1.1e-05    0.0029   17.9   0.6   280   362   112   200   102   225 0.43 -
evm.utg160.30.2.5c22eb5e             -            539 234290at33208        -            473    0.0016   18.7   1.4   1   1   8.4e-06    0.0023   18.2   1.4    31   114    24   108    10   149 0.76 -
evm.utg2123.47                       -            709 234290at33208        -            473    0.0016   18.7   0.0   1   1   9.9e-06    0.0027   18.0   0.0   243   319   622   698   589   708 0.78 -
evm.utg95.23                         -            195 234290at33208        -            473    0.0025   18.1   0.3   1   1   1.3e-05    0.0036   17.6   0.3   188   245    87   148    57   182 0.81 -
evm.utg190.47.1.5c22ec4c.1.5c27913f  -            196 234290at33208        -            473    0.0028   17.9   1.4   1   1   1.4e-05    0.0038   17.5   1.4    69   151    32   117    12   149 0.60 -
evm.utg2798.26                       -            248 234290at33208        -            473    0.0037   17.5   4.0   1   1     6e-05     0.016   15.4   3.5    12   117    44   153    39   162 0.71 -
evm.utg1931.78.1.5c22ec72            -            183 234290at33208        -            473    0.0044   17.3   1.3   1   1     2e-05    0.0054   17.0   1.3   143   239    27   125    10   147 0.76 -
evm.utg498.80                        -            517 234290at33208        -            473    0.0048   17.2   0.2   1   1   3.2e-05    0.0087   16.3   0.2   199   268     7    74     3    98 0.81 -
evm.utg190.47.1.5c22ec4c             -            260 234290at33208        -            473    0.0054   17.0   1.4   1   1   2.8e-05    0.0075   16.5   1.4    69   151    32   117    12   148 0.60 -
evm.utg2757.32                       -            625 234290at33208        -            473    0.0064   16.8   6.3   1   1   4.6e-05     0.012   15.8   6.3   335   424    14   105     5   133 0.63 -
evm.utg56.3                          -            375 234290at33208        -            473    0.0071   16.6   0.3   1   1     4e-05     0.011   16.0   0.3    52    97    50    96    11   113 0.65 -
evm.utg190.47                        -            300 234290at33208        -            473    0.0086   16.3   1.6   1   1   4.3e-05     0.012   15.9   1.6    69   151    32   117    12   144 0.59 -
evm.utg1465.8                        -           1698 234290at33208        -            473    0.0093   16.2   0.2   1   1   5.6e-05     0.015   15.5   0.2   196   294  1137  1238  1116  1258 0.76 -
evm.utg216.18                        -            140 234290at33208        -            473    0.0094   16.2   0.1   1   1   4.4e-05     0.012   15.9   0.1   258   296    91   129    76   138 0.82 -
evm.utg1931.78                       -            249 234290at33208        -            473    0.0095   16.2   1.3   1   1   4.5e-05     0.012   15.8   1.3   143   239    27   125    10   147 0.76 -
evm.utg4194.97                       -            571 234290at33208        -            473     0.015   15.6   0.4   1   1   7.9e-05     0.022   15.0   0.4   123   223    56   164    45   184 0.65 -
evm.utg762.18                        -            452 234290at33208        -            473     0.016   15.4   0.5   1   1     9e-05     0.025   14.8   0.5   117   219   246   367   224   418 0.70 -
evm.utg3761.27                       -            576 234290at33208        -            473     0.019   15.2   4.9   1   1   0.00023     0.062   13.5   5.0   231   329    61   164    48   203 0.60 -
utg2045.equina_smart_1440781.mrna1   -             99 234290at33208        -            473     0.021   15.0   0.7   1   1    0.0002     0.054   13.7   0.8   322   381    16    79     5    94 0.45 -
evm.utg3380.15                       -            650 234290at33208        -            473     0.026   14.7   0.1   1   1   0.00015     0.042   14.1   0.1    53   414   113   190    96   196 0.51 -
evm.utg477.23                        -            838 234290at33208        -            473     0.027   14.7   1.9   1   1   0.00014     0.039   14.2   1.9    14    99    11    99     5   121 0.82 -
evm.utg15156.3                       -            432 234290at33208        -            473     0.028   14.6   0.3   1   1   0.00014     0.039   14.2   0.3   117   200   246   340   224   400 0.77 -
evm.utg207.2                         -           2000 234290at33208        -            473      0.04   14.1   0.2   1   1   0.00022     0.061   13.5   0.2   199   249    53   104    44   142 0.70 -
evm.utg1910.66                       -            643 234290at33208        -            473     0.044   14.0   0.4   1   1   0.00026      0.07   13.3   0.4   255   348    97   192    68   217 0.60 -
evm.utg1565.100                      -            386 234290at33208        -            473     0.046   13.9   3.4   1   2   0.00035     0.096   12.9   1.9    35   112   145   232   110   291 0.75 -
evm.utg1565.100                      -            386 234290at33208        -            473     0.046   13.9   3.4   2   2       5.3   1.4e+03   -0.9   0.1    57    90   284   317   268   349 0.58 -
evm.utg2129.158                      -            504 234290at33208        -            473      0.06   13.5   0.0   1   1   0.00034     0.092   12.9   0.0   329   374    12    62     4    71 0.69 -
evm.utg10470.34                      -            266 234290at33208        -            473     0.065   13.4   0.2   1   1   0.00042      0.11   12.6   0.2    51   111     5    66     1   100 0.73 -
evm.utg1910.68                       -            557 234290at33208        -            473      0.12   12.6   0.0   1   1   0.00071      0.19   11.9   0.0   321   377    24    85     7   105 0.38 -
#
# Program:         hmmsearch
# Version:         3.1b2 (February 2015)
# Pipeline mode:   SEARCH
# Query file:      /uoa/scratch/users/r02hw22/project_dark_genes/busco_downloads/lineages/metazoa_odb10/hmms/234290at33208.hmm
# Target file:     /uoa/scratch/users/r02hw22/project_dark_genes/00_raw/equina_smart.rnam-trna.merged.ggf.curated.remredun.aa.fa
# Option settings: hmmsearch --domtblout /uoa/scratch/users/r02hw22/project_dark_genes/equina_busco_proteins/run_metazoa_odb10/hmmer_output/initial_run_results/234290at33208.out --cpu 1 /uoa/scratch/users/r02hw22/project_dark_genes/busco_downloads/lineages/metazoa_odb10/hmms/234290at33208.hmm /uoa/scratch/users/r02hw22/project_dark_genes/00_raw/equina_smart.rnam-trna.merged.ggf.curated.remredun.aa.fa 
# Current dir:     /uoa/scratch/users/r02hw22/project_dark_genes
# Date:            Sat Apr 25 14:41:25 2026
# [ok]
