#                                                                            --- full sequence --- -------------- this domain -------------   hmm coord   ali coord   env coord
# target name        accession   tlen query name           accession   qlen   E-value  score  bias   #  of  c-Evalue  i-Evalue  score  bias  from    to  from    to  from    to  acc description of target
#------------------- ---------- ----- -------------------- ---------- ----- --------- ------ ----- --- --- --------- --------- ------ ----- ----- ----- ----- ----- ----- ----- ---- ---------------------
evm.utg479.58        -            372 239149at33208        -            268   6.5e-20   73.1   2.5   1   4     0.032   8.9e+02    0.6   0.0    43    59    69    85    45   113 0.68 -
evm.utg479.58        -            372 239149at33208        -            268   6.5e-20   73.1   2.5   2   4     0.014   3.9e+02    1.7   0.0    96   113   153   170   121   194 0.81 -
evm.utg479.58        -            372 239149at33208        -            268   6.5e-20   73.1   2.5   3   4   1.8e-22   4.9e-18   67.0   0.1   167   247   253   336   220   340 0.79 -
evm.utg479.58        -            372 239149at33208        -            268   6.5e-20   73.1   2.5   4   4     0.046   1.3e+03    0.0   0.0   235   265   340   371   337   371 0.90 -
evm.utg16036.13      -            360 239149at33208        -            268   6.1e-15   56.9   0.6   1   3     0.065   1.8e+03   -0.4   0.0    45    84    62    99    52   106 0.67 -
evm.utg16036.13      -            360 239149at33208        -            268   6.1e-15   56.9   0.6   2   3      0.12   3.5e+03   -1.4   0.0    97   113   141   157   128   167 0.79 -
evm.utg16036.13      -            360 239149at33208        -            268   6.1e-15   56.9   0.6   3   3   1.8e-18   5.1e-14   53.8   0.0   171   243   246   322   236   357 0.81 -
#
# Program:         hmmsearch
# Version:         3.1b2 (February 2015)
# Pipeline mode:   SEARCH
# Query file:      /uoa/scratch/users/r02hw22/project_dark_genes/busco_downloads/lineages/metazoa_odb10/hmms/239149at33208.hmm
# Target file:     /uoa/scratch/users/r02hw22/project_dark_genes/00_raw/equina_smart.rnam-trna.merged.ggf.curated.remredun.aa.fa
# Option settings: hmmsearch --domtblout /uoa/scratch/users/r02hw22/project_dark_genes/equina_busco_proteins/run_metazoa_odb10/hmmer_output/initial_run_results/239149at33208.out --cpu 1 /uoa/scratch/users/r02hw22/project_dark_genes/busco_downloads/lineages/metazoa_odb10/hmms/239149at33208.hmm /uoa/scratch/users/r02hw22/project_dark_genes/00_raw/equina_smart.rnam-trna.merged.ggf.curated.remredun.aa.fa 
# Current dir:     /uoa/scratch/users/r02hw22/project_dark_genes
# Date:            Sat Apr 25 14:40:46 2026
# [ok]
