#                                                                                            --- full sequence --- -------------- this domain -------------   hmm coord   ali coord   env coord
# target name                        accession   tlen query name           accession   qlen   E-value  score  bias   #  of  c-Evalue  i-Evalue  score  bias  from    to  from    to  from    to  acc description of target
#                ------------------- ---------- ----- -------------------- ---------- ----- --------- ------ ----- --- --- --------- --------- ------ ----- ----- ----- ----- ----- ----- ----- ---- ---------------------
evm.utg750.63                        -            616 245567at33208        -            417  1.8e-150  503.2  65.1   1   3  7.7e-105    4e-102  343.9  42.5     2   284    76   400    75   422 0.84 -
evm.utg750.63                        -            616 245567at33208        -            417  1.8e-150  503.2  65.1   2   3   1.4e-22   7.3e-20   73.0   7.8   276   361   434   527   403   534 0.79 -
evm.utg750.63                        -            616 245567at33208        -            417  1.8e-150  503.2  65.1   3   3   2.7e-29   1.4e-26   95.1   1.7   360   417   551   608   535   608 0.95 -
evm.utg750.63.1.5c22f3e1             -            616 245567at33208        -            417  1.8e-150  503.2  65.1   1   3  7.7e-105    4e-102  343.9  42.5     2   284    76   400    75   422 0.84 -
evm.utg750.63.1.5c22f3e1             -            616 245567at33208        -            417  1.8e-150  503.2  65.1   2   3   1.4e-22   7.3e-20   73.0   7.8   276   361   434   527   403   534 0.79 -
evm.utg750.63.1.5c22f3e1             -            616 245567at33208        -            417  1.8e-150  503.2  65.1   3   3   2.7e-29   1.4e-26   95.1   1.7   360   417   551   608   535   608 0.95 -
evm.utg750.63.1.5c22f3e1.1.5c27978f  -            616 245567at33208        -            417  1.8e-150  503.2  65.1   1   3  7.7e-105    4e-102  343.9  42.5     2   284    76   400    75   422 0.84 -
evm.utg750.63.1.5c22f3e1.1.5c27978f  -            616 245567at33208        -            417  1.8e-150  503.2  65.1   2   3   1.4e-22   7.3e-20   73.0   7.8   276   361   434   527   403   534 0.79 -
evm.utg750.63.1.5c22f3e1.1.5c27978f  -            616 245567at33208        -            417  1.8e-150  503.2  65.1   3   3   2.7e-29   1.4e-26   95.1   1.7   360   417   551   608   535   608 0.95 -
evm.utg4455.34                       -            488 245567at33208        -            417     4e-22   80.4   6.3   1   4   1.2e-06   0.00064   20.4   0.1    10    76    40   106    31   120 0.83 -
evm.utg4455.34                       -            488 245567at33208        -            417     4e-22   80.4   6.3   2   4         5   2.6e+03   -1.3   1.9   186   217   232   263   224   272 0.54 -
evm.utg4455.34                       -            488 245567at33208        -            417     4e-22   80.4   6.3   3   4   6.7e-05     0.035   14.7   0.1   357   393   302   338   284   357 0.81 -
evm.utg4455.34                       -            488 245567at33208        -            417     4e-22   80.4   6.3   4   4   1.4e-19   7.1e-17   63.1   0.4   340   416   404   484   376   485 0.78 -
evm.utg405.82                        -            492 245567at33208        -            417   1.5e-21   78.5   6.7   1   4   1.5e-06   0.00076   20.2   0.1    10    76    27    93    18   107 0.83 -
evm.utg405.82                        -            492 245567at33208        -            417   1.5e-21   78.5   6.7   2   4       4.7   2.5e+03   -1.3   1.9   186   215   219   248   209   259 0.49 -
evm.utg405.82                        -            492 245567at33208        -            417   1.5e-21   78.5   6.7   3   4   8.9e-05     0.046   14.3   0.1   357   393   289   325   272   341 0.83 -
evm.utg405.82                        -            492 245567at33208        -            417   1.5e-21   78.5   6.7   4   4   2.3e-19   1.2e-16   62.3   0.3   349   416   417   488   381   489 0.79 -
evm.utg1127.40                       -            566 245567at33208        -            417   4.2e-13   50.7  26.2   1   2   6.6e-11   3.4e-08   34.5   0.2    15    69     6    59     2    72 0.85 -
evm.utg1127.40                       -            566 245567at33208        -            417   4.2e-13   50.7  26.2   2   2     9e-09   4.7e-06   27.5  20.9   105   225   134   259   114   277 0.84 -
evm.utg411.99                        -            221 245567at33208        -            417   1.4e-12   49.0   0.7   1   1   4.2e-15   2.2e-12   48.3   0.7    11    75    24    88    15    92 0.91 -
evm.utg526.3                         -            534 245567at33208        -            417   2.3e-11   45.0   3.6   1   2      0.38     2e+02    2.4   1.5   329   354   261   284   172   299 0.76 -
evm.utg526.3                         -            534 245567at33208        -            417   2.3e-11   45.0   3.6   2   2   4.4e-14   2.3e-11   45.0   3.6     3    76   390   469   386   492 0.80 -
evm.utg207.16                        -            348 245567at33208        -            417     3e-11   44.6   0.9   1   1   8.8e-14   4.6e-11   44.0   0.9    12    71     3    59     2    70 0.88 -
evm.utg104.75                        -            310 245567at33208        -            417   1.4e-10   42.4   0.0   1   1   3.5e-13   1.8e-10   42.0   0.0    12    69     3    57     1    82 0.90 -
evm.utg114.6                         -            533 245567at33208        -            417   1.7e-10   42.1   7.5   1   2      0.75   3.9e+02    1.4   1.4   329   351   260   282   170   301 0.75 -
evm.utg114.6                         -            533 245567at33208        -            417   1.7e-10   42.1   7.5   2   2   3.2e-13   1.7e-10   42.1   7.5     3    76   389   468   387   491 0.81 -
evm.utg10359.28                      -            347 245567at33208        -            417   1.9e-10   41.9   0.0   1   1   5.6e-13   2.9e-10   41.3   0.0    12    75    20    84    14    92 0.88 -
evm.utg114.6.1.5c22e8c0              -            512 245567at33208        -            417     2e-10   41.9   7.9   1   2      0.78   4.1e+02    1.3   1.7   329   351   260   282   171   312 0.76 -
evm.utg114.6.1.5c22e8c0              -            512 245567at33208        -            417     2e-10   41.9   7.9   2   2   3.8e-13     2e-10   41.9   7.9     3    76   389   468   385   491 0.81 -
evm.utg526.3.1.5c22f1d8              -            448 245567at33208        -            417   2.3e-10   41.7   7.2   1   2      0.85   4.4e+02    1.2   3.3   328   354   174   198    45   214 0.76 -
evm.utg526.3.1.5c22f1d8              -            448 245567at33208        -            417   2.3e-10   41.7   7.2   2   2   4.4e-13   2.3e-10   41.7   7.2     3    76   304   383   302   406 0.80 -
evm.utg983.14                        -            388 245567at33208        -            417   2.3e-10   41.6   0.1   1   1   7.1e-13   3.7e-10   41.0   0.1    12    75    56   120    49   125 0.88 -
evm.utg983.14.1.5c22f552             -            431 245567at33208        -            417   2.8e-10   41.4   0.1   1   1   8.3e-13   4.3e-10   40.8   0.1    12    75    56   120    49   125 0.88 -
evm.utg734.14                        -            338 245567at33208        -            417     4e-10   40.9   0.0   1   1   1.1e-12   5.8e-10   40.3   0.0    12    69     3    57     1    69 0.88 -
evm.utg1555.42                       -            338 245567at33208        -            417   5.2e-10   40.5   0.1   1   1   1.4e-12   7.5e-10   40.0   0.1    12    69     3    57     1    66 0.91 -
evm.utg1555.42.1.5c22eb37            -            338 245567at33208        -            417   5.2e-10   40.5   0.1   1   1   1.4e-12   7.5e-10   40.0   0.1    12    69     3    57     1    66 0.91 -
evm.utg989.21.1.5c22f558.2.5c2798c6  -            459 245567at33208        -            417   2.5e-09   38.3   0.1   1   1   6.6e-12   3.4e-09   37.8   0.1    11    79    20    89    11   139 0.81 -
evm.utg989.21.1.5c22f558.1.5c2798c6  -            500 245567at33208        -            417   2.8e-09   38.1   0.1   1   1   7.6e-12   3.9e-09   37.6   0.1    11    79    20    89    11   139 0.81 -
evm.utg989.21.1.5c22f558             -            593 245567at33208        -            417   3.7e-09   37.7   0.1   1   1     1e-11   5.3e-09   37.2   0.1    11    79    20    89    11   138 0.82 -
evm.utg62.129                        -            363 245567at33208        -            417   3.8e-09   37.6   0.3   1   1   1.1e-11   5.6e-09   37.1   0.3     2    72   273   340   272   351 0.85 -
evm.utg2017.39                       -            363 245567at33208        -            417   3.9e-09   37.6   0.3   1   1   1.1e-11   5.6e-09   37.1   0.3     2    72   273   340   272   351 0.85 -
evm.utg989.21.4.5c22f558             -            629 245567at33208        -            417   3.9e-09   37.6   0.1   1   1   1.1e-11   5.8e-09   37.0   0.1    11    79    20    89    11   138 0.82 -
evm.utg989.21.3.5c22f558             -            701 245567at33208        -            417   4.5e-09   37.4   0.1   1   1   1.3e-11   6.8e-09   36.8   0.1    11    79    20    89    11   138 0.82 -
evm.utg3522.6                        -            314 245567at33208        -            417   7.1e-09   36.7   1.5   1   2   1.4e-11   7.1e-09   36.7   1.5    11    78    66   133    57   152 0.82 -
evm.utg3522.6                        -            314 245567at33208        -            417   7.1e-09   36.7   1.5   2   2       7.3   3.8e+03   -1.9   0.9    96   131   256   291   240   298 0.56 -
evm.utg192.36                        -            248 245567at33208        -            417     8e-09   36.6   0.1   1   1   2.7e-11   1.4e-08   35.8   0.1    14    75     4    64     2    74 0.82 -
evm.utg526.25.1.5c22f1da             -            826 245567at33208        -            417   8.5e-09   36.5   0.1   1   1   1.6e-11   8.5e-09   36.5   0.1    11    79    20    89    11   138 0.82 -
evm.utg989.21                        -            826 245567at33208        -            417   8.5e-09   36.5   0.1   1   1   1.6e-11   8.5e-09   36.5   0.1    11    79    20    89    11   138 0.82 -
evm.utg1278.14                       -            759 245567at33208        -            417   8.7e-09   36.5   1.6   1   2     2e-11     1e-08   36.2   0.1    11    75    26    90    20   114 0.82 -
evm.utg1278.14                       -            759 245567at33208        -            417   8.7e-09   36.5   1.6   2   2       8.4   4.4e+03   -2.1   0.2   239   277   381   419   363   431 0.68 -
evm.utg526.25                        -            868 245567at33208        -            417   9.1e-09   36.4   0.1   1   2   1.7e-11   9.1e-09   36.4   0.1    11    79    20    89    11   138 0.82 -
evm.utg526.25                        -            868 245567at33208        -            417   9.1e-09   36.4   0.1   2   2       4.4   2.3e+03   -1.1   2.5   191   240   765   806   755   844 0.54 -
evm.utg6432.11.1.5c22f30f            -            175 245567at33208        -            417   1.1e-08   36.2   0.2   1   1   2.3e-11   1.2e-08   36.0   0.2    25    75    24    78     4   108 0.79 -
evm.utg6432.11                       -            217 245567at33208        -            417   1.1e-08   36.1   0.1   1   1   2.7e-11   1.4e-08   35.8   0.1    25    75    35    89    15   119 0.76 -
evm.utg3409.1                        -            217 245567at33208        -            417   1.1e-08   36.1   0.1   1   1   2.7e-11   1.4e-08   35.8   0.1    25    75    35    89    15   119 0.76 -
evm.utg6432.11.2.5c22f30f            -            206 245567at33208        -            417   1.5e-08   35.7   0.2   1   1   3.5e-11   1.8e-08   35.4   0.2    25    75    24    78     5   108 0.79 -
evm.utg26517.2                       -            439 245567at33208        -            417   1.6e-08   35.6   1.5   1   1   4.3e-11   2.2e-08   35.1   1.5     8    76    72   141    68   149 0.87 -
evm.utg5073.19.1.5c22f1b5            -            201 245567at33208        -            417   1.8e-08   35.4   0.3   1   1   5.9e-11   3.1e-08   34.7   0.3    13    74     3    63     1    72 0.81 -
evm.utg5073.19                       -            247 245567at33208        -            417   2.2e-08   35.1   0.3   1   1   8.7e-11   4.5e-08   34.1   0.3    13    74     3    63     1    72 0.81 -
evm.utg7289.10                       -            208 245567at33208        -            417   2.3e-08   35.1   5.1   1   2     6e-11   3.1e-08   34.6   0.2    11    74    41   105    33   108 0.81 -
evm.utg7289.10                       -            208 245567at33208        -            417   2.3e-08   35.1   5.1   2   2       0.3   1.6e+02    2.7   0.8   125   162   132   167   129   206 0.71 -
evm.utg5073.19.2.5c22f1b5            -            178 245567at33208        -            417   2.4e-08   35.0   0.3   1   1   4.6e-11   2.4e-08   35.0   0.3    13    74     3    63     1    72 0.81 -
evm.utg338.78.2.5c22ef4c             -            335 245567at33208        -            417   2.9e-08   34.7   2.7   1   1   7.7e-11     4e-08   34.3   2.7     8    76    75   144    71   150 0.87 -
evm.utg338.78                        -            457 245567at33208        -            417   4.7e-08   34.1   2.7   1   1   1.3e-10   6.6e-08   33.6   2.7     8    76    75   144    71   150 0.87 -
evm.utg338.78.1.5c22ef4c             -            542 245567at33208        -            417   5.3e-08   33.9   2.7   1   1   1.6e-10   8.4e-08   33.2   2.7     8    76    75   144    71   150 0.87 -
evm.utg40512.13                      -           2261 245567at33208        -            417   5.9e-08   33.7   0.6   1   1   1.1e-10   5.9e-08   33.7   0.6    10    74   513   577   506   582 0.85 -
evm.utg6072.9                        -            157 245567at33208        -            417   8.5e-08   33.2   0.4   1   1   2.1e-10   1.1e-07   32.9   0.4     9    74     3    75     1    80 0.77 -
evm.utg577.72                        -            157 245567at33208        -            417   2.1e-07   31.9   0.5   1   1     5e-10   2.6e-07   31.6   0.5    10    74     4    75     1    81 0.74 -
evm.utg2156.34.1.5c22ed1d.1.5c2791f4 -            271 245567at33208        -            417     6e-07   30.4   0.2   1   1   1.9e-09   9.7e-07   29.7   0.2    25    74    15    65     3    70 0.84 -
evm.utg1970.11                       -            605 245567at33208        -            417     6e-07   30.4   0.4   1   1   1.2e-09     6e-07   30.4   0.4   360   406   346   394   333   403 0.84 -
evm.utg1302.19                       -            605 245567at33208        -            417   6.2e-07   30.4   0.5   1   1   1.2e-09   6.2e-07   30.4   0.5   360   406   347   395   334   404 0.84 -
evm.utg52.120                        -            504 245567at33208        -            417   7.8e-07   30.0   0.5   1   2   1.5e-09   7.8e-07   30.0   0.5    12    69     9    70     2    82 0.79 -
evm.utg52.120                        -            504 245567at33208        -            417   7.8e-07   30.0   0.5   2   2       4.7   2.4e+03   -1.2   5.9   211   241   362   394   356   409 0.43 -
evm.utg2156.34.1.5c22ed1d            -            338 245567at33208        -            417   8.8e-07   29.9   0.2   1   1   2.7e-09   1.4e-06   29.2   0.2    25    74    15    65     3    70 0.84 -
evm.utg2156.34.2.5c22ed1d            -            406 245567at33208        -            417   1.1e-06   29.6   0.2   1   1   3.5e-09   1.8e-06   28.8   0.2    25    74    15    65     3    70 0.84 -
evm.utg5033.12                       -            400 245567at33208        -            417   1.1e-06   29.5   0.2   1   1   3.4e-09   1.8e-06   28.9   0.2    25    74    15    65     3    70 0.84 -
evm.utg2156.34                       -            400 245567at33208        -            417   1.1e-06   29.5   0.2   1   1   3.4e-09   1.8e-06   28.9   0.2    25    74    15    65     3    70 0.84 -
evm.utg1555.41                       -            374 245567at33208        -            417   1.6e-06   29.0   0.5   1   1     5e-09   2.6e-06   28.3   0.5    26    75    43    95    37   115 0.85 -
evm.utg2303.43.1.5c22ed61            -            138 245567at33208        -            417   1.6e-06   29.0   1.4   1   1   3.6e-09   1.9e-06   28.8   1.4    10    75    17    88    12   123 0.80 -
evm.utg729.61.1.5c22f3a4             -            233 245567at33208        -            417   2.5e-06   28.4   0.1   1   1   4.7e-09   2.5e-06   28.4   0.1    14    80     7    71     2    78 0.88 -
evm.utg729.61                        -            305 245567at33208        -            417     4e-06   27.7   0.1   1   1   7.8e-09     4e-06   27.7   0.1    14    80     7    71     2    77 0.88 -
evm.utg734.15                        -            346 245567at33208        -            417   5.5e-06   27.2   0.5   1   1   1.6e-08   8.3e-06   26.6   0.5    25    74    14    66     4    85 0.87 -
evm.utg3201.4.1.5c27937a             -            442 245567at33208        -            417   1.7e-05   25.6   0.0   1   2       2.3   1.2e+03   -0.2  11.3   119   242    39   166    18   176 0.83 -
evm.utg3201.4.1.5c27937a             -            442 245567at33208        -            417   1.7e-05   25.6   0.0   2   2   3.4e-08   1.7e-05   25.6   0.0    10    69   361   417   358   435 0.89 -
evm.utg5290.29                       -            180 245567at33208        -            417     2e-05   25.4   3.0   1   1   3.8e-08     2e-05   25.4   3.0    10    75    17    88    13   125 0.80 -
evm.utg3201.4                        -            610 245567at33208        -            417   2.3e-05   25.2   0.0   1   2       5.5   2.8e+03   -1.5  11.9   119   243    39   167    18   179 0.83 -
evm.utg3201.4                        -            610 245567at33208        -            417   2.3e-05   25.2   0.0   2   2   4.4e-08   2.3e-05   25.2   0.0    10    69   361   417   358   442 0.87 -
evm.utg1277.35                       -            906 245567at33208        -            417   4.1e-05   24.3   0.0   1   1     8e-08   4.1e-05   24.3   0.0    10    69   657   713   654   737 0.89 -
evm.utg48.17                         -            409 245567at33208        -            417   5.6e-05   23.9   0.0   1   1   1.8e-07   9.2e-05   23.2   0.0    15    74     7    64     3    68 0.83 -
evm.utg4468.18                       -            409 245567at33208        -            417   5.7e-05   23.9   0.1   1   1   1.8e-07   9.1e-05   23.2   0.1    15    70     7    57     3    69 0.83 -
evm.utg2303.43                       -            180 245567at33208        -            417     6e-05   23.8   5.5   1   2   1.2e-07     6e-05   23.8   5.5    10    75    17    88    13   131 0.80 -
evm.utg2303.43                       -            180 245567at33208        -            417     6e-05   23.8   5.5   2   2       3.8     2e+03   -1.0   0.3   221   250   134   163   100   178 0.52 -
evm.utg801.70                        -            411 245567at33208        -            417     7e-05   23.6   0.9   1   1   1.4e-07     7e-05   23.6   0.9    12    88    48   122    39   135 0.88 -
evm.utg2007.17.1.5c22ecb7            -            324 245567at33208        -            417    0.0001   23.1   5.1   1   1   4.6e-07   0.00024   21.8   5.1    13   168    35   190    30   209 0.75 -
evm.utg3284.72                       -            811 245567at33208        -            417   0.00012   22.8   0.1   1   1   3.9e-07    0.0002   22.1   0.1   341   397   120   172    68   182 0.83 -
evm.utg498.105                       -           1759 245567at33208        -            417    0.0006   20.5   0.2   1   2   1.1e-06    0.0006   20.5   0.2    27    77    19    70     2    84 0.85 -
evm.utg498.105                       -           1759 245567at33208        -            417    0.0006   20.5   0.2   2   2       3.2   1.7e+03   -0.7   5.8   195   247   906   939   873   975 0.51 -
evm.utg14.8                          -           1494 245567at33208        -            417    0.0011   19.7   0.2   1   4    0.0082       4.3    7.8   1.2   358   406   404   452   399   459 0.84 -
evm.utg14.8                          -           1494 245567at33208        -            417    0.0011   19.7   0.2   2   4   0.00028      0.14   12.7   0.0   359   406   460   504   452   509 0.89 -
evm.utg14.8                          -           1494 245567at33208        -            417    0.0011   19.7   0.2   3   4   6.5e-05     0.034   14.8   0.0   356   408   508   557   504   562 0.85 -
evm.utg14.8                          -           1494 245567at33208        -            417    0.0011   19.7   0.2   4   4     0.037        19    5.7   0.8   357   408   561   609   556   611 0.82 -
evm.utg217.10.1.5c22ed20             -            521 245567at33208        -            417    0.0024   18.6   0.1   1   1   4.6e-06    0.0024   18.6   0.1    15    81     9    73     3    93 0.76 -
evm.utg217.10.2.5c22ed21             -            595 245567at33208        -            417    0.0028   18.3   0.2   1   1   5.5e-06    0.0028   18.3   0.2    15    82     9    74     3    94 0.76 -
evm.utg1277.26                       -            429 245567at33208        -            417    0.0033   18.1   0.1   1   1   9.2e-06    0.0048   17.5   0.1    41    74     1    37     1    42 0.89 -
evm.utg217.10                        -            673 245567at33208        -            417    0.0035   18.0   0.1   1   1   6.7e-06    0.0035   18.0   0.1    15    79     9    71     3    91 0.76 -
evm.utg3365.19                       -            277 245567at33208        -            417    0.0039   17.9   0.9   1   2   1.3e-05    0.0068   17.0   0.1    11    74    65   129    57   145 0.84 -
evm.utg3365.19                       -            277 245567at33208        -            417    0.0039   17.9   0.9   2   2       6.4   3.3e+03   -1.7   0.1    19    44   210   232   204   261 0.54 -
evm.utg8.55                          -            248 245567at33208        -            417    0.0042   17.7   1.3   1   2   9.2e-06    0.0048   17.6   0.0    10    74    36   101    24   114 0.82 -
evm.utg8.55                          -            248 245567at33208        -            417    0.0042   17.7   1.3   2   2       8.1   4.2e+03   -2.0   0.4    17    44   179   203   175   218 0.44 -
evm.utg599.33                        -            143 245567at33208        -            417    0.0088   16.7  14.2   1   1   1.9e-05    0.0097   16.6  14.2   120   236     3   120     1   139 0.78 -
evm.utg4455.71                       -            732 245567at33208        -            417     0.011   16.4  16.3   1   2       5.5   2.9e+03   -1.5   0.2   235   304   474   548   462   556 0.68 -
evm.utg4455.71                       -            732 245567at33208        -            417     0.011   16.4  16.3   2   2   2.1e-05     0.011   16.4  16.3   188   256   618   688   579   718 0.71 -
evm.utg234.7                         -           1416 245567at33208        -            417     0.019   15.6   0.1   1   3   0.00037      0.19   12.3   2.6   356   406   348   395   243   399 0.81 -
evm.utg234.7                         -           1416 245567at33208        -            417     0.019   15.6   0.1   2   3   3.6e-05     0.019   15.6   0.1   356   410   399   450   395   455 0.84 -
evm.utg234.7                         -           1416 245567at33208        -            417     0.019   15.6   0.1   3   3      0.23   1.2e+02    3.0   0.9   359   408   454   500   451   502 0.78 -
evm.utg9110.23                       -            144 245567at33208        -            417     0.029   15.0  19.7   1   1   5.9e-05     0.031   14.9  19.7   197   258     3    64     1    95 0.77 -
evm.utg801.39                        -            243 245567at33208        -            417     0.051   14.2   0.5   1   2   9.7e-05     0.051   14.2   0.5    26    68    56   100    42   115 0.80 -
evm.utg801.39                        -            243 245567at33208        -            417     0.051   14.2   0.5   2   2       1.5   7.7e+02    0.4   3.3   129   151   209   231   206   238 0.69 -
evm.utg3522.80                       -            273 245567at33208        -            417     0.058   14.0   0.0   1   1   0.00018     0.095   13.3   0.0    26    69   223   266   209   272 0.82 -
evm.utg564.33                        -            113 245567at33208        -            417     0.074   13.6  33.6   1   1   0.00017     0.086   13.4  33.6   181   264     7    92     3   108 0.73 -
evm.utg15552.6                       -            265 245567at33208        -            417     0.077   13.6   0.0   1   1   0.00023      0.12   12.9   0.0    27    74   216   263   194   264 0.84 -
evm.utg9401.21                       -            455 245567at33208        -            417     0.091   13.3  29.0   1   1   0.00024      0.12   12.9  29.0   160   252   354   448   288   453 0.67 -
evm.utg2798.61                       -            128 245567at33208        -            417      0.26   11.8  27.2   1   1   0.00049      0.26   11.9  27.2   188   248    48   106     5   121 0.74 -
evm.utg4194.79                       -            375 245567at33208        -            417       0.3   11.6  22.9   1   1    0.0011      0.55   10.8  22.9   192   277     6    95     1   102 0.59 -
evm.utg1683.23                       -            219 245567at33208        -            417      0.46   11.0  12.4   1   1    0.0013       0.7   10.4  12.4   192   270    26    94     4   116 0.44 -
evm.utg26120.15                      -            106 245567at33208        -            417      0.48   11.0  11.5   1   1     0.001      0.53   10.8  11.5   183   240    21    81     9    96 0.52 -
evm.utg116.231                       -            130 245567at33208        -            417      0.56   10.7  21.7   1   1    0.0013      0.65   10.5  21.7   184   244    25    86     4    99 0.68 -
evm.utg234.119                       -             79 245567at33208        -            417      0.57   10.7  12.6   1   1    0.0011      0.57   10.7  12.6   207   276     5    75     1    78 0.59 -
evm.utg408.23                        -            106 245567at33208        -            417       1.1    9.7  17.4   1   1    0.0027       1.4    9.4  17.4   195   256    27    91    11   101 0.42 -
evm.utg9110.7                        -            121 245567at33208        -            417       1.3    9.5  15.9   1   1    0.0029       1.5    9.3  15.9   184   264    30   111    14   118 0.77 -
evm.utg172.14                        -            132 245567at33208        -            417       1.5    9.3  35.4   1   1    0.0039         2    8.9  35.4   188   265     6    86     2   125 0.69 -
evm.utg8820.26                       -            156 245567at33208        -            417       1.9    9.0   9.3   1   1    0.0041       2.1    8.8   9.3   184   235    60   113    36   137 0.68 -
evm.utg560.18                        -            112 245567at33208        -            417         2    8.9  22.8   1   1    0.0046       2.4    8.7  22.8   163   243    15    95     5   106 0.41 -
evm.utg479.54                        -             97 245567at33208        -            417       2.1    8.9  26.5   1   1    0.0037       1.9    9.0  26.5   204   255    40    92     7    96 0.67 -
evm.utg18927.1                       -            595 245567at33208        -            417       2.6    8.5  25.3   1   1    0.0085       4.4    7.8  25.3   193   315    11   135     1   154 0.54 -
evm.utg18553.7                       -             86 245567at33208        -            417       2.7    8.5  25.2   1   1    0.0058         3    8.3  25.2   203   253    12    62     2    70 0.68 -
evm.utg1609.3                        -            100 245567at33208        -            417       2.9    8.4  17.7   1   1    0.0065       3.4    8.2  17.7   172   242    19    92    15    98 0.57 -
evm.utg1609.84                       -             94 245567at33208        -            417       3.1    8.3  10.4   1   1    0.0063       3.2    8.2  10.4   190   258     5    71     1    91 0.42 -
evm.utg4605.51                       -             89 245567at33208        -            417       3.6    8.1  12.0   1   1    0.0076         4    7.9  12.0   201   261     7    68     1    74 0.54 -
evm.utg52.95                         -            539 245567at33208        -            417       7.2    7.1  25.2   1   1     0.027        14    6.1  25.2   191   254    10    75     2   121 0.46 -
evm.utg1931.84                       -             75 245567at33208        -            417       7.3    7.1  23.0   1   1     0.015       7.6    7.0  23.0   204   260    14    70     4    74 0.66 -
evm.utg3761.31                       -            125 245567at33208        -            417       9.9    6.6  31.2   1   1     0.023        12    6.4  31.2   197   283    32   120    18   124 0.65 -
#
# Program:         hmmsearch
# Version:         3.1b2 (February 2015)
# Pipeline mode:   SEARCH
# Query file:      /uoa/scratch/users/r02hw22/project_dark_genes/busco_downloads/lineages/metazoa_odb10/hmms/245567at33208.hmm
# Target file:     /uoa/scratch/users/r02hw22/project_dark_genes/00_raw/equina_smart.rnam-trna.merged.ggf.curated.remredun.aa.fa
# Option settings: hmmsearch --domtblout /uoa/scratch/users/r02hw22/project_dark_genes/equina_busco_proteins/run_metazoa_odb10/hmmer_output/initial_run_results/245567at33208.out --cpu 1 /uoa/scratch/users/r02hw22/project_dark_genes/busco_downloads/lineages/metazoa_odb10/hmms/245567at33208.hmm /uoa/scratch/users/r02hw22/project_dark_genes/00_raw/equina_smart.rnam-trna.merged.ggf.curated.remredun.aa.fa 
# Current dir:     /uoa/scratch/users/r02hw22/project_dark_genes
# Date:            Sat Apr 25 14:41:34 2026
# [ok]
