#                                                                                           --- full sequence --- -------------- this domain -------------   hmm coord   ali coord   env coord
# target name                       accession   tlen query name           accession   qlen   E-value  score  bias   #  of  c-Evalue  i-Evalue  score  bias  from    to  from    to  from    to  acc description of target
#               ------------------- ---------- ----- -------------------- ---------- ----- --------- ------ ----- --- --- --------- --------- ------ ----- ----- ----- ----- ----- ----- ----- ---- ---------------------
evm.utg415.91                       -            387 251076at33208        -            316  5.2e-149  497.2  11.3   1   1  3.2e-151  2.5e-148  495.0  11.3     1   316    22   376    22   376 0.87 -
evm.utg1109.25                      -           3391 251076at33208        -            316   2.6e-23   84.3   8.0   1  10       2.1   1.6e+03   -0.5   0.0    25    54    93   122    86   134 0.87 -
evm.utg1109.25                      -           3391 251076at33208        -            316   2.6e-23   84.3   8.0   2  10      0.04        31    5.2   0.0    28    63   211   246   190   259 0.83 -
evm.utg1109.25                      -           3391 251076at33208        -            316   2.6e-23   84.3   8.0   3  10      0.06        46    4.6   0.0    22    61   795   834   777   861 0.78 -
evm.utg1109.25                      -           3391 251076at33208        -            316   2.6e-23   84.3   8.0   4  10     0.016        12    6.5   0.0     9    58   929   982   921  1018 0.73 -
evm.utg1109.25                      -           3391 251076at33208        -            316   2.6e-23   84.3   8.0   5  10       2.2   1.7e+03   -0.5   0.1    34    67  1154  1187  1125  1204 0.83 -
evm.utg1109.25                      -           3391 251076at33208        -            316   2.6e-23   84.3   8.0   6  10       2.1   1.6e+03   -0.4   0.1    26    88  1277  1341  1268  1352 0.67 -
evm.utg1109.25                      -           3391 251076at33208        -            316   2.6e-23   84.3   8.0   7  10    0.0012       0.9   10.2   0.0    33    72  1575  1616  1554  1623 0.82 -
evm.utg1109.25                      -           3391 251076at33208        -            316   2.6e-23   84.3   8.0   8  10    0.0095       7.3    7.2   0.0     6    65  2906  2966  2902  2982 0.81 -
evm.utg1109.25                      -           3391 251076at33208        -            316   2.6e-23   84.3   8.0   9  10   3.4e-06    0.0026   18.5   0.0     3    74  3123  3196  3121  3233 0.67 -
evm.utg1109.25                      -           3391 251076at33208        -            316   2.6e-23   84.3   8.0  10  10     1e-07   7.8e-05   23.6   0.0     9    68  3315  3377  3308  3386 0.84 -
evm.utg2279.2                       -           1467 251076at33208        -            316   7.8e-21   76.1   0.7   1   6      0.14   1.1e+02    3.4   0.0    11    71    40   100    32   118 0.88 -
evm.utg2279.2                       -           1467 251076at33208        -            316   7.8e-21   76.1   0.7   2   6   1.1e-06   0.00084   20.2   0.0    10    68   413   471   407   482 0.93 -
evm.utg2279.2                       -           1467 251076at33208        -            316   7.8e-21   76.1   0.7   3   6         2   1.5e+03   -0.4   0.0    34    68   608   642   593   648 0.84 -
evm.utg2279.2                       -           1467 251076at33208        -            316   7.8e-21   76.1   0.7   4   6   0.00029      0.23   12.2   0.0    13    69   769   825   761   844 0.86 -
evm.utg2279.2                       -           1467 251076at33208        -            316   7.8e-21   76.1   0.7   5   6   0.00071      0.55   10.9   0.0    27    73   936   983   932   995 0.85 -
evm.utg2279.2                       -           1467 251076at33208        -            316   7.8e-21   76.1   0.7   6   6   7.6e-07   0.00059   20.7   0.0     9    75  1353  1419  1347  1428 0.91 -
evm.utg172.101                      -            760 251076at33208        -            316   2.2e-20   74.6   1.0   1   4   8.8e-08   6.8e-05   23.8   0.0     9    68   115   175   108   184 0.84 -
evm.utg172.101                      -            760 251076at33208        -            316   2.2e-20   74.6   1.0   2   4    0.0018       1.4    9.6   0.0    23    69   313   359   305   378 0.84 -
evm.utg172.101                      -            760 251076at33208        -            316   2.2e-20   74.6   1.0   3   4   2.9e-05     0.022   15.5   0.0    10    81   517   588   510   597 0.83 -
evm.utg172.101                      -            760 251076at33208        -            316   2.2e-20   74.6   1.0   4   4     6e-07   0.00046   21.0   0.0    10    65   687   746   683   757 0.74 -
evm.utg20678.8                      -           1479 251076at33208        -            316   5.1e-20   73.5   1.1   1   6      0.15   1.1e+02    3.3   0.0    11    71    40   100    32   118 0.88 -
evm.utg20678.8                      -           1479 251076at33208        -            316   5.1e-20   73.5   1.1   2   6   1.1e-06   0.00085   20.2   0.0    10    68   413   471   407   482 0.93 -
evm.utg20678.8                      -           1479 251076at33208        -            316   5.1e-20   73.5   1.1   3   6         2   1.6e+03   -0.4   0.0    34    68   608   642   593   648 0.84 -
evm.utg20678.8                      -           1479 251076at33208        -            316   5.1e-20   73.5   1.1   4   6   0.00083      0.64   10.7   0.0    13    69   769   825   761   838 0.85 -
evm.utg20678.8                      -           1479 251076at33208        -            316   5.1e-20   73.5   1.1   5   6    0.0012      0.94   10.2   0.0    27    73   936   983   932   995 0.84 -
evm.utg20678.8                      -           1479 251076at33208        -            316   5.1e-20   73.5   1.1   6   6   7.7e-07   0.00059   20.7   0.0     9    75  1365  1431  1359  1440 0.91 -
evm.utg407.12.1.5c22f064            -           2013 251076at33208        -            316   1.5e-18   68.6   3.0   1   6   5.8e-06    0.0045   17.8   0.0     9    70   216   283   208   295 0.74 -
evm.utg407.12.1.5c22f064            -           2013 251076at33208        -            316   1.5e-18   68.6   3.0   2   6   4.1e-05     0.032   15.0   0.1     9    67   504   565   497   577 0.82 -
evm.utg407.12.1.5c22f064            -           2013 251076at33208        -            316   1.5e-18   68.6   3.0   3   6    0.0013      0.99   10.1   0.0    10    72   613   679   610   688 0.83 -
evm.utg407.12.1.5c22f064            -           2013 251076at33208        -            316   1.5e-18   68.6   3.0   4   6    0.0017       1.3    9.7   0.1     9    70  1140  1200  1134  1209 0.85 -
evm.utg407.12.1.5c22f064            -           2013 251076at33208        -            316   1.5e-18   68.6   3.0   5   6       0.2   1.5e+02    2.9   0.0    27    58  1252  1283  1246  1303 0.82 -
evm.utg407.12.1.5c22f064            -           2013 251076at33208        -            316   1.5e-18   68.6   3.0   6   6     0.016        12    6.5   0.0    23    68  1386  1431  1376  1443 0.84 -
evm.utg407.12                       -           2846 251076at33208        -            316   1.4e-17   65.4   3.0   1   6   8.4e-06    0.0065   17.3   0.0     9    70  1049  1116  1041  1128 0.74 -
evm.utg407.12                       -           2846 251076at33208        -            316   1.4e-17   65.4   3.0   2   6     6e-05     0.046   14.5   0.1     9    67  1337  1398  1330  1410 0.82 -
evm.utg407.12                       -           2846 251076at33208        -            316   1.4e-17   65.4   3.0   3   6    0.0019       1.4    9.6   0.0    10    72  1446  1512  1443  1521 0.83 -
evm.utg407.12                       -           2846 251076at33208        -            316   1.4e-17   65.4   3.0   4   6    0.0025         2    9.1   0.1     9    70  1973  2033  1967  2042 0.85 -
evm.utg407.12                       -           2846 251076at33208        -            316   1.4e-17   65.4   3.0   5   6      0.29   2.2e+02    2.4   0.0    27    58  2085  2116  2079  2136 0.82 -
evm.utg407.12                       -           2846 251076at33208        -            316   1.4e-17   65.4   3.0   6   6     0.023        18    6.0   0.0    23    68  2219  2264  2209  2276 0.84 -
evm.utg407.12.2.5c22f064            -           2853 251076at33208        -            316   1.4e-17   65.4   3.0   1   6   8.5e-06    0.0065   17.3   0.0     9    70  1049  1116  1041  1128 0.74 -
evm.utg407.12.2.5c22f064            -           2853 251076at33208        -            316   1.4e-17   65.4   3.0   2   6     6e-05     0.047   14.5   0.1     9    67  1337  1398  1330  1410 0.82 -
evm.utg407.12.2.5c22f064            -           2853 251076at33208        -            316   1.4e-17   65.4   3.0   3   6    0.0019       1.4    9.5   0.0    10    72  1446  1512  1443  1521 0.83 -
evm.utg407.12.2.5c22f064            -           2853 251076at33208        -            316   1.4e-17   65.4   3.0   4   6    0.0026         2    9.1   0.1     9    70  1973  2033  1967  2042 0.85 -
evm.utg407.12.2.5c22f064            -           2853 251076at33208        -            316   1.4e-17   65.4   3.0   5   6      0.29   2.2e+02    2.4   0.0    27    58  2085  2116  2079  2136 0.82 -
evm.utg407.12.2.5c22f064            -           2853 251076at33208        -            316   1.4e-17   65.4   3.0   6   6     0.023        18    6.0   0.0    23    68  2219  2264  2209  2276 0.84 -
evm.utg301.103                      -           1409 251076at33208        -            316   7.8e-15   56.4   0.5   1   4   1.2e-05    0.0096   16.7   0.1     9    70   687   754   680   770 0.82 -
evm.utg301.103                      -           1409 251076at33208        -            316   7.8e-15   56.4   0.5   2   4    0.0042       3.2    8.4   0.0     9    61   861   919   853   938 0.76 -
evm.utg301.103                      -           1409 251076at33208        -            316   7.8e-15   56.4   0.5   3   4     0.011       8.4    7.0   0.0     3    67   993  1065   991  1079 0.75 -
evm.utg301.103                      -           1409 251076at33208        -            316   7.8e-15   56.4   0.5   4   4   2.3e-06    0.0018   19.1   0.0     7    70  1094  1166  1088  1173 0.81 -
evm.utg411.5                        -            371 251076at33208        -            316   1.8e-14   55.2   4.4   1   1   4.6e-17   3.5e-14   54.3   4.4   116   308   159   338   135   341 0.84 -
evm.utg172.102                      -           1362 251076at33208        -            316   1.7e-09   38.8   4.9   1   6       1.9   1.5e+03   -0.4   0.0    23    59   511   547   506   568 0.76 -
evm.utg172.102                      -           1362 251076at33208        -            316   1.7e-09   38.8   4.9   2   6     0.036        28    5.3   0.0    25    71   627   673   611   687 0.82 -
evm.utg172.102                      -           1362 251076at33208        -            316   1.7e-09   38.8   4.9   3   6   0.00087      0.67   10.6   0.1    21    72   730   781   707   800 0.81 -
evm.utg172.102                      -           1362 251076at33208        -            316   1.7e-09   38.8   4.9   4   6     0.007       5.4    7.7   0.0    28    68   882   922   859   936 0.87 -
evm.utg172.102                      -           1362 251076at33208        -            316   1.7e-09   38.8   4.9   5   6    0.0017       1.3    9.7   0.2     7    68  1181  1241  1175  1263 0.73 -
evm.utg172.102                      -           1362 251076at33208        -            316   1.7e-09   38.8   4.9   6   6       1.3     1e+03    0.2   0.0    33    70  1319  1357  1311  1361 0.78 -
evm.utg1900.3.1.5c22ec47.1.5c27913b -            906 251076at33208        -            316   3.9e-09   37.7   0.1   1   3    0.0027       2.1    9.0   0.0    21    71    92   142    71   157 0.83 -
evm.utg1900.3.1.5c22ec47.1.5c27913b -            906 251076at33208        -            316   3.9e-09   37.7   0.1   2   3   7.4e-05     0.057   14.2   0.0    10    75   185   256   173   297 0.75 -
evm.utg1900.3.1.5c22ec47.1.5c27913b -            906 251076at33208        -            316   3.9e-09   37.7   0.1   3   3   0.00059      0.45   11.2   0.0     6    66   291   356   286   373 0.71 -
evm.utg3201.59                      -           1381 251076at33208        -            316   4.4e-09   37.5   6.8   1   6         2   1.5e+03   -0.4   0.0    23    59   188   224   183   245 0.76 -
evm.utg3201.59                      -           1381 251076at33208        -            316   4.4e-09   37.5   6.8   2   6     0.036        28    5.3   0.1    25    71   329   375   313   388 0.82 -
evm.utg3201.59                      -           1381 251076at33208        -            316   4.4e-09   37.5   6.8   3   6     0.001      0.79   10.4   0.1    21    72   432   483   409   501 0.83 -
evm.utg3201.59                      -           1381 251076at33208        -            316   4.4e-09   37.5   6.8   4   6    0.0078         6    7.5   0.0    28    68   584   624   561   635 0.88 -
evm.utg3201.59                      -           1381 251076at33208        -            316   4.4e-09   37.5   6.8   5   6       1.2   8.9e+02    0.4   0.2     7    53   883   928   877   939 0.85 -
evm.utg3201.59                      -           1381 251076at33208        -            316   4.4e-09   37.5   6.8   6   6    0.0011      0.84   10.3   0.0     9    72  1152  1221  1144  1237 0.76 -
evm.utg1900.3.1.5c22ec47            -           1154 251076at33208        -            316   9.3e-09   36.5   0.1   1   3    0.0036       2.8    8.6   0.0    21    71    42    92    21   107 0.83 -
evm.utg1900.3.1.5c22ec47            -           1154 251076at33208        -            316   9.3e-09   36.5   0.1   2   3    0.0001     0.079   13.7   0.0    10    75   135   206   123   247 0.75 -
evm.utg1900.3.1.5c22ec47            -           1154 251076at33208        -            316   9.3e-09   36.5   0.1   3   3   0.00079      0.61   10.8   0.0     6    66   241   306   236   323 0.71 -
evm.utg1900.3.2.5c22ec47            -           1154 251076at33208        -            316   9.3e-09   36.5   0.1   1   3    0.0036       2.8    8.6   0.0    21    71    42    92    21   107 0.83 -
evm.utg1900.3.2.5c22ec47            -           1154 251076at33208        -            316   9.3e-09   36.5   0.1   2   3    0.0001     0.079   13.7   0.0    10    75   135   206   123   247 0.75 -
evm.utg1900.3.2.5c22ec47            -           1154 251076at33208        -            316   9.3e-09   36.5   0.1   3   3   0.00079      0.61   10.8   0.0     6    66   241   306   236   323 0.71 -
evm.utg86.49                        -            929 251076at33208        -            316   1.5e-08   35.7  10.9   1   5    0.0004      0.31   11.7   0.3     9    95   172   264   166   269 0.73 -
evm.utg86.49                        -            929 251076at33208        -            316   1.5e-08   35.7  10.9   2   5   3.3e-08   2.6e-05   25.1   0.4     9    81   269   347   262   355 0.80 -
evm.utg86.49                        -            929 251076at33208        -            316   1.5e-08   35.7  10.9   3   5      0.09        70    4.0   0.0    21    74   444   498   431   505 0.77 -
evm.utg86.49                        -            929 251076at33208        -            316   1.5e-08   35.7  10.9   4   5       8.6   6.7e+03   -2.5   0.0   130   194   758   824   751   848 0.74 -
evm.utg86.49                        -            929 251076at33208        -            316   1.5e-08   35.7  10.9   5   5       9.9   7.7e+03   -2.7   0.1   117   159   851   895   788   898 0.69 -
evm.utg1900.3                       -           1407 251076at33208        -            316   1.9e-08   35.5   0.1   1   3    0.0045       3.5    8.3   0.0    21    71   295   345   274   360 0.83 -
evm.utg1900.3                       -           1407 251076at33208        -            316   1.9e-08   35.5   0.1   2   3   0.00013       0.1   13.4   0.0    10    75   388   459   376   500 0.75 -
evm.utg1900.3                       -           1407 251076at33208        -            316   1.9e-08   35.5   0.1   3   3     0.001      0.77   10.4   0.0     6    66   494   559   489   576 0.71 -
evm.utg36717.20                     -            159 251076at33208        -            316   1.3e-07   32.7   0.0   1   1   2.2e-10   1.7e-07   32.3   0.0     9    68    83   145    76   155 0.84 -
evm.utg2100.39                      -            145 251076at33208        -            316   1.9e-07   32.1   0.0   1   1   3.1e-10   2.4e-07   31.8   0.0     9    68    65   126    58   138 0.85 -
evm.utg861.94                       -           1415 251076at33208        -            316   2.6e-07   31.7   0.0   1   2   9.1e-06    0.0071   17.1   0.0    20    64   172   216   153   236 0.87 -
evm.utg861.94                       -           1415 251076at33208        -            316   2.6e-07   31.7   0.0   2   2   0.00028      0.22   12.3   0.0    21    67   391   435   383   453 0.82 -
evm.utg590.1                        -            272 251076at33208        -            316     8e-07   30.1   0.1   1   2   3.9e-06     0.003   18.4   0.1     6    65    50   108    46   122 0.88 -
evm.utg590.1                        -            272 251076at33208        -            316     8e-07   30.1   0.1   2   2    0.0017       1.3    9.7   0.0     9    59   170   219   165   234 0.86 -
evm.utg798.55                       -           1767 251076at33208        -            316   2.7e-06   28.3   0.2   1   1   6.7e-09   5.1e-06   27.5   0.2    23    78  1083  1139  1066  1145 0.85 -
evm.utg801.2                        -            506 251076at33208        -            316   3.5e-06   28.0   0.0   1   1   9.8e-09   7.6e-06   26.9   0.0     2    73   268   340   267   354 0.86 -
evm.utg2100.38                      -            755 251076at33208        -            316   3.9e-06   27.8   0.1   1   2   0.00081      0.62   10.7   0.0     5    63   105   162   101   186 0.80 -
evm.utg2100.38                      -            755 251076at33208        -            316   3.9e-06   27.8   0.1   2   2   5.2e-05      0.04   14.7   0.0     7    75   250   317   244   328 0.87 -
evm.utg470.14                       -            683 251076at33208        -            316   5.9e-06   27.2   0.5   1   2    0.0083       6.4    7.4   0.1    13    63    51    99    36   115 0.73 -
evm.utg470.14                       -            683 251076at33208        -            316   5.9e-06   27.2   0.5   2   2   5.3e-06    0.0041   17.9   0.0     9    62   322   377   319   394 0.84 -
evm.utg3092.31                      -            506 251076at33208        -            316   1.1e-05   26.4   0.0   1   1   3.2e-08   2.5e-05   25.2   0.0     2    73   268   340   267   354 0.85 -
evm.utg512.25.2.5c22f1bf            -           1090 251076at33208        -            316   1.9e-05   25.6   0.1   1   3      0.14   1.1e+02    3.4   0.0    28    60   383   415   376   433 0.78 -
evm.utg512.25.2.5c22f1bf            -           1090 251076at33208        -            316   1.9e-05   25.6   0.1   2   3   0.00012     0.095   13.4   0.0    23    69   545   591   524   604 0.88 -
evm.utg512.25.2.5c22f1bf            -           1090 251076at33208        -            316   1.9e-05   25.6   0.1   3   3      0.06        46    4.6   0.0    23    61   668   706   658   726 0.83 -
evm.utg512.25.1.5c22f1be            -           1148 251076at33208        -            316   2.2e-05   25.4   0.1   1   3      0.15   1.1e+02    3.3   0.0    28    60   383   415   376   433 0.78 -
evm.utg512.25.1.5c22f1be            -           1148 251076at33208        -            316   2.2e-05   25.4   0.1   2   3   0.00013       0.1   13.3   0.0    23    69   545   591   524   604 0.88 -
evm.utg512.25.1.5c22f1be            -           1148 251076at33208        -            316   2.2e-05   25.4   0.1   3   3     0.064        49    4.5   0.0    23    61   668   706   658   726 0.83 -
evm.utg512.25                       -           1276 251076at33208        -            316   3.2e-05   24.8   0.1   1   3      0.17   1.3e+02    3.1   0.0    28    60   383   415   376   433 0.78 -
evm.utg512.25                       -           1276 251076at33208        -            316   3.2e-05   24.8   0.1   2   3   0.00015      0.11   13.2   0.0    23    69   545   591   525   604 0.87 -
evm.utg512.25                       -           1276 251076at33208        -            316   3.2e-05   24.8   0.1   3   3     0.072        56    4.3   0.0    23    61   668   706   658   725 0.83 -
evm.utg92.80                        -            194 251076at33208        -            316   0.00021   22.2   0.0   1   1   5.2e-07    0.0004   21.2   0.0     9    76   102   172    96   182 0.82 -
evm.utg420.138                      -            992 251076at33208        -            316   0.00023   22.0   6.3   1   2     0.012       9.2    6.9   0.1    13    66    51   102    36   116 0.73 -
evm.utg420.138                      -            992 251076at33208        -            316   0.00023   22.0   6.3   2   2   5.2e-06     0.004   17.9   0.0     9    62   287   342   284   359 0.84 -
evm.utg112.19                       -            901 251076at33208        -            316   0.00052   20.9   0.0   1   2     0.054        41    4.8   0.0    11    68    93   149    86   168 0.76 -
evm.utg112.19                       -            901 251076at33208        -            316   0.00052   20.9   0.0   2   2   0.00011     0.085   13.6   0.0    26    67   499   540   493   549 0.86 -
evm.utg1087.4                       -            466 251076at33208        -            316   0.00055   20.8   0.1   1   1     1e-06    0.0008   20.3   0.1     8    78    81   154    74   159 0.84 -
evm.utg73.48.1.5c22f3be             -           1315 251076at33208        -            316   0.00058   20.7   0.2   1   1   1.7e-06    0.0013   19.5   0.1     8    76    31    98    26   105 0.89 -
evm.utg1272.50                      -            562 251076at33208        -            316   0.00058   20.7   0.0   1   1   1.1e-06   0.00083   20.2   0.0     9    66   133   191   125   209 0.83 -
evm.utg73.48.2.5c22f3be             -           1261 251076at33208        -            316   0.00068   20.5   0.0   1   1   1.6e-06    0.0012   19.6   0.0     8    76    12    79     7    87 0.89 -
evm.utg73.48                        -           1280 251076at33208        -            316    0.0007   20.4   0.0   1   1   1.6e-06    0.0013   19.6   0.0     8    76    31    98    26   106 0.89 -
evm.utg1137.15                      -            325 251076at33208        -            316    0.0019   19.0   0.0   1   2       9.2   7.1e+03   -2.6   0.0   150   189     9    46     3    61 0.57 -
evm.utg1137.15                      -            325 251076at33208        -            316    0.0019   19.0   0.0   2   2   6.1e-06    0.0047   17.7   0.0    19    94   193   271   185   288 0.76 -
evm.utg1137.15.1.5c22e8b6           -            313 251076at33208        -            316    0.0027   18.5   0.0   1   1   5.7e-06    0.0044   17.8   0.0    19    94   181   259   173   276 0.76 -
evm.utg10321.18.1.5c22e7f7          -            639 251076at33208        -            316    0.0028   18.4   4.7   1   2   1.2e-05    0.0094   16.7   3.9   172   308   138   266    81   269 0.74 -
evm.utg10321.18.1.5c22e7f7          -            639 251076at33208        -            316    0.0028   18.4   4.7   2   2       3.5   2.7e+03   -1.2   0.0   167   198   269   300   261   303 0.89 -
evm.utg10321.18                     -            641 251076at33208        -            316    0.0029   18.4   4.7   1   2   1.2e-05    0.0094   16.7   3.9   172   308   140   268    83   271 0.74 -
evm.utg10321.18                     -            641 251076at33208        -            316    0.0029   18.4   4.7   2   2       3.5   2.7e+03   -1.2   0.0   167   198   271   302   263   305 0.89 -
evm.utg10321.18.2.5c22e7f7          -            641 251076at33208        -            316    0.0029   18.4   4.7   1   2   1.2e-05    0.0094   16.7   3.9   172   308   140   268    83   271 0.74 -
evm.utg10321.18.2.5c22e7f7          -            641 251076at33208        -            316    0.0029   18.4   4.7   2   2       3.5   2.7e+03   -1.2   0.0   167   198   271   302   263   305 0.89 -
evm.utg62.45                        -            635 251076at33208        -            316    0.0041   17.9   4.4   1   2   1.7e-05     0.013   16.2   3.6   172   308   136   264    79   269 0.74 -
evm.utg62.45                        -            635 251076at33208        -            316    0.0041   17.9   4.4   2   2       3.4   2.7e+03   -1.2   0.0   167   198   267   298   259   301 0.89 -
evm.utg62.45.1.5c22f2da             -            639 251076at33208        -            316    0.0042   17.9   4.4   1   2   1.8e-05     0.014   16.2   3.6   172   308   140   268    83   273 0.74 -
evm.utg62.45.1.5c22f2da             -            639 251076at33208        -            316    0.0042   17.9   4.4   2   2       3.5   2.7e+03   -1.2   0.0   167   198   271   302   263   305 0.89 -
evm.utg1226.15                      -            674 251076at33208        -            316    0.0069   17.2   0.0   1   1   2.3e-05     0.018   15.8   0.0    24    75   544   596   530   609 0.85 -
evm.utg3878.26                      -            674 251076at33208        -            316    0.0086   16.9   0.0   1   1   2.8e-05     0.022   15.5   0.0    24    75   544   596   530   606 0.85 -
evm.utg6834.12                      -            651 251076at33208        -            316     0.012   16.4   0.0   1   1   2.4e-05     0.019   15.7   0.0     4    68   459   524   456   535 0.87 -
evm.utg2129.36                      -           1220 251076at33208        -            316     0.013   16.3   0.4   1   2   5.4e-05     0.042   14.6   0.1     9    69  1049  1111  1041  1123 0.83 -
evm.utg2129.36                      -           1220 251076at33208        -            316     0.013   16.3   0.4   2   2       5.5   4.2e+03   -1.8   0.0    34    67  1158  1191  1154  1201 0.79 -
evm.utg2255.26                      -            141 251076at33208        -            316     0.016   16.0   0.0   1   1   2.1e-05     0.016   15.9   0.0    18    74    27    80     9   129 0.83 -
evm.utg4907.61                      -            279 251076at33208        -            316     0.016   16.0   0.1   1   1     3e-05     0.023   15.4   0.1    29    71    40    82    28    93 0.85 -
evm.utg395.35                       -            160 251076at33208        -            316     0.018   15.8   0.0   1   1     3e-05     0.023   15.5   0.0   132   229    21   120    11   130 0.80 -
evm.utg7053.2                       -           1773 251076at33208        -            316     0.023   15.4   0.2   1   1   6.7e-05     0.052   14.3   0.2    24    74    40    89    29    93 0.84 -
evm.utg4177.39                      -           1929 251076at33208        -            316     0.024   15.4   0.1   1   1     7e-05     0.054   14.2   0.1    23    71    76   123    71   129 0.86 -
evm.utg1285.71                      -            628 251076at33208        -            316     0.025   15.4   0.0   1   1   4.8e-05     0.037   14.8   0.0     5    74   545   616   541   619 0.81 -
utg73.equina_smart_404161.mrna1     -            290 251076at33208        -            316     0.032   15.0   0.0   1   1   6.2e-05     0.048   14.4   0.0    10    74   173   236   168   246 0.89 -
evm.utg236.42                       -            390 251076at33208        -            316     0.033   15.0   0.0   1   1   6.4e-05      0.05   14.4   0.0    22    75   156   209   141   224 0.85 -
evm.utg868.92                       -            819 251076at33208        -            316      0.04   14.7   0.0   1   1   9.3e-05     0.072   13.8   0.0    10    76    16    83     8    95 0.81 -
evm.utg10470.51                     -            313 251076at33208        -            316     0.044   14.5   0.1   1   1   8.9e-05     0.069   13.9   0.1    25    84   172   232   166   244 0.75 -
evm.utg85521.1                      -            200 251076at33208        -            316     0.056   14.2   0.1   1   2       2.1   1.6e+03   -0.5   0.1    47    87    11    49     6    59 0.64 -
evm.utg85521.1                      -            200 251076at33208        -            316     0.056   14.2   0.1   2   2   0.00028      0.21   12.3   0.0     6    63   107   163   102   179 0.89 -
evm.utg92.28                        -            341 251076at33208        -            316      0.06   14.1   0.4   1   2       8.8   6.8e+03   -2.5   0.1    49    81    13    43     8    53 0.55 -
evm.utg92.28                        -            341 251076at33208        -            316      0.06   14.1   0.4   2   2   0.00016      0.12   13.1   0.0     9    72   222   284   218   297 0.83 -
evm.utg301.144.2.5c22eea4           -            420 251076at33208        -            316     0.072   13.8   0.0   1   1   0.00015      0.11   13.2   0.0     9    66    70   127    63   141 0.88 -
evm.utg301.144.1.5c22eea4           -            462 251076at33208        -            316     0.084   13.6   0.0   1   1   0.00017      0.13   13.0   0.0     9    66    70   127    63   141 0.88 -
evm.utg301.144                      -            487 251076at33208        -            316      0.09   13.5   0.0   1   1   0.00018      0.14   12.9   0.0     9    66    70   127    63   141 0.88 -
evm.utg1432.21                      -            578 251076at33208        -            316     0.094   13.5   0.9   1   2    0.0013         1   10.1   0.1    25    77   172   225   166   244 0.76 -
evm.utg1432.21                      -            578 251076at33208        -            316     0.094   13.5   0.9   2   2      0.49   3.8e+02    1.6   0.1   124   193   390   461   383   482 0.79 -
evm.utg382.29                       -           1354 251076at33208        -            316      0.17   12.6   2.9   1   2   0.00027      0.21   12.3   0.0    10    90    28   109    26   111 0.89 -
evm.utg382.29                       -           1354 251076at33208        -            316      0.17   12.6   2.9   2   2       5.1   3.9e+03   -1.7   1.1   215   260  1264  1311  1245  1335 0.76 -
evm.utg382.29.1.5c22f007            -           1377 251076at33208        -            316      0.21   12.3   0.0   1   2   0.00027      0.21   12.3   0.0    10    90    28   109    26   111 0.89 -
evm.utg382.29.1.5c22f007            -           1377 251076at33208        -            316      0.21   12.3   0.0   2   2       2.9   2.2e+03   -0.9   0.6   215   260  1287  1334  1232  1358 0.80 -
evm.utg293.43.1.5c22ee70            -            431 251076at33208        -            316      0.31   11.8   0.0   1   1   0.00054      0.42   11.3   0.0     3    66   262   327   260   346 0.84 -
evm.utg356.161                      -           1529 251076at33208        -            316      0.36   11.5   0.0   1   1    0.0009      0.69   10.6   0.0    20    68  1455  1503  1436  1515 0.85 -
evm.utg11341.1                      -            272 251076at33208        -            316      0.43   11.3   0.0   1   2       3.4   2.6e+03   -1.1   0.0    42    64    85   107    59   117 0.79 -
evm.utg11341.1                      -            272 251076at33208        -            316      0.43   11.3   0.0   2   2     0.002       1.5    9.5   0.0     9    59   170   219   165   234 0.86 -
evm.utg293.43                       -            605 251076at33208        -            316      0.49   11.1   0.0   1   1   0.00089      0.69   10.6   0.0     3    66   262   327   260   345 0.84 -
evm.utg236.49                       -           1754 251076at33208        -            316      0.53   11.0   0.0   1   1    0.0013      0.97   10.1   0.0    23    71   852   900   835   913 0.88 -
evm.utg2129.65                      -            374 251076at33208        -            316       4.7    7.9   7.2   1   2    0.0021       1.6    9.4   0.6   123   192   169   238   164   268 0.88 -
evm.utg2129.65                      -            374 251076at33208        -            316       4.7    7.9   7.2   2   2      0.28   2.2e+02    2.4   0.3   163   225   292   354   243   364 0.45 -
#
# Program:         hmmsearch
# Version:         3.1b2 (February 2015)
# Pipeline mode:   SEARCH
# Query file:      /uoa/scratch/users/r02hw22/project_dark_genes/busco_downloads/lineages/metazoa_odb10/hmms/251076at33208.hmm
# Target file:     /uoa/scratch/users/r02hw22/project_dark_genes/00_raw/equina_smart.rnam-trna.merged.ggf.curated.remredun.aa.fa
# Option settings: hmmsearch --domtblout /uoa/scratch/users/r02hw22/project_dark_genes/equina_busco_proteins/run_metazoa_odb10/hmmer_output/initial_run_results/251076at33208.out --cpu 1 /uoa/scratch/users/r02hw22/project_dark_genes/busco_downloads/lineages/metazoa_odb10/hmms/251076at33208.hmm /uoa/scratch/users/r02hw22/project_dark_genes/00_raw/equina_smart.rnam-trna.merged.ggf.curated.remredun.aa.fa 
# Current dir:     /uoa/scratch/users/r02hw22/project_dark_genes
# Date:            Sat Apr 25 14:41:03 2026
# [ok]
