#                                                                            --- full sequence --- -------------- this domain -------------   hmm coord   ali coord   env coord
# target name        accession   tlen query name           accession   qlen   E-value  score  bias   #  of  c-Evalue  i-Evalue  score  bias  from    to  from    to  from    to  acc description of target
#------------------- ---------- ----- -------------------- ---------- ----- --------- ------ ----- --- --- --------- --------- ------ ----- ----- ----- ----- ----- ----- ----- ---- ---------------------
evm.utg3839.26       -            539 251577at33208        -            256   8.6e-82  275.8  13.9   1   4      0.43     6e+03   -2.2   0.0     2    88   125   142    99   152 0.60 -
evm.utg3839.26       -            539 251577at33208        -            256   8.6e-82  275.8  13.9   2   4    0.0033        46    4.8   0.0    26    43   172   189   153   200 0.86 -
evm.utg3839.26       -            539 251577at33208        -            256   8.6e-82  275.8  13.9   3   4   8.5e-72   1.2e-67  229.5   7.7    41   192   257   417   252   422 0.95 -
evm.utg3839.26       -            539 251577at33208        -            256   8.6e-82  275.8  13.9   4   4   7.2e-15     1e-10   43.0   0.0   189   254   437   507   431   509 0.85 -
evm.utg19396.4       -            380 251577at33208        -            256   1.3e-07   32.8   0.0   1   1   1.8e-11   2.5e-07   31.9   0.0   144   223   191   276   147   297 0.86 -
evm.utg217.27        -            777 251577at33208        -            256     4e-07   31.2   0.0   1   1   7.2e-11   9.9e-07   29.9   0.0   145   223   589   673   547   692 0.87 -
evm.utg729.94        -           1044 251577at33208        -            256   8.9e-07   30.0   1.4   1   2   6.2e-07    0.0086   17.0   0.4   110   201   533   624   499   628 0.75 -
evm.utg729.94        -           1044 251577at33208        -            256   8.9e-07   30.0   1.4   2   2   3.9e-05      0.55   11.1   0.0   194   234   673   714   667   726 0.86 -
#
# Program:         hmmsearch
# Version:         3.1b2 (February 2015)
# Pipeline mode:   SEARCH
# Query file:      /uoa/scratch/users/r02hw22/project_dark_genes/busco_downloads/lineages/metazoa_odb10/hmms/251577at33208.hmm
# Target file:     /uoa/scratch/users/r02hw22/project_dark_genes/00_raw/equina_smart.rnam-trna.merged.ggf.curated.remredun.aa.fa
# Option settings: hmmsearch --domtblout /uoa/scratch/users/r02hw22/project_dark_genes/equina_busco_proteins/run_metazoa_odb10/hmmer_output/initial_run_results/251577at33208.out --cpu 1 /uoa/scratch/users/r02hw22/project_dark_genes/busco_downloads/lineages/metazoa_odb10/hmms/251577at33208.hmm /uoa/scratch/users/r02hw22/project_dark_genes/00_raw/equina_smart.rnam-trna.merged.ggf.curated.remredun.aa.fa 
# Current dir:     /uoa/scratch/users/r02hw22/project_dark_genes
# Date:            Sat Apr 25 14:41:08 2026
# [ok]
