#                                                                                          --- full sequence --- -------------- this domain -------------   hmm coord   ali coord   env coord
# target name                      accession   tlen query name           accession   qlen   E-value  score  bias   #  of  c-Evalue  i-Evalue  score  bias  from    to  from    to  from    to  acc description of target
#              ------------------- ---------- ----- -------------------- ---------- ----- --------- ------ ----- --- --- --------- --------- ------ ----- ----- ----- ----- ----- ----- ----- ---- ---------------------
evm.utg256.13                      -            403 259581at33208        -            405   2.2e-42  147.4   0.0   1   1   5.8e-46   8.1e-42  145.6   0.0   242   402   199   391   172   393 0.85 -
evm.utg256.14                      -            307 259581at33208        -            405   2.3e-39  137.5   7.1   1   3   5.8e-05       0.8   10.6   0.1     1    27     1    30     1    33 0.95 -
evm.utg256.14                      -            307 259581at33208        -            405   2.3e-39  137.5   7.1   2   3   1.6e-15   2.2e-11   45.4   0.0    26    96    50   125    44   132 0.87 -
evm.utg256.14                      -            307 259581at33208        -            405   2.3e-39  137.5   7.1   3   3   6.4e-27   8.9e-23   82.9   2.2    96   183   142   235   135   248 0.89 -
evm.utg7821.3                      -            743 259581at33208        -            405   1.8e-32  114.8  10.9   1   2   1.7e-33   2.4e-29  104.5   6.7    34   183     2   179     1   188 0.83 -
evm.utg7821.3                      -            743 259581at33208        -            405   1.8e-32  114.8  10.9   2   2   0.00011       1.5    9.7   0.1   183   222   335   373   328   407 0.72 -
utg7821.equina_smart_1229964.mrna2 -            143 259581at33208        -            405   2.1e-27   98.1   0.0   1   1   4.9e-31   6.8e-27   96.4   0.0   298   402     9   131     1   133 0.84 -
#
# Program:         hmmsearch
# Version:         3.1b2 (February 2015)
# Pipeline mode:   SEARCH
# Query file:      /uoa/scratch/users/r02hw22/project_dark_genes/busco_downloads/lineages/metazoa_odb10/hmms/259581at33208.hmm
# Target file:     /uoa/scratch/users/r02hw22/project_dark_genes/00_raw/equina_smart.rnam-trna.merged.ggf.curated.remredun.aa.fa
# Option settings: hmmsearch --domtblout /uoa/scratch/users/r02hw22/project_dark_genes/equina_busco_proteins/run_metazoa_odb10/hmmer_output/initial_run_results/259581at33208.out --cpu 1 /uoa/scratch/users/r02hw22/project_dark_genes/busco_downloads/lineages/metazoa_odb10/hmms/259581at33208.hmm /uoa/scratch/users/r02hw22/project_dark_genes/00_raw/equina_smart.rnam-trna.merged.ggf.curated.remredun.aa.fa 
# Current dir:     /uoa/scratch/users/r02hw22/project_dark_genes
# Date:            Sat Apr 25 14:40:50 2026
# [ok]
