#                                                                                            --- full sequence --- -------------- this domain -------------   hmm coord   ali coord   env coord
# target name                        accession   tlen query name           accession   qlen   E-value  score  bias   #  of  c-Evalue  i-Evalue  score  bias  from    to  from    to  from    to  acc description of target
#                ------------------- ---------- ----- -------------------- ---------- ----- --------- ------ ----- --- --- --------- --------- ------ ----- ----- ----- ----- ----- ----- ----- ---- ---------------------
evm.utg77.7                          -            591 273989at33208        -            450  6.9e-189  629.7  12.4   1   2  7.6e-188  2.7e-185  617.9   0.4     2   431    19   520    18   530 0.86 -
evm.utg77.7                          -            591 273989at33208        -            450  6.9e-189  629.7  12.4   2   2   6.2e-05     0.022   15.0   6.9   402   450   531   580   520   580 0.72 -
evm.utg798.34.3.5c22f457             -            713 273989at33208        -            450   1.8e-87  295.4   0.0   1   1   5.1e-90   1.8e-87  295.4   0.0     3   393    66   502    64   542 0.83 -
evm.utg798.34.1.5c22f457             -            768 273989at33208        -            450   2.2e-87  295.1   0.0   1   2   6.3e-90   2.2e-87  295.1   0.0     3   393    66   502    64   542 0.83 -
evm.utg798.34.1.5c22f457             -            768 273989at33208        -            450   2.2e-87  295.1   0.0   2   2         7   2.5e+03   -1.7  10.1   397   433   676   713   667   728 0.73 -
evm.utg798.34                        -            772 273989at33208        -            450   2.3e-87  295.1   0.0   1   1   6.4e-90   2.3e-87  295.1   0.0     3   393    66   502    64   542 0.83 -
evm.utg798.34.2.5c22f457             -            678 273989at33208        -            450   6.1e-84  283.8   0.0   1   2   1.7e-86   6.1e-84  283.8   0.0    32   393     5   412     2   452 0.82 -
evm.utg798.34.2.5c22f457             -            678 273989at33208        -            450   6.1e-84  283.8   0.0   2   2         6   2.1e+03   -1.5  10.1   397   433   586   623   577   638 0.73 -
evm.utg5454.3                        -            526 273989at33208        -            450   7.7e-83  280.2   0.3   1   1   2.2e-85   7.7e-83  280.2   0.3     3   382    75   475    73   522 0.82 -
evm.utg622.103.1.5c22f2ee            -            410 273989at33208        -            450   1.1e-77  263.2   0.5   1   1   3.6e-80   1.3e-77  263.0   0.5     3   310    29   364    27   398 0.84 -
evm.utg622.103                       -            445 273989at33208        -            450   1.3e-77  262.9   0.5   1   1   4.7e-80   1.7e-77  262.6   0.5     3   310    29   364    27   400 0.84 -
evm.utg868.110                       -            694 273989at33208        -            450   5.2e-70  237.9  14.4   1   3   1.4e-36     5e-34  119.3   0.2     5   182   148   346   144   351 0.80 -
evm.utg868.110                       -            694 273989at33208        -            450   5.2e-70  237.9  14.4   2   3   1.2e-32   4.2e-30  106.4   0.0   187   317   377   532   354   566 0.75 -
evm.utg868.110                       -            694 273989at33208        -            450   5.2e-70  237.9  14.4   3   3   8.8e-07   0.00031   21.1   1.1   321   408   574   660   561   692 0.69 -
evm.utg32107.7                       -            756 273989at33208        -            450   8.1e-68  230.7   3.8   1   4   1.3e-15   4.6e-13   50.2   0.0     5    79   117   195   113   220 0.84 -
evm.utg32107.7                       -            756 273989at33208        -            450   8.1e-68  230.7   3.8   2   4   1.1e-15     4e-13   50.4   0.0   100   182   318   405   308   430 0.83 -
evm.utg32107.7                       -            756 273989at33208        -            450   8.1e-68  230.7   3.8   3   4   1.1e-32   3.7e-30  106.5   0.0   197   337   450   616   415   651 0.72 -
evm.utg32107.7                       -            756 273989at33208        -            450   8.1e-68  230.7   3.8   4   4     4e-07   0.00014   22.2   0.7   326   415   641   728   625   755 0.70 -
evm.utg715.74.1.5c22f38d             -            751 273989at33208        -            450   3.8e-66  225.2   0.6   1   1   2.2e-68   7.9e-66  224.1   0.6     3   310    96   434    94   452 0.83 -
evm.utg715.74.2.5c22f38d             -            641 273989at33208        -            450   5.3e-66  224.7   0.6   1   1   1.5e-68   5.3e-66  224.7   0.6     3   310    96   434    94   452 0.83 -
evm.utg715.74                        -            819 273989at33208        -            450   9.7e-66  223.8   0.6   1   1   2.7e-68   9.7e-66  223.8   0.6     3   310    96   434    94   452 0.83 -
evm.utg868.110.1.5c22f4c3            -            625 273989at33208        -            450   1.5e-65  223.2   6.2   1   2   1.1e-36   3.9e-34  119.6   0.2     5   182   148   346   144   352 0.81 -
evm.utg868.110.1.5c22f4c3            -            625 273989at33208        -            450   1.5e-65  223.2   6.2   2   2   9.5e-33   3.4e-30  106.7   0.0   187   317   377   532   354   567 0.75 -
evm.utg577.42                        -            449 273989at33208        -            450   3.9e-63  215.2   0.3   1   1   1.1e-65   3.9e-63  215.2   0.3     3   326    35   387    33   396 0.84 -
evm.utg738.21                        -           1086 273989at33208        -            450   6.7e-63  214.5   0.0   1   1   1.9e-65   6.7e-63  214.5   0.0     3   331   442   807   440   820 0.82 -
evm.utg6834.18                       -           1082 273989at33208        -            450     7e-63  214.4   0.0   1   1     2e-65     7e-63  214.4   0.0     3   333   438   805   436   817 0.82 -
evm.utg1052.25.1.5c22e826            -            711 273989at33208        -            450     1e-62  213.9  16.7   1   1   2.9e-65     1e-62  213.9  16.7     2   440   185   657   184   665 0.72 -
evm.utg1052.25                       -            750 273989at33208        -            450   1.7e-62  213.1  17.2   1   1   4.7e-65   1.7e-62  213.1  17.2     2   440   185   657   184   665 0.72 -
evm.utg34.16                         -            973 273989at33208        -            450   3.5e-62  212.1  16.5   1   1   9.8e-65   3.5e-62  212.1  16.5     2   325   178   535   177   658 0.74 -
evm.utg35.18                         -            432 273989at33208        -            450   1.1e-58  200.5   0.6   1   1   4.2e-61   1.5e-58  200.1   0.6     5   308    65   394    62   417 0.81 -
evm.utg30804.2                       -            433 273989at33208        -            450   1.3e-58  200.3   0.5   1   1   4.8e-61   1.7e-58  199.9   0.5     5   308    65   394    62   417 0.81 -
evm.utg861.25                        -            433 273989at33208        -            450   2.4e-58  199.4   0.1   1   1   8.5e-61     3e-58  199.1   0.1     4   307    51   382    48   409 0.86 -
evm.utg3092.62                       -            587 273989at33208        -            450   3.9e-58  198.8   0.0   1   2   1.1e-60   3.9e-58  198.8   0.0   122   391    10   314     6   352 0.84 -
evm.utg3092.62                       -            587 273989at33208        -            450   3.9e-58  198.8   0.0   2   2       5.1   1.8e+03   -1.2   1.0   415   443   402   430   375   436 0.75 -
evm.utg2817.24                       -            755 273989at33208        -            450   5.3e-58  198.3   0.0   1   1     2e-60     7e-58  197.9   0.0     3   304   328   669   326   681 0.80 -
evm.utg910.189                       -            775 273989at33208        -            450   1.6e-57  196.8   0.0   1   1   6.2e-60   2.2e-57  196.3   0.0     2   321   304   659   303   682 0.78 -
evm.utg9409.19                       -            721 273989at33208        -            450     4e-57  195.4   0.0   1   1   1.5e-59   5.3e-57  195.0   0.0     3   305   307   636   305   648 0.79 -
evm.utg9409.19.1.5c22f52b            -            721 273989at33208        -            450     4e-57  195.4   0.0   1   1   1.5e-59   5.3e-57  195.0   0.0     3   305   307   636   305   648 0.79 -
evm.utg693.8                         -            713 273989at33208        -            450     6e-57  194.8   0.0   1   1   2.5e-59   8.8e-57  194.3   0.0     3   337   154   525   152   533 0.79 -
evm.utg31304.7                       -            707 273989at33208        -            450   6.8e-57  194.7   0.0   1   1   2.8e-59   9.9e-57  194.1   0.0     3   336   157   527   155   536 0.79 -
evm.utg2303.9                        -            413 273989at33208        -            450   7.7e-57  194.5   1.4   1   1   2.7e-59   9.6e-57  194.2   1.4     4   309    54   388    51   407 0.83 -
evm.utg86.18                         -            413 273989at33208        -            450   9.5e-57  194.2   1.4   1   1   3.3e-59   1.2e-56  193.9   1.4     4   307    54   386    51   406 0.84 -
evm.utg1609.78                       -            745 273989at33208        -            450   7.8e-56  191.2   0.0   1   1   2.2e-58   7.8e-56  191.2   0.0     2   321   252   605   251   628 0.80 -
evm.utg4576.32                       -            705 273989at33208        -            450   2.1e-55  189.8   0.0   1   1   5.8e-58   2.1e-55  189.8   0.0     2   321   212   565   211   588 0.79 -
evm.utg790.44                        -            655 273989at33208        -            450     5e-55  188.5   0.0   1   1   2.1e-57   7.3e-55  188.0   0.0     3   307   202   552   200   570 0.79 -
evm.utg280.35.1.5c22ee3f             -            592 273989at33208        -            450   1.7e-54  186.7   0.0   1   1   7.2e-57   2.5e-54  186.2   0.0     3   307   203   553   201   567 0.79 -
evm.utg280.35                        -            655 273989at33208        -            450   2.2e-54  186.4   0.0   1   1   9.2e-57   3.3e-54  185.8   0.0     3   307   203   553   201   571 0.79 -
evm.utg910.12                        -           1070 273989at33208        -            450   3.3e-54  185.8   0.1   1   1   2.3e-56   8.3e-54  184.5   0.1     3   336   166   536   164   578 0.77 -
evm.utg4576.42                       -            788 273989at33208        -            450   8.7e-54  184.4   0.0   1   2   4.9e-34   1.7e-31  110.9   0.0     3   153   375   541   373   546 0.81 -
evm.utg4576.42                       -            788 273989at33208        -            450   8.7e-54  184.4   0.0   2   2     1e-24   3.5e-22   80.2   0.0   153   309   565   741   549   751 0.83 -
evm.utg1663.5.1.5c22eba0             -            777 273989at33208        -            450   1.5e-53  183.7   0.0   1   2   4.7e-34   1.7e-31  111.0   0.0     3   153   375   541   373   546 0.81 -
evm.utg1663.5.1.5c22eba0             -            777 273989at33208        -            450   1.5e-53  183.7   0.0   2   2   1.8e-24   6.2e-22   79.4   0.0   153   309   565   741   549   752 0.83 -
evm.utg1663.5                        -            788 273989at33208        -            450   1.6e-53  183.5   0.0   1   2   4.9e-34   1.7e-31  110.9   0.0     3   153   375   541   373   546 0.81 -
evm.utg1663.5                        -            788 273989at33208        -            450   1.6e-53  183.5   0.0   2   2   1.8e-24   6.5e-22   79.4   0.0   153   309   565   741   549   751 0.83 -
evm.utg4383.15                       -            642 273989at33208        -            450     1e-52  180.9   6.1   1   2   2.8e-55     1e-52  180.9   6.1     2   319   229   588   228   615 0.78 -
evm.utg4383.15                       -            642 273989at33208        -            450     1e-52  180.9   6.1   2   2       6.3   2.2e+03   -1.5   3.4   410   440   605   635   596   640 0.75 -
evm.utg637.28                        -            400 273989at33208        -            450   1.3e-51  177.3   0.3   1   2   3.6e-54   1.3e-51  177.3   0.3    18   315     3   342     1   358 0.78 -
evm.utg637.28                        -            400 273989at33208        -            450   1.3e-51  177.3   0.3   2   2       4.7   1.7e+03   -1.1   3.7   411   441   364   394   353   399 0.75 -
evm.utg761.5                         -            547 273989at33208        -            450   1.3e-51  177.2   0.1   1   2   3.8e-13   1.4e-10   42.0   0.0     3    92    87   179    85   192 0.79 -
evm.utg761.5                         -            547 273989at33208        -            450   1.3e-51  177.2   0.1   2   2     9e-41   3.2e-38  133.1   0.0    89   304   263   500   248   520 0.84 -
evm.utg45299.4                       -            555 273989at33208        -            450   2.8e-51  176.1   0.0   1   2   9.3e-13   3.3e-10   40.8   0.0     5    95    89   182    85   195 0.82 -
evm.utg45299.4                       -            555 273989at33208        -            450   2.8e-51  176.1   0.0   2   2     8e-41   2.8e-38  133.3   0.0    83   304   263   508   254   531 0.84 -
evm.utg4326.50                       -            730 273989at33208        -            450   3.4e-50  172.6   0.0   1   2     1e-12   3.6e-10   40.6   0.0     5    95    89   182    85   195 0.82 -
evm.utg4326.50                       -            730 273989at33208        -            450   3.4e-50  172.6   0.0   2   2   8.9e-40   3.1e-37  129.8   0.0    83   303   263   507   254   536 0.83 -
evm.utg1205.31                       -            963 273989at33208        -            450   1.3e-45  157.5   0.0   1   1   1.1e-47     4e-45  155.9   0.0     3   308    40   381    38   401 0.78 -
evm.utg109.118                       -            547 273989at33208        -            450   7.3e-45  155.0   1.5   1   2   3.8e-34   1.3e-31  111.3   0.6     2   218    23   261    22   278 0.79 -
evm.utg109.118                       -            547 273989at33208        -            450   7.3e-45  155.0   1.5   2   2   4.1e-13   1.5e-10   41.9   0.0   260   317   342   399   340   459 0.82 -
evm.utg3284.30                       -           1140 273989at33208        -            450   2.8e-44  153.1   0.0   1   1   1.4e-46     5e-44  152.3   0.0     3   304   670  1008   668  1020 0.78 -
evm.utg14.91                         -            321 273989at33208        -            450   1.3e-43  150.9   0.6   1   1   3.7e-46   1.3e-43  150.9   0.6    90   328     3   261     1   268 0.84 -
evm.utg20076.12                      -            321 273989at33208        -            450   1.3e-43  150.9   0.6   1   1   3.7e-46   1.3e-43  150.9   0.6    90   328     3   261     1   268 0.84 -
evm.utg750.13                        -            760 273989at33208        -            450   3.4e-43  149.5   0.0   1   4   5.9e-11   2.1e-08   34.8   0.0     2    51   203   253   202   264 0.87 -
evm.utg750.13                        -            760 273989at33208        -            450   3.4e-43  149.5   0.0   2   4   1.6e-16   5.5e-14   53.2   0.0    55   154   279   390   274   410 0.76 -
evm.utg750.13                        -            760 273989at33208        -            450   3.4e-43  149.5   0.0   3   4   4.4e-23   1.6e-20   74.8   0.0   202   314   494   615   477   629 0.80 -
evm.utg750.13                        -            760 273989at33208        -            450   3.4e-43  149.5   0.0   4   4       9.8   3.5e+03   -2.1   0.3   393   443   645   698   615   702 0.59 -
evm.utg7821.45                       -            718 273989at33208        -            450     4e-43  149.3   0.2   1   1   1.5e-45   5.4e-43  148.8   0.2    96   309     3   233     1   272 0.80 -
evm.utg1708.9                        -            733 273989at33208        -            450   1.5e-42  147.4   0.0   1   3   4.4e-10   1.6e-07   32.0   0.0     2    52   202   253   201   262 0.87 -
evm.utg1708.9                        -            733 273989at33208        -            450   1.5e-42  147.4   0.0   2   3   1.4e-16   4.9e-14   53.4   0.0    56   156   279   391   274   410 0.76 -
evm.utg1708.9                        -            733 273989at33208        -            450   1.5e-42  147.4   0.0   3   3   3.1e-23   1.1e-20   75.3   0.0   202   314   493   614   473   627 0.78 -
evm.utg1372.2                        -            321 273989at33208        -            450     8e-42  145.0   0.6   1   1   2.2e-44     8e-42  145.0   0.6    90   328     3   261     1   271 0.84 -
evm.utg1272.60                       -            495 273989at33208        -            450   1.5e-39  137.5   0.1   1   1   6.2e-42   2.2e-39  136.9   0.1     3   303   123   459   121   473 0.81 -
evm.utg1272.60.1.5c22e9be            -            370 273989at33208        -            450   3.6e-39  136.2   0.1   1   1   1.3e-41   4.5e-39  135.9   0.1     6   303     1   334     1   348 0.81 -
evm.utg31304.7.1.5c22eed4            -            491 273989at33208        -            450   5.2e-39  135.7   0.0   1   1   2.2e-41   7.7e-39  135.1   0.0     3   264   157   454   155   460 0.78 -
evm.utg715.56                        -            693 273989at33208        -            450   1.9e-38  133.9   0.0   1   1   5.3e-41   1.9e-38  133.9   0.0    39   322   142   465   132   490 0.75 -
evm.utg16036.45                      -            631 273989at33208        -            450     2e-36  127.2   0.4   1   3     8e-20   2.8e-17   64.1   0.1    34   149   183   314   172   327 0.76 -
evm.utg16036.45                      -            631 273989at33208        -            450     2e-36  127.2   0.4   2   3      0.73   2.6e+02    1.6   0.0   158   181   366   389   354   402 0.84 -
evm.utg16036.45                      -            631 273989at33208        -            450     2e-36  127.2   0.4   3   3   1.5e-21   5.4e-19   69.7   0.0   238   309   482   556   420   581 0.82 -
evm.utg116.128                       -            913 273989at33208        -            450   2.4e-36  126.9  10.8   1   2   1.1e-22   3.8e-20   73.5   0.1     2   150   513   677   512   684 0.83 -
evm.utg116.128                       -            913 273989at33208        -            450   2.4e-36  126.9  10.8   2   2   1.4e-18   4.8e-16   60.0   0.1   191   301   738   863   728   901 0.80 -
evm.utg910.189.1.5c22f4fd            -            587 273989at33208        -            450   6.1e-35  122.3   0.0   1   1   2.3e-37   8.3e-35  121.9   0.0     2   186   304   500   303   546 0.84 -
evm.utg31304.7.1.5c22eed4.1.5c279361 -            453 273989at33208        -            450     9e-35  121.7   0.0   1   1   3.4e-37   1.2e-34  121.3   0.0     3   186   157   352   155   406 0.83 -
evm.utg1609.78.1.5c22eb6f            -            583 273989at33208        -            450   1.2e-34  121.3   0.0   1   1   3.5e-37   1.2e-34  121.3   0.0     2   186   252   448   251   462 0.82 -
evm.utg280.35.1.5c22ee3f.1.5c2792ec  -            454 273989at33208        -            450   6.8e-34  118.9   0.0   1   1   2.8e-36   9.9e-34  118.3   0.0     3   184   203   409   201   439 0.80 -
evm.utg162231.2                      -            496 273989at33208        -            450   1.1e-23   85.2   0.0   1   2   1.4e-10   4.8e-08   33.6   0.0     2    56    17    71    16    76 0.92 -
evm.utg162231.2                      -            496 273989at33208        -            450   1.1e-23   85.2   0.0   2   2   2.5e-15   8.9e-13   49.2   0.0    60   158   267   377   259   412 0.82 -
evm.utg73.123                        -            229 273989at33208        -            450   1.7e-23   84.6   0.2   1   1   5.4e-26   1.9e-23   84.4   0.2   137   311     4   199     1   219 0.81 -
evm.utg1290.22                       -            468 273989at33208        -            450   1.3e-19   71.8   0.0   1   2     0.014       4.9    7.2   0.0    39   139    13   115     2   134 0.70 -
evm.utg1290.22                       -            468 273989at33208        -            450   1.3e-19   71.8   0.0   2   2   2.8e-19   9.8e-17   62.3   0.0   238   309   347   421   330   436 0.87 -
evm.utg4271.24                       -            571 273989at33208        -            450   3.2e-19   70.5   0.4   1   2   1.5e-14   5.2e-12   46.7   0.2     2   144   187   336   186   362 0.71 -
evm.utg4271.24                       -            571 273989at33208        -            450   3.2e-19   70.5   0.4   2   2   6.1e-07   0.00021   21.6   0.0   243   302   482   544   425   553 0.83 -
evm.utg1290.22.1.5c22ea09            -            407 273989at33208        -            450   2.5e-17   64.3   0.1   1   2       7.7   2.7e+03   -1.8   0.0   120   139    35    54    27    67 0.79 -
evm.utg1290.22.1.5c22ea09            -            407 273989at33208        -            450   2.5e-17   64.3   0.1   2   2   2.2e-19   7.7e-17   62.6   0.0   238   310   286   361   269   376 0.87 -
evm.utg1205.31.1.5c22e93e            -            802 273989at33208        -            450   6.7e-15   56.2   0.1   1   1   6.5e-17   2.3e-14   54.5   0.1   145   308    28   220    19   241 0.66 -
evm.utg26120.6                       -            126 273989at33208        -            450   9.9e-15   55.7   0.0   1   1   2.8e-17   9.9e-15   55.7   0.0   259   313     1    53     1   112 0.84 -
evm.utg125.71                        -           2133 273989at33208        -            450   3.1e-14   54.0   0.2   1   2   0.00015     0.052   13.8   0.1    21   135   484   612   467   635 0.74 -
evm.utg125.71                        -           2133 273989at33208        -            450   3.1e-14   54.0   0.2   2   2   1.1e-11   3.9e-09   37.2   0.0     3   133  1312  1449  1310  1456 0.84 -
evm.utg1005.80                       -            366 273989at33208        -            450   5.3e-13   50.0   0.0   1   1   2.2e-15   7.9e-13   49.4   0.0   238   307   181   250   162   267 0.83 -
evm.utg73.124                        -            188 273989at33208        -            450   1.1e-12   48.9   0.1   1   1   4.2e-15   1.5e-12   48.5   0.1     3   114    62   184    60   186 0.81 -
evm.utg910.189.1.5c22f4fd.1.5c27987c -            435 273989at33208        -            450   1.8e-12   48.2   0.0   1   1     7e-15   2.5e-12   47.8   0.0     2    79   304   385   303   421 0.79 -
evm.utg19612.3                       -           1598 273989at33208        -            450   9.1e-12   45.9   0.0   1   2     0.029        10    6.2   0.0    80   135    22    77    10   100 0.86 -
evm.utg19612.3                       -           1598 273989at33208        -            450   9.1e-12   45.9   0.0   2   2   1.5e-11   5.2e-09   36.8   0.0     3   133   777   914   775   922 0.84 -
evm.utg26120.4                       -            296 273989at33208        -            450   2.6e-09   37.8   0.0   1   2   7.4e-12   2.6e-09   37.8   0.0    94   149   124   178   103   190 0.88 -
evm.utg26120.4                       -            296 273989at33208        -            450   2.6e-09   37.8   0.0   2   2       3.1   1.1e+03   -0.5   0.0   158   181   230   253   211   265 0.82 -
evm.utg1465.62                       -            563 273989at33208        -            450   6.1e-09   36.6   0.0   1   2     0.003       1.1    9.4   0.0     9    53    32    78    23   179 0.67 -
evm.utg1465.62                       -            563 273989at33208        -            450   6.1e-09   36.6   0.0   2   2   5.5e-08   1.9e-05   25.0   0.0   249   304   337   392   310   428 0.78 -
evm.utg4468.3                        -            710 273989at33208        -            450   6.9e-09   36.4   8.6   1  10      0.62   2.2e+02    1.8   0.0   156   188    46    78    40   101 0.76 -
evm.utg4468.3                        -            710 273989at33208        -            450   6.9e-09   36.4   8.6   2  10     0.055        19    5.3   0.0   156   196   114   157   109   169 0.77 -
evm.utg4468.3                        -            710 273989at33208        -            450   6.9e-09   36.4   8.6   3  10         1   3.6e+02    1.1   0.0   156   188   148   180   144   204 0.76 -
evm.utg4468.3                        -            710 273989at33208        -            450   6.9e-09   36.4   8.6   4  10      0.17        59    3.7   0.0   155   197   249   294   243   306 0.77 -
evm.utg4468.3                        -            710 273989at33208        -            450   6.9e-09   36.4   8.6   5  10     0.067        24    5.0   0.0   155   189   317   351   310   373 0.76 -
evm.utg4468.3                        -            710 273989at33208        -            450   6.9e-09   36.4   8.6   6  10      0.95   3.4e+02    1.2   0.0   156   198   420   465   416   476 0.77 -
evm.utg4468.3                        -            710 273989at33208        -            450   6.9e-09   36.4   8.6   7  10     0.066        23    5.0   0.0   156   195   488   530   484   543 0.78 -
evm.utg4468.3                        -            710 273989at33208        -            450   6.9e-09   36.4   8.6   8  10       1.6   5.5e+02    0.5   0.0   156   185   590   619   587   623 0.84 -
evm.utg4468.3                        -            710 273989at33208        -            450   6.9e-09   36.4   8.6   9  10      0.33   1.2e+02    2.7   0.0   156   185   624   653   620   657 0.84 -
evm.utg4468.3                        -            710 273989at33208        -            450   6.9e-09   36.4   8.6  10  10      0.21        74    3.3   0.0   156   185   658   687   655   703 0.81 -
evm.utg1253.71                       -            610 273989at33208        -            450   7.7e-09   36.3   0.0   1   2    0.0037       1.3    9.1   0.0     9    53    32    78    23   177 0.70 -
evm.utg1253.71                       -            610 273989at33208        -            450   7.7e-09   36.3   0.0   2   2   5.8e-08   2.1e-05   25.0   0.0   249   304   337   392   310   427 0.77 -
evm.utg17379.1.1.5c22ebd9            -           1090 273989at33208        -            450   1.4e-08   35.4   0.0   1   1   1.3e-10   4.7e-08   33.7   0.0     6   278   673   998   670  1032 0.67 -
evm.utg17379.1                       -           1321 273989at33208        -            450   2.1e-08   34.8   0.0   1   1   1.9e-10   6.7e-08   33.2   0.0     6   278   673   998   670  1032 0.67 -
evm.utg11411.7                       -           2161 273989at33208        -            450   4.6e-08   33.7   0.1   1   1   1.8e-09   6.4e-07   29.9   0.1     3   307   909  1255   907  1263 0.69 -
evm.utg5960.4                        -            632 273989at33208        -            450   4.8e-08   33.6   0.2   1   2   9.7e-05     0.034   14.3   0.0     6    72    20    87    15   212 0.86 -
evm.utg5960.4                        -            632 273989at33208        -            450   4.8e-08   33.6   0.2   2   2   1.5e-05    0.0055   17.0   0.1   250   302   329   381   295   395 0.78 -
evm.utg594.46                        -           1418 273989at33208        -            450   8.1e-08   32.9   0.1   1   1   5.1e-09   1.8e-06   28.5   0.1     3   307   827  1173   825  1181 0.69 -
evm.utg16050.17.1.5c22eb66           -           1615 273989at33208        -            450   1.7e-07   31.9   0.0   1   1   1.5e-09   5.2e-07   30.2   0.0     6   278   673   998   670  1016 0.67 -
evm.utg514.11                        -           2133 273989at33208        -            450   2.2e-07   31.4   0.0   1   1   1.9e-09   6.9e-07   29.8   0.0     6   278   673   998   670  1017 0.67 -
evm.utg16050.17                      -           2178 273989at33208        -            450   2.7e-07   31.2   0.0   1   1   2.3e-09   8.3e-07   29.6   0.0     6   278   673   998   670  1015 0.66 -
evm.utg16050.17.2.5c22eb66           -           2176 273989at33208        -            450   2.7e-07   31.2   0.0   1   1   2.3e-09   8.3e-07   29.6   0.0     6   278   673   998   670  1015 0.66 -
evm.utg126.149.1.5c22e9a2            -           2198 273989at33208        -            450     3e-07   31.0   1.1   1   3      0.19        69    3.5   0.4    26   135   509   632   486   651 0.73 -
evm.utg126.149.1.5c22e9a2            -           2198 273989at33208        -            450     3e-07   31.0   1.1   2   3       1.9   6.7e+02    0.2   0.0   243   272   812   841   796   855 0.75 -
evm.utg126.149.1.5c22e9a2            -           2198 273989at33208        -            450     3e-07   31.0   1.1   3   3   2.8e-07    0.0001   22.7   0.0     6   133  1338  1472  1334  1484 0.79 -
evm.utg729.140                       -           1516 273989at33208        -            450   5.9e-07   30.0   0.1   1   2         1   3.7e+02    1.0   0.0    25   132    47   167    30   174 0.71 -
evm.utg729.140                       -           1516 273989at33208        -            450   5.9e-07   30.0   0.1   2   2   2.3e-08   8.2e-06   26.3   0.0   238   292   447   503   413   528 0.87 -
evm.utg2690.19                       -           1183 273989at33208        -            450   9.3e-07   29.4   0.1   1   2   9.9e-05     0.035   14.3   0.0     3   194    33   238    31   252 0.68 -
evm.utg2690.19                       -           1183 273989at33208        -            450   9.3e-07   29.4   0.1   2   2    0.0015      0.54   10.4   0.0   239   318   320   400   303   424 0.79 -
evm.utg1734.27                       -            293 273989at33208        -            450   1.5e-06   28.7   0.0   1   1   5.4e-09   1.9e-06   28.4   0.0   239   343    13   125     2   167 0.75 -
evm.utg1285.90                       -           1148 273989at33208        -            450     3e-06   27.7   0.1   1   1   1.6e-08   5.8e-06   26.8   0.1   240   351   887   999   875  1012 0.83 -
evm.utg27.92                         -            684 273989at33208        -            450   4.7e-06   27.1   0.0   1   2     0.012       4.4    7.4   0.0     6    46   276   317   270   493 0.82 -
evm.utg27.92                         -            684 273989at33208        -            450   4.7e-06   27.1   0.0   2   2   1.1e-05    0.0039   17.5   0.0   240   307   542   612   508   652 0.77 -
evm.utg116.12                        -           1379 273989at33208        -            450   5.9e-06   26.8   0.0   1   1   2.9e-08     1e-05   26.0   0.0   238   292   308   364   273   389 0.87 -
evm.utg401.21                        -           1545 273989at33208        -            450   6.8e-06   26.6   0.0   1   1   6.2e-08   2.2e-05   24.9   0.0   245   329   606   696   599   712 0.77 -
evm.utg1919.14                       -           2556 273989at33208        -            450   8.5e-06   26.2   0.0   1   2       5.5     2e+03   -1.3   0.0    94   170   205   279   133   285 0.56 -
evm.utg1919.14                       -           2556 273989at33208        -            450   8.5e-06   26.2   0.0   2   2   2.4e-08   8.5e-06   26.2   0.0   239   333   573   671   565   677 0.82 -
evm.utg5370.19                       -             84 273989at33208        -            450   3.1e-05   24.4   0.0   1   1   9.4e-08   3.3e-05   24.3   0.0   250   301    25    76     5    81 0.85 -
evm.utg785.15                        -            244 273989at33208        -            450   5.4e-05   23.6   0.0   1   1   1.8e-07   6.5e-05   23.3   0.0   250   367    56   177    27   186 0.77 -
evm.utg9227.12                       -            843 273989at33208        -            450   5.4e-05   23.6   0.0   1   2       0.3   1.1e+02    2.8   0.0     3    68   184   245   182   255 0.83 -
evm.utg9227.12                       -            843 273989at33208        -            450   5.4e-05   23.6   0.0   2   2   6.3e-06    0.0022   18.3   0.1   240   309   491   563   480   589 0.81 -
evm.utg347.21                        -            609 273989at33208        -            450   5.8e-05   23.5   0.0   1   2       1.3   4.7e+02    0.7   0.0    10    43    27    60    17   102 0.84 -
evm.utg347.21                        -            609 273989at33208        -            450   5.8e-05   23.5   0.0   2   2   1.8e-06   0.00065   20.0   0.0   251   304   341   394   307   413 0.82 -
evm.utg1205.65                       -           1137 273989at33208        -            450   8.7e-05   22.9   0.0   1   1   5.3e-07   0.00019   21.8   0.0   247   298  1047  1098  1035  1125 0.79 -
evm.utg334.31                        -            479 273989at33208        -            450   9.3e-05   22.8   0.0   1   1   4.5e-07   0.00016   22.0   0.0   237   340   275   381   262   400 0.67 -
evm.utg637.29.1.5c22f302.1.5c2796da  -            754 273989at33208        -            450    0.0001   22.7   0.3   1   2       3.2   1.1e+03   -0.6   0.0     9    45    91   127    85   147 0.86 -
evm.utg637.29.1.5c22f302.1.5c2796da  -            754 273989at33208        -            450    0.0001   22.7   0.3   2   2   1.3e-06   0.00047   20.5   0.1   252   314   370   432   347   479 0.78 -
evm.utg1463.24                       -            609 273989at33208        -            450   0.00011   22.5   0.0   1   2       3.2   1.1e+03   -0.6   0.0    10    43    27    60    19    98 0.84 -
evm.utg1463.24                       -            609 273989at33208        -            450   0.00011   22.5   0.0   2   2   1.9e-06   0.00067   20.0   0.0   251   304   341   394   307   413 0.82 -
evm.utg1721.11                       -            620 273989at33208        -            450   0.00013   22.3   0.0   1   2       4.3   1.5e+03   -1.0   0.0    20    44    48    72    35   117 0.77 -
evm.utg1721.11                       -            620 273989at33208        -            450   0.00013   22.3   0.0   2   2   1.9e-06   0.00066   20.0   0.0   251   304   352   405   318   424 0.82 -
evm.utg637.29.1.5c22f302             -           1032 273989at33208        -            450   0.00019   21.7   0.3   1   2       4.8   1.7e+03   -1.1   0.0     9    45   557   593   551   610 0.86 -
evm.utg637.29.1.5c22f302             -           1032 273989at33208        -            450   0.00019   21.7   0.3   2   2     2e-06   0.00071   19.9   0.1   252   314   836   898   813   945 0.78 -
evm.utg3235.22                       -           1214 273989at33208        -            450   0.00027   21.3   2.5   1   2      0.19        68    3.5   0.0    16    47    60    92    47   122 0.83 -
evm.utg3235.22                       -           1214 273989at33208        -            450   0.00027   21.3   2.5   2   2   1.6e-05    0.0056   16.9   0.0   237   349   318   429   286   437 0.74 -
evm.utg637.29                        -           1220 273989at33208        -            450   0.00028   21.2   0.3   1   2       6.2   2.2e+03   -1.5   0.0    10    45   558   593   552   607 0.86 -
evm.utg637.29                        -           1220 273989at33208        -            450   0.00028   21.2   0.3   2   2   2.5e-06   0.00088   19.6   0.1   252   314   836   898   813   945 0.78 -
evm.utg4383.18                       -            669 273989at33208        -            450   0.00031   21.1   0.1   1   1   8.7e-07   0.00031   21.1   0.1   249   314   282   347   264   394 0.78 -
evm.utg9023.13                       -           1495 273989at33208        -            450   0.00032   21.0   7.9   1   3       4.8   1.7e+03   -1.1   5.6   405   445   341   383   315   387 0.73 -
evm.utg9023.13                       -           1495 273989at33208        -            450   0.00032   21.0   7.9   2   3      0.57     2e+02    1.9   0.0     3    68   624   685   622   694 0.83 -
evm.utg9023.13                       -           1495 273989at33208        -            450   0.00032   21.0   7.9   3   3   6.9e-06    0.0024   18.1   0.0   240   309   931  1003   920  1029 0.81 -
evm.utg19590.8                       -            240 273989at33208        -            450   0.00051   20.4   0.0   1   1   2.1e-06   0.00073   19.9   0.0   250   304    25    79     6   108 0.81 -
evm.utg920.8                         -            607 273989at33208        -            450   0.00063   20.1   0.0   1   1     3e-06    0.0011   19.3   0.0   250   302    88   140    30   179 0.82 -
evm.utg436.49                        -           1493 273989at33208        -            450   0.00088   19.6   7.4   1   3       8.7   3.1e+03   -2.0   6.8   405   445   337   379   312   383 0.68 -
evm.utg436.49                        -           1493 273989at33208        -            450   0.00088   19.6   7.4   2   3       1.8   6.5e+02    0.3   0.0     3    67   619   679   617   688 0.81 -
evm.utg436.49                        -           1493 273989at33208        -            450   0.00088   19.6   7.4   3   3   1.7e-05    0.0059   16.9   0.0   240   304   926   993   915  1008 0.87 -
evm.utg31.8                          -            451 273989at33208        -            450   0.00091   19.5   0.0   1   2      0.51   1.8e+02    2.1   0.0   110   195    49   136    19   157 0.68 -
evm.utg31.8                          -            451 273989at33208        -            450   0.00091   19.5   0.0   2   2   4.6e-05     0.016   15.4   0.0   244   305   227   288   178   316 0.86 -
evm.utg10385.10                      -            568 273989at33208        -            450    0.0011   19.3   0.0   1   1   6.8e-06    0.0024   18.1   0.0   229   302   265   345   255   360 0.79 -
evm.utg816.1                         -            155 273989at33208        -            450    0.0014   19.0   0.0   1   1   4.3e-06    0.0015   18.8   0.0     5    64    14    74    11   113 0.78 -
evm.utg1571.14                       -           1118 273989at33208        -            450    0.0015   18.9   0.1   1   1   4.1e-06    0.0015   18.9   0.1   241   343   850   952   843   972 0.88 -
evm.utg29.3                          -            456 273989at33208        -            450    0.0018   18.6   0.0   1   2      0.49   1.8e+02    2.1   0.0   110   195    49   136    19   157 0.67 -
evm.utg29.3                          -            456 273989at33208        -            450    0.0018   18.6   0.0   2   2   9.6e-05     0.034   14.4   0.0   248   306   231   289   201   318 0.80 -
evm.utg992.34                        -            590 273989at33208        -            450     0.002   18.4   0.1   1   1   1.4e-05     0.005   17.1   0.1   250   302   286   338   252   352 0.78 -
evm.utg699.32                        -           1145 273989at33208        -            450    0.0022   18.3   0.0   1   1   1.8e-05    0.0063   16.8   0.0   237   349   242   353   210   361 0.75 -
evm.utg1285.85                       -            987 273989at33208        -            450    0.0024   18.2   0.1   1   1   1.9e-05    0.0067   16.7   0.1   239   346   712   821   706   862 0.84 -
evm.utg5073.12.2.5c22f1b3.1.5c2795cb -            583 273989at33208        -            450    0.0025   18.1   0.1   1   1   1.3e-05    0.0044   17.3   0.1   322   400   188   266   148   281 0.88 -
evm.utg5073.12.2.5c22f1b3            -            604 273989at33208        -            450    0.0027   18.0   0.1   1   1   1.3e-05    0.0047   17.2   0.1   322   400   188   266   148   281 0.88 -
evm.utg4695.27                       -            210 273989at33208        -            450    0.0038   17.5   0.0   1   1   1.4e-05    0.0051   17.1   0.0   239   293   131   189   119   207 0.83 -
evm.utg5073.12.1.5c22f1b3            -            807 273989at33208        -            450    0.0071   16.6   0.1   1   1     2e-05    0.0071   16.6   0.1   323   400   429   506   388   521 0.88 -
evm.utg5073.12                       -            845 273989at33208        -            450    0.0076   16.5   0.1   1   1   2.2e-05    0.0076   16.5   0.1   323   400   430   507   390   522 0.88 -
evm.utg8609.11                       -           1035 273989at33208        -            450    0.0077   16.5   0.1   1   2       2.6   9.4e+02   -0.3   0.0    25   133   434   544   427   562 0.64 -
evm.utg8609.11                       -           1035 273989at33208        -            450    0.0077   16.5   0.1   2   2   2.2e-05    0.0077   16.5   0.1   241   342   840   941   833   967 0.84 -
evm.utg3677.35                       -            138 273989at33208        -            450     0.013   15.7   0.0   1   1   4.7e-05     0.017   15.4   0.0     5    64    48   108    45   128 0.75 -
evm.utg936.39                        -            402 273989at33208        -            450     0.018   15.3   0.0   1   1   7.5e-05     0.027   14.7   0.0   236   326   197   292   182   312 0.78 -
evm.utg10041.22                      -            202 273989at33208        -            450     0.046   13.9   0.0   1   1   0.00016     0.055   13.7   0.0   242   303    49   114    28   141 0.82 -
evm.utg5879.13                       -            248 273989at33208        -            450     0.052   13.7   0.0   1   1   0.00018     0.064   13.4   0.0   251   306    26    81     9   110 0.80 -
evm.utg1101.1                        -            205 273989at33208        -            450     0.052   13.7   0.0   1   1   0.00017     0.061   13.5   0.0   247   304    84   141    47   169 0.85 -
evm.utg12030.15                      -            119 273989at33208        -            450     0.081   13.1   0.0   1   1   0.00023     0.081   13.1   0.0   249   291    17    59     3    88 0.82 -
evm.utg2071.37                       -            326 273989at33208        -            450     0.087   13.0   0.0   1   1   0.00024     0.087   13.0   0.0    12   136   162   288   155   315 0.63 -
evm.utg19590.12                      -             82 273989at33208        -            450     0.088   13.0   0.0   1   1   0.00028     0.099   12.8   0.0     8    45    31    69    23    78 0.78 -
evm.utg2969.2                        -           1004 273989at33208        -            450     0.091   12.9   0.0   1   1   0.00052      0.19   11.9   0.0   239   307    16    88    11    96 0.85 -
evm.utg7127.43                       -            348 273989at33208        -            450       0.1   12.8   0.6   1   5         2   7.1e+02    0.1   0.0   156   177    65    86    58   119 0.79 -
evm.utg7127.43                       -            348 273989at33208        -            450       0.1   12.8   0.6   2   5       1.2   4.3e+02    0.8   0.0   155   173   166   184   129   188 0.49 -
evm.utg7127.43                       -            348 273989at33208        -            450       0.1   12.8   0.6   3   5       1.5   5.2e+02    0.6   0.0   155   176   166   187   159   216 0.83 -
evm.utg7127.43                       -            348 273989at33208        -            450       0.1   12.8   0.6   4   5      0.49   1.7e+02    2.1   0.0   156   184   235   263   227   290 0.80 -
evm.utg7127.43                       -            348 273989at33208        -            450       0.1   12.8   0.6   5   5      0.42   1.5e+02    2.4   0.0   156   187   303   334   296   347 0.80 -
evm.utg4468.5                        -           1733 273989at33208        -            450      0.11   12.7   2.6   1   6       1.1     4e+02    0.9   0.0   156   189    46    79    43   101 0.77 -
evm.utg4468.5                        -           1733 273989at33208        -            450      0.11   12.7   2.6   2   6      0.16        58    3.7   0.0   155   188   246   279   239   298 0.82 -
evm.utg4468.5                        -           1733 273989at33208        -            450      0.11   12.7   2.6   3   6       2.3   8.1e+02   -0.1   0.0   156   187   315   346   312   366 0.85 -
evm.utg4468.5                        -           1733 273989at33208        -            450      0.11   12.7   2.6   4   6       6.7   2.4e+03   -1.6   0.0   156   185   417   446   410   463 0.84 -
evm.utg4468.5                        -           1733 273989at33208        -            450      0.11   12.7   2.6   5   6       9.3   3.3e+03   -2.1   0.0   156   198   516   561   511   572 0.71 -
evm.utg4468.5                        -           1733 273989at33208        -            450      0.11   12.7   2.6   6   6       2.6   9.1e+02   -0.2   0.0   156   186   584   614   576   633 0.79 -
evm.utg370.88                        -           3023 273989at33208        -            450      0.17   12.1   0.0   1   1   0.00047      0.17   12.1   0.0     4   135   340   476   337   493 0.81 -
evm.utg8262.58                       -            326 273989at33208        -            450      0.18   12.0   0.0   1   1   0.00074      0.26   11.4   0.0   239   290    70   125    59   130 0.83 -
evm.utg15716.7                       -            653 273989at33208        -            450      0.19   11.9   4.1   1   2      0.17        61    3.6   0.0    10    47    86   123    78   191 0.92 -
evm.utg15716.7                       -            653 273989at33208        -            450      0.19   11.9   4.1   2   2    0.0051       1.8    8.7   0.0   247   303   358   414   341   449 0.84 -
evm.utg439.37.1.5c22f0f9             -           2947 273989at33208        -            450      0.21   11.7   0.0   1   1    0.0006      0.21   11.7   0.0     4   135   340   476   337   493 0.82 -
evm.utg439.37                        -           2970 273989at33208        -            450      0.22   11.7   0.0   1   1   0.00061      0.22   11.7   0.0     4   135   340   476   337   493 0.82 -
evm.utg31.58                         -            248 273989at33208        -            450      0.22   11.7   0.0   1   1   0.00079      0.28   11.3   0.0   250   305    25    80    14   110 0.83 -
evm.utg4901.11                       -            394 273989at33208        -            450      0.23   11.6   0.3   1   1   0.00092      0.33   11.1   0.3   370   440    32   103    16   109 0.81 -
evm.utg48.29.2.5c22f15f              -           1416 273989at33208        -            450      0.25   11.5   4.2   1   5       1.4     5e+02    0.6   0.0   156   197    41    85    33    96 0.72 -
evm.utg48.29.2.5c22f15f              -           1416 273989at33208        -            450      0.25   11.5   4.2   2   5      0.31   1.1e+02    2.8   0.0   153   176   106   129   101   141 0.84 -
evm.utg48.29.2.5c22f15f              -           1416 273989at33208        -            450      0.25   11.5   4.2   3   5      0.26        91    3.1   0.0   153   176   140   163   133   175 0.83 -
evm.utg48.29.2.5c22f15f              -           1416 273989at33208        -            450      0.25   11.5   4.2   4   5       1.6   5.6e+02    0.5   0.0   156   187   177   208   172   223 0.89 -
evm.utg48.29.2.5c22f15f              -           1416 273989at33208        -            450      0.25   11.5   4.2   5   5       3.9   1.4e+03   -0.8   0.0   156   187   280   311   273   330 0.79 -
evm.utg48.29.1.5c22f15f              -           1416 273989at33208        -            450      0.25   11.5   4.2   1   5       1.4     5e+02    0.6   0.0   156   197    41    85    33    96 0.72 -
evm.utg48.29.1.5c22f15f              -           1416 273989at33208        -            450      0.25   11.5   4.2   2   5      0.31   1.1e+02    2.8   0.0   153   176   106   129   101   141 0.84 -
evm.utg48.29.1.5c22f15f              -           1416 273989at33208        -            450      0.25   11.5   4.2   3   5      0.26        91    3.1   0.0   153   176   140   163   133   175 0.83 -
evm.utg48.29.1.5c22f15f              -           1416 273989at33208        -            450      0.25   11.5   4.2   4   5       1.6   5.6e+02    0.5   0.0   156   187   177   208   172   223 0.89 -
evm.utg48.29.1.5c22f15f              -           1416 273989at33208        -            450      0.25   11.5   4.2   5   5       3.9   1.4e+03   -0.8   0.0   156   187   280   311   273   330 0.79 -
evm.utg48.29.2.5c22f15f.1.5c279585   -           1417 273989at33208        -            450      0.25   11.5   4.2   1   5       1.4     5e+02    0.6   0.0   156   197    41    85    33    96 0.72 -
evm.utg48.29.2.5c22f15f.1.5c279585   -           1417 273989at33208        -            450      0.25   11.5   4.2   2   5      0.31   1.1e+02    2.8   0.0   153   176   106   129   101   141 0.84 -
evm.utg48.29.2.5c22f15f.1.5c279585   -           1417 273989at33208        -            450      0.25   11.5   4.2   3   5      0.26        91    3.1   0.0   153   176   140   163   133   175 0.83 -
evm.utg48.29.2.5c22f15f.1.5c279585   -           1417 273989at33208        -            450      0.25   11.5   4.2   4   5       1.6   5.6e+02    0.5   0.0   156   187   177   208   172   223 0.89 -
evm.utg48.29.2.5c22f15f.1.5c279585   -           1417 273989at33208        -            450      0.25   11.5   4.2   5   5       3.9   1.4e+03   -0.8   0.0   156   187   280   311   273   330 0.79 -
evm.utg48.29.4.5c22f15f              -           1417 273989at33208        -            450      0.25   11.5   4.2   1   5       1.4     5e+02    0.6   0.0   156   197    41    85    33    96 0.72 -
evm.utg48.29.4.5c22f15f              -           1417 273989at33208        -            450      0.25   11.5   4.2   2   5      0.31   1.1e+02    2.8   0.0   153   176   106   129   101   141 0.84 -
evm.utg48.29.4.5c22f15f              -           1417 273989at33208        -            450      0.25   11.5   4.2   3   5      0.26        91    3.1   0.0   153   176   140   163   133   175 0.83 -
evm.utg48.29.4.5c22f15f              -           1417 273989at33208        -            450      0.25   11.5   4.2   4   5       1.6   5.6e+02    0.5   0.0   156   187   177   208   172   223 0.89 -
evm.utg48.29.4.5c22f15f              -           1417 273989at33208        -            450      0.25   11.5   4.2   5   5       3.9   1.4e+03   -0.8   0.0   156   187   280   311   273   330 0.79 -
evm.utg51603.9                       -            284 273989at33208        -            450      0.29   11.3   0.3   1   4      0.41   1.4e+02    2.4   0.0   156   197     8    52     5    64 0.64 -
evm.utg51603.9                       -            284 273989at33208        -            450      0.29   11.3   0.3   2   4      0.15        52    3.9   0.0   156   197    42    86    35    97 0.73 -
evm.utg51603.9                       -            284 273989at33208        -            450      0.29   11.3   0.3   3   4       1.1   3.9e+02    1.0   0.0   156   182    76   102    71   124 0.78 -
evm.utg51603.9                       -            284 273989at33208        -            450      0.29   11.3   0.3   4   4      0.58     2e+02    1.9   0.0   156   186   110   140   102   165 0.80 -
evm.utg48.29                         -           1420 273989at33208        -            450      0.75    9.9   2.9   1   5       1.4     5e+02    0.6   0.0   156   197    41    85    33    96 0.72 -
evm.utg48.29                         -           1420 273989at33208        -            450      0.75    9.9   2.9   2   5       4.1   1.4e+03   -0.9   0.0   153   174   106   127   101   135 0.83 -
evm.utg48.29                         -           1420 273989at33208        -            450      0.75    9.9   2.9   3   5      0.27        94    3.0   0.0   153   176   140   163   135   175 0.82 -
evm.utg48.29                         -           1420 273989at33208        -            450      0.75    9.9   2.9   4   5       1.1     4e+02    0.9   0.0   156   187   177   208   169   234 0.80 -
evm.utg48.29                         -           1420 273989at33208        -            450      0.75    9.9   2.9   5   5       3.9   1.4e+03   -0.8   0.0   156   187   280   311   273   330 0.79 -
utg432.equina_smart_1063438.mrna1    -            835 273989at33208        -            450       2.5    8.2   0.0   1   1    0.0071       2.5    8.2   0.0    94   156   511   576   502   584 0.81 -
evm.utg5885.101                      -             84 273989at33208        -            450       6.5    6.8   9.2   1   1     0.019       6.8    6.8   9.2   392   438    28    77     7    81 0.65 -
evm.utg1609.22                       -            478 273989at33208        -            450       6.7    6.8   4.3   1   2       1.7     6e+02    0.4   3.0   393   436   180   223   163   234 0.59 -
evm.utg1609.22                       -            478 273989at33208        -            450       6.7    6.8   4.3   2   2      0.05        18    5.4   0.0   160   191   359   390   354   402 0.88 -
#
# Program:         hmmsearch
# Version:         3.1b2 (February 2015)
# Pipeline mode:   SEARCH
# Query file:      /uoa/scratch/users/r02hw22/project_dark_genes/busco_downloads/lineages/metazoa_odb10/hmms/273989at33208.hmm
# Target file:     /uoa/scratch/users/r02hw22/project_dark_genes/00_raw/equina_smart.rnam-trna.merged.ggf.curated.remredun.aa.fa
# Option settings: hmmsearch --domtblout /uoa/scratch/users/r02hw22/project_dark_genes/equina_busco_proteins/run_metazoa_odb10/hmmer_output/initial_run_results/273989at33208.out --cpu 1 /uoa/scratch/users/r02hw22/project_dark_genes/busco_downloads/lineages/metazoa_odb10/hmms/273989at33208.hmm /uoa/scratch/users/r02hw22/project_dark_genes/00_raw/equina_smart.rnam-trna.merged.ggf.curated.remredun.aa.fa 
# Current dir:     /uoa/scratch/users/r02hw22/project_dark_genes
# Date:            Sat Apr 25 14:41:04 2026
# [ok]
