#                                                                            --- full sequence --- -------------- this domain -------------   hmm coord   ali coord   env coord
# target name        accession   tlen query name           accession   qlen   E-value  score  bias   #  of  c-Evalue  i-Evalue  score  bias  from    to  from    to  from    to  acc description of target
#------------------- ---------- ----- -------------------- ---------- ----- --------- ------ ----- --- --- --------- --------- ------ ----- ----- ----- ----- ----- ----- ----- ---- ---------------------
evm.utg22299.2       -            393 285146at33208        -            313  1.7e-135  453.0  16.8   1   1  8.2e-138  1.1e-133  446.9  16.8     1   313     8   380     8   380 0.88 -
evm.utg4.52          -            256 285146at33208        -            313   7.6e-77  260.3  17.6   1   1   6.7e-79   9.3e-75  253.4  17.6   117   313     2   244     1   244 0.84 -
evm.utg579.66        -           6342 285146at33208        -            313   1.6e-06   29.3   1.4   1  10      0.12   1.7e+03   -0.4   0.0   118   186  1579  1651  1570  1665 0.69 -
evm.utg579.66        -           6342 285146at33208        -            313   1.6e-06   29.3   1.4   2  10      0.75     1e+04   -3.0   0.0   112   161  2128  2180  2123  2211 0.67 -
evm.utg579.66        -           6342 285146at33208        -            313   1.6e-06   29.3   1.4   3  10     0.025   3.5e+02    1.9   0.0   115   163  2502  2552  2404  2565 0.77 -
evm.utg579.66        -           6342 285146at33208        -            313   1.6e-06   29.3   1.4   4  10       0.6   8.3e+03   -2.7   0.0   117   168  2881  2934  2851  2950 0.73 -
evm.utg579.66        -           6342 285146at33208        -            313   1.6e-06   29.3   1.4   5  10      0.74     1e+04   -3.0   0.0   112   169  3632  3691  3628  3700 0.76 -
evm.utg579.66        -           6342 285146at33208        -            313   1.6e-06   29.3   1.4   6  10      0.32   4.4e+03   -1.8   0.0   140   180  4219  4263  4190  4267 0.76 -
evm.utg579.66        -           6342 285146at33208        -            313   1.6e-06   29.3   1.4   7  10   4.9e-05      0.68   10.8   0.0   112   197  4562  4650  4553  4677 0.78 -
evm.utg579.66        -           6342 285146at33208        -            313   1.6e-06   29.3   1.4   8  10      0.12   1.7e+03   -0.4   0.0   116   181  4936  5006  4926  5022 0.71 -
evm.utg579.66        -           6342 285146at33208        -            313   1.6e-06   29.3   1.4   9  10      0.11   1.5e+03   -0.3   0.0   108   159  5483  5536  5468  5571 0.80 -
evm.utg579.66        -           6342 285146at33208        -            313   1.6e-06   29.3   1.4  10  10      0.02   2.8e+02    2.1   0.0   116   167  6043  6096  6032  6112 0.75 -
evm.utg7821.27       -            402 285146at33208        -            313    0.0028   18.6   0.3   1   1   3.3e-07    0.0046   17.9   0.3    46   176     7   142     2   156 0.84 -
#
# Program:         hmmsearch
# Version:         3.1b2 (February 2015)
# Pipeline mode:   SEARCH
# Query file:      /uoa/scratch/users/r02hw22/project_dark_genes/busco_downloads/lineages/metazoa_odb10/hmms/285146at33208.hmm
# Target file:     /uoa/scratch/users/r02hw22/project_dark_genes/00_raw/equina_smart.rnam-trna.merged.ggf.curated.remredun.aa.fa
# Option settings: hmmsearch --domtblout /uoa/scratch/users/r02hw22/project_dark_genes/equina_busco_proteins/run_metazoa_odb10/hmmer_output/initial_run_results/285146at33208.out --cpu 1 /uoa/scratch/users/r02hw22/project_dark_genes/busco_downloads/lineages/metazoa_odb10/hmms/285146at33208.hmm /uoa/scratch/users/r02hw22/project_dark_genes/00_raw/equina_smart.rnam-trna.merged.ggf.curated.remredun.aa.fa 
# Current dir:     /uoa/scratch/users/r02hw22/project_dark_genes
# Date:            Sat Apr 25 14:40:44 2026
# [ok]
