#                                                                                 --- full sequence --- -------------- this domain -------------   hmm coord   ali coord   env coord
# target name             accession   tlen query name           accession   qlen   E-value  score  bias   #  of  c-Evalue  i-Evalue  score  bias  from    to  from    to  from    to  acc description of target
#     ------------------- ---------- ----- -------------------- ---------- ----- --------- ------ ----- --- --- --------- --------- ------ ----- ----- ----- ----- ----- ----- ----- ---- ---------------------
evm.utg43451.23           -            788 291505at33208        -            446  5.7e-175  583.7   0.5   1   3  9.5e-144  1.1e-139  467.5   0.0     1   299    18   349    18   365 0.92 -
evm.utg43451.23           -            788 291505at33208        -            446  5.7e-175  583.7   0.5   2   3   1.4e-11   1.5e-07   31.9   0.0   288   344   386   445   375   453 0.85 -
evm.utg43451.23           -            788 291505at33208        -            446  5.7e-175  583.7   0.5   3   3   2.4e-26   2.7e-22   80.5   0.1   344   441   554   670   547   682 0.82 -
evm.utg1272.170           -            701 291505at33208        -            446     1e-32  114.9   0.3   1   1   7.6e-36   8.4e-32  111.9   0.3   104   345   371   599   365   610 0.86 -
evm.utg293.19             -            473 291505at33208        -            446   1.2e-17   65.2   0.0   1   1     3e-20   3.3e-16   60.5   0.0   107   266   228   401   220   469 0.76 -
evm.utg1925.19            -            518 291505at33208        -            446   1.4e-13   51.8   0.2   1   1   1.4e-16   1.6e-12   48.3   0.1   103   344   200   426   125   435 0.78 -
evm.utg1925.19.1.5c22ec70 -            373 291505at33208        -            446   5.4e-08   33.4   0.1   1   1   7.2e-12     8e-08   32.8   0.1   103   257   200   359   113   367 0.76 -
#
# Program:         hmmsearch
# Version:         3.1b2 (February 2015)
# Pipeline mode:   SEARCH
# Query file:      /uoa/scratch/users/r02hw22/project_dark_genes/busco_downloads/lineages/metazoa_odb10/hmms/291505at33208.hmm
# Target file:     /uoa/scratch/users/r02hw22/project_dark_genes/00_raw/equina_smart.rnam-trna.merged.ggf.curated.remredun.aa.fa
# Option settings: hmmsearch --domtblout /uoa/scratch/users/r02hw22/project_dark_genes/equina_busco_proteins/run_metazoa_odb10/hmmer_output/initial_run_results/291505at33208.out --cpu 1 /uoa/scratch/users/r02hw22/project_dark_genes/busco_downloads/lineages/metazoa_odb10/hmms/291505at33208.hmm /uoa/scratch/users/r02hw22/project_dark_genes/00_raw/equina_smart.rnam-trna.merged.ggf.curated.remredun.aa.fa 
# Current dir:     /uoa/scratch/users/r02hw22/project_dark_genes
# Date:            Sat Apr 25 14:41:21 2026
# [ok]
