#                                                                            --- full sequence --- -------------- this domain -------------   hmm coord   ali coord   env coord
# target name        accession   tlen query name           accession   qlen   E-value  score  bias   #  of  c-Evalue  i-Evalue  score  bias  from    to  from    to  from    to  acc description of target
#------------------- ---------- ----- -------------------- ---------- ----- --------- ------ ----- --- --- --------- --------- ------ ----- ----- ----- ----- ----- ----- ----- ---- ---------------------
evm.utg432.60        -           1196 295556at33208        -            741  1.2e-130  438.7  41.2   1   7    0.0036        67    3.1   0.1    68    93     4    29     2    35 0.81 -
evm.utg432.60        -           1196 295556at33208        -            741  1.2e-130  438.7  41.2   2   7      0.61   1.1e+04   -4.2   0.2    90   108    47    65    44    68 0.80 -
evm.utg432.60        -           1196 295556at33208        -            741  1.2e-130  438.7  41.2   3   7  3.2e-107  5.9e-103  347.2  18.9    46   475   136   662   122   673 0.75 -
evm.utg432.60        -           1196 295556at33208        -            741  1.2e-130  438.7  41.2   4   7   2.1e-24   3.8e-20   73.4   0.0   467   574   675   795   669   800 0.83 -
evm.utg432.60        -           1196 295556at33208        -            741  1.2e-130  438.7  41.2   5   7   1.4e-08   0.00026   21.1   0.2   569   649   836   915   824   937 0.88 -
evm.utg432.60        -           1196 295556at33208        -            741  1.2e-130  438.7  41.2   6   7     0.021   3.9e+02    0.6   0.6   532   603   921   987   910  1000 0.75 -
evm.utg432.60        -           1196 295556at33208        -            741  1.2e-130  438.7  41.2   7   7      0.36   6.7e+03   -3.5   0.0   698   731  1093  1126  1084  1131 0.81 -
evm.utg432.59        -            253 295556at33208        -            741    0.0024   17.9   1.8   1   1   1.7e-07    0.0031   17.5   1.8    15    69    46   105    42   147 0.65 -
evm.utg790.31        -            181 295556at33208        -            741         1    9.1   1.1   1   1   6.6e-05       1.2    8.9   1.1   564   628     4    65     1    78 0.82 -
#
# Program:         hmmsearch
# Version:         3.1b2 (February 2015)
# Pipeline mode:   SEARCH
# Query file:      /uoa/scratch/users/r02hw22/project_dark_genes/busco_downloads/lineages/metazoa_odb10/hmms/295556at33208.hmm
# Target file:     /uoa/scratch/users/r02hw22/project_dark_genes/00_raw/equina_smart.rnam-trna.merged.ggf.curated.remredun.aa.fa
# Option settings: hmmsearch --domtblout /uoa/scratch/users/r02hw22/project_dark_genes/equina_busco_proteins/run_metazoa_odb10/hmmer_output/initial_run_results/295556at33208.out --cpu 1 /uoa/scratch/users/r02hw22/project_dark_genes/busco_downloads/lineages/metazoa_odb10/hmms/295556at33208.hmm /uoa/scratch/users/r02hw22/project_dark_genes/00_raw/equina_smart.rnam-trna.merged.ggf.curated.remredun.aa.fa 
# Current dir:     /uoa/scratch/users/r02hw22/project_dark_genes
# Date:            Sat Apr 25 14:40:56 2026
# [ok]
