#                                                                                            --- full sequence --- -------------- this domain -------------   hmm coord   ali coord   env coord
# target name                        accession   tlen query name           accession   qlen   E-value  score  bias   #  of  c-Evalue  i-Evalue  score  bias  from    to  from    to  from    to  acc description of target
#                ------------------- ---------- ----- -------------------- ---------- ----- --------- ------ ----- --- --- --------- --------- ------ ----- ----- ----- ----- ----- ----- ----- ---- ---------------------
evm.utg112.36                        -            329 302279at33208        -            304  4.2e-130  435.0   6.5   1   2   9.3e-57   3.3e-54  185.7   0.7     1   137     1   170     1   172 0.87 -
evm.utg112.36                        -            329 302279at33208        -            304  4.2e-130  435.0   6.5   2   2   9.7e-75   3.4e-72  244.8   0.5   163   304   170   326   169   326 0.92 -
evm.utg6220.15                       -            692 302279at33208        -            304   1.6e-10   42.3   3.2   1   5     0.021       7.5    7.2   0.0   107   183    51   121    43   125 0.73 -
evm.utg6220.15                       -            692 302279at33208        -            304   1.6e-10   42.3   3.2   2   5    0.0018      0.63   10.8   0.2   175   258   155   229   122   238 0.75 -
evm.utg6220.15                       -            692 302279at33208        -            304   1.6e-10   42.3   3.2   3   5       2.8   9.9e+02    0.3   0.0    70   112   442   485   436   490 0.75 -
evm.utg6220.15                       -            692 302279at33208        -            304   1.6e-10   42.3   3.2   4   5    0.0022      0.77   10.5   0.0   192   301   472   583   465   586 0.74 -
evm.utg6220.15                       -            692 302279at33208        -            304   1.6e-10   42.3   3.2   5   5    0.0087       3.1    8.5   0.0    74   116   628   670   599   681 0.83 -
evm.utg6220.15.1.5c22f2e5            -            692 302279at33208        -            304   1.6e-10   42.3   3.2   1   5     0.021       7.5    7.2   0.0   107   183    51   121    43   125 0.73 -
evm.utg6220.15.1.5c22f2e5            -            692 302279at33208        -            304   1.6e-10   42.3   3.2   2   5    0.0018      0.63   10.8   0.2   175   258   155   229   122   238 0.75 -
evm.utg6220.15.1.5c22f2e5            -            692 302279at33208        -            304   1.6e-10   42.3   3.2   3   5       2.8   9.9e+02    0.3   0.0    70   112   442   485   436   490 0.75 -
evm.utg6220.15.1.5c22f2e5            -            692 302279at33208        -            304   1.6e-10   42.3   3.2   4   5    0.0022      0.77   10.5   0.0   192   301   472   583   465   586 0.74 -
evm.utg6220.15.1.5c22f2e5            -            692 302279at33208        -            304   1.6e-10   42.3   3.2   5   5    0.0087       3.1    8.5   0.0    74   116   628   670   599   681 0.83 -
evm.utg3158.36                       -           1666 302279at33208        -            304   1.9e-10   42.0  14.6   1   8         2   7.1e+02    0.7   0.0   118   153   550   586   542   600 0.82 -
evm.utg3158.36                       -           1666 302279at33208        -            304   1.9e-10   42.0  14.6   2   8       1.5   5.4e+02    1.1   0.1    63   112   985  1036   978  1047 0.85 -
evm.utg3158.36                       -           1666 302279at33208        -            304   1.9e-10   42.0  14.6   3   8       7.8   2.8e+03   -1.2   0.0    97   115  1062  1080  1058  1099 0.78 -
evm.utg3158.36                       -           1666 302279at33208        -            304   1.9e-10   42.0  14.6   4   8     0.073        26    5.5   1.1    93   163  1100  1162  1074  1170 0.71 -
evm.utg3158.36                       -           1666 302279at33208        -            304   1.9e-10   42.0  14.6   5   8         3   1.1e+03    0.2   0.0    90   117  1222  1249  1207  1265 0.78 -
evm.utg3158.36                       -           1666 302279at33208        -            304   1.9e-10   42.0  14.6   6   8   0.00018     0.062   14.1   0.1    68   115  1288  1335  1280  1350 0.87 -
evm.utg3158.36                       -           1666 302279at33208        -            304   1.9e-10   42.0  14.6   7   8    0.0059       2.1    9.1   0.1    72   130  1373  1431  1358  1459 0.71 -
evm.utg3158.36                       -           1666 302279at33208        -            304   1.9e-10   42.0  14.6   8   8    0.0059       2.1    9.1   0.0    91   115  1523  1547  1489  1570 0.78 -
evm.utg470.32                        -           1060 302279at33208        -            304   2.2e-10   41.8   0.5   1   5   0.00061      0.22   12.3   0.0   200   280    39   114    31   122 0.73 -
evm.utg470.32                        -           1060 302279at33208        -            304   2.2e-10   41.8   0.5   2   5       6.9   2.4e+03   -1.0   0.0    98   123   263   288   234   305 0.64 -
evm.utg470.32                        -           1060 302279at33208        -            304   2.2e-10   41.8   0.5   3   5    0.0046       1.6    9.4   0.0   191   254   342   401   336   447 0.82 -
evm.utg470.32                        -           1060 302279at33208        -            304   2.2e-10   41.8   0.5   4   5   0.00062      0.22   12.3   0.0   221   297   541   613   507   617 0.82 -
evm.utg470.32                        -           1060 302279at33208        -            304   2.2e-10   41.8   0.5   5   5       5.8     2e+03   -0.8   0.0    97   119   644   666   630   690 0.81 -
evm.utg435.58                        -            950 302279at33208        -            304   7.5e-09   36.8   3.0   1   5      0.13        46    4.6   0.0    77   162   312   391   279   396 0.55 -
evm.utg435.58                        -            950 302279at33208        -            304   7.5e-09   36.8   3.0   2   5   0.00014     0.051   14.4   0.1    68   113   474   524   442   551 0.73 -
evm.utg435.58                        -            950 302279at33208        -            304   7.5e-09   36.8   3.0   3   5       0.1        36    5.0   0.0    98   163   550   611   528   654 0.74 -
evm.utg435.58                        -            950 302279at33208        -            304   7.5e-09   36.8   3.0   4   5      0.19        66    4.1   0.0    85   114   765   794   759   812 0.86 -
evm.utg435.58                        -            950 302279at33208        -            304   7.5e-09   36.8   3.0   5   5       1.1     4e+02    1.6   0.0   233   253   870   890   855   894 0.54 -
evm.utg798.40                        -            320 302279at33208        -            304   8.7e-09   36.6   0.5   1   4   7.1e-07   0.00025   21.9   0.0   234   297    71   132    58   138 0.89 -
evm.utg798.40                        -            320 302279at33208        -            304   8.7e-09   36.6   0.5   2   4     0.014       4.8    7.9   0.1   223   296   150   220   142   224 0.82 -
evm.utg798.40                        -            320 302279at33208        -            304   8.7e-09   36.6   0.5   3   4      0.01       3.5    8.3   0.0    69   123   176   235   169   247 0.70 -
evm.utg798.40                        -            320 302279at33208        -            304   8.7e-09   36.6   0.5   4   4         2   6.9e+02    0.8   0.0    98   123   254   278   240   284 0.79 -
evm.utg92.13                         -           1666 302279at33208        -            304   9.7e-09   36.4  14.3   1   7      0.97   3.4e+02    1.8   0.1    67   113   989  1037   978  1043 0.84 -
evm.utg92.13                         -           1666 302279at33208        -            304   9.7e-09   36.4  14.3   2   7       2.2   7.6e+02    0.6   0.1    95   110  1102  1117  1043  1119 0.67 -
evm.utg92.13                         -           1666 302279at33208        -            304   9.7e-09   36.4  14.3   3   7      0.39   1.4e+02    3.1   0.4    97   160  1104  1159  1093  1166 0.56 -
evm.utg92.13                         -           1666 302279at33208        -            304   9.7e-09   36.4  14.3   4   7       1.1   3.8e+02    1.6   0.0    87   118  1219  1250  1192  1262 0.80 -
evm.utg92.13                         -           1666 302279at33208        -            304   9.7e-09   36.4  14.3   5   7   0.00069      0.24   12.1   0.1    68   115  1288  1335  1278  1352 0.86 -
evm.utg92.13                         -           1666 302279at33208        -            304   9.7e-09   36.4  14.3   6   7     0.014       4.8    7.9   0.0    83   119  1387  1423  1359  1457 0.79 -
evm.utg92.13                         -           1666 302279at33208        -            304   9.7e-09   36.4  14.3   7   7    0.0056         2    9.1   0.0    91   115  1523  1547  1489  1573 0.78 -
evm.utg1278.33                       -            655 302279at33208        -            304   2.4e-08   35.1   1.5   1   4      0.78   2.8e+02    2.1   0.0    86   117   184   215   172   229 0.80 -
evm.utg1278.33                       -            655 302279at33208        -            304   2.4e-08   35.1   1.5   2   4   0.00055      0.19   12.4   0.1   218   265   277   324   260   345 0.78 -
evm.utg1278.33                       -            655 302279at33208        -            304   2.4e-08   35.1   1.5   3   4   0.00054      0.19   12.5   0.2    96   165   344   411   335   418 0.79 -
evm.utg1278.33                       -            655 302279at33208        -            304   2.4e-08   35.1   1.5   4   4    0.0032       1.1   10.0   0.1    98   203   393   498   381   521 0.74 -
evm.utg2757.76                       -            410 302279at33208        -            304   2.4e-08   35.1   5.0   1   6      0.11        38    4.9   0.1    98   113   121   136   114   147 0.87 -
evm.utg2757.76                       -            410 302279at33208        -            304   2.4e-08   35.1   5.0   2   6       1.9   6.8e+02    0.8   0.0    83   114   148   179   136   198 0.79 -
evm.utg2757.76                       -            410 302279at33208        -            304   2.4e-08   35.1   5.0   3   6       1.9   6.6e+02    0.9   0.0    86   112   193   219   159   228 0.65 -
evm.utg2757.76                       -            410 302279at33208        -            304   2.4e-08   35.1   5.0   4   6   0.00016     0.057   14.2   0.2    71   112   282   324   247   332 0.85 -
evm.utg2757.76                       -            410 302279at33208        -            304   2.4e-08   35.1   5.0   5   6       0.2        71    4.0   0.0    86   117   340   371   332   380 0.84 -
evm.utg2757.76                       -            410 302279at33208        -            304   2.4e-08   35.1   5.0   6   6     0.035        12    6.5   0.0    86   113   382   409   371   409 0.82 -
evm.utg798.13                        -            382 302279at33208        -            304   4.7e-08   34.2   0.1   1   2       2.3   8.2e+02    0.5   0.0   235   265    89   119    73   125 0.82 -
evm.utg798.13                        -            382 302279at33208        -            304   4.7e-08   34.2   0.1   2   2     2e-09   6.9e-07   30.3   0.1    88   252   135   291   124   300 0.85 -
evm.utg389.12.1.5c22f032             -            817 302279at33208        -            304   5.3e-08   34.0  19.1   1   3    0.0014      0.49   11.1   1.0    91   294    17   226     7   236 0.65 -
evm.utg389.12.1.5c22f032             -            817 302279at33208        -            304   5.3e-08   34.0  19.1   2   3   9.4e-06    0.0033   18.2   4.4    88   252   292   454   259   457 0.78 -
evm.utg389.12.1.5c22f032             -            817 302279at33208        -            304   5.3e-08   34.0  19.1   3   3     5e-05     0.018   15.9   3.0    93   298   394   588   367   592 0.72 -
evm.utg6220.15.2.5c22f2e5            -            663 302279at33208        -            304   5.3e-08   34.0   2.9   1   5     0.022       7.6    7.2   0.0   107   183    51   121    44   123 0.71 -
evm.utg6220.15.2.5c22f2e5            -            663 302279at33208        -            304   5.3e-08   34.0   2.9   2   5    0.0017      0.59   10.9   0.2   175   258   155   229   122   238 0.75 -
evm.utg6220.15.2.5c22f2e5            -            663 302279at33208        -            304   5.3e-08   34.0   2.9   3   5       2.8   9.8e+02    0.3   0.0    70   112   442   485   436   489 0.75 -
evm.utg6220.15.2.5c22f2e5            -            663 302279at33208        -            304   5.3e-08   34.0   2.9   4   5    0.0022      0.76   10.5   0.0   192   301   472   583   467   586 0.74 -
evm.utg6220.15.2.5c22f2e5            -            663 302279at33208        -            304   5.3e-08   34.0   2.9   5   5       2.4   8.3e+02    0.5   0.0    89   111   601   623   597   638 0.83 -
evm.utg12655.28                      -            300 302279at33208        -            304   1.2e-07   32.9   1.9   1   2   2.1e-08   7.3e-06   27.0   0.5    50   179    62   182    41   212 0.73 -
evm.utg12655.28                      -            300 302279at33208        -            304   1.2e-07   32.9   1.9   2   2       2.2   7.9e+02    0.6   0.0    98   114   241   257   227   264 0.85 -
evm.utg73.39                         -            326 302279at33208        -            304   1.5e-07   32.5   0.3   1   2       1.5   5.2e+02    1.2   0.0   152   179    37    63    19    68 0.73 -
evm.utg73.39                         -            326 302279at33208        -            304   1.5e-07   32.5   0.3   2   2   1.1e-08     4e-06   27.8   0.1    83   291    97   298    75   301 0.74 -
evm.utg3872.12.1.5c22f029            -            412 302279at33208        -            304   1.9e-07   32.2   0.9   1   3   2.1e-06   0.00075   20.4   0.1    97   216   126   245   103   253 0.83 -
evm.utg3872.12.1.5c22f029            -            412 302279at33208        -            304   1.9e-07   32.2   0.9   2   3      0.01       3.5    8.3   0.0    93   116   257   280   248   323 0.80 -
evm.utg3872.12.1.5c22f029            -            412 302279at33208        -            304   1.9e-07   32.2   0.9   3   3       4.8   1.7e+03   -0.5   0.0   223   252   382   410   364   411 0.64 -
evm.utg2417.39.2.5c22ed97            -            627 302279at33208        -            304   1.9e-07   32.2   1.5   1   1   2.3e-09   8.1e-07   30.1   1.3    98   260    98   253    79   285 0.79 -
evm.utg7412.19                       -            738 302279at33208        -            304   1.9e-07   32.2   1.8   1   4       1.7     6e+02    1.0   0.0    98   114    66    82    63    89 0.84 -
evm.utg7412.19                       -            738 302279at33208        -            304   1.9e-07   32.2   1.8   2   4    0.0038       1.3    9.7   0.1    99   119   155   174   139   207 0.78 -
evm.utg7412.19                       -            738 302279at33208        -            304   1.9e-07   32.2   1.8   3   4      0.05        18    6.0   0.0    94   115   227   248   207   254 0.65 -
evm.utg7412.19                       -            738 302279at33208        -            304   1.9e-07   32.2   1.8   4   4    0.0042       1.5    9.6   0.0   185   297   280   387   267   392 0.88 -
evm.utg2417.39.1.5c22ed97            -            754 302279at33208        -            304   2.8e-07   31.6   1.3   1   1   2.7e-09   9.7e-07   29.9   1.2    98   260    98   253    79   292 0.79 -
evm.utg2417.39                       -            829 302279at33208        -            304   3.8e-07   31.2   1.5   1   1   3.9e-09   1.4e-06   29.4   1.3    98   260    98   253    79   285 0.79 -
evm.utg3872.12                       -            514 302279at33208        -            304   4.8e-07   30.9   1.0   1   3   3.2e-06    0.0011   19.8   0.1    97   216   228   347   203   355 0.83 -
evm.utg3872.12                       -            514 302279at33208        -            304   4.8e-07   30.9   1.0   2   3     0.012       4.3    8.0   0.0    92   116   358   382   341   416 0.83 -
evm.utg3872.12                       -            514 302279at33208        -            304   4.8e-07   30.9   1.0   3   3       6.6   2.3e+03   -1.0   0.0   224   252   485   512   467   513 0.63 -
evm.utg116.299                       -            955 302279at33208        -            304   4.9e-07   30.8   0.1   1   2   1.3e-06   0.00045   21.1   0.1    63   127   122   189   111   203 0.80 -
evm.utg116.299                       -            955 302279at33208        -            304   4.9e-07   30.8   0.1   2   2     0.021       7.5    7.2   0.0    94   124   200   230   184   245 0.83 -
evm.utg21228.28                      -            351 302279at33208        -            304   6.6e-07   30.4   1.8   1   3     3e-07    0.0001   23.2   0.5    49   166   112   219    90   224 0.78 -
evm.utg21228.28                      -            351 302279at33208        -            304   6.6e-07   30.4   1.8   2   3      0.39   1.4e+02    3.1   0.0    83   114   227   258   222   286 0.89 -
evm.utg21228.28                      -            351 302279at33208        -            304   6.6e-07   30.4   1.8   3   3       2.9     1e+03    0.2   0.0    98   114   292   308   281   314 0.85 -
evm.utg2757.69                       -            710 302279at33208        -            304   7.8e-07   30.2   3.8   1   5      0.17        59    4.3   0.1    98   114   447   463   441   474 0.83 -
evm.utg2757.69                       -            710 302279at33208        -            304   7.8e-07   30.2   3.8   2   5       4.9   1.7e+03   -0.5   0.0    87   112   494   519   463   526 0.69 -
evm.utg2757.69                       -            710 302279at33208        -            304   7.8e-07   30.2   3.8   3   5   0.00038      0.14   13.0   0.1    73   112   584   624   576   632 0.84 -
evm.utg2757.69                       -            710 302279at33208        -            304   7.8e-07   30.2   3.8   4   5      0.39   1.4e+02    3.1   0.0    86   117   640   671   632   680 0.84 -
evm.utg2757.69                       -            710 302279at33208        -            304   7.8e-07   30.2   3.8   5   5     0.069        24    5.6   0.0    86   113   682   709   672   709 0.82 -
evm.utg418.52                        -            385 302279at33208        -            304   8.1e-07   30.1   0.1   1   2   0.00029       0.1   13.3   0.1    74   120    97   143    83   157 0.76 -
evm.utg418.52                        -            385 302279at33208        -            304   8.1e-07   30.1   0.1   2   2   0.00019     0.065   14.0   0.0    99   165   165   228   145   249 0.78 -
evm.utg736.53                        -            495 302279at33208        -            304     9e-07   30.0   1.1   1   4      0.14        51    4.5   0.0    67   111   180   227   120   236 0.78 -
evm.utg736.53                        -            495 302279at33208        -            304     9e-07   30.0   1.1   2   4      0.55   1.9e+02    2.6   0.1    94   117   291   314   281   330 0.79 -
evm.utg736.53                        -            495 302279at33208        -            304     9e-07   30.0   1.1   3   4   2.1e-05    0.0074   17.1   0.1    98   166   337   400   324   417 0.80 -
evm.utg736.53                        -            495 302279at33208        -            304     9e-07   30.0   1.1   4   4   0.00015     0.054   14.3   0.1    93   166   376   442   366   494 0.68 -
evm.utg405.2                         -            495 302279at33208        -            304     9e-07   30.0   1.1   1   4      0.14        51    4.5   0.0    67   111   180   227   120   236 0.78 -
evm.utg405.2                         -            495 302279at33208        -            304     9e-07   30.0   1.1   2   4      0.55   1.9e+02    2.6   0.1    94   117   291   314   281   330 0.79 -
evm.utg405.2                         -            495 302279at33208        -            304     9e-07   30.0   1.1   3   4   2.1e-05    0.0074   17.1   0.1    98   166   337   400   324   417 0.80 -
evm.utg405.2                         -            495 302279at33208        -            304     9e-07   30.0   1.1   4   4   0.00015     0.054   14.3   0.1    93   166   376   442   366   494 0.68 -
evm.utg1204.47                       -            338 302279at33208        -            304   9.2e-07   29.9   4.6   1   4       1.9   6.7e+02    0.8   0.1   222   294    14    83     9    87 0.73 -
evm.utg1204.47                       -            338 302279at33208        -            304   9.2e-07   29.9   4.6   2   4     0.002      0.69   10.6   0.5    50   130    77   151    58   180 0.71 -
evm.utg1204.47                       -            338 302279at33208        -            304   9.2e-07   29.9   4.6   3   4      0.84     3e+02    2.0   0.0   222   257   192   225   184   280 0.61 -
evm.utg1204.47                       -            338 302279at33208        -            304   9.2e-07   29.9   4.6   4   4   2.3e-05    0.0082   17.0   0.0   200   254   275   333   252   337 0.75 -
evm.utg101.178                       -            403 302279at33208        -            304   9.9e-07   29.8   3.0   1   5      0.11        40    4.9   0.1    98   113   121   136   114   143 0.87 -
evm.utg101.178                       -            403 302279at33208        -            304   9.9e-07   29.8   3.0   2   5       1.9   6.8e+02    0.8   0.0    83   114   148   179   137   198 0.79 -
evm.utg101.178                       -            403 302279at33208        -            304   9.9e-07   29.8   3.0   3   5       2.3   8.1e+02    0.5   0.0    87   112   194   219   164   227 0.70 -
evm.utg101.178                       -            403 302279at33208        -            304   9.9e-07   29.8   3.0   4   5   0.00017      0.06   14.1   0.1    73   112   284   324   276   338 0.85 -
evm.utg101.178                       -            403 302279at33208        -            304   9.9e-07   29.8   3.0   5   5      0.18        63    4.2   0.0    86   118   340   372   333   384 0.83 -
evm.utg2099.25                       -            385 302279at33208        -            304   1.2e-06   29.5   0.1   1   2   0.00043      0.15   12.8   0.1    80   121   103   144    87   159 0.76 -
evm.utg2099.25                       -            385 302279at33208        -            304   1.2e-06   29.5   0.1   2   2   0.00019     0.065   14.0   0.0    99   165   165   228   145   249 0.78 -
evm.utg2483.3                        -            367 302279at33208        -            304   1.3e-06   29.4   1.6   1   4       2.8   9.8e+02    0.3   0.0    88   112   152   176   140   184 0.82 -
evm.utg2483.3                        -            367 302279at33208        -            304   1.3e-06   29.4   1.6   2   4      0.64   2.3e+02    2.4   0.0    79   113   185   219   159   230 0.79 -
evm.utg2483.3                        -            367 302279at33208        -            304   1.3e-06   29.4   1.6   3   4    0.0091       3.2    8.5   0.0    71   116   216   264   214   275 0.73 -
evm.utg2483.3                        -            367 302279at33208        -            304   1.3e-06   29.4   1.6   4   4   7.2e-05     0.025   15.4   0.0    84   127   274   317   266   329 0.84 -
evm.utg2483.3.1.5c22edbc             -            367 302279at33208        -            304   1.3e-06   29.4   1.6   1   4       2.8   9.8e+02    0.3   0.0    88   112   152   176   140   184 0.82 -
evm.utg2483.3.1.5c22edbc             -            367 302279at33208        -            304   1.3e-06   29.4   1.6   2   4      0.64   2.3e+02    2.4   0.0    79   113   185   219   159   230 0.79 -
evm.utg2483.3.1.5c22edbc             -            367 302279at33208        -            304   1.3e-06   29.4   1.6   3   4    0.0091       3.2    8.5   0.0    71   116   216   264   214   275 0.73 -
evm.utg2483.3.1.5c22edbc             -            367 302279at33208        -            304   1.3e-06   29.4   1.6   4   4   7.2e-05     0.025   15.4   0.0    84   127   274   317   266   329 0.84 -
evm.utg307.22                        -           1448 302279at33208        -            304   2.1e-06   28.7   0.8   1   3     1e-05    0.0036   18.1   0.1    89   253    24   195    18   240 0.75 -
evm.utg307.22                        -           1448 302279at33208        -            304   2.1e-06   28.7   0.8   2   3       4.7   1.7e+03   -0.5   0.0    81   112   556   589   513   598 0.69 -
evm.utg307.22                        -           1448 302279at33208        -            304   2.1e-06   28.7   0.8   3   3     0.064        23    5.7   0.0   139   185  1324  1370  1320  1376 0.91 -
evm.utg73.142                        -            520 302279at33208        -            304   2.1e-06   28.7   0.1   1   3    0.0002      0.07   13.9   0.0    64   128   260   325   246   399 0.74 -
evm.utg73.142                        -            520 302279at33208        -            304   2.1e-06   28.7   0.1   2   3    0.0023      0.81   10.4   0.0    86   116   410   440   381   454 0.72 -
evm.utg73.142                        -            520 302279at33208        -            304   2.1e-06   28.7   0.1   3   3       2.8     1e+03    0.3   0.0   263   296   482   514   447   517 0.70 -
evm.utg2129.40                       -            418 302279at33208        -            304   2.3e-06   28.6   5.1   1   4     0.013       4.4    8.0   0.1    94   125   115   146    92   176 0.75 -
evm.utg2129.40                       -            418 302279at33208        -            304   2.3e-06   28.6   5.1   2   4   5.4e-05     0.019   15.8   0.3    36   181   183   330   178   351 0.72 -
evm.utg2129.40                       -            418 302279at33208        -            304   2.3e-06   28.6   5.1   3   4       5.5   1.9e+03   -0.7   0.0    92   116   331   355   320   366 0.69 -
evm.utg2129.40                       -            418 302279at33208        -            304   2.3e-06   28.6   5.1   4   4      0.14        50    4.5   0.1   274   303   368   396   363   397 0.76 -
evm.utg402.7                         -            934 302279at33208        -            304     4e-06   27.8   0.0   1   4      0.59   2.1e+02    2.5   0.0   240   262   163   185   128   218 0.79 -
evm.utg402.7                         -            934 302279at33208        -            304     4e-06   27.8   0.0   2   4      0.49   1.7e+02    2.8   0.0    98   113   256   271   249   277 0.87 -
evm.utg402.7                         -            934 302279at33208        -            304     4e-06   27.8   0.0   3   4       1.1     4e+02    1.5   0.0    81   116   280   315   273   340 0.80 -
evm.utg402.7                         -            934 302279at33208        -            304     4e-06   27.8   0.0   4   4   0.00012     0.041   14.6   0.0    99   264   512   675   503   693 0.80 -
evm.utg6078.33                       -           1331 302279at33208        -            304   4.4e-06   27.7  18.8   1   6      0.54   1.9e+02    2.6   0.1    89   115   724   750   714   765 0.76 -
evm.utg6078.33                       -           1331 302279at33208        -            304   4.4e-06   27.7  18.8   2   6     0.017       6.1    7.5   0.0    74   117   757   794   751   813 0.69 -
evm.utg6078.33                       -           1331 302279at33208        -            304   4.4e-06   27.7  18.8   3   6    0.0028      0.99   10.1   1.5    96   217   815   926   804   933 0.84 -
evm.utg6078.33                       -           1331 302279at33208        -            304   4.4e-06   27.7  18.8   4   6      0.45   1.6e+02    2.9   0.1    89   112   974   997   968  1009 0.83 -
evm.utg6078.33                       -           1331 302279at33208        -            304   4.4e-06   27.7  18.8   5   6         1   3.7e+02    1.7   0.0    95   114  1145  1164  1112  1177 0.81 -
evm.utg6078.33                       -           1331 302279at33208        -            304   4.4e-06   27.7  18.8   6   6    0.0091       3.2    8.4   0.2    90   162  1183  1248  1174  1253 0.78 -
evm.utg376.68                        -            977 302279at33208        -            304   4.8e-06   27.6   0.0   1   3         2     7e+02    0.8   0.0    66   122    88   138    75   145 0.75 -
evm.utg376.68                        -            977 302279at33208        -            304   4.8e-06   27.6   0.0   2   3   0.00036      0.12   13.1   0.0    53   131   158   234   140   239 0.78 -
evm.utg376.68                        -            977 302279at33208        -            304   4.8e-06   27.6   0.0   3   3    0.0023      0.81   10.4   0.0    87   156   233   295   221   302 0.69 -
evm.utg376.68.1.5c22efd2             -            978 302279at33208        -            304   4.9e-06   27.6   0.0   1   3         2     7e+02    0.8   0.0    66   122    88   138    75   145 0.75 -
evm.utg376.68.1.5c22efd2             -            978 302279at33208        -            304   4.9e-06   27.6   0.0   2   3   0.00036      0.13   13.1   0.0    53   131   158   234   140   239 0.78 -
evm.utg376.68.1.5c22efd2             -            978 302279at33208        -            304   4.9e-06   27.6   0.0   3   3    0.0023      0.81   10.4   0.0    87   156   233   295   221   302 0.69 -
evm.utg8.11                          -            830 302279at33208        -            304   5.4e-06   27.4   1.7   1   3      0.28        98    3.6   0.0   227   259    86   118    67   133 0.80 -
evm.utg8.11                          -            830 302279at33208        -            304   5.4e-06   27.4   1.7   2   3   4.7e-07   0.00016   22.5   1.5    99   297    99   243    89   247 0.47 -
evm.utg8.11                          -            830 302279at33208        -            304   5.4e-06   27.4   1.7   3   3     0.066        23    5.6   0.1    98   117   232   251   227   260 0.88 -
evm.utg13607.5                       -           1071 302279at33208        -            304   6.1e-06   27.2   0.0   1   3       1.9   6.5e+02    0.9   0.0    65   122    87   138    72   145 0.75 -
evm.utg13607.5                       -           1071 302279at33208        -            304   6.1e-06   27.2   0.0   2   3   0.00041      0.14   12.9   0.0    53   131   158   234   141   239 0.78 -
evm.utg13607.5                       -           1071 302279at33208        -            304   6.1e-06   27.2   0.0   3   3    0.0035       1.2    9.8   0.0    89   156   235   295   225   302 0.71 -
evm.utg1056.107                      -            669 302279at33208        -            304   7.7e-06   26.9   0.5   1   2     0.046        16    6.1   0.0   224   295   362   436   338   438 0.80 -
evm.utg1056.107                      -            669 302279at33208        -            304   7.7e-06   26.9   0.5   2   2   3.2e-06    0.0011   19.8   0.2   103   230   432   547   427   578 0.70 -
evm.utg73.142.1.5c22f3bd             -            561 302279at33208        -            304   9.5e-06   26.6   0.0   1   2    0.0002      0.07   13.9   0.0    64   128   260   325   243   402 0.73 -
evm.utg73.142.1.5c22f3bd             -            561 302279at33208        -            304   9.5e-06   26.6   0.0   2   2    0.0027      0.96   10.2   0.0    86   116   410   440   382   450 0.72 -
evm.utg55.122                        -            446 302279at33208        -            304     1e-05   26.5   5.5   1   5       3.3   1.1e+03    0.1   0.0    92   112   119   139    92   144 0.80 -
evm.utg55.122                        -            446 302279at33208        -            304     1e-05   26.5   5.5   2   5     0.052        18    6.0   0.1   262   297   143   180   123   185 0.73 -
evm.utg55.122                        -            446 302279at33208        -            304     1e-05   26.5   5.5   3   5       5.5   1.9e+03   -0.7   0.1   269   298   271   298   252   304 0.74 -
evm.utg55.122                        -            446 302279at33208        -            304     1e-05   26.5   5.5   4   5     0.029        10    6.8   0.0    98   121   327   350   313   361 0.86 -
evm.utg55.122                        -            446 302279at33208        -            304     1e-05   26.5   5.5   5   5   0.00096      0.34   11.7   0.0    97   131   372   406   364   430 0.87 -
evm.utg1056.107.1.5c22e85b           -            724 302279at33208        -            304   1.2e-05   26.2   0.5   1   2     0.046        16    6.1   0.0   224   295   362   436   338   439 0.80 -
evm.utg1056.107.1.5c22e85b           -            724 302279at33208        -            304   1.2e-05   26.2   0.5   2   2   3.6e-06    0.0013   19.6   0.3   103   230   432   547   427   578 0.70 -
evm.utg498.191                       -           1212 302279at33208        -            304     2e-05   25.5   4.5   1   5       4.2   1.5e+03   -0.3   0.1   140   205   292   312   233   318 0.49 -
evm.utg498.191                       -           1212 302279at33208        -            304     2e-05   25.5   4.5   2   5       1.6   5.6e+02    1.1   0.0   187   256   294   365   287   373 0.67 -
evm.utg498.191                       -           1212 302279at33208        -            304     2e-05   25.5   4.5   3   5    0.0019      0.68   10.7   0.1    79   126   445   492   430   497 0.85 -
evm.utg498.191                       -           1212 302279at33208        -            304     2e-05   25.5   4.5   4   5     0.004       1.4    9.6   0.1    54   114   593   660   565   695 0.74 -
evm.utg498.191                       -           1212 302279at33208        -            304     2e-05   25.5   4.5   5   5       1.5   5.2e+02    1.2   0.0   144   276   859   901   817   907 0.67 -
evm.utg2129.40.1.5c22ed08            -            389 302279at33208        -            304   2.1e-05   25.5   2.0   1   2     0.012       4.1    8.1   0.1    94   125   115   146    92   175 0.75 -
evm.utg2129.40.1.5c22ed08            -            389 302279at33208        -            304   2.1e-05   25.5   2.0   2   2   3.8e-05     0.013   16.3   0.2    36   181   183   330   174   354 0.72 -
evm.utg4155.23                       -            416 302279at33208        -            304   2.1e-05   25.4   2.2   1   6     0.049        17    6.0   0.0    91   140   100   146    90   159 0.74 -
evm.utg4155.23                       -            416 302279at33208        -            304   2.1e-05   25.4   2.2   2   6         1   3.7e+02    1.7   0.0    95   114   189   208   150   220 0.84 -
evm.utg4155.23                       -            416 302279at33208        -            304   2.1e-05   25.4   2.2   3   6    0.0078       2.8    8.7   0.0    61   116   191   252   177   262 0.62 -
evm.utg4155.23                       -            416 302279at33208        -            304   2.1e-05   25.4   2.2   4   6      0.11        40    4.8   0.1    88   113   266   291   254   310 0.81 -
evm.utg4155.23                       -            416 302279at33208        -            304   2.1e-05   25.4   2.2   5   6       6.3   2.2e+03   -0.9   0.0    94   112   356   374   305   395 0.67 -
evm.utg4155.23                       -            416 302279at33208        -            304   2.1e-05   25.4   2.2   6   6       7.8   2.7e+03   -1.2   0.0    94   110   398   414   383   415 0.78 -
evm.utg43451.22                      -            419 302279at33208        -            304   2.6e-05   25.2   0.7   1   2   2.3e-07   8.2e-05   23.5   0.1    49   251    19   218    13   224 0.77 -
evm.utg43451.22                      -            419 302279at33208        -            304   2.6e-05   25.2   0.7   2   2       5.4   1.9e+03   -0.7   0.0   192   251   249   308   221   316 0.60 -
evm.utg1221.16                       -            416 302279at33208        -            304     3e-05   24.9   2.8   1   5     0.055        19    5.9   0.0    91   140   100   146    91   156 0.73 -
evm.utg1221.16                       -            416 302279at33208        -            304     3e-05   24.9   2.8   2   5       0.9   3.2e+02    1.9   0.0    95   114   189   208   149   220 0.81 -
evm.utg1221.16                       -            416 302279at33208        -            304     3e-05   24.9   2.8   3   5     0.008       2.8    8.6   0.1    48   116   180   252   175   260 0.61 -
evm.utg1221.16                       -            416 302279at33208        -            304     3e-05   24.9   2.8   4   5      0.12        42    4.8   0.0    88   113   266   291   254   306 0.80 -
evm.utg1221.16                       -            416 302279at33208        -            304     3e-05   24.9   2.8   5   5         7   2.5e+03   -1.0   0.0    92   110   396   414   381   415 0.77 -
evm.utg7950.19                       -            574 302279at33208        -            304   3.2e-05   24.9   0.1   1   3    0.0043       1.5    9.5   0.0   195   301   180   288   173   291 0.75 -
evm.utg7950.19                       -            574 302279at33208        -            304   3.2e-05   24.9   0.1   2   3    0.0075       2.6    8.7   0.0    74   132   333   390   307   396 0.78 -
evm.utg7950.19                       -            574 302279at33208        -            304   3.2e-05   24.9   0.1   3   3       1.8   6.5e+02    0.9   0.0    97   130   398   429   389   450 0.76 -
evm.utg435.72                        -           1669 302279at33208        -            304   3.4e-05   24.8   6.1   1   7       0.1        36    5.0   0.1    96   116   783   803   739   843 0.56 -
evm.utg435.72                        -           1669 302279at33208        -            304   3.4e-05   24.8   6.1   2   7      0.72   2.5e+02    2.2   0.0    83   115   812   844   801   856 0.85 -
evm.utg435.72                        -           1669 302279at33208        -            304   3.4e-05   24.8   6.1   3   7      0.43   1.5e+02    3.0   0.1    79   116   890   927   858   966 0.71 -
evm.utg435.72                        -           1669 302279at33208        -            304   3.4e-05   24.8   6.1   4   7      0.48   1.7e+02    2.8   0.0    70   116  1004  1053   985  1064 0.79 -
evm.utg435.72                        -           1669 302279at33208        -            304   3.4e-05   24.8   6.1   5   7      0.64   2.2e+02    2.4   0.0    90   116  1111  1137  1086  1162 0.83 -
evm.utg435.72                        -           1669 302279at33208        -            304   3.4e-05   24.8   6.1   6   7      0.13        44    4.7   0.0    60   116  1432  1497  1419  1507 0.65 -
evm.utg435.72                        -           1669 302279at33208        -            304   3.4e-05   24.8   6.1   7   7       9.3   3.3e+03   -1.4   0.0    86   111  1597  1622  1594  1627 0.83 -
evm.utg245.48                        -            321 302279at33208        -            304   3.5e-05   24.7   3.3   1   3     2e-05     0.007   17.2   1.3    86   206    24   143    13   143 0.66 -
evm.utg245.48                        -            321 302279at33208        -            304   3.5e-05   24.7   3.3   2   3   7.5e-06    0.0027   18.6   1.2    68   184    62   166    46   171 0.71 -
evm.utg245.48                        -            321 302279at33208        -            304   3.5e-05   24.7   3.3   3   3      0.89   3.1e+02    1.9   0.0    98   114   168   184   160   199 0.85 -
evm.utg1221.16.2.5c22e95a            -            399 302279at33208        -            304   3.6e-05   24.7   2.0   1   5     0.048        17    6.1   0.0    91   140   100   146    90   157 0.74 -
evm.utg1221.16.2.5c22e95a            -            399 302279at33208        -            304   3.6e-05   24.7   2.0   2   5      0.83   2.9e+02    2.0   0.0    95   114   189   208   149   221 0.81 -
evm.utg1221.16.2.5c22e95a            -            399 302279at33208        -            304   3.6e-05   24.7   2.0   3   5     0.006       2.1    9.0   0.1    47   116   179   252   171   265 0.64 -
evm.utg1221.16.2.5c22e95a            -            399 302279at33208        -            304   3.6e-05   24.7   2.0   4   5       0.1        37    5.0   0.1    88   113   266   291   254   312 0.81 -
evm.utg1221.16.2.5c22e95a            -            399 302279at33208        -            304   3.6e-05   24.7   2.0   5   5       8.7     3e+03   -1.3   0.0    94   112   356   374   310   382 0.60 -
evm.utg1919.76                       -            679 302279at33208        -            304   3.7e-05   24.6   0.5   1   4      0.73   2.6e+02    2.2   0.0    95   114    15    34     6    41 0.82 -
evm.utg1919.76                       -            679 302279at33208        -            304   3.7e-05   24.6   0.5   2   4       6.3   2.2e+03   -0.9   0.0    90   113    55    78    42    95 0.70 -
evm.utg1919.76                       -            679 302279at33208        -            304   3.7e-05   24.6   0.5   3   4    0.0033       1.2    9.9   0.0    99   119   107   126    99   156 0.75 -
evm.utg1919.76                       -            679 302279at33208        -            304   3.7e-05   24.6   0.5   4   4     0.023         8    7.1   0.0   186   297   217   323   213   328 0.87 -
evm.utg1221.16.1.5c22e95a            -            415 302279at33208        -            304   3.8e-05   24.6   1.9   1   5     0.053        19    5.9   0.0    91   140   100   146    90   156 0.73 -
evm.utg1221.16.1.5c22e95a            -            415 302279at33208        -            304   3.8e-05   24.6   1.9   2   5      0.94   3.3e+02    1.8   0.0    95   114   189   208   151   222 0.84 -
evm.utg1221.16.1.5c22e95a            -            415 302279at33208        -            304   3.8e-05   24.6   1.9   3   5    0.0081       2.8    8.6   0.1    48   116   180   252   176   261 0.60 -
evm.utg1221.16.1.5c22e95a            -            415 302279at33208        -            304   3.8e-05   24.6   1.9   4   5      0.11        40    4.8   0.0    89   113   267   291   255   311 0.81 -
evm.utg1221.16.1.5c22e95a            -            415 302279at33208        -            304   3.8e-05   24.6   1.9   5   5       8.1   2.9e+03   -1.2   0.0    94   112   356   374   313   390 0.65 -
evm.utg194.33                        -            633 302279at33208        -            304   4.9e-05   24.3   2.9   1   3       1.7   5.9e+02    1.0   0.0    98   159   250   312   229   333 0.72 -
evm.utg194.33                        -            633 302279at33208        -            304   4.9e-05   24.3   2.9   2   3      0.57     2e+02    2.5   0.1    53   110   344   400   337   426 0.86 -
evm.utg194.33                        -            633 302279at33208        -            304   4.9e-05   24.3   2.9   3   3   1.2e-05    0.0041   18.0   0.0    92   185   472   557   463   567 0.79 -
evm.utg73.56                         -            309 302279at33208        -            304   5.2e-05   24.2   3.8   1   4       6.4   2.3e+03   -0.9   0.0    98   115    32    49    20    73 0.81 -
evm.utg73.56                         -            309 302279at33208        -            304   5.2e-05   24.2   3.8   2   4     0.042        15    6.2   0.5    98   130   119   149    73   233 0.60 -
evm.utg73.56                         -            309 302279at33208        -            304   5.2e-05   24.2   3.8   3   4    0.0036       1.3    9.8   0.1    93   158   240   299   206   300 0.72 -
evm.utg73.56                         -            309 302279at33208        -            304   5.2e-05   24.2   3.8   4   4     0.019       6.6    7.4   0.0    95   114   285   304   275   307 0.84 -
evm.utg2083.46                       -            338 302279at33208        -            304   5.9e-05   24.0   0.3   1   3      0.13        47    4.6   0.0    98   137    35    74    23    79 0.91 -
evm.utg2083.46                       -            338 302279at33208        -            304   5.9e-05   24.0   0.3   2   3   0.00025     0.089   13.6   0.2    97   167   121   184    77   220 0.60 -
evm.utg2083.46                       -            338 302279at33208        -            304   5.9e-05   24.0   0.3   3   3       1.6   5.7e+02    1.0   0.0    98   134   291   325   280   332 0.77 -
evm.utg1272.13.1.5c22e9c5            -            492 302279at33208        -            304   6.5e-05   23.9   3.1   1   2    0.0044       1.5    9.5   0.0    89   113   233   257   175   266 0.87 -
evm.utg1272.13.1.5c22e9c5            -            492 302279at33208        -            304   6.5e-05   23.9   3.1   2   2    0.0025      0.88   10.3   1.3    42   121   324   405   308   428 0.53 -
evm.utg788.96                        -            437 302279at33208        -            304   7.1e-05   23.7   0.6   1   3      0.31   1.1e+02    3.4   0.0    80   118    32    70     3   127 0.65 -
evm.utg788.96                        -            437 302279at33208        -            304   7.1e-05   23.7   0.6   2   3         1   3.5e+02    1.7   0.0    96   159    90   146    73   147 0.48 -
evm.utg788.96                        -            437 302279at33208        -            304   7.1e-05   23.7   0.6   3   3   3.9e-05     0.014   16.2   0.1    97   254   133   275   112   288 0.72 -
evm.utg693.16                        -            604 302279at33208        -            304   7.1e-05   23.7   0.1   1   3     0.016       5.7    7.6   0.0    92   130   224   263   193   273 0.78 -
evm.utg693.16                        -            604 302279at33208        -            304   7.1e-05   23.7   0.1   2   3      0.03        11    6.8   0.0    95   132   276   313   270   323 0.84 -
evm.utg693.16                        -            604 302279at33208        -            304   7.1e-05   23.7   0.1   3   3     0.084        29    5.3   0.0    99   163   421   480   377   518 0.58 -
evm.utg1721.37                       -            409 302279at33208        -            304     8e-05   23.6   1.5   1   4     0.043        15    6.2   0.3    84   125   115   155    95   194 0.69 -
evm.utg1721.37                       -            409 302279at33208        -            304     8e-05   23.6   1.5   2   4      0.11        37    4.9   0.0   100   126   213   238   196   272 0.70 -
evm.utg1721.37                       -            409 302279at33208        -            304     8e-05   23.6   1.5   3   4      0.02         7    7.3   0.0    59   114   303   363   293   369 0.78 -
evm.utg1721.37                       -            409 302279at33208        -            304     8e-05   23.6   1.5   4   4       5.3   1.9e+03   -0.6   0.0    93   112   384   403   376   406 0.76 -
evm.utg2323.5                        -            681 302279at33208        -            304     9e-05   23.4   0.1   1   2   1.4e-06    0.0005   20.9   0.1    96   296    32   212     9   214 0.78 -
evm.utg2323.5                        -            681 302279at33208        -            304     9e-05   23.4   0.1   2   2     0.074        26    5.4   0.0    95   183   157   239   142   244 0.64 -
evm.utg616.9                         -            671 302279at33208        -            304   9.1e-05   23.4  12.2   1   6      0.46   1.6e+02    2.9   0.1    95   112   355   372   338   385 0.85 -
evm.utg616.9                         -            671 302279at33208        -            304   9.1e-05   23.4  12.2   2   6         3     1e+03    0.2   0.0    94   112   394   412   377   430 0.80 -
evm.utg616.9                         -            671 302279at33208        -            304   9.1e-05   23.4  12.2   3   6    0.0086         3    8.5   0.1    94   113   434   453   414   464 0.77 -
evm.utg616.9                         -            671 302279at33208        -            304   9.1e-05   23.4  12.2   4   6      0.53   1.9e+02    2.6   0.0    96   121   476   500   466   518 0.79 -
evm.utg616.9                         -            671 302279at33208        -            304   9.1e-05   23.4  12.2   5   6    0.0089       3.1    8.5   0.2    96   162   556   616   529   617 0.66 -
evm.utg616.9                         -            671 302279at33208        -            304   9.1e-05   23.4  12.2   6   6     0.011         4    8.1   0.1    96   134   599   639   586   663 0.74 -
evm.utg126.136                       -            473 302279at33208        -            304   0.00011   23.1   2.5   1   5      0.89   3.1e+02    1.9   0.1    73   117    98   149    80   166 0.70 -
evm.utg126.136                       -            473 302279at33208        -            304   0.00011   23.1   2.5   2   5         2   7.2e+02    0.7   0.0    97   126   172   202   150   217 0.68 -
evm.utg126.136                       -            473 302279at33208        -            304   0.00011   23.1   2.5   3   5    0.0027      0.94   10.2   0.0    84   122   211   249   197   290 0.85 -
evm.utg126.136                       -            473 302279at33208        -            304   0.00011   23.1   2.5   4   5       2.5   8.7e+02    0.5   0.0   146   162   320   336   280   341 0.72 -
evm.utg126.136                       -            473 302279at33208        -            304   0.00011   23.1   2.5   5   5     0.043        15    6.2   0.0    70   137   332   400   309   420 0.70 -
evm.utg26219.6                       -            683 302279at33208        -            304   0.00012   23.0   0.1   1   2   1.8e-06   0.00063   20.6   0.1    96   296    32   212     9   216 0.78 -
evm.utg26219.6                       -            683 302279at33208        -            304   0.00012   23.0   0.1   2   2     0.069        24    5.6   0.0    94   183   156   239   140   245 0.65 -
evm.utg7.52                          -            496 302279at33208        -            304   0.00012   23.0   6.7   1   4      0.13        44    4.7   0.0    96   114   207   225   193   236 0.83 -
evm.utg7.52                          -            496 302279at33208        -            304   0.00012   23.0   6.7   2   4      0.11        38    4.9   0.1    97   114   248   265   234   279 0.84 -
evm.utg7.52                          -            496 302279at33208        -            304   0.00012   23.0   6.7   3   4      0.18        64    4.2   0.0    94   114   287   305   267   319 0.77 -
evm.utg7.52                          -            496 302279at33208        -            304   0.00012   23.0   6.7   4   4     0.029        10    6.8   0.0    95   117   409   431   392   437 0.78 -
evm.utg2967.37                       -            683 302279at33208        -            304   0.00012   23.0   0.1   1   2   1.9e-06   0.00066   20.6   0.1    96   296    32   212     9   214 0.78 -
evm.utg2967.37                       -            683 302279at33208        -            304   0.00012   23.0   0.1   2   2     0.093        33    5.1   0.0    96   182   158   238   143   245 0.61 -
evm.utg2967.37.2.5c22ee73            -            682 302279at33208        -            304   0.00013   22.8   0.1   1   2   2.1e-06   0.00074   20.4   0.1    96   296    31   211    10   213 0.78 -
evm.utg2967.37.2.5c22ee73            -            682 302279at33208        -            304   0.00013   22.8   0.1   2   2      0.82   2.9e+02    2.0   0.0    89   113   189   216   169   228 0.63 -
evm.utg356.4                         -            604 302279at33208        -            304   0.00015   22.7   0.1   1   3     0.016       5.7    7.6   0.0    92   130   224   263   193   273 0.78 -
evm.utg356.4                         -            604 302279at33208        -            304   0.00015   22.7   0.1   2   3      0.03        11    6.8   0.0    95   132   276   313   270   323 0.84 -
evm.utg356.4                         -            604 302279at33208        -            304   0.00015   22.7   0.1   3   3      0.17        60    4.3   0.0   237   290   418   468   378   516 0.56 -
evm.utg5290.27.1.5c22f1dc            -            533 302279at33208        -            304   0.00016   22.5   2.0   1   2      0.73   2.6e+02    2.2   0.0   220   252   240   271   226   318 0.66 -
evm.utg5290.27.1.5c22f1dc            -            533 302279at33208        -            304   0.00016   22.5   2.0   2   2   9.5e-06    0.0034   18.2   0.6    94   253   340   487   322   525 0.82 -
evm.utg1272.13                       -            609 302279at33208        -            304   0.00017   22.4   3.8   1   2     0.006       2.1    9.0   0.0    89   113   233   257   179   265 0.87 -
evm.utg1272.13                       -            609 302279at33208        -            304   0.00017   22.4   3.8   2   2    0.0028      0.99   10.1   1.2    32   121   314   405   307   429 0.56 -
evm.utg109.121                       -            491 302279at33208        -            304    0.0002   22.3   0.0   1   3       5.6     2e+03   -0.7   0.0    93   117   179   204   149   212 0.76 -
evm.utg109.121                       -            491 302279at33208        -            304    0.0002   22.3   0.0   2   3     0.013       4.6    7.9   0.0   226   252   349   375   341   385 0.88 -
evm.utg109.121                       -            491 302279at33208        -            304    0.0002   22.3   0.0   3   3    0.0094       3.3    8.4   0.0   195   253   409   466   402   482 0.54 -
evm.utg3605.58                       -            566 302279at33208        -            304    0.0002   22.2   0.0   1   2      0.56     2e+02    2.6   0.0    81   116    98   133    77   158 0.84 -
evm.utg3605.58                       -            566 302279at33208        -            304    0.0002   22.2   0.0   2   2   2.3e-05    0.0081   17.0   0.0    99   264   330   493   320   505 0.83 -
evm.utg435.1                         -            468 302279at33208        -            304   0.00021   22.2   3.0   1   3    0.0043       1.5    9.5   0.1    98   205   160   264   148   267 0.79 -
evm.utg435.1                         -            468 302279at33208        -            304   0.00021   22.2   3.0   2   3     0.018       6.3    7.5   0.2    78   126   272   320   260   327 0.79 -
evm.utg435.1                         -            468 302279at33208        -            304   0.00021   22.2   3.0   3   3      0.15        52    4.5   0.1    93   125   327   358   307   369 0.67 -
evm.utg5290.27                       -            565 302279at33208        -            304   0.00022   22.1   2.1   1   2      0.82   2.9e+02    2.0   0.0   220   252   272   303   260   350 0.66 -
evm.utg5290.27                       -            565 302279at33208        -            304   0.00022   22.1   2.1   2   2   1.1e-05    0.0038   18.1   0.5    94   253   372   519   354   550 0.82 -
evm.utg2303.45                       -            565 302279at33208        -            304   0.00022   22.1   1.5   1   2      0.64   2.3e+02    2.4   0.0   215   253   267   304   244   350 0.71 -
evm.utg2303.45                       -            565 302279at33208        -            304   0.00022   22.1   1.5   2   2   1.6e-05    0.0057   17.5   0.5    94   253   372   519   347   550 0.82 -
evm.utg5985.20                       -            327 302279at33208        -            304   0.00024   22.0   0.3   1   3      0.33   1.2e+02    3.3   0.0    62   112    36    92    23   100 0.68 -
evm.utg5985.20                       -            327 302279at33208        -            304   0.00024   22.0   0.3   2   3   0.00046      0.16   12.7   0.1   131   209   159   235   133   244 0.80 -
evm.utg5985.20                       -            327 302279at33208        -            304   0.00024   22.0   0.3   3   3     0.058        20    5.8   0.0    57   150   221   311   216   324 0.76 -
evm.utg496.26                        -            504 302279at33208        -            304   0.00025   21.9   0.0   1   4      0.01       3.5    8.3   0.0   221   297   153   239   145   243 0.67 -
evm.utg496.26                        -            504 302279at33208        -            304   0.00025   21.9   0.0   2   4      0.17        58    4.3   0.0    74   112   205   242   200   265 0.72 -
evm.utg496.26                        -            504 302279at33208        -            304   0.00025   21.9   0.0   3   4     0.031        11    6.7   0.0    69   114   371   419   348   429 0.78 -
evm.utg496.26                        -            504 302279at33208        -            304   0.00025   21.9   0.0   4   4         2     7e+02    0.8   0.0   269   297   429   456   421   462 0.81 -
evm.utg343339.3                      -            504 302279at33208        -            304   0.00025   21.9   0.0   1   4      0.01       3.5    8.3   0.0   221   297   153   239   145   243 0.67 -
evm.utg343339.3                      -            504 302279at33208        -            304   0.00025   21.9   0.0   2   4      0.17        58    4.3   0.0    74   112   205   242   200   265 0.72 -
evm.utg343339.3                      -            504 302279at33208        -            304   0.00025   21.9   0.0   3   4     0.031        11    6.7   0.0    69   114   371   419   348   429 0.78 -
evm.utg343339.3                      -            504 302279at33208        -            304   0.00025   21.9   0.0   4   4         2     7e+02    0.8   0.0   269   297   429   456   421   462 0.81 -
evm.utg7950.21                       -            652 302279at33208        -            304   0.00027   21.8   0.6   1   2     0.029        10    6.8   0.0   107   182    51   120    43   127 0.71 -
evm.utg7950.21                       -            652 302279at33208        -            304   0.00027   21.8   0.6   2   2   0.00048      0.17   12.6   0.1   180   258   160   229   119   236 0.76 -
evm.utg2100.48                       -            413 302279at33208        -            304   0.00028   21.8   0.0   1   2       8.9   3.1e+03   -1.4   0.0   171   194   106   129    93   145 0.80 -
evm.utg2100.48                       -            413 302279at33208        -            304   0.00028   21.8   0.0   2   2     1e-05    0.0036   18.1   0.0   226   290   313   378   304   389 0.83 -
evm.utg1230.12                       -           1137 302279at33208        -            304   0.00037   21.4   1.6   1   4       5.2   1.8e+03   -0.6   0.0   219   256   131   167   118   178 0.82 -
evm.utg1230.12                       -           1137 302279at33208        -            304   0.00037   21.4   1.6   2   4     0.025       8.9    7.0   0.0    97   169   191   264   172   286 0.73 -
evm.utg1230.12                       -           1137 302279at33208        -            304   0.00037   21.4   1.6   3   4     0.036        13    6.5   0.0    70   112   497   545   483   570 0.75 -
evm.utg1230.12                       -           1137 302279at33208        -            304   0.00037   21.4   1.6   4   4      0.73   2.6e+02    2.2   0.0    86   111   940   965   928   970 0.86 -
evm.utg7048.1                        -            362 302279at33208        -            304   0.00037   21.4   3.4   1   3     0.015       5.4    7.7   0.1    98   202    53   154    41   157 0.65 -
evm.utg7048.1                        -            362 302279at33208        -            304   0.00037   21.4   3.4   2   3     0.046        16    6.1   0.2    82   125   169   212   155   221 0.84 -
evm.utg7048.1                        -            362 302279at33208        -            304   0.00037   21.4   3.4   3   3     0.064        22    5.7   0.1    88   125   215   251   200   285 0.72 -
evm.utg418.59                        -            511 302279at33208        -            304   0.00042   21.2   0.4   1   2       6.3   2.2e+03   -0.9   0.2    93   120   234   261   217   272 0.77 -
evm.utg418.59                        -            511 302279at33208        -            304   0.00042   21.2   0.4   2   2   1.2e-06   0.00042   21.2   0.4    99   167   346   410   326   454 0.73 -
evm.utg1056.107.2.5c22e85b           -            538 302279at33208        -            304   0.00042   21.2   0.4   1   2     0.036        13    6.5   0.0   224   295   362   436   342   438 0.80 -
evm.utg1056.107.2.5c22e85b           -            538 302279at33208        -            304   0.00042   21.2   0.4   2   2   6.9e-05     0.024   15.4   0.2   103   182   432   505   427   511 0.80 -
evm.utg577.102                       -            912 302279at33208        -            304   0.00049   21.0   4.7   1   4     0.017       6.1    7.5   0.1    68   115   599   644   588   661 0.79 -
evm.utg577.102                       -            912 302279at33208        -            304   0.00049   21.0   4.7   2   4      0.22        79    3.9   0.1    70   115   718   764   717   774 0.79 -
evm.utg577.102                       -            912 302279at33208        -            304   0.00049   21.0   4.7   3   4       8.9   3.1e+03   -1.4   0.0    98   119   787   808   773   830 0.67 -
evm.utg577.102                       -            912 302279at33208        -            304   0.00049   21.0   4.7   4   4      0.24        86    3.8   0.0    94   114   865   885   841   896 0.79 -
evm.utg1363.31                       -            612 302279at33208        -            304    0.0005   20.9   6.9   1   4     0.057        20    5.8   0.0   132   302    55   222    32   224 0.62 -
evm.utg1363.31                       -            612 302279at33208        -            304    0.0005   20.9   6.9   2   4     0.061        22    5.7   0.1   107   171   346   403   332   413 0.72 -
evm.utg1363.31                       -            612 302279at33208        -            304    0.0005   20.9   6.9   3   4    0.0034       1.2    9.8   0.2    85   153   409   476   405   510 0.75 -
evm.utg1363.31                       -            612 302279at33208        -            304    0.0005   20.9   6.9   4   4       4.2   1.5e+03   -0.3   0.2    70   112   480   524   451   573 0.58 -
evm.utg3174.3                        -            435 302279at33208        -            304   0.00075   20.4   1.4   1   3    0.0017      0.59   10.9   0.2    85   132   199   243   167   331 0.74 -
evm.utg3174.3                        -            435 302279at33208        -            304   0.00075   20.4   1.4   2   3       1.5   5.2e+02    1.2   0.0    96   115   294   313   261   355 0.56 -
evm.utg3174.3                        -            435 302279at33208        -            304   0.00075   20.4   1.4   3   3     0.073        26    5.5   0.1    98   184   338   417   323   433 0.78 -
evm.utg101.48.1.5c22e7c5             -            295 302279at33208        -            304   0.00099   20.0   0.3   1   2       9.9   3.5e+03   -1.5   0.0    94   120    24    50    21    66 0.84 -
evm.utg101.48.1.5c22e7c5             -            295 302279at33208        -            304   0.00099   20.0   0.3   2   2   1.7e-05    0.0059   17.4   0.1   187   254   152   223   103   233 0.80 -
evm.utg536.47                        -            614 302279at33208        -            304    0.0011   19.8   0.3   1   2     0.024       8.4    7.1   0.0    79   199   296   423   279   480 0.64 -
evm.utg536.47                        -            614 302279at33208        -            304    0.0011   19.8   0.3   2   2      0.02       6.9    7.3   0.2   225   281   494   549   341   565 0.82 -
evm.utg637.5                         -            513 302279at33208        -            304    0.0012   19.7   0.7   1   3    0.0002     0.069   13.9   0.3   134   253    83   195    75   205 0.80 -
evm.utg637.5                         -            513 302279at33208        -            304    0.0012   19.7   0.7   2   3     0.014       4.9    7.9   0.2    80   123   162   205   150   286 0.73 -
evm.utg637.5                         -            513 302279at33208        -            304    0.0012   19.7   0.7   3   3       1.7   6.1e+02    1.0   0.0   107   167   230   284   218   309 0.58 -
evm.utg234.60.1.5c279240             -            226 302279at33208        -            304    0.0012   19.7   1.6   1   3      0.19        65    4.1   0.2    87   112    21    46     6    61 0.75 -
evm.utg234.60.1.5c279240             -            226 302279at33208        -            304    0.0012   19.7   1.6   2   3      0.01       3.5    8.3   0.0    86   162    64   133    46   138 0.77 -
evm.utg234.60.1.5c279240             -            226 302279at33208        -            304    0.0012   19.7   1.6   3   3      0.16        55    4.4   0.0    61   112   159   216   150   219 0.62 -
evm.utg18553.20                      -            503 302279at33208        -            304    0.0013   19.6   1.1   1   2   0.00025     0.087   13.6   0.5   134   253    73   185    64   195 0.83 -
evm.utg18553.20                      -            503 302279at33208        -            304    0.0013   19.6   1.1   2   2       1.5   5.4e+02    1.1   0.0    92   114   248   270   213   283 0.63 -
evm.utg1009.19                       -            542 302279at33208        -            304    0.0017   19.2   0.2   1   1   1.2e-05    0.0042   17.9   0.1    97   216   225   344   200   357 0.82 -
evm.utg3092.70                       -            717 302279at33208        -            304    0.0017   19.2   1.2   1   3      0.12        42    4.8   0.0   235   257    72    94    62   127 0.86 -
evm.utg3092.70                       -            717 302279at33208        -            304    0.0017   19.2   1.2   2   3    0.0078       2.7    8.7   0.1   223   296   138   208   127   214 0.82 -
evm.utg3092.70                       -            717 302279at33208        -            304    0.0017   19.2   1.2   3   3       4.8   1.7e+03   -0.5   0.0    98   123   242   266   235   271 0.79 -
evm.utg729.25.2.5c279763             -            767 302279at33208        -            304    0.0017   19.2   0.0   1   3      0.49   1.7e+02    2.8   0.0    83   114   448   479   434   511 0.79 -
evm.utg729.25.2.5c279763             -            767 302279at33208        -            304    0.0017   19.2   0.0   2   3     0.011       3.8    8.2   0.0    83   163   554   632   545   641 0.74 -
evm.utg729.25.2.5c279763             -            767 302279at33208        -            304    0.0017   19.2   0.0   3   3       0.2        71    4.0   0.0    78   136   687   746   674   760 0.82 -
evm.utg101.48                        -            357 302279at33208        -            304    0.0018   19.1   0.3   1   1   2.4e-05    0.0086   16.9   0.1   187   254   152   223   103   233 0.81 -
evm.utg413.38                        -            593 302279at33208        -            304    0.0019   19.1   0.5   1   3     0.002      0.71   10.6   0.1    86   134   358   403   326   488 0.68 -
evm.utg413.38                        -            593 302279at33208        -            304    0.0019   19.1   0.5   2   3       1.1     4e+02    1.6   0.0    83   115   439   471   415   513 0.60 -
evm.utg413.38                        -            593 302279at33208        -            304    0.0019   19.1   0.5   3   3      0.24        85    3.8   0.0    98   184   496   575   481   591 0.75 -
evm.utg2007.6                        -            496 302279at33208        -            304    0.0021   18.9   0.0   1   3      0.64   2.2e+02    2.4   0.0   233   297   195   257   172   263 0.76 -
evm.utg2007.6                        -            496 302279at33208        -            304    0.0021   18.9   0.0   2   3      0.14        51    4.5   0.0    97   131   290   324   279   328 0.77 -
evm.utg2007.6                        -            496 302279at33208        -            304    0.0021   18.9   0.0   3   3     0.011       3.8    8.2   0.0    89   153   325   388   319   391 0.78 -
evm.utg293.35                        -            341 302279at33208        -            304    0.0022   18.8   2.9   1   3     0.021       7.4    7.3   0.0    83   118    55    90    25   128 0.78 -
evm.utg293.35                        -            341 302279at33208        -            304    0.0022   18.8   2.9   2   3    0.0075       2.6    8.7   0.2    69   183   167   280   141   282 0.68 -
evm.utg293.35                        -            341 302279at33208        -            304    0.0022   18.8   2.9   3   3     0.073        26    5.5   0.0   100   160   243   298   225   307 0.79 -
evm.utg431.28.29                     -            766 302279at33208        -            304    0.0023   18.8   0.4   1   2      0.35   1.2e+02    3.2   0.0   217   285   416   479   385   498 0.69 -
evm.utg431.28.29                     -            766 302279at33208        -            304    0.0023   18.8   0.4   2   2   0.00068      0.24   12.1   0.1   137   295   594   757   563   764 0.64 -
evm.utg788.47                        -           1044 302279at33208        -            304    0.0024   18.7   1.3   1   3      0.04        14    6.3   0.0    88   113   483   510   462   523 0.76 -
evm.utg788.47                        -           1044 302279at33208        -            304    0.0024   18.7   1.3   2   3       6.8   2.4e+03   -1.0   0.0    93   123   579   610   574   618 0.67 -
evm.utg788.47                        -           1044 302279at33208        -            304    0.0024   18.7   1.3   3   3     0.032        11    6.7   0.0    93   113   731   751   721   762 0.83 -
evm.utg2967.37.1.5c22ee73            -            636 302279at33208        -            304    0.0024   18.7   0.0   1   2   4.9e-05     0.017   15.9   0.0   140   296    25   168    22   170 0.83 -
evm.utg2967.37.1.5c22ee73            -            636 302279at33208        -            304    0.0024   18.7   0.0   2   2     0.084        30    5.3   0.0    96   182   114   194    99   201 0.61 -
evm.utg729.25                        -            852 302279at33208        -            304    0.0025   18.7   0.0   1   3      0.55     2e+02    2.6   0.0    83   114   533   564   519   596 0.79 -
evm.utg729.25                        -            852 302279at33208        -            304    0.0025   18.7   0.0   2   3     0.012       4.4    8.0   0.0    83   162   639   716   631   726 0.74 -
evm.utg729.25                        -            852 302279at33208        -            304    0.0025   18.7   0.0   3   3      0.23        81    3.8   0.0    78   136   772   831   759   845 0.82 -
evm.utg1056.106                      -            351 302279at33208        -            304    0.0025   18.6   1.3   1   4       2.7   9.7e+02    0.3   0.0    85   112   105   132    76   146 0.75 -
evm.utg1056.106                      -            351 302279at33208        -            304    0.0025   18.6   1.3   2   4      0.23        82    3.8   0.0    95   114   157   176   146   187 0.79 -
evm.utg1056.106                      -            351 302279at33208        -            304    0.0025   18.6   1.3   3   4      0.28        98    3.6   0.0    85   114   189   218   185   258 0.77 -
evm.utg1056.106                      -            351 302279at33208        -            304    0.0025   18.6   1.3   4   4     0.078        28    5.4   0.0    84   117   276   309   242   335 0.75 -
evm.utg1056.106.1.5c22e841           -            351 302279at33208        -            304    0.0025   18.6   1.3   1   4       2.7   9.7e+02    0.3   0.0    85   112   105   132    76   146 0.75 -
evm.utg1056.106.1.5c22e841           -            351 302279at33208        -            304    0.0025   18.6   1.3   2   4      0.23        82    3.8   0.0    95   114   157   176   146   187 0.79 -
evm.utg1056.106.1.5c22e841           -            351 302279at33208        -            304    0.0025   18.6   1.3   3   4      0.28        98    3.6   0.0    85   114   189   218   185   258 0.77 -
evm.utg1056.106.1.5c22e841           -            351 302279at33208        -            304    0.0025   18.6   1.3   4   4     0.078        28    5.4   0.0    84   117   276   309   242   335 0.75 -
evm.utg243.69                        -           1751 302279at33208        -            304    0.0026   18.6   7.8   1   4      0.78   2.8e+02    2.1   0.1    98   136    77   116    65   131 0.76 -
evm.utg243.69                        -           1751 302279at33208        -            304    0.0026   18.6   7.8   2   4       3.8   1.3e+03   -0.2   0.0   139   167   154   182   148   190 0.80 -
evm.utg243.69                        -           1751 302279at33208        -            304    0.0026   18.6   7.8   3   4    0.0057         2    9.1   0.3    97   295   223   428   213   437 0.75 -
evm.utg243.69                        -           1751 302279at33208        -            304    0.0026   18.6   7.8   4   4     0.029        10    6.8   0.0    96   122   636   661   613   710 0.74 -
evm.utg17809.13                      -            456 302279at33208        -            304    0.0037   18.1   1.4   1   5         5   1.8e+03   -0.5   0.0    92   114   114   136    96   145 0.77 -
evm.utg17809.13                      -            456 302279at33208        -            304    0.0037   18.1   1.4   2   5      0.82   2.9e+02    2.0   0.0    97   116   161   180   153   195 0.82 -
evm.utg17809.13                      -            456 302279at33208        -            304    0.0037   18.1   1.4   3   5      0.35   1.2e+02    3.3   0.1    97   113   209   225   200   245 0.80 -
evm.utg17809.13                      -            456 302279at33208        -            304    0.0037   18.1   1.4   4   5       4.3   1.5e+03   -0.3   0.0    96   125   330   359   321   369 0.81 -
evm.utg17809.13                      -            456 302279at33208        -            304    0.0037   18.1   1.4   5   5      0.11        39    4.9   0.0    84   116   403   435   368   440 0.62 -
evm.utg5417.27.1.5c22f1fe            -           1068 302279at33208        -            304    0.0039   18.0  11.0   1   4      0.13        47    4.6   0.1    89   132   724   766   716   773 0.75 -
evm.utg5417.27.1.5c22f1fe            -           1068 302279at33208        -            304    0.0039   18.0  11.0   2   4     0.008       2.8    8.6   0.0    74   136   757   810   749   814 0.71 -
evm.utg5417.27.1.5c22f1fe            -           1068 302279at33208        -            304    0.0039   18.0  11.0   3   4     0.027       9.6    6.9   1.9    96   217   815   926   803   933 0.87 -
evm.utg5417.27.1.5c22f1fe            -           1068 302279at33208        -            304    0.0039   18.0  11.0   4   4      0.34   1.2e+02    3.3   0.1    89   112   974   997   967  1009 0.83 -
evm.utg431.28.29.1.5c27950b          -            796 302279at33208        -            304    0.0039   18.0   0.2   1   2      0.73   2.6e+02    2.2   0.0   216   281   415   475   384   482 0.71 -
evm.utg431.28.29.1.5c27950b          -            796 302279at33208        -            304    0.0039   18.0   0.2   2   2   0.00072      0.25   12.1   0.1   137   295   624   787   593   794 0.64 -
evm.utg536.47.1.5c22f1e8             -            545 302279at33208        -            304    0.0042   17.9   0.1   1   4       8.8   3.1e+03   -1.4   0.0   224   288   197   265   181   270 0.58 -
evm.utg536.47.1.5c22f1e8             -            545 302279at33208        -            304    0.0042   17.9   0.1   2   4     0.036        13    6.5   0.0    79   146   296   367   279   426 0.57 -
evm.utg536.47.1.5c22f1e8             -            545 302279at33208        -            304    0.0042   17.9   0.1   3   4         4   1.4e+03   -0.3   0.0    68   123   434   489   427   494 0.81 -
evm.utg536.47.1.5c22f1e8             -            545 302279at33208        -            304    0.0042   17.9   0.1   4   4      0.14        51    4.5   0.0   226   254   495   523   487   536 0.85 -
evm.utg73.96.1.5c22f3bc              -            243 302279at33208        -            304    0.0048   17.7   2.4   1   4      0.68   2.4e+02    2.3   0.0   271   301    32    61    20    64 0.84 -
evm.utg73.96.1.5c22f3bc              -            243 302279at33208        -            304    0.0048   17.7   2.4   2   4     0.001      0.35   11.6   0.5    98   133    91   126    75   168 0.80 -
evm.utg73.96.1.5c22f3bc              -            243 302279at33208        -            304    0.0048   17.7   2.4   3   4       3.1   1.1e+03    0.1   0.0   234   257   168   189   136   208 0.66 -
evm.utg73.96.1.5c22f3bc              -            243 302279at33208        -            304    0.0048   17.7   2.4   4   4       4.2   1.5e+03   -0.3   0.0    98   112   215   229   194   233 0.85 -
evm.utg801.96                        -            430 302279at33208        -            304    0.0052   17.6   0.1   1   2       1.4   5.1e+02    1.2   0.0   221   258   125   163   103   215 0.72 -
evm.utg801.96                        -            430 302279at33208        -            304    0.0052   17.6   0.1   2   2    0.0006      0.21   12.3   0.1   103   206   251   351   242   358 0.77 -
utg7821.evm.utg13634.5.mrna2         -            359 302279at33208        -            304    0.0052   17.6   0.4   1   3     0.002      0.69   10.6   0.0   230   295    54   118    48   121 0.91 -
utg7821.evm.utg13634.5.mrna2         -            359 302279at33208        -            304    0.0052   17.6   0.4   2   3       1.1   3.9e+02    1.6   0.0    66   118   122   171   117   189 0.71 -
utg7821.evm.utg13634.5.mrna2         -            359 302279at33208        -            304    0.0052   17.6   0.4   3   3       1.6   5.6e+02    1.1   0.1    99   116   213   230   199   238 0.78 -
evm.utg579.33                        -           1399 302279at33208        -            304    0.0055   17.5   0.3   1   3      0.14        48    4.6   0.0    76   115  1028  1061  1013  1077 0.67 -
evm.utg579.33                        -           1399 302279at33208        -            304    0.0055   17.5   0.3   2   3     0.041        14    6.3   0.1    93   264  1088  1261  1081  1303 0.69 -
evm.utg579.33                        -           1399 302279at33208        -            304    0.0055   17.5   0.3   3   3      0.81   2.8e+02    2.0   0.0    97   110  1384  1397  1368  1398 0.81 -
evm.utg192.39                        -            299 302279at33208        -            304    0.0064   17.3   0.4   1   3       2.2   7.8e+02    0.6   0.0    98   126    34    61    23    69 0.74 -
evm.utg192.39                        -            299 302279at33208        -            304    0.0064   17.3   0.4   2   3       2.4   8.4e+02    0.5   0.0    97   123    76   102    62   135 0.81 -
evm.utg192.39                        -            299 302279at33208        -            304    0.0064   17.3   0.4   3   3   0.00062      0.22   12.3   0.0    80   120   143   184   116   195 0.79 -
evm.utg378.33                        -            500 302279at33208        -            304    0.0092   16.8   0.9   1   4      0.11        39    4.9   0.0    45   121    57   131    44   140 0.78 -
evm.utg378.33                        -            500 302279at33208        -            304    0.0092   16.8   0.9   2   4       2.3     8e+02    0.6   0.0    97   109   153   165   148   169 0.89 -
evm.utg378.33                        -            500 302279at33208        -            304    0.0092   16.8   0.9   3   4      0.54   1.9e+02    2.6   0.0    97   117   247   267   240   324 0.58 -
evm.utg378.33                        -            500 302279at33208        -            304    0.0092   16.8   0.9   4   4         1   3.5e+02    1.8   0.0    96   126   352   381   329   388 0.74 -
evm.utg280.24                        -            336 302279at33208        -            304    0.0092   16.8   0.1   1   2      0.22        78    3.9   0.0    84   116    98   130    91   151 0.82 -
evm.utg280.24                        -            336 302279at33208        -            304    0.0092   16.8   0.1   2   2    0.0024      0.86   10.3   0.0    97   212   155   278   141   327 0.76 -
evm.utg73.80                         -            359 302279at33208        -            304     0.011   16.5   2.9   1   4     0.058        20    5.8   0.1    79   114   136   165   113   184 0.77 -
evm.utg73.80                         -            359 302279at33208        -            304     0.011   16.5   2.9   2   4      0.14        49    4.6   0.0    95   131   188   223   175   232 0.80 -
evm.utg73.80                         -            359 302279at33208        -            304     0.011   16.5   2.9   3   4       5.5   1.9e+03   -0.7   0.0   107   136   247   276   229   283 0.78 -
evm.utg73.80                         -            359 302279at33208        -            304     0.011   16.5   2.9   4   4      0.37   1.3e+02    3.1   0.0    94   116   282   304   264   313 0.84 -
evm.utg73.96                         -            327 302279at33208        -            304     0.013   16.3   2.2   1   4         1   3.7e+02    1.7   0.0   271   301    32    61    21    64 0.84 -
evm.utg73.96                         -            327 302279at33208        -            304     0.013   16.3   2.2   2   4    0.0016      0.55   11.0   0.4    98   133    91   126    75   168 0.80 -
evm.utg73.96                         -            327 302279at33208        -            304     0.013   16.3   2.2   3   4       5.1   1.8e+03   -0.6   0.0   234   257   168   189   139   209 0.67 -
evm.utg73.96                         -            327 302279at33208        -            304     0.013   16.3   2.2   4   4       6.1   2.2e+03   -0.8   0.0    98   112   215   229   203   238 0.86 -
evm.utg183.39                        -           1787 302279at33208        -            304     0.014   16.2   0.3   1   4     0.084        29    5.3   0.0    75   115   171   211   155   253 0.85 -
evm.utg183.39                        -           1787 302279at33208        -            304     0.014   16.2   0.3   2   4       1.6   5.7e+02    1.1   0.0   197   255   242   298   221   348 0.57 -
evm.utg183.39                        -           1787 302279at33208        -            304     0.014   16.2   0.3   3   4      0.62   2.2e+02    2.4   0.0    84   116   362   394   352   405 0.82 -
evm.utg183.39                        -           1787 302279at33208        -            304     0.014   16.2   0.3   4   4       2.3   7.9e+02    0.6   0.0   197   253   484   539   471   549 0.69 -
evm.utg4455.54                       -            917 302279at33208        -            304     0.018   15.9   0.3   1   2     0.007       2.5    8.8   0.0    82   111   386   415   379   426 0.87 -
evm.utg4455.54                       -            917 302279at33208        -            304     0.018   15.9   0.3   2   2      0.24        83    3.8   0.1   173   253   449   521   441   529 0.62 -
evm.utg26120.19.1.5c2792a7           -            291 302279at33208        -            304     0.019   15.8   0.4   1   3       7.5   2.6e+03   -1.1   0.0    94   116    41    63    20    79 0.65 -
evm.utg26120.19.1.5c2792a7           -            291 302279at33208        -            304     0.019   15.8   0.4   2   3     0.088        31    5.2   0.1    50   117   164   239   113   257 0.66 -
evm.utg26120.19.1.5c2792a7           -            291 302279at33208        -            304     0.019   15.8   0.4   3   3     0.015       5.4    7.7   0.0    90   120   255   285   243   288 0.81 -
evm.utg101.131                       -            607 302279at33208        -            304      0.02   15.7   0.1   1   1   0.00022     0.077   13.8   0.1    46   166    58   182    44   187 0.78 -
evm.utg4194.43                       -            521 302279at33208        -            304      0.02   15.7   0.2   1   3       6.5   2.3e+03   -0.9   0.0    99   125   257   282   250   291 0.74 -
evm.utg4194.43                       -            521 302279at33208        -            304      0.02   15.7   0.2   2   3       2.9     1e+03    0.2   0.0    97   123   298   324   283   337 0.78 -
evm.utg4194.43                       -            521 302279at33208        -            304      0.02   15.7   0.2   3   3    0.0017      0.58   10.9   0.0    80   120   365   406   342   418 0.80 -
evm.utg4271.15                       -            398 302279at33208        -            304     0.021   15.6   0.3   1   2     0.092        32    5.1   0.0   222   298    98   127    35   136 0.57 -
evm.utg4271.15                       -            398 302279at33208        -            304     0.021   15.6   0.3   2   2      0.02         7    7.3   0.0    98   128   202   232   189   275 0.86 -
evm.utg498.151.2.5c22f1a3.1.5c2795b7 -            334 302279at33208        -            304     0.027   15.3   0.3   1   2      0.28        98    3.6   0.0   218   252   107   141    94   147 0.85 -
evm.utg498.151.2.5c22f1a3.1.5c2795b7 -            334 302279at33208        -            304     0.027   15.3   0.3   2   2     0.027       9.6    6.9   0.0    97   123   275   301   266   319 0.78 -
evm.utg3174.3.1.5c22eeec             -            350 302279at33208        -            304     0.029   15.2   0.1   1   3    0.0025      0.88   10.3   0.1    85   119   199   232   167   248 0.80 -
evm.utg3174.3.1.5c22eeec             -            350 302279at33208        -            304     0.029   15.2   0.1   2   3       1.7   6.1e+02    1.0   0.0    85   113   241   269   234   277 0.86 -
evm.utg3174.3.1.5c22eeec             -            350 302279at33208        -            304     0.029   15.2   0.1   3   3       4.2   1.5e+03   -0.3   0.0    93   114   291   312   265   318 0.77 -
evm.utg320.49                        -            928 302279at33208        -            304     0.029   15.2   0.1   1   3    0.0049       1.7    9.3   0.0    69   116   155   205   136   227 0.83 -
evm.utg320.49                        -            928 302279at33208        -            304     0.029   15.2   0.1   2   3       2.5   8.8e+02    0.4   0.0    98   133   609   645   599   660 0.63 -
evm.utg320.49                        -            928 302279at33208        -            304     0.029   15.2   0.1   3   3       2.6   9.2e+02    0.4   0.0    96   117   649   670   618   689 0.80 -
evm.utg861.53                        -            556 302279at33208        -            304      0.03   15.1   0.1   1   3     0.015       5.4    7.7   0.0    89   121   262   294   222   325 0.78 -
evm.utg861.53                        -            556 302279at33208        -            304      0.03   15.1   0.1   2   3      0.47   1.7e+02    2.8   0.0   102   296   489   538   475   540 0.49 -
evm.utg861.53                        -            556 302279at33208        -            304      0.03   15.1   0.1   3   3      0.45   1.6e+02    2.9   0.1    95   116   524   546   504   551 0.65 -
evm.utg2303.45.1.5c22ed61            -            469 302279at33208        -            304     0.031   15.1   0.5   1   3      0.48   1.7e+02    2.8   0.0   214   253   266   304   242   350 0.71 -
evm.utg2303.45.1.5c22ed61            -            469 302279at33208        -            304     0.031   15.1   0.5   2   3     0.015       5.2    7.8   0.0    94   118   372   395   356   410 0.78 -
evm.utg2303.45.1.5c22ed61            -            469 302279at33208        -            304     0.031   15.1   0.5   3   3       2.7   9.3e+02    0.4   0.0    96   116   416   436   397   448 0.84 -
evm.utg3092.42                       -            256 302279at33208        -            304     0.038   14.8   0.4   1   3       1.5   5.4e+02    1.1   0.0   235   265    70   100    63   113 0.87 -
evm.utg3092.42                       -            256 302279at33208        -            304     0.038   14.8   0.4   2   3       0.2        69    4.1   0.0    88   127   116   154   102   162 0.84 -
evm.utg3092.42                       -            256 302279at33208        -            304     0.038   14.8   0.4   3   3      0.02       6.9    7.3   0.1    81   118   150   188   146   197 0.70 -
evm.utg338.73                        -           1105 302279at33208        -            304     0.039   14.7   5.6   1   3      0.22        79    3.9   0.0    67   120   475   528   430   535 0.78 -
evm.utg338.73                        -           1105 302279at33208        -            304     0.039   14.7   5.6   2   3    0.0039       1.4    9.7   0.1   100   254   551   696   542   711 0.60 -
evm.utg338.73                        -           1105 302279at33208        -            304     0.039   14.7   5.6   3   3     0.017       5.9    7.6   0.1    65   114   643   697   631   734 0.71 -
evm.utg26517.8                       -           1023 302279at33208        -            304     0.041   14.7   9.0   1   4       2.6   9.2e+02    0.4   0.0   238   286   271   319   250   335 0.63 -
evm.utg26517.8                       -           1023 302279at33208        -            304     0.041   14.7   9.0   2   4         8   2.8e+03   -1.2   0.1   143   183   359   403   355   417 0.76 -
evm.utg26517.8                       -           1023 302279at33208        -            304     0.041   14.7   9.0   3   4      0.11        38    4.9   0.0    68   120   476   528   434   535 0.79 -
evm.utg26517.8                       -           1023 302279at33208        -            304     0.041   14.7   9.0   4   4    0.0036       1.3    9.8   0.1   100   254   551   696   542   710 0.60 -
evm.utg377.23                        -            826 302279at33208        -            304     0.045   14.5   0.3   1   2      0.24        83    3.8   0.0   172   231   492   550   438   599 0.66 -
evm.utg377.23                        -            826 302279at33208        -            304     0.045   14.5   0.3   2   2     0.021       7.4    7.2   0.1   222   288   664   726   625   735 0.76 -
evm.utg3839.110                      -            824 302279at33208        -            304     0.051   14.4   0.2   1   2      0.27        94    3.6   0.0   172   234   490   551   438   598 0.70 -
evm.utg3839.110                      -            824 302279at33208        -            304     0.051   14.4   0.2   2   2     0.021       7.4    7.3   0.1   222   288   662   724   623   733 0.76 -
evm.utg26120.19                      -            408 302279at33208        -            304     0.064   14.0   0.9   1   3      0.23        81    3.8   0.0    50   116   164   238   142   257 0.63 -
evm.utg26120.19                      -            408 302279at33208        -            304     0.064   14.0   0.9   2   3     0.038        13    6.4   0.0    88   117   253   282   231   297 0.78 -
evm.utg26120.19                      -            408 302279at33208        -            304     0.064   14.0   0.9   3   3       7.5   2.6e+03   -1.1   0.0    97   112   386   401   376   403 0.69 -
evm.utg693.67                        -           1677 302279at33208        -            304     0.065   14.0   6.7   1   3      0.21        75    3.9   0.1    98   136    77   116    65   136 0.79 -
evm.utg693.67                        -           1677 302279at33208        -            304     0.065   14.0   6.7   2   3       0.8   2.8e+02    2.1   0.2    98   116   224   242   213   434 0.62 -
evm.utg693.67                        -           1677 302279at33208        -            304     0.065   14.0   6.7   3   3     0.021       7.3    7.3   0.0    95   123   634   661   612   705 0.76 -
evm.utg564.26                        -            598 302279at33208        -            304      0.07   13.9   0.1   1   3       1.9   6.5e+02    0.9   0.1   217   258   387   429   364   442 0.78 -
evm.utg564.26                        -            598 302279at33208        -            304      0.07   13.9   0.1   2   3       2.5   8.7e+02    0.4   0.0    89   114   441   466   432   475 0.79 -
evm.utg564.26                        -            598 302279at33208        -            304      0.07   13.9   0.1   3   3     0.012       4.1    8.1   0.0    77   122   513   558   490   575 0.78 -
evm.utg364.29                        -            339 302279at33208        -            304      0.07   13.9   1.1   1   2       3.4   1.2e+03   -0.0   0.0     9    52    11    50     5    68 0.68 -
evm.utg364.29                        -            339 302279at33208        -            304      0.07   13.9   1.1   2   2    0.0014       0.5   11.1   0.1    86   125   166   204   146   249 0.73 -
evm.utg415.118                       -            380 302279at33208        -            304     0.074   13.8   0.3   1   2       3.5   1.2e+03   -0.1   0.1   164   198   137   172   133   179 0.81 -
evm.utg415.118                       -            380 302279at33208        -            304     0.074   13.8   0.3   2   2    0.0045       1.6    9.5   0.0    94   125   238   270   220   294 0.79 -
evm.utg498.151.2.5c22f1a3            -            433 302279at33208        -            304     0.074   13.8   0.9   1   2      0.46   1.6e+02    2.9   0.0   219   252   199   232   194   240 0.85 -
evm.utg498.151.2.5c22f1a3            -            433 302279at33208        -            304     0.074   13.8   0.9   2   2     0.036        13    6.5   0.0    97   123   366   392   358   422 0.80 -
evm.utg5774.3.1.5c22f241             -            362 302279at33208        -            304     0.076   13.8   0.7   1   2     0.093        33    5.1   0.1    50   119   164   241   113   257 0.70 -
evm.utg5774.3.1.5c22f241             -            362 302279at33208        -            304     0.076   13.8   0.7   2   2     0.042        15    6.3   0.0    90   117   255   282   242   296 0.80 -
evm.utg5774.3                        -            408 302279at33208        -            304     0.081   13.7   1.7   1   3      0.11        39    4.9   0.1    50   119   164   241   111   257 0.69 -
evm.utg5774.3                        -            408 302279at33208        -            304     0.081   13.7   1.7   2   3     0.048        17    6.1   0.0    90   117   255   282   242   297 0.80 -
evm.utg5774.3                        -            408 302279at33208        -            304     0.081   13.7   1.7   3   3       7.5   2.6e+03   -1.1   0.0    97   112   386   401   376   403 0.69 -
evm.utg868.30                        -           1627 302279at33208        -            304     0.085   13.6   0.6   1   2    0.0037       1.3    9.7   0.1    96   162  1322  1380  1309  1396 0.73 -
evm.utg868.30                        -           1627 302279at33208        -            304     0.085   13.6   0.6   2   2       2.8   9.9e+02    0.3   0.0    89   116  1505  1530  1498  1568 0.79 -
evm.utg729.25.1.5c279763             -            740 302279at33208        -            304     0.085   13.6   0.0   1   2      0.46   1.6e+02    2.8   0.0    83   114   533   564   519   597 0.79 -
evm.utg729.25.1.5c279763             -            740 302279at33208        -            304     0.085   13.6   0.0   2   2      0.01       3.6    8.3   0.0    83   163   639   717   630   726 0.74 -
evm.utg498.151                       -            492 302279at33208        -            304     0.098   13.4   0.6   1   2      0.35   1.2e+02    3.3   0.0   217   252   256   291   228   299 0.84 -
evm.utg498.151                       -            492 302279at33208        -            304     0.098   13.4   0.6   2   2     0.043        15    6.2   0.0    97   123   425   451   417   481 0.80 -
evm.utg109.77                        -            797 302279at33208        -            304      0.11   13.3   2.8   1   2     0.014         5    7.8   0.9    74   159    65   147    57   148 0.62 -
evm.utg109.77                        -            797 302279at33208        -            304      0.11   13.3   2.8   2   2    0.0074       2.6    8.7   0.1    73   116   109   153   103   198 0.84 -
evm.utg498.151.1.5c22f1a3            -            517 302279at33208        -            304      0.12   13.2   0.6   1   2      0.37   1.3e+02    3.2   0.0   217   252   281   316   253   324 0.84 -
evm.utg498.151.1.5c22f1a3            -            517 302279at33208        -            304      0.12   13.2   0.6   2   2     0.047        17    6.1   0.0    97   123   450   476   443   508 0.80 -
evm.utg479.28                        -           1273 302279at33208        -            304      0.13   13.1   1.7   1   1   0.00084      0.29   11.8   0.9    37   114  1114  1192  1106  1212 0.83 -
evm.utg8380.14                       -            389 302279at33208        -            304      0.16   12.7   0.8   1   2       2.8     1e+03    0.3   0.0    69   279   165   198   150   238 0.62 -
evm.utg8380.14                       -            389 302279at33208        -            304      0.16   12.7   0.8   2   2    0.0047       1.7    9.4   0.1    98   141   249   290   225   299 0.84 -
evm.utg622.116.1.5c22f2e9            -            417 302279at33208        -            304      0.17   12.6   0.0   1   2      0.21        76    3.9   0.0   225   254    70    99    59   141 0.81 -
evm.utg622.116.1.5c22f2e9            -            417 302279at33208        -            304      0.17   12.6   0.0   2   2     0.048        17    6.1   0.0   145   167   155   177   146   194 0.79 -
evm.utg17511.10.1.5c22ebe9           -            834 302279at33208        -            304       0.3   11.8   0.3   1   3       1.8   6.2e+02    0.9   0.0    81   115   346   381   284   400 0.67 -
evm.utg17511.10.1.5c22ebe9           -            834 302279at33208        -            304       0.3   11.8   0.3   2   3     0.062        22    5.7   0.0    89   120   454   485   419   494 0.79 -
evm.utg17511.10.1.5c22ebe9           -            834 302279at33208        -            304       0.3   11.8   0.3   3   3       5.1   1.8e+03   -0.6   0.1   220   291   612   679   606   687 0.60 -
evm.utg17511.10                      -            873 302279at33208        -            304      0.36   11.6   0.3   1   3       1.9   6.7e+02    0.8   0.0    81   115   385   420   324   439 0.67 -
evm.utg17511.10                      -            873 302279at33208        -            304      0.36   11.6   0.3   2   3     0.066        23    5.6   0.0    89   120   493   524   458   533 0.79 -
evm.utg17511.10                      -            873 302279at33208        -            304      0.36   11.6   0.3   3   3       4.7   1.7e+03   -0.5   0.1   221   292   652   719   645   729 0.58 -
evm.utg109.41                        -            598 302279at33208        -            304      0.39   11.5   0.2   1   3       1.9   6.7e+02    0.8   0.0   217   258   387   429   372   449 0.80 -
evm.utg109.41                        -            598 302279at33208        -            304      0.39   11.5   0.2   2   3       4.8   1.7e+03   -0.5   0.0    88   114   440   466   419   473 0.80 -
evm.utg109.41                        -            598 302279at33208        -            304      0.39   11.5   0.2   3   3     0.038        14    6.4   0.0    77   118   513   554   490   570 0.77 -
evm.utg4318.22                       -           1196 302279at33208        -            304      0.62   10.8   0.1   1   2       3.6   1.3e+03   -0.1   0.0   194   288    92   187    81   196 0.70 -
evm.utg4318.22                       -           1196 302279at33208        -            304      0.62   10.8   0.1   2   2      0.17        58    4.3   0.0   223   296   261   334   255   339 0.87 -
#
# Program:         hmmsearch
# Version:         3.1b2 (February 2015)
# Pipeline mode:   SEARCH
# Query file:      /uoa/scratch/users/r02hw22/project_dark_genes/busco_downloads/lineages/metazoa_odb10/hmms/302279at33208.hmm
# Target file:     /uoa/scratch/users/r02hw22/project_dark_genes/00_raw/equina_smart.rnam-trna.merged.ggf.curated.remredun.aa.fa
# Option settings: hmmsearch --domtblout /uoa/scratch/users/r02hw22/project_dark_genes/equina_busco_proteins/run_metazoa_odb10/hmmer_output/initial_run_results/302279at33208.out --cpu 1 /uoa/scratch/users/r02hw22/project_dark_genes/busco_downloads/lineages/metazoa_odb10/hmms/302279at33208.hmm /uoa/scratch/users/r02hw22/project_dark_genes/00_raw/equina_smart.rnam-trna.merged.ggf.curated.remredun.aa.fa 
# Current dir:     /uoa/scratch/users/r02hw22/project_dark_genes
# Date:            Sat Apr 25 14:41:31 2026
# [ok]
