#                                                                            --- full sequence --- -------------- this domain -------------   hmm coord   ali coord   env coord
# target name        accession   tlen query name           accession   qlen   E-value  score  bias   #  of  c-Evalue  i-Evalue  score  bias  from    to  from    to  from    to  acc description of target
#------------------- ---------- ----- -------------------- ---------- ----- --------- ------ ----- --- --- --------- --------- ------ ----- ----- ----- ----- ----- ----- ----- ---- ---------------------
evm.utg3156.24       -            504 313091at33208        -            309  1.3e-135  452.9   8.6   1   2  1.7e-139  1.6e-135  452.7   1.2     1   283     1   317     1   339 0.89 -
evm.utg3156.24       -            504 313091at33208        -            309  1.3e-135  452.9   8.6   2   2    0.0055        51    4.3   1.1   276   308   448   487   434   488 0.68 -
evm.utg1910.24       -            586 313091at33208        -            309   3.6e-15   57.4   0.4   1   2   3.9e-19   3.6e-15   57.4   0.4    80   253   179   383   141   427 0.79 -
evm.utg1910.24       -            586 313091at33208        -            309   3.6e-15   57.4   0.4   2   2         5   4.6e+04   -5.4   5.7   256   298   536   574   530   585 0.41 -
evm.utg715.60        -            483 313091at33208        -            309   7.7e-09   36.6   0.8   1   2       1.5   1.4e+04   -3.7   0.0    80   106   239   265   217   272 0.81 -
evm.utg715.60        -            483 313091at33208        -            309   7.7e-09   36.6   0.8   2   2   1.6e-12   1.5e-08   35.6   0.8   139   269   318   465   280   472 0.82 -
evm.utg7164.8        -            754 313091at33208        -            309       0.1   13.2   0.0   1   1   1.8e-05      0.16   12.5   0.0   146   181    79   121    73   154 0.75 -
evm.utg5817.10       -            769 313091at33208        -            309      0.12   13.0   0.0   1   1   2.1e-05      0.19   12.3   0.0   146   172    79   105    73   154 0.75 -
evm.utg34491.5       -            757 313091at33208        -            309      0.24   11.9   0.0   1   1   4.3e-05       0.4   11.3   0.0   146   172    78   104    72   154 0.74 -
#
# Program:         hmmsearch
# Version:         3.1b2 (February 2015)
# Pipeline mode:   SEARCH
# Query file:      /uoa/scratch/users/r02hw22/project_dark_genes/busco_downloads/lineages/metazoa_odb10/hmms/313091at33208.hmm
# Target file:     /uoa/scratch/users/r02hw22/project_dark_genes/00_raw/equina_smart.rnam-trna.merged.ggf.curated.remredun.aa.fa
# Option settings: hmmsearch --domtblout /uoa/scratch/users/r02hw22/project_dark_genes/equina_busco_proteins/run_metazoa_odb10/hmmer_output/initial_run_results/313091at33208.out --cpu 1 /uoa/scratch/users/r02hw22/project_dark_genes/busco_downloads/lineages/metazoa_odb10/hmms/313091at33208.hmm /uoa/scratch/users/r02hw22/project_dark_genes/00_raw/equina_smart.rnam-trna.merged.ggf.curated.remredun.aa.fa 
# Current dir:     /uoa/scratch/users/r02hw22/project_dark_genes
# Date:            Sat Apr 25 14:40:49 2026
# [ok]
