#                                                                                 --- full sequence --- -------------- this domain -------------   hmm coord   ali coord   env coord
# target name             accession   tlen query name           accession   qlen   E-value  score  bias   #  of  c-Evalue  i-Evalue  score  bias  from    to  from    to  from    to  acc description of target
#     ------------------- ---------- ----- -------------------- ---------- ----- --------- ------ ----- --- --- --------- --------- ------ ----- ----- ----- ----- ----- ----- ----- ---- ---------------------
evm.utg8494.26            -            511 315044at33208        -            407  1.4e-175  585.5   4.1   1   2  4.2e-171  5.8e-168  560.4   2.1     4   369    17   447    14   467 0.88 -
evm.utg8494.26            -            511 315044at33208        -            407  1.4e-175  585.5   4.1   2   2   4.7e-07   0.00066   20.1   0.1   366   406   468   509   445   510 0.82 -
evm.utg178.5              -           3806 315044at33208        -            407     6e-53  181.6 114.6   1  46     0.004       5.6    7.2   0.0   293   321   701   729   690   732 0.89 -
evm.utg178.5              -           3806 315044at33208        -            407     6e-53  181.6 114.6   2  46     0.017        23    5.2   0.0   295   321   745   771   737   774 0.90 -
evm.utg178.5              -           3806 315044at33208        -            407     6e-53  181.6 114.6   3  46       2.2     3e+03   -1.8   0.0   297   321   789   813   783   816 0.89 -
evm.utg178.5              -           3806 315044at33208        -            407     6e-53  181.6 114.6   4  46      0.02        28    4.9   0.0   293   321   869   897   840   900 0.82 -
evm.utg178.5              -           3806 315044at33208        -            407     6e-53  181.6 114.6   5  46     0.016        23    5.2   0.0   273   321   925   981   912   984 0.71 -
evm.utg178.5              -           3806 315044at33208        -            407     6e-53  181.6 114.6   6  46     0.076   1.1e+02    3.0   0.0   294   321   996  1023   991  1026 0.88 -
evm.utg178.5              -           3806 315044at33208        -            407     6e-53  181.6 114.6   7  46      0.18   2.6e+02    1.7   0.0   295   321  1039  1065  1033  1068 0.89 -
evm.utg178.5              -           3806 315044at33208        -            407     6e-53  181.6 114.6   8  46       5.1     7e+03   -3.0   0.0   295   321  1081  1107  1076  1109 0.88 -
evm.utg178.5              -           3806 315044at33208        -            407     6e-53  181.6 114.6   9  46       1.1   1.5e+03   -0.8   0.0   293   321  1121  1149  1115  1152 0.87 -
evm.utg178.5              -           3806 315044at33208        -            407     6e-53  181.6 114.6  10  46      0.49   6.8e+02    0.3   0.0   298   321  1168  1191  1160  1194 0.91 -
evm.utg178.5              -           3806 315044at33208        -            407     6e-53  181.6 114.6  11  46    0.0015       2.2    8.6   0.2   277   321  1268  1320  1244  1323 0.73 -
evm.utg178.5              -           3806 315044at33208        -            407     6e-53  181.6 114.6  12  46     0.024        33    4.6   0.0   292   321  1375  1404  1336  1407 0.78 -
evm.utg178.5              -           3806 315044at33208        -            407     6e-53  181.6 114.6  13  46       1.8   2.6e+03   -1.6   0.0   295   321  1420  1446  1414  1449 0.88 -
evm.utg178.5              -           3806 315044at33208        -            407     6e-53  181.6 114.6  14  46     0.034        47    4.2   0.1   277   321  1478  1530  1454  1533 0.72 -
evm.utg178.5              -           3806 315044at33208        -            407     6e-53  181.6 114.6  15  46     0.023        33    4.7   0.0   292   321  1585  1614  1545  1617 0.77 -
evm.utg178.5              -           3806 315044at33208        -            407     6e-53  181.6 114.6  16  46       1.8   2.4e+03   -1.5   0.0   295   321  1630  1656  1623  1659 0.88 -
evm.utg178.5              -           3806 315044at33208        -            407     6e-53  181.6 114.6  17  46    0.0015       2.1    8.6   0.2   277   321  1688  1740  1664  1743 0.73 -
evm.utg178.5              -           3806 315044at33208        -            407     6e-53  181.6 114.6  18  46     0.024        33    4.6   0.0   292   321  1795  1824  1756  1827 0.78 -
evm.utg178.5              -           3806 315044at33208        -            407     6e-53  181.6 114.6  19  46       1.8   2.6e+03   -1.6   0.0   295   321  1840  1866  1834  1869 0.88 -
evm.utg178.5              -           3806 315044at33208        -            407     6e-53  181.6 114.6  20  46      0.22   3.1e+02    1.4   0.1   277   320  1898  1949  1875  1953 0.69 -
evm.utg178.5              -           3806 315044at33208        -            407     6e-53  181.6 114.6  21  46     0.014        20    5.4   0.6   273   321  2065  2121  1966  2125 0.72 -
evm.utg178.5              -           3806 315044at33208        -            407     6e-53  181.6 114.6  22  46   7.9e-06     0.011   16.1   2.3   180   321  2098  2247  2095  2250 0.85 -
evm.utg178.5              -           3806 315044at33208        -            407     6e-53  181.6 114.6  23  46     0.027        38    4.5   0.0   294   321  2262  2289  2256  2293 0.90 -
evm.utg178.5              -           3806 315044at33208        -            407     6e-53  181.6 114.6  24  46      0.06        83    3.3   0.0   295   321  2305  2331  2297  2334 0.89 -
evm.utg178.5              -           3806 315044at33208        -            407     6e-53  181.6 114.6  25  46    0.0085        12    6.1   0.0   296   321  2348  2373  2342  2376 0.92 -
evm.utg178.5              -           3806 315044at33208        -            407     6e-53  181.6 114.6  26  46     0.029        40    4.4   0.0   293   321  2387  2415  2382  2418 0.90 -
evm.utg178.5              -           3806 315044at33208        -            407     6e-53  181.6 114.6  27  46      0.01        14    5.9   0.0   278   321  2490  2541  2475  2544 0.72 -
evm.utg178.5              -           3806 315044at33208        -            407     6e-53  181.6 114.6  28  46     0.016        23    5.2   0.0   273   321  2569  2625  2556  2628 0.71 -
evm.utg178.5              -           3806 315044at33208        -            407     6e-53  181.6 114.6  29  46     0.076   1.1e+02    3.0   0.0   294   321  2640  2667  2635  2670 0.88 -
evm.utg178.5              -           3806 315044at33208        -            407     6e-53  181.6 114.6  30  46      0.18   2.6e+02    1.7   0.0   295   321  2683  2709  2677  2712 0.89 -
evm.utg178.5              -           3806 315044at33208        -            407     6e-53  181.6 114.6  31  46       5.1     7e+03   -3.0   0.0   295   321  2725  2751  2720  2753 0.88 -
evm.utg178.5              -           3806 315044at33208        -            407     6e-53  181.6 114.6  32  46         1   1.4e+03   -0.7   0.0   293   321  2765  2793  2759  2797 0.87 -
evm.utg178.5              -           3806 315044at33208        -            407     6e-53  181.6 114.6  33  46      0.33   4.6e+02    0.9   0.0   297   321  2811  2835  2801  2839 0.90 -
evm.utg178.5              -           3806 315044at33208        -            407     6e-53  181.6 114.6  34  46    0.0013       1.8    8.8   1.3   233   321  2868  2964  2811  2967 0.64 -
evm.utg178.5              -           3806 315044at33208        -            407     6e-53  181.6 114.6  35  46    0.0092        13    6.0   0.1   292   321  3019  3048  2979  3052 0.77 -
evm.utg178.5              -           3806 315044at33208        -            407     6e-53  181.6 114.6  36  46     0.026        36    4.5   0.0   294   321  3063  3090  3055  3095 0.90 -
evm.utg178.5              -           3806 315044at33208        -            407     6e-53  181.6 114.6  37  46     0.016        22    5.3   0.1   273   321  3076  3132  3074  3135 0.70 -
evm.utg178.5              -           3806 315044at33208        -            407     6e-53  181.6 114.6  38  46   6.7e-05     0.093   13.1   2.2   180   321  3151  3300  3145  3303 0.85 -
evm.utg178.5              -           3806 315044at33208        -            407     6e-53  181.6 114.6  39  46     0.027        38    4.5   0.0   294   321  3315  3342  3309  3345 0.90 -
evm.utg178.5              -           3806 315044at33208        -            407     6e-53  181.6 114.6  40  46    0.0011       1.5    9.0   0.0   295   321  3358  3384  3350  3387 0.90 -
evm.utg178.5              -           3806 315044at33208        -            407     6e-53  181.6 114.6  41  46    0.0011       1.5    9.0   0.1   264   321  3403  3468  3392  3471 0.71 -
evm.utg178.5              -           3806 315044at33208        -            407     6e-53  181.6 114.6  42  46    0.0094        13    6.0   0.0   296   321  3485  3510  3480  3513 0.92 -
evm.utg178.5              -           3806 315044at33208        -            407     6e-53  181.6 114.6  43  46     0.024        33    4.6   0.0   293   321  3524  3552  3518  3556 0.89 -
evm.utg178.5              -           3806 315044at33208        -            407     6e-53  181.6 114.6  44  46    0.0011       1.5    9.1   0.1   264   321  3571  3636  3560  3639 0.71 -
evm.utg178.5              -           3806 315044at33208        -            407     6e-53  181.6 114.6  45  46     0.024        34    4.6   0.0   293   321  3650  3678  3645  3682 0.89 -
evm.utg178.5              -           3806 315044at33208        -            407     6e-53  181.6 114.6  46  46     0.019        26    5.0   0.1   271   321  3704  3762  3686  3765 0.67 -
evm.utg11962.1            -           1170 315044at33208        -            407   1.5e-29  104.6  38.4   1  20      0.53   7.4e+02    0.2   0.1   292   321    84   113    37   116 0.80 -
evm.utg11962.1            -           1170 315044at33208        -            407   1.5e-29  104.6  38.4   2  20    0.0028       3.9    7.7   0.1   277   321   103   155    87   158 0.72 -
evm.utg11962.1            -           1170 315044at33208        -            407   1.5e-29  104.6  38.4   3  20      0.42   5.8e+02    0.5   0.0   295   317   171   193   165   195 0.82 -
evm.utg11962.1            -           1170 315044at33208        -            407   1.5e-29  104.6  38.4   4  20     0.027        38    4.4   0.0   293   321   211   239   206   242 0.90 -
evm.utg11962.1            -           1170 315044at33208        -            407   1.5e-29  104.6  38.4   5  20     0.022        30    4.8   0.0   294   321   254   281   249   284 0.88 -
evm.utg11962.1            -           1170 315044at33208        -            407   1.5e-29  104.6  38.4   6  20     0.053        74    3.5   0.0   295   321   297   323   291   326 0.89 -
evm.utg11962.1            -           1170 315044at33208        -            407   1.5e-29  104.6  38.4   7  20       1.2   1.7e+03   -1.0   0.0   295   321   339   365   333   368 0.87 -
evm.utg11962.1            -           1170 315044at33208        -            407   1.5e-29  104.6  38.4   8  20      0.28   3.8e+02    1.1   0.0   292   321   378   407   372   410 0.87 -
evm.utg11962.1            -           1170 315044at33208        -            407   1.5e-29  104.6  38.4   9  20       0.1   1.4e+02    2.6   0.0   297   321   425   449   417   452 0.89 -
evm.utg11962.1            -           1170 315044at33208        -            407   1.5e-29  104.6  38.4  10  20   0.00043       0.6   10.4   0.7   274   321   523   578   473   581 0.72 -
evm.utg11962.1            -           1170 315044at33208        -            407   1.5e-29  104.6  38.4  11  20    0.0016       2.2    8.5   0.0   273   321   599   655   592   658 0.74 -
evm.utg11962.1            -           1170 315044at33208        -            407   1.5e-29  104.6  38.4  12  20     0.017        23    5.1   0.1   295   321   671   697   664   700 0.89 -
evm.utg11962.1            -           1170 315044at33208        -            407   1.5e-29  104.6  38.4  13  20      0.12   1.6e+02    2.4   0.1   295   321   713   739   708   743 0.90 -
evm.utg11962.1            -           1170 315044at33208        -            407   1.5e-29  104.6  38.4  14  20   0.00013      0.18   12.1   1.5   181   321   717   865   716   868 0.83 -
evm.utg11962.1            -           1170 315044at33208        -            407   1.5e-29  104.6  38.4  15  20    0.0078        11    6.2   0.0   294   321   880   907   874   910 0.90 -
evm.utg11962.1            -           1170 315044at33208        -            407   1.5e-29  104.6  38.4  16  20   0.00032      0.45   10.8   0.0   295   321   923   949   916   952 0.90 -
evm.utg11962.1            -           1170 315044at33208        -            407   1.5e-29  104.6  38.4  17  20    0.0063       8.8    6.5   0.0   293   321   963   991   958  1014 0.91 -
evm.utg11962.1            -           1170 315044at33208        -            407   1.5e-29  104.6  38.4  18  20     0.007       9.7    6.4   0.0   293   321  1042  1070  1037  1074 0.89 -
evm.utg11962.1            -           1170 315044at33208        -            407   1.5e-29  104.6  38.4  19  20    0.0068       9.5    6.4   0.0   293   321  1084  1112  1077  1115 0.89 -
evm.utg11962.1            -           1170 315044at33208        -            407   1.5e-29  104.6  38.4  20  20     0.003       4.2    7.6   0.0   293   321  1126  1154  1121  1157 0.90 -
evm.utg11962.7            -           2624 315044at33208        -            407   2.4e-25   90.7  54.1   1  23       1.2   1.6e+03   -0.9   0.0   179   203   749   773   746   777 0.80 -
evm.utg11962.7            -           2624 315044at33208        -            407   2.4e-25   90.7  54.1   2  23       2.4   3.3e+03   -1.9   0.0   233   264   854   877   792   945 0.41 -
evm.utg11962.7            -           2624 315044at33208        -            407   2.4e-25   90.7  54.1   3  23   8.7e-06     0.012   16.0   0.5   262   321   959  1026   950  1029 0.76 -
evm.utg11962.7            -           2624 315044at33208        -            407   2.4e-25   90.7  54.1   4  23      0.44   6.2e+02    0.5   0.0   295   321  1084  1110  1044  1113 0.90 -
evm.utg11962.7            -           2624 315044at33208        -            407   2.4e-25   90.7  54.1   5  23    0.0021       2.9    8.1   0.0   293   321  1124  1152  1119  1155 0.90 -
evm.utg11962.7            -           2624 315044at33208        -            407   2.4e-25   90.7  54.1   6  23   1.5e-07    0.0002   21.8   3.1   179   321  1212  1362  1170  1365 0.83 -
evm.utg11962.7            -           2624 315044at33208        -            407   2.4e-25   90.7  54.1   7  23       0.5   6.9e+02    0.3   0.0   293   321  1418  1446  1380  1451 0.87 -
evm.utg11962.7            -           2624 315044at33208        -            407   2.4e-25   90.7  54.1   8  23       3.2   4.5e+03   -2.4   0.0   294   321  1462  1488  1457  1491 0.83 -
evm.utg11962.7            -           2624 315044at33208        -            407   2.4e-25   90.7  54.1   9  23      0.58   8.1e+02    0.1   0.0   295   321  1504  1530  1500  1533 0.91 -
evm.utg11962.7            -           2624 315044at33208        -            407   2.4e-25   90.7  54.1  10  23    0.0006      0.83    9.9   0.0   293   321  1544  1572  1539  1575 0.90 -
evm.utg11962.7            -           2624 315044at33208        -            407   2.4e-25   90.7  54.1  11  23     0.056        78    3.4   0.0   293   321  1628  1656  1590  1659 0.89 -
evm.utg11962.7            -           2624 315044at33208        -            407   2.4e-25   90.7  54.1  12  23      0.78   1.1e+03   -0.4   0.0   292   321  1711  1740  1672  1745 0.82 -
evm.utg11962.7            -           2624 315044at33208        -            407   2.4e-25   90.7  54.1  13  23      0.87   1.2e+03   -0.5   0.0   295   321  1756  1782  1749  1785 0.91 -
evm.utg11962.7            -           2624 315044at33208        -            407   2.4e-25   90.7  54.1  14  23      0.58   8.1e+02    0.1   0.0   295   321  1798  1824  1794  1827 0.91 -
evm.utg11962.7            -           2624 315044at33208        -            407   2.4e-25   90.7  54.1  15  23    0.0006      0.83    9.9   0.0   293   321  1838  1866  1833  1869 0.90 -
evm.utg11962.7            -           2624 315044at33208        -            407   2.4e-25   90.7  54.1  16  23     0.056        78    3.4   0.0   293   321  1922  1950  1884  1953 0.89 -
evm.utg11962.7            -           2624 315044at33208        -            407   2.4e-25   90.7  54.1  17  23       0.4   5.6e+02    0.6   0.1   292   321  2005  2034  1966  2037 0.82 -
evm.utg11962.7            -           2624 315044at33208        -            407   2.4e-25   90.7  54.1  18  23      0.56   7.8e+02    0.1   0.0   295   321  2050  2076  2045  2079 0.91 -
evm.utg11962.7            -           2624 315044at33208        -            407   2.4e-25   90.7  54.1  19  23    0.0021       2.9    8.1   0.0   293   321  2090  2118  2085  2121 0.90 -
evm.utg11962.7            -           2624 315044at33208        -            407   2.4e-25   90.7  54.1  20  23      0.58     8e+02    0.1   0.0   295   321  2218  2244  2214  2247 0.91 -
evm.utg11962.7            -           2624 315044at33208        -            407   2.4e-25   90.7  54.1  21  23     0.002       2.8    8.2   0.0   293   321  2258  2286  2250  2289 0.90 -
evm.utg11962.7            -           2624 315044at33208        -            407   2.4e-25   90.7  54.1  22  23     0.089   1.2e+02    2.8   0.0   293   321  2342  2370  2317  2373 0.88 -
evm.utg11962.7            -           2624 315044at33208        -            407   2.4e-25   90.7  54.1  23  23      0.12   1.6e+02    2.4   0.0   293   321  2384  2412  2377  2415 0.90 -
evm.utg11962.3            -           1825 315044at33208        -            407   1.3e-24   88.3  18.8   1  15      0.77   1.1e+03   -0.3   0.0   179   203  1025  1049  1021  1060 0.90 -
evm.utg11962.3            -           1825 315044at33208        -            407   1.3e-24   88.3  18.8   2  15       0.2   2.8e+02    1.6   0.0   296   326  1109  1139  1101  1149 0.69 -
evm.utg11962.3            -           1825 315044at33208        -            407   1.3e-24   88.3  18.8   3  15    0.0092        13    6.0   0.0   296   321  1151  1176  1146  1179 0.92 -
evm.utg11962.3            -           1825 315044at33208        -            407   1.3e-24   88.3  18.8   4  15       1.7   2.3e+03   -1.4   0.0   295   321  1192  1218  1186  1222 0.87 -
evm.utg11962.3            -           1825 315044at33208        -            407   1.3e-24   88.3  18.8   5  15     0.076   1.1e+02    3.0   0.0   291   321  1230  1260  1203  1263 0.70 -
evm.utg11962.3            -           1825 315044at33208        -            407   1.3e-24   88.3  18.8   6  15   0.00041      0.58   10.4   0.0   292   322  1321  1351  1287  1353 0.79 -
evm.utg11962.3            -           1825 315044at33208        -            407   1.3e-24   88.3  18.8   7  15    0.0017       2.4    8.4   0.0   295   321  1366  1392  1360  1395 0.91 -
evm.utg11962.3            -           1825 315044at33208        -            407   1.3e-24   88.3  18.8   8  15    0.0015       2.1    8.6   0.1   295   321  1408  1434  1402  1437 0.89 -
evm.utg11962.3            -           1825 315044at33208        -            407   1.3e-24   88.3  18.8   9  15   0.00093       1.3    9.3   0.0   295   321  1453  1479  1447  1482 0.92 -
evm.utg11962.3            -           1825 315044at33208        -            407   1.3e-24   88.3  18.8  10  15    0.0012       1.6    8.9   0.0   295   321  1495  1521  1489  1524 0.91 -
evm.utg11962.3            -           1825 315044at33208        -            407   1.3e-24   88.3  18.8  11  15    0.0012       1.7    8.9   0.0   295   321  1537  1563  1531  1566 0.91 -
evm.utg11962.3            -           1825 315044at33208        -            407   1.3e-24   88.3  18.8  12  15       0.7   9.7e+02   -0.2   0.0   295   321  1579  1605  1575  1608 0.90 -
evm.utg11962.3            -           1825 315044at33208        -            407   1.3e-24   88.3  18.8  13  15    0.0091        13    6.0   0.0   292   321  1660  1689  1614  1692 0.83 -
evm.utg11962.3            -           1825 315044at33208        -            407   1.3e-24   88.3  18.8  14  15    0.0057       7.9    6.7   0.0   292   321  1744  1773  1701  1776 0.84 -
evm.utg11962.3            -           1825 315044at33208        -            407   1.3e-24   88.3  18.8  15  15     0.018        26    5.0   0.0   293   321  1787  1815  1782  1818 0.89 -
evm.utg628.1              -            887 315044at33208        -            407   3.2e-19   70.6  16.5   1  16       1.8   2.6e+03   -1.6   0.0   297   321     1    25     1    28 0.87 -
evm.utg628.1              -            887 315044at33208        -            407   3.2e-19   70.6  16.5   2  16     0.097   1.4e+02    2.6   0.0   295   321    41    67    34    70 0.87 -
evm.utg628.1              -            887 315044at33208        -            407   3.2e-19   70.6  16.5   3  16       1.3   1.7e+03   -1.0   0.0   273   317    53   105    51   116 0.66 -
evm.utg628.1              -            887 315044at33208        -            407   3.2e-19   70.6  16.5   4  16      0.02        28    4.9   0.0   294   321   131   158   107   161 0.88 -
evm.utg628.1              -            887 315044at33208        -            407   3.2e-19   70.6  16.5   5  16     0.017        23    5.1   0.0   295   321   174   200   168   203 0.88 -
evm.utg628.1              -            887 315044at33208        -            407   3.2e-19   70.6  16.5   6  16     0.005       6.9    6.9   0.0   295   321   216   242   210   245 0.90 -
evm.utg628.1              -            887 315044at33208        -            407   3.2e-19   70.6  16.5   7  16     0.002       2.8    8.2   0.0   295   321   258   284   250   287 0.89 -
evm.utg628.1              -            887 315044at33208        -            407   3.2e-19   70.6  16.5   8  16     0.068        95    3.1   0.1   295   322   300   327   295   331 0.88 -
evm.utg628.1              -            887 315044at33208        -            407   3.2e-19   70.6  16.5   9  16    0.0046       6.4    7.0   0.0   295   321   342   368   335   371 0.90 -
evm.utg628.1              -            887 315044at33208        -            407   3.2e-19   70.6  16.5  10  16     0.013        18    5.5   0.1   295   321   384   410   378   414 0.86 -
evm.utg628.1              -            887 315044at33208        -            407   3.2e-19   70.6  16.5  11  16       1.6   2.2e+03   -1.4   0.0   298   321   429   452   418   456 0.84 -
evm.utg628.1              -            887 315044at33208        -            407   3.2e-19   70.6  16.5  12  16     0.089   1.2e+02    2.8   0.0   295   321   468   494   445   497 0.90 -
evm.utg628.1              -            887 315044at33208        -            407   3.2e-19   70.6  16.5  13  16   0.00054      0.75   10.1   0.0   294   321   551   578   521   581 0.72 -
evm.utg628.1              -            887 315044at33208        -            407   3.2e-19   70.6  16.5  14  16       2.9   4.1e+03   -2.2   0.0   296   321   701   726   697   730 0.90 -
evm.utg628.1              -            887 315044at33208        -            407   3.2e-19   70.6  16.5  15  16     0.091   1.3e+02    2.7   0.0   293   321   740   768   734   771 0.90 -
evm.utg628.1              -            887 315044at33208        -            407   3.2e-19   70.6  16.5  16  16     0.037        51    4.0   0.0   293   321   782   810   776   813 0.90 -
evm.utg23296.3            -           2272 315044at33208        -            407   2.8e-17   64.2  26.6   1  25    0.0013       1.8    8.8   0.0   294   345   714   764   706   769 0.88 -
evm.utg23296.3            -           2272 315044at33208        -            407   2.8e-17   64.2  26.6   2  25       0.3   4.2e+02    1.0   0.0   294   337   798   840   794   844 0.82 -
evm.utg23296.3            -           2272 315044at33208        -            407   2.8e-17   64.2  26.6   3  25     0.046        63    3.7   0.0   294   341   840   886   832   894 0.80 -
evm.utg23296.3            -           2272 315044at33208        -            407   2.8e-17   64.2  26.6   4  25     0.061        85    3.3   0.0   295   342   925   971   919   977 0.85 -
evm.utg23296.3            -           2272 315044at33208        -            407   2.8e-17   64.2  26.6   5  25      0.78   1.1e+03   -0.4   0.0   293   323   965   995   961  1017 0.82 -
evm.utg23296.3            -           2272 315044at33208        -            407   2.8e-17   64.2  26.6   6  25     0.088   1.2e+02    2.8   0.0   295   334  1051  1089  1025  1093 0.85 -
evm.utg23296.3            -           2272 315044at33208        -            407   2.8e-17   64.2  26.6   7  25      0.02        28    4.9   0.0   294   336  1092  1133  1087  1145 0.78 -
evm.utg23296.3            -           2272 315044at33208        -            407   2.8e-17   64.2  26.6   8  25       0.1   1.4e+02    2.6   0.0   295   341  1177  1222  1172  1227 0.85 -
evm.utg23296.3            -           2272 315044at33208        -            407   2.8e-17   64.2  26.6   9  25      0.12   1.6e+02    2.4   0.0   294   328  1218  1251  1210  1271 0.79 -
evm.utg23296.3            -           2272 315044at33208        -            407   2.8e-17   64.2  26.6  10  25       1.1   1.5e+03   -0.8   0.0   295   341  1303  1348  1300  1353 0.83 -
evm.utg23296.3            -           2272 315044at33208        -            407   2.8e-17   64.2  26.6  11  25      0.18   2.5e+02    1.8   0.0   292   331  1342  1380  1317  1397 0.79 -
evm.utg23296.3            -           2272 315044at33208        -            407   2.8e-17   64.2  26.6  12  25       1.5   2.1e+03   -1.3   0.0   294   323  1386  1415  1378  1428 0.88 -
evm.utg23296.3            -           2272 315044at33208        -            407   2.8e-17   64.2  26.6  13  25     0.085   1.2e+02    2.8   0.0   295   334  1429  1467  1400  1471 0.85 -
evm.utg23296.3            -           2272 315044at33208        -            407   2.8e-17   64.2  26.6  14  25     0.013        18    5.5   0.0   294   336  1470  1511  1462  1523 0.79 -
evm.utg23296.3            -           2272 315044at33208        -            407   2.8e-17   64.2  26.6  15  25      0.14     2e+02    2.1   0.0   295   337  1555  1596  1551  1600 0.84 -
evm.utg23296.3            -           2272 315044at33208        -            407   2.8e-17   64.2  26.6  16  25      0.14   1.9e+02    2.1   0.0   294   341  1596  1642  1591  1650 0.79 -
evm.utg23296.3            -           2272 315044at33208        -            407   2.8e-17   64.2  26.6  17  25      0.11   1.5e+02    2.5   0.0   292   336  1720  1763  1681  1781 0.72 -
evm.utg23296.3            -           2272 315044at33208        -            407   2.8e-17   64.2  26.6  18  25      0.84   1.2e+03   -0.5   0.0   294   321  1764  1791  1759  1796 0.90 -
evm.utg23296.3            -           2272 315044at33208        -            407   2.8e-17   64.2  26.6  19  25       0.4   5.6e+02    0.6   0.0   295   343  1807  1854  1802  1859 0.86 -
evm.utg23296.3            -           2272 315044at33208        -            407   2.8e-17   64.2  26.6  20  25      0.21     3e+02    1.5   0.0   294   341  1848  1894  1840  1901 0.84 -
evm.utg23296.3            -           2272 315044at33208        -            407   2.8e-17   64.2  26.6  21  25       0.7   9.7e+02   -0.2   0.0   296   342  1934  1979  1930  1986 0.84 -
evm.utg23296.3            -           2272 315044at33208        -            407   2.8e-17   64.2  26.6  22  25     0.061        84    3.3   0.0   294   341  1974  2020  1966  2030 0.80 -
evm.utg23296.3            -           2272 315044at33208        -            407   2.8e-17   64.2  26.6  23  25       1.7   2.4e+03   -1.5   0.0   294   321  2058  2085  2052  2094 0.87 -
evm.utg23296.3            -           2272 315044at33208        -            407   2.8e-17   64.2  26.6  24  25     0.092   1.3e+02    2.7   0.0   294   331  2100  2136  2092  2153 0.79 -
evm.utg23296.3            -           2272 315044at33208        -            407   2.8e-17   64.2  26.6  25  25     0.087   1.2e+02    2.8   0.0   294   331  2184  2220  2177  2257 0.82 -
evm.utg1022.31            -            515 315044at33208        -            407   2.6e-16   61.0   3.7   1   2   2.2e-07   0.00031   21.2   1.0   239   322   118   202    83   222 0.82 -
evm.utg1022.31            -            515 315044at33208        -            407   2.6e-16   61.0   3.7   2   2   2.1e-13   2.9e-10   41.1   0.1   197   340   208   358   200   371 0.84 -
evm.utg1177.2             -           1631 315044at33208        -            407   4.4e-10   40.5   0.9   1  10       0.1   1.4e+02    2.5   0.0   292   326  1048  1082  1010  1084 0.90 -
evm.utg1177.2             -           1631 315044at33208        -            407   4.4e-10   40.5   0.9   2  10    0.0071       9.9    6.4   0.0   292   325  1091  1124  1087  1127 0.91 -
evm.utg1177.2             -           1631 315044at33208        -            407   4.4e-10   40.5   0.9   3  10     0.064        89    3.2   0.0   292   323  1133  1164  1129  1168 0.90 -
evm.utg1177.2             -           1631 315044at33208        -            407   4.4e-10   40.5   0.9   4  10       1.3   1.8e+03   -1.1   0.0   292   322  1175  1205  1172  1209 0.81 -
evm.utg1177.2             -           1631 315044at33208        -            407   4.4e-10   40.5   0.9   5  10      0.15     2e+02    2.1   0.0   292   322  1217  1247  1214  1251 0.90 -
evm.utg1177.2             -           1631 315044at33208        -            407   4.4e-10   40.5   0.9   6  10      0.25   3.5e+02    1.3   0.0   292   321  1259  1288  1256  1293 0.91 -
evm.utg1177.2             -           1631 315044at33208        -            407   4.4e-10   40.5   0.9   7  10      0.17   2.4e+02    1.8   0.0   292   323  1301  1332  1298  1339 0.88 -
evm.utg1177.2             -           1631 315044at33208        -            407   4.4e-10   40.5   0.9   8  10       0.1   1.5e+02    2.5   0.0   290   324  1342  1376  1338  1402 0.86 -
evm.utg1177.2             -           1631 315044at33208        -            407   4.4e-10   40.5   0.9   9  10      0.15     2e+02    2.1   0.0   292   321  1428  1457  1387  1462 0.91 -
evm.utg1177.2             -           1631 315044at33208        -            407   4.4e-10   40.5   0.9  10  10      0.16   2.2e+02    1.9   0.0   292   322  1512  1542  1508  1571 0.91 -
evm.utg72.33              -            509 315044at33208        -            407   5.1e-10   40.3   6.9   1  10       0.2   2.8e+02    1.6   0.1   295   343    14    61     9    64 0.79 -
evm.utg72.33              -            509 315044at33208        -            407   5.1e-10   40.3   6.9   2  10      0.01        14    5.9   0.1   294   347    55   107    49   136 0.86 -
evm.utg72.33              -            509 315044at33208        -            407   5.1e-10   40.3   6.9   3  10     0.016        23    5.2   0.0   295   342   144   190   140   196 0.86 -
evm.utg72.33              -            509 315044at33208        -            407   5.1e-10   40.3   6.9   4  10      0.05        70    3.6   0.0   293   341   184   231   180   238 0.79 -
evm.utg72.33              -            509 315044at33208        -            407   5.1e-10   40.3   6.9   5  10     0.052        73    3.5   0.0   295   346   228   278   219   285 0.85 -
evm.utg72.33              -            509 315044at33208        -            407   5.1e-10   40.3   6.9   6  10     0.018        25    5.0   0.0   292   324   267   299   261   311 0.86 -
evm.utg72.33              -            509 315044at33208        -            407   5.1e-10   40.3   6.9   7  10    0.0037       5.1    7.3   0.1   296   346   313   362   307   364 0.91 -
evm.utg72.33              -            509 315044at33208        -            407   5.1e-10   40.3   6.9   8  10     0.026        36    4.5   0.0   293   324   352   383   348   396 0.86 -
evm.utg72.33              -            509 315044at33208        -            407   5.1e-10   40.3   6.9   9  10    0.0023       3.2    8.0   0.0   296   346   397   446   388   453 0.92 -
evm.utg72.33              -            509 315044at33208        -            407   5.1e-10   40.3   6.9  10  10      0.17   2.3e+02    1.9   0.0   293   322   436   465   432   484 0.84 -
evm.utg239.13             -            313 315044at33208        -            407   5.8e-09   36.8   0.3   1   2    0.0073        10    6.3   0.0   269   327    27    86     6    92 0.83 -
evm.utg239.13             -            313 315044at33208        -            407   5.8e-09   36.8   0.3   2   2   2.3e-10   3.2e-07   31.0   0.5   213   321    70   182    69   185 0.88 -
evm.utg6551.2             -            815 315044at33208        -            407   1.2e-06   29.2   0.4   1   3       5.9   8.3e+03   -3.2   0.0   301   323   123   145   117   150 0.56 -
evm.utg6551.2             -            815 315044at33208        -            407   1.2e-06   29.2   0.4   2   3     0.052        72    3.5   0.0   173   231   484   539   478   548 0.84 -
evm.utg6551.2             -            815 315044at33208        -            407   1.2e-06   29.2   0.4   3   3   8.6e-10   1.2e-06   29.2   0.4   212   321   571   684   569   687 0.88 -
evm.utg8792.47            -            523 315044at33208        -            407   2.4e-06   28.2   0.4   1   2       3.2   4.5e+03   -2.4   0.1     8    39    91   121    88   182 0.59 -
evm.utg8792.47            -            523 315044at33208        -            407   2.4e-06   28.2   0.4   2   2   3.4e-09   4.8e-06   27.2   0.0   181   321   251   395   195   399 0.82 -
evm.utg7.34               -            889 315044at33208        -            407   5.5e-06   27.0   6.6   1   4   0.00035      0.49   10.7   0.1   216   321   484   591   480   595 0.89 -
evm.utg7.34               -            889 315044at33208        -            407   5.5e-06   27.0   6.6   2   4   0.00043       0.6   10.4   0.3   240   321   577   659   575   659 0.91 -
evm.utg7.34               -            889 315044at33208        -            407   5.5e-06   27.0   6.6   3   4   0.00069      0.96    9.7   0.1   205   320   641   759   638   773 0.85 -
evm.utg7.34               -            889 315044at33208        -            407   5.5e-06   27.0   6.6   4   4     0.025        34    4.6   0.1   203   299   781   873   763   882 0.72 -
evm.utg7.34.1.5c22f35d    -            887 315044at33208        -            407   5.7e-06   26.9   6.5   1   4   0.00035      0.49   10.7   0.1   216   321   484   591   480   595 0.89 -
evm.utg7.34.1.5c22f35d    -            887 315044at33208        -            407   5.7e-06   26.9   6.5   2   4    0.0002      0.28   11.4   0.4   240   322   577   660   575   662 0.91 -
evm.utg7.34.1.5c22f35d    -            887 315044at33208        -            407   5.7e-06   26.9   6.5   3   4   0.00068      0.95    9.7   0.2   205   320   641   759   636   772 0.85 -
evm.utg7.34.1.5c22f35d    -            887 315044at33208        -            407   5.7e-06   26.9   6.5   4   4     0.027        37    4.5   0.1   203   299   781   873   763   876 0.71 -
evm.utg72.34              -           1079 315044at33208        -            407   2.3e-05   24.9   2.6   1   6      0.14   1.9e+02    2.1   0.0   293   335   754   795   747   806 0.78 -
evm.utg72.34              -           1079 315044at33208        -            407   2.3e-05   24.9   2.6   2   6     0.071        99    3.1   0.0   294   346   797   848   789   850 0.86 -
evm.utg72.34              -           1079 315044at33208        -            407   2.3e-05   24.9   2.6   3   6     0.056        78    3.4   0.0   292   324   837   869   831   882 0.86 -
evm.utg72.34              -           1079 315044at33208        -            407   2.3e-05   24.9   2.6   4   6    0.0082        11    6.2   0.0   296   346   883   932   877   937 0.91 -
evm.utg72.34              -           1079 315044at33208        -            407   2.3e-05   24.9   2.6   5   6     0.059        82    3.3   0.0   292   324   921   953   915   964 0.86 -
evm.utg72.34              -           1079 315044at33208        -            407   2.3e-05   24.9   2.6   6   6    0.0057       7.9    6.7   0.0   296   346   967  1016   958  1025 0.91 -
evm.utg483.17             -           1444 315044at33208        -            407   5.6e-05   23.7  14.5   1  10       1.1   1.6e+03   -0.9   0.0   298   327   677   706   672   739 0.66 -
evm.utg483.17             -           1444 315044at33208        -            407   5.6e-05   23.7  14.5   2  10      0.03        41    4.3   1.2   179   322   847   998   842  1001 0.61 -
evm.utg483.17             -           1444 315044at33208        -            407   5.6e-05   23.7  14.5   3  10      0.15   2.1e+02    2.0   0.0   179   210  1015  1046  1012  1054 0.87 -
evm.utg483.17             -           1444 315044at33208        -            407   5.6e-05   23.7  14.5   4  10      0.25   3.5e+02    1.3   0.0   292   321  1094  1123  1052  1128 0.83 -
evm.utg483.17             -           1444 315044at33208        -            407   5.6e-05   23.7  14.5   5  10      0.25   3.5e+02    1.3   0.0   292   321  1178  1207  1131  1212 0.81 -
evm.utg483.17             -           1444 315044at33208        -            407   5.6e-05   23.7  14.5   6  10       8.5   1.2e+04   -3.8   0.0   181   323  1227  1251  1225  1254 0.55 -
evm.utg483.17             -           1444 315044at33208        -            407   5.6e-05   23.7  14.5   7  10      0.36   5.1e+02    0.7   0.0   292   321  1262  1291  1258  1304 0.88 -
evm.utg483.17             -           1444 315044at33208        -            407   5.6e-05   23.7  14.5   8  10      0.02        27    4.9   0.0   292   325  1304  1337  1285  1338 0.88 -
evm.utg483.17             -           1444 315044at33208        -            407   5.6e-05   23.7  14.5   9  10      0.23   3.2e+02    1.4   0.0   292   321  1346  1375  1343  1379 0.89 -
evm.utg483.17             -           1444 315044at33208        -            407   5.6e-05   23.7  14.5  10  10      0.15   2.1e+02    2.0   0.0   295   325  1391  1421  1386  1438 0.93 -
evm.utg1846.89.1.5c22ec31 -            934 315044at33208        -            407   0.00023   21.6  12.8   1   3     0.039        54    3.9   0.1   250   326    71   147    27   153 0.81 -
evm.utg1846.89.1.5c22ec31 -            934 315044at33208        -            407   0.00023   21.6  12.8   2   3     0.001       1.4    9.2   3.2   213   402   132   328   130   333 0.76 -
evm.utg1846.89.1.5c22ec31 -            934 315044at33208        -            407   0.00023   21.6  12.8   3   3   3.2e-05     0.045   14.1   0.8   203   302   360   463   337   479 0.84 -
evm.utg1846.89            -            984 315044at33208        -            407   0.00028   21.3  12.8   1   3     0.042        59    3.8   0.1   250   326    71   147    28   153 0.81 -
evm.utg1846.89            -            984 315044at33208        -            407   0.00028   21.3  12.8   2   3     0.001       1.4    9.2   3.1   213   402   132   328   130   333 0.76 -
evm.utg1846.89            -            984 315044at33208        -            407   0.00028   21.3  12.8   3   3   3.5e-05     0.049   14.0   0.8   203   302   360   463   337   479 0.84 -
evm.utg178.42             -           1037 315044at33208        -            407    0.0013   19.2   2.0   1   4      0.26   3.7e+02    1.2   0.0   179   204   810   835   803   847 0.90 -
evm.utg178.42             -           1037 315044at33208        -            407    0.0013   19.2   2.0   2   4     0.074     1e+02    3.0   0.0   295   327   893   925   888   936 0.76 -
evm.utg178.42             -           1037 315044at33208        -            407    0.0013   19.2   2.0   3   4    0.0025       3.5    7.8   0.1   296   321   936   961   931   964 0.93 -
evm.utg178.42             -           1037 315044at33208        -            407    0.0013   19.2   2.0   4   4     0.083   1.2e+02    2.9   0.0   294   321   976  1003   971  1006 0.90 -
evm.utg104.24             -            564 315044at33208        -            407    0.0027   18.1  10.9   1   3       1.1   1.5e+03   -0.8   0.5    67   103    55    91    32   101 0.76 -
evm.utg104.24             -            564 315044at33208        -            407    0.0027   18.1  10.9   2   3   0.00078       1.1    9.5   0.2   239   324   205   298   186   349 0.76 -
evm.utg104.24             -            564 315044at33208        -            407    0.0027   18.1  10.9   3   3   5.6e-05     0.078   13.3   0.6   140   230   441   535   429   550 0.80 -
evm.utg18019.4            -            603 315044at33208        -            407    0.0031   17.9   2.5   1   4      0.39   5.4e+02    0.7   0.1   305   353   134   186   117   241 0.76 -
evm.utg18019.4            -            603 315044at33208        -            407    0.0031   17.9   2.5   2   4      0.16   2.3e+02    1.9   0.0   288   324   268   304   251   320 0.81 -
evm.utg18019.4            -            603 315044at33208        -            407    0.0031   17.9   2.5   3   4      0.12   1.7e+02    2.3   0.0   212   234   324   346   312   360 0.87 -
evm.utg18019.4            -            603 315044at33208        -            407    0.0031   17.9   2.5   4   4    0.0016       2.2    8.5   0.1   202   268   497   562   488   564 0.89 -
evm.utg432.77             -            724 315044at33208        -            407    0.0054   17.1   3.1   1   2      0.24   3.4e+02    1.3   0.2   161   202   483   523   470   527 0.76 -
evm.utg432.77             -            724 315044at33208        -            407    0.0054   17.1   3.1   2   2   1.5e-05     0.021   15.2   0.2   297   352   561   620   554   664 0.70 -
evm.utg432.6              -            465 315044at33208        -            407    0.0075   16.6   0.6   1   3      0.14     2e+02    2.1   0.0   290   324   132   166   117   182 0.83 -
evm.utg432.6              -            465 315044at33208        -            407    0.0075   16.6   0.6   2   3      0.45   6.2e+02    0.4   0.1   212   233   186   207   166   216 0.79 -
evm.utg432.6              -            465 315044at33208        -            407    0.0075   16.6   0.6   3   3    0.0011       1.5    9.1   0.1   202   268   359   424   350   426 0.89 -
evm.utg6123.5             -           1366 315044at33208        -            407     0.019   15.3   1.2   1   4   1.4e-05     0.019   15.3   1.2   179   322   149   294   127   297 0.86 -
evm.utg6123.5             -           1366 315044at33208        -            407     0.019   15.3   1.2   2   4      0.08   1.1e+02    2.9   0.0   154   207   326   377   306   381 0.80 -
evm.utg6123.5             -           1366 315044at33208        -            407     0.019   15.3   1.2   3   4       3.4   4.7e+03   -2.4   0.0   171   207   543   577   522   591 0.70 -
evm.utg6123.5             -           1366 315044at33208        -            407     0.019   15.3   1.2   4   4      0.34   4.7e+02    0.9   0.1   180   292   670   778   666   817 0.76 -
evm.utg4907.30            -           1100 315044at33208        -            407     0.028   14.8   0.1   1   3       7.4     1e+04   -3.6   0.1   325   376    11    64     8    80 0.69 -
evm.utg4907.30            -           1100 315044at33208        -            407     0.028   14.8   0.1   2   3      0.59   8.2e+02    0.1   0.6   311   401   156   246   137   251 0.66 -
evm.utg4907.30            -           1100 315044at33208        -            407     0.028   14.8   0.1   3   3     2e-05     0.028   14.8   0.1   180   325   378   525   357   526 0.77 -
evm.utg950.23             -           1105 315044at33208        -            407     0.043   14.1   0.2   1   3      0.26   3.6e+02    1.2   0.7   305   401   150   246   133   253 0.68 -
evm.utg950.23             -           1105 315044at33208        -            407     0.043   14.1   0.2   2   3      0.76   1.1e+03   -0.3   0.1   235   323   229   323   216   330 0.69 -
evm.utg950.23             -           1105 315044at33208        -            407     0.043   14.1   0.2   3   3   3.1e-05     0.043   14.1   0.2   180   325   378   525   357   526 0.74 -
evm.utg714.4              -            855 315044at33208        -            407     0.081   13.2   0.0   1   1   0.00011      0.16   12.3   0.0   202   323   215   339   204   345 0.84 -
evm.utg1970.20            -            459 315044at33208        -            407      0.11   12.8   0.1   1   2      0.06        83    3.3   0.0   263   288    43    68    29   116 0.66 -
evm.utg1970.20            -            459 315044at33208        -            407      0.11   12.8   0.1   2   2    0.0062       8.6    6.6   0.1   255   288   215   248   202   288 0.88 -
evm.utg526.3.1.5c22f1d8   -            448 315044at33208        -            407      0.12   12.6   8.1   1   4   0.00035      0.48   10.7   0.1   179   215    33    69    27    81 0.81 -
evm.utg526.3.1.5c22f1d8   -            448 315044at33208        -            407      0.12   12.6   8.1   2   4     0.047        66    3.7   0.2     7    59    84   136    77   145 0.88 -
evm.utg526.3.1.5c22f1d8   -            448 315044at33208        -            407      0.12   12.6   8.1   3   4      0.15   2.1e+02    2.0   0.8   250   285   133   169    96   177 0.71 -
evm.utg526.3.1.5c22f1d8   -            448 315044at33208        -            407      0.12   12.6   8.1   4   4      0.74     1e+03   -0.3   0.1   162   168   245   251   199   311 0.59 -
evm.utg526.3              -            534 315044at33208        -            407      0.13   12.5   7.6   1   4   0.00033      0.46   10.8   0.1   178   215   118   155    98   167 0.81 -
evm.utg526.3              -            534 315044at33208        -            407      0.13   12.5   7.6   2   4     0.054        75    3.5   0.2     7    59   170   222   163   235 0.88 -
evm.utg526.3              -            534 315044at33208        -            407      0.13   12.5   7.6   3   4      0.35   4.8e+02    0.8   0.1   253   285   223   255   219   262 0.86 -
evm.utg526.3              -            534 315044at33208        -            407      0.13   12.5   7.6   4   4      0.97   1.3e+03   -0.7   0.1   162   168   331   337   285   395 0.58 -
evm.utg160.39             -            349 315044at33208        -            407      0.18   12.1   0.2   1   3      0.15     2e+02    2.0   0.0   238   287    12    61     5    65 0.89 -
evm.utg160.39             -            349 315044at33208        -            407      0.18   12.1   0.2   2   3    0.0057         8    6.7   0.1   287   361   111   178    90   187 0.79 -
evm.utg160.39             -            349 315044at33208        -            407      0.18   12.1   0.2   3   3       7.7   1.1e+04   -3.6   0.0   202   224   208   230   202   234 0.82 -
evm.utg790.2              -            362 315044at33208        -            407      0.18   12.1   0.2   1   2      0.76   1.1e+03   -0.3   0.4   264   320   111   170    79   207 0.80 -
evm.utg790.2              -            362 315044at33208        -            407      0.18   12.1   0.2   2   2   0.00013      0.18   12.1   0.2   211   307   242   342   226   355 0.74 -
evm.utg1302.32            -            591 315044at33208        -            407      0.23   11.7   0.1   1   2     0.086   1.2e+02    2.8   0.0   263   288    43    68    30   115 0.67 -
evm.utg1302.32            -            591 315044at33208        -            407      0.23   11.7   0.1   2   2    0.0083        12    6.2   0.1   254   288   214   248   201   290 0.88 -
evm.utg1056.51            -            685 315044at33208        -            407      0.26   11.6   1.5   1   3      0.22   3.1e+02    1.5   0.0   295   334   196   236   171   249 0.79 -
evm.utg1056.51            -            685 315044at33208        -            407      0.26   11.6   1.5   2   3    0.0028         4    7.7   0.0   205   265   238   302   225   306 0.83 -
evm.utg1056.51            -            685 315044at33208        -            407      0.26   11.6   1.5   3   3      0.77   1.1e+03   -0.3   0.1   291   321   427   457   396   506 0.79 -
evm.utg2601.34            -            144 315044at33208        -            407      0.39   11.0   5.7   1   2    0.0027       3.8    7.8   1.1    63   102    32    72    12    79 0.54 -
evm.utg2601.34            -            144 315044at33208        -            407      0.39   11.0   5.7   2   2     0.008        11    6.2   1.9    70    94    74    98    60   135 0.55 -
evm.utg729.56             -            546 315044at33208        -            407       1.6    8.9   4.7   1   3       4.4   6.1e+03   -2.8   0.0   207   228    87   108    56   121 0.55 -
evm.utg729.56             -            546 315044at33208        -            407       1.6    8.9   4.7   2   3    0.0054       7.5    6.8   2.0     5    44   270   309   265   344 0.73 -
evm.utg729.56             -            546 315044at33208        -            407       1.6    8.9   4.7   3   3      0.85   1.2e+03   -0.5   0.0   212   241   381   410   369   416 0.79 -
evm.utg729.56.1.5c22f3ac  -            420 315044at33208        -            407         2    8.6   4.0   1   2       2.7   3.8e+03   -2.1   0.0   207   229    87   109    55   123 0.55 -
evm.utg729.56.1.5c22f3ac  -            420 315044at33208        -            407         2    8.6   4.0   2   2    0.0039       5.4    7.2   2.1     5    44   270   309   265   344 0.73 -
evm.utg386.15.2.5c22f01c  -            569 315044at33208        -            407       2.1    8.6   2.6   1   1    0.0024       3.3    7.9   2.6    57   119    27    88    18    91 0.81 -
evm.utg386.15.1.5c22f01c  -            587 315044at33208        -            407       2.5    8.3   2.8   1   1    0.0029         4    7.7   2.8    56   119    44   106    35   109 0.81 -
#
# Program:         hmmsearch
# Version:         3.1b2 (February 2015)
# Pipeline mode:   SEARCH
# Query file:      /uoa/scratch/users/r02hw22/project_dark_genes/busco_downloads/lineages/metazoa_odb10/hmms/315044at33208.hmm
# Target file:     /uoa/scratch/users/r02hw22/project_dark_genes/00_raw/equina_smart.rnam-trna.merged.ggf.curated.remredun.aa.fa
# Option settings: hmmsearch --domtblout /uoa/scratch/users/r02hw22/project_dark_genes/equina_busco_proteins/run_metazoa_odb10/hmmer_output/initial_run_results/315044at33208.out --cpu 1 /uoa/scratch/users/r02hw22/project_dark_genes/busco_downloads/lineages/metazoa_odb10/hmms/315044at33208.hmm /uoa/scratch/users/r02hw22/project_dark_genes/00_raw/equina_smart.rnam-trna.merged.ggf.curated.remredun.aa.fa 
# Current dir:     /uoa/scratch/users/r02hw22/project_dark_genes
# Date:            Sat Apr 25 14:40:57 2026
# [ok]
