#                                                                                            --- full sequence --- -------------- this domain -------------   hmm coord   ali coord   env coord
# target name                        accession   tlen query name           accession   qlen   E-value  score  bias   #  of  c-Evalue  i-Evalue  score  bias  from    to  from    to  from    to  acc description of target
#                ------------------- ---------- ----- -------------------- ---------- ----- --------- ------ ----- --- --- --------- --------- ------ ----- ----- ----- ----- ----- ----- ----- ---- ---------------------
evm.utg910.12                        -           1070 323399at33208        -            418    6e-183  609.6   1.2   1   2     0.029       9.4    6.1   0.1     2    29     3    30     2    53 0.77 -
evm.utg910.12                        -           1070 323399at33208        -            418    6e-183  609.6   1.2   2   2  3.5e-183  1.1e-180  602.1   0.2    26   408   122   544   104   557 0.89 -
evm.utg9409.19                       -            721 323399at33208        -            418   9.9e-76  256.4   0.0   1   1   4.1e-78   1.4e-75  255.9   0.0    45   395   298   664   257   668 0.82 -
evm.utg9409.19.1.5c22f52b            -            721 323399at33208        -            418   9.9e-76  256.4   0.0   1   1   4.1e-78   1.4e-75  255.9   0.0    45   395   298   664   257   668 0.82 -
evm.utg1052.25.1.5c22e826            -            711 323399at33208        -            418   1.5e-75  255.8   0.4   1   1     1e-77   3.3e-75  254.6   0.4    58   405   192   556   163   572 0.88 -
evm.utg1052.25                       -            750 323399at33208        -            418   1.7e-75  255.6   0.4   1   1   1.2e-77   3.8e-75  254.5   0.4    58   405   192   556   163   572 0.88 -
evm.utg34.16                         -            973 323399at33208        -            418   2.1e-75  255.3   0.3   1   1     2e-77   6.5e-75  253.7   0.3    58   402   185   546   129   564 0.88 -
evm.utg2817.24                       -            755 323399at33208        -            418   1.6e-74  252.4   0.0   1   1   6.9e-77   2.3e-74  251.9   0.0    45   395   319   698   278   702 0.81 -
evm.utg738.21                        -           1086 323399at33208        -            418   1.4e-73  249.3   0.0   1   1   8.8e-76   2.9e-73  248.3   0.0    59   401   449   813   423   827 0.86 -
evm.utg6834.18                       -           1082 323399at33208        -            418   1.4e-73  249.3   0.0   1   1   9.2e-76     3e-73  248.2   0.0    59   403   445   811   419   823 0.86 -
evm.utg4383.15                       -            642 323399at33208        -            418   1.1e-70  239.7   0.3   1   1   5.1e-73   1.7e-70  239.2   0.3    15   409   179   615   171   626 0.76 -
evm.utg280.35.1.5c22ee3f             -            592 323399at33208        -            418   5.1e-70  237.6   0.0   1   1   2.8e-72   9.1e-70  236.7   0.0    52   403   197   586   157   590 0.81 -
evm.utg280.35                        -            655 323399at33208        -            418   6.3e-70  237.3   0.0   1   1   3.3e-72   1.1e-69  236.5   0.0    52   404   197   587   157   592 0.81 -
evm.utg693.8                         -            713 323399at33208        -            418   6.7e-70  237.2   0.0   1   1   2.8e-72   9.3e-70  236.7   0.0    17   405   105   529    92   537 0.83 -
evm.utg31304.7                       -            707 323399at33208        -            418   8.3e-70  236.9   0.0   1   1   3.4e-72   1.1e-69  236.4   0.0    17   405   108   532    95   540 0.83 -
evm.utg790.44                        -            655 323399at33208        -            418     2e-69  235.6   0.0   1   1     1e-71   3.4e-69  234.8   0.0    52   404   196   586   156   591 0.81 -
evm.utg2303.9                        -            413 323399at33208        -            418   6.9e-69  233.8   2.8   1   1   3.1e-71     1e-68  233.3   2.8    59   382    60   395    55   410 0.91 -
evm.utg86.18                         -            413 323399at33208        -            418   8.7e-69  233.5   2.8   1   1   3.8e-71   1.3e-68  233.0   2.8    59   381    60   394    53   410 0.91 -
evm.utg4576.32                       -            705 323399at33208        -            418   2.2e-68  232.2   0.0   1   1   1.2e-70     4e-68  231.4   0.0    29   406   176   587   159   598 0.82 -
evm.utg1609.78                       -            745 323399at33208        -            418   8.2e-68  230.3   0.0   1   1   4.3e-70   1.4e-67  229.5   0.0    29   406   216   627   198   638 0.82 -
evm.utg4576.42                       -            788 323399at33208        -            418   6.1e-67  227.4   0.0   1   2   7.4e-29   2.4e-26   93.7   0.0     9   196   318   537   312   545 0.74 -
evm.utg4576.42                       -            788 323399at33208        -            418   6.1e-67  227.4   0.0   2   2   2.9e-40   9.4e-38  131.3   0.0   201   374   567   740   555   771 0.94 -
evm.utg1663.5                        -            788 323399at33208        -            418   1.4e-66  226.3   0.0   1   2   7.4e-29   2.4e-26   93.7   0.0     9   196   318   537   312   545 0.74 -
evm.utg1663.5                        -            788 323399at33208        -            418   1.4e-66  226.3   0.0   2   2   6.5e-40   2.1e-37  130.1   0.0   201   374   567   740   555   771 0.94 -
evm.utg1663.5.1.5c22eba0             -            777 323399at33208        -            418   1.4e-66  226.2   0.0   1   2   7.2e-29   2.4e-26   93.7   0.0     9   196   318   537   312   545 0.74 -
evm.utg1663.5.1.5c22eba0             -            777 323399at33208        -            418   1.4e-66  226.2   0.0   2   2   6.9e-40   2.3e-37  130.0   0.0   201   373   567   739   555   758 0.95 -
evm.utg910.189                       -            775 323399at33208        -            418   1.1e-65  223.4   0.0   1   1   6.1e-68     2e-65  222.4   0.0    59   403   312   677   256   686 0.82 -
evm.utg637.28                        -            400 323399at33208        -            418   1.1e-65  223.3   0.1   1   1   4.3e-68   1.4e-65  222.9   0.1    65   409     1   373     1   384 0.79 -
evm.utg35.18                         -            432 323399at33208        -            418     7e-65  220.7   0.3   1   1     3e-67     1e-64  220.1   0.3    59   389    70   409    64   425 0.91 -
evm.utg30804.2                       -            433 323399at33208        -            418   9.4e-65  220.2   0.3   1   1   4.1e-67   1.3e-64  219.7   0.3    59   389    70   409    64   427 0.91 -
evm.utg622.103                       -            445 323399at33208        -            418   3.2e-63  215.2   0.5   1   1   1.2e-65     4e-63  214.9   0.5    59   391    36   379     9   413 0.85 -
evm.utg622.103.1.5c22f2ee            -            410 323399at33208        -            418   3.8e-63  214.9   0.2   1   1   1.5e-65   4.9e-63  214.6   0.2    59   387    36   375     9   397 0.87 -
evm.utg861.25                        -            433 323399at33208        -            418   3.1e-62  211.9   0.3   1   1   1.2e-64   3.9e-62  211.6   0.3    59   396    57   405    24   422 0.91 -
evm.utg45299.4                       -            555 323399at33208        -            418   2.1e-61  209.2   0.0   1   2   9.5e-19   3.1e-16   60.4   0.0    16   132    37   172    31   191 0.75 -
evm.utg45299.4                       -            555 323399at33208        -            418   2.1e-61  209.2   0.0   2   2     6e-45     2e-42  146.7   0.0   141   372   275   510   258   544 0.87 -
evm.utg761.5                         -            547 323399at33208        -            418   2.3e-61  209.1   0.0   1   2   5.8e-19   1.9e-16   61.1   0.0    16   135    37   175    31   190 0.75 -
evm.utg761.5                         -            547 323399at33208        -            418   2.3e-61  209.1   0.0   2   2   1.1e-44   3.7e-42  145.8   0.0   141   372   267   502   252   533 0.89 -
evm.utg715.74.2.5c22f38d             -            641 323399at33208        -            418   2.3e-61  209.1   0.1   1   1   1.1e-63   3.5e-61  208.5   0.1    59   375   103   433    57   439 0.86 -
evm.utg715.74.1.5c22f38d             -            751 323399at33208        -            418   3.5e-61  208.5   0.2   1   1   1.6e-63   5.4e-61  207.8   0.2    59   375   103   433    58   439 0.86 -
evm.utg715.74                        -            819 323399at33208        -            418   3.8e-61  208.4   0.2   1   1     2e-63   6.6e-61  207.6   0.2    59   375   103   433    58   439 0.86 -
evm.utg3284.30                       -           1140 323399at33208        -            418   5.4e-61  207.8   0.0   1   1   2.4e-63     8e-61  207.3   0.0    58   396   676  1038   651  1043 0.83 -
evm.utg4326.50                       -            730 323399at33208        -            418   5.7e-59  201.2   0.0   1   2   3.7e-18   1.2e-15   58.5   0.0    16   132    37   172    31   190 0.75 -
evm.utg4326.50                       -            730 323399at33208        -            418   5.7e-59  201.2   0.0   2   2   4.5e-43   1.5e-40  140.5   0.0   141   389   275   525   258   558 0.83 -
evm.utg577.42                        -            449 323399at33208        -            418   8.5e-58  197.3   0.3   1   1   3.4e-60   1.1e-57  196.9   0.3    59   380    42   375    28   420 0.88 -
evm.utg798.34.3.5c22f457             -            713 323399at33208        -            418   1.6e-52  179.9   0.0   1   1   9.2e-55     3e-52  179.0   0.0    59   399    73   431    15   450 0.82 -
evm.utg798.34.1.5c22f457             -            768 323399at33208        -            418   1.9e-52  179.7   0.0   1   1   1.1e-54   3.7e-52  178.7   0.0    59   399    73   431    15   449 0.82 -
evm.utg798.34                        -            772 323399at33208        -            418   1.9e-52  179.7   0.0   1   1   1.1e-54   3.8e-52  178.7   0.0    59   399    73   431    15   449 0.82 -
evm.utg77.7                          -            591 323399at33208        -            418   2.7e-50  172.6   0.0   1   1   1.5e-52   4.9e-50  171.7   0.0    59   372    27   373    16   421 0.79 -
evm.utg7821.45                       -            718 323399at33208        -            418   4.1e-50  172.0   0.2   1   1   1.7e-52   5.5e-50  171.6   0.2   147   397     5   259     1   270 0.89 -
evm.utg798.34.2.5c22f457             -            678 323399at33208        -            418     6e-47  161.6   0.0   1   1   1.8e-49     6e-47  161.6   0.0    78   399     2   341     1   360 0.83 -
evm.utg31304.7.1.5c22eed4            -            491 323399at33208        -            418   1.5e-46  160.2   0.0   1   1     6e-49     2e-46  159.9   0.0    17   330   108   454    95   483 0.82 -
evm.utg109.118                       -            547 323399at33208        -            418   2.1e-45  156.5   0.4   1   2   7.5e-31   2.5e-28  100.3   0.1    59   313    31   304    23   317 0.78 -
evm.utg109.118                       -            547 323399at33208        -            418   2.1e-45  156.5   0.4   2   2   6.7e-17   2.2e-14   54.3   0.0   325   384   341   399   338   438 0.82 -
evm.utg1272.60.1.5c22e9be            -            370 323399at33208        -            418   2.9e-45  156.0   0.2   1   1   1.1e-47   3.7e-45  155.7   0.2    59   371     5   336     3   367 0.85 -
evm.utg1272.60                       -            495 323399at33208        -            418   5.8e-45  155.0   0.1   1   1   2.3e-47   7.6e-45  154.6   0.1    59   371   130   461   107   492 0.86 -
evm.utg1205.31                       -            963 323399at33208        -            418   1.3e-44  153.9   0.0   1   1   6.2e-47     2e-44  153.2   0.0    59   372    47   378    32   421 0.87 -
evm.utg868.110.1.5c22f4c3            -            625 323399at33208        -            418   2.7e-44  152.8   0.0   1   2     9e-26     3e-23   83.5   0.0    55   222   149   341   135   361 0.73 -
evm.utg868.110.1.5c22f4c3            -            625 323399at33208        -            418   2.7e-44  152.8   0.0   2   2   8.3e-21   2.7e-18   67.2   0.0   294   375   443   524   367   572 0.80 -
evm.utg868.110                       -            694 323399at33208        -            418   3.8e-44  152.4   0.0   1   2   1.1e-25   3.6e-23   83.2   0.0    55   222   149   341   135   361 0.73 -
evm.utg868.110                       -            694 323399at33208        -            418   3.8e-44  152.4   0.0   2   2   9.9e-21   3.2e-18   66.9   0.0   294   375   443   524   367   572 0.80 -
evm.utg5454.3                        -            526 323399at33208        -            418   1.3e-42  147.3   2.2   1   2   2.3e-35   7.7e-33  115.1   0.0    59   287    82   328    76   339 0.80 -
evm.utg5454.3                        -            526 323399at33208        -            418   1.3e-42  147.3   2.2   2   2   4.1e-10   1.4e-07   31.9   0.0   321   398   337   414   330   436 0.81 -
evm.utg116.128                       -            913 323399at33208        -            418   1.2e-41  144.1   1.0   1   2     1e-23   3.4e-21   76.8   0.1    56   193   518   673   507   683 0.78 -
evm.utg116.128                       -            913 323399at33208        -            418   1.2e-41  144.1   1.0   2   2   2.1e-20     7e-18   65.8   0.1   258   384   752   885   737   911 0.78 -
evm.utg16036.45                      -            631 323399at33208        -            418   4.7e-41  142.2   4.0   1   2   1.6e-17   5.2e-15   56.4   0.9    81   198   181   316   117   322 0.79 -
evm.utg16036.45                      -            631 323399at33208        -            418   4.7e-41  142.2   4.0   2   2   3.8e-26   1.2e-23   84.8   0.0   256   393   436   575   422   604 0.82 -
evm.utg31304.7.1.5c22eed4.1.5c279361 -            453 323399at33208        -            418   3.8e-40  139.2   0.0   1   1   1.6e-42   5.2e-40  138.7   0.0    17   308   108   432    95   443 0.81 -
evm.utg32107.7                       -            756 323399at33208        -            418   4.6e-40  138.9   0.3   1   3   6.2e-15     2e-12   47.8   0.0    55   130   118   199   103   207 0.83 -
evm.utg32107.7                       -            756 323399at33208        -            418   4.6e-40  138.9   0.3   2   3   1.5e-06   0.00048   20.3   0.1   151   222   320   400   304   420 0.74 -
evm.utg32107.7                       -            756 323399at33208        -            418   4.6e-40  138.9   0.3   3   3     8e-21   2.6e-18   67.2   0.0   294   400   505   615   433   634 0.80 -
evm.utg1708.9                        -            733 323399at33208        -            418   3.3e-38  132.8   0.0   1   3   1.2e-10   3.9e-08   33.7   0.0    59   103   210   255   165   259 0.87 -
evm.utg1708.9                        -            733 323399at33208        -            418   3.3e-38  132.8   0.0   2   3   1.7e-13   5.5e-11   43.1   0.0   105   203   281   391   275   399 0.77 -
evm.utg1708.9                        -            733 323399at33208        -            418   3.3e-38  132.8   0.0   3   3   5.7e-16   1.9e-13   51.2   0.0   269   383   502   616   496   652 0.85 -
evm.utg14.91                         -            321 323399at33208        -            418   3.9e-37  129.3   0.4   1   1   1.8e-39     6e-37  128.6   0.1   143   380     7   247     2   272 0.88 -
evm.utg20076.12                      -            321 323399at33208        -            418   3.9e-37  129.3   0.4   1   1   1.8e-39     6e-37  128.6   0.1   143   380     7   247     2   272 0.88 -
evm.utg1609.78.1.5c22eb6f            -            583 323399at33208        -            418   9.4e-37  128.0   0.0   1   1   5.5e-39   1.8e-36  127.0   0.0    28   242   215   459   198   468 0.77 -
evm.utg750.13                        -            760 323399at33208        -            418   4.8e-36  125.6   7.9   1   3   1.7e-10   5.5e-08   33.2   0.0    59   104   211   257   195   263 0.89 -
evm.utg750.13                        -            760 323399at33208        -            418   4.8e-36  125.6   7.9   2   3   1.6e-13   5.4e-11   43.1   0.0   105   203   282   392   275   401 0.77 -
evm.utg750.13                        -            760 323399at33208        -            418   4.8e-36  125.6   7.9   3   3   2.4e-16   7.7e-14   52.5   0.0   269   415   503   657   497   660 0.79 -
evm.utg715.56                        -            693 323399at33208        -            418   6.1e-36  125.3   0.0   1   1   3.5e-38   1.2e-35  124.4   0.0    89   387   143   464   137   470 0.78 -
evm.utg1372.2                        -            321 323399at33208        -            418   1.2e-35  124.4   0.3   1   1   4.7e-38   1.6e-35  124.0   0.1   143   380     7   247     2   285 0.86 -
evm.utg280.35.1.5c22ee3f.1.5c2792ec  -            454 323399at33208        -            418   4.1e-34  119.3   0.0   1   1   2.7e-36   8.9e-34  118.2   0.0    52   273   197   452   176   453 0.75 -
evm.utg4271.24                       -            571 323399at33208        -            418   1.4e-31  111.0   0.3   1   2   3.6e-20   1.2e-17   65.1   0.0    49   181   184   327   133   334 0.68 -
evm.utg4271.24                       -            571 323399at33208        -            418   1.4e-31  111.0   0.3   2   2   9.3e-14   3.1e-11   43.9   0.0   258   372   431   548   420   559 0.86 -
evm.utg910.189.1.5c22f4fd            -            587 323399at33208        -            418   7.1e-31  108.6   0.5   1   1   3.1e-33     1e-30  108.1   0.0    59   300   312   571   255   584 0.79 -
evm.utg73.123                        -            229 323399at33208        -            418   1.9e-27   97.3   0.2   1   1   7.3e-30   2.4e-27   97.0   0.2   187   379     7   202     2   221 0.85 -
evm.utg3092.62                       -            587 323399at33208        -            418   1.2e-25   91.4   0.0   1   1   3.8e-28   1.2e-25   91.4   0.0   165   399     8   245     5   264 0.84 -
evm.utg1290.22                       -            468 323399at33208        -            418   8.3e-23   82.0   0.1   1   2   8.4e-06    0.0028   17.7   0.0    90   184    15   115    10   153 0.80 -
evm.utg1290.22                       -            468 323399at33208        -            418   8.3e-23   82.0   0.1   2   2   3.4e-19   1.1e-16   61.9   0.1   295   381   341   426   333   454 0.88 -
evm.utg1205.31.1.5c22e93e            -            802 323399at33208        -            418     4e-22   79.8   0.0   1   1   1.7e-24   5.7e-22   79.3   0.0   259   372   104   217    36   263 0.87 -
evm.utg126.149.1.5c22e9a2            -           2198 323399at33208        -            418   5.9e-22   79.3   1.1   1   4   1.2e-10     4e-08   33.7   0.4    71   186   505   638   444   677 0.72 -
evm.utg126.149.1.5c22e9a2            -           2198 323399at33208        -            418   5.9e-22   79.3   1.1   2   4     0.019       6.4    6.7   0.0   296   338   799   841   779   875 0.81 -
evm.utg126.149.1.5c22e9a2            -           2198 323399at33208        -            418   5.9e-22   79.3   1.1   3   4   9.6e-09   3.2e-06   27.4   0.0    52   178  1335  1472  1322  1480 0.77 -
evm.utg126.149.1.5c22e9a2            -           2198 323399at33208        -            418   5.9e-22   79.3   1.1   4   4     0.033        11    5.9   0.0   295   339  1635  1679  1627  1723 0.77 -
evm.utg1005.80                       -            366 323399at33208        -            418     4e-20   73.2   0.1   1   1   1.9e-22   6.3e-20   72.6   0.1   292   369   169   246   161   254 0.94 -
evm.utg637.29.1.5c22f302.1.5c2796da  -            754 323399at33208        -            418   1.4e-18   68.1   0.3   1   1   2.1e-20     7e-18   65.8   0.3    63   384    96   436    87   462 0.76 -
evm.utg637.29.1.5c22f302             -           1032 323399at33208        -            418     3e-18   67.1   0.2   1   1   3.9e-20   1.3e-17   65.0   0.2    63   384   562   902   553   929 0.76 -
evm.utg125.71                        -           2133 323399at33208        -            418   3.4e-18   66.8   0.1   1   3     1e-08   3.3e-06   27.4   0.1    63   186   476   618   469   726 0.72 -
evm.utg125.71                        -           2133 323399at33208        -            418   3.4e-18   66.8   0.1   2   3       7.5   2.5e+03   -1.9   0.0   295   331   777   813   765   821 0.86 -
evm.utg125.71                        -           2133 323399at33208        -            418   3.4e-18   66.8   0.1   3   3   4.8e-11   1.6e-08   35.0   0.0    50   178  1309  1449  1303  1572 0.77 -
evm.utg637.29                        -           1220 323399at33208        -            418   4.5e-18   66.4   0.2   1   1   5.4e-20   1.8e-17   64.5   0.2    63   384   562   902   553   929 0.76 -
evm.utg1290.22.1.5c22ea09            -            407 323399at33208        -            418   5.4e-18   66.2   0.2   1   2      0.75   2.5e+02    1.4   0.0   146   184    17    54     9    97 0.82 -
evm.utg1290.22.1.5c22ea09            -            407 323399at33208        -            418   5.4e-18   66.2   0.2   2   2   2.7e-19   8.8e-17   62.2   0.1   295   381   280   365   272   393 0.88 -
evm.utg126.149.2.5c22e9a2            -           1829 323399at33208        -            418   6.9e-17   62.5   2.6   1   4   9.6e-11   3.2e-08   34.0   0.4    71   186   269   402   208   441 0.72 -
evm.utg126.149.2.5c22e9a2            -           1829 323399at33208        -            418   6.9e-17   62.5   2.6   2   4     0.016       5.2    6.9   0.0   296   338   563   605   543   639 0.81 -
evm.utg126.149.2.5c22e9a2            -           1829 323399at33208        -            418   6.9e-17   62.5   2.6   3   4   0.00076      0.25   11.3   0.0    52    99  1099  1147  1086  1157 0.78 -
evm.utg126.149.2.5c22e9a2            -           1829 323399at33208        -            418   6.9e-17   62.5   2.6   4   4     0.026       8.7    6.2   0.0   295   339  1266  1310  1258  1354 0.77 -
evm.utg162231.2                      -            496 323399at33208        -            418   9.1e-17   62.2   0.0   1   2   7.8e-10   2.6e-07   31.0   0.0    59   101    25    67    13    74 0.90 -
evm.utg162231.2                      -            496 323399at33208        -            418   9.1e-17   62.2   0.0   2   2   3.7e-09   1.2e-06   28.8   0.0   105   196   265   368   258   399 0.72 -
evm.utg126.149                       -           2065 323399at33208        -            418   1.2e-16   61.8   2.6   1   4   1.1e-10   3.7e-08   33.8   0.4    71   186   505   638   444   677 0.72 -
evm.utg126.149                       -           2065 323399at33208        -            418   1.2e-16   61.8   2.6   2   4     0.018         6    6.8   0.0   296   338   799   841   779   875 0.81 -
evm.utg126.149                       -           2065 323399at33208        -            418   1.2e-16   61.8   2.6   3   4   0.00086      0.28   11.1   0.0    52    99  1335  1383  1322  1393 0.78 -
evm.utg126.149                       -           2065 323399at33208        -            418   1.2e-16   61.8   2.6   4   4      0.03        10    6.0   0.0   295   339  1502  1546  1494  1590 0.77 -
evm.utg27.92                         -            684 323399at33208        -            418     7e-16   59.2   0.0   1   1   3.8e-18   1.3e-15   58.4   0.0     4   400   221   641   219   656 0.80 -
evm.utg1465.62                       -            563 323399at33208        -            418   1.4e-15   58.3   0.0   1   2     1e-05    0.0035   17.4   0.0    46   158    24   140    15   189 0.67 -
evm.utg1465.62                       -            563 323399at33208        -            418   1.4e-15   58.3   0.0   2   2   4.1e-12   1.4e-09   38.5   0.0   292   383   312   405   304   420 0.90 -
evm.utg4383.18                       -            669 323399at33208        -            418   1.5e-15   58.1   0.0   1   1   4.7e-18   1.5e-15   58.1   0.0   170   384   134   351   106   378 0.88 -
evm.utg1253.71                       -            610 323399at33208        -            418   2.3e-15   57.5   0.0   1   2   1.5e-05    0.0051   16.9   0.0    46   158    24   140    15   188 0.69 -
evm.utg1253.71                       -            610 323399at33208        -            418   2.3e-15   57.5   0.0   2   2   4.7e-12   1.6e-09   38.3   0.0   292   383   312   405   304   420 0.90 -
evm.utg26120.6                       -            126 323399at33208        -            418   2.4e-15   57.4   0.1   1   1   8.4e-18   2.8e-15   57.3   0.1   325   408     1    88     1    99 0.80 -
evm.utg9023.13                       -           1495 323399at33208        -            418   2.3e-14   54.3   0.5   1   3    0.0071       2.3    8.1   0.0    64   190   636   775   631   787 0.75 -
evm.utg9023.13                       -           1495 323399at33208        -            418   2.3e-14   54.3   0.5   2   3   2.9e-12   9.4e-10   39.1   0.0   294   369   922   997   916  1038 0.90 -
evm.utg9023.13                       -           1495 323399at33208        -            418   2.3e-14   54.3   0.5   3   3      0.55   1.8e+02    1.9   0.1   178   237  1337  1396  1331  1403 0.89 -
evm.utg910.189.1.5c22f4fd.1.5c27987c -            435 323399at33208        -            418   7.9e-14   52.5   0.0   1   1   2.4e-16   7.9e-14   52.5   0.0    43   128   284   387   254   411 0.75 -
evm.utg9227.12                       -            843 323399at33208        -            418   1.5e-13   51.6   0.0   1   2    0.0027      0.88    9.5   0.0    64   191   196   336   175   347 0.79 -
evm.utg9227.12                       -            843 323399at33208        -            418   1.5e-13   51.6   0.0   2   2   5.3e-12   1.7e-09   38.2   0.0   294   369   482   557   476   601 0.90 -
evm.utg436.49                        -           1493 323399at33208        -            418   4.4e-13   50.0   3.1   1   3     0.013       4.2    7.3   0.0    64   190   631   770   609   782 0.70 -
evm.utg436.49                        -           1493 323399at33208        -            418   4.4e-13   50.0   3.1   2   3   4.6e-12   1.5e-09   38.4   0.0   294   366   917   989   911   997 0.92 -
evm.utg436.49                        -           1493 323399at33208        -            418   4.4e-13   50.0   3.1   3   3      0.91     3e+02    1.2   0.1   178   237  1335  1394  1329  1401 0.89 -
evm.utg73.124                        -            188 323399at33208        -            418   4.9e-13   49.9   0.1   1   1     2e-15   6.5e-13   49.5   0.1    59   163    69   184    61   186 0.81 -
evm.utg17379.1.1.5c22ebd9            -           1090 323399at33208        -            418   6.7e-13   49.4   0.0   1   1   9.1e-15     3e-12   47.3   0.0    59   344   677   998   671  1005 0.73 -
evm.utg17379.1                       -           1321 323399at33208        -            418     1e-12   48.8   0.0   1   1   1.3e-14   4.4e-12   46.7   0.0    59   344   677   998   672  1003 0.73 -
evm.utg15716.7                       -            653 323399at33208        -            418     2e-12   47.8   0.1   1   2    0.0026      0.86    9.5   0.0    60   188    87   227    51   256 0.67 -
evm.utg15716.7                       -            653 323399at33208        -            418     2e-12   47.8   0.1   2   2   2.1e-11   6.9e-09   36.2   0.0   267   371   312   416   293   453 0.87 -
evm.utg3235.22                       -           1214 323399at33208        -            418   4.1e-12   46.8   0.0   1   1   4.9e-14   1.6e-11   44.9   0.0    62   392    57   410    46   429 0.79 -
evm.utg514.11                        -           2133 323399at33208        -            418   5.7e-12   46.4   0.0   1   1   7.1e-14   2.3e-11   44.3   0.0    59   344   677   998   671  1002 0.72 -
evm.utg16050.17.1.5c22eb66           -           1615 323399at33208        -            418   7.6e-12   45.9   0.0   1   1   8.4e-14   2.8e-11   44.1   0.0    59   344   677   998   671  1002 0.73 -
evm.utg16050.17.2.5c22eb66           -           2176 323399at33208        -            418   1.4e-11   45.1   0.0   1   1   1.3e-13   4.4e-11   43.4   0.0    59   344   677   998   671  1002 0.73 -
evm.utg16050.17                      -           2178 323399at33208        -            418   1.4e-11   45.1   0.0   1   1   1.3e-13   4.4e-11   43.4   0.0    59   344   677   998   671  1002 0.73 -
evm.utg5960.4                        -            632 323399at33208        -            418   2.5e-11   44.3   0.2   1   3   0.00016     0.051   13.6   0.0    62   119    27    87    16    96 0.80 -
evm.utg5960.4                        -            632 323399at33208        -            418   2.5e-11   44.3   0.2   2   3   1.6e-08   5.4e-06   26.7   0.0   292   387   303   404   299   423 0.81 -
evm.utg5960.4                        -            632 323399at33208        -            418   2.5e-11   44.3   0.2   3   3       3.1     1e+03   -0.6   0.1   127   159   483   517   467   530 0.68 -
evm.utg19612.3                       -           1598 323399at33208        -            418   1.5e-10   41.7   0.2   1   3      0.53   1.7e+02    1.9   0.0   137   186    30    83    17   191 0.71 -
evm.utg19612.3                       -           1598 323399at33208        -            418   1.5e-10   41.7   0.2   2   3       5.2   1.7e+03   -1.3   0.0   294   331   241   278   224   286 0.86 -
evm.utg19612.3                       -           1598 323399at33208        -            418   1.5e-10   41.7   0.2   3   3   4.1e-11   1.3e-08   35.2   0.0    60   179   785   915   770  1037 0.68 -
evm.utg1919.14                       -           2556 323399at33208        -            418   4.9e-10   40.0   0.1   1   2     0.001      0.33   10.9   0.0    76   226   131   289   109   303 0.73 -
evm.utg1919.14                       -           2556 323399at33208        -            418   4.9e-10   40.0   0.1   2   2   2.3e-08   7.4e-06   26.2   0.0   300   369   571   639   566   658 0.90 -
evm.utg1285.85                       -            987 323399at33208        -            418   7.5e-10   39.4   0.6   1   2   2.2e-06   0.00073   19.6   0.0    68   178   306   426   294   433 0.73 -
evm.utg1285.85                       -            987 323399at33208        -            418   7.5e-10   39.4   0.6   2   2   8.8e-06    0.0029   17.7   0.1   299   364   709   777   706   836 0.67 -
evm.utg699.32                        -           1145 323399at33208        -            418   1.7e-09   38.2   0.0   1   1   1.7e-11   5.6e-09   36.5   0.0    82   387     2   329     1   353 0.73 -
evm.utg729.140                       -           1516 323399at33208        -            418   1.7e-09   38.2   0.0   1   2     0.018         6    6.8   0.0    59   178    33   168    25   174 0.64 -
evm.utg729.140                       -           1516 323399at33208        -            418   1.7e-09   38.2   0.0   2   2   3.8e-09   1.2e-06   28.8   0.0   298   356   444   502   441   507 0.93 -
evm.utg1734.27                       -            293 323399at33208        -            418   1.8e-09   38.1   0.0   1   1   8.2e-12   2.7e-09   37.5   0.0   295   387     6   100     3   119 0.87 -
evm.utg1571.14                       -           1118 323399at33208        -            418   2.7e-09   37.5   1.6   1   2   7.5e-05     0.025   14.6   0.1    33   178   386   554   354   570 0.66 -
evm.utg1571.14                       -           1118 323399at33208        -            418   2.7e-09   37.5   1.6   2   2   7.6e-07   0.00025   21.2   0.1   300   356   846   902   842   974 0.86 -
evm.utg1277.7                        -           1016 323399at33208        -            418   2.9e-09   37.4   1.3   1   2   3.8e-11   1.2e-08   35.4   0.1    62   218   116   268   111   283 0.84 -
evm.utg1277.7                        -           1016 323399at33208        -            418   2.9e-09   37.4   1.3   2   2       2.5   8.1e+02   -0.3   0.0   311   368   444   509   428   515 0.64 -
evm.utg1721.11                       -            620 323399at33208        -            418   4.5e-09   36.8   0.0   1   2     0.029       9.7    6.1   0.0    54   125    34   110    17   173 0.75 -
evm.utg1721.11                       -            620 323399at33208        -            418   4.5e-09   36.8   0.0   2   2   4.4e-09   1.5e-06   28.5   0.0   292   384   325   419   306   431 0.87 -
evm.utg594.46                        -           1418 323399at33208        -            418   4.6e-09   36.8   0.3   1   1   6.7e-11   2.2e-08   34.5   0.3    61   368   836  1168   832  1178 0.73 -
evm.utg9150.15                       -           1243 323399at33208        -            418     5e-09   36.7   0.2   1   2   1.2e-10     4e-08   33.7   0.1    23   210   254   448   235   473 0.75 -
evm.utg9150.15                       -           1243 323399at33208        -            418     5e-09   36.7   0.2   2   2       1.8   5.9e+02    0.2   0.0   311   367   642   703   615   720 0.58 -
evm.utg5370.19                       -             84 323399at33208        -            418   7.4e-09   36.1   0.1   1   1   2.3e-11   7.5e-09   36.1   0.1   296   371     3    80     1    83 0.90 -
evm.utg8609.11                       -           1035 323399at33208        -            418   7.8e-09   36.0   4.9   1   2     3e-05    0.0099   15.9   0.2    35   178   393   544   368   560 0.71 -
evm.utg8609.11                       -           1035 323399at33208        -            418   7.8e-09   36.0   4.9   2   2   7.1e-07   0.00023   21.3   0.1   300   356   836   892   832   964 0.87 -
evm.utg1285.90                       -           1148 323399at33208        -            418   8.3e-09   35.9   0.6   1   2    0.0067       2.2    8.2   0.3    64   177   472   604   461   613 0.59 -
evm.utg1285.90                       -           1148 323399at33208        -            418   8.3e-09   35.9   0.6   2   2   6.6e-08   2.2e-05   24.7   0.0   299   356   883   940   867  1011 0.93 -
evm.utg4695.27                       -            210 323399at33208        -            418   1.5e-08   35.1   0.1   1   2       1.6   5.3e+02    0.3   0.0   159   177    58    78    45   108 0.73 -
evm.utg4695.27                       -            210 323399at33208        -            418   1.5e-08   35.1   0.1   2   2   2.9e-10   9.4e-08   32.5   0.0   294   358   123   188   117   195 0.93 -
evm.utg11411.7                       -           2161 323399at33208        -            418   1.6e-08   35.0   0.3   1   1   1.6e-10   5.2e-08   33.3   0.3    61   368   918  1250   914  1261 0.73 -
evm.utg19590.8                       -            240 323399at33208        -            418   1.8e-08   34.8   0.0   1   1   7.9e-11   2.6e-08   34.3   0.0   296   383     3    92     1   112 0.88 -
evm.utg347.21                        -            609 323399at33208        -            418   2.1e-08   34.6   0.0   1   2      0.16        54    3.6   0.0    63   124    31    98    21   139 0.72 -
evm.utg347.21                        -            609 323399at33208        -            418   2.1e-08   34.6   0.0   2   2   4.3e-09   1.4e-06   28.6   0.0   292   384   314   408   295   420 0.87 -
evm.utg920.8                         -            607 323399at33208        -            418   4.3e-08   33.6   0.1   1   1   2.1e-10     7e-08   32.9   0.1   298   383    67   155    21   167 0.78 -
evm.utg1463.24                       -            609 323399at33208        -            418   5.7e-08   33.2   0.0   1   2      0.32   1.1e+02    2.6   0.0    63    94    31    62    21   138 0.71 -
evm.utg1463.24                       -            609 323399at33208        -            418   5.7e-08   33.2   0.0   2   2   6.2e-09     2e-06   28.1   0.0   292   384   314   408   295   420 0.86 -
evm.utg10041.22                      -            202 323399at33208        -            418   7.6e-08   32.8   0.1   1   1   2.9e-10   9.5e-08   32.4   0.1   294   386    38   135    32   156 0.81 -
evm.utg10588.3.1.5c22e835            -           1222 323399at33208        -            418   1.6e-07   31.7   0.2   1   1   9.3e-10   3.1e-07   30.8   0.2    15   211   371   576   362   580 0.80 -
evm.utg10588.3                       -           1260 323399at33208        -            418   1.6e-07   31.7   0.2   1   1   9.8e-10   3.2e-07   30.7   0.2    15   211   371   576   362   580 0.80 -
evm.utg116.12                        -           1379 323399at33208        -            418   3.8e-07   30.5   0.0   1   1   2.3e-09   7.6e-07   29.5   0.0   298   356   305   363   302   368 0.93 -
evm.utg10385.10                      -            568 323399at33208        -            418   4.1e-07   30.4   0.3   1   2   6.4e-09   2.1e-06   28.0   0.0   292   387   267   368   263   387 0.82 -
evm.utg10385.10                      -            568 323399at33208        -            418   4.1e-07   30.4   0.3   2   2         3   9.9e+02   -0.6   0.1   127   158   447   480   430   493 0.69 -
evm.utg401.21                        -           1545 323399at33208        -            418   4.6e-07   30.2   0.0   1   2     0.062        20    5.0   0.0    64   179   178   311   162   333 0.61 -
evm.utg401.21                        -           1545 323399at33208        -            418   4.6e-07   30.2   0.0   2   2   4.5e-07   0.00015   21.9   0.0   305   380   603   677   599   707 0.79 -
evm.utg334.31                        -            479 323399at33208        -            418   6.2e-07   29.8   0.0   1   1   2.8e-09   9.2e-07   29.2   0.0   303   405   277   382   266   395 0.80 -
evm.utg4901.15                       -           1260 323399at33208        -            418   7.4e-07   29.5   0.2   1   1   4.6e-09   1.5e-06   28.5   0.2    15   211   371   576   361   580 0.79 -
evm.utg29.3                          -            456 323399at33208        -            418   7.7e-07   29.4   0.2   1   2       5.6   1.8e+03   -1.4   0.0   157   188    47    78    41    89 0.72 -
evm.utg29.3                          -            456 323399at33208        -            418   7.7e-07   29.4   0.2   2   2   7.7e-09   2.5e-06   27.8   0.0   294   379   209   296   201   312 0.91 -
evm.utg2690.19                       -           1183 323399at33208        -            418   8.8e-07   29.3   0.0   1   2     1e-07   3.3e-05   24.1   0.1    63   230    44   227    38   237 0.70 -
evm.utg2690.19                       -           1183 323399at33208        -            418   8.8e-07   29.3   0.0   2   2       1.3   4.4e+02    0.6   0.0   305   367   320   382   313   413 0.84 -
evm.utg992.34                        -            590 323399at33208        -            418   9.3e-07   29.2   0.3   1   2   1.5e-08   4.9e-06   26.8   0.0   292   387   260   361   256   379 0.81 -
evm.utg992.34                        -            590 323399at33208        -            418   9.3e-07   29.2   0.3   2   2       2.9   9.7e+02   -0.5   0.1   127   158   440   473   423   486 0.68 -
evm.utg1285.86                       -           1173 323399at33208        -            418   1.2e-06   28.8   0.1   1   2     0.013       4.2    7.3   0.0    64   108   566   610   548   697 0.88 -
evm.utg1285.86                       -           1173 323399at33208        -            418   1.2e-06   28.8   0.1   2   2   4.3e-06    0.0014   18.7   0.1   300   356   911   967   908   991 0.92 -
evm.utg31.8                          -            451 323399at33208        -            418   1.8e-06   28.2   0.2   1   2       5.5   1.8e+03   -1.4   0.0   157   188    47    78    41    89 0.72 -
evm.utg31.8                          -            451 323399at33208        -            418   1.8e-06   28.2   0.2   2   2   1.8e-08     6e-06   26.5   0.0   294   379   209   296   201   311 0.89 -
evm.utg26120.4                       -            296 323399at33208        -            418   5.4e-06   26.7   0.8   1   2       9.7   3.2e+03   -2.2   0.9    28    44    47    63     7    85 0.58 -
evm.utg26120.4                       -            296 323399at33208        -            418   5.4e-06   26.7   0.8   2   2   3.8e-08   1.2e-05   25.5   0.0   145   198   126   180   116   186 0.84 -
evm.utg5879.13                       -            248 323399at33208        -            418   5.4e-06   26.7   0.0   1   1   2.2e-08   7.2e-06   26.3   0.0   296   379     3    88     1   104 0.91 -
evm.utg370.88                        -           3023 323399at33208        -            418   8.7e-06   26.0   0.0   1   2   0.00056      0.18   11.7   0.0    70   180   359   476   333   488 0.77 -
evm.utg370.88                        -           3023 323399at33208        -            418   8.7e-06   26.0   0.0   2   2   0.00065      0.21   11.5   0.0   294   383   680   775   675   799 0.71 -
evm.utg439.37.1.5c22f0f9             -           2947 323399at33208        -            418   9.3e-06   25.9   0.0   1   2   0.00057      0.19   11.7   0.0    70   180   359   476   333   488 0.77 -
evm.utg439.37.1.5c22f0f9             -           2947 323399at33208        -            418   9.3e-06   25.9   0.0   2   2   0.00075      0.25   11.3   0.0   294   382   680   774   675   799 0.70 -
evm.utg439.37                        -           2970 323399at33208        -            418   9.5e-06   25.9   0.0   1   2   0.00057      0.19   11.7   0.0    70   180   359   476   333   488 0.77 -
evm.utg439.37                        -           2970 323399at33208        -            418   9.5e-06   25.9   0.0   2   2   0.00076      0.25   11.3   0.0   294   382   680   774   675   799 0.70 -
evm.utg785.15                        -            244 323399at33208        -            418   9.9e-06   25.8   0.0   1   1   3.9e-08   1.3e-05   25.4   0.0   314   399    54   139    30   166 0.78 -
evm.utg55.199                        -           1103 323399at33208        -            418     2e-05   24.8   0.2   1   1   1.1e-07   3.6e-05   24.0   0.2    32   217   301   492   275   503 0.78 -
evm.utg936.39                        -            402 323399at33208        -            418     5e-05   23.5   0.0   1   1   2.3e-07   7.5e-05   22.9   0.0   309   396   209   296   198   315 0.84 -
evm.utg62.29                         -            957 323399at33208        -            418   7.6e-05   22.9   0.2   1   2     0.012       3.9    7.4   0.1    69   216   214   374   204   383 0.78 -
evm.utg62.29                         -            957 323399at33208        -            418   7.6e-05   22.9   0.2   2   2   0.00022     0.071   13.1   0.0   296   379   512   601   506   607 0.80 -
evm.utg8262.58                       -            326 323399at33208        -            418     8e-05   22.8   0.0   1   1     4e-07   0.00013   22.1   0.0   294   355    62   124    56   128 0.90 -
evm.utg1285.88                       -           1044 323399at33208        -            418   0.00013   22.1   0.1   1   2     0.069        23    4.8   0.1    58   177   460   591   447   598 0.55 -
evm.utg1285.88                       -           1044 323399at33208        -            418   0.00013   22.1   0.1   2   2     8e-05     0.026   14.5   0.0   306   352   815   861   810   870 0.90 -
evm.utg1101.45                       -            448 323399at33208        -            418    0.0004   20.5   0.4   1   3   5.1e-06    0.0017   18.4   0.0    62   123    59   117    51   142 0.83 -
evm.utg1101.45                       -            448 323399at33208        -            418    0.0004   20.5   0.4   2   3       7.1   2.3e+03   -1.8   0.0   167   187   182   202   175   211 0.86 -
evm.utg1101.45                       -            448 323399at33208        -            418    0.0004   20.5   0.4   3   3       8.5   2.8e+03   -2.0   0.0    56    89   220   253   195   266 0.80 -
evm.utg15164.9                       -            522 323399at33208        -            418   0.00069   19.7   0.0   1   2   9.4e-06    0.0031   17.6   0.0    46   158    24   140    15   188 0.67 -
evm.utg15164.9                       -            522 323399at33208        -            418   0.00069   19.7   0.0   2   2       4.2   1.4e+03   -1.0   0.0   293   334   313   356   306   363 0.82 -
evm.utg405.73                        -            554 323399at33208        -            418   0.00076   19.6   0.0   1   2     1e-05    0.0034   17.5   0.0    46   158    24   140    15   189 0.67 -
evm.utg405.73                        -            554 323399at33208        -            418   0.00076   19.6   0.0   2   2       4.6   1.5e+03   -1.2   0.0   293   334   313   356   306   361 0.82 -
evm.utg1101.1                        -            205 323399at33208        -            418   0.00083   19.5   0.0   1   1     3e-06     0.001   19.2   0.0   304   386    74   161    45   179 0.78 -
evm.utg816.1                         -            155 323399at33208        -            418   0.00088   19.4   0.0   1   1   2.9e-06   0.00095   19.3   0.0    63   116    23    81    15   129 0.70 -
evm.utg3677.35                       -            138 323399at33208        -            418   0.00088   19.4   0.0   1   1   2.7e-06   0.00088   19.4   0.0    62    94    56    88    21   127 0.79 -
evm.utg2071.37                       -            326 323399at33208        -            418     0.001   19.1   0.2   1   1   4.3e-06    0.0014   18.7   0.2    26   129   128   224    98   287 0.72 -
evm.utg31.58                         -            248 323399at33208        -            418    0.0019   18.3   0.0   1   1   8.1e-06    0.0027   17.8   0.0   310   379    19    88    12   104 0.90 -
evm.utg432.115                       -            138 323399at33208        -            418    0.0021   18.1   0.0   1   1   6.9e-06    0.0023   18.0   0.0    62   129    31    98    11   127 0.88 -
evm.utg17612.28                      -            203 323399at33208        -            418    0.0059   16.7   0.0   1   1   2.2e-05    0.0073   16.4   0.0   299   386    55   147    43   165 0.83 -
evm.utg19590.12                      -             82 323399at33208        -            418    0.0089   16.1   0.0   1   1   2.9e-05    0.0094   16.0   0.0    61    94    35    69    12    80 0.74 -
evm.utg1205.65                       -           1137 323399at33208        -            418    0.0099   15.9   0.1   1   2       1.4   4.5e+02    0.6   0.0    43    99   557   613   519   646 0.69 -
evm.utg1205.65                       -           1137 323399at33208        -            418    0.0099   15.9   0.1   2   2   0.00035      0.11   12.4   0.0   300   361  1034  1094  1029  1125 0.79 -
evm.utg2798.16                       -            158 323399at33208        -            418     0.013   15.5   0.0   1   1   4.3e-05     0.014   15.4   0.0    45   148    15   112     3   147 0.67 -
evm.utg10321.4                       -            414 323399at33208        -            418     0.014   15.4   0.0   1   1   7.7e-05     0.025   14.6   0.0   296   379   126   215   120   224 0.83 -
evm.utg116.129                       -           1457 323399at33208        -            418     0.018   15.1   0.1   1   1   0.00011     0.037   14.0   0.1    61   179   146   269   133   304 0.73 -
evm.utg1253.52                       -            648 323399at33208        -            418     0.022   14.8   0.0   1   1   0.00011     0.036   14.1   0.0   318   383     3    68     1    82 0.88 -
evm.utg14021.5                       -            281 323399at33208        -            418     0.036   14.1   0.6   1   2   0.00037      0.12   12.3   0.1    62   117    21    76     3   103 0.85 -
evm.utg14021.5                       -            281 323399at33208        -            418     0.036   14.1   0.6   2   2       3.3   1.1e+03   -0.7   0.0   159   173   226   240   202   255 0.87 -
evm.utg2969.3                        -            151 323399at33208        -            418     0.038   14.0   0.0   1   1   0.00012     0.038   14.0   0.0   138   194    44   102     1   147 0.73 -
evm.utg5662.13                       -            151 323399at33208        -            418     0.043   13.8   0.0   1   1   0.00015     0.048   13.7   0.0   365   417    93   146    62   147 0.89 -
evm.utg1931.60.2.5c22ec72            -           1446 323399at33208        -            418     0.044   13.8   0.1   1   1   0.00032      0.11   12.5   0.1    66   209   179   328   146   336 0.74 -
evm.utg1931.60.1.5c22ec71            -           1633 323399at33208        -            418     0.054   13.5   0.1   1   1   0.00038      0.13   12.3   0.1    66   209   173   322   140   330 0.74 -
evm.utg1931.60                       -           1639 323399at33208        -            418     0.054   13.5   0.1   1   1   0.00038      0.13   12.3   0.1    66   209   179   328   146   336 0.74 -
evm.utg86.12                         -            321 323399at33208        -            418      0.15   12.0   0.0   1   1   0.00072      0.24   11.4   0.0    63    93    23    53    16    61 0.91 -
evm.utg23708.8                       -            270 323399at33208        -            418      0.18   11.8   0.0   1   1   0.00086      0.28   11.1   0.0   293   334   206   249   201   251 0.91 -
evm.utg464.196                       -            311 323399at33208        -            418      0.19   11.7   0.0   1   1    0.0008      0.26   11.2   0.0   312   359    34    81    17   103 0.88 -
evm.utg225.111                       -            242 323399at33208        -            418      0.21   11.6   0.5   1   1   0.00084      0.28   11.2   0.0   312   359    64   111    44   126 0.90 -
evm.utg12551.20                      -            241 323399at33208        -            418      0.26   11.3   0.0   1   1     0.001      0.34   10.9   0.0   336   394     1    59     1    75 0.87 -
#
# Program:         hmmsearch
# Version:         3.1b2 (February 2015)
# Pipeline mode:   SEARCH
# Query file:      /uoa/scratch/users/r02hw22/project_dark_genes/busco_downloads/lineages/metazoa_odb10/hmms/323399at33208.hmm
# Target file:     /uoa/scratch/users/r02hw22/project_dark_genes/00_raw/equina_smart.rnam-trna.merged.ggf.curated.remredun.aa.fa
# Option settings: hmmsearch --domtblout /uoa/scratch/users/r02hw22/project_dark_genes/equina_busco_proteins/run_metazoa_odb10/hmmer_output/initial_run_results/323399at33208.out --cpu 1 /uoa/scratch/users/r02hw22/project_dark_genes/busco_downloads/lineages/metazoa_odb10/hmms/323399at33208.hmm /uoa/scratch/users/r02hw22/project_dark_genes/00_raw/equina_smart.rnam-trna.merged.ggf.curated.remredun.aa.fa 
# Current dir:     /uoa/scratch/users/r02hw22/project_dark_genes
# Date:            Sat Apr 25 14:41:03 2026
# [ok]
