#                                                                                --- full sequence --- -------------- this domain -------------   hmm coord   ali coord   env coord
# target name            accession   tlen query name           accession   qlen   E-value  score  bias   #  of  c-Evalue  i-Evalue  score  bias  from    to  from    to  from    to  acc description of target
#    ------------------- ---------- ----- -------------------- ---------- ----- --------- ------ ----- --- --- --------- --------- ------ ----- ----- ----- ----- ----- ----- ----- ---- ---------------------
evm.utg77.139.1.5c22f41a -            447 333062at33208        -            353    2e-178  594.5   8.9   1   1    1e-178  1.4e-174  581.8   8.9     1   351     1   414     1   416 0.88 -
evm.utg77.139            -            450 333062at33208        -            353    2e-178  594.5   8.9   1   1  1.1e-178  1.5e-174  581.8   8.9     1   351     1   414     1   416 0.88 -
evm.utg479.102           -            444 333062at33208        -            353     0.004   17.9   0.5   1   2    0.0081   1.1e+02    3.3   1.6    65   155    51   141    35   149 0.75 -
evm.utg479.102           -            444 333062at33208        -            353     0.004   17.9   0.5   2   2   2.9e-07     0.004   17.9   0.5   233   323   315   404   275   419 0.88 -
evm.utg1257.7            -            379 333062at33208        -            353      0.22   12.2   1.8   1   3      0.58     8e+03   -2.8   0.0    20    64    40    84    29   100 0.54 -
evm.utg1257.7            -            379 333062at33208        -            353      0.22   12.2   1.8   2   3     0.052   7.2e+02    0.6   0.0   273   338   127   194   121   207 0.71 -
evm.utg1257.7            -            379 333062at33208        -            353      0.22   12.2   1.8   3   3   6.4e-05      0.89   10.2   0.1   286   332   291   337   272   348 0.87 -
#
# Program:         hmmsearch
# Version:         3.1b2 (February 2015)
# Pipeline mode:   SEARCH
# Query file:      /uoa/scratch/users/r02hw22/project_dark_genes/busco_downloads/lineages/metazoa_odb10/hmms/333062at33208.hmm
# Target file:     /uoa/scratch/users/r02hw22/project_dark_genes/00_raw/equina_smart.rnam-trna.merged.ggf.curated.remredun.aa.fa
# Option settings: hmmsearch --domtblout /uoa/scratch/users/r02hw22/project_dark_genes/equina_busco_proteins/run_metazoa_odb10/hmmer_output/initial_run_results/333062at33208.out --cpu 1 /uoa/scratch/users/r02hw22/project_dark_genes/busco_downloads/lineages/metazoa_odb10/hmms/333062at33208.hmm /uoa/scratch/users/r02hw22/project_dark_genes/00_raw/equina_smart.rnam-trna.merged.ggf.curated.remredun.aa.fa 
# Current dir:     /uoa/scratch/users/r02hw22/project_dark_genes
# Date:            Sat Apr 25 14:40:54 2026
# [ok]
