#                                                                                          --- full sequence --- -------------- this domain -------------   hmm coord   ali coord   env coord
# target name                      accession   tlen query name           accession   qlen   E-value  score  bias   #  of  c-Evalue  i-Evalue  score  bias  from    to  from    to  from    to  acc description of target
#              ------------------- ---------- ----- -------------------- ---------- ----- --------- ------ ----- --- --- --------- --------- ------ ----- ----- ----- ----- ----- ----- ----- ---- ---------------------
evm.utg364.14.2.5c22efa7           -            896 334336at33208        -            407  8.3e-140  467.8  51.5   1   3  8.9e-102   7.6e-99  332.9  18.5     1   247    10   293    10   299 0.88 -
evm.utg364.14.2.5c22efa7           -            896 334336at33208        -            407  8.3e-140  467.8  51.5   2   3   5.2e-06    0.0045   17.5   0.1   242   265   334   357   324   362 0.84 -
evm.utg364.14.2.5c22efa7           -            896 334336at33208        -            407  8.3e-140  467.8  51.5   3   3   5.2e-37   4.4e-34  119.6  21.5   273   403   413   544   388   548 0.88 -
evm.utg364.14.4.5c22efa7           -            910 334336at33208        -            407    9e-140  467.7  51.5   1   3  9.1e-102   7.8e-99  332.9  18.5     1   247    10   293    10   299 0.88 -
evm.utg364.14.4.5c22efa7           -            910 334336at33208        -            407    9e-140  467.7  51.5   2   3   5.3e-06    0.0046   17.4   0.1   242   265   334   357   324   362 0.84 -
evm.utg364.14.4.5c22efa7           -            910 334336at33208        -            407    9e-140  467.7  51.5   3   3   5.3e-37   4.5e-34  119.6  21.5   273   403   413   544   388   548 0.88 -
evm.utg364.14.1.5c22efa7           -            917 334336at33208        -            407  9.4e-140  467.6  51.5   1   3  9.3e-102   7.9e-99  332.8  18.5     1   247    10   293    10   299 0.88 -
evm.utg364.14.1.5c22efa7           -            917 334336at33208        -            407  9.4e-140  467.6  51.5   2   3   5.4e-06    0.0046   17.4   0.1   242   265   334   357   324   362 0.84 -
evm.utg364.14.1.5c22efa7           -            917 334336at33208        -            407  9.4e-140  467.6  51.5   3   3   5.3e-37   4.6e-34  119.5  21.5   273   403   413   544   388   548 0.88 -
evm.utg364.14.3.5c22efa7           -            917 334336at33208        -            407  9.4e-140  467.6  51.5   1   3  9.3e-102   7.9e-99  332.8  18.5     1   247    10   293    10   299 0.88 -
evm.utg364.14.3.5c22efa7           -            917 334336at33208        -            407  9.4e-140  467.6  51.5   2   3   5.4e-06    0.0046   17.4   0.1   242   265   334   357   324   362 0.84 -
evm.utg364.14.3.5c22efa7           -            917 334336at33208        -            407  9.4e-140  467.6  51.5   3   3   5.3e-37   4.6e-34  119.5  21.5   273   403   413   544   388   548 0.88 -
evm.utg364.14                      -            924 334336at33208        -            407  9.7e-140  467.6  51.5   1   3  9.4e-102   8.1e-99  332.8  18.5     1   247    10   293    10   299 0.88 -
evm.utg364.14                      -            924 334336at33208        -            407  9.7e-140  467.6  51.5   2   3   5.4e-06    0.0046   17.4   0.1   242   265   334   357   324   362 0.84 -
evm.utg364.14                      -            924 334336at33208        -            407  9.7e-140  467.6  51.5   3   3   5.4e-37   4.6e-34  119.5  21.5   273   403   413   544   388   548 0.88 -
evm.utg86134.1                     -            844 334336at33208        -            407  9.5e-124  414.9  51.1   1   3   2.8e-86   2.4e-83  281.9  17.8    44   247     5   239     3   244 0.88 -
evm.utg86134.1                     -            844 334336at33208        -            407  9.5e-124  414.9  51.1   2   3   5.1e-06    0.0043   17.5   0.0   242   265   280   303   270   308 0.84 -
evm.utg86134.1                     -            844 334336at33208        -            407  9.5e-124  414.9  51.1   3   3     2e-36   1.7e-33  117.6  22.4   265   403   348   490   335   494 0.88 -
evm.utg364.14.5.5c22efa8           -            756 334336at33208        -            407     1e-68  233.6  52.1   1   3   2.2e-30   1.9e-27   97.7  19.3   148   247     2   125     1   131 0.78 -
evm.utg364.14.5.5c22efa8           -            756 334336at33208        -            407     1e-68  233.6  52.1   2   3   4.3e-06    0.0037   17.7   0.1   242   265   166   189   156   194 0.84 -
evm.utg364.14.5.5c22efa8           -            756 334336at33208        -            407     1e-68  233.6  52.1   3   3   3.7e-37   3.1e-34  120.1  21.4   273   403   245   376   219   380 0.88 -
evm.utg356.59                      -            549 334336at33208        -            407   2.3e-23   84.3   0.5   1   2   6.8e-26   5.8e-23   83.0   0.0     4   121    17   149    14   167 0.87 -
evm.utg356.59                      -            549 334336at33208        -            407   2.3e-23   84.3   0.5   2   2       6.1   5.2e+03   -2.5   0.3   355   369   527   541   517   542 0.75 -
evm.utg255.21                      -            286 334336at33208        -            407   2.4e-22   80.9   4.2   1   1   4.1e-25   3.5e-22   80.4   4.2   134   199   216   282   211   285 0.92 -
evm.utg116.279                     -            438 334336at33208        -            407   6.7e-22   79.5  18.4   1   2     2e-17   1.7e-14   55.1   0.8   140   208   239   311   208   331 0.77 -
evm.utg116.279                     -            438 334336at33208        -            407   6.7e-22   79.5  18.4   2   2   1.7e-11   1.5e-08   35.5   3.9   134   198   369   434   356   437 0.84 -
evm.utg344.27.28                   -           1035 334336at33208        -            407   7.5e-20   72.7   6.6   1   1   1.4e-22   1.2e-19   72.1   6.6   143   205   899   962   886   983 0.86 -
evm.utg344.27.28.1.5c2793d1        -            756 334336at33208        -            407   1.1e-19   72.1   7.2   1   1   1.9e-22   1.6e-19   71.6   7.2   143   203   679   740   665   754 0.87 -
evm.utg714.28                      -            468 334336at33208        -            407   7.9e-17   62.8   3.0   1   1   1.4e-19   1.2e-16   62.1   3.0   137   198    36   101     9   162 0.72 -
evm.utg301.67                      -           3787 334336at33208        -            407   8.8e-17   62.6   7.7   1   1   2.2e-19   1.9e-16   61.5   7.7   140   201  3719  3781  3704  3785 0.89 -
evm.utg3522.63                     -            247 334336at33208        -            407   9.3e-17   62.5   3.6   1   2   1.1e-19   9.4e-17   62.5   0.2     1    91    10   108    10   150 0.79 -
evm.utg3522.63                     -            247 334336at33208        -            407   9.3e-17   62.5   3.6   2   2      0.42   3.6e+02    1.3   0.4   219   244   152   177   130   184 0.75 -
evm.utg709.14                      -            549 334336at33208        -            407   1.1e-16   62.3   7.2   1   2   5.7e-19   4.9e-16   60.2   0.2     1    90    10   107    10   146 0.81 -
evm.utg709.14                      -            549 334336at33208        -            407   1.1e-16   62.3   7.2   2   2     0.053        46    4.3   2.3   198   244   148   197   142   206 0.68 -
evm.utg2017.3.1.5c22ecbc           -            607 334336at33208        -            407   1.2e-15   58.9   8.0   1   1     2e-18   1.7e-15   58.4   8.0   141   199   545   604   533   606 0.87 -
evm.utg2017.3                      -            627 334336at33208        -            407   1.2e-15   58.9   8.0   1   1   2.1e-18   1.8e-15   58.3   8.0   141   199   565   624   553   626 0.87 -
evm.utg3284.38                     -           1328 334336at33208        -            407   1.4e-15   58.6   4.4   1   1   2.9e-18   2.5e-15   57.8   4.4   142   225   603   686   593   688 0.86 -
evm.utg3284.38.1.5c22ef24          -           1354 334336at33208        -            407   1.5e-15   58.6   4.4   1   1     3e-18   2.5e-15   57.8   4.4   142   225   603   686   593   688 0.86 -
evm.utg116.72                      -            390 334336at33208        -            407   3.3e-15   57.4   5.5   1   2   3.9e-18   3.3e-15   57.4   5.5   142   248     4   111     1   188 0.80 -
evm.utg116.72                      -            390 334336at33208        -            407   3.3e-15   57.4   5.5   2   2       1.1   9.3e+02   -0.0   3.6   168   210   337   379   335   388 0.79 -
evm.utg785.3                       -            634 334336at33208        -            407     7e-15   56.4   4.6   1   2       1.1   9.1e+02   -0.0  13.4   314   394   450   534   433   544 0.74 -
evm.utg785.3                       -            634 334336at33208        -            407     7e-15   56.4   4.6   2   2   8.2e-18     7e-15   56.4   4.6   134   199   565   629   547   633 0.80 -
evm.utg868.96                      -            634 334336at33208        -            407   8.6e-15   56.1   4.6   1   2       1.8   1.6e+03   -0.8  13.2   298   393   432   532   408   544 0.74 -
evm.utg868.96                      -            634 334336at33208        -            407   8.6e-15   56.1   4.6   2   2     1e-17   8.6e-15   56.1   4.6   134   199   565   629   547   633 0.80 -
utg5074.equina_smart_1457565.mrna1 -            357 334336at33208        -            407   1.6e-14   55.2   0.6   1   1   2.5e-17   2.1e-14   54.8   0.6   133   210   153   233    95   248 0.86 -
evm.utg10.33                       -            282 334336at33208        -            407   3.3e-14   54.1   4.5   1   1   5.3e-17   4.5e-14   53.7   4.5   136   203   146   217   133   249 0.69 -
evm.utg3019.54                     -           1039 334336at33208        -            407   4.3e-14   53.8   1.2   1   1     1e-16     9e-14   52.7   1.2   133   212   801   883   778   896 0.84 -
evm.utg116.180                     -            220 334336at33208        -            407   5.3e-14   53.5   7.5   1   1   8.3e-17   7.1e-14   53.0   7.5   136   200    30    98     8   108 0.85 -
evm.utg116.180.1.5c22e91f          -            228 334336at33208        -            407   5.7e-14   53.4   7.5   1   1     9e-17   7.7e-14   52.9   7.5   136   200    30    98     8   108 0.85 -
evm.utg26120.19                    -            408 334336at33208        -            407     8e-14   52.9   7.0   1   1   1.5e-16   1.3e-13   52.2   7.0   133   200   281   360   274   372 0.82 -
evm.utg5774.3                      -            408 334336at33208        -            407   9.9e-14   52.6   7.1   1   1   1.8e-16   1.6e-13   51.9   7.1   133   200   281   360   274   370 0.82 -
evm.utg910.114                     -            734 334336at33208        -            407   1.5e-13   52.0   7.7   1   1   1.8e-16   1.5e-13   52.0   7.7   143   197   657   712   639   725 0.87 -
evm.utg13.26                       -            282 334336at33208        -            407   3.1e-13   50.9   5.0   1   1   4.9e-16   4.2e-13   50.5   5.0   136   206   146   221   133   249 0.68 -
evm.utg5774.3.1.5c22f241           -            362 334336at33208        -            407   5.1e-13   50.2   8.9   1   1   8.8e-16   7.6e-13   49.7   8.9   133   199   281   359   274   361 0.82 -
evm.utg8494.68                     -           2919 334336at33208        -            407   6.1e-13   50.0   9.0   1   1   1.8e-15   1.6e-12   48.6   9.0   144   208  2150  2215  2138  2228 0.78 -
evm.utg700.7.1.5c22f369            -            926 334336at33208        -            407   1.5e-12   48.7   7.3   1   1   4.7e-15     4e-12   47.3   7.3   134   210   773   852   764   864 0.82 -
evm.utg700.7                       -            981 334336at33208        -            407   1.6e-12   48.6   7.3   1   1   5.1e-15   4.3e-12   47.2   7.3   134   210   773   852   764   864 0.82 -
evm.utg9668.29                     -            857 334336at33208        -            407   5.4e-12   46.9   8.7   1   1   1.6e-14   1.3e-11   45.5   8.7   134   197   651   717   643   737 0.84 -
evm.utg62.87                       -            476 334336at33208        -            407   5.2e-11   43.6   7.2   1   1   8.1e-14   6.9e-11   43.2   7.2   141   199   418   473   405   475 0.85 -
evm.utg411.45.1.5c22f073           -            562 334336at33208        -            407   1.3e-10   42.3   6.4   1   1   2.4e-13     2e-10   41.7   6.4   140   198   501   560   474   561 0.88 -
evm.utg3092.50                     -            376 334336at33208        -            407   1.6e-10   42.0  22.6   1   2       1.5   1.3e+03   -0.5   6.3   308   371   216   282   198   305 0.66 -
evm.utg3092.50                     -            376 334336at33208        -            407   1.6e-10   42.0  22.6   2   2   1.9e-13   1.6e-10   42.0  22.6    71   199   234   366   225   374 0.77 -
evm.utg411.45                      -            696 334336at33208        -            407   1.7e-10   41.9   6.4   1   1   3.2e-13   2.7e-10   41.2   6.4   140   198   635   694   608   695 0.88 -
evm.utg16815.4                     -           1639 334336at33208        -            407   3.3e-10   41.0   6.7   1   1   6.5e-13   5.6e-10   40.2   6.7   136   209   841   917   836   934 0.79 -
evm.utg10282.24                    -            827 334336at33208        -            407   4.8e-10   40.4   6.4   1   1   8.9e-13   7.6e-10   39.8   6.4   135   208    17    93    12   111 0.79 -
evm.utg798.19                      -            586 334336at33208        -            407   9.8e-10   39.4  19.6   1   2       6.3   5.4e+03   -2.5   6.3   213   274   412   474   376   495 0.57 -
evm.utg798.19                      -            586 334336at33208        -            407   9.8e-10   39.4  19.6   2   2   1.1e-12   9.8e-10   39.4  19.6   129   199   504   576   446   584 0.68 -
evm.utg4157.50                     -            403 334336at33208        -            407     2e-09   38.4   6.9   1   1   3.6e-12     3e-09   37.8   6.9   141   207   325   398   315   401 0.82 -
evm.utg498.16.1.5c22f19c           -            646 334336at33208        -            407   2.3e-09   38.2   0.0   1   1   5.9e-12   5.1e-09   37.1   0.0     4   121    15   146    12   153 0.77 -
evm.utg498.16                      -            746 334336at33208        -            407   3.1e-09   37.8   0.0   1   1   7.4e-12   6.4e-09   36.7   0.0     4   121    15   146    12   153 0.77 -
evm.utg415.10                      -            776 334336at33208        -            407   3.6e-09   37.5   0.0   1   1   8.3e-12   7.1e-09   36.6   0.0     4   121    46   177    43   184 0.78 -
evm.utg170.19                      -            394 334336at33208        -            407   5.8e-09   36.9   7.5   1   1   1.1e-11   9.2e-09   36.2   7.5   141   204   316   386   308   391 0.83 -
evm.utg788.9                       -            487 334336at33208        -            407   8.9e-09   36.3   4.2   1   2     1e-11   8.9e-09   36.3   4.2   141   179   162   200   153   204 0.90 -
evm.utg788.9                       -            487 334336at33208        -            407   8.9e-09   36.3   4.2   2   2     0.061        52    4.1   1.7   221   286   364   426   336   483 0.72 -
evm.utg20197.4                     -            490 334336at33208        -            407   8.9e-09   36.2   4.2   1   2     1e-11   8.9e-09   36.2   4.2   141   179   162   200   153   204 0.90 -
evm.utg20197.4                     -            490 334336at33208        -            407   8.9e-09   36.2   4.2   2   2      0.06        52    4.1   0.9   221   287   367   430   339   483 0.70 -
evm.utg6155.19                     -           2159 334336at33208        -            407   1.3e-08   35.7   6.2   1   1   1.5e-11   1.3e-08   35.7   6.2   141   200   171   231   154   257 0.79 -
evm.utg216.5                       -           2010 334336at33208        -            407   5.2e-08   33.7   7.5   1   1   6.1e-11   5.2e-08   33.7   7.5   142   200     6    65     3    91 0.80 -
evm.utg2801.61                     -            822 334336at33208        -            407   6.9e-07   30.0  10.2   1   1     2e-09   1.7e-06   28.7  10.2   144   179    46    81    34   118 0.85 -
evm.utg33938.26                    -            398 334336at33208        -            407   9.3e-07   29.6   5.4   1   2   1.1e-09   9.3e-07   29.6   5.4   136   179    19    63     7    77 0.80 -
evm.utg33938.26                    -            398 334336at33208        -            407   9.3e-07   29.6   5.4   2   2       9.1   7.8e+03   -3.1   0.0   188   199    94   105    92   116 0.80 -
evm.utg170.19.1.5c22ebba           -            412 334336at33208        -            407   0.00034   21.2   9.9   1   1   6.1e-07   0.00053   20.5   9.9   141   175   316   350   308   359 0.90 -
evm.utg572.12                      -           1287 334336at33208        -            407   0.00066   20.2   0.3   1   3         9   7.7e+03   -3.1   0.0   248   320   181   256   173   272 0.71 -
evm.utg572.12                      -           1287 334336at33208        -            407   0.00066   20.2   0.3   2   3       9.8   8.4e+03   -3.2   3.5   336   361   542   567   500   583 0.49 -
evm.utg572.12                      -           1287 334336at33208        -            407   0.00066   20.2   0.3   3   3   7.7e-07   0.00066   20.2   0.3   134   160  1259  1285  1255  1286 0.94 -
evm.utg1972.77.1.5c22eca8          -            239 334336at33208        -            407    0.0015   19.0   6.9   1   1   2.4e-06     0.002   18.6   6.9   144   216    77   146    71   188 0.70 -
evm.utg1972.77                     -            336 334336at33208        -            407    0.0049   17.3   7.2   1   1   5.7e-06    0.0049   17.3   7.2   144   215    77   145    72   185 0.69 -
utg6477.evm.utg1376.3.mrna2        -            104 334336at33208        -            407     0.015   15.7   5.9   1   1   2.1e-05     0.018   15.5   5.9   157   228    13    86     3    89 0.80 -
evm.utg464.60                      -            110 334336at33208        -            407      0.16   12.4   3.2   1   1   0.00021      0.18   12.2   3.2   142   182     5    47     2    64 0.88 -
evm.utg2159.7                      -            117 334336at33208        -            407      0.36   11.2   5.0   1   1   0.00054      0.47   10.8   5.0   144   176     7    41     3    57 0.91 -
evm.utg1897.76                     -             94 334336at33208        -            407       1.5    9.2   2.2   1   1    0.0021       1.8    8.9   2.2   142   176     5    41     2    49 0.90 -
evm.utg7840.65                     -            146 334336at33208        -            407       2.3    8.6   8.4   1   1     0.003       2.5    8.4   8.4   142   178     5    43     2   134 0.83 -
evm.utg4879.2                      -            288 334336at33208        -            407       2.4    8.5  11.6   1   2   0.00018      0.15   12.4   5.8   157   228    13    87     4    89 0.86 -
evm.utg4879.2                      -            288 334336at33208        -            407       2.4    8.5  11.6   2   2       3.1   2.6e+03   -1.5   0.3   304   304   186   186   125   269 0.59 -
#
# Program:         hmmsearch
# Version:         3.1b2 (February 2015)
# Pipeline mode:   SEARCH
# Query file:      /uoa/scratch/users/r02hw22/project_dark_genes/busco_downloads/lineages/metazoa_odb10/hmms/334336at33208.hmm
# Target file:     /uoa/scratch/users/r02hw22/project_dark_genes/00_raw/equina_smart.rnam-trna.merged.ggf.curated.remredun.aa.fa
# Option settings: hmmsearch --domtblout /uoa/scratch/users/r02hw22/project_dark_genes/equina_busco_proteins/run_metazoa_odb10/hmmer_output/initial_run_results/334336at33208.out --cpu 1 /uoa/scratch/users/r02hw22/project_dark_genes/busco_downloads/lineages/metazoa_odb10/hmms/334336at33208.hmm /uoa/scratch/users/r02hw22/project_dark_genes/00_raw/equina_smart.rnam-trna.merged.ggf.curated.remredun.aa.fa 
# Current dir:     /uoa/scratch/users/r02hw22/project_dark_genes
# Date:            Sat Apr 25 14:41:28 2026
# [ok]
