#                                                                            --- full sequence --- -------------- this domain -------------   hmm coord   ali coord   env coord
# target name        accession   tlen query name           accession   qlen   E-value  score  bias   #  of  c-Evalue  i-Evalue  score  bias  from    to  from    to  from    to  acc description of target
#------------------- ---------- ----- -------------------- ---------- ----- --------- ------ ----- --- --- --------- --------- ------ ----- ----- ----- ----- ----- ----- ----- ---- ---------------------
evm.utg402.2         -            695 339127at33208        -            437  1.4e-120  404.8  16.5   1   3    8e-120  1.1e-115  388.7   0.1     1   318    21   412    21   416 0.82 -
evm.utg402.2         -            695 339127at33208        -            437  1.4e-120  404.8  16.5   2   3   5.4e-06     0.076   13.6   4.6   346   391   556   601   494   621 0.73 -
evm.utg402.2         -            695 339127at33208        -            437  1.4e-120  404.8  16.5   3   3   0.00017       2.3    8.7   0.7   401   436   653   690   648   691 0.84 -
evm.utg408.3         -            675 339127at33208        -            437  3.5e-116  390.4  20.9   1   3  4.2e-117  5.8e-113  379.7   0.5     1   318     1   392     1   396 0.82 -
evm.utg408.3         -            675 339127at33208        -            437  3.5e-116  390.4  20.9   2   3   7.3e-05         1    9.9   4.9   349   391   539   581   473   595 0.76 -
evm.utg408.3         -            675 339127at33208        -            437  3.5e-116  390.4  20.9   3   3   7.2e-05         1    9.9   1.4   399   436   631   670   607   671 0.86 -
evm.utg10530.1       -            190 339127at33208        -            437   2.3e-34  120.7   0.0   1   1   3.2e-38   4.4e-34  119.8   0.0     1   133    21   190    21   190 0.78 -
evm.utg3210.24       -            309 339127at33208        -            437      0.19   12.3   0.1   1   1   2.4e-05      0.34   11.4   0.1   251   344    74   166    63   181 0.87 -
#
# Program:         hmmsearch
# Version:         3.1b2 (February 2015)
# Pipeline mode:   SEARCH
# Query file:      /uoa/scratch/users/r02hw22/project_dark_genes/busco_downloads/lineages/metazoa_odb10/hmms/339127at33208.hmm
# Target file:     /uoa/scratch/users/r02hw22/project_dark_genes/00_raw/equina_smart.rnam-trna.merged.ggf.curated.remredun.aa.fa
# Option settings: hmmsearch --domtblout /uoa/scratch/users/r02hw22/project_dark_genes/equina_busco_proteins/run_metazoa_odb10/hmmer_output/initial_run_results/339127at33208.out --cpu 1 /uoa/scratch/users/r02hw22/project_dark_genes/busco_downloads/lineages/metazoa_odb10/hmms/339127at33208.hmm /uoa/scratch/users/r02hw22/project_dark_genes/00_raw/equina_smart.rnam-trna.merged.ggf.curated.remredun.aa.fa 
# Current dir:     /uoa/scratch/users/r02hw22/project_dark_genes
# Date:            Sat Apr 25 14:41:31 2026
# [ok]
