#                                                                                            --- full sequence --- -------------- this domain -------------   hmm coord   ali coord   env coord
# target name                        accession   tlen query name           accession   qlen   E-value  score  bias   #  of  c-Evalue  i-Evalue  score  bias  from    to  from    to  from    to  acc description of target
#                ------------------- ---------- ----- -------------------- ---------- ----- --------- ------ ----- --- --- --------- --------- ------ ----- ----- ----- ----- ----- ----- ----- ---- ---------------------
evm.utg1278.48                       -            429 361216at33208        -            320   9.5e-83  279.3   3.0   1   2   2.4e-78   1.3e-75  255.9   3.2     3   269    18   324    16   331 0.87 -
evm.utg1278.48                       -            429 361216at33208        -            320   9.5e-83  279.3   3.0   2   2   1.3e-06   0.00071   20.2   0.0   287   312   383   408   355   416 0.89 -
evm.utg579.46.1.5c22f255             -            399 361216at33208        -            320     1e-39  138.0   0.2   1   3     9e-11   4.9e-08   33.9   0.1    46   133    14   111     5   114 0.80 -
evm.utg579.46.1.5c22f255             -            399 361216at33208        -            320     1e-39  138.0   0.2   2   3     2e-17   1.1e-14   55.7   0.0    87   196   116   243   111   248 0.88 -
evm.utg579.46.1.5c22f255             -            399 361216at33208        -            320     1e-39  138.0   0.2   3   3   3.4e-14   1.8e-11   45.1   0.0    58   136   246   328   242   339 0.84 -
evm.utg579.46                        -            375 361216at33208        -            320   1.2e-34  121.2   0.7   1   3   7.9e-11   4.2e-08   34.1   0.1    46   133    14   111     5   115 0.81 -
evm.utg579.46                        -            375 361216at33208        -            320   1.2e-34  121.2   0.7   2   3   9.2e-12     5e-09   37.1   0.2    87   170   116   211   111   217 0.85 -
evm.utg579.46                        -            375 361216at33208        -            320   1.2e-34  121.2   0.7   3   3     8e-15   4.3e-12   47.2   0.0    53   136   214   304   208   317 0.80 -
evm.utg172.105                       -            378 361216at33208        -            320   1.4e-26   94.8   0.3   1   4   8.3e-05     0.045   14.3   0.0    77   139    46   109     6   123 0.87 -
evm.utg172.105                       -            378 361216at33208        -            320   1.4e-26   94.8   0.3   2   4   2.4e-07   0.00013   22.6   0.0    67   129   138   201   113   202 0.82 -
evm.utg172.105                       -            378 361216at33208        -            320   1.4e-26   94.8   0.3   3   4   3.4e-15   1.8e-12   48.4   0.2    42   137   158   261   156   266 0.85 -
evm.utg172.105                       -            378 361216at33208        -            320   1.4e-26   94.8   0.3   4   4   2.6e-07   0.00014   22.5   0.0    85   136   265   316   261   326 0.91 -
evm.utg21625.2                       -            713 361216at33208        -            320   4.6e-26   93.1  11.8   1   5   1.3e-10   6.9e-08   33.4   1.0    56   136   134   218    86   234 0.78 -
evm.utg21625.2                       -            713 361216at33208        -            320   4.6e-26   93.1  11.8   2   5      0.34   1.8e+02    2.4   0.0   181   206   219   248   213   250 0.57 -
evm.utg21625.2                       -            713 361216at33208        -            320   4.6e-26   93.1  11.8   3   5   3.4e-13   1.8e-10   41.9   0.1    60   130   239   314   232   317 0.87 -
evm.utg21625.2                       -            713 361216at33208        -            320   4.6e-26   93.1  11.8   4   5    0.0038         2    8.8   0.1    87   129   321   362   315   364 0.80 -
evm.utg21625.2                       -            713 361216at33208        -            320   4.6e-26   93.1  11.8   5   5   2.8e-06    0.0015   19.1   0.0    66   118   346   403   340   407 0.84 -
evm.utg6430.6                        -            678 361216at33208        -            320   2.3e-25   90.8  13.6   1   3   1.3e-10   6.8e-08   33.4   1.2    57   136   100   183    54   199 0.80 -
evm.utg6430.6                        -            678 361216at33208        -            320   2.3e-25   90.8  13.6   2   3       1.4   7.6e+02    0.4   0.0   180   199   183   202   178   205 0.71 -
evm.utg6430.6                        -            678 361216at33208        -            320   2.3e-25   90.8  13.6   3   3   5.5e-18     3e-15   57.6   4.0    61   210   205   370   198   372 0.79 -
evm.utg736.15                        -            381 361216at33208        -            320   1.2e-20   75.4   5.8   1   4      0.79   4.3e+02    1.2   0.0   181   206    46    71    40    74 0.86 -
evm.utg736.15                        -            381 361216at33208        -            320   1.2e-20   75.4   5.8   2   4   2.4e-10   1.3e-07   32.5   0.8    62   180    75   201    65   203 0.71 -
evm.utg736.15                        -            381 361216at33208        -            320   1.2e-20   75.4   5.8   3   4   2.2e-06    0.0012   19.5   0.4    63   131   179   259   151   260 0.71 -
evm.utg736.15                        -            381 361216at33208        -            320   1.2e-20   75.4   5.8   4   4   3.9e-12   2.1e-09   38.4   0.1    55   151   230   331   210   338 0.77 -
evm.utg861.79                        -            604 361216at33208        -            320   1.3e-20   75.1  11.1   1   4       2.8   1.5e+03   -0.6   0.1    64   112   166   215   125   219 0.75 -
evm.utg861.79                        -            604 361216at33208        -            320   1.3e-20   75.1  11.1   2   4      0.01       5.7    7.4   0.2   198   234   287   324   281   335 0.88 -
evm.utg861.79                        -            604 361216at33208        -            320   1.3e-20   75.1  11.1   3   4   1.1e-07   5.8e-05   23.8   0.1    59   132   342   419   323   427 0.78 -
evm.utg861.79                        -            604 361216at33208        -            320   1.3e-20   75.1  11.1   4   4   6.7e-14   3.6e-11   44.2   0.3    87   210   430   564   424   569 0.78 -
evm.utg3283.32                       -            381 361216at33208        -            320   2.5e-20   74.3   5.4   1   4      0.77   4.2e+02    1.2   0.0   181   206    46    71    40    75 0.86 -
evm.utg3283.32                       -            381 361216at33208        -            320   2.5e-20   74.3   5.4   2   4   4.6e-10   2.5e-07   31.5   0.7    63   164    76   175    69   202 0.69 -
evm.utg3283.32                       -            381 361216at33208        -            320   2.5e-20   74.3   5.4   3   4   3.3e-06    0.0018   18.9   0.4    67   131   183   259   156   264 0.73 -
evm.utg3283.32                       -            381 361216at33208        -            320   2.5e-20   74.3   5.4   4   4     6e-12   3.2e-09   37.7   0.1    51   151   226   331   210   338 0.78 -
evm.utg431.9                         -            315 361216at33208        -            320   1.2e-19   72.1   0.7   1   4     0.025        13    6.2   0.0   181   220    68   111    51   111 0.74 -
evm.utg431.9                         -            315 361216at33208        -            320   1.2e-19   72.1   0.7   2   4   7.9e-11   4.3e-08   34.1   0.2    53   154    78   180    76   186 0.74 -
evm.utg431.9                         -            315 361216at33208        -            320   1.2e-19   72.1   0.7   3   4   8.9e-10   4.8e-07   30.6   0.0    41   130   173   265   168   266 0.87 -
evm.utg431.9                         -            315 361216at33208        -            320   1.2e-19   72.1   0.7   4   4   0.00019       0.1   13.1   0.0    64   118   246   304   242   308 0.80 -
evm.utg3201.55                       -            432 361216at33208        -            320   1.3e-19   71.9   0.1   1   3   5.5e-05      0.03   14.9   0.0    77   139    45   108     3   123 0.74 -
evm.utg3201.55                       -            432 361216at33208        -            320   1.3e-19   71.9   0.1   2   3   2.3e-05     0.013   16.1   0.0    67   113   137   184   113   190 0.79 -
evm.utg3201.55                       -            432 361216at33208        -            320   1.3e-19   71.9   0.1   3   3   3.1e-15   1.7e-12   48.5   0.1    41   136   156   258   153   269 0.87 -
evm.utg431.9.1.5c22f0d0              -            356 361216at33208        -            320   2.4e-19   71.0   1.1   1   4      0.11        59    4.0   0.0   181   207    68    96    52   102 0.78 -
evm.utg431.9.1.5c22f0d0              -            356 361216at33208        -            320   2.4e-19   71.0   1.1   2   4   6.4e-11   3.4e-08   34.4   0.2    53   156    78   182    73   190 0.75 -
evm.utg431.9.1.5c22f0d0              -            356 361216at33208        -            320   2.4e-19   71.0   1.1   3   4   1.2e-09   6.5e-07   30.2   0.0    42   130   174   265   169   266 0.87 -
evm.utg431.9.1.5c22f0d0              -            356 361216at33208        -            320   2.4e-19   71.0   1.1   4   4   0.00029      0.16   12.5   0.0    65   118   247   304   244   309 0.80 -
evm.utg5689.11                       -            395 361216at33208        -            320   4.1e-19   70.3   2.5   1   2   2.6e-11   1.4e-08   35.7   0.1    59   159    18   118     3   121 0.82 -
evm.utg5689.11                       -            395 361216at33208        -            320   4.1e-19   70.3   2.5   2   2     2e-10   1.1e-07   32.7   0.6    73   230   168   345   158   384 0.80 -
evm.utg5513.12                       -            358 361216at33208        -            320   2.2e-18   67.9   1.1   1   3     0.074        40    4.6   0.0   181   209    70   100    55   112 0.76 -
evm.utg5513.12                       -            358 361216at33208        -            320   2.2e-18   67.9   1.1   2   3   7.9e-11   4.3e-08   34.1   0.1    53   146    80   180    68   187 0.77 -
evm.utg5513.12                       -            358 361216at33208        -            320   2.2e-18   67.9   1.1   3   3   2.1e-09   1.1e-06   29.4   0.0    42   131   176   268   171   270 0.88 -
evm.utg338.20.1.5c22ef46             -           1342 361216at33208        -            320   4.8e-17   63.5   1.7   1   3   1.6e-06   0.00086   19.9   0.0    96   198     4   113     1   148 0.68 -
evm.utg338.20.1.5c22ef46             -           1342 361216at33208        -            320   4.8e-17   63.5   1.7   2   3   0.00019       0.1   13.1   0.0    85   131   159   214   152   217 0.82 -
evm.utg338.20.1.5c22ef46             -           1342 361216at33208        -            320   4.8e-17   63.5   1.7   3   3     1e-09   5.4e-07   30.4   0.1    74   158   206   295   202   299 0.82 -
evm.utg338.20                        -           1357 361216at33208        -            320   2.1e-16   61.3   5.8   1   4   1.7e-06   0.00093   19.8   0.0    96   198     4   113     1   144 0.69 -
evm.utg338.20                        -           1357 361216at33208        -            320   2.1e-16   61.3   5.8   2   4   0.00019       0.1   13.1   0.0    85   131   159   214   124   216 0.86 -
evm.utg338.20                        -           1357 361216at33208        -            320   2.1e-16   61.3   5.8   3   4     1e-09   5.5e-07   30.4   0.4    74   158   206   295   202   328 0.85 -
evm.utg338.20                        -           1357 361216at33208        -            320   2.1e-16   61.3   5.8   4   4      0.32   1.7e+02    2.5   0.4    85   195   281   393   273   409 0.70 -
evm.utg378.111                       -            631 361216at33208        -            320   3.1e-16   60.8   4.8   1   2   3.3e-12   1.8e-09   38.6   0.9    57   183   226   361   210   365 0.79 -
evm.utg378.111                       -            631 361216at33208        -            320   3.1e-16   60.8   4.8   2   2   3.1e-06    0.0017   18.9   0.2    74   159   406   496   366   563 0.62 -
evm.utg109.64                        -           1223 361216at33208        -            320   1.3e-14   55.5   3.6   1   3     2e-14   1.1e-11   45.9   0.3    60   180   339   468   329   505 0.77 -
evm.utg109.64                        -           1223 361216at33208        -            320   1.3e-14   55.5   3.6   2   3      0.24   1.3e+02    2.9   0.0   144   177   527   568   509   581 0.62 -
evm.utg109.64                        -           1223 361216at33208        -            320   1.3e-14   55.5   3.6   3   3      0.14        75    3.7   0.0    70   101   615   648   590   654 0.76 -
evm.utg616.122.1.5c22f2d7.1.5c2796b6 -            293 361216at33208        -            320   4.1e-14   53.8   1.3   1   3     1e-11   5.7e-09   36.9   0.1    58   159    21   122     2   124 0.80 -
evm.utg616.122.1.5c22f2d7.1.5c2796b6 -            293 361216at33208        -            320   4.1e-14   53.8   1.3   2   3      0.11        59    4.0   0.0   175   196   103   124    99   132 0.85 -
evm.utg616.122.1.5c22f2d7.1.5c2796b6 -            293 361216at33208        -            320   4.1e-14   53.8   1.3   3   3   8.8e-05     0.047   14.2   0.1    73   130   172   231   163   258 0.82 -
evm.utg170.12                        -           1156 361216at33208        -            320   3.8e-13   50.7   7.5   1   3   9.3e-11     5e-08   33.8   2.1    58   194   249   400   206   405 0.69 -
evm.utg170.12                        -           1156 361216at33208        -            320   3.8e-13   50.7   7.5   2   3   0.00019       0.1   13.1   0.3    62   159   409   514   390   517 0.76 -
evm.utg170.12                        -           1156 361216at33208        -            320   3.8e-13   50.7   7.5   3   3       0.1        55    4.1   0.0    60    90   523   555   514   561 0.80 -
evm.utg5815.2                        -            551 361216at33208        -            320     6e-13   50.0   1.9   1   3   7.3e-05     0.039   14.5   0.0    69   105    43    79    17    97 0.76 -
evm.utg5815.2                        -            551 361216at33208        -            320     6e-13   50.0   1.9   2   3    0.0094       5.1    7.5   0.0    63   103    89   136    80   149 0.71 -
evm.utg5815.2                        -            551 361216at33208        -            320     6e-13   50.0   1.9   3   3     2e-06    0.0011   19.6   0.4    74   233   159   351   154   369 0.70 -
evm.utg1517.3                        -            294 361216at33208        -            320     7e-13   49.8   0.0   1   3   1.7e-06   0.00093   19.8   0.0    54   159    16   119     8   122 0.81 -
evm.utg1517.3                        -            294 361216at33208        -            320     7e-13   49.8   0.0   2   3   1.1e-05     0.006   17.1   0.0    50   158   113   214   108   214 0.75 -
evm.utg1517.3                        -            294 361216at33208        -            320     7e-13   49.8   0.0   3   3   1.9e-05     0.011   16.3   0.0    73   149   185   261   173   283 0.86 -
evm.utg1102.6                        -            346 361216at33208        -            320     5e-12   47.0   0.1   1   3   8.5e-11   4.6e-08   34.0   0.0    68   130    96   161    86   164 0.90 -
evm.utg1102.6                        -            346 361216at33208        -            320     5e-12   47.0   0.1   2   3   8.1e-05     0.044   14.3   0.0    71   118   150   199   144   305 0.81 -
evm.utg1102.6                        -            346 361216at33208        -            320     5e-12   47.0   0.1   3   3      0.89   4.8e+02    1.0   0.0    87   130   280   328   254   335 0.59 -
evm.utg858.20.1.5c22f48e             -            419 361216at33208        -            320     8e-12   46.3   3.7   1   3   6.2e-05     0.034   14.7   0.0    71   105    45    79    17   105 0.75 -
evm.utg858.20.1.5c22f48e             -            419 361216at33208        -            320     8e-12   46.3   3.7   2   3     0.034        18    5.7   0.1    70   103    98   136    82   149 0.68 -
evm.utg858.20.1.5c22f48e             -            419 361216at33208        -            320     8e-12   46.3   3.7   3   3   9.8e-06    0.0053   17.3   0.5    75   232   160   350   153   369 0.57 -
evm.utg1031.5                        -            346 361216at33208        -            320   1.9e-11   45.1   0.9   1   3   5.2e-10   2.8e-07   31.4   0.0    68   130    96   161    66   164 0.90 -
evm.utg1031.5                        -            346 361216at33208        -            320   1.9e-11   45.1   0.9   2   3   1.6e-05    0.0086   16.6   0.0    67   119   145   200   143   305 0.77 -
evm.utg1031.5                        -            346 361216at33208        -            320   1.9e-11   45.1   0.9   3   3       1.3   6.9e+02    0.5   0.0    87   130   280   328   254   335 0.57 -
evm.utg356.10                        -            339 361216at33208        -            320     2e-11   45.0   1.5   1   3   2.7e-05     0.015   15.9   0.0    60   103    11    58     5    78 0.80 -
evm.utg356.10                        -            339 361216at33208        -            320     2e-11   45.0   1.5   2   3   0.00092       0.5   10.8   0.0    71   126    90   149    75   191 0.61 -
evm.utg356.10                        -            339 361216at33208        -            320     2e-11   45.0   1.5   3   3     5e-05     0.027   15.0   0.4   170   232   261   333   154   336 0.80 -
evm.utg858.20.1.5c22f48e.1.5c279820  -            342 361216at33208        -            320   2.6e-11   44.6   3.8   1   3   4.6e-05     0.025   15.1   0.0    71   105    45    79    17   105 0.75 -
evm.utg858.20.1.5c22f48e.1.5c279820  -            342 361216at33208        -            320   2.6e-11   44.6   3.8   2   3     0.024        13    6.2   0.1    70   103    98   136    81   149 0.68 -
evm.utg858.20.1.5c22f48e.1.5c279820  -            342 361216at33208        -            320   2.6e-11   44.6   3.8   3   3   0.00097      0.52   10.8   0.1    88   161   235   310   233   340 0.68 -
evm.utg858.20                        -            551 361216at33208        -            320   3.1e-11   44.4   3.1   1   3   9.2e-05      0.05   14.1   0.0    71   105    45    79    17   105 0.75 -
evm.utg858.20                        -            551 361216at33208        -            320   3.1e-11   44.4   3.1   2   3     0.048        26    5.2   0.1    70   103    98   136    82   149 0.68 -
evm.utg858.20                        -            551 361216at33208        -            320   3.1e-11   44.4   3.1   3   3   1.7e-05     0.009   16.6   0.4    75   232   160   350   154   370 0.57 -
evm.utg116.181                       -            491 361216at33208        -            320   3.8e-11   44.1  10.3   1   4   2.2e-05     0.012   16.2   0.2    81   145    90   158    74   178 0.82 -
evm.utg116.181                       -            491 361216at33208        -            320   3.8e-11   44.1  10.3   2   4   1.3e-08   7.3e-06   26.7   1.1    82   150   197   266   185   276 0.77 -
evm.utg116.181                       -            491 361216at33208        -            320   3.8e-11   44.1  10.3   3   4      0.26   1.4e+02    2.8   0.0   121   159   307   345   298   358 0.88 -
evm.utg116.181                       -            491 361216at33208        -            320   3.8e-11   44.1  10.3   4   4         1   5.6e+02    0.8   0.0   121   315   383   398   367   416 0.62 -
evm.utg1091.42                       -            289 361216at33208        -            320   6.6e-11   43.3   2.3   1   4       1.2   6.5e+02    0.6   0.0   108   136    13    41     4    55 0.67 -
evm.utg1091.42                       -            289 361216at33208        -            320   6.6e-11   43.3   2.3   2   4   1.8e-05    0.0097   16.5   0.0    88   133    56   101    45   106 0.87 -
evm.utg1091.42                       -            289 361216at33208        -            320   6.6e-11   43.3   2.3   3   4   7.8e-08   4.2e-05   24.2   0.1    68   136    84   157    82   169 0.83 -
evm.utg1091.42                       -            289 361216at33208        -            320   6.6e-11   43.3   2.3   4   4    0.0035       1.9    8.9   0.0    87   133   178   224   163   243 0.66 -
evm.utg262.55                        -           1270 361216at33208        -            320   8.9e-11   42.9   5.9   1   4      0.11        62    4.0   0.0    87   155     9    83     4    85 0.77 -
evm.utg262.55                        -           1270 361216at33208        -            320   8.9e-11   42.9   5.9   2   4   6.6e-05     0.036   14.6   0.1    85   131    72   127    66   130 0.82 -
evm.utg262.55                        -           1270 361216at33208        -            320   8.9e-11   42.9   5.9   3   4   1.1e-09   6.1e-07   30.3   0.2    74   158   119   208   115   210 0.82 -
evm.utg262.55                        -           1270 361216at33208        -            320   8.9e-11   42.9   5.9   4   4      0.28   1.5e+02    2.7   0.3    85   195   194   306   187   322 0.69 -
evm.utg4157.53                       -           1590 361216at33208        -            320   1.9e-10   41.8   7.3   1   3   8.2e-10   4.4e-07   30.7   2.5    59   198   835   989   795  1025 0.72 -
evm.utg4157.53                       -           1590 361216at33208        -            320   1.9e-10   41.8   7.3   2   3    0.0067       3.6    8.0   0.2    74   159  1010  1099   987  1108 0.65 -
evm.utg4157.53                       -           1590 361216at33208        -            320   1.9e-10   41.8   7.3   3   3       0.1        56    4.1   0.0    60    91  1108  1141  1099  1162 0.79 -
evm.utg2967.33                       -            589 361216at33208        -            320   2.1e-10   41.6   0.0   1   3   2.8e-05     0.015   15.8   0.0    63   159   323   414   296   417 0.74 -
evm.utg2967.33                       -            589 361216at33208        -            320   2.1e-10   41.6   0.0   2   3   6.3e-05     0.034   14.7   0.0    52   158   410   509   406   509 0.73 -
evm.utg2967.33                       -            589 361216at33208        -            320   2.1e-10   41.6   0.0   3   3   0.00013     0.073   13.6   0.0    73   148   480   555   465   576 0.86 -
evm.utg4157.53.2.5c2794d6            -           1127 361216at33208        -            320   1.2e-09   39.2   6.1   1   2   5.6e-10     3e-07   31.3   2.7    58   198   834   989   795  1025 0.72 -
evm.utg4157.53.2.5c2794d6            -           1127 361216at33208        -            320   1.2e-09   39.2   6.1   2   2    0.0043       2.3    8.6   0.1    75   159  1011  1099   990  1110 0.65 -
evm.utg6183.44                       -            571 361216at33208        -            320   4.6e-09   37.2   0.4   1   3     0.013       7.1    7.1   0.0   168   212   282   327   266   336 0.79 -
evm.utg6183.44                       -            571 361216at33208        -            320   4.6e-09   37.2   0.4   2   3   6.9e-05     0.037   14.5   0.1    53   158   305   401   301   413 0.84 -
evm.utg6183.44                       -            571 361216at33208        -            320   4.6e-09   37.2   0.4   3   3   6.3e-06    0.0034   18.0   0.0    40   135   431   530   415   552 0.80 -
evm.utg858.20.1.5c22f48e.2.5c279820  -            297 361216at33208        -            320   2.5e-08   34.8   2.8   1   4   3.7e-05      0.02   15.4   0.0    71   105    45    79    17   105 0.74 -
evm.utg858.20.1.5c22f48e.2.5c279820  -            297 361216at33208        -            320   2.5e-08   34.8   2.8   2   4      0.02        11    6.4   0.0    70   103    98   136    82   149 0.68 -
evm.utg858.20.1.5c22f48e.2.5c279820  -            297 361216at33208        -            320   2.5e-08   34.8   2.8   3   4    0.0019         1    9.8   0.1    75   130   160   221   153   222 0.63 -
evm.utg858.20.1.5c22f48e.2.5c279820  -            297 361216at33208        -            320   2.5e-08   34.8   2.8   4   4     0.069        37    4.7   0.0   196   223   196   223   195   284 0.92 -
evm.utg616.122                       -            279 361216at33208        -            320   3.9e-08   34.2   0.9   1   1   3.9e-10   2.1e-07   31.8   0.9    73   230    52   229    42   268 0.80 -
evm.utg616.122.1.5c22f2d7            -            223 361216at33208        -            320   4.9e-08   33.9   1.5   1   1   1.7e-09   9.4e-07   29.6   1.5    73   222    52   221    44   222 0.79 -
evm.utg7652.49                       -            569 361216at33208        -            320   5.6e-08   33.7   0.6   1   3    0.0025       1.4    9.4   0.1   168   223   280   335   263   352 0.80 -
evm.utg7652.49                       -            569 361216at33208        -            320   5.6e-08   33.7   0.6   2   3      0.15        79    3.6   0.1   182   223   340   381   318   393 0.58 -
evm.utg7652.49                       -            569 361216at33208        -            320   5.6e-08   33.7   0.6   3   3   6.3e-06    0.0034   18.0   0.0    40   135   429   528   414   550 0.80 -
evm.utg7652.41                       -            726 361216at33208        -            320   3.7e-07   31.0   0.1   1   4      0.09        49    4.3   0.0   198   243   345   387   339   407 0.76 -
evm.utg7652.41                       -            726 361216at33208        -            320   3.7e-07   31.0   0.1   2   4       1.9     1e+03   -0.0   0.0   202   223   407   428   388   441 0.70 -
evm.utg7652.41                       -            726 361216at33208        -            320   3.7e-07   31.0   0.1   3   4       2.6   1.4e+03   -0.5   0.0   117   140   413   435   408   457 0.67 -
evm.utg7652.41                       -            726 361216at33208        -            320   3.7e-07   31.0   0.1   4   4   3.8e-07   0.00021   22.0   0.0    74   226   534   703   517   708 0.73 -
evm.utg203.106                       -            598 361216at33208        -            320   7.1e-07   30.0   3.6   1   4    0.0054       2.9    8.3   0.0    54   136   317   401   298   408 0.65 -
evm.utg203.106                       -            598 361216at33208        -            320   7.1e-07   30.0   3.6   2   4   4.4e-05     0.024   15.2   0.2    51   182   363   495   347   498 0.73 -
evm.utg203.106                       -            598 361216at33208        -            320   7.1e-07   30.0   3.6   3   4   0.00029      0.15   12.5   0.2    63   132   471   540   457   547 0.74 -
evm.utg203.106                       -            598 361216at33208        -            320   7.1e-07   30.0   3.6   4   4   0.00035      0.19   12.2   0.2    51   103   506   560   493   573 0.84 -
evm.utg6183.33                       -            236 361216at33208        -            320   2.2e-06   28.5   0.1   1   1   1.4e-08   7.6e-06   26.7   0.1    74   225    60   227    43   234 0.71 -
evm.utg9251.16                       -            589 361216at33208        -            320   8.1e-06   26.6   1.7   1   3   7.3e-05     0.039   14.5   0.2    52   160   301   404   288   426 0.85 -
evm.utg9251.16                       -            589 361216at33208        -            320   8.1e-06   26.6   1.7   2   3    0.0011      0.59   10.6   0.3    53   159   400   500   389   506 0.80 -
evm.utg9251.16                       -            589 361216at33208        -            320   8.1e-06   26.6   1.7   3   3    0.0023       1.2    9.6   0.1    54   161   448   553   433   560 0.72 -
evm.utg4046.36                       -            576 361216at33208        -            320   1.4e-05   25.8   0.0   1   2   2.6e-06    0.0014   19.2   0.0    45   269   305   535   298   538 0.77 -
evm.utg4046.36                       -            576 361216at33208        -            320   1.4e-05   25.8   0.0   2   2     0.003       1.6    9.2   0.0    47   102   497   558   489   563 0.83 -
evm.utg18.57                         -            584 361216at33208        -            320   2.7e-05   24.9   0.2   1   2    0.0016      0.88   10.0   0.0   171   228   334   392   299   421 0.84 -
evm.utg18.57                         -            584 361216at33208        -            320   2.7e-05   24.9   0.2   2   2    0.0013      0.71   10.3   0.0    73   159   474   551   437   556 0.58 -
evm.utg3722.19                       -            583 361216at33208        -            320    0.0002   22.0   0.0   1   2       1.3     7e+02    0.5   0.0    54    81   362   391   351   422 0.76 -
evm.utg3722.19                       -            583 361216at33208        -            320    0.0002   22.0   0.0   2   2   4.4e-06    0.0024   18.5   0.0    47   160   454   566   444   574 0.82 -
evm.utg693.22                        -             89 361216at33208        -            320   0.00029   21.5   0.0   1   1   5.4e-07   0.00029   21.5   0.0    59   107    10    62     2    83 0.72 -
evm.utg3019.42.1.5c22eea8            -            671 361216at33208        -            320   0.00033   21.3   0.7   1   4    0.0084       4.6    7.7   0.0   197   258   261   330   256   370 0.62 -
evm.utg3019.42.1.5c22eea8            -            671 361216at33208        -            320   0.00033   21.3   0.7   2   4      0.29   1.6e+02    2.6   0.0   121   159   393   432   388   436 0.82 -
evm.utg3019.42.1.5c22eea8            -            671 361216at33208        -            320   0.00033   21.3   0.7   3   4      0.27   1.4e+02    2.8   0.0   184   231   422   474   419   485 0.71 -
evm.utg3019.42.1.5c22eea8            -            671 361216at33208        -            320   0.00033   21.3   0.7   4   4      0.06        33    4.9   0.1   180   205   533   558   530   591 0.88 -
evm.utg5367.12                       -            513 361216at33208        -            320   0.00052   20.6   0.3   1   2    0.0032       1.7    9.1   0.0   167   229   257   320   215   350 0.81 -
evm.utg5367.12                       -            513 361216at33208        -            320   0.00052   20.6   0.3   2   2    0.0043       2.3    8.7   0.0   116   179   397   461   322   488 0.73 -
evm.utg2606.6                        -            609 361216at33208        -            320   0.00053   20.6   0.1   1   1   1.8e-06   0.00098   19.7   0.1     4    37    17    49    14    69 0.91 -
evm.utg2606.6.1.5c22ede6             -            609 361216at33208        -            320   0.00053   20.6   0.1   1   1   1.8e-06   0.00098   19.7   0.1     4    37    17    49    14    69 0.91 -
evm.utg3019.42                       -            730 361216at33208        -            320    0.0006   20.4   1.0   1   4    0.0096       5.2    7.5   0.0   197   258   261   330   256   370 0.62 -
evm.utg3019.42                       -            730 361216at33208        -            320    0.0006   20.4   1.0   2   4      0.33   1.8e+02    2.4   0.0   121   159   393   432   388   435 0.82 -
evm.utg3019.42                       -            730 361216at33208        -            320    0.0006   20.4   1.0   3   4      0.24   1.3e+02    2.9   0.0   184   231   422   474   416   485 0.72 -
evm.utg3019.42                       -            730 361216at33208        -            320    0.0006   20.4   1.0   4   4     0.066        36    4.7   0.1   180   205   533   558   530   590 0.88 -
evm.utg8851.19                       -            794 361216at33208        -            320   0.00066   20.3   0.1   1   1     3e-06    0.0016   19.0   0.1     4    41    11    48     9    78 0.80 -
evm.utg3013.11                       -            583 361216at33208        -            320   0.00069   20.2   0.0   1   2       1.2   6.4e+02    0.6   0.0    54    81   362   391   355   423 0.69 -
evm.utg3013.11                       -            583 361216at33208        -            320   0.00069   20.2   0.0   2   2   1.9e-05      0.01   16.4   0.0    47   160   454   566   444   574 0.81 -
evm.utg6432.3                        -            609 361216at33208        -            320   0.00074   20.1   0.1   1   1   2.7e-06    0.0015   19.2   0.1     4    38    17    50    14    71 0.90 -
evm.utg4695.63                       -            722 361216at33208        -            320    0.0013   19.4   0.1   1   1   5.7e-06    0.0031   18.1   0.1     4    39    11    46     8    74 0.85 -
evm.utg498.169.3.5c22f1aa            -            358 361216at33208        -            320    0.0015   19.1   0.2   1   1   5.8e-06    0.0031   18.1   0.1     2    40     5    42     4    61 0.88 -
evm.utg699.30                        -            638 361216at33208        -            320    0.0028   18.2   0.8   1   2     0.017         9    6.7   0.0   147   230   384   479   376   504 0.76 -
evm.utg699.30                        -            638 361216at33208        -            320    0.0028   18.2   0.8   2   2    0.0042       2.3    8.7   0.5   142   227   520   617   510   632 0.55 -
evm.utg699.30.1.5c22f365             -            638 361216at33208        -            320    0.0028   18.2   0.8   1   2     0.017         9    6.7   0.0   147   230   384   479   376   504 0.76 -
evm.utg699.30.1.5c22f365             -            638 361216at33208        -            320    0.0028   18.2   0.8   2   2    0.0042       2.3    8.7   0.5   142   227   520   617   510   632 0.55 -
evm.utg3235.19                       -            638 361216at33208        -            320    0.0033   18.0   1.3   1   2     0.007       3.8    7.9   0.0   147   230   384   479   376   492 0.79 -
evm.utg3235.19                       -            638 361216at33208        -            320    0.0033   18.0   1.3   2   2     0.008       4.3    7.8   0.3   141   227   519   617   512   624 0.62 -
evm.utg3235.19.1.5c22ef0c            -            638 361216at33208        -            320    0.0033   18.0   1.3   1   2     0.007       3.8    7.9   0.0   147   230   384   479   376   492 0.79 -
evm.utg3235.19.1.5c22ef0c            -            638 361216at33208        -            320    0.0033   18.0   1.3   2   2     0.008       4.3    7.8   0.3   141   227   519   617   512   624 0.62 -
evm.utg3235.19.2.5c22ef0c            -            638 361216at33208        -            320    0.0033   18.0   1.3   1   2     0.007       3.8    7.9   0.0   147   230   384   479   376   492 0.79 -
evm.utg3235.19.2.5c22ef0c            -            638 361216at33208        -            320    0.0033   18.0   1.3   2   2     0.008       4.3    7.8   0.3   141   227   519   617   512   624 0.62 -
evm.utg52.116                        -            474 361216at33208        -            320     0.004   17.7   0.0   1   1   1.2e-05    0.0064   17.1   0.0     2    68     1    68     1    82 0.77 -
evm.utg77.86                         -            568 361216at33208        -            320    0.0052   17.4   0.1   1   2    0.0046       2.5    8.5   0.1   172   227   288   347   276   361 0.68 -
evm.utg77.86                         -            568 361216at33208        -            320    0.0052   17.4   0.1   2   2     0.027        15    6.0   0.0    50   225   355   534   344   546 0.68 -
evm.utg3839.68                       -            333 361216at33208        -            320    0.0072   16.9   0.1   1   1   2.4e-05     0.013   16.1   0.1     2    39    44    80    43   113 0.87 -
evm.utg101.146                       -            205 361216at33208        -            320    0.0079   16.7   0.0   1   2      0.23   1.2e+02    3.0   0.0    51    88    38    77    22    81 0.84 -
evm.utg101.146                       -            205 361216at33208        -            320    0.0079   16.7   0.0   2   2   0.00051      0.27   11.7   0.0    51   128    88   166    78   189 0.74 -
evm.utg14731.14                      -            248 361216at33208        -            320    0.0099   16.4   0.1   1   1   3.9e-05     0.021   15.4   0.0     3    39     5    41     3    60 0.91 -
evm.utg301.145                       -           1421 361216at33208        -            320     0.012   16.2   0.2   1   1   4.3e-05     0.023   15.2   0.2     4    57    55   107    53   124 0.87 -
evm.utg1330.17                       -            289 361216at33208        -            320     0.014   15.9   0.0   1   1     4e-05     0.022   15.3   0.0     2    42     1    42     1    66 0.88 -
evm.utg1708.33                       -            729 361216at33208        -            320     0.024   15.1   0.1   1   1   7.6e-05     0.041   14.4   0.1     2    41   199   237   198   262 0.80 -
evm.utg1694.36.1.5c22ebbd            -            491 361216at33208        -            320     0.025   15.1   0.0   1   1    0.0001     0.054   14.0   0.0     2    39    79   115    78   122 0.90 -
evm.utg1694.36                       -            506 361216at33208        -            320     0.026   15.0   0.0   1   1    0.0001     0.056   14.0   0.0     2    39    79   115    78   122 0.90 -
evm.utg1972.61                       -            423 361216at33208        -            320      0.03   14.8   0.0   1   1   0.00011      0.06   13.9   0.0     8    45    19    55    15    79 0.84 -
evm.utg7148.4                        -            620 361216at33208        -            320     0.038   14.5   0.0   1   1   0.00013     0.068   13.7   0.0     2    42     1    42     1    63 0.88 -
evm.utg861.26                        -            455 361216at33208        -            320      0.04   14.5   0.1   1   1   0.00012     0.066   13.7   0.1     2    38     4    39     3    64 0.92 -
evm.utg298.7                         -            780 361216at33208        -            320     0.041   14.4   0.1   1   1   0.00014     0.078   13.5   0.1     2    41   232   270   231   297 0.78 -
evm.utg4046.37                       -            615 361216at33208        -            320     0.047   14.2   0.2   1   1   0.00052      0.28   11.7   0.0   166   226   481   546   445   557 0.69 -
evm.utg2433.5                        -            411 361216at33208        -            320     0.052   14.1   0.1   1   1   0.00016     0.086   13.3   0.1     3    38    11    46     9    63 0.92 -
evm.utg27318.23                      -            258 361216at33208        -            320     0.057   13.9   0.1   1   1   0.00016     0.084   13.4   0.1     2    41     7    45     6   112 0.82 -
evm.utg2013.22                       -            285 361216at33208        -            320     0.062   13.8   0.1   1   2      0.18        95    3.3   0.0   139   169    71   101    66   119 0.84 -
evm.utg2013.22                       -            285 361216at33208        -            320     0.062   13.8   0.1   2   2     0.023        12    6.3   0.0    51   166   134   240   123   255 0.74 -
utg9902.equina_smart_973587.mrna2    -            644 361216at33208        -            320     0.064   13.8   0.0   1   1    0.0002      0.11   13.0   0.0     3    39    14    51    12    78 0.87 -
evm.utg868.50                        -            392 361216at33208        -            320     0.073   13.6   0.0   1   1   0.00021      0.11   13.0   0.0     2    37     1    35     1    38 0.93 -
evm.utg3576.11                       -            160 361216at33208        -            320     0.073   13.6   0.0   1   2   0.00034      0.19   12.3   0.0     2    40     1    38     1    64 0.81 -
evm.utg3576.11                       -            160 361216at33208        -            320     0.073   13.6   0.0   2   2       3.8     2e+03   -1.0   0.0   220   273    66   121    58   134 0.65 -
evm.utg7289.55                       -            508 361216at33208        -            320      0.11   13.0   0.0   1   1   0.00032      0.17   12.4   0.0     2    38    22    57    21    76 0.87 -
evm.utg293.63                        -            578 361216at33208        -            320      0.12   12.9   0.3   1   2       5.1   2.7e+03   -1.5   0.0   147   169   308   332   303   403 0.62 -
evm.utg293.63                        -            578 361216at33208        -            320      0.12   12.9   0.3   2   2   0.00088      0.47   10.9   0.0    51   169   456   567   444   573 0.80 -
evm.utg3839.69                       -            328 361216at33208        -            320      0.12   12.8   0.0   1   1    0.0004      0.21   12.0   0.0     4    39    21    55    19    63 0.89 -
evm.utg4.13                          -            379 361216at33208        -            320      0.13   12.7   0.1   1   2    0.0062       3.4    8.1   0.0     3    38     7    41     5    82 0.88 -
evm.utg4.13                          -            379 361216at33208        -            320      0.13   12.7   0.1   2   2      0.36     2e+02    2.3   0.0    20    46   181   207   174   228 0.77 -
evm.utg172.95                        -            357 361216at33208        -            320      0.14   12.7   0.0   1   1   0.00047      0.26   11.8   0.0     2    71    26    94    25   114 0.82 -
evm.utg1588.8                        -            726 361216at33208        -            320      0.14   12.6   0.1   1   1   0.00045      0.24   11.9   0.1     4    39    24    58    22    66 0.89 -
evm.utg2637.8                        -            591 361216at33208        -            320      0.14   12.6   0.5   1   1    0.0023       1.2    9.5   0.5    53   187   417   551   358   566 0.55 -
evm.utg5950.18                       -            591 361216at33208        -            320      0.15   12.6   0.5   1   1    0.0023       1.2    9.5   0.5    53   187   417   551   358   566 0.55 -
evm.utg715.37                        -            584 361216at33208        -            320      0.16   12.5   0.5   1   3       9.6   5.2e+03   -2.4   0.0    54    81   318   347   306   355 0.81 -
evm.utg715.37                        -            584 361216at33208        -            320      0.16   12.5   0.5   2   3      0.18        99    3.3   0.1    54   136   372   454   347   473 0.66 -
evm.utg715.37                        -            584 361216at33208        -            320      0.16   12.5   0.5   3   3    0.0013      0.71   10.3   0.2    48   160   413   520   402   547 0.83 -
evm.utg1691.20                       -            124 361216at33208        -            320      0.17   12.4   0.1   1   1   0.00037       0.2   12.1   0.1     2    40     4    41     3    62 0.88 -
evm.utg37289.4                       -            376 361216at33208        -            320      0.17   12.4   0.0   1   1   0.00052      0.28   11.7   0.0     8    60    20    71    15    85 0.80 -
evm.utg356.123                       -            583 361216at33208        -            320      0.19   12.2   0.0   1   1   0.00066      0.36   11.3   0.0     3    56     8    63     6    81 0.73 -
evm.utg7042.7                        -            330 361216at33208        -            320       0.2   12.2   0.0   1   1   0.00082      0.44   11.0   0.0     2    39     1    37     1    64 0.82 -
evm.utg3522.60                       -            455 361216at33208        -            320      0.22   12.0   0.0   1   1    0.0006      0.32   11.5   0.0     2    39    53    89    52   117 0.84 -
evm.utg709.12                        -            455 361216at33208        -            320      0.22   12.0   0.0   1   1    0.0006      0.32   11.5   0.0     2    39    53    89    52   117 0.84 -
evm.utg7549.8                        -            466 361216at33208        -            320      0.26   11.8   0.0   1   1   0.00082      0.44   11.0   0.0     4    37     9    41     7    49 0.93 -
evm.utg2303.61                       -            723 361216at33208        -            320      0.26   11.8   0.0   1   1   0.00076      0.41   11.1   0.0     2    43     1    41     1    73 0.79 -
evm.utg2303.61.1.5c22ed65            -            753 361216at33208        -            320      0.28   11.7   0.0   1   1    0.0008      0.43   11.0   0.0     2    43     1    41     1    73 0.79 -
evm.utg364.29                        -            339 361216at33208        -            320      0.29   11.6   0.2   1   2     0.002       1.1    9.8   0.1   172   231   134   193   123   211 0.92 -
evm.utg364.29                        -            339 361216at33208        -            320      0.29   11.6   0.2   2   2       4.7   2.5e+03   -1.3   0.0   171   219   228   272   220   283 0.63 -
evm.utg750.57                        -            472 361216at33208        -            320      0.48   10.9   0.0   1   1    0.0015      0.81   10.2   0.0     4    38   172   205   169   215 0.90 -
#
# Program:         hmmsearch
# Version:         3.1b2 (February 2015)
# Pipeline mode:   SEARCH
# Query file:      /uoa/scratch/users/r02hw22/project_dark_genes/busco_downloads/lineages/metazoa_odb10/hmms/361216at33208.hmm
# Target file:     /uoa/scratch/users/r02hw22/project_dark_genes/00_raw/equina_smart.rnam-trna.merged.ggf.curated.remredun.aa.fa
# Option settings: hmmsearch --domtblout /uoa/scratch/users/r02hw22/project_dark_genes/equina_busco_proteins/run_metazoa_odb10/hmmer_output/initial_run_results/361216at33208.out --cpu 1 /uoa/scratch/users/r02hw22/project_dark_genes/busco_downloads/lineages/metazoa_odb10/hmms/361216at33208.hmm /uoa/scratch/users/r02hw22/project_dark_genes/00_raw/equina_smart.rnam-trna.merged.ggf.curated.remredun.aa.fa 
# Current dir:     /uoa/scratch/users/r02hw22/project_dark_genes
# Date:            Sat Apr 25 14:41:34 2026
# [ok]
