#                                                                            --- full sequence --- -------------- this domain -------------   hmm coord   ali coord   env coord
# target name        accession   tlen query name           accession   qlen   E-value  score  bias   #  of  c-Evalue  i-Evalue  score  bias  from    to  from    to  from    to  acc description of target
#------------------- ---------- ----- -------------------- ---------- ----- --------- ------ ----- --- --- --------- --------- ------ ----- ----- ----- ----- ----- ----- ----- ---- ---------------------
evm.utg479.173       -            507 367493at33208        -            349  1.4e-120  404.2   6.5   1   4     9e-41   1.2e-36  128.2   0.0     1   110     1   124     1   131 0.90 -
evm.utg479.173       -            507 367493at33208        -            349  1.4e-120  404.2   6.5   2   4   1.9e-06     0.026   15.3   0.0   109   184   143   240   136   248 0.67 -
evm.utg479.173       -            507 367493at33208        -            349  1.4e-120  404.2   6.5   3   4   5.3e-12   7.4e-08   33.5   0.0   151   187   249   285   242   301 0.87 -
evm.utg479.173       -            507 367493at33208        -            349  1.4e-120  404.2   6.5   4   4   1.9e-69   2.7e-65  222.5   0.4   186   349   307   490   298   490 0.89 -
evm.utg1781.19       -            507 367493at33208        -            349  1.5e-120  404.2   7.4   1   4   6.6e-41   9.1e-37  128.6   0.0     1   110     1   124     1   131 0.91 -
evm.utg1781.19       -            507 367493at33208        -            349  1.5e-120  404.2   7.4   2   4   1.8e-06     0.026   15.3   0.0   109   184   143   240   136   248 0.66 -
evm.utg1781.19       -            507 367493at33208        -            349  1.5e-120  404.2   7.4   3   4     8e-12   1.1e-07   33.0   0.0   151   186   249   284   243   301 0.88 -
evm.utg1781.19       -            507 367493at33208        -            349  1.5e-120  404.2   7.4   4   4   1.3e-69   1.8e-65  223.0   0.7   186   349   307   490   304   490 0.89 -
evm.utg4856.49       -            525 367493at33208        -            349      0.19   12.5   0.0   1   1   2.3e-05      0.32   11.7   0.0    12    94   132   214   126   217 0.93 -
evm.utg378.166       -            112 367493at33208        -            349      0.24   12.2   0.7   1   2      0.03   4.1e+02    1.5   0.1   276   309    10    43     6    50 0.76 -
evm.utg378.166       -            112 367493at33208        -            349      0.24   12.2   0.7   2   2   3.8e-05      0.53   11.0   0.4    23    91    36   109    25   110 0.81 -
#
# Program:         hmmsearch
# Version:         3.1b2 (February 2015)
# Pipeline mode:   SEARCH
# Query file:      /uoa/scratch/users/r02hw22/project_dark_genes/busco_downloads/lineages/metazoa_odb10/hmms/367493at33208.hmm
# Target file:     /uoa/scratch/users/r02hw22/project_dark_genes/00_raw/equina_smart.rnam-trna.merged.ggf.curated.remredun.aa.fa
# Option settings: hmmsearch --domtblout /uoa/scratch/users/r02hw22/project_dark_genes/equina_busco_proteins/run_metazoa_odb10/hmmer_output/initial_run_results/367493at33208.out --cpu 1 /uoa/scratch/users/r02hw22/project_dark_genes/busco_downloads/lineages/metazoa_odb10/hmms/367493at33208.hmm /uoa/scratch/users/r02hw22/project_dark_genes/00_raw/equina_smart.rnam-trna.merged.ggf.curated.remredun.aa.fa 
# Current dir:     /uoa/scratch/users/r02hw22/project_dark_genes
# Date:            Sat Apr 25 14:41:44 2026
# [ok]
