#                                                                                           --- full sequence --- -------------- this domain -------------   hmm coord   ali coord   env coord
# target name                       accession   tlen query name           accession   qlen   E-value  score  bias   #  of  c-Evalue  i-Evalue  score  bias  from    to  from    to  from    to  acc description of target
#               ------------------- ---------- ----- -------------------- ---------- ----- --------- ------ ----- --- --- --------- --------- ------ ----- ----- ----- ----- ----- ----- ----- ---- ---------------------
evm.utg1355.22                      -            316 378768at33208        -            261    3e-151  503.9  10.6   1   1  4.9e-153  5.7e-150  499.7  10.6     1   261     7   302     7   302 0.93 -
evm.utg280.52                       -            316 378768at33208        -            261    3e-151  503.9  10.6   1   1  4.9e-153  5.7e-150  499.7  10.6     1   261     7   302     7   302 0.93 -
evm.utg1355.22.1.5c22ea4e           -            285 378768at33208        -            261  2.2e-141  471.6   9.8   1   1  3.8e-143  4.4e-140  467.3   9.8     1   241     7   282     7   284 0.91 -
evm.utg300.55.1.5c22ee86            -            278 378768at33208        -            261   1.8e-12   49.0   0.4   1   2   2.4e-10   2.8e-07   32.0   0.1     2   130    39   164    38   177 0.90 -
evm.utg300.55.1.5c22ee86            -            278 378768at33208        -            261   1.8e-12   49.0   0.4   2   2   2.6e-05      0.03   15.5   0.1   135   173   193   231   186   256 0.76 -
evm.utg300.55                       -            386 378768at33208        -            261   3.6e-12   48.0   0.7   1   2   5.1e-10     6e-07   30.9   0.1     2   130    39   164    38   176 0.90 -
evm.utg300.55                       -            386 378768at33208        -            261   3.6e-12   48.0   0.7   2   2   2.9e-05     0.033   15.4   0.1   135   187   193   248   186   275 0.75 -
evm.utg2246.31                      -            390 378768at33208        -            261   3.8e-12   48.0   0.7   1   2   5.2e-10   6.1e-07   30.9   0.1     2   130    43   168    42   180 0.90 -
evm.utg2246.31                      -            390 378768at33208        -            261   3.8e-12   48.0   0.7   2   2   2.9e-05     0.034   15.3   0.1   135   187   197   252   190   279 0.75 -
evm.utg431.43                       -            182 378768at33208        -            261   0.00038   21.7   0.0   1   1   4.4e-07   0.00051   21.3   0.0     2    93    17    99    16   115 0.78 -
evm.utg6894.6                       -            182 378768at33208        -            261   0.00038   21.7   0.0   1   1   4.4e-07   0.00051   21.3   0.0     2    93    17    99    16   115 0.78 -
evm.utg2129.99                      -            214 378768at33208        -            261   0.00057   21.1   0.4   1   1   6.4e-07   0.00075   20.8   0.4     4   132    16   137    14   168 0.80 -
evm.utg2757.24                      -            263 378768at33208        -            261   0.00083   20.6   0.1   1   1   7.5e-07   0.00087   20.5   0.1     4   128    51   169    48   256 0.81 -
evm.utg116.291                      -            189 378768at33208        -            261    0.0012   20.1   0.0   1   1   1.3e-06    0.0015   19.8   0.0     4    86    19    92    16   131 0.73 -
evm.utg190.71                       -            212 378768at33208        -            261    0.0021   19.3   0.5   1   1   2.6e-06     0.003   18.8   0.5     4   120    11   123     9   138 0.80 -
evm.utg1455.19                      -            206 378768at33208        -            261    0.0054   18.0   0.0   1   1   5.5e-06    0.0064   17.7   0.0     4   102    10   103     5   173 0.73 -
evm.utg1455.19.1.5c22ead6           -            206 378768at33208        -            261    0.0054   18.0   0.0   1   1   5.5e-06    0.0064   17.7   0.0     4   102    10   103     5   173 0.73 -
evm.utg791.11                       -            211 378768at33208        -            261    0.0071   17.6   0.2   1   1   1.1e-05     0.012   16.8   0.1     3    66    15    78    13   124 0.82 -
evm.utg590.16                       -            211 378768at33208        -            261    0.0073   17.5   0.1   1   1   7.3e-06    0.0085   17.3   0.1     3    81    15    88    13   149 0.78 -
evm.utg388.9                        -            210 378768at33208        -            261    0.0093   17.2   0.4   1   1   1.1e-05     0.013   16.7   0.4     4   120    11   123     9   155 0.79 -
evm.utg77.24.1.5c22f415             -            166 378768at33208        -            261     0.014   16.6   0.3   1   1   1.5e-05     0.018   16.2   0.3     4    96    10    97     8   154 0.81 -
evm.utg157399.1                     -            247 378768at33208        -            261      0.03   15.5   0.1   1   1     4e-05     0.047   14.9   0.1     4    92    28   112    25   126 0.73 -
evm.utg910.138                      -            199 378768at33208        -            261     0.033   15.4   0.0   1   1   4.7e-05     0.055   14.7   0.0     4    85     8    84     5   139 0.65 -
evm.utg52.71                        -            225 378768at33208        -            261     0.039   15.1   0.0   1   1   4.2e-05     0.049   14.8   0.0     4   128    23   146    20   161 0.73 -
evm.utg7289.46                      -            218 378768at33208        -            261     0.041   15.1   0.0   1   1   4.7e-05     0.054   14.7   0.0     4   100    12   103     9   125 0.80 -
evm.utg10541.3                      -            215 378768at33208        -            261     0.045   14.9   0.1   1   1   4.8e-05     0.056   14.6   0.1     4   101    18   110    15   139 0.80 -
evm.utg7.14                         -            215 378768at33208        -            261      0.05   14.8   0.1   1   1   5.4e-05     0.063   14.5   0.1     4   101    18   110    15   136 0.80 -
evm.utg1137.26                      -            103 378768at33208        -            261     0.065   14.4   0.0   1   1   7.2e-05     0.084   14.0   0.0     4    91    15    97    12   100 0.72 -
evm.utg622.28                       -            169 378768at33208        -            261     0.067   14.4   0.1   1   1   8.6e-05       0.1   13.8   0.1     3   131    23   145    21   154 0.67 -
evm.utg116.364                      -            203 378768at33208        -            261     0.072   14.3   0.1   1   1   7.3e-05     0.085   14.0   0.1     4    99    10   100     8   165 0.78 -
evm.utg1031.19                      -            122 378768at33208        -            261     0.073   14.2   0.1   1   1   7.1e-05     0.082   14.1   0.1     4    66    11    73     8   113 0.80 -
evm.utg1455.9                       -            166 378768at33208        -            261     0.079   14.1   0.0   1   1   6.9e-05      0.08   14.1   0.0     7    96     5    86     1   145 0.75 -
evm.utg1091.51.1.5c22e87b           -            167 378768at33208        -            261     0.079   14.1   0.1   1   1   8.5e-05     0.099   13.8   0.1     4   129    15   138    12   160 0.70 -
evm.utg3019.15                      -            186 378768at33208        -            261     0.081   14.1   0.0   1   1   7.9e-05     0.092   13.9   0.0     6    96    24   106    19   164 0.75 -
evm.utg293.34                       -            211 378768at33208        -            261     0.082   14.1   0.1   1   1    0.0001      0.12   13.6   0.1     4    93    10    94     7   124 0.74 -
evm.utg1102.20                      -            200 378768at33208        -            261      0.11   13.6   0.1   1   1   0.00013      0.15   13.2   0.1     4    66    11    73     8   135 0.77 -
evm.utg219.31                       -            215 378768at33208        -            261      0.12   13.6   0.1   1   1   0.00016      0.19   12.9   0.1     3   131    23   145    21   158 0.68 -
evm.utg1087.5                       -            193 378768at33208        -            261      0.12   13.5   0.0   1   1   0.00017      0.19   12.9   0.0     3    64    20    77    18   101 0.75 -
evm.utg8.30                         -            205 378768at33208        -            261      0.13   13.4   0.0   1   1   0.00015      0.17   13.0   0.0     4    66    10    72     7   132 0.72 -
evm.utg101.53                       -            242 378768at33208        -            261      0.13   13.4   0.0   1   1   0.00016      0.18   12.9   0.0     2    92     6    96     5   121 0.75 -
evm.utg924.70.72                    -            230 378768at33208        -            261      0.14   13.3   0.1   1   1   0.00014      0.17   13.1   0.1     3   134    29   154    27   194 0.80 -
evm.utg52.69                        -            223 378768at33208        -            261      0.16   13.1   0.1   1   1   0.00019      0.22   12.7   0.1     3   129    22   142    20   171 0.82 -
evm.utg791.13.1.5c22f448.1.5c2797eb -            122 378768at33208        -            261      0.16   13.1   0.1   1   1   0.00018       0.2   12.8   0.1     4    66    10    72     7   111 0.82 -
evm.utg1177.10                      -            237 378768at33208        -            261      0.18   13.0   0.3   1   1   0.00022      0.26   12.5   0.3     4   125    23   139    20   189 0.75 -
evm.utg1091.38                      -            229 378768at33208        -            261      0.19   12.9   0.1   1   2   0.00032      0.37   11.9   0.0     4    65    16    77    13   101 0.75 -
evm.utg1091.38                      -            229 378768at33208        -            261      0.19   12.9   0.1   2   2       7.9   9.2e+03   -2.5   0.0   178   195   152   169   114   190 0.55 -
evm.utg580.24                       -            237 378768at33208        -            261      0.19   12.8   0.3   1   1    0.0003      0.35   12.0   0.2     4   125    23   139    20   149 0.71 -
evm.utg7855.43                      -            211 378768at33208        -            261      0.23   12.6   0.1   1   2   0.00049      0.57   11.3   0.0     4    90    15    96    12   109 0.75 -
evm.utg7855.43                      -            211 378768at33208        -            261      0.23   12.6   0.1   2   2         5   5.8e+03   -1.8   0.0   103   113   146   156   130   204 0.52 -
evm.utg1846.35                      -            208 378768at33208        -            261      0.29   12.3   0.0   1   1   0.00043      0.49   11.5   0.0     4    82     9    82     6   114 0.69 -
evm.utg4.20                         -            208 378768at33208        -            261      0.33   12.1   0.0   1   1   0.00043      0.49   11.5   0.0     4    82     9    82     6   114 0.69 -
evm.utg735.38                       -            565 378768at33208        -            261      0.51   11.5   1.0   1   2     0.017        20    6.2   0.0   179   210    14    45     4    66 0.86 -
evm.utg735.38                       -            565 378768at33208        -            261      0.51   11.5   1.0   2   2      0.12   1.4e+02    3.5   0.2   200   255   176   231   168   235 0.89 -
evm.utg861.115                      -            176 378768at33208        -            261      0.53   11.4   0.0   1   1   0.00058      0.67   11.1   0.0     4    88     9    83     5   108 0.66 -
#
# Program:         hmmsearch
# Version:         3.1b2 (February 2015)
# Pipeline mode:   SEARCH
# Query file:      /uoa/scratch/users/r02hw22/project_dark_genes/busco_downloads/lineages/metazoa_odb10/hmms/378768at33208.hmm
# Target file:     /uoa/scratch/users/r02hw22/project_dark_genes/00_raw/equina_smart.rnam-trna.merged.ggf.curated.remredun.aa.fa
# Option settings: hmmsearch --domtblout /uoa/scratch/users/r02hw22/project_dark_genes/equina_busco_proteins/run_metazoa_odb10/hmmer_output/initial_run_results/378768at33208.out --cpu 1 /uoa/scratch/users/r02hw22/project_dark_genes/busco_downloads/lineages/metazoa_odb10/hmms/378768at33208.hmm /uoa/scratch/users/r02hw22/project_dark_genes/00_raw/equina_smart.rnam-trna.merged.ggf.curated.remredun.aa.fa 
# Current dir:     /uoa/scratch/users/r02hw22/project_dark_genes
# Date:            Sat Apr 25 14:41:40 2026
# [ok]
