#                                                                            --- full sequence --- -------------- this domain -------------   hmm coord   ali coord   env coord
# target name        accession   tlen query name           accession   qlen   E-value  score  bias   #  of  c-Evalue  i-Evalue  score  bias  from    to  from    to  from    to  acc description of target
#------------------- ---------- ----- -------------------- ---------- ----- --------- ------ ----- --- --- --------- --------- ------ ----- ----- ----- ----- ----- ----- ----- ---- ---------------------
evm.utg27.49         -            377 379636at33208        -            304    6e-105  352.4   9.9   1   2   9.1e-25     1e-20   75.8   1.2    10    84    18   106     3   110 0.83 -
evm.utg27.49         -            377 379636at33208        -            304    6e-105  352.4   9.9   2   2   1.5e-87   1.7e-83  281.9   4.3    52   303    95   375    93   376 0.87 -
evm.utg1257.7        -            379 379636at33208        -            304   5.9e-07   30.6   0.1   1   1   8.1e-11     9e-07   30.0   0.1   176   280   238   349   203   375 0.72 -
evm.utg4886.7        -            379 379636at33208        -            304   7.5e-07   30.3   0.1   1   1     1e-10   1.2e-06   29.6   0.1   177   280   239   349   210   375 0.72 -
evm.utg479.102       -            444 379636at33208        -            304    0.0042   18.0   0.1   1   2      0.13   1.4e+03   -0.2   0.2    36    63   184   211   154   219 0.73 -
evm.utg479.102       -            444 379636at33208        -            304    0.0042   18.0   0.1   2   2   3.8e-07    0.0042   18.0   0.1   177   297   312   440   273   443 0.73 -
evm.utg2818.15       -            335 379636at33208        -            304      0.16   12.8   0.1   1   1   2.1e-05      0.23   12.2   0.1    46   121   194   267   167   297 0.77 -
#
# Program:         hmmsearch
# Version:         3.1b2 (February 2015)
# Pipeline mode:   SEARCH
# Query file:      /uoa/scratch/users/r02hw22/project_dark_genes/busco_downloads/lineages/metazoa_odb10/hmms/379636at33208.hmm
# Target file:     /uoa/scratch/users/r02hw22/project_dark_genes/00_raw/equina_smart.rnam-trna.merged.ggf.curated.remredun.aa.fa
# Option settings: hmmsearch --domtblout /uoa/scratch/users/r02hw22/project_dark_genes/equina_busco_proteins/run_metazoa_odb10/hmmer_output/initial_run_results/379636at33208.out --cpu 1 /uoa/scratch/users/r02hw22/project_dark_genes/busco_downloads/lineages/metazoa_odb10/hmms/379636at33208.hmm /uoa/scratch/users/r02hw22/project_dark_genes/00_raw/equina_smart.rnam-trna.merged.ggf.curated.remredun.aa.fa 
# Current dir:     /uoa/scratch/users/r02hw22/project_dark_genes
# Date:            Sat Apr 25 14:41:57 2026
# [ok]
