#                                                                            --- full sequence --- -------------- this domain -------------   hmm coord   ali coord   env coord
# target name        accession   tlen query name           accession   qlen   E-value  score  bias   #  of  c-Evalue  i-Evalue  score  bias  from    to  from    to  from    to  acc description of target
#------------------- ---------- ----- -------------------- ---------- ----- --------- ------ ----- --- --- --------- --------- ------ ----- ----- ----- ----- ----- ----- ----- ---- ---------------------
evm.utg22299.4       -            532 384187at33208        -            432  1.7e-213  710.8  22.6   1   1  2.9e-217  2.3e-213  710.3  22.6     8   432    36   510    29   510 0.92 -
evm.utg4.50          -            532 384187at33208        -            432  2.5e-213  710.3  22.8   1   1  4.5e-217  3.5e-213  709.8  22.8     8   432    36   510    29   510 0.92 -
evm.utg10868.11      -            145 384187at33208        -            432   9.2e-27   95.5  13.7   1   2     3e-18   2.4e-14   54.6   3.9    93   180    13    97     1    98 0.81 -
evm.utg10868.11      -            145 384187at33208        -            432   9.2e-27   95.5  13.7   2   2   2.6e-16   2.1e-12   48.2   2.5   230   273    95   138    95   142 0.94 -
evm.utg6976.18       -            756 384187at33208        -            432     0.022   15.2   3.1   1   1   4.7e-06     0.038   14.4   3.1   218   335   223   338   214   359 0.81 -
evm.utg6976.21       -            756 384187at33208        -            432     0.067   13.6   4.9   1   2       1.2   9.9e+03   -3.4   0.0   404   429   130   155   120   156 0.75 -
evm.utg6976.21       -            756 384187at33208        -            432     0.067   13.6   4.9   2   2   5.5e-06     0.044   14.2   3.2   218   334   223   337   214   359 0.80 -
evm.utg16130.1       -            644 384187at33208        -            432      0.51   10.7   2.7   1   1   9.9e-05      0.79   10.1   2.7   244   333   133   221   124   237 0.76 -
evm.utg3609.14       -            760 384187at33208        -            432      0.94    9.8   5.0   1   2   0.00044       3.5    7.9   5.8   218   307   226   314   217   348 0.82 -
evm.utg3609.14       -            760 384187at33208        -            432      0.94    9.8   5.0   2   2       1.3     1e+04   -3.5   0.0   207   235   588   616   587   622 0.87 -
#
# Program:         hmmsearch
# Version:         3.1b2 (February 2015)
# Pipeline mode:   SEARCH
# Query file:      /uoa/scratch/users/r02hw22/project_dark_genes/busco_downloads/lineages/metazoa_odb10/hmms/384187at33208.hmm
# Target file:     /uoa/scratch/users/r02hw22/project_dark_genes/00_raw/equina_smart.rnam-trna.merged.ggf.curated.remredun.aa.fa
# Option settings: hmmsearch --domtblout /uoa/scratch/users/r02hw22/project_dark_genes/equina_busco_proteins/run_metazoa_odb10/hmmer_output/initial_run_results/384187at33208.out --cpu 1 /uoa/scratch/users/r02hw22/project_dark_genes/busco_downloads/lineages/metazoa_odb10/hmms/384187at33208.hmm /uoa/scratch/users/r02hw22/project_dark_genes/00_raw/equina_smart.rnam-trna.merged.ggf.curated.remredun.aa.fa 
# Current dir:     /uoa/scratch/users/r02hw22/project_dark_genes
# Date:            Sat Apr 25 14:42:01 2026
# [ok]
