#                                                                                         --- full sequence --- -------------- this domain -------------   hmm coord   ali coord   env coord
# target name                     accession   tlen query name           accession   qlen   E-value  score  bias   #  of  c-Evalue  i-Evalue  score  bias  from    to  from    to  from    to  acc description of target
#             ------------------- ---------- ----- -------------------- ---------- ----- --------- ------ ----- --- --- --------- --------- ------ ----- ----- ----- ----- ----- ----- ----- ---- ---------------------
evm.utg888.22                     -            472 386666at33208        -            218   3.9e-58  198.1  22.6   1   6   7.6e-34   1.4e-30  108.0   0.9     1   101     6   109     6   131 0.87 -
evm.utg888.22                     -            472 386666at33208        -            218   3.9e-58  198.1  22.6   2   6   1.5e-07   0.00028   22.0   0.1    90   123   145   181   115   191 0.86 -
evm.utg888.22                     -            472 386666at33208        -            218   3.9e-58  198.1  22.6   3   6   4.4e-12   8.2e-09   36.9   0.2   127   162   217   254   211   258 0.91 -
evm.utg888.22                     -            472 386666at33208        -            218   3.9e-58  198.1  22.6   4   6      0.13   2.5e+02    2.6   0.0   162   174   353   365   349   370 0.88 -
evm.utg888.22                     -            472 386666at33208        -            218   3.9e-58  198.1  22.6   5   6   1.1e-09   2.1e-06   29.0   0.5   166   197   390   421   373   428 0.83 -
evm.utg888.22                     -            472 386666at33208        -            218   3.9e-58  198.1  22.6   6   6   0.00039      0.73   10.9   0.2   193   213   436   456   432   460 0.88 -
evm.utg439.44                     -            428 386666at33208        -            218    0.0086   17.2   0.8   1   2   5.9e-05      0.11   13.6   0.2    15    70    34    89    27    97 0.91 -
evm.utg439.44                     -            428 386666at33208        -            218    0.0086   17.2   0.8   2   2      0.35   6.5e+02    1.2   0.0   162   176   380   394   374   408 0.84 -
evm.utg9902.6.1.5c2798c5          -            927 386666at33208        -            218     0.023   15.8   1.7   1   2      0.21   3.9e+02    1.9   0.2    83   120   353   391   347   425 0.66 -
evm.utg9902.6.1.5c2798c5          -            927 386666at33208        -            218     0.023   15.8   1.7   2   2   0.00015      0.27   12.3   0.1    75   154   797   880   764   906 0.79 -
evm.utg9902.6                     -           1197 386666at33208        -            218     0.028   15.5   1.2   1   2      0.29   5.3e+02    1.5   0.2    83   120   353   391   347   424 0.66 -
evm.utg9902.6                     -           1197 386666at33208        -            218     0.028   15.5   1.2   2   2   0.00023      0.42   11.7   0.1    75   154   797   880   764   902 0.80 -
evm.utg12553.3                    -            858 386666at33208        -            218     0.068   14.3  13.3   1   2   0.00098       1.8    9.6   8.5    35   107   642   715   632   716 0.86 -
evm.utg12553.3                    -            858 386666at33208        -            218     0.068   14.3  13.3   2   2    0.0047       8.7    7.4   5.6    37   107   679   750   673   758 0.64 -
evm.utg5370.42                    -             83 386666at33208        -            218       0.1   13.6   0.4   1   1   5.6e-05       0.1   13.6   0.4    41    95    12    67     1    79 0.79 -
evm.utg1272.12.1.5c278f8d         -            308 386666at33208        -            218      0.12   13.4   0.4   1   1   0.00032       0.6   11.2   0.4    20    73   152   205   147   250 0.90 -
evm.utg1919.98                    -           1634 386666at33208        -            218      0.15   13.1   0.2   1   1   0.00015      0.28   12.2   0.2   123   170  1019  1068  1014  1078 0.90 -
evm.utg2426.35                    -            402 386666at33208        -            218      0.16   13.1   0.2   1   1   0.00016      0.29   12.2   0.2    16    88   125   198   107   211 0.83 -
evm.utg2599.8                     -            274 386666at33208        -            218       0.2   12.7   0.9   1   1   0.00021      0.39   11.8   0.9    46   123    37   111    32   118 0.94 -
evm.utg1272.12                    -            415 386666at33208        -            218      0.22   12.6   0.4   1   1   0.00055         1   10.4   0.4    20    73   152   205   147   250 0.90 -
evm.utg861.125.2.5c22f4a6         -           1521 386666at33208        -            218      0.24   12.5   0.3   1   1   0.00024      0.44   11.6   0.3   123   170  1073  1122  1068  1132 0.90 -
evm.utg1112.17                    -            336 386666at33208        -            218      0.24   12.5   7.5   1   1   0.00047      0.87   10.6   7.3    32   119    42   131    20   181 0.77 -
evm.utg861.125.1.5c22f4a6         -           1626 386666at33208        -            218      0.26   12.4   0.2   1   1   0.00026      0.49   11.5   0.2   123   170  1073  1122  1068  1131 0.91 -
evm.utg861.125                    -           1688 386666at33208        -            218      0.27   12.3   0.2   1   1   0.00027      0.51   11.4   0.2   123   170  1073  1122  1068  1131 0.91 -
evm.utg861.125.1.5c279835         -           1688 386666at33208        -            218      0.27   12.3   0.2   1   1   0.00027      0.51   11.4   0.2   123   170  1073  1122  1068  1131 0.91 -
evm.utg150.71                     -            243 386666at33208        -            218      0.32   12.0  15.5   1   3      0.17   3.1e+02    2.3   1.2    33    61    35    63     1   107 0.63 -
evm.utg150.71                     -            243 386666at33208        -            218      0.32   12.0  15.5   2   3   0.00074       1.4   10.0   0.5    31    67   117   153    95   158 0.89 -
evm.utg150.71                     -            243 386666at33208        -            218      0.32   12.0  15.5   3   3    0.0017       3.2    8.8   1.9    36    90   178   233   152   242 0.70 -
evm.utg441.48                     -            115 386666at33208        -            218      0.33   12.0   0.0   1   1    0.0002      0.37   11.8   0.0    37   108    20    90    12   107 0.85 -
evm.utg356.140.1.5c22ef97         -            328 386666at33208        -            218      0.39   11.8   0.1   1   2   0.00061       1.1   10.2   0.0    93   173    38   124    15   136 0.77 -
evm.utg356.140.1.5c22ef97         -            328 386666at33208        -            218      0.39   11.8   0.1   2   2       2.5   4.7e+03   -1.6   0.0     6    24   288   306   286   319 0.89 -
evm.utg356.140.3.5c22ef97         -            367 386666at33208        -            218      0.55   11.3   0.0   1   2   0.00076       1.4    9.9   0.0    93   173    38   124    15   136 0.77 -
evm.utg356.140.3.5c22ef97         -            367 386666at33208        -            218      0.55   11.3   0.0   2   2       4.2   7.8e+03   -2.3   0.0     6    24   288   306   287   308 0.88 -
utg1828.equina_smart_777228.mrna2 -            230 386666at33208        -            218      0.74   10.9   8.6   1   2    0.0022       4.1    8.4   2.4    37    73    24    60     8    64 0.88 -
utg1828.equina_smart_777228.mrna2 -            230 386666at33208        -            218      0.74   10.9   8.6   2   2     0.016        29    5.6   0.2    28    99   116   190   108   210 0.69 -
utg6821.equina_smart_777228.mrna1 -            230 386666at33208        -            218       1.1   10.3   8.6   1   2    0.0027         5    8.1   2.0    37    71    24    58     8    63 0.87 -
utg6821.equina_smart_777228.mrna1 -            230 386666at33208        -            218       1.1   10.3   8.6   2   2     0.016        29    5.6   0.2    28    99   116   190   108   210 0.69 -
evm.utg1112.6                     -            267 386666at33208        -            218       1.7    9.7  11.8   1   3   0.00027      0.51   11.4   1.4    35    72    13    50     8    74 0.93 -
evm.utg1112.6                     -            267 386666at33208        -            218       1.7    9.7  11.8   2   3      0.91   1.7e+03   -0.1   0.1    35    60    99   124    78   135 0.77 -
evm.utg1112.6                     -            267 386666at33208        -            218       1.7    9.7  11.8   3   3      0.11   2.1e+02    2.8   3.0     8    67   108   166   100   172 0.77 -
evm.utg4737.19                    -           1243 386666at33208        -            218       2.1    9.4   4.7   1   2    0.0021       3.8    8.5   1.5    13    75    18    78     8   109 0.80 -
evm.utg4737.19                    -           1243 386666at33208        -            218       2.1    9.4   4.7   2   2      0.35   6.5e+02    1.2   0.1    63   107   389   431   369   478 0.70 -
evm.utg116.99                     -            354 386666at33208        -            218       2.6    9.1   5.6   1   2       0.9   1.7e+03   -0.1   0.4    87   114   120   147    81   198 0.61 -
evm.utg116.99                     -            354 386666at33208        -            218       2.6    9.1   5.6   2   2   0.00034      0.63   11.1   0.7    12    71   260   323   250   335 0.78 -
evm.utg10.24                      -            121 386666at33208        -            218       3.1    8.8   8.7   1   2      0.04        73    4.3   1.3    38    72    10    44     2    67 0.76 -
evm.utg10.24                      -            121 386666at33208        -            218       3.1    8.8   8.7   2   2    0.0014       2.5    9.1   1.5    30    67    73   110    49   118 0.81 -
evm.utg15164.16                   -           1325 386666at33208        -            218       3.4    8.7   5.4   1   2       0.2   3.8e+02    2.0   0.7     9    58   262   311   256   327 0.78 -
evm.utg15164.16                   -           1325 386666at33208        -            218       3.4    8.7   5.4   2   2    0.0028       5.2    8.1   0.4    23    77   332   385   323   407 0.82 -
evm.utg13.22                      -            121 386666at33208        -            218       3.7    8.6   9.0   1   2     0.038        71    4.4   1.4    38    71    10    43     2    68 0.76 -
evm.utg13.22                      -            121 386666at33208        -            218       3.7    8.6   9.0   2   2    0.0014       2.6    9.0   1.5    30    67    73   110    49   118 0.83 -
evm.utg116.99.2.5c22e919          -            291 386666at33208        -            218       3.8    8.6   6.8   1   2       1.2   2.2e+03   -0.5   0.3    84   114    54    84    21   105 0.66 -
evm.utg116.99.2.5c22e919          -            291 386666at33208        -            218       3.8    8.6   6.8   2   2   0.00024      0.45   11.6   0.7    12    72   197   261   187   272 0.78 -
evm.utg125.108                    -            867 386666at33208        -            218       4.8    8.2   6.1   1   4      0.42   7.8e+02    1.0   0.2    39    92   315   369   310   377 0.82 -
evm.utg125.108                    -            867 386666at33208        -            218       4.8    8.2   6.1   2   4      0.11     2e+02    2.9   0.1    68   150   514   596   507   605 0.90 -
evm.utg125.108                    -            867 386666at33208        -            218       4.8    8.2   6.1   3   4      0.07   1.3e+02    3.5   0.0    32   103   726   797   722   806 0.84 -
evm.utg125.108                    -            867 386666at33208        -            218       4.8    8.2   6.1   4   4      0.83   1.5e+03    0.0   0.1    16    57   809   846   802   862 0.61 -
#
# Program:         hmmsearch
# Version:         3.1b2 (February 2015)
# Pipeline mode:   SEARCH
# Query file:      /uoa/scratch/users/r02hw22/project_dark_genes/busco_downloads/lineages/metazoa_odb10/hmms/386666at33208.hmm
# Target file:     /uoa/scratch/users/r02hw22/project_dark_genes/00_raw/equina_smart.rnam-trna.merged.ggf.curated.remredun.aa.fa
# Option settings: hmmsearch --domtblout /uoa/scratch/users/r02hw22/project_dark_genes/equina_busco_proteins/run_metazoa_odb10/hmmer_output/initial_run_results/386666at33208.out --cpu 1 /uoa/scratch/users/r02hw22/project_dark_genes/busco_downloads/lineages/metazoa_odb10/hmms/386666at33208.hmm /uoa/scratch/users/r02hw22/project_dark_genes/00_raw/equina_smart.rnam-trna.merged.ggf.curated.remredun.aa.fa 
# Current dir:     /uoa/scratch/users/r02hw22/project_dark_genes
# Date:            Sat Apr 25 14:42:07 2026
# [ok]
