#                                                                            --- full sequence --- -------------- this domain -------------   hmm coord   ali coord   env coord
# target name        accession   tlen query name           accession   qlen   E-value  score  bias   #  of  c-Evalue  i-Evalue  score  bias  from    to  from    to  from    to  acc description of target
#------------------- ---------- ----- -------------------- ---------- ----- --------- ------ ----- --- --- --------- --------- ------ ----- ----- ----- ----- ----- ----- ----- ---- ---------------------
evm.utg62.6          -            366 387079at33208        -            220   4.7e-76  257.1  25.4   1   4   7.8e-29   6.2e-25   90.0   7.2     1    73     4    95     4   112 0.82 -
evm.utg62.6          -            366 387079at33208        -            220   4.7e-76  257.1  25.4   2   4   1.3e-47     1e-43  151.4   2.0    69   174   144   251   105   255 0.87 -
evm.utg62.6          -            366 387079at33208        -            220   4.7e-76  257.1  25.4   3   4   1.8e-06     0.014   16.9   0.0   174   198   273   297   266   320 0.77 -
evm.utg62.6          -            366 387079at33208        -            220   4.7e-76  257.1  25.4   4   4     0.048   3.8e+02    2.4   0.6   195   220   329   354   319   354 0.89 -
evm.utg180.60        -            366 387079at33208        -            220     4e-74  250.8  25.7   1   5   3.5e-27   2.7e-23   84.6   0.4     1    58     4    62     4    68 0.91 -
evm.utg180.60        -            366 387079at33208        -            220     4e-74  250.8  25.7   2   5   4.3e-06     0.034   15.6   2.4    52    74    74    96    62   110 0.83 -
evm.utg180.60        -            366 387079at33208        -            220     4e-74  250.8  25.7   3   5   7.5e-46     6e-42  145.6   1.4    69   174   144   251   105   255 0.87 -
evm.utg180.60        -            366 387079at33208        -            220     4e-74  250.8  25.7   4   5   1.5e-06     0.012   17.1   0.0   174   198   273   297   266   320 0.77 -
evm.utg180.60        -            366 387079at33208        -            220     4e-74  250.8  25.7   5   5     0.048   3.8e+02    2.4   0.6   195   220   329   354   319   354 0.89 -
evm.utg411.108       -            255 387079at33208        -            220   4.4e-14   54.5  10.9   1   2   0.00039       3.1    9.2   0.5    70   119    44    98    18   114 0.74 -
evm.utg411.108       -            255 387079at33208        -            220   4.4e-14   54.5  10.9   2   2   1.8e-16   1.5e-12   49.5   4.3    45   160   140   251   132   254 0.80 -
evm.utg405.43        -            419 387079at33208        -            220   1.7e-09   39.5   0.0   1   1   5.6e-13   4.5e-09   38.1   0.0     2    48    52   100    51   122 0.87 -
evm.utg4455.71       -            732 387079at33208        -            220   1.2e-08   36.7   0.0   1   2   1.5e-12   1.2e-08   36.7   0.0     2    48    52   100    51   125 0.85 -
evm.utg4455.71       -            732 387079at33208        -            220   1.2e-08   36.7   0.0   2   2         7   5.6e+04   -5.0   4.9    40    79   656   697   613   702 0.57 -
evm.utg411.109       -            197 387079at33208        -            220   1.8e-08   36.1   1.5   1   1   2.9e-12   2.3e-08   35.8   1.5    72   166    44   140    10   152 0.75 -
evm.utg1765.9        -            514 387079at33208        -            220     0.011   17.2   0.2   1   1   2.7e-06     0.021   16.3   0.2    72   113    32    76    17    85 0.75 -
#
# Program:         hmmsearch
# Version:         3.1b2 (February 2015)
# Pipeline mode:   SEARCH
# Query file:      /uoa/scratch/users/r02hw22/project_dark_genes/busco_downloads/lineages/metazoa_odb10/hmms/387079at33208.hmm
# Target file:     /uoa/scratch/users/r02hw22/project_dark_genes/00_raw/equina_smart.rnam-trna.merged.ggf.curated.remredun.aa.fa
# Option settings: hmmsearch --domtblout /uoa/scratch/users/r02hw22/project_dark_genes/equina_busco_proteins/run_metazoa_odb10/hmmer_output/initial_run_results/387079at33208.out --cpu 1 /uoa/scratch/users/r02hw22/project_dark_genes/busco_downloads/lineages/metazoa_odb10/hmms/387079at33208.hmm /uoa/scratch/users/r02hw22/project_dark_genes/00_raw/equina_smart.rnam-trna.merged.ggf.curated.remredun.aa.fa 
# Current dir:     /uoa/scratch/users/r02hw22/project_dark_genes
# Date:            Sat Apr 25 14:42:11 2026
# [ok]
