#                                                                            --- full sequence --- -------------- this domain -------------   hmm coord   ali coord   env coord
# target name        accession   tlen query name           accession   qlen   E-value  score  bias   #  of  c-Evalue  i-Evalue  score  bias  from    to  from    to  from    to  acc description of target
#------------------- ---------- ----- -------------------- ---------- ----- --------- ------ ----- --- --- --------- --------- ------ ----- ----- ----- ----- ----- ----- ----- ---- ---------------------
evm.utg3174.41       -            544 397659at33208        -            322  4.7e-102  343.0  26.3   1   3   6.9e-75   7.7e-71  240.4   7.8     1   180    29   258    29   278 0.82 -
evm.utg3174.41       -            544 397659at33208        -            322  4.7e-102  343.0  26.3   2   3     2e-24   2.2e-20   74.6   6.2   191   306   367   499   348   502 0.81 -
evm.utg3174.41       -            544 397659at33208        -            322  4.7e-102  343.0  26.3   3   3   3.7e-10   4.1e-06   27.7   0.8   279   322   493   537   485   537 0.88 -
evm.utg750.57        -            472 397659at33208        -            322     0.037   14.7   0.0   1   1   5.1e-06     0.057   14.1   0.0    94   201    47   152    36   167 0.77 -
evm.utg2585.10       -            109 397659at33208        -            322      0.16   12.6   3.8   1   1     2e-05      0.22   12.2   3.8   243   311    21    89     1   107 0.38 -
evm.utg1698.14       -            153 397659at33208        -            322      0.27   11.9   9.0   1   1   8.4e-05      0.93   10.1   9.0   189   310    26   143     2   151 0.47 -
evm.utg300.63        -            304 397659at33208        -            322       5.2    7.7  21.0   1   3    0.0031        35    5.0  12.1   189   311    26   144     3   156 0.58 -
evm.utg300.63        -            304 397659at33208        -            322       5.2    7.7  21.0   2   3    0.0026        29    5.2   8.0   197   311   109   221    97   232 0.47 -
evm.utg300.63        -            304 397659at33208        -            322       5.2    7.7  21.0   3   3     0.043   4.8e+02    1.2   0.1   191   230   204   242   195   271 0.71 -
#
# Program:         hmmsearch
# Version:         3.1b2 (February 2015)
# Pipeline mode:   SEARCH
# Query file:      /uoa/scratch/users/r02hw22/project_dark_genes/busco_downloads/lineages/metazoa_odb10/hmms/397659at33208.hmm
# Target file:     /uoa/scratch/users/r02hw22/project_dark_genes/00_raw/equina_smart.rnam-trna.merged.ggf.curated.remredun.aa.fa
# Option settings: hmmsearch --domtblout /uoa/scratch/users/r02hw22/project_dark_genes/equina_busco_proteins/run_metazoa_odb10/hmmer_output/initial_run_results/397659at33208.out --cpu 1 /uoa/scratch/users/r02hw22/project_dark_genes/busco_downloads/lineages/metazoa_odb10/hmms/397659at33208.hmm /uoa/scratch/users/r02hw22/project_dark_genes/00_raw/equina_smart.rnam-trna.merged.ggf.curated.remredun.aa.fa 
# Current dir:     /uoa/scratch/users/r02hw22/project_dark_genes
# Date:            Sat Apr 25 14:41:55 2026
# [ok]
