#                                                                                            --- full sequence --- -------------- this domain -------------   hmm coord   ali coord   env coord
# target name                        accession   tlen query name           accession   qlen   E-value  score  bias   #  of  c-Evalue  i-Evalue  score  bias  from    to  from    to  from    to  acc description of target
#                ------------------- ---------- ----- -------------------- ---------- ----- --------- ------ ----- --- --- --------- --------- ------ ----- ----- ----- ----- ----- ----- ----- ---- ---------------------
evm.utg4455.34                       -            488 412930at33208        -            279  9.6e-102  341.4  19.5   1   4   1.2e-69   6.8e-67  227.1   5.5     3   189    20   192    18   201 0.90 -
evm.utg4455.34                       -            488 412930at33208        -            279  9.6e-102  341.4  19.5   2   4      0.76   4.2e+02    1.4   0.0   141   164   199   222   193   268 0.64 -
evm.utg4455.34                       -            488 412930at33208        -            279  9.6e-102  341.4  19.5   3   4   6.1e-16   3.3e-13   50.9   0.4   159   225   289   355   277   362 0.87 -
evm.utg4455.34                       -            488 412930at33208        -            279  9.6e-102  341.4  19.5   4   4   2.7e-21   1.5e-18   68.5   0.2   217   277   423   484   401   486 0.88 -
evm.utg405.82                        -            492 412930at33208        -            279  3.1e-101  339.7  20.2   1   4   3.7e-69   2.1e-66  225.5   5.3     6   188    10   178     7   186 0.90 -
evm.utg405.82                        -            492 412930at33208        -            279  3.1e-101  339.7  20.2   2   4       0.6   3.3e+02    1.8   0.0   141   165   186   210   181   255 0.61 -
evm.utg405.82                        -            492 412930at33208        -            279  3.1e-101  339.7  20.2   3   4   7.1e-16   3.9e-13   50.7   0.5   158   225   275   342   264   347 0.88 -
evm.utg405.82                        -            492 412930at33208        -            279  3.1e-101  339.7  20.2   4   4   2.2e-21   1.2e-18   68.8   0.3   218   277   428   488   406   490 0.88 -
evm.utg750.63                        -            616 412930at33208        -            279   8.4e-26   92.3  14.0   1   4   8.7e-08   4.8e-05   24.2   0.4    24    89    85   162    68   165 0.77 -
evm.utg750.63                        -            616 412930at33208        -            279   8.4e-26   92.3  14.0   2   4       4.1   2.3e+03   -1.0   0.4   243   272   245   275   237   279 0.83 -
evm.utg750.63                        -            616 412930at33208        -            279   8.4e-26   92.3  14.0   3   4   6.3e-09   3.5e-06   27.9   1.0   162   213   437   488   430   541 0.76 -
evm.utg750.63                        -            616 412930at33208        -            279   8.4e-26   92.3  14.0   4   4   3.7e-20     2e-17   64.8   0.8   218   278   547   608   533   609 0.90 -
evm.utg750.63.1.5c22f3e1             -            616 412930at33208        -            279   8.4e-26   92.3  14.0   1   4   8.7e-08   4.8e-05   24.2   0.4    24    89    85   162    68   165 0.77 -
evm.utg750.63.1.5c22f3e1             -            616 412930at33208        -            279   8.4e-26   92.3  14.0   2   4       4.1   2.3e+03   -1.0   0.4   243   272   245   275   237   279 0.83 -
evm.utg750.63.1.5c22f3e1             -            616 412930at33208        -            279   8.4e-26   92.3  14.0   3   4   6.3e-09   3.5e-06   27.9   1.0   162   213   437   488   430   541 0.76 -
evm.utg750.63.1.5c22f3e1             -            616 412930at33208        -            279   8.4e-26   92.3  14.0   4   4   3.7e-20     2e-17   64.8   0.8   218   278   547   608   533   609 0.90 -
evm.utg750.63.1.5c22f3e1.1.5c27978f  -            616 412930at33208        -            279   8.4e-26   92.3  14.0   1   4   8.7e-08   4.8e-05   24.2   0.4    24    89    85   162    68   165 0.77 -
evm.utg750.63.1.5c22f3e1.1.5c27978f  -            616 412930at33208        -            279   8.4e-26   92.3  14.0   2   4       4.1   2.3e+03   -1.0   0.4   243   272   245   275   237   279 0.83 -
evm.utg750.63.1.5c22f3e1.1.5c27978f  -            616 412930at33208        -            279   8.4e-26   92.3  14.0   3   4   6.3e-09   3.5e-06   27.9   1.0   162   213   437   488   430   541 0.76 -
evm.utg750.63.1.5c22f3e1.1.5c27978f  -            616 412930at33208        -            279   8.4e-26   92.3  14.0   4   4   3.7e-20     2e-17   64.8   0.8   218   278   547   608   533   609 0.90 -
evm.utg411.99                        -            221 412930at33208        -            279   7.3e-23   82.6   0.5   1   1   1.8e-25     1e-22   82.2   0.5    19    94    19    94     5    96 0.91 -
evm.utg2007.17.1.5c22ecb7            -            324 412930at33208        -            279   8.2e-23   82.5   1.9   1   1   2.7e-25   1.5e-22   81.6   1.9    25   172    34   189    31   204 0.77 -
evm.utg2007.17                       -            338 412930at33208        -            279   1.7e-22   81.5   1.9   1   1     3e-25   1.7e-22   81.5   1.9    25   172    34   189    31   204 0.77 -
evm.utg207.16                        -            348 412930at33208        -            279   3.8e-20   73.7   0.1   1   1     1e-22   5.7e-20   73.1   0.1    25    94     3    72     1    78 0.96 -
evm.utg983.14                        -            388 412930at33208        -            279     6e-19   69.8   0.0   1   1   1.8e-21     1e-18   69.0   0.0    25    94    56   126    40   129 0.91 -
evm.utg10359.28                      -            347 412930at33208        -            279   6.6e-19   69.6   0.0   1   1   1.9e-21     1e-18   69.0   0.0    25    94    20    90     6    93 0.92 -
evm.utg983.14.1.5c22f552             -            431 412930at33208        -            279   7.3e-19   69.5   0.0   1   1   2.2e-21   1.2e-18   68.8   0.0    25    94    56   126    41   129 0.91 -
evm.utg104.75                        -            310 412930at33208        -            279   1.4e-18   68.5   0.0   1   1   3.6e-21     2e-18   68.1   0.0    25    94     3    72     1    78 0.96 -
evm.utg5073.19.2.5c22f1b5            -            178 412930at33208        -            279     3e-18   67.5   0.1   1   1   6.7e-21   3.7e-18   67.2   0.1    26    94     3    73     1    75 0.93 -
evm.utg5073.19.1.5c22f1b5            -            201 412930at33208        -            279   3.9e-18   67.1   0.1   1   1   8.8e-21   4.8e-18   66.8   0.1    26    94     3    73     1    75 0.93 -
evm.utg5073.19                       -            247 412930at33208        -            279   4.7e-18   66.9   0.1   1   1   1.3e-20   7.2e-18   66.2   0.1    26    94     3    73     1    75 0.93 -
evm.utg989.21.1.5c22f558.2.5c2798c6  -            459 412930at33208        -            279     7e-18   66.3   0.3   1   1   2.2e-20   1.2e-17   65.5   0.3    24    95    20    92    15   100 0.93 -
evm.utg989.21.1.5c22f558.1.5c2798c6  -            500 412930at33208        -            279     8e-18   66.1   0.3   1   1   2.5e-20   1.4e-17   65.3   0.3    24    95    20    92    15   100 0.93 -
evm.utg734.15                        -            346 412930at33208        -            279   8.7e-18   66.0   1.0   1   1   1.6e-20   8.7e-18   66.0   1.0    25    88     4    67     2    71 0.97 -
evm.utg989.21.1.5c22f558             -            593 412930at33208        -            279     1e-17   65.8   0.3   1   1   3.2e-20   1.8e-17   65.0   0.3    24    95    20    92    15   100 0.93 -
evm.utg989.21.3.5c22f558             -            701 412930at33208        -            279     1e-17   65.7   0.3   1   1     4e-20   2.2e-17   64.6   0.3    24    95    20    92    15   100 0.93 -
evm.utg989.21.4.5c22f558             -            629 412930at33208        -            279   1.1e-17   65.7   0.3   1   1   3.5e-20   1.9e-17   64.9   0.3    24    95    20    92    15   100 0.93 -
evm.utg526.25.1.5c22f1da             -            826 412930at33208        -            279   1.3e-17   65.4   0.3   1   1     5e-20   2.7e-17   64.3   0.3    24    95    20    92    15   100 0.93 -
evm.utg989.21                        -            826 412930at33208        -            279   1.3e-17   65.4   0.3   1   1     5e-20   2.7e-17   64.3   0.3    24    95    20    92    15   100 0.93 -
evm.utg526.25                        -            868 412930at33208        -            279   1.4e-17   65.3   0.3   1   1   5.3e-20   2.9e-17   64.2   0.3    24    95    20    92    15   100 0.93 -
evm.utg734.14                        -            338 412930at33208        -            279   4.1e-17   63.8   0.4   1   1   1.4e-19   7.6e-17   62.9   0.0    25    94     3    72     1    78 0.95 -
evm.utg1555.42                       -            338 412930at33208        -            279   9.5e-17   62.6   0.4   1   1   3.2e-19   1.8e-16   61.7   0.0    25    94     3    72     1    78 0.95 -
evm.utg1555.42.1.5c22eb37            -            338 412930at33208        -            279   9.5e-17   62.6   0.4   1   1   3.2e-19   1.8e-16   61.7   0.0    25    94     3    72     1    78 0.95 -
evm.utg2156.34.1.5c22ed1d.1.5c2791f4 -            271 412930at33208        -            279   2.2e-16   61.4   0.2   1   1     7e-19   3.9e-16   60.6   0.2    25    88     5    66     1    72 0.94 -
evm.utg2156.34.1.5c22ed1d            -            338 412930at33208        -            279   3.2e-16   60.8   0.2   1   1     1e-18   5.6e-16   60.0   0.2    25    88     5    66     1    72 0.94 -
evm.utg3522.6                        -            314 412930at33208        -            279   3.8e-16   60.6   0.3   1   1   1.6e-18   9.1e-16   59.4   0.3    25    88    67   130    45   133 0.90 -
evm.utg5033.12                       -            400 412930at33208        -            279     4e-16   60.5   0.2   1   1   1.3e-18   7.3e-16   59.7   0.2    25    88     5    66     1    72 0.94 -
evm.utg2156.34.2.5c22ed1d            -            406 412930at33208        -            279   4.2e-16   60.5   0.2   1   1   1.4e-18   7.4e-16   59.6   0.2    25    88     5    66     1    72 0.94 -
evm.utg192.36                        -            248 412930at33208        -            279   4.3e-16   60.4   0.1   1   1   1.1e-18   6.3e-16   59.9   0.1    26    94     3    73     1    76 0.93 -
evm.utg2156.34                       -            400 412930at33208        -            279   4.3e-16   60.4   0.2   1   1   1.3e-18   7.3e-16   59.7   0.2    25    88     5    66     1    72 0.94 -
evm.utg6432.11.1.5c22f30f            -            175 412930at33208        -            279     8e-16   59.5   0.2   1   1     2e-18   1.1e-15   59.1   0.2    26    93    15    83     7    85 0.92 -
evm.utg1278.14                       -            759 412930at33208        -            279   8.8e-16   59.4   0.7   1   2   6.3e-18   3.5e-15   57.4   0.1    24    88    26    90    16    97 0.94 -
evm.utg1278.14                       -            759 412930at33208        -            279   8.8e-16   59.4   0.7   2   2       4.4   2.4e+03   -1.1   0.0    33    71   355   393   329   396 0.82 -
evm.utg6432.11.2.5c22f30f            -            206 412930at33208        -            279   1.1e-15   59.1   0.1   1   1   2.9e-18   1.6e-15   58.5   0.1    26    93    15    83     8    85 0.92 -
evm.utg3409.1                        -            217 412930at33208        -            279   1.2e-15   58.9   0.1   1   1   3.2e-18   1.8e-15   58.4   0.1    26    93    26    94    21    96 0.92 -
evm.utg6432.11                       -            217 412930at33208        -            279   1.2e-15   58.9   0.1   1   1   3.2e-18   1.8e-15   58.4   0.1    26    93    26    94    21    96 0.92 -
evm.utg1555.41                       -            374 412930at33208        -            279     2e-15   58.2   1.0   1   1   3.7e-18     2e-15   58.2   1.0    30    88    37    95    30   100 0.93 -
evm.utg2417.15                       -            259 412930at33208        -            279   2.4e-15   57.9   0.2   1   2   4.4e-18   2.4e-15   57.9   0.2    25    88    14    80     5    83 0.91 -
evm.utg2417.15                       -            259 412930at33208        -            279   2.4e-15   57.9   0.2   2   2       2.2   1.2e+03   -0.1   0.6   208   252   118   162    99   200 0.65 -
evm.utg62.154                        -            259 412930at33208        -            279   3.4e-15   57.5   0.2   1   2   6.2e-18   3.4e-15   57.5   0.2    25    88    14    80     5    83 0.92 -
evm.utg62.154                        -            259 412930at33208        -            279   3.4e-15   57.5   0.2   2   2       2.7   1.5e+03   -0.4   0.2   208   251   118   161   101   190 0.60 -
evm.utg1683.14                       -            413 412930at33208        -            279   4.2e-15   57.2   1.4   1   1   1.4e-17   7.6e-15   56.3   1.4    24    88   308   376   293   377 0.88 -
evm.utg48.17                         -            409 412930at33208        -            279   5.9e-15   56.7   0.1   1   1   1.7e-17   9.2e-15   56.0   0.1    25    94     4    71     2    74 0.94 -
evm.utg4468.18                       -            409 412930at33208        -            279   1.2e-14   55.7   0.1   1   1   3.3e-17   1.8e-14   55.1   0.1    25    94     4    71     2    74 0.94 -
evm.utg26517.2                       -            439 412930at33208        -            279   1.5e-14   55.4   2.2   1   1     5e-17   2.7e-14   54.5   2.2    25    88    76   140    66   143 0.91 -
evm.utg338.78.2.5c22ef4c             -            335 412930at33208        -            279   5.5e-14   53.5   2.5   1   1   1.7e-16   9.5e-14   52.7   2.5    25    88    79   143    69   146 0.91 -
evm.utg338.78                        -            457 412930at33208        -            279   9.1e-14   52.8   2.5   1   1   2.8e-16   1.6e-13   52.0   2.5    25    88    79   143    69   146 0.91 -
evm.utg338.78.1.5c22ef4c             -            542 412930at33208        -            279   1.1e-13   52.5   2.5   1   1   3.6e-16     2e-13   51.7   2.5    25    88    79   143    69   146 0.91 -
evm.utg3201.4.1.5c27937a             -            442 412930at33208        -            279   1.5e-13   52.0   0.0   1   2       9.8   5.4e+03   -2.2   0.1   191   236    98   142    55   153 0.55 -
evm.utg3201.4.1.5c27937a             -            442 412930at33208        -            279   1.5e-13   52.0   0.0   2   2   2.8e-16   1.5e-13   52.0   0.0    24    88   362   426   348   430 0.92 -
evm.utg3201.4                        -            610 412930at33208        -            279   2.4e-13   51.4   0.0   1   1   4.4e-16   2.4e-13   51.4   0.0    24    88   362   426   348   430 0.92 -
evm.utg1277.35                       -            906 412930at33208        -            279   4.1e-13   50.6   0.0   1   1   7.4e-16   4.1e-13   50.6   0.0    24    88   658   722   644   726 0.92 -
evm.utg1127.40                       -            566 412930at33208        -            279   4.2e-13   50.6   0.1   1   2   7.7e-16   4.2e-13   50.6   0.1    27    88     5    68     1    77 0.89 -
evm.utg1127.40                       -            566 412930at33208        -            279   4.2e-13   50.6   0.1   2   2       8.4   4.6e+03   -2.0   4.5   128   209   152   233   146   274 0.47 -
evm.utg7289.10                       -            208 412930at33208        -            279   5.5e-13   50.2   0.5   1   1   1.6e-15   8.7e-13   49.6   0.0    24    94    41   113    35   121 0.90 -
evm.utg52.120                        -            504 412930at33208        -            279   1.4e-11   45.6   0.1   1   1     6e-14   3.3e-11   44.4   0.1    26    94    13    85     6    92 0.86 -
evm.utg729.61.1.5c22f3a4             -            233 412930at33208        -            279   2.9e-11   44.6   0.0   1   2   5.3e-14   2.9e-11   44.6   0.0    26    90     6    71     3    74 0.90 -
evm.utg729.61.1.5c22f3a4             -            233 412930at33208        -            279   2.9e-11   44.6   0.0   2   2       3.1   1.7e+03   -0.6   0.3   144   188   140   186   130   210 0.61 -
evm.utg729.61                        -            305 412930at33208        -            279   4.7e-11   43.9   0.0   1   1   8.5e-14   4.7e-11   43.9   0.0    26    90     6    71     3    74 0.90 -
evm.utg114.6.1.5c22e8c0              -            512 412930at33208        -            279   5.4e-11   43.7   1.9   1   1   2.8e-13   1.5e-10   42.2   1.9    18    88   391   467   383   468 0.83 -
evm.utg577.72                        -            157 412930at33208        -            279   5.5e-11   43.7   0.2   1   1   1.4e-13   7.4e-11   43.2   0.2    26    94     7    83     2    90 0.74 -
evm.utg114.6                         -            533 412930at33208        -            279   5.9e-11   43.6   1.9   1   1   2.9e-13   1.6e-10   42.1   1.9    18    88   391   467   383   468 0.83 -
evm.utg2017.39                       -            363 412930at33208        -            279   6.9e-11   43.3   0.7   1   1     2e-13   1.1e-10   42.7   0.7    24    84   280   342   254   347 0.86 -
evm.utg62.129                        -            363 412930at33208        -            279   7.8e-11   43.2   0.7   1   1   2.2e-13   1.2e-10   42.6   0.7    24    84   280   342   256   347 0.87 -
evm.utg6072.9                        -            157 412930at33208        -            279     1e-10   42.8   0.2   1   1   2.5e-13   1.4e-10   42.3   0.2    26    94     7    83     2    90 0.74 -
evm.utg526.3.1.5c22f1d8              -            448 412930at33208        -            279   1.1e-10   42.7   1.9   1   1   1.9e-13   1.1e-10   42.7   1.9    18    88   306   382   298   383 0.83 -
evm.utg526.3                         -            534 412930at33208        -            279   1.3e-10   42.4   1.8   1   1   2.3e-13   1.3e-10   42.4   1.8    18    88   392   468   385   469 0.83 -
evm.utg40512.13                      -           2261 412930at33208        -            279     7e-10   40.0   0.5   1   1   1.3e-12     7e-10   40.0   0.5    23    88   513   578   503   582 0.94 -
evm.utg4709.16                       -            778 412930at33208        -            279   8.6e-10   39.7   0.0   1   1   1.6e-12   8.6e-10   39.7   0.0    23    88   120   183   102   187 0.91 -
evm.utg3365.19                       -            277 412930at33208        -            279   9.6e-10   39.6   0.1   1   1   1.7e-12   9.6e-10   39.6   0.1    25    90    66   132    61   135 0.93 -
evm.utg8.55                          -            248 412930at33208        -            279   1.1e-09   39.4   1.2   1   1   2.1e-12   1.1e-09   39.3   0.1    25    90    38   104    33   107 0.93 -
evm.utg801.39                        -            243 412930at33208        -            279   1.4e-09   39.1   0.4   1   2   2.5e-12   1.4e-09   39.1   0.4    24    91    44   113    40   116 0.90 -
evm.utg801.39                        -            243 412930at33208        -            279   1.4e-09   39.1   0.4   2   2       3.6     2e+03   -0.8   1.7    28    55   161   188   142   203 0.66 -
evm.utg2303.43.1.5c22ed61            -            138 412930at33208        -            279   3.7e-09   37.7   0.5   1   1   8.9e-12   4.9e-09   37.3   0.5    24    96    18    96     4   101 0.84 -
evm.utg3522.80                       -            273 412930at33208        -            279   1.2e-08   36.0   0.0   1   1   4.3e-11   2.4e-08   35.0   0.0    11    75   199   262   189   270 0.80 -
evm.utg2303.43                       -            180 412930at33208        -            279   1.5e-08   35.6   1.9   1   1   2.9e-11   1.6e-08   35.6   1.1    24    96    18    96     4   100 0.84 -
evm.utg5290.29                       -            180 412930at33208        -            279   3.2e-08   34.6   1.1   1   2   5.7e-11   3.2e-08   34.6   1.1    24    96    18    96     4   102 0.85 -
evm.utg5290.29                       -            180 412930at33208        -            279   3.2e-08   34.6   1.1   2   2       4.3   2.4e+03   -1.1   0.0   174   195   137   158    98   174 0.57 -
evm.utg1919.37                       -            710 412930at33208        -            279   3.8e-08   34.3   0.0   1   1   2.5e-10   1.4e-07   32.5   0.0    26    81     7    64     2    87 0.86 -
evm.utg7149.23                       -           1190 412930at33208        -            279   1.5e-07   32.4   0.1   1   2   2.7e-10   1.5e-07   32.4   0.1    27    80     8    62     2    70 0.82 -
evm.utg7149.23                       -           1190 412930at33208        -            279   1.5e-07   32.4   0.1   2   2       9.5   5.2e+03   -2.2   1.3   167   191    91   115    84   178 0.57 -
evm.utg107.1                         -            375 412930at33208        -            279   4.9e-07   30.7   0.2   1   1   8.8e-10   4.9e-07   30.7   0.2    25    81     6    63     2    77 0.86 -
evm.utg15552.6                       -            265 412930at33208        -            279   6.9e-07   30.2   0.1   1   1   2.7e-09   1.5e-06   29.1   0.1    36    77   215   256   208   263 0.88 -
evm.utg217.10.1.5c22ed20             -            521 412930at33208        -            279   9.3e-07   29.8   0.1   1   1   1.7e-09   9.3e-07   29.8   0.1    25    81     6    63     2    70 0.88 -
evm.utg217.10.2.5c22ed21             -            595 412930at33208        -            279   1.1e-06   29.5   0.1   1   1     2e-09   1.1e-06   29.5   0.1    25    81     6    63     2    70 0.88 -
evm.utg217.10                        -            673 412930at33208        -            279   1.3e-06   29.3   0.1   1   1   2.4e-09   1.3e-06   29.3   0.1    25    81     6    63     2    70 0.88 -
evm.utg234.7                         -           1416 412930at33208        -            279   2.9e-06   28.2   0.5   1   3       8.9   4.9e+03   -2.1   0.0   206   277   249   316   244   318 0.72 -
evm.utg234.7                         -           1416 412930at33208        -            279   2.9e-06   28.2   0.5   2   3   5.2e-09   2.9e-06   28.2   0.5   154   276   331   455   314   457 0.74 -
evm.utg234.7                         -           1416 412930at33208        -            279   2.9e-06   28.2   0.5   3   3       1.2   6.4e+02    0.8   0.6   225   269   458   500   455   507 0.78 -
evm.utg498.105                       -           1759 412930at33208        -            279   5.8e-06   27.2   0.2   1   1   1.1e-08   5.8e-06   27.2   0.2    25    71     7    54     3    65 0.84 -
evm.utg801.118.1.5c22f463            -            643 412930at33208        -            279   6.9e-06   26.9   0.0   1   1   1.3e-08   6.9e-06   26.9   0.0    40    88     2    48     1    52 0.92 -
evm.utg1970.11                       -            605 412930at33208        -            279   0.00013   22.7   1.4   1   1   3.8e-07   0.00021   22.1   0.2   160   221   331   395   315   399 0.73 -
evm.utg1302.19                       -            605 412930at33208        -            279   0.00024   21.9   0.2   1   2       6.3   3.5e+03   -1.6   0.1    26    67   119   160    98   175 0.74 -
evm.utg1302.19                       -            605 412930at33208        -            279   0.00024   21.9   0.2   2   2   4.4e-07   0.00024   21.9   0.2   161   221   333   396   316   400 0.72 -
evm.utg2521.2.1.5c22edc5             -            708 412930at33208        -            279   0.00042   21.1   5.0   1   2   0.00022      0.12   13.0   2.6   225   275    11    60     5    64 0.86 -
evm.utg2521.2.1.5c22edc5             -            708 412930at33208        -            279   0.00042   21.1   5.0   2   2     0.009       4.9    7.7   0.1   224   278    62   112    57   113 0.73 -
evm.utg801.70                        -            411 412930at33208        -            279    0.0005   20.8   0.2   1   2   9.1e-07    0.0005   20.8   0.2    27    77    50   101    43   113 0.84 -
evm.utg801.70                        -            411 412930at33208        -            279    0.0005   20.8   0.2   2   2       5.7   3.1e+03   -1.5   0.0   190   240   292   340   263   344 0.53 -
evm.utg989.30                        -           1143 412930at33208        -            279     0.003   18.3   0.0   1   1   1.4e-05    0.0079   16.9   0.0   210   267   611   662   550   667 0.77 -
evm.utg8494.76                       -            482 412930at33208        -            279    0.0031   18.2   2.1   1   1   1.2e-05    0.0065   17.2   2.1   221   271   218   269   132   279 0.66 -
evm.utg3041.51                       -           1786 412930at33208        -            279    0.0067   17.1   0.1   1   1   2.4e-05     0.013   16.2   0.1    36    85  1268  1315  1253  1318 0.83 -
evm.utg2024.18                       -           2223 412930at33208        -            279    0.0081   16.9   0.1   1   1     3e-05     0.017   15.8   0.1    36    85  1295  1342  1280  1345 0.83 -
evm.utg13.66.1.5c22ea17              -            610 412930at33208        -            279     0.023   15.4   8.7   1   2      0.07        39    4.8   0.7   224   270    37    81    22    87 0.78 -
evm.utg13.66.1.5c22ea17              -            610 412930at33208        -            279     0.023   15.4   8.7   2   2   0.00039      0.21   12.2   4.7   170   260    82   174    74   186 0.73 -
evm.utg2123.29                       -            708 412930at33208        -            279     0.048   14.3   9.9   1   2     0.084        46    4.5   0.6   224   270    37    81    25    87 0.78 -
evm.utg2123.29                       -            708 412930at33208        -            279     0.048   14.3   9.9   2   2   0.00041      0.23   12.1   4.4   170   260    82   174    74   186 0.73 -
evm.utg1285.8                        -            112 412930at33208        -            279      0.06   14.0   0.0   1   1   0.00014     0.075   13.7   0.0    30    61    63    94    53   108 0.87 -
evm.utg18125.8                       -            285 412930at33208        -            279     0.072   13.8   0.1   1   1   0.00023      0.13   12.9   0.1   208   264    25    83    15    91 0.86 -
evm.utg18633.21                      -             75 412930at33208        -            279     0.072   13.7   0.7   1   1   0.00014     0.076   13.7   0.7   177   221     5    49     1    56 0.86 -
evm.utg5149.16                       -            124 412930at33208        -            279     0.073   13.7   0.0   1   1   0.00017     0.092   13.4   0.0    30    61    75   106    65   120 0.87 -
evm.utg13.66                         -            714 412930at33208        -            279     0.081   13.6  10.7   1   2      0.08        44    4.6   0.7   224   270    43    87    25    93 0.78 -
evm.utg13.66                         -            714 412930at33208        -            279     0.081   13.6  10.7   2   2   0.00014     0.077   13.7   2.1   174   260    92   180    85   192 0.74 -
evm.utg2123.29.1.5c22ecfd            -            714 412930at33208        -            279     0.091   13.4  10.8   1   2      0.08        44    4.6   0.7   224   270    43    87    25    93 0.78 -
evm.utg2123.29.1.5c22ecfd            -            714 412930at33208        -            279     0.091   13.4  10.8   2   2   0.00014     0.077   13.7   2.1   174   260    92   180    85   192 0.74 -
#
# Program:         hmmsearch
# Version:         3.1b2 (February 2015)
# Pipeline mode:   SEARCH
# Query file:      /uoa/scratch/users/r02hw22/project_dark_genes/busco_downloads/lineages/metazoa_odb10/hmms/412930at33208.hmm
# Target file:     /uoa/scratch/users/r02hw22/project_dark_genes/00_raw/equina_smart.rnam-trna.merged.ggf.curated.remredun.aa.fa
# Option settings: hmmsearch --domtblout /uoa/scratch/users/r02hw22/project_dark_genes/equina_busco_proteins/run_metazoa_odb10/hmmer_output/initial_run_results/412930at33208.out --cpu 1 /uoa/scratch/users/r02hw22/project_dark_genes/busco_downloads/lineages/metazoa_odb10/hmms/412930at33208.hmm /uoa/scratch/users/r02hw22/project_dark_genes/00_raw/equina_smart.rnam-trna.merged.ggf.curated.remredun.aa.fa 
# Current dir:     /uoa/scratch/users/r02hw22/project_dark_genes
# Date:            Sat Apr 25 14:42:07 2026
# [ok]
