#                                                                                --- full sequence --- -------------- this domain -------------   hmm coord   ali coord   env coord
# target name            accession   tlen query name           accession   qlen   E-value  score  bias   #  of  c-Evalue  i-Evalue  score  bias  from    to  from    to  from    to  acc description of target
#    ------------------- ---------- ----- -------------------- ---------- ----- --------- ------ ----- --- --- --------- --------- ------ ----- ----- ----- ----- ----- ----- ----- ---- ---------------------
evm.utg577.40            -            648 414603at33208        -            478  3.4e-118  396.9  14.8   1   3   1.9e-13   3.6e-09   37.3   1.0     1    47    10    60    10    67 0.87 -
evm.utg577.40            -            648 414603at33208        -            478  3.4e-118  396.9  14.8   2   3   1.4e-48   2.7e-44  153.2   1.3    41   175    76   256    71   275 0.81 -
evm.utg577.40            -            648 414603at33208        -            478  3.4e-118  396.9  14.8   3   3   3.5e-64   6.4e-60  204.7   0.4   178   476   285   642   266   644 0.81 -
evm.utg577.40.1.5c22f243 -            534 414603at33208        -            478   2.7e-84  285.1   4.1   1   1   1.5e-81   2.8e-77  261.9   4.1    80   476     1   528     1   530 0.81 -
evm.utg33828.2           -            312 414603at33208        -            478      0.78    9.8   3.6   1   3    0.0029        54    3.8   0.2   310   342    41    73    33    81 0.85 -
evm.utg33828.2           -            312 414603at33208        -            478      0.78    9.8   3.6   2   3    0.0022        40    4.2   0.1   310   341   144   175   106   191 0.88 -
evm.utg33828.2           -            312 414603at33208        -            478      0.78    9.8   3.6   3   3     0.016   2.9e+02    1.3   0.0   310   341   247   278   227   285 0.82 -
#
# Program:         hmmsearch
# Version:         3.1b2 (February 2015)
# Pipeline mode:   SEARCH
# Query file:      /uoa/scratch/users/r02hw22/project_dark_genes/busco_downloads/lineages/metazoa_odb10/hmms/414603at33208.hmm
# Target file:     /uoa/scratch/users/r02hw22/project_dark_genes/00_raw/equina_smart.rnam-trna.merged.ggf.curated.remredun.aa.fa
# Option settings: hmmsearch --domtblout /uoa/scratch/users/r02hw22/project_dark_genes/equina_busco_proteins/run_metazoa_odb10/hmmer_output/initial_run_results/414603at33208.out --cpu 1 /uoa/scratch/users/r02hw22/project_dark_genes/busco_downloads/lineages/metazoa_odb10/hmms/414603at33208.hmm /uoa/scratch/users/r02hw22/project_dark_genes/00_raw/equina_smart.rnam-trna.merged.ggf.curated.remredun.aa.fa 
# Current dir:     /uoa/scratch/users/r02hw22/project_dark_genes
# Date:            Sat Apr 25 14:41:56 2026
# [ok]
