#                                                                            --- full sequence --- -------------- this domain -------------   hmm coord   ali coord   env coord
# target name        accession   tlen query name           accession   qlen   E-value  score  bias   #  of  c-Evalue  i-Evalue  score  bias  from    to  from    to  from    to  acc description of target
#------------------- ---------- ----- -------------------- ---------- ----- --------- ------ ----- --- --- --------- --------- ------ ----- ----- ----- ----- ----- ----- ----- ---- ---------------------
evm.utg190.39        -            200 418979at33208        -            151   3.1e-66  223.2   3.5   1   2   2.6e-47   2.4e-43  148.9   0.4     2    97    13   113    12   117 0.90 -
evm.utg190.39        -            200 418979at33208        -            151   3.1e-66  223.2   3.5   2   2   1.1e-24     1e-20   75.5   0.2    96   151   130   191   123   191 0.90 -
evm.utg417.38        -            371 418979at33208        -            151    0.0077   17.5   0.0   1   1   1.8e-06     0.017   16.3   0.0    59    93   302   336   298   343 0.88 -
evm.utg11415.52      -            123 418979at33208        -            151      0.11   13.8   1.1   1   3     0.019   1.8e+02    3.3   0.0    50    71    23    41     9    49 0.82 -
evm.utg11415.52      -            123 418979at33208        -            151      0.11   13.8   1.1   2   3     0.015   1.4e+02    3.6   0.0    57    82    57    82    41    86 0.79 -
evm.utg11415.52      -            123 418979at33208        -            151      0.11   13.8   1.1   3   3   0.00037       3.4    8.8   0.2    31    74    61   105    57   110 0.86 -
evm.utg334.16        -            316 418979at33208        -            151      0.19   12.9   0.3   1   2       1.1   9.8e+03   -2.4   0.0    40    57    43    60    40    61 0.85 -
evm.utg334.16        -            316 418979at33208        -            151      0.19   12.9   0.3   2   2   7.4e-05      0.68   11.1   0.6    20    89   178   246   173   265 0.86 -
evm.utg117.5         -            207 418979at33208        -            151      0.19   12.9   0.6   1   1   3.1e-05      0.29   12.4   0.6    20    89    69   137    64   158 0.86 -
evm.utg34.11         -            410 418979at33208        -            151      0.43   11.8   0.3   1   1   8.6e-05       0.8   10.9   0.3    32    69   301   339   292   347 0.79 -
#
# Program:         hmmsearch
# Version:         3.1b2 (February 2015)
# Pipeline mode:   SEARCH
# Query file:      /uoa/scratch/users/r02hw22/project_dark_genes/busco_downloads/lineages/metazoa_odb10/hmms/418979at33208.hmm
# Target file:     /uoa/scratch/users/r02hw22/project_dark_genes/00_raw/equina_smart.rnam-trna.merged.ggf.curated.remredun.aa.fa
# Option settings: hmmsearch --domtblout /uoa/scratch/users/r02hw22/project_dark_genes/equina_busco_proteins/run_metazoa_odb10/hmmer_output/initial_run_results/418979at33208.out --cpu 1 /uoa/scratch/users/r02hw22/project_dark_genes/busco_downloads/lineages/metazoa_odb10/hmms/418979at33208.hmm /uoa/scratch/users/r02hw22/project_dark_genes/00_raw/equina_smart.rnam-trna.merged.ggf.curated.remredun.aa.fa 
# Current dir:     /uoa/scratch/users/r02hw22/project_dark_genes
# Date:            Sat Apr 25 14:42:07 2026
# [ok]
