#                                                                                            --- full sequence --- -------------- this domain -------------   hmm coord   ali coord   env coord
# target name                        accession   tlen query name           accession   qlen   E-value  score  bias   #  of  c-Evalue  i-Evalue  score  bias  from    to  from    to  from    to  acc description of target
#                ------------------- ---------- ----- -------------------- ---------- ----- --------- ------ ----- --- --- --------- --------- ------ ----- ----- ----- ----- ----- ----- ----- ---- ---------------------
evm.utg1272.12.1.5c278f8d            -            308 424646at33208        -            224   4.1e-54  185.1   0.8   1   2   7.2e-23   8.5e-20   72.9   1.0     5    55    30    81    26    86 0.93 -
evm.utg1272.12.1.5c278f8d            -            308 424646at33208        -            224   4.1e-54  185.1   0.8   2   2   3.7e-34   4.4e-31  109.8   0.0    57   195   116   275   112   305 0.81 -
evm.utg1272.12                       -            415 424646at33208        -            224     1e-53  183.8   1.0   1   2   1.1e-22   1.3e-19   72.2   1.0     4    55    30    81    26    86 0.93 -
evm.utg1272.12                       -            415 424646at33208        -            224     1e-53  183.8   1.0   2   2   6.2e-34   7.3e-31  109.0   0.0    57   193   116   278   112   316 0.80 -
evm.utg16130.9                       -            146 424646at33208        -            224     0.012   16.8   6.8   1   2      0.25     3e+02    2.4   0.4    75   129     4    64     2    65 0.53 -
evm.utg16130.9                       -            146 424646at33208        -            224     0.012   16.8   6.8   2   2     1e-05     0.012   16.8   6.8    70   153    35   117    20   128 0.78 -
evm.utg3174.42                       -            457 424646at33208        -            224     0.015   16.4   0.3   1   2       6.6   7.8e+03   -2.2   0.2    86   114   218   247   210   289 0.52 -
evm.utg3174.42                       -            457 424646at33208        -            224     0.015   16.4   0.3   2   2   1.3e-05     0.015   16.4   0.3   123   169   336   380   313   413 0.77 -
evm.utg911.39                        -            385 424646at33208        -            224     0.033   15.3   4.1   1   2       2.9   3.4e+03   -1.1   7.1    86   156    94   152    65   163 0.74 -
evm.utg911.39                        -            385 424646at33208        -            224     0.033   15.3   4.1   2   2   2.8e-05     0.033   15.3   4.1    71   153   196   277   180   288 0.78 -
evm.utg1243.5                        -            253 424646at33208        -            224     0.051   14.7   0.2   1   1     6e-05     0.071   14.2   0.2    66   135   110   175   103   200 0.70 -
evm.utg117.11                        -            125 424646at33208        -            224      0.06   14.5   0.2   1   1   6.7e-05     0.079   14.1   0.2   109   157    48    94    35   109 0.87 -
evm.utg7.12.1.5c22f35c               -            899 424646at33208        -            224     0.076   14.2   0.0   1   1   0.00019      0.22   12.6   0.0    79   139   247   308   242   348 0.92 -
evm.utg622.88                        -             85 424646at33208        -            224     0.078   14.1   0.1   1   1   7.7e-05     0.091   13.9   0.1    74   130    15    70     8    83 0.79 -
evm.utg7.12                          -            879 424646at33208        -            224     0.079   14.1   0.3   1   1   0.00018      0.21   12.7   0.0    79   139   247   308   242   348 0.92 -
evm.utg4613.9                        -            197 424646at33208        -            224     0.086   14.0   0.1   1   1   0.00011      0.13   13.4   0.1   109   157    48    94    36   143 0.88 -
evm.utg7.12.2.5c22f35d               -            819 424646at33208        -            224     0.086   14.0   0.8   1   1   0.00016      0.19   12.8   0.0    79   139   247   308   242   348 0.92 -
evm.utg7066.11                       -            211 424646at33208        -            224       0.1   13.7   0.2   1   1   0.00011      0.13   13.4   0.2    67   133   131   198   104   209 0.78 -
evm.utg3487.13                       -            489 424646at33208        -            224      0.12   13.5   4.1   1   2     0.001       1.2   10.2   0.8   121   162   356   398   328   403 0.87 -
evm.utg3487.13                       -            489 424646at33208        -            224      0.12   13.5   4.1   2   2     0.071        85    4.2   0.1    76   137   423   481   418   486 0.78 -
evm.utg378.166                       -            112 424646at33208        -            224      0.16   13.1   6.2   1   2   0.00047      0.56   11.3   4.1    88   157     6    69     2    77 0.52 -
evm.utg378.166                       -            112 424646at33208        -            224      0.16   13.1   6.2   2   2      0.12   1.4e+02    3.5   0.0   100   137    70   107    66   111 0.68 -
evm.utg1234.19                       -            194 424646at33208        -            224      0.21   12.7   0.0   1   2       5.8   6.8e+03   -2.1   0.0    64    84    62    82    57    89 0.69 -
evm.utg1234.19                       -            194 424646at33208        -            224      0.21   12.7   0.0   2   2   0.00061      0.72   11.0   0.0    74   118   137   180   128   192 0.83 -
evm.utg1918.14                       -            206 424646at33208        -            224      0.22   12.7   3.0   1   2       1.9   2.3e+03   -0.5   0.1   103   125    35    58    16   110 0.59 -
evm.utg1918.14                       -            206 424646at33208        -            224      0.22   12.7   3.0   2   2   0.00015      0.17   13.0   0.8    81   122   118   160    89   175 0.78 -
evm.utg11411.30                      -            672 424646at33208        -            224      0.25   12.5   0.0   1   1   0.00035      0.41   11.7   0.0    66   135   253   322   239   335 0.87 -
evm.utg162.24                        -            672 424646at33208        -            224      0.25   12.5   0.0   1   1   0.00035      0.41   11.7   0.0    66   135   253   322   239   335 0.87 -
evm.utg1918.16                       -            584 424646at33208        -            224      0.26   12.4   2.2   1   2       3.1   3.7e+03   -1.2   0.1    97    97   364   364   308   439 0.49 -
evm.utg1918.16                       -            584 424646at33208        -            224      0.26   12.4   2.2   2   2   0.00038      0.45   11.6   0.2    81   122   496   538   458   553 0.80 -
evm.utg10541.5                       -            882 424646at33208        -            224       0.4   11.8   0.4   1   1   0.00075      0.89   10.7   0.0    79   139   247   308   242   348 0.90 -
evm.utg8.84                          -            324 424646at33208        -            224      0.41   11.7   1.2   1   1   0.00053      0.62   11.2   1.2   117   189   136   208   129   227 0.80 -
evm.utg3365.41                       -            324 424646at33208        -            224      0.41   11.7   1.2   1   1   0.00053      0.62   11.2   1.2   117   188   136   207   129   227 0.80 -
evm.utg1825.19.2.5c22ec23.2.5c27911e -            536 424646at33208        -            224      0.42   11.7   4.1   1   2   0.00062      0.73   10.9   0.5   121   162   356   398   328   405 0.87 -
evm.utg1825.19.2.5c22ec23.2.5c27911e -            536 424646at33208        -            224      0.42   11.7   4.1   2   2      0.43   5.1e+02    1.6   0.2    92   139   436   483   420   531 0.70 -
evm.utg544.30                        -            584 424646at33208        -            224      0.44   11.7   1.2   1   2       5.5   6.5e+03   -2.0   0.1    70   116   307   351   295   388 0.55 -
evm.utg544.30                        -            584 424646at33208        -            224      0.44   11.7   1.2   2   2   0.00074      0.88   10.7   0.1    81   122   496   538   471   552 0.79 -
evm.utg2129.46                       -            581 424646at33208        -            224      0.45   11.6  10.8   1   1   0.00097       1.1   10.3  10.8    96   215     9   126     6   136 0.77 -
evm.utg116.81                        -            454 424646at33208        -            224       0.5   11.5   6.8   1   2    0.0015       1.7    9.7   0.2    68   143   144   218   128   230 0.76 -
evm.utg116.81                        -            454 424646at33208        -            224       0.5   11.5   6.8   2   2     0.073        87    4.2   2.1    93   139   248   294   236   315 0.69 -
evm.utg4157.59.1.5c22f08a            -            189 424646at33208        -            224      0.63   11.1   6.3   1   2   0.00069      0.82   10.8   2.9    98   157    42    94    25   101 0.80 -
evm.utg4157.59.1.5c22f08a            -            189 424646at33208        -            224      0.63   11.1   6.3   2   2      0.46   5.4e+02    1.5   0.1    90   124   130   164   122   178 0.78 -
evm.utg1825.19.2.5c22ec23.1.5c27911e -            555 424646at33208        -            224      0.96   10.6   5.6   1   2   0.00062      0.74   10.9   0.5   121   162   356   398   329   405 0.87 -
evm.utg1825.19.2.5c22ec23.1.5c27911e -            555 424646at33208        -            224      0.96   10.6   5.6   2   2      0.44   5.3e+02    1.6   0.6    93   155   437   487   420   543 0.64 -
evm.utg38960.2                       -            112 424646at33208        -            224         1   10.5   6.7   1   1    0.0025       2.9    9.0   6.7    96   154    37    98    10   101 0.78 -
evm.utg17994.13                      -            165 424646at33208        -            224       1.1   10.4   4.3   1   1   0.00088         1   10.4   3.3   103   158    32    92     4    98 0.69 -
evm.utg28737.10                      -            112 424646at33208        -            224       1.1   10.3   7.2   1   1    0.0029       3.4    8.7   7.2    96   154    37    98     8   101 0.79 -
evm.utg14021.26                      -            109 424646at33208        -            224       1.3   10.1   8.8   1   2    0.0014       1.6    9.8   3.6   112   150     4    37     1    39 0.84 -
evm.utg14021.26                      -            109 424646at33208        -            224       1.3   10.1   8.8   2   2      0.11   1.3e+02    3.6   0.2    90   117    59    86    46   103 0.57 -
evm.utg607.49                        -            766 424646at33208        -            224       1.5    9.9  11.9   1   2    0.0023       2.7    9.1   4.7    88   139   199   250   188   257 0.69 -
evm.utg607.49                        -            766 424646at33208        -            224       1.5    9.9  11.9   2   2     0.038        45    5.1   1.2    77   128   254   304   248   326 0.82 -
evm.utg1825.19.2.5c22ec23            -            604 424646at33208        -            224       1.8    9.6   6.4   1   2    0.0007      0.83   10.8   0.5   121   162   356   398   329   405 0.87 -
evm.utg1825.19.2.5c22ec23            -            604 424646at33208        -            224       1.8    9.6   6.4   2   2      0.55   6.5e+02    1.3   0.9    93   160   437   492   420   556 0.63 -
evm.utg4157.59                       -            229 424646at33208        -            224       1.8    9.6  11.0   1   2     0.001       1.2   10.2   2.9    98   157    42    94    25   101 0.81 -
evm.utg4157.59                       -            229 424646at33208        -            224       1.8    9.6  11.0   2   2     0.064        76    4.3   1.1    92   155   132   182   121   202 0.55 -
evm.utg1249.4                        -            112 424646at33208        -            224         2    9.5   7.2   1   1    0.0045       5.3    8.1   7.2    95   154    36    98    12   101 0.79 -
evm.utg1825.19.1.5c22ec23            -            647 424646at33208        -            224       2.3    9.3   6.4   1   2   0.00076       0.9   10.6   0.5   121   162   356   398   329   405 0.87 -
evm.utg1825.19.1.5c22ec23            -            647 424646at33208        -            224       2.3    9.3   6.4   2   2      0.63   7.4e+02    1.1   0.9    93   158   437   490   420   555 0.64 -
evm.utg1192.22                       -            760 424646at33208        -            224       2.7    9.1  19.5   1   3   0.00056      0.66   11.1   6.5    80   152   208   281   202   290 0.84 -
evm.utg1192.22                       -            760 424646at33208        -            224       2.7    9.1  19.5   2   3     0.071        84    4.2   3.4   103   144   509   550   485   570 0.78 -
evm.utg1192.22                       -            760 424646at33208        -            224       2.7    9.1  19.5   3   3       4.7   5.6e+03   -1.8   0.0   148   162   602   616   588   617 0.82 -
evm.utg750.36                        -            170 424646at33208        -            224       3.2    8.8  12.7   1   2    0.0012       1.4   10.0  10.1    87   163    22    96    11    98 0.87 -
evm.utg750.36                        -            170 424646at33208        -            224       3.2    8.8  12.7   2   2       3.9   4.6e+03   -1.5   0.0    93   112   117   136    98   148 0.65 -
utg3522.evm.utg1781.30.mrna7         -             95 424646at33208        -            224       3.2    8.8   3.0   1   1    0.0056       6.6    7.8   3.0    94   154    16    79     1    91 0.47 -
evm.utg190.3                         -             84 424646at33208        -            224       3.3    8.8   8.1   1   1    0.0031       3.6    8.7   8.1   180   211    10    42     5    72 0.52 -
evm.utg8262.34                       -            158 424646at33208        -            224         4    8.5  11.0   1   2     0.003       3.6    8.7   2.0   112   150     4    37     1    39 0.84 -
evm.utg8262.34                       -            158 424646at33208        -            224         4    8.5  11.0   2   2     0.051        60    4.7   1.8    90   151    69   136    48   143 0.59 -
evm.utg17102.2                       -            123 424646at33208        -            224       5.3    8.1  12.4   1   2    0.0012       1.4   10.0   2.7   112   150     4    37     1    39 0.84 -
evm.utg17102.2                       -            123 424646at33208        -            224       5.3    8.1  12.4   2   2      0.11   1.3e+02    3.6   2.3    90   151    59   114    49   121 0.54 -
evm.utg117.28.2.5c22e8ee             -            447 424646at33208        -            224       6.2    7.9  15.8   1   1     0.058        69    4.5  15.8    81   160   211   290   188   335 0.79 -
evm.utg4695.47                       -            190 424646at33208        -            224       6.4    7.9  13.8   1   2     0.002       2.4    9.2   2.3   112   150     4    37     1    39 0.84 -
evm.utg4695.47                       -            190 424646at33208        -            224       6.4    7.9  13.8   2   2     0.073        86    4.2   3.6    89   153    66   138    50   151 0.67 -
evm.utg734.13                        -            234 424646at33208        -            224         9    7.4   6.5   1   2   0.00049      0.58   11.3   0.4   165   206    13    53     9    72 0.78 -
evm.utg734.13                        -            234 424646at33208        -            224         9    7.4   6.5   2   2       5.6   6.6e+03   -2.0   1.1   194   202   174   182   148   206 0.45 -
#
# Program:         hmmsearch
# Version:         3.1b2 (February 2015)
# Pipeline mode:   SEARCH
# Query file:      /uoa/scratch/users/r02hw22/project_dark_genes/busco_downloads/lineages/metazoa_odb10/hmms/424646at33208.hmm
# Target file:     /uoa/scratch/users/r02hw22/project_dark_genes/00_raw/equina_smart.rnam-trna.merged.ggf.curated.remredun.aa.fa
# Option settings: hmmsearch --domtblout /uoa/scratch/users/r02hw22/project_dark_genes/equina_busco_proteins/run_metazoa_odb10/hmmer_output/initial_run_results/424646at33208.out --cpu 1 /uoa/scratch/users/r02hw22/project_dark_genes/busco_downloads/lineages/metazoa_odb10/hmms/424646at33208.hmm /uoa/scratch/users/r02hw22/project_dark_genes/00_raw/equina_smart.rnam-trna.merged.ggf.curated.remredun.aa.fa 
# Current dir:     /uoa/scratch/users/r02hw22/project_dark_genes
# Date:            Sat Apr 25 14:41:50 2026
# [ok]
