#                                                                            --- full sequence --- -------------- this domain -------------   hmm coord   ali coord   env coord
# target name        accession   tlen query name           accession   qlen   E-value  score  bias   #  of  c-Evalue  i-Evalue  score  bias  from    to  from    to  from    to  acc description of target
#------------------- ---------- ----- -------------------- ---------- ----- --------- ------ ----- --- --- --------- --------- ------ ----- ----- ----- ----- ----- ----- ----- ---- ---------------------
evm.utg401.16        -            528 428754at33208        -            321   1.7e-93  315.1  41.1   1   4   0.00087        16    6.3   1.8     5    50    42    93    38   108 0.59 -
evm.utg401.16        -            528 428754at33208        -            321   1.7e-93  315.1  41.1   2   4   3.4e-25   6.3e-21   76.7  15.4    32   158   156   301   112   308 0.81 -
evm.utg401.16        -            528 428754at33208        -            321   1.7e-93  315.1  41.1   3   4   5.2e-30   9.6e-26   92.5   5.3   133   233   299   403   292   408 0.85 -
evm.utg401.16        -            528 428754at33208        -            321   1.7e-93  315.1  41.1   4   4   1.3e-48   2.4e-44  153.6   0.2   225   321   412   513   405   513 0.91 -
evm.utg15164.41      -            533 428754at33208        -            321   2.1e-88  298.4  53.7   1   4    0.0039        72    4.2   5.7     3    56    40   106    38   116 0.63 -
evm.utg15164.41      -            533 428754at33208        -            321   2.1e-88  298.4  53.7   2   4         3   5.6e+04   -9.5  11.7   134   153   103   122    94   162 0.57 -
evm.utg15164.41      -            533 428754at33208        -            321   2.1e-88  298.4  53.7   3   4   6.9e-22   1.3e-17   65.8  19.1    35   157   161   305   130   311 0.74 -
evm.utg15164.41      -            533 428754at33208        -            321   2.1e-88  298.4  53.7   4   4   1.5e-72   2.7e-68  232.3  13.4   130   321   301   518   295   518 0.82 -
evm.utg356.50        -            500 428754at33208        -            321     0.056   14.4   3.5   1   1   5.4e-06     0.099   13.6   3.5    29    80   438   489   435   494 0.91 -
#
# Program:         hmmsearch
# Version:         3.1b2 (February 2015)
# Pipeline mode:   SEARCH
# Query file:      /uoa/scratch/users/r02hw22/project_dark_genes/busco_downloads/lineages/metazoa_odb10/hmms/428754at33208.hmm
# Target file:     /uoa/scratch/users/r02hw22/project_dark_genes/00_raw/equina_smart.rnam-trna.merged.ggf.curated.remredun.aa.fa
# Option settings: hmmsearch --domtblout /uoa/scratch/users/r02hw22/project_dark_genes/equina_busco_proteins/run_metazoa_odb10/hmmer_output/initial_run_results/428754at33208.out --cpu 1 /uoa/scratch/users/r02hw22/project_dark_genes/busco_downloads/lineages/metazoa_odb10/hmms/428754at33208.hmm /uoa/scratch/users/r02hw22/project_dark_genes/00_raw/equina_smart.rnam-trna.merged.ggf.curated.remredun.aa.fa 
# Current dir:     /uoa/scratch/users/r02hw22/project_dark_genes
# Date:            Sat Apr 25 14:42:10 2026
# [ok]
