#                                                                                           --- full sequence --- -------------- this domain -------------   hmm coord   ali coord   env coord
# target name                       accession   tlen query name           accession   qlen   E-value  score  bias   #  of  c-Evalue  i-Evalue  score  bias  from    to  from    to  from    to  acc description of target
#               ------------------- ---------- ----- -------------------- ---------- ----- --------- ------ ----- --- --- --------- --------- ------ ----- ----- ----- ----- ----- ----- ----- ---- ---------------------
evm.utg3201.19                      -            678 432287at33208        -            246   1.8e-47  163.3  14.8   1   4   1.3e-12   1.1e-09   39.5   0.1     7    44   125   162   111   169 0.88 -
evm.utg3201.19                      -            678 432287at33208        -            246   1.8e-47  163.3  14.8   2   4   1.6e-20   1.3e-17   65.4   2.6    43   152   190   342   183   348 0.75 -
evm.utg3201.19                      -            678 432287at33208        -            246   1.8e-47  163.3  14.8   3   4   6.3e-08   5.3e-05   24.1   0.0   152   200   410   456   404   470 0.80 -
evm.utg3201.19                      -            678 432287at33208        -            246   1.8e-47  163.3  14.8   4   4   2.2e-12   1.9e-09   38.7   0.7   182   238   464   529   449   551 0.76 -
evm.utg172.141                      -            717 432287at33208        -            246   3.2e-47  162.4  13.8   1   3   1.9e-12   1.6e-09   38.9   0.1     7    44   164   201   150   205 0.88 -
evm.utg172.141                      -            717 432287at33208        -            246   3.2e-47  162.4  13.8   2   3   5.3e-21   4.5e-18   67.0   1.6    43   152   229   381   221   387 0.76 -
evm.utg172.141                      -            717 432287at33208        -            246   3.2e-47  162.4  13.8   3   3   7.1e-16     6e-13   50.2   1.5   152   238   449   568   442   590 0.72 -
evm.utg172.141.2.5c22ebd1           -            716 432287at33208        -            246   3.6e-47  162.2  14.3   1   3   1.9e-12   1.6e-09   38.9   0.1     7    44   164   201   150   205 0.88 -
evm.utg172.141.2.5c22ebd1           -            716 432287at33208        -            246   3.6e-47  162.2  14.3   2   3     6e-21     5e-18   66.8   1.9    43   152   229   381   221   389 0.76 -
evm.utg172.141.2.5c22ebd1           -            716 432287at33208        -            246   3.6e-47  162.2  14.3   3   3   7.1e-16     6e-13   50.2   1.5   152   238   448   567   441   589 0.72 -
evm.utg172.141.1.5c22ebd1           -            742 432287at33208        -            246   4.2e-47  162.0  14.2   1   3     2e-12   1.7e-09   38.9   0.1     7    44   164   201   150   205 0.88 -
evm.utg172.141.1.5c22ebd1           -            742 432287at33208        -            246   4.2e-47  162.0  14.2   2   3   5.9e-21     5e-18   66.8   1.9    43   152   229   381   221   392 0.76 -
evm.utg172.141.1.5c22ebd1           -            742 432287at33208        -            246   4.2e-47  162.0  14.2   3   3   7.3e-16   6.2e-13   50.1   1.4   152   238   474   593   467   615 0.72 -
evm.utg498.172.1.5c22f1aa           -            902 432287at33208        -            246   1.6e-05   25.8   0.1   1   3   1.1e-05    0.0094   16.8   0.0     8    40   367   399   364   440 0.84 -
evm.utg498.172.1.5c22f1aa           -            902 432287at33208        -            246   1.6e-05   25.8   0.1   2   3     0.032        27    5.4   0.0   122   152   519   549   466   560 0.61 -
evm.utg498.172.1.5c22f1aa           -            902 432287at33208        -            246   1.6e-05   25.8   0.1   3   3       4.3   3.7e+03   -1.5   0.0   187   221   647   684   642   694 0.74 -
evm.utg498.172                      -            958 432287at33208        -            246   1.9e-05   25.6   0.1   1   3   1.2e-05      0.01   16.7   0.0     8    40   367   399   364   440 0.84 -
evm.utg498.172                      -            958 432287at33208        -            246   1.9e-05   25.6   0.1   2   3     0.035        29    5.3   0.0   122   152   519   549   466   560 0.61 -
evm.utg498.172                      -            958 432287at33208        -            246   1.9e-05   25.6   0.1   3   3       4.7   3.9e+03   -1.6   0.0   187   221   647   684   642   694 0.74 -
evm.utg116.207                      -            921 432287at33208        -            246   0.00022   22.1   0.1   1   2     0.015        13    6.5   0.0    12    33   345   366   342   373 0.88 -
evm.utg116.207                      -            921 432287at33208        -            246   0.00022   22.1   0.1   2   2   0.00016      0.14   13.0   0.0    11    42   670   701   667   713 0.86 -
evm.utg116.207.1.5c22e8e8           -            925 432287at33208        -            246   0.00023   22.0   0.1   1   2     0.015        13    6.5   0.0    12    33   345   366   342   373 0.88 -
evm.utg116.207.1.5c22e8e8           -            925 432287at33208        -            246   0.00023   22.0   0.1   2   2   0.00016      0.14   13.0   0.0    11    42   674   705   671   717 0.86 -
evm.utg535.40                       -            367 432287at33208        -            246   0.00073   20.4   0.2   1   2   0.00074      0.62   10.8   0.1    11    32    88   109    82   115 0.90 -
evm.utg535.40                       -            367 432287at33208        -            246   0.00073   20.4   0.2   2   2     0.012       9.9    6.9   0.0   132   149   238   255   229   261 0.84 -
evm.utg6123.18.2.5c22f2c5           -           4373 432287at33208        -            246   0.00094   20.1   0.4   1   4      0.93   7.8e+02    0.7   0.0    15    34  1908  1927  1907  1940 0.86 -
evm.utg6123.18.2.5c22f2c5           -           4373 432287at33208        -            246   0.00094   20.1   0.4   2   4      0.05        42    4.8   0.0     9    33  2215  2239  2210  2249 0.88 -
evm.utg6123.18.2.5c22f2c5           -           4373 432287at33208        -            246   0.00094   20.1   0.4   3   4     0.018        15    6.3   0.0     9    26  2583  2600  2575  2614 0.79 -
evm.utg6123.18.2.5c22f2c5           -           4373 432287at33208        -            246   0.00094   20.1   0.4   4   4         1   8.6e+02    0.5   0.0    10    36  2926  2952  2919  2958 0.84 -
evm.utg6123.18.1.5c22f2c5           -           4600 432287at33208        -            246    0.0012   19.7   0.4   1   4      0.98   8.3e+02    0.6   0.0    15    34  1908  1927  1907  1940 0.86 -
evm.utg6123.18.1.5c22f2c5           -           4600 432287at33208        -            246    0.0012   19.7   0.4   2   4     0.053        45    4.7   0.0     9    33  2215  2239  2210  2249 0.88 -
evm.utg6123.18.1.5c22f2c5           -           4600 432287at33208        -            246    0.0012   19.7   0.4   3   4     0.019        16    6.2   0.0     9    26  2583  2600  2575  2614 0.79 -
evm.utg6123.18.1.5c22f2c5           -           4600 432287at33208        -            246    0.0012   19.7   0.4   4   4       1.1     9e+02    0.5   0.0    10    36  2926  2952  2919  2958 0.84 -
evm.utg3839.64                      -           4650 432287at33208        -            246    0.0012   19.7   0.4   1   4      0.99   8.3e+02    0.6   0.0    15    34  1908  1927  1907  1940 0.86 -
evm.utg3839.64                      -           4650 432287at33208        -            246    0.0012   19.7   0.4   2   4     0.054        45    4.7   0.0     9    33  2215  2239  2210  2249 0.88 -
evm.utg3839.64                      -           4650 432287at33208        -            246    0.0012   19.7   0.4   3   4     0.019        16    6.2   0.0     9    26  2583  2600  2575  2614 0.79 -
evm.utg3839.64                      -           4650 432287at33208        -            246    0.0012   19.7   0.4   4   4       1.1   9.1e+02    0.4   0.0    10    36  2926  2952  2919  2958 0.84 -
evm.utg6123.18.3.5c22f2c5           -           4622 432287at33208        -            246    0.0012   19.7   0.4   1   4      0.98   8.3e+02    0.6   0.0    15    34  1908  1927  1907  1940 0.86 -
evm.utg6123.18.3.5c22f2c5           -           4622 432287at33208        -            246    0.0012   19.7   0.4   2   4     0.053        45    4.7   0.0     9    33  2215  2239  2210  2249 0.88 -
evm.utg6123.18.3.5c22f2c5           -           4622 432287at33208        -            246    0.0012   19.7   0.4   3   4     0.019        16    6.2   0.0     9    26  2583  2600  2575  2614 0.79 -
evm.utg6123.18.3.5c22f2c5           -           4622 432287at33208        -            246    0.0012   19.7   0.4   4   4       1.1   9.1e+02    0.5   0.0    10    36  2926  2952  2919  2958 0.84 -
evm.utg6123.18                      -           4650 432287at33208        -            246    0.0013   19.6   0.4   1   4      0.99   8.3e+02    0.6   0.0    15    34  1908  1927  1907  1940 0.86 -
evm.utg6123.18                      -           4650 432287at33208        -            246    0.0013   19.6   0.4   2   4     0.054        45    4.7   0.0     9    33  2215  2239  2210  2249 0.88 -
evm.utg6123.18                      -           4650 432287at33208        -            246    0.0013   19.6   0.4   3   4     0.019        16    6.2   0.0     9    26  2583  2600  2575  2614 0.79 -
evm.utg6123.18                      -           4650 432287at33208        -            246    0.0013   19.6   0.4   4   4       1.1   9.1e+02    0.4   0.0    10    36  2926  2952  2919  2958 0.84 -
evm.utg163.85.1.5c22eb83            -            319 432287at33208        -            246    0.0017   19.2   0.1   1   2    0.0019       1.6    9.5   0.0    10    32    25    47    17    50 0.89 -
evm.utg163.85.1.5c22eb83            -            319 432287at33208        -            246    0.0017   19.2   0.1   2   2    0.0082       6.9    7.4   0.0   128   150   179   201   161   210 0.77 -
evm.utg163.85.2.5c22eb84            -            317 432287at33208        -            246    0.0018   19.2   0.1   1   2    0.0019       1.6    9.5   0.0    10    32    67    89    59    92 0.89 -
evm.utg163.85.2.5c22eb84            -            317 432287at33208        -            246    0.0018   19.2   0.1   2   2    0.0081       6.8    7.4   0.0   128   150   221   243   203   252 0.77 -
evm.utg17994.15                     -            505 432287at33208        -            246    0.0018   19.1   0.2   1   2    0.0011      0.93   10.2   0.1    11    32    88   109    82   114 0.90 -
evm.utg17994.15                     -            505 432287at33208        -            246    0.0018   19.1   0.2   2   2     0.017        15    6.3   0.0   132   149   238   255   229   260 0.84 -
evm.utg320.79                       -            595 432287at33208        -            246    0.0023   18.8   0.0   1   2    0.0077       6.5    7.5   0.0    11    35    92   116    89   126 0.88 -
evm.utg320.79                       -            595 432287at33208        -            246    0.0023   18.8   0.0   2   2     0.003       2.5    8.8   0.0    11    53   373   416   371   429 0.89 -
evm.utg163.85                       -            361 432287at33208        -            246    0.0024   18.7   0.1   1   2    0.0022       1.9    9.2   0.0    10    32    67    89    59    92 0.89 -
evm.utg163.85                       -            361 432287at33208        -            246    0.0024   18.7   0.1   2   2    0.0096       8.1    7.2   0.0   128   150   221   243   203   252 0.77 -
evm.utg2246.63                      -            822 432287at33208        -            246    0.0029   18.4   0.0   1   2   4.5e-05     0.038   14.8   0.0    11    39   318   346   313   351 0.89 -
evm.utg2246.63                      -            822 432287at33208        -            246    0.0029   18.4   0.0   2   2       1.2   9.8e+02    0.3   0.0   153   217   514   592   509   599 0.53 -
evm.utg9251.19                      -           1149 432287at33208        -            246    0.0034   18.2   0.0   1   2   0.00011     0.096   13.5   0.0     9    40   357   388   352   393 0.88 -
evm.utg9251.19                      -           1149 432287at33208        -            246    0.0034   18.2   0.0   2   2      0.39   3.3e+02    1.9   0.0    59   151   513   616   509   620 0.62 -
evm.utg320.87.1.5c22eef5            -            430 432287at33208        -            246    0.0043   17.9   0.2   1   2    0.0029       2.4    8.9   0.0    10    42   115   147   113   170 0.85 -
evm.utg320.87.1.5c22eef5            -            430 432287at33208        -            246    0.0043   17.9   0.2   2   2     0.024        20    5.9   0.0     8    32   383   407   379   410 0.90 -
evm.utg104.78                       -           2110 432287at33208        -            246    0.0065   17.3   0.5   1   3      0.18   1.5e+02    3.0   0.0    11    28    35    52    30    75 0.79 -
evm.utg104.78                       -           2110 432287at33208        -            246    0.0065   17.3   0.5   2   3     0.037        31    5.2   0.0     9    36   388   415   384   421 0.86 -
evm.utg104.78                       -           2110 432287at33208        -            246    0.0065   17.3   0.5   3   3      0.05        42    4.8   0.0    10    36   656   682   651   689 0.84 -
evm.utg2247.25                      -            339 432287at33208        -            246    0.0067   17.3   0.1   1   2   0.00089      0.75   10.6   0.0    10    32    53    75    46    85 0.89 -
evm.utg2247.25                      -            339 432287at33208        -            246    0.0067   17.3   0.1   2   2     0.069        58    4.4   0.1   131   154   203   226   106   243 0.78 -
evm.utg320.87                       -            611 432287at33208        -            246    0.0089   16.9   0.0   1   2    0.0046       3.9    8.2   0.0    10    42   115   147   113   167 0.85 -
evm.utg320.87                       -            611 432287at33208        -            246    0.0089   16.9   0.0   2   2      0.03        25    5.5   0.0     8    32   383   407   379   414 0.89 -
evm.utg1137.42                      -            421 432287at33208        -            246     0.011   16.6   0.0   1   1   3.9e-05     0.033   15.0   0.0     8    38   167   197   161   201 0.88 -
evm.utg33938.21                     -           3070 432287at33208        -            246     0.011   16.6   0.3   1   2   0.00016      0.14   13.0   0.1     8    31   393   416   389   429 0.83 -
evm.utg33938.21                     -           3070 432287at33208        -            246     0.011   16.6   0.3   2   2      0.88   7.4e+02    0.7   0.0    11    39   687   715   683   729 0.89 -
evm.utg101.53                       -            242 432287at33208        -            246     0.011   16.5   0.2   1   2    0.0008      0.67   10.7   0.1    11    40     9    38     3    44 0.90 -
evm.utg101.53                       -            242 432287at33208        -            246     0.011   16.5   0.2   2   2      0.11        90    3.7   0.0    50    83    77   110    72   121 0.82 -
evm.utg35.7                         -           5300 432287at33208        -            246     0.012   16.4   3.3   1   3      0.19   1.6e+02    3.0   0.2    12    29  2145  2162  2138  2168 0.86 -
evm.utg35.7                         -           5300 432287at33208        -            246     0.012   16.4   3.3   2   3   0.00061      0.52   11.1   0.1     9    31  2553  2575  2548  2588 0.82 -
evm.utg35.7                         -           5300 432287at33208        -            246     0.012   16.4   3.3   3   3       1.6   1.3e+03   -0.1   0.0    11    39  2905  2933  2901  2945 0.89 -
evm.utg300.17                       -           1381 432287at33208        -            246     0.013   16.4   0.0   1   2   8.3e-05      0.07   13.9   0.0    11    39   555   583   550   587 0.88 -
evm.utg300.17                       -           1381 432287at33208        -            246     0.013   16.4   0.0   2   2       3.3   2.8e+03   -1.1   0.0   174   217   865   918   836   924 0.52 -
evm.utg7888.1                       -            130 432287at33208        -            246     0.021   15.7   0.0   1   1   3.5e-05      0.03   15.2   0.0     9    31    49    71    42    80 0.86 -
evm.utg2814.9.1.5c22ee45            -            782 432287at33208        -            246     0.023   15.5   0.1   1   2     0.056        47    4.7   0.0    11    33   236   258   233   261 0.89 -
evm.utg2814.9.1.5c22ee45            -            782 432287at33208        -            246     0.023   15.5   0.1   2   2     0.005       4.2    8.1   0.0    11    36   509   534   505   545 0.84 -
evm.utg145.68                       -            807 432287at33208        -            246     0.024   15.4   0.1   1   2     0.058        49    4.6   0.0    11    33   236   258   233   261 0.89 -
evm.utg145.68                       -            807 432287at33208        -            246     0.024   15.4   0.1   2   2    0.0052       4.4    8.0   0.0    11    36   509   534   505   545 0.84 -
evm.utg2814.9                       -            807 432287at33208        -            246     0.025   15.4   0.1   1   2     0.058        49    4.6   0.0    11    33   236   258   233   261 0.89 -
evm.utg2814.9                       -            807 432287at33208        -            246     0.025   15.4   0.1   2   2    0.0052       4.4    8.0   0.0    11    36   509   534   505   545 0.84 -
evm.utg7855.32                      -            430 432287at33208        -            246     0.027   15.3   0.0   1   1   0.00011     0.094   13.5   0.0     8    38   170   200   164   204 0.87 -
evm.utg405.65                       -            979 432287at33208        -            246     0.027   15.3   0.1   1   2   0.00035       0.3   11.9   0.0     4    61   439   495   436   502 0.82 -
evm.utg405.65                       -            979 432287at33208        -            246     0.027   15.3   0.1   2   2      0.97   8.2e+02    0.6   0.0   139   172   666   699   663   724 0.77 -
evm.utg12900.3                      -            655 432287at33208        -            246     0.028   15.2   0.1   1   1   6.7e-05     0.057   14.2   0.1     9    36    41    68    37    74 0.88 -
evm.utg1900.29                      -            730 432287at33208        -            246     0.029   15.2   0.0   1   1   6.8e-05     0.058   14.2   0.0     9    37    41    69    37    74 0.88 -
evm.utg3260.30                      -            238 432287at33208        -            246     0.033   15.0   0.0   1   1   6.4e-05     0.054   14.3   0.0     5    31    45    71    42    77 0.84 -
evm.utg356.148                      -           1880 432287at33208        -            246     0.044   14.6   0.0   1   1   0.00016      0.14   13.0   0.0     9    41  1096  1128  1091  1133 0.88 -
evm.utg356.148.1.5c22ef97           -           1852 432287at33208        -            246     0.044   14.6   0.0   1   1   0.00016      0.13   13.0   0.0     9    41  1096  1128  1091  1133 0.88 -
evm.utg420.122                      -           1321 432287at33208        -            246     0.045   14.6   0.1   1   2     0.016        14    6.4   0.0    10    30   443   463   438   468 0.87 -
evm.utg420.122                      -           1321 432287at33208        -            246     0.045   14.6   0.1   2   2     0.033        28    5.4   0.0     9    30  1104  1125  1097  1134 0.84 -
evm.utg101.117                      -            418 432287at33208        -            246     0.048   14.5   0.0   1   1   0.00011     0.089   13.6   0.0    12    37   226   251   222   292 0.74 -
evm.utg4194.9                       -           4220 432287at33208        -            246     0.056   14.2   2.6   1   3      0.16   1.4e+02    3.2   0.0    14    49  1536  1571  1534  1581 0.85 -
evm.utg4194.9                       -           4220 432287at33208        -            246     0.056   14.2   2.6   2   3    0.0074       6.2    7.5   0.3     8    33  1811  1836  1807  1842 0.87 -
evm.utg4194.9                       -           4220 432287at33208        -            246     0.056   14.2   2.6   3   3       1.5   1.3e+03   -0.1   0.0    10    25  2177  2192  2172  2207 0.85 -
evm.utg150.49                       -            828 432287at33208        -            246     0.056   14.2   0.2   1   2     0.037        31    5.3   0.0    11    37   250   276   244   284 0.87 -
evm.utg150.49                       -            828 432287at33208        -            246     0.056   14.2   0.2   2   2     0.017        14    6.4   0.0    11    34   529   552   526   565 0.88 -
evm.utg7855.23                      -            445 432287at33208        -            246     0.072   13.9   1.9   1   2    0.0027       2.3    9.0   0.0    11    32    34    55    26    60 0.86 -
evm.utg7855.23                      -            445 432287at33208        -            246     0.072   13.9   1.9   2   2       0.1        84    3.8   0.1   127   151   199   223   191   230 0.84 -
evm.utg2129.58                      -           1016 432287at33208        -            246      0.12   13.2   0.6   1   2       1.7   1.4e+03   -0.2   0.1    21    51   436   466   434   473 0.90 -
evm.utg2129.58                      -           1016 432287at33208        -            246      0.12   13.2   0.6   2   2    0.0012      0.98   10.2   0.0     9    35   585   611   577   617 0.88 -
evm.utg82.29.1.5c22f470.1.5c279807  -            956 432287at33208        -            246      0.13   13.1   0.8   1   2     0.053        45    4.7   0.1     9    34   443   468   439   473 0.89 -
evm.utg82.29.1.5c22f470.1.5c279807  -            956 432287at33208        -            246      0.13   13.1   0.8   2   2     0.023        20    5.9   0.0   186   222   912   948   909   954 0.88 -
evm.utg104.76                       -           1036 432287at33208        -            246      0.13   13.1   1.8   1   3     0.036        31    5.3   0.1    11    32   127   148   122   153 0.88 -
evm.utg104.76                       -           1036 432287at33208        -            246      0.13   13.1   1.8   2   3     0.079        67    4.2   0.1    10    35   459   484   450   492 0.83 -
evm.utg104.76                       -           1036 432287at33208        -            246      0.13   13.1   1.8   3   3       1.1   9.6e+02    0.4   0.0    11    36   857   882   854   901 0.72 -
evm.utg56.54                        -            355 432287at33208        -            246      0.16   12.8   0.0   1   2   0.00052      0.44   11.3   0.0    11    36   121   146   118   169 0.87 -
evm.utg56.54                        -            355 432287at33208        -            246      0.16   12.8   0.0   2   2       8.5   7.1e+03   -2.5   0.0   197   230   274   307   264   313 0.79 -
utg183.equina_smart_85789.mrna1     -           5228 432287at33208        -            246      0.17   12.7   0.1   1   2      0.36     3e+02    2.0   0.1    11    31  2547  2567  2540  2574 0.85 -
utg183.equina_smart_85789.mrna1     -           5228 432287at33208        -            246      0.17   12.7   0.1   2   2     0.012        10    6.8   0.0    11    26  2881  2896  2872  2914 0.81 -
evm.utg4455.52                      -            603 432287at33208        -            246      0.19   12.5   0.0   1   1   0.00039      0.33   11.7   0.0     7    61   516   569   510   576 0.82 -
evm.utg535.40.1.5c22f1e9            -            262 432287at33208        -            246       0.2   12.5   0.1   1   1   0.00048       0.4   11.4   0.1    11    32    88   109    82   115 0.90 -
evm.utg1609.18                      -           1361 432287at33208        -            246      0.21   12.3   0.2   1   2     0.001      0.86   10.4   0.2     8    31   547   570   541   577 0.85 -
evm.utg1609.18                      -           1361 432287at33208        -            246      0.21   12.3   0.2   2   2       8.5   7.2e+03   -2.5   0.0   156   173  1301  1318  1296  1334 0.81 -
evm.utg4607.12                      -           1114 432287at33208        -            246      0.22   12.3   0.1   1   1   0.00054      0.46   11.3   0.1     9    32   478   501   471   505 0.86 -
evm.utg7090.7                       -           1150 432287at33208        -            246      0.22   12.3   0.7   1   1    0.0008      0.68   10.7   0.1     8    32   327   351   321   359 0.85 -
evm.utg293.52                       -           1279 432287at33208        -            246      0.25   12.1   0.2   1   1    0.0012      0.97   10.2   0.1     9    32   457   480   451   488 0.87 -
evm.utg5390.56                      -            181 432287at33208        -            246      0.26   12.1   0.0   1   1   0.00064      0.54   11.0   0.0    10    32    45    67    38    77 0.89 -
evm.utg378.62.1.5c22efdb.1.5c27943e -            290 432287at33208        -            246      0.35   11.7   0.0   1   1   0.00067      0.56   11.0   0.0    11    36   199   224   196   250 0.81 -
evm.utg27170.1                      -            838 432287at33208        -            246      0.57   10.9   0.3   1   1    0.0013       1.1   10.0   0.3     8    33    79   104    75   110 0.87 -
evm.utg25826.6                      -            632 432287at33208        -            246       0.7   10.6   0.0   1   1    0.0013       1.1   10.1   0.0   109   147   241   279   200   288 0.85 -
evm.utg522.12.2.5c22f1cd            -           4286 432287at33208        -            246       1.1    9.9   2.4   1   4       4.1   3.4e+03   -1.4   0.0    15    29  1656  1670  1655  1681 0.84 -
evm.utg522.12.2.5c22f1cd            -           4286 432287at33208        -            246       1.1    9.9   2.4   2   4      0.52   4.4e+02    1.5   0.1    11    29  1943  1961  1933  1976 0.82 -
evm.utg522.12.2.5c22f1cd            -           4286 432287at33208        -            246       1.1    9.9   2.4   3   4      0.36   3.1e+02    2.0   0.0     8    32  2252  2276  2246  2286 0.80 -
evm.utg522.12.2.5c22f1cd            -           4286 432287at33208        -            246       1.1    9.9   2.4   4   4      0.27   2.3e+02    2.4   0.1    11    37  2626  2652  2623  2656 0.93 -
evm.utg522.12                       -           4326 432287at33208        -            246       1.2    9.9   2.4   1   4       4.1   3.5e+03   -1.5   0.0    15    29  1696  1710  1695  1721 0.84 -
evm.utg522.12                       -           4326 432287at33208        -            246       1.2    9.9   2.4   2   4      0.53   4.4e+02    1.5   0.1    11    29  1983  2001  1973  2016 0.82 -
evm.utg522.12                       -           4326 432287at33208        -            246       1.2    9.9   2.4   3   4      0.37   3.1e+02    2.0   0.0     8    32  2292  2316  2286  2326 0.80 -
evm.utg522.12                       -           4326 432287at33208        -            246       1.2    9.9   2.4   4   4      0.27   2.3e+02    2.4   0.1    11    37  2666  2692  2663  2696 0.93 -
evm.utg522.12.1.5c22f1cd            -           4326 432287at33208        -            246       1.2    9.9   2.4   1   4       4.1   3.5e+03   -1.5   0.0    15    29  1696  1710  1695  1721 0.84 -
evm.utg522.12.1.5c22f1cd            -           4326 432287at33208        -            246       1.2    9.9   2.4   2   4      0.53   4.4e+02    1.5   0.1    11    29  1983  2001  1973  2016 0.82 -
evm.utg522.12.1.5c22f1cd            -           4326 432287at33208        -            246       1.2    9.9   2.4   3   4      0.37   3.1e+02    2.0   0.0     8    32  2292  2316  2286  2326 0.80 -
evm.utg522.12.1.5c22f1cd            -           4326 432287at33208        -            246       1.2    9.9   2.4   4   4      0.27   2.3e+02    2.4   0.1    11    37  2666  2692  2663  2696 0.93 -
evm.utg183.1                        -           4454 432287at33208        -            246       1.2    9.8   2.8   1   3       3.1   2.6e+03   -1.1   0.0    60    90   522   552   520   557 0.93 -
evm.utg183.1                        -           4454 432287at33208        -            246       1.2    9.8   2.8   2   3       3.7   3.1e+03   -1.3   0.1    14    33  1801  1820  1800  1831 0.82 -
evm.utg183.1                        -           4454 432287at33208        -            246       1.2    9.8   2.8   3   3    0.0053       4.4    8.0   0.1    11    34  2080  2103  2073  2106 0.85 -
evm.utg207.88                       -           4405 432287at33208        -            246       9.5    6.9   7.1   1   3      0.03        25    5.6   0.1    14    34  1360  1380  1357  1388 0.90 -
evm.utg207.88                       -           4405 432287at33208        -            246       9.5    6.9   7.1   2   3      0.27   2.2e+02    2.5   0.0    11    32  1646  1667  1640  1671 0.86 -
evm.utg207.88                       -           4405 432287at33208        -            246       9.5    6.9   7.1   3   3       2.2   1.8e+03   -0.5   0.1     8    25  2137  2154  2132  2163 0.77 -
#
# Program:         hmmsearch
# Version:         3.1b2 (February 2015)
# Pipeline mode:   SEARCH
# Query file:      /uoa/scratch/users/r02hw22/project_dark_genes/busco_downloads/lineages/metazoa_odb10/hmms/432287at33208.hmm
# Target file:     /uoa/scratch/users/r02hw22/project_dark_genes/00_raw/equina_smart.rnam-trna.merged.ggf.curated.remredun.aa.fa
# Option settings: hmmsearch --domtblout /uoa/scratch/users/r02hw22/project_dark_genes/equina_busco_proteins/run_metazoa_odb10/hmmer_output/initial_run_results/432287at33208.out --cpu 1 /uoa/scratch/users/r02hw22/project_dark_genes/busco_downloads/lineages/metazoa_odb10/hmms/432287at33208.hmm /uoa/scratch/users/r02hw22/project_dark_genes/00_raw/equina_smart.rnam-trna.merged.ggf.curated.remredun.aa.fa 
# Current dir:     /uoa/scratch/users/r02hw22/project_dark_genes
# Date:            Sat Apr 25 14:42:00 2026
# [ok]
