#                                                                                   --- full sequence --- -------------- this domain -------------   hmm coord   ali coord   env coord
# target name               accession   tlen query name           accession   qlen   E-value  score  bias   #  of  c-Evalue  i-Evalue  score  bias  from    to  from    to  from    to  acc description of target
#       ------------------- ---------- ----- -------------------- ---------- ----- --------- ------ ----- --- --- --------- --------- ------ ----- ----- ----- ----- ----- ----- ----- ---- ---------------------
evm.utg411.108              -            255 442169at33208        -            349   1.1e-78  266.3  17.2   1   1   1.9e-81   1.6e-78  265.8  17.2    10   203    45   248    38   251 0.93 -
evm.utg411.109              -            197 442169at33208        -            349   3.9e-31  110.0  10.5   1   1   8.4e-34     7e-31  109.1  10.5   215   337    17   160     9   172 0.78 -
evm.utg234.68.69.1.5c279240 -            637 442169at33208        -            349   1.1e-14   55.9  94.4   1  16     0.032        26    5.3   0.8   169   191   133   155   126   163 0.86 -
evm.utg234.68.69.1.5c279240 -            637 442169at33208        -            349   1.1e-14   55.9  94.4   2  16    0.0057       4.7    7.7   0.1   164   191   156   183   154   190 0.85 -
evm.utg234.68.69.1.5c279240 -            637 442169at33208        -            349   1.1e-14   55.9  94.4   3  16    0.0021       1.7    9.2   0.8   165   191   185   211   182   223 0.85 -
evm.utg234.68.69.1.5c279240 -            637 442169at33208        -            349   1.1e-14   55.9  94.4   4  16     2e-05     0.017   15.8   3.0   163   200   239   274   232   285 0.83 -
evm.utg234.68.69.1.5c279240 -            637 442169at33208        -            349   1.1e-14   55.9  94.4   5  16      0.31   2.6e+02    2.0   2.9   164   205   268   307   266   312 0.82 -
evm.utg234.68.69.1.5c279240 -            637 442169at33208        -            349   1.1e-14   55.9  94.4   6  16     0.022        18    5.8   0.8   163   191   295   323   291   325 0.85 -
evm.utg234.68.69.1.5c279240 -            637 442169at33208        -            349   1.1e-14   55.9  94.4   7  16     0.011       9.4    6.8   1.5   164   192   324   352   322   361 0.87 -
evm.utg234.68.69.1.5c279240 -            637 442169at33208        -            349   1.1e-14   55.9  94.4   8  16       2.1   1.7e+03   -0.7   0.1   169   189   356   376   352   384 0.85 -
evm.utg234.68.69.1.5c279240 -            637 442169at33208        -            349   1.1e-14   55.9  94.4   9  16     0.008       6.6    7.3   0.2   164   191   379   406   376   413 0.85 -
evm.utg234.68.69.1.5c279240 -            637 442169at33208        -            349   1.1e-14   55.9  94.4  10  16    0.0024         2    9.0   0.7   164   191   407   434   405   444 0.84 -
evm.utg234.68.69.1.5c279240 -            637 442169at33208        -            349   1.1e-14   55.9  94.4  11  16   9.1e-06    0.0076   16.9   4.6   163   205   462   502   454   507 0.85 -
evm.utg234.68.69.1.5c279240 -            637 442169at33208        -            349   1.1e-14   55.9  94.4  12  16      0.17   1.4e+02    2.9   1.3   164   189   491   516   489   520 0.85 -
evm.utg234.68.69.1.5c279240 -            637 442169at33208        -            349   1.1e-14   55.9  94.4  13  16     0.013        11    6.6   2.3   164   191   519   546   514   549 0.87 -
evm.utg234.68.69.1.5c279240 -            637 442169at33208        -            349   1.1e-14   55.9  94.4  14  16   9.5e-05     0.079   13.6   0.4   166   192   549   575   545   583 0.82 -
evm.utg234.68.69.1.5c279240 -            637 442169at33208        -            349   1.1e-14   55.9  94.4  15  16       0.1        86    3.6   0.2   171   191   582   602   577   610 0.86 -
evm.utg234.68.69.1.5c279240 -            637 442169at33208        -            349   1.1e-14   55.9  94.4  16  16     0.026        21    5.6   2.0   164   191   603   630   601   636 0.83 -
evm.utg234.68.69.2.5c279241 -            665 442169at33208        -            349     2e-14   55.0 101.4   1  15     0.048        40    4.7  10.0   110   191   124   211   122   220 0.68 -
evm.utg234.68.69.2.5c279241 -            665 442169at33208        -            349     2e-14   55.0 101.4   2  15   2.8e-05     0.024   15.3   3.5   163   200   239   274   231   286 0.82 -
evm.utg234.68.69.2.5c279241 -            665 442169at33208        -            349     2e-14   55.0 101.4   3  15       0.2   1.7e+02    2.7   0.3   164   191   268   295   266   303 0.84 -
evm.utg234.68.69.2.5c279241 -            665 442169at33208        -            349     2e-14   55.0 101.4   4  15     0.011       9.3    6.8   0.4   163   191   295   323   290   331 0.85 -
evm.utg234.68.69.2.5c279241 -            665 442169at33208        -            349     2e-14   55.0 101.4   5  15    0.0085         7    7.2   1.0   164   191   324   351   322   359 0.87 -
evm.utg234.68.69.2.5c279241 -            665 442169at33208        -            349     2e-14   55.0 101.4   6  15       1.7   1.4e+03   -0.4   0.1   169   189   356   376   350   387 0.83 -
evm.utg234.68.69.2.5c279241 -            665 442169at33208        -            349     2e-14   55.0 101.4   7  15    0.0083       6.9    7.2   0.3   164   191   379   406   374   413 0.86 -
evm.utg234.68.69.2.5c279241 -            665 442169at33208        -            349     2e-14   55.0 101.4   8  15    0.0026       2.1    8.9   0.8   164   191   407   434   405   445 0.84 -
evm.utg234.68.69.2.5c279241 -            665 442169at33208        -            349     2e-14   55.0 101.4   9  15   3.3e-06    0.0027   18.4   0.8   163   191   462   490   454   497 0.88 -
evm.utg234.68.69.2.5c279241 -            665 442169at33208        -            349     2e-14   55.0 101.4  10  15     0.051        42    4.6   4.4   164   205   491   530   489   538 0.82 -
evm.utg234.68.69.2.5c279241 -            665 442169at33208        -            349     2e-14   55.0 101.4  11  15      0.19   1.6e+02    2.7   1.0   164   189   519   544   517   546 0.86 -
evm.utg234.68.69.2.5c279241 -            665 442169at33208        -            349     2e-14   55.0 101.4  12  15     0.011       9.5    6.7   2.1   164   191   547   574   542   577 0.87 -
evm.utg234.68.69.2.5c279241 -            665 442169at33208        -            349     2e-14   55.0 101.4  13  15   9.8e-05     0.082   13.5   0.4   166   192   577   603   573   611 0.82 -
evm.utg234.68.69.2.5c279241 -            665 442169at33208        -            349     2e-14   55.0 101.4  14  15      0.11        93    3.5   0.3   170   191   609   630   604   637 0.86 -
evm.utg234.68.69.2.5c279241 -            665 442169at33208        -            349     2e-14   55.0 101.4  15  15     0.025        21    5.6   1.9   164   191   631   658   629   664 0.83 -
evm.utg234.68.69            -            706 442169at33208        -            349   6.6e-14   53.3 100.7   1  17     0.039        32    5.0   1.0   169   191   174   196   167   205 0.85 -
evm.utg234.68.69            -            706 442169at33208        -            349   6.6e-14   53.3 100.7   2  17    0.0064       5.3    7.6   0.1   164   191   197   224   195   231 0.85 -
evm.utg234.68.69            -            706 442169at33208        -            349   6.6e-14   53.3 100.7   3  17    0.0023       1.9    9.0   0.8   165   191   226   252   223   263 0.85 -
evm.utg234.68.69            -            706 442169at33208        -            349   6.6e-14   53.3 100.7   4  17   3.3e-05     0.027   15.1   3.6   163   200   280   315   273   327 0.82 -
evm.utg234.68.69            -            706 442169at33208        -            349   6.6e-14   53.3 100.7   5  17      0.22   1.8e+02    2.5   0.3   164   191   309   336   307   344 0.84 -
evm.utg234.68.69            -            706 442169at33208        -            349   6.6e-14   53.3 100.7   6  17     0.017        14    6.2   0.7   163   191   336   364   331   370 0.85 -
evm.utg234.68.69            -            706 442169at33208        -            349   6.6e-14   53.3 100.7   7  17    0.0092       7.7    7.1   0.9   164   191   365   392   363   398 0.87 -
evm.utg234.68.69            -            706 442169at33208        -            349   6.6e-14   53.3 100.7   8  17       1.9   1.6e+03   -0.6   0.0   169   189   397   417   391   426 0.84 -
evm.utg234.68.69            -            706 442169at33208        -            349   6.6e-14   53.3 100.7   9  17    0.0085       7.1    7.2   0.2   164   191   420   447   415   454 0.86 -
evm.utg234.68.69            -            706 442169at33208        -            349   6.6e-14   53.3 100.7  10  17    0.0027       2.2    8.8   0.8   164   191   448   475   446   486 0.84 -
evm.utg234.68.69            -            706 442169at33208        -            349   6.6e-14   53.3 100.7  11  17   3.4e-06    0.0028   18.4   0.8   163   191   503   531   495   538 0.88 -
evm.utg234.68.69            -            706 442169at33208        -            349   6.6e-14   53.3 100.7  12  17     0.047        39    4.7   4.1   164   205   532   571   530   578 0.81 -
evm.utg234.68.69            -            706 442169at33208        -            349   6.6e-14   53.3 100.7  13  17       0.1        84    3.6   2.6   164   205   560   599   558   599 0.81 -
evm.utg234.68.69            -            706 442169at33208        -            349   6.6e-14   53.3 100.7  14  17     0.037        30    5.1   2.2   167   191   591   615   583   621 0.85 -
evm.utg234.68.69            -            706 442169at33208        -            349   6.6e-14   53.3 100.7  15  17   8.3e-05     0.069   13.8   0.4   166   192   618   644   614   652 0.82 -
evm.utg234.68.69            -            706 442169at33208        -            349   6.6e-14   53.3 100.7  16  17      0.12        99    3.4   0.3   170   191   650   671   645   678 0.86 -
evm.utg234.68.69            -            706 442169at33208        -            349   6.6e-14   53.3 100.7  17  17     0.031        26    5.3   2.1   164   191   672   699   670   705 0.83 -
evm.utg234.71               -            627 442169at33208        -            349   1.5e-12   48.8  99.7   1  17    0.0034       2.8    8.5   1.1   168   191   121   144   117   153 0.82 -
evm.utg234.71               -            627 442169at33208        -            349   1.5e-12   48.8  99.7   2  17    0.0029       2.4    8.7   0.7   166   191   147   172   143   183 0.82 -
evm.utg234.71               -            627 442169at33208        -            349   1.5e-12   48.8  99.7   3  17   4.1e-05     0.034   14.8   3.2   163   205   200   240   193   245 0.84 -
evm.utg234.71               -            627 442169at33208        -            349   1.5e-12   48.8  99.7   4  17      0.19   1.6e+02    2.7   2.9   164   197   229   260   227   264 0.79 -
evm.utg234.71               -            627 442169at33208        -            349   1.5e-12   48.8  99.7   5  17    0.0068       5.6    7.5   2.0   163   191   256   284   252   288 0.87 -
evm.utg234.71               -            627 442169at33208        -            349   1.5e-12   48.8  99.7   6  17      0.29   2.4e+02    2.1   1.9   166   191   287   312   283   321 0.83 -
evm.utg234.71               -            627 442169at33208        -            349   1.5e-12   48.8  99.7   7  17     0.015        12    6.4   1.4   163   191   312   340   308   349 0.84 -
evm.utg234.71               -            627 442169at33208        -            349   1.5e-12   48.8  99.7   8  17     0.017        14    6.2   0.5   164   191   341   368   339   376 0.84 -
evm.utg234.71               -            627 442169at33208        -            349   1.5e-12   48.8  99.7   9  17    0.0019       1.6    9.3   0.1   164   189   369   394   367   403 0.85 -
evm.utg234.71               -            627 442169at33208        -            349   1.5e-12   48.8  99.7  10  17   0.00049       0.4   11.3   0.1   164   191   397   424   395   431 0.85 -
evm.utg234.71               -            627 442169at33208        -            349   1.5e-12   48.8  99.7  11  17     0.007       5.8    7.4   0.5   164   191   425   452   423   461 0.83 -
evm.utg234.71               -            627 442169at33208        -            349   1.5e-12   48.8  99.7  12  17   0.00053      0.44   11.1   0.2   164   191   453   480   451   488 0.84 -
evm.utg234.71               -            627 442169at33208        -            349   1.5e-12   48.8  99.7  13  17     0.028        23    5.5   0.1   164   191   481   508   479   515 0.85 -
evm.utg234.71               -            627 442169at33208        -            349   1.5e-12   48.8  99.7  14  17     0.017        14    6.2   1.7   164   196   509   539   507   548 0.78 -
evm.utg234.71               -            627 442169at33208        -            349   1.5e-12   48.8  99.7  15  17     0.037        31    5.1   0.1   164   191   537   564   535   567 0.86 -
evm.utg234.71               -            627 442169at33208        -            349   1.5e-12   48.8  99.7  16  17    0.0081       6.7    7.2   0.7   164   191   565   592   563   596 0.87 -
evm.utg234.71               -            627 442169at33208        -            349   1.5e-12   48.8  99.7  17  17      0.83   6.9e+02    0.6   1.2   168   189   597   618   591   624 0.82 -
evm.utg190.62               -           1017 442169at33208        -            349   2.7e-12   48.0  81.4   1  14      0.33   2.7e+02    2.0   0.2   171   192   325   346   310   351 0.88 -
evm.utg190.62               -           1017 442169at33208        -            349   2.7e-12   48.0  81.4   2  14   0.00072       0.6   10.7   0.6   171   193   353   375   350   380 0.89 -
evm.utg190.62               -           1017 442169at33208        -            349   2.7e-12   48.0  81.4   3  14   0.00075      0.62   10.6   1.1   172   193   382   403   379   407 0.89 -
evm.utg190.62               -           1017 442169at33208        -            349   2.7e-12   48.0  81.4   4  14     0.001      0.83   10.2   1.5   171   193   409   431   406   437 0.89 -
evm.utg190.62               -           1017 442169at33208        -            349   2.7e-12   48.0  81.4   5  14       0.4   3.3e+02    1.7   0.2   171   192   437   458   434   463 0.89 -
evm.utg190.62               -           1017 442169at33208        -            349   2.7e-12   48.0  81.4   6  14   0.00077      0.64   10.6   0.7   171   193   465   487   462   492 0.89 -
evm.utg190.62               -           1017 442169at33208        -            349   2.7e-12   48.0  81.4   7  14   0.00082      0.68   10.5   1.2   171   193   493   515   490   520 0.89 -
evm.utg190.62               -           1017 442169at33208        -            349   2.7e-12   48.0  81.4   8  14      0.38   3.2e+02    1.7   0.2   171   192   521   542   518   548 0.89 -
evm.utg190.62               -           1017 442169at33208        -            349   2.7e-12   48.0  81.4   9  14   0.00078      0.65   10.6   0.7   171   192   549   570   546   575 0.89 -
evm.utg190.62               -           1017 442169at33208        -            349   2.7e-12   48.0  81.4  10  14   0.00062      0.51   10.9   0.9   171   193   577   599   574   604 0.89 -
evm.utg190.62               -           1017 442169at33208        -            349   2.7e-12   48.0  81.4  11  14     0.019        16    6.0   0.2   171   192   605   626   599   632 0.89 -
evm.utg190.62               -           1017 442169at33208        -            349   2.7e-12   48.0  81.4  12  14     0.015        12    6.4   0.1   172   193   634   655   631   661 0.88 -
evm.utg190.62               -           1017 442169at33208        -            349   2.7e-12   48.0  81.4  13  14      0.53   4.4e+02    1.3   1.3   170   193   660   683   658   690 0.85 -
evm.utg190.62               -           1017 442169at33208        -            349   2.7e-12   48.0  81.4  14  14     0.016        14    6.2   0.1   173   192   691   710   684   715 0.90 -
evm.utg180.60               -            366 442169at33208        -            349   2.3e-11   45.0  15.6   1   3       4.4   3.6e+03   -1.7   0.3   172   196     5    29     3    36 0.84 -
evm.utg180.60               -            366 442169at33208        -            349   2.3e-11   45.0  15.6   2   3   7.6e-05     0.063   13.9   3.5   167   238    65   136    48   140 0.78 -
evm.utg180.60               -            366 442169at33208        -            349   2.3e-11   45.0  15.6   3   3   9.9e-13   8.2e-10   39.8   0.9   111   262   138   298   132   356 0.80 -
evm.utg190.67               -            993 442169at33208        -            349   1.4e-10   42.4 129.4   1  23      0.74   6.1e+02    0.8   0.3   108   130   235   257   198   273 0.62 -
evm.utg190.67               -            993 442169at33208        -            349   1.4e-10   42.4 129.4   2  23     0.024        20    5.7   0.4   171   193   275   297   266   330 0.90 -
evm.utg190.67               -            993 442169at33208        -            349   1.4e-10   42.4 129.4   3  23     0.027        22    5.5   1.4   171   193   333   355   318   359 0.89 -
evm.utg190.67               -            993 442169at33208        -            349   1.4e-10   42.4 129.4   4  23     0.011       9.2    6.8   1.8   171   197   361   387   355   390 0.88 -
evm.utg190.67               -            993 442169at33208        -            349   1.4e-10   42.4 129.4   5  23     0.046        38    4.8   0.4   170   192   388   410   385   415 0.89 -
evm.utg190.67               -            993 442169at33208        -            349   1.4e-10   42.4 129.4   6  23    0.0046       3.8    8.0   0.1   171   193   417   439   414   444 0.89 -
evm.utg190.67               -            993 442169at33208        -            349   1.4e-10   42.4 129.4   7  23     0.016        13    6.3   0.2   171   193   445   467   442   472 0.89 -
evm.utg190.67               -            993 442169at33208        -            349   1.4e-10   42.4 129.4   8  23     0.015        13    6.3   0.7   171   193   473   495   470   505 0.89 -
evm.utg190.67               -            993 442169at33208        -            349   1.4e-10   42.4 129.4   9  23     0.062        52    4.3   4.6   171   197   543   569   501   572 0.87 -
evm.utg190.67               -            993 442169at33208        -            349   1.4e-10   42.4 129.4  10  23     0.055        46    4.5   0.6   170   192   570   592   568   597 0.89 -
evm.utg190.67               -            993 442169at33208        -            349   1.4e-10   42.4 129.4  11  23    0.0047       3.9    8.0   0.1   171   192   599   620   595   625 0.90 -
evm.utg190.67               -            993 442169at33208        -            349   1.4e-10   42.4 129.4  12  23     0.017        14    6.2   0.2   171   192   627   648   624   653 0.89 -
evm.utg190.67               -            993 442169at33208        -            349   1.4e-10   42.4 129.4  13  23      0.12        96    3.4   0.3   171   192   655   676   652   682 0.89 -
evm.utg190.67               -            993 442169at33208        -            349   1.4e-10   42.4 129.4  14  23    0.0051       4.3    7.9   1.0   171   193   683   705   679   712 0.89 -
evm.utg190.67               -            993 442169at33208        -            349   1.4e-10   42.4 129.4  15  23       0.1        83    3.6   0.9   172   193   713   734   707   749 0.84 -
evm.utg190.67               -            993 442169at33208        -            349   1.4e-10   42.4 129.4  16  23      0.89   7.4e+02    0.5   0.3   171   193   740   762   734   782 0.89 -
evm.utg190.67               -            993 442169at33208        -            349   1.4e-10   42.4 129.4  17  23    0.0075       6.3    7.3   0.9   171   193   796   818   790   828 0.89 -
evm.utg190.67               -            993 442169at33208        -            349   1.4e-10   42.4 129.4  18  23       1.7   1.4e+03   -0.4   0.1   172   192   825   845   822   851 0.87 -
evm.utg190.67               -            993 442169at33208        -            349   1.4e-10   42.4 129.4  19  23    0.0067       5.5    7.5   2.0   170   193   851   874   846   879 0.89 -
evm.utg190.67               -            993 442169at33208        -            349   1.4e-10   42.4 129.4  20  23      0.18   1.5e+02    2.8   0.6   171   192   880   901   874   907 0.88 -
evm.utg190.67               -            993 442169at33208        -            349   1.4e-10   42.4 129.4  21  23    0.0075       6.2    7.4   0.1   171   192   908   929   905   934 0.89 -
evm.utg190.67               -            993 442169at33208        -            349   1.4e-10   42.4 129.4  22  23    0.0018       1.5    9.4   0.1   172   192   937   957   934   962 0.89 -
evm.utg190.67               -            993 442169at33208        -            349   1.4e-10   42.4 129.4  23  23      0.11        95    3.5   0.0   172   193   965   986   962   991 0.88 -
evm.utg1765.9               -            514 442169at33208        -            349   2.5e-10   41.6   0.5   1   1   6.1e-13   5.1e-10   40.5   0.5   225   334    14   124     6   135 0.77 -
evm.utg62.6                 -            366 442169at33208        -            349   3.6e-10   41.0  16.4   1   3       4.4   3.6e+03   -1.7   0.3   172   196     5    29     3    36 0.84 -
evm.utg62.6                 -            366 442169at33208        -            349   3.6e-10   41.0  16.4   2   3   0.00013      0.11   13.1   3.5   168   238    66   136    56   141 0.75 -
evm.utg62.6                 -            366 442169at33208        -            349   3.6e-10   41.0  16.4   3   3   9.6e-12   7.9e-09   36.6   1.4   111   242   138   278   133   307 0.77 -
evm.utg9762.3               -            574 442169at33208        -            349     8e-10   39.9   0.4   1   1   1.8e-12   1.5e-09   39.0   0.4   226   333    11   119     5   131 0.78 -
evm.utg234.66               -            374 442169at33208        -            349   2.6e-09   38.2  29.7   1   7    0.0079       6.6    7.3   0.1   170   191   120   141   115   147 0.88 -
evm.utg234.66               -            374 442169at33208        -            349   2.6e-09   38.2  29.7   2   7     0.003       2.5    8.6   0.5   165   191   143   169   140   176 0.84 -
evm.utg234.66               -            374 442169at33208        -            349   2.6e-09   38.2  29.7   3   7   0.00021      0.18   12.4   0.3   164   191   170   197   168   204 0.85 -
evm.utg234.66               -            374 442169at33208        -            349   2.6e-09   38.2  29.7   4   7    0.0029       2.4    8.7   0.4   164   191   198   225   196   234 0.80 -
evm.utg234.66               -            374 442169at33208        -            349   2.6e-09   38.2  29.7   5   7    0.0012      0.99   10.0   0.5   165   191   227   253   224   261 0.83 -
evm.utg234.66               -            374 442169at33208        -            349   2.6e-09   38.2  29.7   6   7    0.0001     0.085   13.5   0.3   164   191   254   281   252   290 0.84 -
evm.utg234.66               -            374 442169at33208        -            349   2.6e-09   38.2  29.7   7   7      0.62   5.1e+02    1.0   0.2   164   182   282   300   280   302 0.78 -
evm.utg234.19               -            442 442169at33208        -            349     3e-08   34.7  56.9   1   9    0.0061       5.1    7.6   0.6   170   191   173   194   165   201 0.86 -
evm.utg234.19               -            442 442169at33208        -            349     3e-08   34.7  56.9   2   9    0.0034       2.8    8.5   0.4   164   191   195   222   193   229 0.84 -
evm.utg234.19               -            442 442169at33208        -            349     3e-08   34.7  56.9   3   9   0.00068      0.56   10.8   0.5   164   191   223   250   221   257 0.85 -
evm.utg234.19               -            442 442169at33208        -            349     3e-08   34.7  56.9   4   9    0.0023       1.9    9.0   0.4   164   191   251   278   249   283 0.85 -
evm.utg234.19               -            442 442169at33208        -            349     3e-08   34.7  56.9   5   9    0.0017       1.4    9.5   1.3   164   191   279   306   277   313 0.86 -
evm.utg234.19               -            442 442169at33208        -            349     3e-08   34.7  56.9   6   9   0.00046      0.38   11.3   0.6   164   191   307   334   305   342 0.84 -
evm.utg234.19               -            442 442169at33208        -            349     3e-08   34.7  56.9   7   9    0.0041       3.4    8.2   5.7   164   205   335   374   333   382 0.83 -
evm.utg234.19               -            442 442169at33208        -            349     3e-08   34.7  56.9   8   9      0.38   3.1e+02    1.8   0.2   167   188   366   387   362   392 0.80 -
evm.utg234.19               -            442 442169at33208        -            349     3e-08   34.7  56.9   9   9    0.0028       2.3    8.8   0.8   167   196   394   421   389   438 0.82 -
evm.utg190.63               -            357 442169at33208        -            349     3e-08   34.7  36.1   1   9     0.076        63    4.0   0.1   169   192   102   125    85   131 0.79 -
evm.utg190.63               -            357 442169at33208        -            349     3e-08   34.7  36.1   2   9     0.008       6.7    7.3   0.3   171   192   132   153   129   159 0.89 -
evm.utg190.63               -            357 442169at33208        -            349     3e-08   34.7  36.1   3   9    0.0069       5.7    7.5   0.2   171   192   160   181   157   187 0.89 -
evm.utg190.63               -            357 442169at33208        -            349     3e-08   34.7  36.1   4   9    0.0071       5.9    7.4   0.1   171   192   188   209   183   214 0.89 -
evm.utg190.63               -            357 442169at33208        -            349     3e-08   34.7  36.1   5   9    0.0014       1.1    9.8   0.1   171   192   216   237   213   242 0.89 -
evm.utg190.63               -            357 442169at33208        -            349     3e-08   34.7  36.1   6   9     0.035        29    5.1   0.0   171   192   244   265   240   271 0.89 -
evm.utg190.63               -            357 442169at33208        -            349     3e-08   34.7  36.1   7   9    0.0063       5.2    7.6   0.2   172   194   273   295   269   299 0.89 -
evm.utg190.63               -            357 442169at33208        -            349     3e-08   34.7  36.1   8   9     0.021        18    5.8   1.0   171   192   300   321   297   326 0.89 -
evm.utg190.63               -            357 442169at33208        -            349     3e-08   34.7  36.1   9   9      0.39   3.3e+02    1.7   0.2   171   192   328   349   323   355 0.81 -
evm.utg14.83                -            590 442169at33208        -            349   3.3e-08   34.6  93.5   1  13      0.16   1.3e+02    3.0  12.3   114   191   167   249   161   255 0.68 -
evm.utg14.83                -            590 442169at33208        -            349   3.3e-08   34.6  93.5   2  13      0.56   4.7e+02    1.2   6.6   168   205   254   289   248   304 0.83 -
evm.utg14.83                -            590 442169at33208        -            349   3.3e-08   34.6  93.5   3  13     0.037        31    5.1   0.1   164   191   278   305   276   314 0.79 -
evm.utg14.83                -            590 442169at33208        -            349   3.3e-08   34.6  93.5   4  13    0.0003      0.25   11.9   0.3   164   191   306   333   304   339 0.86 -
evm.utg14.83                -            590 442169at33208        -            349   3.3e-08   34.6  93.5   5  13     0.016        13    6.3   0.4   164   189   334   359   332   368 0.88 -
evm.utg14.83                -            590 442169at33208        -            349   3.3e-08   34.6  93.5   6  13    0.0009      0.74   10.4   0.9   168   191   366   389   360   398 0.82 -
evm.utg14.83                -            590 442169at33208        -            349   3.3e-08   34.6  93.5   7  13    0.0076       6.3    7.3   0.2   164   195   390   419   388   425 0.77 -
evm.utg14.83                -            590 442169at33208        -            349   3.3e-08   34.6  93.5   8  13    0.0054       4.5    7.8   1.2   164   191   418   445   416   448 0.87 -
evm.utg14.83                -            590 442169at33208        -            349   3.3e-08   34.6  93.5   9  13     0.015        12    6.4   5.6   166   200   448   480   444   483 0.85 -
evm.utg14.83                -            590 442169at33208        -            349   3.3e-08   34.6  93.5  10  13     0.059        49    4.4   2.9   166   191   476   501   472   510 0.81 -
evm.utg14.83                -            590 442169at33208        -            349   3.3e-08   34.6  93.5  11  13    0.0011      0.89   10.1   0.4   165   191   503   529   500   537 0.84 -
evm.utg14.83                -            590 442169at33208        -            349   3.3e-08   34.6  93.5  12  13     0.002       1.7    9.2   0.1   164   191   530   557   528   565 0.84 -
evm.utg14.83                -            590 442169at33208        -            349   3.3e-08   34.6  93.5  13  13      0.13     1e+02    3.3   1.1   164   195   558   589   556   589 0.84 -
evm.utg5176.16.17           -            364 442169at33208        -            349   9.6e-08   33.0  51.2   1  10     0.034        28    5.2   0.1   166   192    82   108    66   113 0.82 -
evm.utg5176.16.17           -            364 442169at33208        -            349   9.6e-08   33.0  51.2   2  10   0.00093      0.77   10.3   0.5   171   192   115   136   112   141 0.89 -
evm.utg5176.16.17           -            364 442169at33208        -            349   9.6e-08   33.0  51.2   3  10      0.24     2e+02    2.4   0.5   171   191   143   164   140   167 0.79 -
evm.utg5176.16.17           -            364 442169at33208        -            349   9.6e-08   33.0  51.2   4  10    0.0034       2.8    8.5   0.5   171   192   172   193   170   199 0.90 -
evm.utg5176.16.17           -            364 442169at33208        -            349   9.6e-08   33.0  51.2   5  10      0.37     3e+02    1.8   0.1   175   192   204   221   198   226 0.90 -
evm.utg5176.16.17           -            364 442169at33208        -            349   9.6e-08   33.0  51.2   6  10      0.04        34    4.9   0.4   171   192   228   249   225   254 0.89 -
evm.utg5176.16.17           -            364 442169at33208        -            349   9.6e-08   33.0  51.2   7  10     0.003       2.5    8.7   0.6   171   192   256   277   253   282 0.89 -
evm.utg5176.16.17           -            364 442169at33208        -            349   9.6e-08   33.0  51.2   8  10    0.0063       5.2    7.6   0.3   171   192   284   305   279   310 0.90 -
evm.utg5176.16.17           -            364 442169at33208        -            349   9.6e-08   33.0  51.2   9  10    0.0043       3.5    8.2   0.5   171   192   312   333   309   338 0.89 -
evm.utg5176.16.17           -            364 442169at33208        -            349   9.6e-08   33.0  51.2  10  10    0.0036         3    8.4   0.5   171   192   340   361   335   363 0.91 -
evm.utg234.19.1.5c27923f    -            386 442169at33208        -            349   1.2e-07   32.7  45.7   1   7    0.0048         4    8.0   0.6   170   191   173   194   164   202 0.86 -
evm.utg234.19.1.5c27923f    -            386 442169at33208        -            349   1.2e-07   32.7  45.7   2   7    0.0027       2.3    8.8   0.4   164   191   195   222   193   230 0.84 -
evm.utg234.19.1.5c27923f    -            386 442169at33208        -            349   1.2e-07   32.7  45.7   3   7   0.00058      0.48   11.0   0.6   164   191   223   250   221   258 0.84 -
evm.utg234.19.1.5c27923f    -            386 442169at33208        -            349   1.2e-07   32.7  45.7   4   7   0.00013      0.11   13.1   0.5   164   191   251   278   249   285 0.85 -
evm.utg234.19.1.5c27923f    -            386 442169at33208        -            349   1.2e-07   32.7  45.7   5   7   0.00039      0.32   11.6   0.5   164   191   279   306   277   313 0.85 -
evm.utg234.19.1.5c27923f    -            386 442169at33208        -            349   1.2e-07   32.7  45.7   6   7   0.00036       0.3   11.7   0.7   164   191   307   334   305   342 0.84 -
evm.utg234.19.1.5c27923f    -            386 442169at33208        -            349   1.2e-07   32.7  45.7   7   7     0.036        30    5.1   1.5   164   196   335   365   333   382 0.81 -
evm.utg181.8                -            482 442169at33208        -            349   2.5e-07   31.7  50.9   1  11     0.025        20    5.7   1.3   166   192   169   195   154   202 0.82 -
evm.utg181.8                -            482 442169at33208        -            349   2.5e-07   31.7  50.9   2  11    0.0021       1.7    9.2   0.3   172   192   203   223   199   228 0.90 -
evm.utg181.8                -            482 442169at33208        -            349   2.5e-07   31.7  50.9   3  11      0.18   1.5e+02    2.8   0.2   171   191   230   250   227   262 0.82 -
evm.utg181.8                -            482 442169at33208        -            349   2.5e-07   31.7  50.9   4  11      0.53   4.4e+02    1.3   0.1   171   191   258   278   252   283 0.88 -
evm.utg181.8                -            482 442169at33208        -            349   2.5e-07   31.7  50.9   5  11       0.1        84    3.6   0.4   171   192   286   307   278   312 0.86 -
evm.utg181.8                -            482 442169at33208        -            349   2.5e-07   31.7  50.9   6  11    0.0023       1.9    9.1   0.1   172   191   315   334   311   340 0.90 -
evm.utg181.8                -            482 442169at33208        -            349   2.5e-07   31.7  50.9   7  11       1.4   1.2e+03   -0.1   0.1   171   192   342   363   335   368 0.88 -
evm.utg181.8                -            482 442169at33208        -            349   2.5e-07   31.7  50.9   8  11      0.23   1.9e+02    2.5   0.2   171   191   370   390   364   393 0.90 -
evm.utg181.8                -            482 442169at33208        -            349   2.5e-07   31.7  50.9   9  11    0.0089       7.4    7.1   0.2   167   192   394   419   390   424 0.85 -
evm.utg181.8                -            482 442169at33208        -            349   2.5e-07   31.7  50.9  10  11   0.00067      0.56   10.8   0.2   172   192   427   447   423   452 0.90 -
evm.utg181.8                -            482 442169at33208        -            349   2.5e-07   31.7  50.9  11  11   0.00063      0.53   10.9   0.2   171   193   454   476   447   480 0.89 -
evm.utg14.84                -            453 442169at33208        -            349   3.3e-07   31.3  50.6   1   9      0.27   2.3e+02    2.2   0.4   170   191   172   193   165   200 0.84 -
evm.utg14.84                -            453 442169at33208        -            349   3.3e-07   31.3  50.6   2   9    0.0082       6.8    7.2   0.4   164   191   194   221   192   228 0.85 -
evm.utg14.84                -            453 442169at33208        -            349   3.3e-07   31.3  50.6   3   9    0.0034       2.9    8.5   0.8   164   191   222   249   220   260 0.83 -
evm.utg14.84                -            453 442169at33208        -            349   3.3e-07   31.3  50.6   4   9   0.00013      0.11   13.1   6.1   164   205   278   317   270   323 0.84 -
evm.utg14.84                -            453 442169at33208        -            349   3.3e-07   31.3  50.6   5   9     0.046        38    4.8   0.2   164   189   306   331   304   340 0.87 -
evm.utg14.84                -            453 442169at33208        -            349   3.3e-07   31.3  50.6   6   9     0.001      0.83   10.2   0.7   163   191   333   361   328   370 0.81 -
evm.utg14.84                -            453 442169at33208        -            349   3.3e-07   31.3  50.6   7   9   0.00014      0.11   13.1   0.6   164   192   362   390   360   401 0.82 -
evm.utg14.84                -            453 442169at33208        -            349   3.3e-07   31.3  50.6   8   9       1.2   9.9e+02    0.1   0.1   170   191   396   417   391   424 0.86 -
evm.utg14.84                -            453 442169at33208        -            349   3.3e-07   31.3  50.6   9   9    0.0088       7.3    7.1   0.5   163   189   417   443   412   452 0.83 -
evm.utg2521.16              -            482 442169at33208        -            349   5.7e-07   30.5  46.1   1  11     0.026        21    5.6   0.4   166   192   169   195   157   201 0.84 -
evm.utg2521.16              -            482 442169at33208        -            349   5.7e-07   30.5  46.1   2  11     0.016        13    6.3   0.1   172   191   203   222   198   228 0.89 -
evm.utg2521.16              -            482 442169at33208        -            349   5.7e-07   30.5  46.1   3  11     0.043        36    4.9   0.1   171   192   230   251   227   257 0.89 -
evm.utg2521.16              -            482 442169at33208        -            349   5.7e-07   30.5  46.1   4  11      0.18   1.5e+02    2.8   0.1   171   191   258   278   251   285 0.89 -
evm.utg2521.16              -            482 442169at33208        -            349   5.7e-07   30.5  46.1   5  11     0.098        82    3.7   0.3   171   192   286   307   279   313 0.87 -
evm.utg2521.16              -            482 442169at33208        -            349   5.7e-07   30.5  46.1   6  11    0.0022       1.8    9.1   0.1   172   191   315   334   311   341 0.90 -
evm.utg2521.16              -            482 442169at33208        -            349   5.7e-07   30.5  46.1   7  11       1.6   1.3e+03   -0.3   0.1   171   192   342   363   338   368 0.88 -
evm.utg2521.16              -            482 442169at33208        -            349   5.7e-07   30.5  46.1   8  11      0.21   1.7e+02    2.6   0.2   171   191   370   390   364   396 0.89 -
evm.utg2521.16              -            482 442169at33208        -            349   5.7e-07   30.5  46.1   9  11     0.013        11    6.6   0.2   167   193   394   420   390   425 0.85 -
evm.utg2521.16              -            482 442169at33208        -            349   5.7e-07   30.5  46.1  10  11   0.00068      0.56   10.8   0.2   172   192   427   447   423   452 0.90 -
evm.utg2521.16              -            482 442169at33208        -            349   5.7e-07   30.5  46.1  11  11     0.012        10    6.7   0.1   171   193   454   476   447   480 0.89 -
evm.utg4605.2               -            527 442169at33208        -            349   2.1e-06   28.7  79.7   1  12    0.0014       1.1    9.8   0.3   165   191   157   183   154   190 0.88 -
evm.utg4605.2               -            527 442169at33208        -            349   2.1e-06   28.7  79.7   2  12    0.0062       5.2    7.6   2.4   170   191   190   211   182   217 0.87 -
evm.utg4605.2               -            527 442169at33208        -            349   2.1e-06   28.7  79.7   3  12      0.17   1.4e+02    2.9   2.0   170   192   218   240   210   246 0.85 -
evm.utg4605.2               -            527 442169at33208        -            349   2.1e-06   28.7  79.7   4  12   0.00067      0.55   10.8   0.4   171   195   247   269   244   275 0.83 -
evm.utg4605.2               -            527 442169at33208        -            349   2.1e-06   28.7  79.7   5  12     0.092        76    3.8   4.6   164   189   268   293   266   305 0.76 -
evm.utg4605.2               -            527 442169at33208        -            349   2.1e-06   28.7  79.7   6  12      0.17   1.4e+02    2.9   2.2   170   191   302   323   299   326 0.86 -
evm.utg4605.2               -            527 442169at33208        -            349   2.1e-06   28.7  79.7   7  12    0.0018       1.5    9.4   4.6   164   219   324   377   322   382 0.83 -
evm.utg4605.2               -            527 442169at33208        -            349   2.1e-06   28.7  79.7   8  12     0.007       5.8    7.5   1.2   164   197   380   411   375   419 0.76 -
evm.utg4605.2               -            527 442169at33208        -            349   2.1e-06   28.7  79.7   9  12      0.11        95    3.5   0.6   164   189   408   433   406   444 0.79 -
evm.utg4605.2               -            527 442169at33208        -            349   2.1e-06   28.7  79.7  10  12   0.00055      0.45   11.1   0.6   169   189   441   461   432   472 0.86 -
evm.utg4605.2               -            527 442169at33208        -            349   2.1e-06   28.7  79.7  11  12       1.4   1.2e+03   -0.2   0.1   164   189   464   489   462   498 0.87 -
evm.utg4605.2               -            527 442169at33208        -            349   2.1e-06   28.7  79.7  12  12     0.027        22    5.5   2.0   169   196   497   522   487   526 0.83 -
evm.utg234.19.2.5c27923f    -            386 442169at33208        -            349   1.1e-05   26.3  47.6   1   8      0.52   4.3e+02    1.3   0.4    73   129   123   183   108   184 0.62 -
evm.utg234.19.2.5c27923f    -            386 442169at33208        -            349   1.1e-05   26.3  47.6   2   8    0.0053       4.4    7.9   0.6   170   191   173   194   165   201 0.86 -
evm.utg234.19.2.5c27923f    -            386 442169at33208        -            349   1.1e-05   26.3  47.6   3   8    0.0029       2.4    8.7   0.4   164   191   195   222   193   229 0.84 -
evm.utg234.19.2.5c27923f    -            386 442169at33208        -            349   1.1e-05   26.3  47.6   4   8   0.00057      0.48   11.0   0.6   164   191   223   250   221   258 0.84 -
evm.utg234.19.2.5c27923f    -            386 442169at33208        -            349   1.1e-05   26.3  47.6   5   8    0.0022       1.9    9.1   0.6   164   191   251   278   249   282 0.85 -
evm.utg234.19.2.5c27923f    -            386 442169at33208        -            349   1.1e-05   26.3  47.6   6   8    0.0013       1.1    9.8   1.3   164   191   279   306   277   314 0.85 -
evm.utg234.19.2.5c27923f    -            386 442169at33208        -            349   1.1e-05   26.3  47.6   7   8   0.00028      0.24   12.0   0.6   164   191   307   334   305   341 0.85 -
evm.utg234.19.2.5c27923f    -            386 442169at33208        -            349   1.1e-05   26.3  47.6   8   8     0.046        38    4.8   1.9   164   196   335   365   333   382 0.81 -
evm.utg3197.9               -            399 442169at33208        -            349   2.2e-05   25.3  45.8   1   8    0.0047       3.9    8.0   0.7   169   192   177   200   162   205 0.84 -
evm.utg3197.9               -            399 442169at33208        -            349   2.2e-05   25.3  45.8   2   8     0.082        68    3.9   0.1   171   193   207   229   204   234 0.89 -
evm.utg3197.9               -            399 442169at33208        -            349   2.2e-05   25.3  45.8   3   8      0.12     1e+02    3.4   1.9   171   193   235   257   232   261 0.88 -
evm.utg3197.9               -            399 442169at33208        -            349   2.2e-05   25.3  45.8   4   8     0.027        23    5.5   0.6   171   192   263   284   257   289 0.89 -
evm.utg3197.9               -            399 442169at33208        -            349   2.2e-05   25.3  45.8   5   8    0.0015       1.2    9.7   0.3   172   193   292   313   288   318 0.89 -
evm.utg3197.9               -            399 442169at33208        -            349   2.2e-05   25.3  45.8   6   8    0.0042       3.5    8.2   0.5   171   192   319   340   316   345 0.89 -
evm.utg3197.9               -            399 442169at33208        -            349   2.2e-05   25.3  45.8   7   8    0.0024         2    9.0   0.8   172   193   348   369   342   374 0.89 -
evm.utg3197.9               -            399 442169at33208        -            349   2.2e-05   25.3  45.8   8   8    0.0088       7.3    7.1   0.4   171   192   375   396   371   398 0.90 -
evm.utg8672.23              -            597 442169at33208        -            349   3.2e-05   24.8  57.3   1  12      0.18   1.5e+02    2.8   0.1   168   192   152   176   143   183 0.84 -
evm.utg8672.23              -            597 442169at33208        -            349   3.2e-05   24.8  57.3   2  12     0.014        12    6.4   1.3   171   193   183   205   180   218 0.83 -
evm.utg8672.23              -            597 442169at33208        -            349   3.2e-05   24.8  57.3   3  12       1.4   1.2e+03   -0.1   0.4   171   190   212   231   208   241 0.79 -
evm.utg8672.23              -            597 442169at33208        -            349   3.2e-05   24.8  57.3   4  12     0.027        23    5.5   2.5   169   194   239   264   229   268 0.86 -
evm.utg8672.23              -            597 442169at33208        -            349   3.2e-05   24.8  57.3   5  12     0.084        69    3.9   0.1   172   192   270   290   267   295 0.89 -
evm.utg8672.23              -            597 442169at33208        -            349   3.2e-05   24.8  57.3   6  12    0.0045       3.7    8.1   0.1   171   194   297   320   294   323 0.90 -
evm.utg8672.23              -            597 442169at33208        -            349   3.2e-05   24.8  57.3   7  12   0.00064      0.53   10.9   0.6   171   193   325   347   322   353 0.89 -
evm.utg8672.23              -            597 442169at33208        -            349   3.2e-05   24.8  57.3   8  12    0.0097         8    7.0   0.1   171   193   353   375   347   381 0.89 -
evm.utg8672.23              -            597 442169at33208        -            349   3.2e-05   24.8  57.3   9  12     0.089        74    3.8   0.2   172   192   382   402   377   408 0.89 -
evm.utg8672.23              -            597 442169at33208        -            349   3.2e-05   24.8  57.3  10  12     0.036        30    5.1   0.0   171   192   409   430   406   435 0.89 -
evm.utg8672.23              -            597 442169at33208        -            349   3.2e-05   24.8  57.3  11  12      0.17   1.4e+02    2.9   0.1   172   193   438   459   434   464 0.87 -
evm.utg8672.23              -            597 442169at33208        -            349   3.2e-05   24.8  57.3  12  12      0.37   3.1e+02    1.8   1.5   171   193   465   487   462   525 0.84 -
evm.utg27318.4              -            338 442169at33208        -            349   0.00018   22.3  40.6   1   7   0.00036       0.3   11.7   0.3   169   192   123   146   116   152 0.85 -
evm.utg27318.4              -            338 442169at33208        -            349   0.00018   22.3  40.6   2   7    0.0032       2.7    8.6   0.8   169   191   151   173   147   181 0.86 -
evm.utg27318.4              -            338 442169at33208        -            349   0.00018   22.3  40.6   3   7    0.0024         2    9.0   0.8   164   191   174   201   172   208 0.84 -
evm.utg27318.4              -            338 442169at33208        -            349   0.00018   22.3  40.6   4   7    0.0012         1   10.0   0.7   164   191   202   229   200   236 0.86 -
evm.utg27318.4              -            338 442169at33208        -            349   0.00018   22.3  40.6   5   7   0.00063      0.53   10.9   0.6   167   194   233   260   229   269 0.81 -
evm.utg27318.4              -            338 442169at33208        -            349   0.00018   22.3  40.6   6   7       1.6   1.4e+03   -0.3   0.4   172   189   266   283   258   287 0.80 -
evm.utg27318.4              -            338 442169at33208        -            349   0.00018   22.3  40.6   7   7      0.64   5.3e+02    1.0   1.6   167   189   289   311   284   326 0.87 -
evm.utg190.68               -            461 442169at33208        -            349   0.00026   21.7  42.3   1   8     0.011       9.1    6.8   0.2   171   193   211   233   206   240 0.90 -
evm.utg190.68               -            461 442169at33208        -            349   0.00026   21.7  42.3   2   8      0.23   1.9e+02    2.5   0.4   172   191   240   259   236   266 0.81 -
evm.utg190.68               -            461 442169at33208        -            349   0.00026   21.7  42.3   3   8    0.0031       2.6    8.6   1.3   171   192   267   288   259   294 0.89 -
evm.utg190.68               -            461 442169at33208        -            349   0.00026   21.7  42.3   4   8      0.01       8.3    6.9   0.1   171   192   295   316   292   322 0.89 -
evm.utg190.68               -            461 442169at33208        -            349   0.00026   21.7  42.3   5   8      0.53   4.4e+02    1.3   0.4   172   192   324   344   320   350 0.86 -
evm.utg190.68               -            461 442169at33208        -            349   0.00026   21.7  42.3   6   8    0.0014       1.2    9.8   0.9   171   192   351   372   347   377 0.90 -
evm.utg190.68               -            461 442169at33208        -            349   0.00026   21.7  42.3   7   8     0.012        10    6.7   0.2   171   192   379   400   376   405 0.89 -
evm.utg190.68               -            461 442169at33208        -            349   0.00026   21.7  42.3   8   8     0.017        14    6.2   0.6   171   192   436   457   411   460 0.90 -
evm.utg3197.8               -            240 442169at33208        -            349   0.00043   21.0  10.6   1   3   0.00088      0.73   10.4   0.2   169   192   154   177   139   182 0.86 -
evm.utg3197.8               -            240 442169at33208        -            349   0.00043   21.0  10.6   2   3     0.059        49    4.4   0.1   171   193   184   206   181   210 0.88 -
evm.utg3197.8               -            240 442169at33208        -            349   0.00043   21.0  10.6   3   3    0.0009      0.75   10.4   2.4   172   194   213   235   210   238 0.90 -
evm.utg8672.26              -            987 442169at33208        -            349    0.0005   20.8  88.9   1  15     0.019        16    6.0   0.4   171   192   237   258   226   263 0.89 -
evm.utg8672.26              -            987 442169at33208        -            349    0.0005   20.8  88.9   2  15      0.58   4.8e+02    1.2   0.5   171   191   265   285   259   291 0.82 -
evm.utg8672.26              -            987 442169at33208        -            349    0.0005   20.8  88.9   3  15     0.003       2.5    8.7   1.3   170   193   292   315   278   320 0.84 -
evm.utg8672.26              -            987 442169at33208        -            349    0.0005   20.8  88.9   4  15     0.019        15    6.0   0.1   171   192   321   342   318   348 0.89 -
evm.utg8672.26              -            987 442169at33208        -            349    0.0005   20.8  88.9   5  15      0.11        92    3.5   0.3   171   192   349   370   346   375 0.89 -
evm.utg8672.26              -            987 442169at33208        -            349    0.0005   20.8  88.9   6  15    0.0047       3.9    8.0   1.1   171   192   377   398   373   403 0.90 -
evm.utg8672.26              -            987 442169at33208        -            349    0.0005   20.8  88.9   7  15     0.025        21    5.6   0.3   171   192   405   426   402   431 0.89 -
evm.utg8672.26              -            987 442169at33208        -            349    0.0005   20.8  88.9   8  15       1.8   1.5e+03   -0.5   0.2   168   191   706   729   690   741 0.73 -
evm.utg8672.26              -            987 442169at33208        -            349    0.0005   20.8  88.9   9  15      0.14   1.2e+02    3.2   3.3   172   215   738   785   734   791 0.60 -
evm.utg8672.26              -            987 442169at33208        -            349    0.0005   20.8  88.9  10  15      0.19   1.6e+02    2.8   0.3   171   193   793   815   789   820 0.88 -
evm.utg8672.26              -            987 442169at33208        -            349    0.0005   20.8  88.9  11  15     0.012        10    6.6   0.7   171   192   821   842   817   846 0.90 -
evm.utg8672.26              -            987 442169at33208        -            349    0.0005   20.8  88.9  12  15       0.1        86    3.6   0.3   171   193   850   872   847   877 0.88 -
evm.utg8672.26              -            987 442169at33208        -            349    0.0005   20.8  88.9  13  15    0.0038       3.2    8.3   1.4   171   193   878   900   872   905 0.90 -
evm.utg8672.26              -            987 442169at33208        -            349    0.0005   20.8  88.9  14  15     0.018        15    6.1   0.4   171   192   906   927   903   932 0.89 -
evm.utg8672.26              -            987 442169at33208        -            349    0.0005   20.8  88.9  15  15     0.057        47    4.5   0.1   171   191   962   982   940   985 0.92 -
evm.utg234.87               -            516 442169at33208        -            349   0.00054   20.7  51.5   1   8       2.2   1.8e+03   -0.8   0.1   169   189   230   250   214   260 0.83 -
evm.utg234.87               -            516 442169at33208        -            349   0.00054   20.7  51.5   2   8    0.0073       6.1    7.4  10.3   111   191   255   342   245   349 0.72 -
evm.utg234.87               -            516 442169at33208        -            349   0.00054   20.7  51.5   3   8     0.015        13    6.3   0.1   164   191   343   370   341   379 0.83 -
evm.utg234.87               -            516 442169at33208        -            349   0.00054   20.7  51.5   4   8     0.023        19    5.8   0.9   164   191   371   398   369   407 0.80 -
evm.utg234.87               -            516 442169at33208        -            349   0.00054   20.7  51.5   5   8     0.014        12    6.4   0.5   165   191   400   426   397   433 0.84 -
evm.utg234.87               -            516 442169at33208        -            349   0.00054   20.7  51.5   6   8    0.0045       3.7    8.1   0.7   164   191   427   454   425   461 0.85 -
evm.utg234.87               -            516 442169at33208        -            349   0.00054   20.7  51.5   7   8     0.025        21    5.6   0.4   164   191   455   482   453   487 0.86 -
evm.utg234.87               -            516 442169at33208        -            349   0.00054   20.7  51.5   8   8   0.00069      0.58   10.7   0.8   164   191   483   510   481   515 0.83 -
evm.utg5294.46              -            443 442169at33208        -            349   0.00074   20.3  29.4   1   5    0.0024         2    9.0   8.7   110   192   242   324   200   332 0.78 -
evm.utg5294.46              -            443 442169at33208        -            349   0.00074   20.3  29.4   2   5     0.018        15    6.1   0.5   169   190   329   350   324   355 0.87 -
evm.utg5294.46              -            443 442169at33208        -            349   0.00074   20.3  29.4   3   5     0.005       4.1    7.9   0.3   171   191   359   379   351   385 0.89 -
evm.utg5294.46              -            443 442169at33208        -            349   0.00074   20.3  29.4   4   5      0.05        42    4.6   0.2   171   191   387   407   380   413 0.89 -
evm.utg5294.46              -            443 442169at33208        -            349   0.00074   20.3  29.4   5   5      0.02        17    6.0   0.1   171   192   415   436   408   441 0.89 -
evm.utg298.30               -            209 442169at33208        -            349     0.001   19.8  34.0   1   7    0.0012         1   10.0   0.3   165   191     6    32     2    39 0.84 -
evm.utg298.30               -            209 442169at33208        -            349     0.001   19.8  34.0   2   7     0.097        81    3.7   0.4   165   191    34    60    31    68 0.77 -
evm.utg298.30               -            209 442169at33208        -            349     0.001   19.8  34.0   3   7    0.0099       8.2    7.0   0.6   164   191    61    88    57    97 0.81 -
evm.utg298.30               -            209 442169at33208        -            349     0.001   19.8  34.0   4   7     0.073        61    4.1   0.4   167   191    92   116    87   123 0.81 -
evm.utg298.30               -            209 442169at33208        -            349     0.001   19.8  34.0   5   7       0.1        86    3.6   0.9   164   191   117   144   114   153 0.76 -
evm.utg298.30               -            209 442169at33208        -            349     0.001   19.8  34.0   6   7    0.0019       1.6    9.3   0.2   166   191   147   172   143   179 0.83 -
evm.utg298.30               -            209 442169at33208        -            349     0.001   19.8  34.0   7   7    0.0022       1.8    9.1   0.6   164   191   173   200   171   207 0.85 -
evm.utg234.72               -            411 442169at33208        -            349    0.0017   19.0  56.0   1   7       1.1   9.4e+02    0.2  12.5   144   189   179   227   105   236 0.53 -
evm.utg234.72               -            411 442169at33208        -            349    0.0017   19.0  56.0   2   7     0.065        54    4.3   0.1   164   191   230   257   228   264 0.85 -
evm.utg234.72               -            411 442169at33208        -            349    0.0017   19.0  56.0   3   7     0.016        14    6.2   1.4   164   191   258   285   256   291 0.86 -
evm.utg234.72               -            411 442169at33208        -            349    0.0017   19.0  56.0   4   7    0.0022       1.8    9.1   2.0   164   191   286   313   284   320 0.87 -
evm.utg234.72               -            411 442169at33208        -            349    0.0017   19.0  56.0   5   7     0.015        12    6.4   1.4   164   189   314   339   312   343 0.88 -
evm.utg234.72               -            411 442169at33208        -            349    0.0017   19.0  56.0   6   7   0.00096       0.8   10.3   0.2   167   191   345   369   340   376 0.84 -
evm.utg234.72               -            411 442169at33208        -            349    0.0017   19.0  56.0   7   7     0.012       9.6    6.7   0.7   164   191   370   397   368   406 0.84 -
evm.utg3197.5               -            365 442169at33208        -            349    0.0023   18.7  35.7   1   7    0.0078       6.5    7.3   0.9   159   192   151   188    78   193 0.75 -
evm.utg3197.5               -            365 442169at33208        -            349    0.0023   18.7  35.7   2   7     0.041        34    4.9   0.7   171   190   195   214   191   221 0.91 -
evm.utg3197.5               -            365 442169at33208        -            349    0.0023   18.7  35.7   3   7       2.9   2.4e+03   -1.1   0.0   173   192   225   244   221   249 0.84 -
evm.utg3197.5               -            365 442169at33208        -            349    0.0023   18.7  35.7   4   7     0.035        29    5.1   0.5   171   192   251   272   246   277 0.89 -
evm.utg3197.5               -            365 442169at33208        -            349    0.0023   18.7  35.7   5   7     0.037        31    5.1   0.3   171   194   279   302   275   305 0.88 -
evm.utg3197.5               -            365 442169at33208        -            349    0.0023   18.7  35.7   6   7   0.00044      0.36   11.4   0.6   171   192   307   328   304   333 0.89 -
evm.utg3197.5               -            365 442169at33208        -            349    0.0023   18.7  35.7   7   7    0.0077       6.3    7.3   0.9   171   190   335   354   332   361 0.89 -
evm.utg10077.6              -            137 442169at33208        -            349    0.0023   18.6   0.8   1   1   2.8e-06    0.0023   18.6   0.8   170   197    58    85    48    93 0.93 -
evm.utg17539.5              -            137 442169at33208        -            349    0.0023   18.6   0.8   1   1   2.8e-06    0.0023   18.6   0.8   170   197    58    85    48    93 0.93 -
evm.utg4194.69              -            400 442169at33208        -            349    0.0032   18.2  39.4   1   7    0.0046       3.9    8.0   0.1   164   192   180   208   169   215 0.84 -
evm.utg4194.69              -            400 442169at33208        -            349    0.0032   18.2  39.4   2   7    0.0022       1.8    9.1   1.4   169   191   213   235   207   244 0.85 -
evm.utg4194.69              -            400 442169at33208        -            349    0.0032   18.2  39.4   3   7    0.0027       2.2    8.8   0.8   164   191   236   263   234   270 0.83 -
evm.utg4194.69              -            400 442169at33208        -            349    0.0032   18.2  39.4   4   7    0.0028       2.3    8.8   0.5   164   191   264   291   262   298 0.87 -
evm.utg4194.69              -            400 442169at33208        -            349    0.0032   18.2  39.4   5   7    0.0014       1.1    9.8   1.4   167   194   295   322   291   332 0.80 -
evm.utg4194.69              -            400 442169at33208        -            349    0.0032   18.2  39.4   6   7       2.2   1.8e+03   -0.7   0.5   172   189   328   345   321   350 0.81 -
evm.utg4194.69              -            400 442169at33208        -            349    0.0032   18.2  39.4   7   7         1   8.6e+02    0.3   2.2   167   189   351   373   343   388 0.87 -
evm.utg659.22               -            678 442169at33208        -            349    0.0036   18.0   0.2   1   3       5.4   4.5e+03   -2.1   0.1   171   191   554   574   553   579 0.82 -
evm.utg659.22               -            678 442169at33208        -            349    0.0036   18.0   0.2   2   3   4.4e-06    0.0036   18.0   0.2   163   192   602   631   597   636 0.91 -
evm.utg659.22               -            678 442169at33208        -            349    0.0036   18.0   0.2   3   3       3.2   2.7e+03   -1.3   0.1    12    39   638   666   634   670 0.77 -
evm.utg659.22.1.5c22f32b    -            687 442169at33208        -            349    0.0037   18.0   0.2   1   3       5.5   4.6e+03   -2.1   0.1   171   191   563   583   562   588 0.82 -
evm.utg659.22.1.5c22f32b    -            687 442169at33208        -            349    0.0037   18.0   0.2   2   3   4.5e-06    0.0037   18.0   0.2   163   192   611   640   606   645 0.91 -
evm.utg659.22.1.5c22f32b    -            687 442169at33208        -            349    0.0037   18.0   0.2   3   3       3.3   2.7e+03   -1.3   0.1    12    39   647   675   643   679 0.77 -
evm.utg5176.14              -            572 442169at33208        -            349    0.0056   17.4  31.0   1   7      0.02        16    6.0   0.1   167   192   370   395   350   401 0.83 -
evm.utg5176.14              -            572 442169at33208        -            349    0.0056   17.4  31.0   2   7     0.076        63    4.0   0.8   171   190   402   421   396   425 0.91 -
evm.utg5176.14              -            572 442169at33208        -            349    0.0056   17.4  31.0   3   7         1   8.5e+02    0.3   0.0   172   192   431   451   422   456 0.85 -
evm.utg5176.14              -            572 442169at33208        -            349    0.0056   17.4  31.0   4   7     0.059        49    4.4   0.5   171   193   458   480   454   485 0.89 -
evm.utg5176.14              -            572 442169at33208        -            349    0.0056   17.4  31.0   5   7     0.025        21    5.6   0.4   171   194   486   509   483   512 0.88 -
evm.utg5176.14              -            572 442169at33208        -            349    0.0056   17.4  31.0   6   7    0.0016       1.4    9.5   0.5   172   192   515   535   512   540 0.89 -
evm.utg5176.14              -            572 442169at33208        -            349    0.0056   17.4  31.0   7   7     0.034        28    5.2   0.4   171   191   542   562   540   566 0.89 -
evm.utg388.6                -            276 442169at33208        -            349    0.0098   16.6  27.1   1   5      0.35   2.9e+02    1.9   6.1   169   192   130   153    37   160 0.54 -
evm.utg388.6                -            276 442169at33208        -            349    0.0098   16.6  27.1   2   5    0.0067       5.5    7.5   0.1   171   192   160   181   157   186 0.89 -
evm.utg388.6                -            276 442169at33208        -            349    0.0098   16.6  27.1   3   5     0.015        12    6.4   0.3   171   193   188   210   185   215 0.89 -
evm.utg388.6                -            276 442169at33208        -            349    0.0098   16.6  27.1   4   5     0.048        39    4.7   0.5   171   192   216   237   210   242 0.88 -
evm.utg388.6                -            276 442169at33208        -            349    0.0098   16.6  27.1   5   5     0.025        21    5.6   0.4   171   192   244   265   240   270 0.90 -
evm.utg5176.18              -            537 442169at33208        -            349     0.016   15.9  81.8   1  11       0.1        86    3.6   0.5   171   192   204   225   197   230 0.88 -
evm.utg5176.18              -            537 442169at33208        -            349     0.016   15.9  81.8   2  11    0.0078       6.4    7.3   0.4   171   192   261   282   258   286 0.90 -
evm.utg5176.18              -            537 442169at33208        -            349     0.016   15.9  81.8   3  11      0.02        16    6.0   0.2   170   192   288   310   284   315 0.90 -
evm.utg5176.18              -            537 442169at33208        -            349     0.016   15.9  81.8   4  11      0.14   1.1e+02    3.2   0.2   171   192   317   338   314   344 0.88 -
evm.utg5176.18              -            537 442169at33208        -            349     0.016   15.9  81.8   5  11     0.011         9    6.8   0.4   171   192   345   366   342   371 0.89 -
evm.utg5176.18              -            537 442169at33208        -            349     0.016   15.9  81.8   6  11   0.00053      0.44   11.1   0.5   171   193   373   395   371   400 0.90 -
evm.utg5176.18              -            537 442169at33208        -            349     0.016   15.9  81.8   7  11     0.042        35    4.9   1.2   171   192   401   422   397   428 0.88 -
evm.utg5176.18              -            537 442169at33208        -            349     0.016   15.9  81.8   8  11     0.055        46    4.5   1.5   171   192   429   450   426   455 0.88 -
evm.utg5176.18              -            537 442169at33208        -            349     0.016   15.9  81.8   9  11     0.047        39    4.7   1.3   171   192   457   478   454   484 0.88 -
evm.utg5176.18              -            537 442169at33208        -            349     0.016   15.9  81.8  10  11     0.049        41    4.7   1.4   171   192   485   506   482   512 0.88 -
evm.utg5176.18              -            537 442169at33208        -            349     0.016   15.9  81.8  11  11    0.0079       6.5    7.3   1.1   170   192   512   534   507   536 0.91 -
evm.utg5176.15              -            493 442169at33208        -            349     0.033   14.8  59.6   1  10    0.0011      0.91   10.1   0.3   166   193   171   198   155   203 0.82 -
evm.utg5176.15              -            493 442169at33208        -            349     0.033   14.8  59.6   2  10       1.1   8.8e+02    0.3   0.1   170   192   203   225   199   231 0.87 -
evm.utg5176.15              -            493 442169at33208        -            349     0.033   14.8  59.6   3  10     0.071        59    4.1   0.7   171   193   232   254   227   259 0.89 -
evm.utg5176.15              -            493 442169at33208        -            349     0.033   14.8  59.6   4  10     0.093        78    3.7   0.8   172   194   261   283   257   287 0.90 -
evm.utg5176.15              -            493 442169at33208        -            349     0.033   14.8  59.6   5  10     0.014        11    6.5   1.1   171   194   288   311   285   315 0.90 -
evm.utg5176.15              -            493 442169at33208        -            349     0.033   14.8  59.6   6  10     0.003       2.5    8.7   0.2   169   192   351   374   336   380 0.82 -
evm.utg5176.15              -            493 442169at33208        -            349     0.033   14.8  59.6   7  10      0.17   1.4e+02    2.9   0.4   171   194   381   404   378   407 0.91 -
evm.utg5176.15              -            493 442169at33208        -            349     0.033   14.8  59.6   8  10     0.019        16    6.0   0.8   171   194   409   432   404   435 0.91 -
evm.utg5176.15              -            493 442169at33208        -            349     0.033   14.8  59.6   9  10    0.0027       2.3    8.8   1.9   171   193   437   459   434   464 0.90 -
evm.utg5176.15              -            493 442169at33208        -            349     0.033   14.8  59.6  10  10      0.28   2.3e+02    2.2   0.1   171   193   465   487   461   491 0.88 -
evm.utg8672.25              -            584 442169at33208        -            349     0.055   14.1  52.1   1  11     0.097        80    3.7   0.3   166   193   241   273   229   276 0.69 -
evm.utg8672.25              -            584 442169at33208        -            349     0.055   14.1  52.1   2  11     0.036        30    5.1   0.5   171   192   275   296   270   301 0.89 -
evm.utg8672.25              -            584 442169at33208        -            349     0.055   14.1  52.1   3  11     0.015        12    6.4   1.1   171   192   303   324   298   329 0.90 -
evm.utg8672.25              -            584 442169at33208        -            349     0.055   14.1  52.1   4  11     0.027        23    5.5   0.3   171   193   331   353   328   363 0.89 -
evm.utg8672.25              -            584 442169at33208        -            349     0.055   14.1  52.1   5  11       2.2   1.8e+03   -0.8   0.3   172   190   360   378   357   385 0.77 -
evm.utg8672.25              -            584 442169at33208        -            349     0.055   14.1  52.1   6  11      0.27   2.3e+02    2.2   0.7   170   191   386   407   376   414 0.85 -
evm.utg8672.25              -            584 442169at33208        -            349     0.055   14.1  52.1   7  11      0.15   1.2e+02    3.1   0.3   171   192   415   436   412   442 0.88 -
evm.utg8672.25              -            584 442169at33208        -            349     0.055   14.1  52.1   8  11    0.0086       7.1    7.2   0.2   170   192   442   464   437   469 0.89 -
evm.utg8672.25              -            584 442169at33208        -            349     0.055   14.1  52.1   9  11     0.063        53    4.3   0.2   171   191   471   491   468   513 0.86 -
evm.utg8672.25              -            584 442169at33208        -            349     0.055   14.1  52.1  10  11       0.2   1.7e+02    2.7   0.1   171   190   527   546   520   555 0.88 -
evm.utg8672.25              -            584 442169at33208        -            349     0.055   14.1  52.1  11  11     0.019        16    6.0   0.1   172   193   556   577   553   581 0.89 -
evm.utg6272.5               -            104 442169at33208        -            349     0.075   13.7   0.7   1   2   0.00012       0.1   13.2   0.1   167   192    13    38     3    43 0.85 -
evm.utg6272.5               -            104 442169at33208        -            349     0.075   13.7   0.7   2   2       7.7   6.4e+03   -2.6   0.0   121   127    85    91    79    94 0.54 -
evm.utg19866.11             -            393 442169at33208        -            349     0.081   13.6   9.5   1   2    0.0051       4.2    7.9   0.4   170   191   279   300   277   306 0.92 -
evm.utg19866.11             -            393 442169at33208        -            349     0.081   13.6   9.5   2   2    0.0034       2.8    8.5   4.0   170   193   307   330   301   384 0.74 -
evm.utg150.64.1.5c22eaf6    -            545 442169at33208        -            349     0.082   13.5   1.5   1   3      0.16   1.4e+02    2.9   0.0   169   191   430   452   423   459 0.85 -
evm.utg150.64.1.5c22eaf6    -            545 442169at33208        -            349     0.082   13.5   1.5   2   3       1.3   1.1e+03    0.0   0.1   171   189   460   478   454   486 0.91 -
evm.utg150.64.1.5c22eaf6    -            545 442169at33208        -            349     0.082   13.5   1.5   3   3    0.0072         6    7.4   0.0   170   193   487   510   479   515 0.86 -
evm.utg2017.31              -            350 442169at33208        -            349      0.11   13.2  16.1   1   5      0.52   4.3e+02    1.3   0.3    11    34   159   183   154   186 0.65 -
evm.utg2017.31              -            350 442169at33208        -            349      0.11   13.2  16.1   2   5    0.0042       3.5    8.2   0.9   163   192   181   210   176   216 0.88 -
evm.utg2017.31              -            350 442169at33208        -            349      0.11   13.2  16.1   3   5   0.00076      0.63   10.6   0.1   171   193   217   239   214   246 0.90 -
evm.utg2017.31              -            350 442169at33208        -            349      0.11   13.2  16.1   4   5       3.8   3.2e+03   -1.6   0.1   171   194   245   268   242   273 0.83 -
evm.utg2017.31              -            350 442169at33208        -            349      0.11   13.2  16.1   5   5      0.27   2.2e+02    2.2   0.7   167   190   270   293   259   299 0.82 -
evm.utg389.25               -            235 442169at33208        -            349      0.23   12.1   0.2   1   2    0.0035       2.9    8.5   0.1   172   201     8    37     2    42 0.84 -
evm.utg389.25               -            235 442169at33208        -            349      0.23   12.1   0.2   2   2      0.41   3.4e+02    1.6   0.0   299   342   116   156    97   163 0.70 -
evm.utg696.9                -            235 442169at33208        -            349      0.23   12.1   0.2   1   2    0.0035       2.9    8.5   0.1   172   201     8    37     2    42 0.84 -
evm.utg696.9                -            235 442169at33208        -            349      0.23   12.1   0.2   2   2      0.42   3.5e+02    1.6   0.0   299   341   116   155    91   162 0.71 -
evm.utg62.120               -            359 442169at33208        -            349      0.28   11.8  16.0   1   5      0.51   4.2e+02    1.3   0.3    11    35   168   193   162   196 0.66 -
evm.utg62.120               -            359 442169at33208        -            349      0.28   11.8  16.0   2   5    0.0052       4.3    7.9   1.0   164   192   191   219   187   225 0.88 -
evm.utg62.120               -            359 442169at33208        -            349      0.28   11.8  16.0   3   5    0.0019       1.6    9.3   0.0   171   193   226   248   221   254 0.90 -
evm.utg62.120               -            359 442169at33208        -            349      0.28   11.8  16.0   4   5         4   3.3e+03   -1.6   0.4   171   195   254   278   251   287 0.81 -
evm.utg62.120               -            359 442169at33208        -            349      0.28   11.8  16.0   5   5      0.29   2.4e+02    2.1   0.7   167   190   279   302   269   307 0.82 -
evm.utg1049.38              -            222 442169at33208        -            349       0.3   11.7   6.7   1   4      0.92   7.6e+02    0.5   0.1   169   190   103   124    94   128 0.75 -
evm.utg1049.38              -            222 442169at33208        -            349       0.3   11.7   6.7   2   4     0.032        26    5.3   0.1   171   190   133   152   130   159 0.91 -
evm.utg1049.38              -            222 442169at33208        -            349       0.3   11.7   6.7   3   4     0.015        12    6.4   0.0   170   192   160   182   152   187 0.86 -
evm.utg1049.38              -            222 442169at33208        -            349       0.3   11.7   6.7   4   4       1.3     1e+03    0.0   0.3   171   189   189   207   186   215 0.82 -
evm.utg3197.31              -            275 442169at33208        -            349      0.35   11.5   0.9   1   1   0.00093      0.77   10.3   0.9   170   191   244   265   232   271 0.88 -
evm.utg7.62                 -            633 442169at33208        -            349      0.39   11.3  31.5   1   9     0.012       9.7    6.7   0.2   168   191   165   187   153   193 0.84 -
evm.utg7.62                 -            633 442169at33208        -            349      0.39   11.3  31.5   2   9     0.031        26    5.3   0.3   171   192   195   216   188   222 0.87 -
evm.utg7.62                 -            633 442169at33208        -            349      0.39   11.3  31.5   3   9      0.24     2e+02    2.4   0.4   166   191   218   243   215   249 0.84 -
evm.utg7.62                 -            633 442169at33208        -            349      0.39   11.3  31.5   4   9      0.17   1.4e+02    2.9   0.1   171   191   251   271   244   277 0.89 -
evm.utg7.62                 -            633 442169at33208        -            349      0.39   11.3  31.5   5   9      0.27   2.2e+02    2.3   0.0   167   193   488   514   484   519 0.86 -
evm.utg7.62                 -            633 442169at33208        -            349      0.39   11.3  31.5   6   9       4.7   3.9e+03   -1.9   0.1   171   191   520   540   517   546 0.78 -
evm.utg7.62                 -            633 442169at33208        -            349      0.39   11.3  31.5   7   9     0.073        60    4.1   0.1   170   191   547   568   537   575 0.88 -
evm.utg7.62                 -            633 442169at33208        -            349      0.39   11.3  31.5   8   9      0.18   1.5e+02    2.8   0.1   172   191   577   596   573   602 0.89 -
evm.utg7.62                 -            633 442169at33208        -            349      0.39   11.3  31.5   9   9       0.2   1.6e+02    2.7   0.8   171   196   604   627   597   631 0.85 -
evm.utg150.59               -            244 442169at33208        -            349       0.4   11.3   3.0   1   3      0.27   2.3e+02    2.2   0.2   168   190   124   146   121   151 0.84 -
evm.utg150.59               -            244 442169at33208        -            349       0.4   11.3   3.0   2   3       3.2   2.6e+03   -1.3   0.0   166   190   150   174   146   180 0.83 -
evm.utg150.59               -            244 442169at33208        -            349       0.4   11.3   3.0   3   3    0.0034       2.8    8.5   0.1   170   197   182   209   168   215 0.87 -
evm.utg432.65               -            682 442169at33208        -            349      0.81   10.3 112.0   1  16     0.071        59    4.1   0.5   167   192   173   198   161   202 0.84 -
evm.utg432.65               -            682 442169at33208        -            349      0.81   10.3 112.0   2  16    0.0018       1.5    9.4   1.0   168   200   201   231   198   232 0.86 -
evm.utg432.65               -            682 442169at33208        -            349      0.81   10.3 112.0   3  16    0.0045       3.7    8.1   0.9   164   191   225   252   223   258 0.87 -
evm.utg432.65               -            682 442169at33208        -            349      0.81   10.3 112.0   4  16     0.049        41    4.7   3.3   164   203   253   290   251   294 0.82 -
evm.utg432.65               -            682 442169at33208        -            349      0.81   10.3 112.0   5  16     0.054        45    4.5   0.6   172   191   294   313   287   320 0.85 -
evm.utg432.65               -            682 442169at33208        -            349      0.81   10.3 112.0   6  16     0.012       9.7    6.7   0.3   164   191   314   341   312   349 0.82 -
evm.utg432.65               -            682 442169at33208        -            349      0.81   10.3 112.0   7  16    0.0051       4.3    7.9   0.7   164   191   342   369   340   374 0.88 -
evm.utg432.65               -            682 442169at33208        -            349      0.81   10.3 112.0   8  16      0.14   1.2e+02    3.2   1.5   171   189   377   395   368   398 0.88 -
evm.utg432.65               -            682 442169at33208        -            349      0.81   10.3 112.0   9  16   0.00061      0.51   10.9   2.7   170   205   404   437   396   440 0.82 -
evm.utg432.65               -            682 442169at33208        -            349      0.81   10.3 112.0  10  16      0.45   3.7e+02    1.5   1.9   170   213   432   474   426   481 0.69 -
evm.utg432.65               -            682 442169at33208        -            349      0.81   10.3 112.0  11  16      0.25   2.1e+02    2.4   0.7   163   191   481   509   474   516 0.86 -
evm.utg432.65               -            682 442169at33208        -            349      0.81   10.3 112.0  12  16       0.2   1.7e+02    2.7   0.4   171   191   517   537   510   545 0.85 -
evm.utg432.65               -            682 442169at33208        -            349      0.81   10.3 112.0  13  16       0.5   4.1e+02    1.4   6.3   164   214   538   586   536   596 0.76 -
evm.utg432.65               -            682 442169at33208        -            349      0.81   10.3 112.0  14  16      0.57   4.7e+02    1.2   4.6   164   192   594   622   589   640 0.86 -
evm.utg432.65               -            682 442169at33208        -            349      0.81   10.3 112.0  15  16       2.4     2e+03   -0.9   0.2   171   195   629   651   626   657 0.76 -
evm.utg432.65               -            682 442169at33208        -            349      0.81   10.3 112.0  16  16   0.00012     0.097   13.3   1.0   169   191   655   677   648   680 0.88 -
evm.utg7839.11              -            315 442169at33208        -            349         1   10.0  14.4   1   4      0.75   6.2e+02    0.8   0.4    12    34   135   158   125   162 0.62 -
evm.utg7839.11              -            315 442169at33208        -            349         1   10.0  14.4   2   4    0.0011      0.94   10.0   1.3   164   192   157   185   152   190 0.87 -
evm.utg7839.11              -            315 442169at33208        -            349         1   10.0  14.4   3   4    0.0093       7.7    7.0   0.1   172   193   193   214   188   219 0.89 -
evm.utg7839.11              -            315 442169at33208        -            349         1   10.0  14.4   4   4       5.2   4.3e+03   -2.0   0.2   171   193   220   242   215   253 0.75 -
evm.utg479.53               -            332 442169at33208        -            349         1    9.9  19.0   1   3   0.00019      0.16   12.6   0.8   168   192   205   229   199   236 0.89 -
evm.utg479.53               -            332 442169at33208        -            349         1    9.9  19.0   2   3     0.038        31    5.0   0.4   171   191   236   256   230   262 0.90 -
evm.utg479.53               -            332 442169at33208        -            349         1    9.9  19.0   3   3     0.027        22    5.5   0.5   171   192   264   285   257   295 0.89 -
evm.utg301.154              -            377 442169at33208        -            349       1.2    9.7  16.3   1   4       1.1     9e+02    0.2   0.3    12    34   176   199   173   203 0.60 -
evm.utg301.154              -            377 442169at33208        -            349       1.2    9.7  16.3   2   4    0.0015       1.3    9.6   1.3   164   192   198   226   194   231 0.87 -
evm.utg301.154              -            377 442169at33208        -            349       1.2    9.7  16.3   3   4     0.011       9.2    6.8   0.1   172   193   234   255   226   260 0.90 -
evm.utg301.154              -            377 442169at33208        -            349       1.2    9.7  16.3   4   4      0.48     4e+02    1.4   0.6   167   190   286   309   275   314 0.81 -
evm.utg45687.6              -            445 442169at33208        -            349       2.1    8.9  13.4   1   4       1.2   9.9e+02    0.1   0.3    12    34   265   288   258   292 0.62 -
evm.utg45687.6              -            445 442169at33208        -            349       2.1    8.9  13.4   2   4    0.0015       1.2    9.6   1.1   164   192   287   315   282   321 0.88 -
evm.utg45687.6              -            445 442169at33208        -            349       2.1    8.9  13.4   3   4     0.014        12    6.5   0.3   172   193   323   344   315   354 0.89 -
evm.utg45687.6              -            445 442169at33208        -            349       2.1    8.9  13.4   4   4       7.8   6.5e+03   -2.6   0.1   171   193   350   372   345   383 0.75 -
evm.utg56.24                -            621 442169at33208        -            349       3.8    8.0  21.6   1   3     0.048        40    4.7  13.7   121   193   454   531   445   536 0.74 -
evm.utg56.24                -            621 442169at33208        -            349       3.8    8.0  21.6   2   3     0.067        55    4.2   0.1   171   193   537   559   530   564 0.90 -
evm.utg56.24                -            621 442169at33208        -            349       3.8    8.0  21.6   3   3       4.8     4e+03   -1.9   0.2   172   189   566   583   552   589 0.70 -
evm.utg1972.125             -            272 442169at33208        -            349         6    7.4  27.1   1   5     0.034        28    5.2   4.0   169   194    55    80     7    87 0.74 -
evm.utg1972.125             -            272 442169at33208        -            349         6    7.4  27.1   2   5       0.7   5.8e+02    0.9   0.1   172   193    86   107    81   111 0.84 -
evm.utg1972.125             -            272 442169at33208        -            349         6    7.4  27.1   3   5    0.0012      0.99   10.0   1.4   171   192   113   134   111   140 0.89 -
evm.utg1972.125             -            272 442169at33208        -            349         6    7.4  27.1   4   5      0.54   4.5e+02    1.2   0.1   172   191   142   161   137   167 0.85 -
evm.utg1972.125             -            272 442169at33208        -            349         6    7.4  27.1   5   5      0.11        88    3.6   1.2   171   196   169   192   166   203 0.84 -
evm.utg1972.125.2.5c22ec9e  -            272 442169at33208        -            349         6    7.4  27.1   1   5     0.034        28    5.2   4.0   169   194    55    80     7    87 0.74 -
evm.utg1972.125.2.5c22ec9e  -            272 442169at33208        -            349         6    7.4  27.1   2   5       0.7   5.8e+02    0.9   0.1   172   193    86   107    81   111 0.84 -
evm.utg1972.125.2.5c22ec9e  -            272 442169at33208        -            349         6    7.4  27.1   3   5    0.0012      0.99   10.0   1.4   171   192   113   134   111   140 0.89 -
evm.utg1972.125.2.5c22ec9e  -            272 442169at33208        -            349         6    7.4  27.1   4   5      0.54   4.5e+02    1.2   0.1   172   191   142   161   137   167 0.85 -
evm.utg1972.125.2.5c22ec9e  -            272 442169at33208        -            349         6    7.4  27.1   5   5      0.11        88    3.6   1.2   171   196   169   192   166   203 0.84 -
evm.utg12986.52             -            272 442169at33208        -            349       6.4    7.3  27.4   1   5     0.017        14    6.2   3.2   169   194    55    80     6    86 0.70 -
evm.utg12986.52             -            272 442169at33208        -            349       6.4    7.3  27.4   2   5      0.72     6e+02    0.8   0.1   172   193    86   107    83   112 0.85 -
evm.utg12986.52             -            272 442169at33208        -            349       6.4    7.3  27.4   3   5    0.0012      0.96   10.0   1.5   171   191   113   133   108   139 0.90 -
evm.utg12986.52             -            272 442169at33208        -            349       6.4    7.3  27.4   4   5      0.53   4.4e+02    1.3   0.1   172   191   142   161   138   168 0.85 -
evm.utg12986.52             -            272 442169at33208        -            349       6.4    7.3  27.4   5   5       0.1        83    3.6   1.3   171   196   169   192   162   203 0.84 -
evm.utg125.13               -            306 442169at33208        -            349         9    6.8  11.9   1   4       2.2   1.8e+03   -0.7   0.0   172   192   169   189   167   195 0.86 -
evm.utg125.13               -            306 442169at33208        -            349         9    6.8  11.9   2   4      0.16   1.3e+02    3.0   0.1   169   191   194   216   189   223 0.84 -
evm.utg125.13               -            306 442169at33208        -            349         9    6.8  11.9   3   4     0.024        20    5.7   0.2   171   193   224   246   217   250 0.88 -
evm.utg125.13               -            306 442169at33208        -            349         9    6.8  11.9   4   4     0.066        54    4.3   0.7   172   193   253   274   250   289 0.90 -
evm.utg2581.15              -            306 442169at33208        -            349         9    6.8  11.9   1   4       2.2   1.8e+03   -0.7   0.0   172   192   169   189   167   195 0.86 -
evm.utg2581.15              -            306 442169at33208        -            349         9    6.8  11.9   2   4      0.16   1.3e+02    3.0   0.1   169   191   194   216   189   223 0.84 -
evm.utg2581.15              -            306 442169at33208        -            349         9    6.8  11.9   3   4     0.024        20    5.7   0.2   171   193   224   246   217   250 0.88 -
evm.utg2581.15              -            306 442169at33208        -            349         9    6.8  11.9   4   4     0.066        54    4.3   0.7   172   193   253   274   250   289 0.90 -
evm.utg150.64               -            598 442169at33208        -            349       9.1    6.8   8.5   1   3      0.19   1.5e+02    2.8   0.0   169   190   483   504   476   511 0.85 -
evm.utg150.64               -            598 442169at33208        -            349       9.1    6.8   8.5   2   3       1.4   1.2e+03   -0.1   0.1   171   189   513   531   507   539 0.91 -
evm.utg150.64               -            598 442169at33208        -            349       9.1    6.8   8.5   3   3     0.008       6.7    7.3   0.0   170   193   540   563   532   568 0.86 -
#
# Program:         hmmsearch
# Version:         3.1b2 (February 2015)
# Pipeline mode:   SEARCH
# Query file:      /uoa/scratch/users/r02hw22/project_dark_genes/busco_downloads/lineages/metazoa_odb10/hmms/442169at33208.hmm
# Target file:     /uoa/scratch/users/r02hw22/project_dark_genes/00_raw/equina_smart.rnam-trna.merged.ggf.curated.remredun.aa.fa
# Option settings: hmmsearch --domtblout /uoa/scratch/users/r02hw22/project_dark_genes/equina_busco_proteins/run_metazoa_odb10/hmmer_output/initial_run_results/442169at33208.out --cpu 1 /uoa/scratch/users/r02hw22/project_dark_genes/busco_downloads/lineages/metazoa_odb10/hmms/442169at33208.hmm /uoa/scratch/users/r02hw22/project_dark_genes/00_raw/equina_smart.rnam-trna.merged.ggf.curated.remredun.aa.fa 
# Current dir:     /uoa/scratch/users/r02hw22/project_dark_genes
# Date:            Sat Apr 25 14:41:54 2026
# [ok]
