#                                                                                 --- full sequence --- -------------- this domain -------------   hmm coord   ali coord   env coord
# target name             accession   tlen query name           accession   qlen   E-value  score  bias   #  of  c-Evalue  i-Evalue  score  bias  from    to  from    to  from    to  acc description of target
#     ------------------- ---------- ----- -------------------- ---------- ----- --------- ------ ----- --- --- --------- --------- ------ ----- ----- ----- ----- ----- ----- ----- ---- ---------------------
evm.utg1497.8             -            457 442823at33208        -            329  2.2e-110  370.6  10.4   1   3   8.6e-17   1.3e-13   52.6   0.1     1    44    18    61    18    67 0.96 -
evm.utg1497.8             -            457 442823at33208        -            329  2.2e-110  370.6  10.4   2   3   5.6e-82   8.2e-79  266.8   3.1    56   250   136   339   114   352 0.88 -
evm.utg1497.8             -            457 442823at33208        -            329  2.2e-110  370.6  10.4   3   3   9.4e-18   1.4e-14   55.7   0.1   237   328   348   450   338   451 0.82 -
evm.utg4605.39            -            457 442823at33208        -            329  6.1e-110  369.1  11.3   1   3   1.7e-16   2.5e-13   51.6   0.1     1    44    18    61    18    67 0.96 -
evm.utg4605.39            -            457 442823at33208        -            329  6.1e-110  369.1  11.3   2   3   5.1e-82   7.5e-79  267.0   3.2    47   251   129   340   114   352 0.87 -
evm.utg4605.39            -            457 442823at33208        -            329  6.1e-110  369.1  11.3   3   3   6.3e-18   9.2e-15   56.3   0.1   234   328   344   450   338   451 0.81 -
evm.utg1049.17            -            554 442823at33208        -            329     3e-32  113.8   2.4   1   2   5.7e-07   0.00084   20.3   0.0     2    35    24    57    23    73 0.87 -
evm.utg1049.17            -            554 442823at33208        -            329     3e-32  113.8   2.4   2   2   8.6e-28   1.3e-24   88.7   0.8    60   325   248   551   232   553 0.69 -
evm.utg6155.14            -            683 442823at33208        -            329   1.6e-11   45.6   1.6   1   1   2.9e-14   4.2e-11   44.3   1.6   208   291   152   248   137   261 0.76 -
evm.utg13.18              -            565 442823at33208        -            329   4.5e-10   40.9   1.1   1   1   6.5e-13   9.5e-10   39.8   1.1   208   297   224   329   209   333 0.76 -
evm.utg376.50             -           1334 442823at33208        -            329   1.5e-09   39.2   1.1   1   1   2.1e-12   3.1e-09   38.1   1.1   208   297   737   842   723   846 0.76 -
evm.utg61244.4            -            793 442823at33208        -            329   1.3e-08   36.1   9.7   1   1   1.2e-10   1.8e-07   32.3   9.7   209   299   260   370   249   375 0.75 -
evm.utg376.47             -            393 442823at33208        -            329   2.4e-08   35.2  10.4   1   1   2.2e-10   3.3e-07   31.5  10.4   210   299   260   370   247   375 0.74 -
evm.utg2097.1             -            351 442823at33208        -            329   5.6e-08   34.0   8.8   1   1   5.7e-10   8.3e-07   30.2   8.8   209   299   109   219    97   224 0.73 -
evm.utg3292.43            -            712 442823at33208        -            329   2.3e-07   32.0   8.6   1   1   1.6e-09   2.4e-06   28.6   8.6   209   299   109   219    97   223 0.73 -
evm.utg7616.22            -            604 442823at33208        -            329   8.2e-07   30.2   0.1   1   1   9.6e-10   1.4e-06   29.4   0.1   209   289    86   170    72   184 0.73 -
evm.utg3339.18            -            588 442823at33208        -            329   1.5e-06   29.4   0.1   1   1   1.7e-09   2.4e-06   28.6   0.1   209   289    70   154    56   168 0.73 -
evm.utg6669.11            -            786 442823at33208        -            329   1.8e-06   29.1   0.1   1   2       3.7   5.5e+03   -2.1   1.9   167   239    31   104    10   129 0.63 -
evm.utg6669.11            -            786 442823at33208        -            329   1.8e-06   29.1   0.1   2   2   1.2e-09   1.8e-06   29.1   0.1   209   289   268   352   255   366 0.73 -
evm.utg6379.4             -            826 442823at33208        -            329   2.5e-06   28.6   0.0   1   1   2.7e-09     4e-06   27.9   0.0   222   326   709   824   705   825 0.79 -
evm.utg3292.15            -            358 442823at33208        -            329   4.2e-06   27.8   0.2   1   1   2.9e-09   4.2e-06   27.8   0.2   209   297   173   268   167   272 0.65 -
evm.utg1799.9             -            135 442823at33208        -            329   7.9e-06   26.9   0.7   1   1   6.3e-09   9.2e-06   26.7   0.7   209   267    70   130    43   133 0.75 -
evm.utg3339.13            -            135 442823at33208        -            329   7.9e-06   26.9   0.7   1   1   6.3e-09   9.2e-06   26.7   0.7   209   267    70   130    43   133 0.75 -
evm.utg3339.3             -            135 442823at33208        -            329   7.9e-06   26.9   0.7   1   1   6.3e-09   9.2e-06   26.7   0.7   209   267    70   130    43   133 0.75 -
evm.utg24440.2            -            511 442823at33208        -            329   1.6e-05   25.9   0.0   1   1   1.6e-08   2.3e-05   25.4   0.0   239   326   410   509   390   510 0.75 -
evm.utg395.25             -            341 442823at33208        -            329   2.4e-05   25.4   1.3   1   1     3e-08   4.4e-05   24.5   1.3   229   289   248   310   209   323 0.74 -
evm.utg1866.19            -            254 442823at33208        -            329   0.00022   22.2   2.4   1   1   2.4e-07   0.00035   21.5   2.4   212   257   200   252   191   253 0.68 -
evm.utg1683.16            -            320 442823at33208        -            329   0.00062   20.7   5.2   1   3     0.095   1.4e+02    3.1   0.0     2    41    12    50    11    76 0.80 -
evm.utg1683.16            -            320 442823at33208        -            329   0.00062   20.7   5.2   2   3      0.86   1.3e+03   -0.0   0.4   196   237    96   137    86   143 0.81 -
evm.utg1683.16            -            320 442823at33208        -            329   0.00062   20.7   5.2   3   3   1.8e-06    0.0027   18.6   0.3    85   166   148   234   135   297 0.86 -
evm.utg152.75             -            125 442823at33208        -            329    0.0089   16.9   0.3   1   1   6.5e-06    0.0095   16.8   0.3   209   245    70   106    41   122 0.79 -
evm.utg40104.5            -            631 442823at33208        -            329     0.012   16.5   0.7   1   2   7.9e-06     0.012   16.5   0.7   135   235   241   347   235   378 0.62 -
evm.utg40104.5            -            631 442823at33208        -            329     0.012   16.5   0.7   2   2     0.072     1e+02    3.5   1.7   207   289   360   444   342   449 0.73 -
evm.utg40104.5.2.5c22f04c -            766 442823at33208        -            329     0.016   16.1   0.7   1   2   1.1e-05     0.016   16.1   0.7   135   235   376   482   370   513 0.62 -
evm.utg40104.5.2.5c22f04c -            766 442823at33208        -            329     0.016   16.1   0.7   2   2     0.097   1.4e+02    3.1   1.7   207   289   495   579   477   584 0.73 -
evm.utg88612.7            -            491 442823at33208        -            329      0.03   15.2  22.8   1   2       5.8   8.5e+03   -2.7   0.0   125   152   175   202   157   205 0.77 -
evm.utg88612.7            -            491 442823at33208        -            329      0.03   15.2  22.8   2   2   0.00015      0.22   12.3  22.6   174   290   242   373   236   394 0.68 -
evm.utg3697.8             -            454 442823at33208        -            329     0.036   14.9  23.3   1   2       4.8     7e+03   -2.5   0.0   123   152   136   165   119   168 0.76 -
evm.utg3697.8             -            454 442823at33208        -            329     0.036   14.9  23.3   2   2   0.00019      0.28   12.0  23.0   173   290   204   336   199   351 0.68 -
evm.utg2269.15            -            615 442823at33208        -            329     0.088   13.6  23.7   1   1   0.00025      0.36   11.6  23.1   174   290   429   560   423   584 0.68 -
evm.utg16690.16           -            677 442823at33208        -            329     0.089   13.6  22.8   1   1   0.00035      0.52   11.1  22.8   174   290   428   559   422   573 0.67 -
evm.utg381.40             -            384 442823at33208        -            329       0.1   13.4   0.0   1   2       5.7   8.3e+03   -2.7   0.0     2    30    14    41    13    46 0.83 -
evm.utg381.40             -            384 442823at33208        -            329       0.1   13.4   0.0   2   2   0.00015      0.22   12.3   0.0   252   317   299   374   276   380 0.76 -
evm.utg2529.17            -            126 442823at33208        -            329      0.11   13.3  19.1   1   1   8.9e-05      0.13   13.1  19.1   173   252    20   100    12   116 0.76 -
evm.utg5414.11            -            126 442823at33208        -            329      0.11   13.3  19.1   1   1   8.9e-05      0.13   13.1  19.1   173   252    20   100    12   116 0.76 -
evm.utg324.99             -             78 442823at33208        -            329       0.3   11.9   3.3   1   1    0.0002       0.3   11.9   3.3   226   255    12    41     3    76 0.60 -
evm.utg7548.16            -            242 442823at33208        -            329      0.48   11.2   0.4   1   1    0.0005      0.73   10.6   0.4   216   260   118   162   111   176 0.85 -
evm.utg975.22             -           1082 442823at33208        -            329       1.9    9.3   9.9   1   3      0.06        87    3.8   0.1   177   253   279   355   274   375 0.72 -
evm.utg975.22             -           1082 442823at33208        -            329       1.9    9.3   9.9   2   3       1.1   1.6e+03   -0.3   0.3   184   226   417   456   395   491 0.70 -
evm.utg975.22             -           1082 442823at33208        -            329       1.9    9.3   9.9   3   3    0.0011       1.6    9.5   1.1   196   244   829   877   820   898 0.74 -
evm.utg24438.26           -            135 442823at33208        -            329       2.4    8.9  10.4   1   1    0.0019       2.8    8.7  10.4   227   264    44    81    29   106 0.68 -
evm.utg8726.4             -             73 442823at33208        -            329       4.9    7.9   6.3   1   1    0.0034       4.9    7.9   6.3   224   257    26    59    16    71 0.68 -
evm.utg62.132             -            119 442823at33208        -            329       7.3    7.3   9.7   1   1    0.0053       7.8    7.2   9.7   195   258    53   116    27   118 0.80 -
#
# Program:         hmmsearch
# Version:         3.1b2 (February 2015)
# Pipeline mode:   SEARCH
# Query file:      /uoa/scratch/users/r02hw22/project_dark_genes/busco_downloads/lineages/metazoa_odb10/hmms/442823at33208.hmm
# Target file:     /uoa/scratch/users/r02hw22/project_dark_genes/00_raw/equina_smart.rnam-trna.merged.ggf.curated.remredun.aa.fa
# Option settings: hmmsearch --domtblout /uoa/scratch/users/r02hw22/project_dark_genes/equina_busco_proteins/run_metazoa_odb10/hmmer_output/initial_run_results/442823at33208.out --cpu 1 /uoa/scratch/users/r02hw22/project_dark_genes/busco_downloads/lineages/metazoa_odb10/hmms/442823at33208.hmm /uoa/scratch/users/r02hw22/project_dark_genes/00_raw/equina_smart.rnam-trna.merged.ggf.curated.remredun.aa.fa 
# Current dir:     /uoa/scratch/users/r02hw22/project_dark_genes
# Date:            Sat Apr 25 14:42:10 2026
# [ok]
