#                                                                                            --- full sequence --- -------------- this domain -------------   hmm coord   ali coord   env coord
# target name                        accession   tlen query name           accession   qlen   E-value  score  bias   #  of  c-Evalue  i-Evalue  score  bias  from    to  from    to  from    to  acc description of target
#                ------------------- ---------- ----- -------------------- ---------- ----- --------- ------ ----- --- --- --------- --------- ------ ----- ----- ----- ----- ----- ----- ----- ---- ---------------------
evm.utg4907.26.1.5c22f188            -            222 444160at33208        -            190     3e-88  296.1   3.5   1   2   5.8e-16     8e-12   46.8   1.7     1    33     5    41     5    48 0.90 -
evm.utg4907.26.1.5c22f188            -            222 444160at33208        -            190     3e-88  296.1   3.5   2   2     5e-78     7e-74  249.3   0.0    32   174    65   212    52   219 0.94 -
evm.utg4907.26                       -            221 444160at33208        -            190   1.3e-76  258.2   0.3   1   2   3.9e-78   5.4e-74  249.6   0.0    32   174    33   180    22   191 0.93 -
evm.utg4907.26                       -            221 444160at33208        -            190   1.3e-76  258.2   0.3   2   2   0.00099        14    6.9   0.0   169   189   192   214   181   215 0.75 -
evm.utg4907.26.1.5c22f188.1.5c2795a4 -            178 444160at33208        -            190   1.8e-65  221.8   0.7   1   2   4.4e-67   6.1e-63  213.6   0.2    47   174     5   137     3   148 0.94 -
evm.utg4907.26.1.5c22f188.1.5c2795a4 -            178 444160at33208        -            190   1.8e-65  221.8   0.7   2   2   0.00076        11    7.3   0.0   169   189   149   171   139   172 0.75 -
evm.utg293.57                        -            486 444160at33208        -            190     0.021   16.1   0.0   1   1   3.3e-06     0.045   15.0   0.0    12    86   224   296   216   313 0.73 -
#
# Program:         hmmsearch
# Version:         3.1b2 (February 2015)
# Pipeline mode:   SEARCH
# Query file:      /uoa/scratch/users/r02hw22/project_dark_genes/busco_downloads/lineages/metazoa_odb10/hmms/444160at33208.hmm
# Target file:     /uoa/scratch/users/r02hw22/project_dark_genes/00_raw/equina_smart.rnam-trna.merged.ggf.curated.remredun.aa.fa
# Option settings: hmmsearch --domtblout /uoa/scratch/users/r02hw22/project_dark_genes/equina_busco_proteins/run_metazoa_odb10/hmmer_output/initial_run_results/444160at33208.out --cpu 1 /uoa/scratch/users/r02hw22/project_dark_genes/busco_downloads/lineages/metazoa_odb10/hmms/444160at33208.hmm /uoa/scratch/users/r02hw22/project_dark_genes/00_raw/equina_smart.rnam-trna.merged.ggf.curated.remredun.aa.fa 
# Current dir:     /uoa/scratch/users/r02hw22/project_dark_genes
# Date:            Sat Apr 25 14:41:42 2026
# [ok]
