#                                                                            --- full sequence --- -------------- this domain -------------   hmm coord   ali coord   env coord
# target name        accession   tlen query name           accession   qlen   E-value  score  bias   #  of  c-Evalue  i-Evalue  score  bias  from    to  from    to  from    to  acc description of target
#------------------- ---------- ----- -------------------- ---------- ----- --------- ------ ----- --- --- --------- --------- ------ ----- ----- ----- ----- ----- ----- ----- ---- ---------------------
evm.utg1032.11       -            338 461123at33208        -            215   5.1e-61  207.6  37.6   1   4       1.6   2.3e+04   -3.7   0.1   177   193    23    39    10    41 0.60 -
evm.utg1032.11       -            338 461123at33208        -            215   5.1e-61  207.6  37.6   2   4   4.8e-26   6.6e-22   79.7   0.1     2    76    48   126    47   132 0.90 -
evm.utg1032.11       -            338 461123at33208        -            215   5.1e-61  207.6  37.6   3   4   1.9e-27   2.7e-23   84.3   9.7    72   176   143   274   140   285 0.84 -
evm.utg1032.11       -            338 461123at33208        -            215   5.1e-61  207.6  37.6   4   4   2.3e-16   3.2e-12   48.1  11.6   171   215   293   337   291   337 0.93 -
evm.utg62.74         -            301 461123at33208        -            215   1.4e-35  124.4  12.5   1   3      0.61   8.5e+03   -2.3   0.1   166   194    11    40     8    42 0.65 -
evm.utg62.74         -            301 461123at33208        -            215   1.4e-35  124.4  12.5   2   3   4.6e-24   6.5e-20   73.2   4.7     2   148    48   193    47   197 0.83 -
evm.utg62.74         -            301 461123at33208        -            215   1.4e-35  124.4  12.5   3   3   3.7e-18   5.1e-14   54.0   0.1   136   177   197   238   188   264 0.88 -
evm.utg8726.4        -             73 461123at33208        -            215    0.0031   18.7   8.6   1   1   2.8e-07    0.0039   18.4   8.6   161   208    19    66    17    68 0.92 -
evm.utg150.24        -            404 461123at33208        -            215       0.2   12.8   0.4   1   1   3.2e-05      0.44   11.7   0.4    77   164   108   199    98   203 0.81 -
#
# Program:         hmmsearch
# Version:         3.1b2 (February 2015)
# Pipeline mode:   SEARCH
# Query file:      /uoa/scratch/users/r02hw22/project_dark_genes/busco_downloads/lineages/metazoa_odb10/hmms/461123at33208.hmm
# Target file:     /uoa/scratch/users/r02hw22/project_dark_genes/00_raw/equina_smart.rnam-trna.merged.ggf.curated.remredun.aa.fa
# Option settings: hmmsearch --domtblout /uoa/scratch/users/r02hw22/project_dark_genes/equina_busco_proteins/run_metazoa_odb10/hmmer_output/initial_run_results/461123at33208.out --cpu 1 /uoa/scratch/users/r02hw22/project_dark_genes/busco_downloads/lineages/metazoa_odb10/hmms/461123at33208.hmm /uoa/scratch/users/r02hw22/project_dark_genes/00_raw/equina_smart.rnam-trna.merged.ggf.curated.remredun.aa.fa 
# Current dir:     /uoa/scratch/users/r02hw22/project_dark_genes
# Date:            Sat Apr 25 14:42:11 2026
# [ok]
