#                                                                            --- full sequence --- -------------- this domain -------------   hmm coord   ali coord   env coord
# target name        accession   tlen query name           accession   qlen   E-value  score  bias   #  of  c-Evalue  i-Evalue  score  bias  from    to  from    to  from    to  acc description of target
#------------------- ---------- ----- -------------------- ---------- ----- --------- ------ ----- --- --- --------- --------- ------ ----- ----- ----- ----- ----- ----- ----- ---- ---------------------
evm.utg1278.82       -            374 461193at33208        -            206   1.2e-70  239.2  13.9   1   3   2.3e-26   3.2e-22   81.0   1.4     2    89    18   114    17   124 0.89 -
evm.utg1278.82       -            374 461193at33208        -            206   1.2e-70  239.2  13.9   2   3      0.78   1.1e+04   -2.4   0.5    72    88   121   137   112   141 0.56 -
evm.utg1278.82       -            374 461193at33208        -            206   1.2e-70  239.2  13.9   3   3   4.5e-52   6.2e-48  165.0   2.4    75   198   158   298   145   306 0.82 -
evm.utg293.77        -            373 461193at33208        -            206   2.3e-70  238.2  15.1   1   2   2.7e-26   3.7e-22   80.8   1.6     2    89    18   114    17   125 0.89 -
evm.utg293.77        -            373 461193at33208        -            206   2.3e-70  238.2  15.1   2   2     4e-52   5.6e-48  165.1   2.5    75   198   157   297   145   305 0.82 -
evm.utg597.151       -            563 461193at33208        -            206      0.25   12.7   0.1   1   1     4e-05      0.55   11.6   0.1     4    71    19    93    17   100 0.77 -
evm.utg15552.7       -            318 461193at33208        -            206       5.1    8.4   9.5   1   1   0.00071       9.9    7.5   9.5   111   172    77   142    61   157 0.75 -
#
# Program:         hmmsearch
# Version:         3.1b2 (February 2015)
# Pipeline mode:   SEARCH
# Query file:      /uoa/scratch/users/r02hw22/project_dark_genes/busco_downloads/lineages/metazoa_odb10/hmms/461193at33208.hmm
# Target file:     /uoa/scratch/users/r02hw22/project_dark_genes/00_raw/equina_smart.rnam-trna.merged.ggf.curated.remredun.aa.fa
# Option settings: hmmsearch --domtblout /uoa/scratch/users/r02hw22/project_dark_genes/equina_busco_proteins/run_metazoa_odb10/hmmer_output/initial_run_results/461193at33208.out --cpu 1 /uoa/scratch/users/r02hw22/project_dark_genes/busco_downloads/lineages/metazoa_odb10/hmms/461193at33208.hmm /uoa/scratch/users/r02hw22/project_dark_genes/00_raw/equina_smart.rnam-trna.merged.ggf.curated.remredun.aa.fa 
# Current dir:     /uoa/scratch/users/r02hw22/project_dark_genes
# Date:            Sat Apr 25 14:42:16 2026
# [ok]
