#                                                                                 --- full sequence --- -------------- this domain -------------   hmm coord   ali coord   env coord
# target name             accession   tlen query name           accession   qlen   E-value  score  bias   #  of  c-Evalue  i-Evalue  score  bias  from    to  from    to  from    to  acc description of target
#     ------------------- ---------- ----- -------------------- ---------- ----- --------- ------ ----- --- --- --------- --------- ------ ----- ----- ----- ----- ----- ----- ----- ---- ---------------------
evm.utg470.58             -            389 464204at33208        -            304  2.2e-114  383.1   0.7   1   2   3.8e-11   4.3e-07   30.8   0.0     7    77    21   115    19   133 0.72 -
evm.utg470.58             -            389 464204at33208        -            304  2.2e-114  383.1   0.7   2   2  2.3e-108  2.5e-104  350.1   0.8    78   303   154   383   148   384 0.97 -
evm.utg470.58.1.5c22f141  -            326 464204at33208        -            304   5.4e-78  263.6   0.1   1   2   2.7e-11   3.1e-07   31.3   0.0     7    77    21   115    19   133 0.72 -
evm.utg470.58.1.5c22f141  -            326 464204at33208        -            304   5.4e-78  263.6   0.1   2   2   8.1e-72     9e-68  230.0   0.1    78   228   154   305   148   314 0.95 -
evm.utg4326.16.1.5c22f0dc -            194 464204at33208        -            304      0.12   12.8   0.1   1   1   1.5e-05      0.16   12.5   0.1   101   143    76   118    61   133 0.90 -
evm.utg4326.16            -            215 464204at33208        -            304      0.15   12.6   0.1   1   1   1.8e-05       0.2   12.2   0.1   101   143    76   118    62   133 0.90 -
evm.utg2007.24            -             75 464204at33208        -            304      0.33   11.4   0.0   1   1   3.5e-05      0.39   11.2   0.0    99   137    12    50     5    54 0.89 -
#
# Program:         hmmsearch
# Version:         3.1b2 (February 2015)
# Pipeline mode:   SEARCH
# Query file:      /uoa/scratch/users/r02hw22/project_dark_genes/busco_downloads/lineages/metazoa_odb10/hmms/464204at33208.hmm
# Target file:     /uoa/scratch/users/r02hw22/project_dark_genes/00_raw/equina_smart.rnam-trna.merged.ggf.curated.remredun.aa.fa
# Option settings: hmmsearch --domtblout /uoa/scratch/users/r02hw22/project_dark_genes/equina_busco_proteins/run_metazoa_odb10/hmmer_output/initial_run_results/464204at33208.out --cpu 1 /uoa/scratch/users/r02hw22/project_dark_genes/busco_downloads/lineages/metazoa_odb10/hmms/464204at33208.hmm /uoa/scratch/users/r02hw22/project_dark_genes/00_raw/equina_smart.rnam-trna.merged.ggf.curated.remredun.aa.fa 
# Current dir:     /uoa/scratch/users/r02hw22/project_dark_genes
# Date:            Sat Apr 25 14:42:01 2026
# [ok]
