#                                                                                            --- full sequence --- -------------- this domain -------------   hmm coord   ali coord   env coord
# target name                        accession   tlen query name           accession   qlen   E-value  score  bias   #  of  c-Evalue  i-Evalue  score  bias  from    to  from    to  from    to  acc description of target
#                ------------------- ---------- ----- -------------------- ---------- ----- --------- ------ ----- --- --- --------- --------- ------ ----- ----- ----- ----- ----- ----- ----- ---- ---------------------
evm.utg1272.135                      -            227 466942at33208        -            192   9.5e-36  124.9  15.0   1   2   1.4e-19   4.9e-17   63.9   0.1     1    72    14    90    14   110 0.90 -
evm.utg1272.135                      -            227 466942at33208        -            192   9.5e-36  124.9  15.0   2   2   9.2e-18   3.2e-15   57.9  11.3   128   192   125   207    99   207 0.76 -
evm.utg14507.2                       -            870 466942at33208        -            192     3e-05   25.4   1.5   1   1   8.5e-08     3e-05   25.4   1.5   135   192   147   207   139   207 0.84 -
evm.utg15813.22                      -            223 466942at33208        -            192   7.9e-05   24.0   2.8   1   1   6.1e-07   0.00021   22.6   2.8   152   191   146   188   127   189 0.78 -
evm.utg12336.6                       -            238 466942at33208        -            192   9.3e-05   23.8   2.8   1   1   6.8e-07   0.00024   22.5   2.8   152   191   156   198   137   199 0.78 -
evm.utg24533.1                       -            143 466942at33208        -            192   0.00019   22.8   5.2   1   2   5.4e-07   0.00019   22.8   5.2   142   192     8    65     3    65 0.81 -
evm.utg24533.1                       -            143 466942at33208        -            192   0.00019   22.8   5.2   2   2       1.2   4.1e+02    2.2   3.5   143   184    95   139    82   142 0.68 -
evm.utg1962.4                        -            126 466942at33208        -            192    0.0002   22.7   3.8   1   1   8.1e-07   0.00028   22.2   3.8   148   191    47    90    39    92 0.83 -
evm.utg24316.5                       -            110 466942at33208        -            192   0.00022   22.6   0.5   1   1   8.7e-07    0.0003   22.1   0.5   147   184     7    46     1    50 0.87 -
evm.utg9110.32                       -            780 466942at33208        -            192   0.00041   21.7   5.9   1   2   1.2e-06   0.00041   21.7   5.9   132   192    59   124    48   124 0.83 -
evm.utg9110.32                       -            780 466942at33208        -            192   0.00041   21.7   5.9   2   2       8.9   3.1e+03   -0.7   0.9   163   183   172   192   142   199 0.74 -
evm.utg788.97.1.5c22f43a             -            501 466942at33208        -            192   0.00042   21.7   4.7   1   1   2.1e-06   0.00074   20.9   4.7   147   191   323   367   310   368 0.82 -
evm.utg788.97                        -            501 466942at33208        -            192   0.00042   21.7   4.7   1   1   2.1e-06   0.00074   20.9   4.7   147   191   323   367   310   368 0.82 -
evm.utg62.126                        -            387 466942at33208        -            192   0.00047   21.5   3.2   1   1   1.3e-06   0.00047   21.5   3.2   147   192   156   204   142   204 0.79 -
evm.utg8851.31                       -            611 466942at33208        -            192    0.0005   21.4   3.0   1   1   1.4e-06    0.0005   21.4   3.0   147   192   105   153    89   153 0.78 -
evm.utg4271.27                       -            521 466942at33208        -            192   0.00064   21.1   3.0   1   1   1.8e-06   0.00064   21.1   3.0   147   192   156   204   141   204 0.79 -
evm.utg34597.4                       -            485 466942at33208        -            192   0.00065   21.1   3.2   1   1   1.9e-06   0.00065   21.1   3.2   147   192   156   204   142   204 0.79 -
evm.utg3876.10                       -            521 466942at33208        -            192   0.00072   20.9   3.2   1   1     2e-06   0.00072   20.9   3.2   147   192   156   204   142   204 0.79 -
utg23732.evm.utg4271.27.mrna7        -            521 466942at33208        -            192   0.00072   20.9   3.2   1   1     2e-06   0.00072   20.9   3.2   147   192   156   204   142   204 0.79 -
evm.utg7596.3                        -            454 466942at33208        -            192   0.00074   20.9   3.6   1   1   2.1e-06   0.00074   20.9   3.6   147   192    13    60     5    60 0.92 -
evm.utg44757.6                       -            469 466942at33208        -            192    0.0008   20.8   3.0   1   1   2.3e-06    0.0008   20.8   3.0   148   192   157   204   144   204 0.82 -
evm.utg936.4                         -            164 466942at33208        -            192   0.00086   20.7   6.4   1   2   2.5e-06   0.00086   20.7   6.4   147   192     7    57     1    57 0.81 -
evm.utg936.4                         -            164 466942at33208        -            192   0.00086   20.7   6.4   2   2      0.63   2.2e+02    3.0   1.4   149   182    88   124    72   131 0.68 -
evm.utg162.15                        -            471 466942at33208        -            192   0.00096   20.5   6.7   1   1   4.9e-06    0.0017   19.7   6.7   135   191     6    65     2    66 0.79 -
evm.utg9110.28                       -            714 466942at33208        -            192     0.001   20.4   6.6   1   1   1.1e-05    0.0037   18.6   6.0   147   192     7    57     1    57 0.81 -
evm.utg29536.5                       -            697 466942at33208        -            192     0.001   20.4   3.2   1   1     3e-06     0.001   20.4   3.2   147   192   156   204   142   204 0.79 -
evm.utg9110.30                       -            368 466942at33208        -            192    0.0012   20.3   5.6   1   1   3.3e-06    0.0012   20.3   5.6   145   192   214   266   202   266 0.81 -
evm.utg9409.34                       -            338 466942at33208        -            192    0.0013   20.1   5.7   1   2   3.7e-06    0.0013   20.1   5.7   145   192    87   139    80   139 0.81 -
evm.utg9409.34                       -            338 466942at33208        -            192    0.0013   20.1   5.7   2   2       3.7   1.3e+03    0.5   1.4   162   182   186   206   157   213 0.69 -
evm.utg125.108                       -            867 466942at33208        -            192    0.0013   20.0   7.6   1   1   1.2e-05    0.0044   18.4   7.6   153   192   163   205   152   205 0.85 -
evm.utg17994.17                      -            440 466942at33208        -            192    0.0013   20.0   6.5   1   1   7.9e-06    0.0028   19.0   6.5   145   191   370   417   357   418 0.84 -
evm.utg2814.32                       -            604 466942at33208        -            192    0.0014   19.9   6.1   1   1   1.1e-05    0.0037   18.6   6.1   147   192     7    57     1    57 0.81 -
evm.utg40512.3                       -            142 466942at33208        -            192    0.0015   19.8   8.7   1   1   7.9e-06    0.0028   19.0   8.7   152   192    14    57     5    57 0.83 -
evm.utg7289.16.17.18.2.5c279759      -            664 466942at33208        -            192    0.0016   19.8   5.0   1   2   4.6e-06    0.0016   19.8   5.0   146   192     6    57     1    57 0.81 -
evm.utg7289.16.17.18.2.5c279759      -            664 466942at33208        -            192    0.0016   19.8   5.0   2   2      0.72   2.5e+02    2.8   1.5   139   181   136   180   124   189 0.73 -
evm.utg77.111                        -            720 466942at33208        -            192    0.0017   19.7   6.3   1   1   4.8e-06    0.0017   19.7   6.3   140   192     3    60     1    60 0.82 -
evm.utg1463.28                       -            710 466942at33208        -            192    0.0017   19.7   8.4   1   2     5e-06    0.0017   19.7   8.4   146   192     6    57     1    57 0.82 -
evm.utg1463.28                       -            710 466942at33208        -            192    0.0017   19.7   8.4   2   2      0.65   2.3e+02    3.0   1.4   136   181   133   180   124   189 0.74 -
evm.utg4872.2                        -            716 466942at33208        -            192    0.0018   19.6   6.1   1   1   1.3e-05    0.0046   18.3   6.1   147   192     7    57     1    57 0.81 -
evm.utg597.108                       -            715 466942at33208        -            192     0.002   19.5   5.5   1   1   1.8e-05    0.0062   17.9   5.5   148   192     8    57     1    57 0.81 -
evm.utg2017.2                        -             86 466942at33208        -            192    0.0022   19.3   2.4   1   1   7.4e-06    0.0026   19.1   2.4   130   192    15    81    10    81 0.80 -
evm.utg86.23                         -           1028 466942at33208        -            192    0.0026   19.1   5.3   1   2     5e-05     0.018   16.4   4.9   151   191   777   821   766   822 0.82 -
evm.utg86.23                         -           1028 466942at33208        -            192    0.0026   19.1   5.3   2   2       5.2   1.8e+03    0.0   0.0    47    83   974  1010   966  1013 0.89 -
evm.utg1231.10                       -            595 466942at33208        -            192    0.0027   19.1   4.2   1   1   7.6e-06    0.0027   19.1   4.2   148   192    10    57     4    57 0.81 -
evm.utg2801.16                       -            715 466942at33208        -            192    0.0027   19.1   6.6   1   1   2.2e-05    0.0078   17.5   6.6   147   192     7    57     1    57 0.82 -
evm.utg6392.2.1.5c22f305             -            499 466942at33208        -            192    0.0027   19.0   5.1   1   1   2.3e-05     0.008   17.5   5.1   143   189     7    53     3    55 0.85 -
evm.utg5059.69                       -            129 466942at33208        -            192    0.0027   19.0   3.6   1   1   1.1e-05    0.0039   18.5   3.6   146   189    10    53     4    56 0.83 -
evm.utg2303.2                        -           1001 466942at33208        -            192    0.0031   18.9   5.6   1   2   5.6e-05      0.02   16.2   5.1   151   191   750   794   739   795 0.84 -
evm.utg2303.2                        -           1001 466942at33208        -            192    0.0031   18.9   5.6   2   2       5.1   1.8e+03    0.1   0.0    47    83   947   983   939   986 0.89 -
evm.utg2801.18                       -            713 466942at33208        -            192    0.0031   18.9   6.4   1   1   2.3e-05    0.0081   17.5   6.4   147   192     7    57     1    57 0.81 -
evm.utg2881.2                        -            329 466942at33208        -            192    0.0031   18.9   3.6   1   2   8.8e-06    0.0031   18.9   3.6   142   192     8    65     2    72 0.79 -
evm.utg2881.2                        -            329 466942at33208        -            192    0.0031   18.9   3.6   2   2      0.35   1.2e+02    3.9   4.3   135   176    87   128    82   144 0.80 -
evm.utg6392.2                        -            561 466942at33208        -            192    0.0032   18.8   5.1   1   1   2.7e-05    0.0093   17.3   5.1   143   189     7    53     3    55 0.85 -
evm.utg15226.14                      -            718 466942at33208        -            192    0.0033   18.7   6.4   1   1   2.3e-05    0.0082   17.5   6.4   147   192     7    57     1    57 0.81 -
evm.utg145.88                        -            717 466942at33208        -            192    0.0033   18.7   6.5   1   1   2.4e-05    0.0084   17.4   6.5   147   192     7    57     1    57 0.81 -
evm.utg9409.32                       -            709 466942at33208        -            192    0.0034   18.7   6.1   1   2   9.7e-06    0.0034   18.7   6.1   145   192     5    57     1    57 0.81 -
evm.utg9409.32                       -            709 466942at33208        -            192    0.0034   18.7   6.1   2   2       5.9   2.1e+03   -0.1   1.5   151   182    90   124    74   131 0.67 -
evm.utg2801.23                       -            714 466942at33208        -            192    0.0035   18.7   6.4   1   1   2.3e-05    0.0082   17.5   6.4   147   192     7    57     1    57 0.81 -
evm.utg628.5                         -           1051 466942at33208        -            192    0.0035   18.7   5.4   1   1   9.9e-06    0.0035   18.7   5.4   147   192     7    57     1    57 0.81 -
evm.utg2801.22                       -            748 466942at33208        -            192    0.0035   18.7   6.4   1   1   2.5e-05    0.0086   17.4   6.4   147   192     7    57     1    57 0.81 -
evm.utg9409.2                        -            362 466942at33208        -            192    0.0037   18.6   6.4   1   1   1.1e-05    0.0037   18.6   6.4   148   192     8    57     1    57 0.82 -
utg5059.equina_smart_980225.mrna3    -             95 466942at33208        -            192    0.0045   18.3   2.7   1   1   1.6e-05    0.0056   18.0   2.7   143   189     7    53     3    56 0.81 -
evm.utg15226.15                      -            687 466942at33208        -            192    0.0051   18.1   7.6   1   1   3.7e-05     0.013   16.8   7.6   147   192     7    57     1    57 0.81 -
evm.utg169038.1                      -            327 466942at33208        -            192    0.0061   17.9   7.0   1   1   1.7e-05    0.0061   17.9   7.0   153   192   163   205   151   205 0.85 -
evm.utg145.48                        -            715 466942at33208        -            192    0.0062   17.9   6.5   1   1   1.8e-05    0.0062   17.9   6.5   145   192     5    57     1    57 0.81 -
evm.utg16130.1                       -            644 466942at33208        -            192    0.0066   17.8   6.6   1   1   3.6e-05     0.012   16.9   6.6   145   192    11    65     3    65 0.81 -
evm.utg1271.9                        -            307 466942at33208        -            192    0.0067   17.8   8.2   1   1   1.9e-05    0.0067   17.8   8.2   152   192    15    58     5    58 0.83 -
evm.utg1031.88                       -            716 466942at33208        -            192    0.0072   17.7   5.8   1   1   2.1e-05    0.0072   17.7   5.8   148   192     8    57     2    57 0.82 -
evm.utg15226.16                      -            729 466942at33208        -            192    0.0074   17.6   6.7   1   1   4.7e-05     0.017   16.5   6.7   147   192     7    57     1    57 0.81 -
evm.utg2801.20                       -            667 466942at33208        -            192    0.0075   17.6   6.4   1   1   2.1e-05    0.0075   17.6   6.4   147   192     7    57     1    57 0.81 -
evm.utg15226.18                      -            706 466942at33208        -            192    0.0075   17.6   6.1   1   1   2.1e-05    0.0075   17.6   6.1   148   192     8    57     1    57 0.82 -
evm.utg344.96                        -            235 466942at33208        -            192    0.0078   17.5   3.7   1   1     4e-05     0.014   16.7   3.7   135   191   143   198   118   199 0.80 -
evm.utg145.46                        -            374 466942at33208        -            192    0.0079   17.5   7.4   1   1   2.3e-05    0.0079   17.5   7.4   147   192     7    57     1    57 0.81 -
evm.utg145.33                        -            714 466942at33208        -            192    0.0082   17.5   6.4   1   1   2.3e-05    0.0082   17.5   6.4   147   192     7    57     1    57 0.81 -
evm.utg2801.19                       -            684 466942at33208        -            192    0.0083   17.5   5.9   1   1   5.5e-05     0.019   16.3   5.9   148   192     8    57     1    57 0.82 -
evm.utg101.12                        -            800 466942at33208        -            192    0.0084   17.4   5.5   1   1   2.4e-05    0.0084   17.4   5.5   142   191   193   246   185   247 0.80 -
evm.utg11814.13                      -            937 466942at33208        -            192      0.01   17.2   9.4   1   1   2.9e-05      0.01   17.2   9.4   148   192   878   923   869   923 0.79 -
evm.utg3267.4                        -            937 466942at33208        -            192      0.01   17.2   9.4   1   1   2.9e-05      0.01   17.2   9.4   148   192   878   923   869   923 0.79 -
evm.utg145.40                        -            667 466942at33208        -            192      0.01   17.1   5.7   1   1     3e-05      0.01   17.1   5.7   146   192     6    57     1    57 0.81 -
evm.utg150.30                        -            109 466942at33208        -            192     0.011   17.1   4.5   1   1   3.1e-05     0.011   17.1   4.5   150   192    23    67    12    67 0.80 -
utg268.equina_smart_1424733.mrna2    -            728 466942at33208        -            192     0.011   17.1   4.0   1   2   3.1e-05     0.011   17.1   4.0   149   191    13    62     5    63 0.81 -
utg268.equina_smart_1424733.mrna2    -            728 466942at33208        -            192     0.011   17.1   4.0   2   2       1.8   6.5e+02    1.5   0.9   152   183   104   138    80   142 0.67 -
evm.utg18063.2                       -            755 466942at33208        -            192     0.012   17.0   3.2   1   1   3.3e-05     0.012   17.0   3.2   147   192    13    60     5    60 0.92 -
evm.utg3474.21                       -            755 466942at33208        -            192     0.012   17.0   3.2   1   1   3.3e-05     0.012   17.0   3.2   147   192    13    60     5    60 0.92 -
evm.utg2801.26                       -            712 466942at33208        -            192     0.013   16.9   6.3   1   1   3.6e-05     0.013   16.9   6.3   147   192     7    57     1    57 0.82 -
evm.utg2817.8                        -            713 466942at33208        -            192     0.014   16.7   7.4   1   2   3.9e-05     0.014   16.7   7.4   147   192     7    57     1    57 0.81 -
evm.utg2817.8                        -            713 466942at33208        -            192     0.014   16.7   7.4   2   2       8.4   2.9e+03   -0.6   1.9   150   182    89   124    76   131 0.69 -
evm.utg347.2                         -            111 466942at33208        -            192     0.014   16.7   8.9   1   1   3.9e-05     0.014   16.7   8.9   152   192    14    57     5    57 0.83 -
evm.utg351.24                        -            463 466942at33208        -            192     0.014   16.7   8.9   1   1   7.2e-05     0.025   15.9   8.9   151   191    15    57     4    58 0.87 -
evm.utg1056.107.3.5c22e85b           -            492 466942at33208        -            192     0.016   16.5   6.0   1   1   4.7e-05     0.016   16.5   6.0   153   192    44    83    33    83 0.80 -
evm.utg2817.6                        -            714 466942at33208        -            192     0.017   16.5   7.0   1   2   4.8e-05     0.017   16.5   7.0   147   192     7    57     1    57 0.81 -
evm.utg2817.6                        -            714 466942at33208        -            192     0.017   16.5   7.0   2   2       8.9   3.1e+03   -0.7   1.1   162   181   104   123    79   128 0.68 -
evm.utg1056.107.2.5c22e85b           -            538 466942at33208        -            192     0.018   16.3   6.0   1   1   5.2e-05     0.018   16.3   6.0   153   192    44    83    33    83 0.80 -
evm.utg6958.42                       -             70 466942at33208        -            192     0.019   16.3   1.5   1   1   5.6e-05      0.02   16.2   1.5   146   189    18    64     2    66 0.77 -
evm.utg145.32.37.42.47               -            710 466942at33208        -            192     0.021   16.1   6.6   1   1     6e-05     0.021   16.1   6.6   147   192     7    57     1    57 0.81 -
evm.utg597.110                       -            717 466942at33208        -            192     0.022   16.1   5.5   1   1   6.3e-05     0.022   16.1   5.5   148   192     8    57     1    57 0.80 -
evm.utg1056.107                      -            669 466942at33208        -            192     0.024   16.0   6.0   1   1   6.9e-05     0.024   16.0   6.0   153   192    44    83    33    83 0.80 -
evm.utg1056.107.1.5c22e85b           -            724 466942at33208        -            192     0.026   15.8   6.0   1   1   7.5e-05     0.026   15.8   6.0   153   192    44    83    33    83 0.80 -
evm.utg7217.33.2.5c22f393.1.5c279750 -            467 466942at33208        -            192     0.029   15.7   5.0   1   1   0.00013     0.046   15.0   5.0   148   191     6    52     3    53 0.82 -
evm.utg2129.146                      -            204 466942at33208        -            192     0.029   15.7   6.5   1   1   0.00015     0.053   14.8   6.5   143   191    45    97    38    98 0.80 -
evm.utg344.74                        -            755 466942at33208        -            192     0.029   15.7   9.5   1   1   0.00017     0.058   14.7   9.5   153   192    15    57     7    57 0.83 -
evm.utg111395.2                      -            755 466942at33208        -            192     0.029   15.7   9.5   1   1   0.00017     0.058   14.7   9.5   153   192    15    57     7    57 0.83 -
evm.utg24706.8                       -            822 466942at33208        -            192     0.031   15.6   9.5   1   1   0.00018     0.065   14.5   9.5   153   192    15    57     7    57 0.83 -
evm.utg225.110                       -            227 466942at33208        -            192     0.032   15.6   6.5   1   1     9e-05     0.032   15.6   6.5   153   192   122   164   110   164 0.83 -
evm.utg256.11                        -            247 466942at33208        -            192     0.035   15.4  10.2   1   1   0.00021     0.074   14.4  10.2   153   191    22    63    10    64 0.84 -
evm.utg276.26                        -            196 466942at33208        -            192     0.037   15.4   1.2   1   1   0.00016     0.055   14.8   1.2   141   180     7    48     1    65 0.82 -
evm.utg7217.33.2.5c22f393            -            615 466942at33208        -            192     0.041   15.2   5.0   1   1   0.00019     0.066   14.5   5.0   148   191     6    52     3    53 0.82 -
evm.utg7821.5                        -            247 466942at33208        -            192     0.041   15.2   9.8   1   1   0.00024     0.084   14.2   9.8   153   192    22    64    10    64 0.84 -
evm.utg6392.18                       -            419 466942at33208        -            192     0.045   15.0   1.6   1   1   0.00031      0.11   13.8   1.6   143   179     8    47     4    56 0.78 -
evm.utg5149.13                       -            192 466942at33208        -            192     0.047   15.0   3.1   1   1   0.00021     0.074   14.3   3.1   152   189    18    57    10    59 0.87 -
evm.utg7217.33.1.5c22f393            -            664 466942at33208        -            192     0.047   15.0   5.0   1   1   0.00021     0.072   14.4   5.0   148   191     6    52     3    53 0.82 -
utg1221.equina_smart_1431091.mrna1   -            248 466942at33208        -            192     0.048   15.0   1.4   1   1   0.00022     0.077   14.3   1.4   145   179    10    47     4    56 0.76 -
evm.utg7217.33                       -            700 466942at33208        -            192      0.05   14.9   5.0   1   1   0.00022     0.077   14.3   5.0   148   191     6    52     3    53 0.82 -
evm.utg1022.61.1.5c22e7d4            -            643 466942at33208        -            192     0.053   14.8   5.5   1   1   0.00026     0.093   14.0   5.5   150   192   458   501   447   501 0.79 -
evm.utg464.25                        -            167 466942at33208        -            192     0.062   14.6   5.3   1   1   0.00018     0.062   14.6   5.3   153   192    16    58    11    58 0.78 -
evm.utg1683.34                       -            611 466942at33208        -            192     0.065   14.5   4.8   1   1   0.00037      0.13   13.6   4.8   150   191    19    65    11    66 0.81 -
evm.utg1022.61                       -            823 466942at33208        -            192     0.066   14.5   5.5   1   1   0.00036      0.13   13.6   5.5   150   192   638   681   627   681 0.79 -
evm.utg1221.1                        -            355 466942at33208        -            192     0.067   14.5   1.4   1   1   0.00037      0.13   13.5   1.4   145   179    10    47     4    56 0.77 -
evm.utg2757.41                       -            188 466942at33208        -            192     0.074   14.4   5.2   1   1   0.00021     0.074   14.4   5.2   149   192    34    80    27    80 0.80 -
evm.utg3365.41                       -            324 466942at33208        -            192     0.074   14.3   1.1   1   1   0.00021     0.074   14.3   1.1   146   188    10    53     4    56 0.75 -
evm.utg8.84                          -            324 466942at33208        -            192     0.074   14.3   1.1   1   1   0.00021     0.074   14.3   1.1   146   188    10    53     4    56 0.75 -
evm.utg15013.21.1.5c22eafb           -            597 466942at33208        -            192     0.086   14.1   5.7   1   1   0.00039      0.14   13.5   5.7   146   192    14    61     1    61 0.71 -
evm.utg15013.21                      -            719 466942at33208        -            192     0.093   14.0   5.7   1   1   0.00049      0.17   13.2   5.7   146   192    14    61     1    61 0.71 -
evm.utg150.9                         -           1057 466942at33208        -            192       0.1   13.9   4.5   1   1   0.00061      0.21   12.9   4.5   150   191   788   832   775   833 0.78 -
utg738.equina_smart_886925.mrna3     -             98 466942at33208        -            192      0.12   13.7   5.5   1   1   0.00042      0.15   13.4   5.5   148   192    10    55     2    55 0.76 -
evm.utg7179.15                       -           1426 466942at33208        -            192      0.14   13.5   1.7   1   1   0.00085       0.3   12.4   1.7   150   180   131   166   126   174 0.74 -
evm.utg1290.9.1.5c22ea0d             -            569 466942at33208        -            192      0.16   13.3   4.3   1   1   0.00086       0.3   12.4   4.3   149   179    11    44     4    58 0.73 -
evm.utg1290.9                        -            598 466942at33208        -            192      0.17   13.2   4.3   1   1   0.00092      0.32   12.3   4.3   149   179    11    44     4    58 0.73 -
evm.utg8792.7                        -            539 466942at33208        -            192       0.2   12.9   4.9   1   1    0.0012       0.4   11.9   4.9   150   192   354   397   341   397 0.76 -
evm.utg125.132                       -            372 466942at33208        -            192      0.23   12.8   5.4   1   1    0.0011      0.38   12.0   5.4   143   191   303   357   299   358 0.68 -
evm.utg738.17                        -            184 466942at33208        -            192      0.26   12.6   5.6   1   1    0.0015      0.54   11.5   5.6   149   192    11    55     2    55 0.76 -
evm.utg738.17.1.5c22f3dc             -            184 466942at33208        -            192      0.26   12.6   5.6   1   1    0.0015      0.54   11.5   5.6   149   192    11    55     2    55 0.76 -
evm.utg4177.47                       -            227 466942at33208        -            192      0.28   12.5   5.3   1   1    0.0013      0.44   11.8   5.3   143   191   123   175   119   176 0.84 -
evm.utg950.11                        -            335 466942at33208        -            192      0.37   12.1   4.9   1   1     0.002      0.69   11.2   4.9   147   191    43    89    36    90 0.77 -
evm.utg20678.18                      -            616 466942at33208        -            192       0.4   12.0   9.9   1   1   0.00017      0.06   14.6   6.1   147   191    23    68    17    69 0.82 -
evm.utg1285.3.5                      -            484 466942at33208        -            192      0.46   11.8   6.7   1   2    0.0011      0.39   12.0   3.5   152   189    18    57    11    59 0.86 -
evm.utg1285.3.5                      -            484 466942at33208        -            192      0.46   11.8   6.7   2   2       7.2   2.5e+03   -0.4   0.0    29    66   235   272   206   287 0.68 -
evm.utg6834.24                       -            369 466942at33208        -            192      0.58   11.4   6.0   1   1    0.0031       1.1   10.6   6.0   149   192    11    55     2    55 0.76 -
evm.utg5885.63                       -            550 466942at33208        -            192      0.61   11.4   5.1   1   1    0.0036       1.3   10.3   5.1   152   192   310   351   291   351 0.79 -
evm.utg3722.24                       -            172 466942at33208        -            192      0.64   11.3   4.9   1   1    0.0023      0.81   11.0   4.9   145   192   110   158    99   158 0.78 -
evm.utg9401.19                       -            258 466942at33208        -            192      0.69   11.2   6.3   1   1    0.0035       1.2   10.4   6.3   152   192    17    58     6    58 0.78 -
utg738.equina_smart_886916.mrna1     -            367 466942at33208        -            192      0.87   10.9   5.1   1   1    0.0047       1.6   10.0   5.1   149   192    11    55     2    55 0.76 -
evm.utg101.62                        -            694 466942at33208        -            192       1.2   10.5  20.5   1   2   0.00067      0.23   12.7   4.0   145   191    89   134    66   137 0.80 -
evm.utg101.62                        -            694 466942at33208        -            192       1.2   10.5  20.5   2   2       0.7   2.5e+02    2.9   8.6   148   191   385   428   373   429 0.79 -
evm.utg911.38.1.5c22f4f4             -            510 466942at33208        -            192       1.2   10.4   8.9   1   1     0.012       4.1    8.7   8.9   146   191   308   353   301   355 0.81 -
evm.utg1205.117.1.5c22e945           -            620 466942at33208        -            192       1.3   10.3  11.8   1   1   0.00017     0.058   14.7   6.0   147   191    23    68    17    69 0.82 -
evm.utg4468.40.39                    -           1286 466942at33208        -            192       1.3   10.3   5.4   1   1    0.0098       3.4    8.9   5.4   151   192  1102  1144  1093  1144 0.78 -
evm.utg1205.117                      -            628 466942at33208        -            192       1.3   10.3  11.8   1   1   0.00017     0.059   14.7   6.0   147   191    23    68    17    69 0.82 -
evm.utg6834.23                       -            326 466942at33208        -            192       1.4   10.2   5.6   1   1    0.0074       2.6    9.3   5.6   149   192    11    55     2    55 0.76 -
evm.utg9251.25                       -            549 466942at33208        -            192       1.5   10.1   5.0   1   1    0.0084       2.9    9.1   5.0   145   191    16    67    10    68 0.76 -
evm.utg356.151                       -            549 466942at33208        -            192       1.6   10.0   5.0   1   1    0.0084       2.9    9.1   5.0   145   191    16    67    10    68 0.76 -
evm.utg738.15                        -            382 466942at33208        -            192       1.7    9.9   7.1   1   1    0.0087         3    9.1   7.1   149   192    11    56     2    56 0.77 -
evm.utg279.9                         -            657 466942at33208        -            192       1.7    9.9   7.3   1   1    0.0009      0.32   12.3   2.5   146   191   535   581   511   582 0.78 -
evm.utg2817.5                        -            830 466942at33208        -            192       1.8    9.9  15.2   1   2   0.00016     0.056   14.8   6.9   147   192     7    57     1    57 0.81 -
evm.utg2817.5                        -            830 466942at33208        -            192       1.8    9.9  15.2   2   2       9.7   3.4e+03   -0.8   1.2   163   182   105   124    74   131 0.72 -
evm.utg186.23                        -            646 466942at33208        -            192         2    9.7   9.4   1   1     0.017         6    8.1   9.4   146   191   363   408   356   410 0.81 -
evm.utg160.15                        -            184 466942at33208        -            192       2.3    9.5  11.4   1   2     0.001      0.36   12.1   4.9   144   191     8    59     3    60 0.82 -
evm.utg160.15                        -            184 466942at33208        -            192       2.3    9.5  11.4   2   2       2.5   8.8e+02    1.1   0.4     3    48    92   137    90   144 0.87 -
evm.utg234.20                        -            473 466942at33208        -            192       2.4    9.4   5.3   1   1     0.013       4.7    8.5   5.3   151   192    18    64    10    64 0.76 -
evm.utg18622.2                       -            510 466942at33208        -            192       2.5    9.3   7.2   1   1    0.0012      0.43   11.9   2.6   145   192    14    62    10    62 0.82 -
evm.utg1009.10                       -            528 466942at33208        -            192       2.9    9.2   7.2   1   1     0.017       5.9    8.1   7.2   148   191   373   420   362   421 0.72 -
evm.utg1192.22                       -            760 466942at33208        -            192         3    9.1  18.7   1   2     0.013       4.5    8.5   4.3   149   190    27    70    20    71 0.81 -
evm.utg1192.22                       -            760 466942at33208        -            192         3    9.1  18.7   2   2     0.025       8.9    7.6   3.0   148   189   301   344   294   346 0.81 -
evm.utg1277.47                       -            191 466942at33208        -            192       4.1    8.7   4.3   1   1     0.019       6.6    8.0   4.3   148   191    90   138    82   139 0.72 -
evm.utg27568.13                      -            266 466942at33208        -            192       4.4    8.6   9.3   1   1     0.021       7.5    7.8   9.3   143   192   178   231   167   231 0.74 -
evm.utg911.53                        -            258 466942at33208        -            192       4.7    8.5   9.3   1   1      0.02       7.1    7.9   9.3   143   192   170   223   159   223 0.74 -
evm.utg36089.3                       -           1164 466942at33208        -            192       4.9    8.4   8.6   1   2      0.02       7.1    7.9   3.5   151   191    23    66    15    67 0.79 -
evm.utg36089.3                       -           1164 466942at33208        -            192       4.9    8.4   8.6   2   2       1.4     5e+02    1.9   0.0   116   129  1101  1114  1092  1123 0.82 -
evm.utg14.25                         -            550 466942at33208        -            192       5.5    8.2   5.9   1   1      0.03        10    7.3   5.9   151   192    18    64     9    64 0.75 -
evm.utg1285.3.5.1.5c278fab           -            485 466942at33208        -            192       6.1    8.1   6.4   1   2     0.015       5.2    8.3   3.2   152   188    18    57    11    59 0.74 -
evm.utg1285.3.5.1.5c278fab           -            485 466942at33208        -            192       6.1    8.1   6.4   2   2       7.2   2.5e+03   -0.4   0.0    29    66   236   273   207   288 0.68 -
evm.utg1285.3.5.2.5c278fab           -            485 466942at33208        -            192       6.1    8.1   6.4   1   2     0.015       5.2    8.3   3.2   152   188    18    57    11    59 0.74 -
evm.utg1285.3.5.2.5c278fab           -            485 466942at33208        -            192       6.1    8.1   6.4   2   2       7.2   2.5e+03   -0.4   0.0    29    66   236   273   207   288 0.68 -
evm.utg1972.89                       -            974 466942at33208        -            192       6.2    8.1   9.1   1   1     0.025       8.9    7.6   9.1   140   192     2    55     1    55 0.79 -
evm.utg1285.3.5.3.5c278fab           -            452 466942at33208        -            192       6.2    8.1   6.7   1   2     0.014       4.7    8.5   3.2   152   188    18    57    11    59 0.74 -
evm.utg1285.3.5.3.5c278fab           -            452 466942at33208        -            192       6.2    8.1   6.7   2   2       6.2   2.2e+03   -0.2   0.0    29    66   203   240   175   259 0.69 -
evm.utg55.207                        -            962 466942at33208        -            192       6.2    8.1  18.6   1   2     0.011       3.9    8.7   6.5   153   191   232   273   226   274 0.87 -
evm.utg55.207                        -            962 466942at33208        -            192       6.2    8.1  18.6   2   2     0.034        12    7.2   1.2   134   180   292   341   286   347 0.82 -
evm.utg3872.17.1.5c22f029            -            470 466942at33208        -            192       6.9    7.9   7.7   1   1     0.054        19    6.5   7.7   149   191   396   442   384   443 0.73 -
evm.utg3951.5                        -            260 466942at33208        -            192       6.9    7.9  11.9   1   2    0.0012      0.42   11.9   4.3   149   190    28    71    21    72 0.85 -
evm.utg3951.5                        -            260 466942at33208        -            192       6.9    7.9  11.9   2   2       7.1   2.5e+03   -0.4   0.9    12    65   189   242   181   255 0.64 -
evm.utg3013.17                       -            629 466942at33208        -            192       7.5    7.8   5.8   1   1     0.037        13    7.0   5.8   145   192   567   615   556   615 0.79 -
evm.utg4695.23                       -            359 466942at33208        -            192       7.8    7.8   9.4   1   1     0.038        13    7.0   9.4   143   192   271   324   261   324 0.74 -
evm.utg150.74                        -            274 466942at33208        -            192       9.1    7.5   9.9   1   2      0.17        59    4.9   0.7   170   192    21    43    12    43 0.91 -
evm.utg150.74                        -            274 466942at33208        -            192       9.1    7.5   9.9   2   2     0.037        13    7.0   2.8   146   191   210   258   201   259 0.80 -
#
# Program:         hmmsearch
# Version:         3.1b2 (February 2015)
# Pipeline mode:   SEARCH
# Query file:      /uoa/scratch/users/r02hw22/project_dark_genes/busco_downloads/lineages/metazoa_odb10/hmms/466942at33208.hmm
# Target file:     /uoa/scratch/users/r02hw22/project_dark_genes/00_raw/equina_smart.rnam-trna.merged.ggf.curated.remredun.aa.fa
# Option settings: hmmsearch --domtblout /uoa/scratch/users/r02hw22/project_dark_genes/equina_busco_proteins/run_metazoa_odb10/hmmer_output/initial_run_results/466942at33208.out --cpu 1 /uoa/scratch/users/r02hw22/project_dark_genes/busco_downloads/lineages/metazoa_odb10/hmms/466942at33208.hmm /uoa/scratch/users/r02hw22/project_dark_genes/00_raw/equina_smart.rnam-trna.merged.ggf.curated.remredun.aa.fa 
# Current dir:     /uoa/scratch/users/r02hw22/project_dark_genes
# Date:            Sat Apr 25 14:42:25 2026
# [ok]
