#                                                                            --- full sequence --- -------------- this domain -------------   hmm coord   ali coord   env coord
# target name        accession   tlen query name           accession   qlen   E-value  score  bias   #  of  c-Evalue  i-Evalue  score  bias  from    to  from    to  from    to  acc description of target
#------------------- ---------- ----- -------------------- ---------- ----- --------- ------ ----- --- --- --------- --------- ------ ----- ----- ----- ----- ----- ----- ----- ---- ---------------------
evm.utg1337.13       -            406 473106at33208        -            298  5.1e-123  411.5  24.8   1   2  6.5e-101   5.1e-97  326.1   8.8     5   199     8   219     1   229 0.91 -
evm.utg1337.13       -            406 473106at33208        -            298  5.1e-123  411.5  24.8   2   2     2e-29   1.6e-25   91.5   8.0   164   278   253   366   226   403 0.76 -
evm.utg4972.14       -            231 473106at33208        -            298   4.4e-93  313.2   0.9   1   1   6.3e-97     5e-93  313.1   0.9     5   164     8   174     1   203 0.95 -
evm.utg4972.12       -            103 473106at33208        -            298     7e-12   46.7   0.1   1   1   1.4e-15   1.1e-11   46.0   0.1   235   277    19    62    14   100 0.81 -
evm.utg26084.2       -           1426 473106at33208        -            298    0.0074   17.0   0.4   1   1   2.1e-06     0.017   15.8   0.4   180   276   544   645   527   654 0.79 -
evm.utg381.70        -            842 473106at33208        -            298     0.016   15.9   0.0   1   2         2   1.6e+04   -3.7   0.0   227   256   518   548   505   550 0.71 -
evm.utg381.70        -            842 473106at33208        -            298     0.016   15.9   0.0   2   2   6.4e-06     0.051   14.3   0.0   199   276   725   803   719   827 0.88 -
evm.utg288.7         -            760 473106at33208        -            298       0.2   12.3   0.6   1   2      0.54   4.3e+03   -1.9   0.0    41    79   153   192   147   207 0.73 -
evm.utg288.7         -            760 473106at33208        -            298       0.2   12.3   0.6   2   2   7.5e-05       0.6   10.8   0.2   182   275   588   686   569   695 0.78 -
evm.utg34691.8       -            752 473106at33208        -            298      0.73   10.5   4.7   1   1   0.00016       1.3    9.7   4.7   164   285   228   350   220   366 0.80 -
#
# Program:         hmmsearch
# Version:         3.1b2 (February 2015)
# Pipeline mode:   SEARCH
# Query file:      /uoa/scratch/users/r02hw22/project_dark_genes/busco_downloads/lineages/metazoa_odb10/hmms/473106at33208.hmm
# Target file:     /uoa/scratch/users/r02hw22/project_dark_genes/00_raw/equina_smart.rnam-trna.merged.ggf.curated.remredun.aa.fa
# Option settings: hmmsearch --domtblout /uoa/scratch/users/r02hw22/project_dark_genes/equina_busco_proteins/run_metazoa_odb10/hmmer_output/initial_run_results/473106at33208.out --cpu 1 /uoa/scratch/users/r02hw22/project_dark_genes/busco_downloads/lineages/metazoa_odb10/hmms/473106at33208.hmm /uoa/scratch/users/r02hw22/project_dark_genes/00_raw/equina_smart.rnam-trna.merged.ggf.curated.remredun.aa.fa 
# Current dir:     /uoa/scratch/users/r02hw22/project_dark_genes
# Date:            Sat Apr 25 14:42:27 2026
# [ok]
