#                                                                            --- full sequence --- -------------- this domain -------------   hmm coord   ali coord   env coord
# target name        accession   tlen query name           accession   qlen   E-value  score  bias   #  of  c-Evalue  i-Evalue  score  bias  from    to  from    to  from    to  acc description of target
#------------------- ---------- ----- -------------------- ---------- ----- --------- ------ ----- --- --- --------- --------- ------ ----- ----- ----- ----- ----- ----- ----- ---- ---------------------
evm.utg470.79        -            838 477939at33208        -            321   1.1e-79  269.6  25.1   1   4   1.5e-62   4.2e-58  198.7   5.6    21   182    24   210    14   223 0.87 -
evm.utg470.79        -            838 477939at33208        -            321   1.1e-79  269.6  25.1   2   4   0.00078        22    5.8   0.1   198   234   256   300   248   314 0.73 -
evm.utg470.79        -            838 477939at33208        -            321   1.1e-79  269.6  25.1   3   4     3e-18   8.5e-14   53.1   7.8   234   303   341   445   326   457 0.72 -
evm.utg470.79        -            838 477939at33208        -            321   1.1e-79  269.6  25.1   4   4    0.0063   1.7e+02    2.8   0.0    58   103   574   625   567   630 0.73 -
evm.utg612.10        -           1793 477939at33208        -            321   8.7e-77  260.1  27.2   1   4   5.8e-62   1.6e-57  196.8   7.1    20   182    60   247    22   252 0.86 -
evm.utg612.10        -           1793 477939at33208        -            321   8.7e-77  260.1  27.2   2   4     0.004   1.1e+02    3.5   0.1   198   221   293   316   284   349 0.67 -
evm.utg612.10        -           1793 477939at33208        -            321   8.7e-77  260.1  27.2   3   4   2.5e-17   6.9e-13   50.1   8.8   230   303   373   482   360   496 0.70 -
evm.utg612.10        -           1793 477939at33208        -            321   8.7e-77  260.1  27.2   4   4     0.027   7.4e+02    0.8   0.0    58   103   711   762   700   767 0.75 -
#
# Program:         hmmsearch
# Version:         3.1b2 (February 2015)
# Pipeline mode:   SEARCH
# Query file:      /uoa/scratch/users/r02hw22/project_dark_genes/busco_downloads/lineages/metazoa_odb10/hmms/477939at33208.hmm
# Target file:     /uoa/scratch/users/r02hw22/project_dark_genes/00_raw/equina_smart.rnam-trna.merged.ggf.curated.remredun.aa.fa
# Option settings: hmmsearch --domtblout /uoa/scratch/users/r02hw22/project_dark_genes/equina_busco_proteins/run_metazoa_odb10/hmmer_output/initial_run_results/477939at33208.out --cpu 1 /uoa/scratch/users/r02hw22/project_dark_genes/busco_downloads/lineages/metazoa_odb10/hmms/477939at33208.hmm /uoa/scratch/users/r02hw22/project_dark_genes/00_raw/equina_smart.rnam-trna.merged.ggf.curated.remredun.aa.fa 
# Current dir:     /uoa/scratch/users/r02hw22/project_dark_genes
# Date:            Sat Apr 25 14:42:21 2026
# [ok]
