#                                                                            --- full sequence --- -------------- this domain -------------   hmm coord   ali coord   env coord
# target name        accession   tlen query name           accession   qlen   E-value  score  bias   #  of  c-Evalue  i-Evalue  score  bias  from    to  from    to  from    to  acc description of target
#------------------- ---------- ----- -------------------- ---------- ----- --------- ------ ----- --- --- --------- --------- ------ ----- ----- ----- ----- ----- ----- ----- ---- ---------------------
evm.utg861.123       -            901 480700at33208        -            162   9.7e-52  176.5   4.2   1   3   7.6e-21   1.4e-16   62.1   2.0     2    55    39    92    38    95 0.93 -
evm.utg861.123       -            901 480700at33208        -            162   9.7e-52  176.5   4.2   2   3   8.9e-15   1.6e-10   42.4   0.1    40    84    95   139    92   156 0.92 -
evm.utg861.123       -            901 480700at33208        -            162   9.7e-52  176.5   4.2   3   3   2.9e-23   5.4e-19   70.0   0.0    88   162   166   254   163   254 0.79 -
evm.utg12553.4       -            240 480700at33208        -            162   2.2e-05   25.8   0.0   1   2       0.1   1.9e+03   -0.1   0.0    91   132    22    62     7    91 0.65 -
evm.utg12553.4       -            240 480700at33208        -            162   2.2e-05   25.8   0.0   2   2   1.4e-08   0.00026   22.3   0.0    88   156   146   228   135   234 0.72 -
evm.utg4177.46       -            240 480700at33208        -            162   5.1e-05   24.6   0.0   1   2      0.23   4.3e+03   -1.2   0.0   102   132    32    62    17    91 0.67 -
evm.utg4177.46       -            240 480700at33208        -            162   5.1e-05   24.6   0.0   2   2     2e-08   0.00038   21.7   0.0    88   156   146   228   135   234 0.72 -
#
# Program:         hmmsearch
# Version:         3.1b2 (February 2015)
# Pipeline mode:   SEARCH
# Query file:      /uoa/scratch/users/r02hw22/project_dark_genes/busco_downloads/lineages/metazoa_odb10/hmms/480700at33208.hmm
# Target file:     /uoa/scratch/users/r02hw22/project_dark_genes/00_raw/equina_smart.rnam-trna.merged.ggf.curated.remredun.aa.fa
# Option settings: hmmsearch --domtblout /uoa/scratch/users/r02hw22/project_dark_genes/equina_busco_proteins/run_metazoa_odb10/hmmer_output/initial_run_results/480700at33208.out --cpu 1 /uoa/scratch/users/r02hw22/project_dark_genes/busco_downloads/lineages/metazoa_odb10/hmms/480700at33208.hmm /uoa/scratch/users/r02hw22/project_dark_genes/00_raw/equina_smart.rnam-trna.merged.ggf.curated.remredun.aa.fa 
# Current dir:     /uoa/scratch/users/r02hw22/project_dark_genes
# Date:            Sat Apr 25 14:41:58 2026
# [ok]
