#                                                                                         --- full sequence --- -------------- this domain -------------   hmm coord   ali coord   env coord
# target name                     accession   tlen query name           accession   qlen   E-value  score  bias   #  of  c-Evalue  i-Evalue  score  bias  from    to  from    to  from    to  acc description of target
#             ------------------- ---------- ----- -------------------- ---------- ----- --------- ------ ----- --- --- --------- --------- ------ ----- ----- ----- ----- ----- ----- ----- ---- ---------------------
evm.utg2798.31                    -            413 486370at33208        -            285   2.7e-72  245.1  28.7   1   3   9.4e-55     6e-52  178.4   6.0     3   161    11   175     6   185 0.88 -
evm.utg2798.31                    -            413 486370at33208        -            285   2.7e-72  245.1  28.7   2   3   2.8e-05     0.018   16.0   7.3   171   210   211   253   199   257 0.82 -
evm.utg2798.31                    -            413 486370at33208        -            285   2.7e-72  245.1  28.7   3   3   7.7e-19   4.8e-16   60.5   0.8   205   284   291   393   268   394 0.79 -
evm.utg435.53                     -           2232 486370at33208        -            285   6.5e-35  122.5  34.0   1   6     0.046        29    5.5   0.1    67   135    91   162    76   171 0.80 -
evm.utg435.53                     -           2232 486370at33208        -            285   6.5e-35  122.5  34.0   2   6   1.1e-18   6.7e-16   60.1   0.6    65   165   168   273   148   285 0.83 -
evm.utg435.53                     -           2232 486370at33208        -            285   6.5e-35  122.5  34.0   3   6   0.00033      0.21   12.5   1.0    70   146   425   500   418   503 0.87 -
evm.utg435.53                     -           2232 486370at33208        -            285   6.5e-35  122.5  34.0   4   6   3.4e-14   2.1e-11   45.3   2.6    70   179   500   611   495   632 0.88 -
evm.utg435.53                     -           2232 486370at33208        -            285   6.5e-35  122.5  34.0   5   6       2.5   1.6e+03   -0.2   0.1   152   182   814   844   805   844 0.84 -
evm.utg435.53                     -           2232 486370at33208        -            285   6.5e-35  122.5  34.0   6   6     7e-07   0.00044   21.3   0.2    66   169   837   942   834   961 0.83 -
evm.utg729.56                     -            546 486370at33208        -            285   7.4e-32  112.4  35.6   1   4   4.7e-17     3e-14   54.7   2.4    68   189     3   121     1   138 0.88 -
evm.utg729.56                     -            546 486370at33208        -            285   7.4e-32  112.4  35.6   2   4   3.8e-06    0.0024   18.9   5.8    59   143   215   296   195   307 0.76 -
evm.utg729.56                     -            546 486370at33208        -            285   7.4e-32  112.4  35.6   3   4    0.0057       3.6    8.5   2.2    70   102   302   334   294   343 0.86 -
evm.utg729.56                     -            546 486370at33208        -            285   7.4e-32  112.4  35.6   4   4   7.6e-15   4.8e-12   47.4   3.7    67   176   359   465   334   483 0.84 -
evm.utg114.6                      -            533 486370at33208        -            285   4.5e-31  109.9  32.3   1   3   8.6e-18   5.4e-15   57.1   6.8    34   178    10   149     4   195 0.78 -
evm.utg114.6                      -            533 486370at33208        -            285   4.5e-31  109.9  32.3   2   3     0.023        14    6.5   0.3   115   156   233   274   208   278 0.86 -
evm.utg114.6                      -            533 486370at33208        -            285   4.5e-31  109.9  32.3   3   3   4.5e-17   2.8e-14   54.7  13.6    73   189   275   394   268   407 0.82 -
evm.utg114.6.1.5c22e8c0           -            512 486370at33208        -            285   6.9e-31  109.2  33.2   1   3   9.5e-18     6e-15   57.0   7.0    34   178    10   149     4   195 0.78 -
evm.utg114.6.1.5c22e8c0           -            512 486370at33208        -            285   6.9e-31  109.2  33.2   2   3     0.024        15    6.4   0.2   115   156   233   274   207   277 0.85 -
evm.utg114.6.1.5c22e8c0           -            512 486370at33208        -            285   6.9e-31  109.2  33.2   3   3   4.6e-17   2.9e-14   54.7  13.7    73   189   275   394   267   405 0.82 -
evm.utg526.3                      -            534 486370at33208        -            285   2.8e-30  107.3  29.7   1   4   1.3e-16   7.9e-14   53.3   5.4    36   177    13   149     7   186 0.79 -
evm.utg526.3                      -            534 486370at33208        -            285   2.8e-30  107.3  29.7   2   4       8.2   5.2e+03   -1.9   0.0    74    99   163   188   151   199 0.76 -
evm.utg526.3                      -            534 486370at33208        -            285   2.8e-30  107.3  29.7   3   4     0.017        11    6.9   0.3   115   156   234   275   207   279 0.85 -
evm.utg526.3                      -            534 486370at33208        -            285   2.8e-30  107.3  29.7   4   4   1.8e-17   1.2e-14   56.0  12.2    72   189   275   395   268   407 0.83 -
evm.utg607.33.1.5c22f2b2          -            948 486370at33208        -            285   8.2e-28   99.2  25.3   1   3   6.9e-10   4.3e-07   31.2  10.9    62   154   142   229    95   265 0.78 -
evm.utg607.33.1.5c22f2b2          -            948 486370at33208        -            285   8.2e-28   99.2  25.3   2   3   8.2e-10   5.2e-07   30.9   0.2    75   158   402   490   398   518 0.86 -
evm.utg607.33.1.5c22f2b2          -            948 486370at33208        -            285   8.2e-28   99.2  25.3   3   3   5.4e-14   3.4e-11   44.6   1.7    69   163   595   686   589   706 0.89 -
evm.utg607.33                     -           1015 486370at33208        -            285   1.2e-27   98.7  25.4   1   3     8e-10   5.1e-07   30.9  11.0    62   154   209   296   162   332 0.78 -
evm.utg607.33                     -           1015 486370at33208        -            285   1.2e-27   98.7  25.4   2   3     9e-10   5.7e-07   30.8   0.2    75   158   469   557   465   585 0.86 -
evm.utg607.33                     -           1015 486370at33208        -            285   1.2e-27   98.7  25.4   3   3   5.9e-14   3.7e-11   44.5   1.7    69   163   662   753   656   773 0.89 -
evm.utg5885.42                    -            287 486370at33208        -            285   1.4e-21   78.7  13.0   1   1   2.2e-24   1.4e-21   78.7  13.0     6   173    52   220    43   255 0.84 -
evm.utg607.33.2.5c22f2b3          -            746 486370at33208        -            285     2e-19   71.7  10.3   1   2   6.1e-10   3.9e-07   31.3   0.3    75   158   200   288   196   317 0.86 -
evm.utg607.33.2.5c22f2b3          -            746 486370at33208        -            285     2e-19   71.7  10.3   2   2     6e-14   3.8e-11   44.5   2.4    69   163   393   484   387   530 0.90 -
evm.utg729.56.1.5c22f3ac          -            420 486370at33208        -            285   5.5e-19   70.2  30.8   1   4   2.5e-17   1.6e-14   55.5   2.2    68   189     3   121     1   139 0.88 -
evm.utg729.56.1.5c22f3ac          -            420 486370at33208        -            285   5.5e-19   70.2  30.8   2   4   2.6e-06    0.0017   19.4   5.9    59   143   215   296   195   307 0.76 -
evm.utg729.56.1.5c22f3ac          -            420 486370at33208        -            285   5.5e-19   70.2  30.8   3   4    0.0035       2.2    9.1   2.0    70   102   302   334   293   343 0.86 -
evm.utg729.56.1.5c22f3ac          -            420 486370at33208        -            285   5.5e-19   70.2  30.8   4   4      0.49   3.1e+02    2.1   0.6    67    86   359   378   334   390 0.72 -
evm.utg163.55                     -            566 486370at33208        -            285   2.4e-18   68.1   9.0   1   2   3.6e-19   2.3e-16   61.6   3.2    64   163    71   172    43   178 0.91 -
evm.utg163.55                     -            566 486370at33208        -            285   2.4e-18   68.1   9.0   2   2    0.0036       2.3    9.1   0.3   107   153   354   400   340   427 0.82 -
utg435.equina_smart_1413856.mrna1 -           1521 486370at33208        -            285   3.8e-16   60.9  25.1   1   6   0.00052      0.33   11.9   1.2    77   140   240   307   231   311 0.92 -
utg435.equina_smart_1413856.mrna1 -           1521 486370at33208        -            285   3.8e-16   60.9  25.1   2   6   0.00014      0.09   13.7   0.4    67   141   310   387   307   407 0.86 -
utg435.equina_smart_1413856.mrna1 -           1521 486370at33208        -            285   3.8e-16   60.9  25.1   3   6    0.0026       1.6    9.6   0.6    68   140   465   541   457   546 0.89 -
utg435.equina_smart_1413856.mrna1 -           1521 486370at33208        -            285   3.8e-16   60.9  25.1   4   6   7.6e-07   0.00048   21.2   0.1    68   143   545   623   541   627 0.90 -
utg435.equina_smart_1413856.mrna1 -           1521 486370at33208        -            285   3.8e-16   60.9  25.1   5   6       2.3   1.5e+03   -0.1   0.1    69   138   797   865   792   881 0.69 -
utg435.equina_smart_1413856.mrna1 -           1521 486370at33208        -            285   3.8e-16   60.9  25.1   6   6   4.1e-06    0.0026   18.8   0.1   107   177   880   951   843   965 0.83 -
evm.utg983.9                      -           1606 486370at33208        -            285   7.6e-16   59.9   1.0   1   1   3.2e-18     2e-15   58.5   1.0    61   152   908   995   885  1002 0.93 -
evm.utg55.67.2.5c22f21f           -            266 486370at33208        -            285   9.8e-16   59.5   3.8   1   1   1.5e-18   9.8e-16   59.5   3.8    67   169    89   188    66   200 0.86 -
evm.utg55.67.1.5c22f21f           -            350 486370at33208        -            285   1.7e-15   58.7   5.0   1   1   3.1e-18     2e-15   58.5   4.0    67   170    89   189    70   207 0.87 -
evm.utg55.67                      -            350 486370at33208        -            285   1.7e-15   58.7   5.0   1   1   3.1e-18     2e-15   58.5   4.0    67   170    89   189    70   207 0.87 -
evm.utg526.3.1.5c22f1d8           -            448 486370at33208        -            285   4.2e-15   57.5  20.9   1   3       4.3   2.7e+03   -1.0   0.1    72    99    75   102    44   115 0.74 -
evm.utg526.3.1.5c22f1d8           -            448 486370at33208        -            285   4.2e-15   57.5  20.9   2   3     0.014       8.8    7.2   0.3   115   156   148   189   123   193 0.86 -
evm.utg526.3.1.5c22f1d8           -            448 486370at33208        -            285   4.2e-15   57.5  20.9   3   3   1.4e-17     9e-15   56.4  12.3    72   190   189   310   182   323 0.83 -
evm.utg10359.20                   -           1598 486370at33208        -            285   5.4e-15   57.1   0.9   1   1   2.2e-17   1.4e-14   55.8   0.9    67   153   912   994   889  1003 0.91 -
evm.utg797.59                     -           1163 486370at33208        -            285   1.3e-14   55.9   3.9   1   1     2e-17   1.3e-14   55.9   3.9    68   163     6   108     2   143 0.82 -
evm.utg714.7                      -           1284 486370at33208        -            285   2.6e-14   54.9   2.8   1   1   9.9e-17   6.2e-14   53.6   2.8    49   152   883   982   822   991 0.83 -
evm.utg5652.21.4.5c22f23b         -            384 486370at33208        -            285   8.1e-14   53.2   3.4   1   2   5.2e-16   3.3e-13   51.2   2.6    65   190    20   142    13   149 0.84 -
evm.utg5652.21.4.5c22f23b         -            384 486370at33208        -            285   8.1e-14   53.2   3.4   2   2   0.00041      0.26   12.2   0.4   112   151    97   136    97   167 0.83 -
evm.utg15164.16                   -           1325 486370at33208        -            285   9.3e-14   53.0   3.5   1   1   5.1e-16   3.2e-13   51.3   3.5    66   153   910   993   893  1002 0.90 -
evm.utg378.32                     -            727 486370at33208        -            285   1.6e-13   52.3  15.7   1   1   2.5e-16   1.6e-13   52.3  15.7    46   176    86   213    46   249 0.78 -
evm.utg4886.12                    -           2101 486370at33208        -            285   2.6e-13   51.6  54.7   1  12       7.5   4.7e+03   -1.8   0.4   151   198   929   976   909   980 0.72 -
evm.utg4886.12                    -           2101 486370at33208        -            285   2.6e-13   51.6  54.7   2  12     0.018        11    6.8   0.6    67   146  1194  1269  1169  1272 0.79 -
evm.utg4886.12                    -           2101 486370at33208        -            285   2.6e-13   51.6  54.7   3  12     0.036        23    5.8   0.1    76   146  1271  1337  1266  1345 0.89 -
evm.utg4886.12                    -           2101 486370at33208        -            285   2.6e-13   51.6  54.7   4  12       4.1   2.6e+03   -0.9   0.0    90   145  1352  1405  1343  1413 0.84 -
evm.utg4886.12                    -           2101 486370at33208        -            285   2.6e-13   51.6  54.7   5  12      0.25   1.6e+02    3.1   0.1    82   141  1415  1470  1412  1501 0.72 -
evm.utg4886.12                    -           2101 486370at33208        -            285   2.6e-13   51.6  54.7   6  12    0.0076       4.8    8.0   0.0    78   151  1546  1618  1529  1643 0.75 -
evm.utg4886.12                    -           2101 486370at33208        -            285   2.6e-13   51.6  54.7   7  12     0.004       2.5    8.9   1.8    85   162  1664  1738  1658  1752 0.75 -
evm.utg4886.12                    -           2101 486370at33208        -            285   2.6e-13   51.6  54.7   8  12     0.017        11    6.9   0.1   107   167  1751  1812  1730  1818 0.77 -
evm.utg4886.12                    -           2101 486370at33208        -            285   2.6e-13   51.6  54.7   9  12       1.2   7.4e+02    0.9   0.1    86   139  1873  1922  1867  1924 0.84 -
evm.utg4886.12                    -           2101 486370at33208        -            285   2.6e-13   51.6  54.7  10  12    0.0012      0.77   10.7   0.1   109   146  1925  1962  1922  1965 0.92 -
evm.utg4886.12                    -           2101 486370at33208        -            285   2.6e-13   51.6  54.7  11  12   3.4e-08   2.2e-05   25.6   0.5    71   140  1959  2024  1957  2028 0.93 -
evm.utg4886.12                    -           2101 486370at33208        -            285   2.6e-13   51.6  54.7  12  12    0.0053       3.3    8.6   0.7    71   139  2027  2091  2024  2096 0.86 -
evm.utg1109.8                     -            206 486370at33208        -            285     3e-13   51.4   0.7   1   2   1.2e-12   7.3e-10   40.3   0.1    70   138    75   139    60   153 0.85 -
evm.utg1109.8                     -            206 486370at33208        -            285     3e-13   51.4   0.7   2   2     0.002       1.3   10.0   0.1    74   109   155   190   143   200 0.71 -
evm.utg16444.19                   -            873 486370at33208        -            285   4.3e-13   50.9   5.4   1   1   1.2e-15   7.5e-13   50.1   5.4    69   170   221   319   197   330 0.84 -
evm.utg180.37                     -            862 486370at33208        -            285   1.1e-12   49.5   5.1   1   1   3.2e-15     2e-12   48.7   5.1    69   170   221   319   197   330 0.83 -
evm.utg5652.21.3.5c22f23b         -            435 486370at33208        -            285   1.3e-12   49.3   3.7   1   1   2.1e-15   1.3e-12   49.3   3.7    65   182    94   208    55   224 0.84 -
evm.utg5652.21.1.5c22f23b         -            458 486370at33208        -            285   1.3e-12   49.3   4.5   1   2   2.1e-15   1.3e-12   49.3   4.5    65   190    94   216    54   223 0.84 -
evm.utg5652.21.1.5c22f23b         -            458 486370at33208        -            285   1.3e-12   49.3   4.5   2   2   0.00054      0.34   11.8   0.5   112   151   171   210   171   242 0.83 -
evm.utg5652.21.2.5c22f23b         -            465 486370at33208        -            285   1.5e-12   49.1   3.8   1   2         6   3.8e+03   -1.5   0.6   155   190    31    66    27    87 0.67 -
evm.utg5652.21.2.5c22f23b         -            465 486370at33208        -            285   1.5e-12   49.1   3.8   2   2   2.3e-15   1.5e-12   49.1   3.8    65   184   124   240    84   255 0.83 -
evm.utg52.82                      -            687 486370at33208        -            285     2e-12   48.7   4.7   1   2   1.5e-13   9.6e-11   43.2   0.0    68   136   491   569   486   587 0.86 -
evm.utg52.82                      -            687 486370at33208        -            285     2e-12   48.7   4.7   2   2     0.018        11    6.9   0.3   113   139   588   614   570   635 0.74 -
evm.utg4502.5.6                   -            494 486370at33208        -            285   5.8e-12   47.2   3.9   1   2   2.3e-11   1.5e-08   36.0   0.8    62   150    14    98     9    99 0.91 -
evm.utg4502.5.6                   -            494 486370at33208        -            285   5.8e-12   47.2   3.9   2   2   8.2e-05     0.052   14.5   0.2   112   157    94   139    93   154 0.87 -
evm.utg498.109                    -            279 486370at33208        -            285   9.1e-12   46.5   2.8   1   1   1.4e-14   9.1e-12   46.5   2.8    71   173     3   102     1   147 0.81 -
evm.utg279.6                      -            379 486370at33208        -            285     1e-11   46.4   0.3   1   1   3.8e-14   2.4e-11   45.1   0.3    77   177     9   106     4   127 0.90 -
evm.utg5652.21                    -            488 486370at33208        -            285   1.5e-11   45.8   8.4   1   2       6.9   4.3e+03   -1.7   0.7   155   190    31    66    26    87 0.67 -
evm.utg5652.21                    -            488 486370at33208        -            285   1.5e-11   45.8   8.4   2   2   2.4e-14   1.5e-11   45.8   8.4    64   191   123   247    61   267 0.83 -
evm.utg2994.53                    -            411 486370at33208        -            285   1.2e-10   42.8   0.4   1   1   1.9e-13   1.2e-10   42.8   0.4    77   177     9   106     4   124 0.90 -
evm.utg801.40                     -            682 486370at33208        -            285   3.5e-10   41.3   3.2   1   1   8.7e-13   5.5e-10   40.7   3.2    70   172   366   467   359   496 0.80 -
evm.utg1781.14                    -            221 486370at33208        -            285   9.1e-10   39.9   0.9   1   1   1.9e-12   1.2e-09   39.6   0.9    72   153   132   218   118   219 0.86 -
evm.utg194.49                     -            754 486370at33208        -            285   1.6e-09   39.2   7.5   1   3     2e-09   1.2e-06   29.7   0.0    86   172    38   121    31   152 0.85 -
evm.utg194.49                     -            754 486370at33208        -            285   1.6e-09   39.2   7.5   2   3       4.1   2.6e+03   -0.9   0.1    69    96   357   384   295   435 0.71 -
evm.utg194.49                     -            754 486370at33208        -            285   1.6e-09   39.2   7.5   3   3   0.00088      0.55   11.1   1.2    72   143   600   673   528   713 0.79 -
evm.utg126.140                    -           1524 486370at33208        -            285     2e-09   38.9  46.2   1   9    0.0072       4.5    8.1   1.1    25   131    85   192    67   248 0.72 -
evm.utg126.140                    -           1524 486370at33208        -            285     2e-09   38.9  46.2   2   9    0.0018       1.2   10.1   1.4    67   140   246   321   185   366 0.76 -
evm.utg126.140                    -           1524 486370at33208        -            285     2e-09   38.9  46.2   3   9      0.66   4.2e+02    1.7   0.1    76   138   375   439   358   444 0.89 -
evm.utg126.140                    -           1524 486370at33208        -            285     2e-09   38.9  46.2   4   9    0.0077       4.9    8.0   0.3    68   137   447   518   438   532 0.84 -
evm.utg126.140                    -           1524 486370at33208        -            285     2e-09   38.9  46.2   5   9      0.24   1.5e+02    3.1   0.1    72   138   491   559   478   564 0.82 -
evm.utg126.140                    -           1524 486370at33208        -            285     2e-09   38.9  46.2   6   9   3.9e-08   2.4e-05   25.4   5.0    33   178   534   686   505   695 0.73 -
evm.utg126.140                    -           1524 486370at33208        -            285     2e-09   38.9  46.2   7   9       4.4   2.8e+03   -1.0   0.2    86   139   705   760   698   767 0.77 -
evm.utg126.140                    -           1524 486370at33208        -            285     2e-09   38.9  46.2   8   9      0.02        13    6.6   0.5    78   138   777   839   776   887 0.87 -
evm.utg126.140                    -           1524 486370at33208        -            285     2e-09   38.9  46.2   9   9      0.16     1e+02    3.7   1.0    68   106   888   928   876   938 0.76 -
evm.utg16036.21.1.5c22eb67        -           1778 486370at33208        -            285     5e-09   37.5   7.7   1   1   7.8e-12     5e-09   37.5   7.7    62   202   230   363   148   374 0.87 -
evm.utg16036.21                   -           1905 486370at33208        -            285   5.6e-09   37.4   7.8   1   1   8.9e-12   5.6e-09   37.4   7.8    62   202   230   363   149   374 0.87 -
evm.utg479.169.2.5c22f162         -            495 486370at33208        -            285   6.8e-09   37.1   0.6   1   1   2.4e-11   1.5e-08   35.9   0.6    68   152   402   491   392   493 0.85 -
evm.utg1683.62                    -            669 486370at33208        -            285   8.3e-09   36.8   1.1   1   1   2.3e-11   1.4e-08   36.0   1.1    69   204    67   206    57   210 0.80 -
evm.utg479.169                    -            586 486370at33208        -            285   2.3e-08   35.3   2.0   1   1     8e-11     5e-08   34.2   2.0    68   154   402   493   392   542 0.76 -
evm.utg479.169.1.5c22f162         -            510 486370at33208        -            285   2.6e-08   35.2   0.3   1   1   9.6e-11   6.1e-08   34.0   0.3    68   149   402   488   392   495 0.84 -
evm.utg1721.42                    -            564 486370at33208        -            285   1.4e-07   32.8   1.3   1   2   2.2e-10   1.4e-07   32.8   1.3    63   168     8   110     2   135 0.85 -
evm.utg1721.42                    -            564 486370at33208        -            285   1.4e-07   32.8   1.3   2   2       3.8   2.4e+03   -0.8   0.1   153   177   412   436   404   457 0.86 -
evm.utg217.10.1.5c22ed20          -            521 486370at33208        -            285   1.1e-06   29.8   0.0   1   1   1.7e-09   1.1e-06   29.8   0.0    77   163   355   438   325   476 0.84 -
evm.utg107.1                      -            375 486370at33208        -            285   1.3e-06   29.6   0.1   1   2       3.1   1.9e+03   -0.5   9.1   146   193    91   135    74   151 0.47 -
evm.utg107.1                      -            375 486370at33208        -            285   1.3e-06   29.6   0.1   2   2   2.1e-09   1.3e-06   29.6   0.1    76   152   245   317   211   349 0.89 -
evm.utg217.10.2.5c22ed21          -            595 486370at33208        -            285   1.4e-06   29.5   0.0   1   1   2.2e-09   1.4e-06   29.5   0.0    77   162   355   437   327   476 0.84 -
evm.utg217.10                     -            673 486370at33208        -            285   1.7e-06   29.2   0.0   1   1   2.7e-09   1.7e-06   29.2   0.0    77   162   355   437   329   476 0.84 -
evm.utg77.97                      -            483 486370at33208        -            285   2.2e-06   28.8   4.0   1   2   3.5e-09   2.2e-06   28.8   4.0    70   176   248   366   241   392 0.82 -
evm.utg77.97                      -            483 486370at33208        -            285   2.2e-06   28.8   4.0   2   2       8.1   5.1e+03   -1.9   1.6     6    48   407   449   402   465 0.56 -
evm.utg1056.51                    -            685 486370at33208        -            285   2.4e-06   28.7   9.4   1   4   6.4e-05      0.04   14.9   0.2    69   172   150   257   145   262 0.90 -
evm.utg1056.51                    -            685 486370at33208        -            285   2.4e-06   28.7   9.4   2   4      0.17   1.1e+02    3.6   0.1    99   148   251   300   249   311 0.87 -
evm.utg1056.51                    -            685 486370at33208        -            285   2.4e-06   28.7   9.4   3   4   0.00041      0.26   12.2   0.1    74   148   397   467   363   473 0.73 -
evm.utg1056.51                    -            685 486370at33208        -            285   2.4e-06   28.7   9.4   4   4      0.28   1.8e+02    2.9   0.1    80   144   478   538   468   548 0.83 -
evm.utg112.38                     -            201 486370at33208        -            285   2.5e-06   28.6   9.9   1   2   8.7e-07   0.00055   21.0   1.4    66    98    28    60    23    65 0.90 -
evm.utg112.38                     -            201 486370at33208        -            285   2.5e-06   28.6   9.9   2   2   0.00038      0.24   12.3   1.7   103   163    93   154    87   199 0.70 -
evm.utg2487.4                     -            698 486370at33208        -            285   7.5e-06   27.1   0.1   1   1   2.4e-08   1.5e-05   26.1   0.1    58   152   199   288   184   311 0.86 -
evm.utg5417.10                    -            422 486370at33208        -            285   7.8e-06   27.1   3.4   1   1   1.9e-08   1.2e-05   26.5   3.4    67   162   265   370   258   405 0.79 -
evm.utg1290.33                    -           1723 486370at33208        -            285   1.4e-05   26.2   0.6   1   1   4.8e-08   3.1e-05   25.1   0.6    69   170   105   213    95   222 0.79 -
evm.utg2483.27                    -            472 486370at33208        -            285   1.4e-05   26.2   0.6   1   2   2.2e-08   1.4e-05   26.2   0.6     6   142    57   191    52   196 0.86 -
evm.utg2483.27                    -            472 486370at33208        -            285   1.4e-05   26.2   0.6   2   2       1.1   7.2e+02    0.9   7.5   112   192   195   269   191   283 0.71 -
evm.utg19445.2                    -           1735 486370at33208        -            285   2.7e-05   25.3   1.4   1   1   1.1e-07   6.7e-05   24.0   1.4    70   173   106   216    97   222 0.80 -
evm.utg2083.18.1.5c22ece5         -            418 486370at33208        -            285   4.5e-05   24.5   1.4   1   1   7.2e-08   4.5e-05   24.5   1.4     7   142    30   163    24   168 0.79 -
evm.utg2083.18                    -            451 486370at33208        -            285   5.5e-05   24.3   1.5   1   1   8.8e-08   5.5e-05   24.3   1.5     7   142    63   196    57   201 0.78 -
evm.utg2083.18.2.5c22ece5         -            366 486370at33208        -            285   6.8e-05   24.0   0.0   1   1   1.1e-07   6.8e-05   24.0   0.0    65   142    38   111    21   118 0.91 -
evm.utg2083.18.4.5c22ece5         -            369 486370at33208        -            285   7.2e-05   23.9   0.0   1   1   1.1e-07   7.2e-05   23.9   0.0    65   142    41   114    25   121 0.92 -
evm.utg1781.11                    -            160 486370at33208        -            285   8.4e-05   23.7   1.9   1   1   1.8e-07   0.00012   23.2   1.9   105   163    43   105    39   142 0.74 -
evm.utg8726.5                     -            491 486370at33208        -            285   0.00015   22.8  13.0   1   1   8.7e-07   0.00055   21.0  12.3    70   176   248   366   241   458 0.86 -
evm.utg3797.16                    -            240 486370at33208        -            285   0.00017   22.6   9.4   1   3   2.8e-05     0.017   16.1   0.5   111   149    34    72    17    73 0.84 -
evm.utg3797.16                    -            240 486370at33208        -            285   0.00017   22.6   9.4   2   3   7.9e-05      0.05   14.6   0.3   112   157    69   114    68   131 0.86 -
evm.utg3797.16                    -            240 486370at33208        -            285   0.00017   22.6   9.4   3   3       7.7   4.9e+03   -1.8   0.2   230   247   164   181   155   200 0.46 -
evm.utg6078.18                    -            199 486370at33208        -            285   0.00017   22.6   4.7   1   1   2.7e-07   0.00017   22.6   4.7    75   163     2   100     1   138 0.73 -
evm.utg2083.18.5.5c22ece5         -            327 486370at33208        -            285   0.00027   22.0   0.0   1   1   4.2e-07   0.00027   22.0   0.0    68   142     2    72     1    77 0.94 -
evm.utg659.39                     -            486 486370at33208        -            285    0.0003   21.9   0.9   1   1   2.6e-06    0.0017   19.4   0.8    68   143    70   160    40   183 0.72 -
evm.utg2129.41                    -            591 486370at33208        -            285    0.0049   17.9   3.5   1   2   0.00023      0.14   13.1   0.1    67   139   205   280   183   290 0.86 -
evm.utg2129.41                    -            591 486370at33208        -            285    0.0049   17.9   3.5   2   2      0.11        69    4.3   1.0    71   136   290   357   282   409 0.81 -
evm.utg1683.14.1.5c2790c3         -            305 486370at33208        -            285    0.0064   17.5   6.7   1   3      0.26   1.7e+02    3.0   0.0   122   148     3    29     1    57 0.85 -
evm.utg1683.14.1.5c2790c3         -            305 486370at33208        -            285    0.0064   17.5   6.7   2   3      0.15        95    3.8   1.3   112   195   141   221   127   237 0.75 -
evm.utg1683.14.1.5c2790c3         -            305 486370at33208        -            285    0.0064   17.5   6.7   3   3   0.00083      0.52   11.2   0.2   112   147   259   294   247   299 0.90 -
evm.utg1846.89.1.5c22ec31         -            934 486370at33208        -            285     0.012   16.6   8.8   1   3      0.21   1.4e+02    3.3   0.1   106   152    76   122    69   143 0.82 -
evm.utg1846.89.1.5c22ec31         -            934 486370at33208        -            285     0.012   16.6   8.8   2   3      0.41   2.6e+02    2.4   0.3    74   157   218   297   212   339 0.80 -
evm.utg1846.89.1.5c22ec31         -            934 486370at33208        -            285     0.012   16.6   8.8   3   3   8.8e-05     0.055   14.4   0.3    69   155   383   465   362   473 0.89 -
evm.utg1846.89                    -            984 486370at33208        -            285     0.013   16.5   8.7   1   3      0.23   1.4e+02    3.2   0.1   106   152    76   122    69   143 0.82 -
evm.utg1846.89                    -            984 486370at33208        -            285     0.013   16.5   8.7   2   3      0.44   2.8e+02    2.3   0.3    74   157   218   297   212   339 0.80 -
evm.utg1846.89                    -            984 486370at33208        -            285     0.013   16.5   8.7   3   3   7.6e-05     0.048   14.6   0.3    69   155   383   465   356   481 0.88 -
evm.utg36717.3                    -            293 486370at33208        -            285     0.022   15.7   5.2   1   3       9.9   6.2e+03   -2.2   1.1   149   175    25    50     4    88 0.51 -
evm.utg36717.3                    -            293 486370at33208        -            285     0.022   15.7   5.2   2   3     0.023        14    6.5   0.0    69    98   182   211   157   216 0.86 -
evm.utg36717.3                    -            293 486370at33208        -            285     0.022   15.7   5.2   3   3   0.00095       0.6   11.0   0.0    67   109   235   277   223   287 0.75 -
evm.utg7289.59.1.5c22f39f         -            314 486370at33208        -            285     0.029   15.3  10.4   1   1   0.00014     0.088   13.8  10.4    73   202   161   297   148   311 0.74 -
evm.utg7289.59                    -            337 486370at33208        -            285     0.059   14.3  11.7   1   1   0.00011     0.072   14.0   9.9    73   202   184   320   171   334 0.74 -
evm.utg7855.30                    -            440 486370at33208        -            285     0.079   13.9   2.8   1   2      0.59   3.7e+02    1.8   0.1   135   177    96   138    65   185 0.52 -
evm.utg7855.30                    -            440 486370at33208        -            285     0.079   13.9   2.8   2   2   0.00042      0.26   12.2   0.3   104   147   218   261   203   287 0.79 -
evm.utg2614.38                    -            183 486370at33208        -            285     0.086   13.8   2.0   1   2    0.0017       1.1   10.2   0.9    65   141    40   112    27   122 0.82 -
evm.utg2614.38                    -            183 486370at33208        -            285     0.086   13.8   2.0   2   2      0.17   1.1e+02    3.6   0.1   109   152   117   160   113   178 0.83 -
evm.utg1137.45                    -            440 486370at33208        -            285     0.094   13.7   3.3   1   2       0.7   4.4e+02    1.6   0.2   135   177    96   138    64   185 0.51 -
evm.utg1137.45                    -            440 486370at33208        -            285     0.094   13.7   3.3   2   2   0.00031       0.2   12.6   0.3   104   148   218   262   203   287 0.78 -
evm.utg1910.30                    -            580 486370at33208        -            285      0.12   13.3   0.0   1   4    0.0002      0.12   13.3   0.0    73   161     6    91     4   103 0.84 -
evm.utg1910.30                    -            580 486370at33208        -            285      0.12   13.3   0.0   2   4       4.6   2.9e+03   -1.1   0.4   101   130   374   403   350   439 0.68 -
evm.utg1910.30                    -            580 486370at33208        -            285      0.12   13.3   0.0   3   4       5.1   3.2e+03   -1.2   0.6    68    93   419   444   378   494 0.65 -
evm.utg1910.30                    -            580 486370at33208        -            285      0.12   13.3   0.0   4   4       7.6   4.8e+03   -1.8   0.4   128   128   522   522   430   563 0.56 -
evm.utg8726.18                    -            221 486370at33208        -            285      0.14   13.1   3.6   1   1   0.00039      0.25   12.3   3.6    75   133   118   178   110   219 0.73 -
evm.utg1272.107                   -            125 486370at33208        -            285      0.16   12.9   3.6   1   1   0.00084      0.53   11.2   3.7    73   174     3   113     1   118 0.77 -
evm.utg2083.18.3.5c22ece5         -            436 486370at33208        -            285      0.31   12.0  12.4   1   1   0.00092      0.58   11.1  12.4     7   194    63   254    57   276 0.75 -
evm.utg714.4                      -            855 486370at33208        -            285      0.33   11.9   0.1   1   3     0.065        41    5.0   0.0   113   174   211   272   181   276 0.82 -
evm.utg714.4                      -            855 486370at33208        -            285      0.33   11.9   0.1   2   3       1.6     1e+03    0.4   0.0    87   141   290   340   280   346 0.82 -
evm.utg714.4                      -            855 486370at33208        -            285      0.33   11.9   0.1   3   3      0.56   3.5e+02    1.9   0.0   118   169   351   403   348   408 0.86 -
evm.utg1272.109                   -            142 486370at33208        -            285      0.45   11.4   3.7   1   2    0.0023       1.5    9.7   0.6    70   102    40    74    27    93 0.78 -
evm.utg1272.109                   -            142 486370at33208        -            285      0.45   11.4   3.7   2   2      0.33   2.1e+02    2.7   0.1    72    95   103   125    91   141 0.67 -
evm.utg1970.20                    -            459 486370at33208        -            285      0.69   10.8   2.9   1   2     0.017        11    6.9   0.0    77   174     6   110     3   120 0.80 -
evm.utg1970.20                    -            459 486370at33208        -            285      0.69   10.8   2.9   2   2       0.2   1.2e+02    3.4   0.7    78   160   185   269   174   295 0.82 -
evm.utg9150.3                     -            390 486370at33208        -            285      0.82   10.6  23.7   1   4    0.0023       1.4    9.8   2.0    82   140    53   114    49   123 0.89 -
evm.utg9150.3                     -            390 486370at33208        -            285      0.82   10.6  23.7   2   4     0.004       2.5    9.0   0.6    78   179   130   237   127   248 0.76 -
evm.utg9150.3                     -            390 486370at33208        -            285      0.82   10.6  23.7   3   4       3.6   2.3e+03   -0.7   0.2    77   101   246   270   231   279 0.65 -
evm.utg9150.3                     -            390 486370at33208        -            285      0.82   10.6  23.7   4   4      0.47   2.9e+02    2.2   3.5    79   139   316   378   302   381 0.79 -
#
# Program:         hmmsearch
# Version:         3.1b2 (February 2015)
# Pipeline mode:   SEARCH
# Query file:      /uoa/scratch/users/r02hw22/project_dark_genes/busco_downloads/lineages/metazoa_odb10/hmms/486370at33208.hmm
# Target file:     /uoa/scratch/users/r02hw22/project_dark_genes/00_raw/equina_smart.rnam-trna.merged.ggf.curated.remredun.aa.fa
# Option settings: hmmsearch --domtblout /uoa/scratch/users/r02hw22/project_dark_genes/equina_busco_proteins/run_metazoa_odb10/hmmer_output/initial_run_results/486370at33208.out --cpu 1 /uoa/scratch/users/r02hw22/project_dark_genes/busco_downloads/lineages/metazoa_odb10/hmms/486370at33208.hmm /uoa/scratch/users/r02hw22/project_dark_genes/00_raw/equina_smart.rnam-trna.merged.ggf.curated.remredun.aa.fa 
# Current dir:     /uoa/scratch/users/r02hw22/project_dark_genes
# Date:            Sat Apr 25 14:41:57 2026
# [ok]
