#                                                                            --- full sequence --- -------------- this domain -------------   hmm coord   ali coord   env coord
# target name        accession   tlen query name           accession   qlen   E-value  score  bias   #  of  c-Evalue  i-Evalue  score  bias  from    to  from    to  from    to  acc description of target
#------------------- ---------- ----- -------------------- ---------- ----- --------- ------ ----- --- --- --------- --------- ------ ----- ----- ----- ----- ----- ----- ----- ---- ---------------------
evm.utg3365.37       -            263 486743at33208        -            178   4.9e-45  154.8  23.1   1   3   9.8e-14   9.1e-10   39.9   2.9     1    62     5    89     5   100 0.79 -
evm.utg3365.37       -            263 486743at33208        -            178   4.9e-45  154.8  23.1   2   3     0.023   2.2e+02    2.9   0.3    54    82   106   137    96   148 0.67 -
evm.utg3365.37       -            263 486743at33208        -            178   4.9e-45  154.8  23.1   3   3     2e-37   1.8e-33  117.1   7.4    80   178   158   260   137   260 0.90 -
evm.utg8.79          -            202 486743at33208        -            178   4.2e-38  132.2  17.9   1   3   3.4e-06     0.032   15.3   0.1    36    62     1    28     1    35 0.79 -
evm.utg8.79          -            202 486743at33208        -            178   4.2e-38  132.2  17.9   2   3    0.0037        34    5.5   0.9    54    82    45    76    35    87 0.67 -
evm.utg8.79          -            202 486743at33208        -            178   4.2e-38  132.2  17.9   3   3   1.2e-37   1.1e-33  117.8   7.7    78   178    95   199    76   199 0.90 -
evm.utg512.65        -            276 486743at33208        -            178     0.046   14.8   2.6   1   2       2.1   1.9e+04   -3.5   0.0    41    78    23    60    15    64 0.63 -
evm.utg512.65        -            276 486743at33208        -            178     0.046   14.8   2.6   2   2     5e-06     0.046   14.8   2.6    55   119   167   231   133   237 0.79 -
evm.utg579.22        -            111 486743at33208        -            178      0.17   13.0   2.3   1   1   2.1e-05      0.19   12.8   1.9   127   172    39    86    20    91 0.80 -
evm.utg24438.22      -            448 486743at33208        -            178      0.52   11.4   3.2   1   2       0.2   1.9e+03   -0.2   0.0    75   106   108   138    78   151 0.75 -
evm.utg24438.22      -            448 486743at33208        -            178      0.52   11.4   3.2   2   2   0.00011       1.1   10.4   1.6    90   156   205   270   171   274 0.89 -
evm.utg2279.18       -             88 486743at33208        -            178      0.53   11.4   0.4   1   1   7.2e-05      0.66   11.1   0.4   148   171    16    39    12    42 0.85 -
#
# Program:         hmmsearch
# Version:         3.1b2 (February 2015)
# Pipeline mode:   SEARCH
# Query file:      /uoa/scratch/users/r02hw22/project_dark_genes/busco_downloads/lineages/metazoa_odb10/hmms/486743at33208.hmm
# Target file:     /uoa/scratch/users/r02hw22/project_dark_genes/00_raw/equina_smart.rnam-trna.merged.ggf.curated.remredun.aa.fa
# Option settings: hmmsearch --domtblout /uoa/scratch/users/r02hw22/project_dark_genes/equina_busco_proteins/run_metazoa_odb10/hmmer_output/initial_run_results/486743at33208.out --cpu 1 /uoa/scratch/users/r02hw22/project_dark_genes/busco_downloads/lineages/metazoa_odb10/hmms/486743at33208.hmm /uoa/scratch/users/r02hw22/project_dark_genes/00_raw/equina_smart.rnam-trna.merged.ggf.curated.remredun.aa.fa 
# Current dir:     /uoa/scratch/users/r02hw22/project_dark_genes
# Date:            Sat Apr 25 14:42:07 2026
# [ok]
