#                                                                                           --- full sequence --- -------------- this domain -------------   hmm coord   ali coord   env coord
# target name                       accession   tlen query name           accession   qlen   E-value  score  bias   #  of  c-Evalue  i-Evalue  score  bias  from    to  from    to  from    to  acc description of target
#               ------------------- ---------- ----- -------------------- ---------- ----- --------- ------ ----- --- --- --------- --------- ------ ----- ----- ----- ----- ----- ----- ----- ---- ---------------------
evm.utg1137.42                      -            421 495100at33208        -            231  1.5e-120  402.2   0.1   1   1  3.6e-123  2.5e-120  401.5   0.1    13   230   112   335   109   336 0.97 -
evm.utg7855.32                      -            430 495100at33208        -            231  8.5e-120  399.7   0.1   1   1  2.1e-122  1.4e-119  399.0   0.1    13   230   115   338   112   339 0.97 -
evm.utg2814.9.1.5c22ee45            -            782 495100at33208        -            231     4e-32  112.8   0.0   1   2   1.7e-15   1.2e-12   49.2   0.0    67   223   234   378   227   385 0.88 -
evm.utg2814.9.1.5c22ee45            -            782 495100at33208        -            231     4e-32  112.8   0.0   2   2     1e-18   6.8e-16   59.7   0.0    67   224   507   655   500   659 0.86 -
evm.utg145.68                       -            807 495100at33208        -            231   4.4e-32  112.7   0.0   1   2   1.8e-15   1.2e-12   49.1   0.0    67   223   234   378   228   385 0.88 -
evm.utg145.68                       -            807 495100at33208        -            231   4.4e-32  112.7   0.0   2   2   1.1e-18   7.2e-16   59.7   0.0    67   224   507   655   500   659 0.86 -
evm.utg2814.9                       -            807 495100at33208        -            231   4.6e-32  112.7   0.0   1   2   1.8e-15   1.2e-12   49.1   0.0    67   223   234   378   228   385 0.88 -
evm.utg2814.9                       -            807 495100at33208        -            231   4.6e-32  112.7   0.0   2   2   1.1e-18   7.2e-16   59.7   0.0    67   224   507   655   500   659 0.86 -
evm.utg116.207                      -            921 495100at33208        -            231   1.2e-26   94.9   0.0   1   2   2.4e-10   1.6e-07   32.4   0.0    68   228   343   494   335   496 0.83 -
evm.utg116.207                      -            921 495100at33208        -            231   1.2e-26   94.9   0.0   2   2   1.8e-18   1.3e-15   58.9   0.0    69   223   670   813   665   818 0.90 -
evm.utg116.207.1.5c22e8e8           -            925 495100at33208        -            231     2e-24   87.7   0.0   1   2   3.7e-08   2.5e-05   25.2   0.0    68   228   343   498   335   500 0.80 -
evm.utg116.207.1.5c22e8e8           -            925 495100at33208        -            231     2e-24   87.7   0.0   2   2   1.9e-18   1.3e-15   58.9   0.0    69   223   674   817   669   822 0.90 -
evm.utg320.79                       -            595 495100at33208        -            231   6.5e-24   86.0   0.0   1   2   8.2e-16   5.6e-13   50.2   0.0    67   228    90   240    86   243 0.89 -
evm.utg320.79                       -            595 495100at33208        -            231   6.5e-24   86.0   0.0   2   2   9.4e-09   6.4e-06   27.1   0.2    67   216   371   502   363   513 0.81 -
evm.utg2200.33                      -            442 495100at33208        -            231   6.4e-19   69.6   0.0   1   1   1.7e-21   1.1e-18   68.9   0.0    68   222   166   308   163   313 0.88 -
evm.utg1925.42.1.5c22ec76           -            608 495100at33208        -            231   1.9e-18   68.1   0.0   1   3   4.3e-17   2.9e-14   54.4   0.0    50   222   102   274    90   283 0.81 -
evm.utg1925.42.1.5c22ec76           -            608 495100at33208        -            231   1.9e-18   68.1   0.0   2   3      0.32   2.1e+02    2.5   0.0    66    87   402   423   387   433 0.83 -
evm.utg1925.42.1.5c22ec76           -            608 495100at33208        -            231   1.9e-18   68.1   0.0   3   3     0.015        10    6.8   0.1   128   191   449   514   441   538 0.80 -
evm.utg150.49                       -            828 495100at33208        -            231   2.8e-18   67.6   0.0   1   3   2.3e-11   1.5e-08   35.7   0.0    65   225   246   398   239   403 0.84 -
evm.utg150.49                       -            828 495100at33208        -            231   2.8e-18   67.6   0.0   2   3   2.9e-07    0.0002   22.2   0.0    67   183   527   630   512   631 0.88 -
evm.utg150.49                       -            828 495100at33208        -            231   2.8e-18   67.6   0.0   3   3     0.049        33    5.1   0.0   174   222   699   749   696   754 0.86 -
evm.utg1925.42                      -            741 495100at33208        -            231   3.7e-18   67.2   0.0   1   3   6.3e-17   4.2e-14   53.9   0.0    51   222   236   407   223   416 0.81 -
evm.utg1925.42                      -            741 495100at33208        -            231   3.7e-18   67.2   0.0   2   3      0.41   2.7e+02    2.1   0.0    66    87   535   556   521   567 0.83 -
evm.utg1925.42                      -            741 495100at33208        -            231   3.7e-18   67.2   0.0   3   3      0.02        14    6.4   0.1   128   191   582   647   574   671 0.80 -
evm.utg1051.56                      -            608 495100at33208        -            231   1.2e-14   55.7   0.0   1   1     3e-17   2.1e-14   54.9   0.0    63   222   344   494   325   502 0.85 -
evm.utg104.38                       -            389 495100at33208        -            231   1.8e-13   51.8   0.0   1   1   6.4e-16   4.3e-13   50.6   0.0    69   221   143   288   139   296 0.82 -
evm.utg4901.14                      -            585 495100at33208        -            231   6.9e-13   49.9   0.0   1   1   1.9e-15   1.3e-12   49.0   0.0    67   217   345   483   340   495 0.88 -
evm.utg514.4                        -            198 495100at33208        -            231   9.6e-13   49.4   0.0   1   1   2.6e-15   1.8e-12   48.6   0.0    67   173    40   133    38   137 0.85 -
evm.utg1091.25                      -            958 495100at33208        -            231   1.6e-12   48.7   0.0   1   1   4.3e-15   2.9e-12   47.9   0.0    69   226   719   864   716   868 0.89 -
evm.utg10588.2                      -            585 495100at33208        -            231   4.8e-12   47.2   0.0   1   1   1.3e-14   8.8e-12   46.3   0.0    67   217   345   483   340   495 0.88 -
evm.utg56.54                        -            355 495100at33208        -            231   1.7e-11   45.3   0.0   1   1   6.8e-14   4.6e-11   43.9   0.0    62   222   114   262   105   269 0.84 -
evm.utg207.30                       -            399 495100at33208        -            231   2.6e-11   44.7   0.0   1   1   7.4e-14     5e-11   43.8   0.0    67   221   176   321   165   330 0.82 -
evm.utg378.51                       -           1252 495100at33208        -            231   4.8e-11   43.9   0.0   1   2       3.9   2.6e+03   -1.1   0.1    72    90   643   661   635   664 0.87 -
evm.utg378.51                       -           1252 495100at33208        -            231   4.8e-11   43.9   0.0   2   2   4.8e-13   3.3e-10   41.2   0.0    69   223   924  1066   918  1072 0.86 -
evm.utg116.76                       -            321 495100at33208        -            231   7.2e-11   43.3   0.0   1   1   3.4e-13   2.3e-10   41.6   0.0    69   210    81   212    77   232 0.85 -
evm.utg432.37                       -            404 495100at33208        -            231   7.2e-11   43.3   0.0   1   1   2.4e-13   1.6e-10   42.2   0.0    67   221   220   365   210   373 0.80 -
evm.utg4290.18                      -            441 495100at33208        -            231   8.7e-11   43.0   0.0   1   1   2.9e-13   1.9e-10   41.9   0.0    67   221   220   365   210   373 0.80 -
evm.utg378.62.1.5c22efdb            -            371 495100at33208        -            231   1.2e-10   42.6   0.0   1   1   3.3e-13   2.3e-10   41.7   0.0    67   212   197   331   185   351 0.79 -
evm.utg378.62                       -            416 495100at33208        -            231   1.3e-10   42.5   0.0   1   1   4.1e-13   2.8e-10   41.4   0.0    67   212   197   331   185   353 0.79 -
evm.utg910.158                      -           1435 495100at33208        -            231   3.1e-10   41.2   0.0   1   1   1.3e-12   8.9e-10   39.7   0.0    64   220   430   579   407   588 0.82 -
evm.utg6379.12                      -            327 495100at33208        -            231     1e-09   39.5   0.0   1   1   3.1e-12   2.1e-09   38.5   0.0    42   222    79   249    73   257 0.82 -
evm.utg432.37.1.5c22f0ea            -            352 495100at33208        -            231   1.2e-09   39.3   0.0   1   1   3.9e-12   2.7e-09   38.2   0.0    67   200   220   342   210   351 0.84 -
evm.utg1355.19                      -            753 495100at33208        -            231   1.3e-09   39.2   0.0   1   1   3.5e-12   2.4e-09   38.3   0.0    68   222   171   316   160   325 0.82 -
evm.utg6504.21                      -            435 495100at33208        -            231     2e-09   38.6   0.0   1   1   6.2e-12   4.2e-09   37.5   0.0    42   222   187   357   181   365 0.82 -
evm.utg10588.2.1.5c22e83a           -            452 495100at33208        -            231   3.6e-09   37.7   0.0   1   1     1e-11     7e-09   36.8   0.0    67   175   345   439   340   443 0.87 -
evm.utg868.36                       -            429 495100at33208        -            231   1.4e-08   35.8   0.0   1   1   4.7e-11   3.2e-08   34.6   0.0    63   221   206   355   180   363 0.80 -
evm.utg48.34                        -            778 495100at33208        -            231   2.2e-08   35.2   0.9   1   2   1.6e-09   1.1e-06   29.6   0.1    69   228   348   499   342   502 0.78 -
evm.utg48.34                        -            778 495100at33208        -            231   2.2e-08   35.2   0.9   2   2       4.2   2.9e+03   -1.2   0.1   120   147   705   732   701   751 0.79 -
evm.utg239.2.1.5c22ed88             -            742 495100at33208        -            231   2.2e-08   35.2   0.2   1   1   1.7e-09   1.1e-06   29.6   0.2    69   228   342   490   338   493 0.86 -
evm.utg239.2                        -            775 495100at33208        -            231   2.5e-08   35.0   0.2   1   1   1.8e-09   1.2e-06   29.5   0.2    69   228   375   523   371   526 0.86 -
evm.utg6551.12                      -            777 495100at33208        -            231     3e-08   34.8   0.1   1   1   2.2e-09   1.5e-06   29.2   0.1    69   228   377   525   373   528 0.86 -
evm.utg26697.4                      -            897 495100at33208        -            231   3.2e-08   34.7   1.1   1   2     2e-09   1.4e-06   29.3   0.1    69   228   349   500   343   503 0.78 -
evm.utg26697.4                      -            897 495100at33208        -            231   3.2e-08   34.7   1.1   2   2       7.3     5e+03   -2.0   0.1   119   144   705   730   703   737 0.75 -
evm.utg18.29                        -            770 495100at33208        -            231   6.4e-07   30.4   0.0   1   2    0.0052       3.6    8.3   0.0    70    89   315   334   308   351 0.87 -
evm.utg18.29                        -            770 495100at33208        -            231   6.4e-07   30.4   0.0   2   2     2e-06    0.0014   19.5   0.0   138   227   369   464   356   468 0.81 -
evm.utg432.37.2.5c22f0ea            -            307 495100at33208        -            231   2.6e-06   28.4   0.0   1   1   9.5e-09   6.4e-06   27.1   0.0    67   155   220   294   209   297 0.85 -
evm.utg280.56.1.5c22ee40            -            278 495100at33208        -            231   3.9e-06   27.8   0.0   1   1   1.1e-08   7.6e-06   26.9   0.0    68   156   171   245   159   264 0.81 -
evm.utg18855.2                      -            709 495100at33208        -            231   4.5e-06   27.6   0.2   1   2      0.41   2.8e+02    2.1   0.1    69    84   334   349   331   353 0.88 -
evm.utg18855.2                      -            709 495100at33208        -            231   4.5e-06   27.6   0.2   2   2   1.6e-07   0.00011   23.1   0.0   138   228   364   457   351   460 0.87 -
evm.utg378.62.1.5c22efdb.1.5c27943e -            290 495100at33208        -            231   1.5e-05   25.9   0.0   1   1   4.8e-08   3.3e-05   24.8   0.0    67   156   197   272   185   279 0.85 -
evm.utg104.78                       -           2110 495100at33208        -            231   4.3e-05   24.4   0.4   1   5      0.77   5.2e+02    1.2   0.0    69    85    35    51    27    68 0.83 -
evm.utg104.78                       -           2110 495100at33208        -            231   4.3e-05   24.4   0.4   2   5       7.8   5.3e+03   -2.1   0.0    68   113   148   195   140   202 0.78 -
evm.utg104.78                       -           2110 495100at33208        -            231   4.3e-05   24.4   0.4   3   5   0.00079      0.53   11.0   0.0    64    89   385   410   375   426 0.87 -
evm.utg104.78                       -           2110 495100at33208        -            231   4.3e-05   24.4   0.4   4   5      0.03        21    5.8   0.0    61    91   649   679   636   692 0.86 -
evm.utg104.78                       -           2110 495100at33208        -            231   4.3e-05   24.4   0.4   5   5       8.7   5.9e+03   -2.2   0.0    25    52   702   729   688   734 0.89 -
evm.utg579.21                       -            603 495100at33208        -            231   4.3e-05   24.4   0.0   1   2   0.00022      0.15   12.8   0.0    67    89   352   374   336   381 0.87 -
evm.utg579.21                       -            603 495100at33208        -            231   4.3e-05   24.4   0.0   2   2    0.0027       1.8    9.3   0.0   128   213   399   483   390   499 0.80 -
evm.utg104.76                       -           1036 495100at33208        -            231   9.4e-05   23.3   0.1   1   3    0.0032       2.2    9.0   0.0    66    89   124   147    76   177 0.81 -
evm.utg104.76                       -           1036 495100at33208        -            231   9.4e-05   23.3   0.1   2   3     0.016        11    6.7   0.0    60    89   451   480   418   495 0.74 -
evm.utg104.76                       -           1036 495100at33208        -            231   9.4e-05   23.3   0.1   3   3      0.29     2e+02    2.6   0.0    69    89   857   877   814   896 0.80 -
evm.utg2129.58                      -           1016 495100at33208        -            231   0.00015   22.6   0.0   1   1   8.2e-07   0.00055   20.8   0.0    67   209   585   727   574   744 0.72 -
evm.utg101.117                      -            418 495100at33208        -            231    0.0009   20.1   0.0   1   2   0.00047      0.32   11.8   0.0    63    90   219   246   187   257 0.80 -
evm.utg101.117                      -            418 495100at33208        -            231    0.0009   20.1   0.0   2   2     0.029        20    5.9   0.0   168   222   310   366   276   372 0.88 -
evm.utg30988.4                      -            975 495100at33208        -            231    0.0029   18.4   0.0   1   5       7.6   5.2e+03   -2.0   0.0    27    69    18    58     9    64 0.80 -
evm.utg30988.4                      -            975 495100at33208        -            231    0.0029   18.4   0.0   2   5      0.22   1.5e+02    3.0   0.0    64    90   137   163   123   171 0.87 -
evm.utg30988.4                      -            975 495100at33208        -            231    0.0029   18.4   0.0   3   5      0.88     6e+02    1.0   0.0    65    90   354   379   339   386 0.88 -
evm.utg30988.4                      -            975 495100at33208        -            231    0.0029   18.4   0.0   4   5      0.74     5e+02    1.3   0.0    66    90   623   647   608   662 0.88 -
evm.utg30988.4                      -            975 495100at33208        -            231    0.0029   18.4   0.0   5   5     0.031        21    5.8   0.0    65    89   817   841   806   854 0.86 -
evm.utg30988.4.1.5c22eec8           -            975 495100at33208        -            231    0.0029   18.4   0.0   1   5       7.6   5.2e+03   -2.0   0.0    27    69    18    58     9    64 0.80 -
evm.utg30988.4.1.5c22eec8           -            975 495100at33208        -            231    0.0029   18.4   0.0   2   5      0.22   1.5e+02    3.0   0.0    64    90   137   163   123   171 0.87 -
evm.utg30988.4.1.5c22eec8           -            975 495100at33208        -            231    0.0029   18.4   0.0   3   5      0.88     6e+02    1.0   0.0    65    90   354   379   339   386 0.88 -
evm.utg30988.4.1.5c22eec8           -            975 495100at33208        -            231    0.0029   18.4   0.0   4   5      0.74     5e+02    1.3   0.0    66    90   623   647   608   662 0.88 -
evm.utg30988.4.1.5c22eec8           -            975 495100at33208        -            231    0.0029   18.4   0.0   5   5     0.031        21    5.8   0.0    65    89   817   841   806   854 0.86 -
evm.utg1846.80                      -            456 495100at33208        -            231     0.003   18.4   0.1   1   1   8.6e-06    0.0059   17.4   0.1    67    91    64    88    51    92 0.89 -
evm.utg924.52                       -           1339 495100at33208        -            231    0.0036   18.1   0.0   1   1   5.3e-05     0.036   14.8   0.0    69   210   371   508   367   528 0.73 -
evm.utg52.48                        -            850 495100at33208        -            231     0.012   16.4   0.0   1   1    0.0002      0.13   13.0   0.0    69   210   374   515   368   531 0.72 -
evm.utg5390.56                      -            181 495100at33208        -            231      0.02   15.7   0.0   1   1   4.5e-05      0.03   15.1   0.0    62    90    37    67    24    83 0.79 -
evm.utg2247.25                      -            339 495100at33208        -            231     0.026   15.3   0.0   1   1   8.7e-05     0.059   14.1   0.0    62    90    45    75    31    91 0.78 -
evm.utg736.41.2.5c22f3d0            -            255 495100at33208        -            231     0.051   14.4   0.1   1   1   0.00011     0.077   13.8   0.1    50    93    42    85    27    93 0.86 -
evm.utg579.21.1.5c22f254.2.5c27964d -            412 495100at33208        -            231     0.053   14.3   0.0   1   1   0.00014     0.096   13.5   0.0    67    89   352   374   336   381 0.87 -
evm.utg579.21.1.5c22f254            -            451 495100at33208        -            231     0.056   14.2   0.0   1   1   0.00016      0.11   13.3   0.0    67    89   352   374   336   381 0.87 -
evm.utg736.41.1.5c22f3d0            -            295 495100at33208        -            231     0.057   14.2   0.0   1   1   0.00014     0.098   13.4   0.0    50    93    42    85    28    93 0.86 -
evm.utg736.41                       -            338 495100at33208        -            231     0.064   14.0   0.1   1   1   0.00018      0.12   13.1   0.1    50    93    42    85    29    93 0.85 -
evm.utg163.85.1.5c22eb83            -            319 495100at33208        -            231     0.066   14.0   0.0   1   1   0.00022      0.15   12.9   0.0    69    91    26    48    23    65 0.79 -
evm.utg163.85.2.5c22eb84            -            317 495100at33208        -            231     0.069   13.9   0.0   1   1   0.00021      0.14   12.9   0.0    69    91    68    90    65   108 0.79 -
evm.utg163.85                       -            361 495100at33208        -            231     0.078   13.7   0.0   1   1   0.00025      0.17   12.6   0.0    69    91    68    90    65   107 0.79 -
evm.utg798.53                       -           1818 495100at33208        -            231     0.085   13.6   0.1   1   4     0.046        31    5.2   0.0    69    90    35    56    10    72 0.82 -
evm.utg798.53                       -           1818 495100at33208        -            231     0.085   13.6   0.1   2   4       4.1   2.8e+03   -1.1   0.0    70    92   407   429   404   434 0.83 -
evm.utg798.53                       -           1818 495100at33208        -            231     0.085   13.6   0.1   3   4      0.92   6.2e+02    1.0   0.0    70    92   942   964   936   979 0.82 -
evm.utg798.53                       -           1818 495100at33208        -            231     0.085   13.6   0.1   4   4      0.74     5e+02    1.3   0.0    70   110  1327  1368  1321  1375 0.75 -
evm.utg1609.15                      -            220 495100at33208        -            231     0.086   13.6   0.0   1   2   0.00035      0.24   12.2   0.0    66    91     4    29     1    49 0.73 -
evm.utg1609.15                      -            220 495100at33208        -            231     0.086   13.6   0.0   2   2       6.8   4.6e+03   -1.9   0.0   105   119   134   148   115   162 0.61 -
evm.utg7855.23                      -            445 495100at33208        -            231      0.11   13.3   0.0   1   1    0.0003       0.2   12.4   0.0    54    98    17    63     5    74 0.76 -
evm.utg498.172.1.5c22f1aa           -            902 495100at33208        -            231      0.14   12.9   0.0   1   1    0.0004      0.27   12.0   0.0    57    90   358   391   354   402 0.86 -
evm.utg498.172                      -            958 495100at33208        -            231      0.15   12.8   0.0   1   1   0.00043      0.29   11.9   0.0    57    90   358   391   354   402 0.86 -
evm.utg178.53                       -           1337 495100at33208        -            231      0.15   12.8   0.0   1   1   0.00079      0.54   11.0   0.0    67    97   474   504   467   525 0.89 -
evm.utg6422.15                      -            221 495100at33208        -            231      0.19   12.5   0.0   1   1   0.00035      0.24   12.2   0.0    61    95    49    80    21   125 0.75 -
evm.utg7595.30                      -            472 495100at33208        -            231      0.22   12.3   0.0   1   1    0.0006       0.4   11.4   0.0    67    90    70    93    62   146 0.91 -
evm.utg92.103                       -            472 495100at33208        -            231      0.22   12.3   0.0   1   1    0.0006       0.4   11.4   0.0    67    90    70    93    62   146 0.91 -
evm.utg152.18                       -            181 495100at33208        -            231      0.23   12.2   0.0   1   2   0.00082      0.56   10.9   0.0    68    91     3    26     1    41 0.89 -
evm.utg152.18                       -            181 495100at33208        -            231      0.23   12.2   0.0   2   2       9.4   6.4e+03   -2.3   0.0    63    74    84    95    61   102 0.57 -
evm.utg6422.12                      -           1739 495100at33208        -            231      0.29   11.9   0.0   1   1    0.0011      0.74   10.5   0.0    63    89   490   516   475   528 0.82 -
evm.utg1846.72                      -            159 495100at33208        -            231      0.32   11.7   0.0   1   2       8.7   5.9e+03   -2.2   0.0    84   134    29    75    24    78 0.51 -
evm.utg1846.72                      -            159 495100at33208        -            231      0.32   11.7   0.0   2   2     0.001       0.7   10.6   0.0    65    88   127   150   100   156 0.86 -
evm.utg817.21                       -           1683 495100at33208        -            231      0.33   11.7   0.0   1   1    0.0018       1.2    9.9   0.0    64    88   507   531   476   540 0.82 -
evm.utg172.141.2.5c22ebd1           -            716 495100at33208        -            231      0.34   11.7   0.0   1   1    0.0011      0.74   10.5   0.0    64    96   163   195   148   234 0.70 -
evm.utg172.141                      -            717 495100at33208        -            231      0.34   11.7   0.0   1   1    0.0011      0.74   10.5   0.0    64    96   163   195   148   234 0.70 -
evm.utg4194.2                       -           1671 495100at33208        -            231      0.34   11.6   0.0   1   1    0.0014      0.98   10.2   0.0    65   100   442   477   429   484 0.86 -
evm.utg172.141.1.5c22ebd1           -            742 495100at33208        -            231      0.35   11.6   0.0   1   1    0.0011      0.78   10.5   0.0    64    96   163   195   148   234 0.70 -
evm.utg1565.95                      -           4497 495100at33208        -            231      0.36   11.6   0.6   1   1    0.0017       1.1   10.0   0.0    61    91  2475  2505  2464  2517 0.90 -
evm.utg320.87.1.5c22eef5            -            430 495100at33208        -            231      0.44   11.3   0.0   1   1    0.0015         1   10.1   0.0    66    98   383   415   354   423 0.83 -
#
# Program:         hmmsearch
# Version:         3.1b2 (February 2015)
# Pipeline mode:   SEARCH
# Query file:      /uoa/scratch/users/r02hw22/project_dark_genes/busco_downloads/lineages/metazoa_odb10/hmms/495100at33208.hmm
# Target file:     /uoa/scratch/users/r02hw22/project_dark_genes/00_raw/equina_smart.rnam-trna.merged.ggf.curated.remredun.aa.fa
# Option settings: hmmsearch --domtblout /uoa/scratch/users/r02hw22/project_dark_genes/equina_busco_proteins/run_metazoa_odb10/hmmer_output/initial_run_results/495100at33208.out --cpu 1 /uoa/scratch/users/r02hw22/project_dark_genes/busco_downloads/lineages/metazoa_odb10/hmms/495100at33208.hmm /uoa/scratch/users/r02hw22/project_dark_genes/00_raw/equina_smart.rnam-trna.merged.ggf.curated.remredun.aa.fa 
# Current dir:     /uoa/scratch/users/r02hw22/project_dark_genes
# Date:            Sat Apr 25 14:42:23 2026
# [ok]
