#                                                                            --- full sequence --- -------------- this domain -------------   hmm coord   ali coord   env coord
# target name        accession   tlen query name           accession   qlen   E-value  score  bias   #  of  c-Evalue  i-Evalue  score  bias  from    to  from    to  from    to  acc description of target
#------------------- ---------- ----- -------------------- ---------- ----- --------- ------ ----- --- --- --------- --------- ------ ----- ----- ----- ----- ----- ----- ----- ---- ---------------------
evm.utg6123.10       -            341 495605at33208        -            230  1.5e-120  402.3   1.0   1   1    3e-124  2.1e-120  401.8   1.0     1   227    62   292    62   295 0.97 -
evm.utg1708.8        -            341 495605at33208        -            230   2.7e-09   38.3   0.0   1   1   6.2e-13   4.3e-09   37.6   0.0     9   197   134   314   126   338 0.83 -
evm.utg750.14        -            395 495605at33208        -            230   6.6e-09   37.0   0.0   1   1   1.5e-12     1e-08   36.4   0.0     9   197   188   368   180   392 0.83 -
evm.utg104.18        -            244 495605at33208        -            230   2.8e-08   35.0   0.0   1   1   5.1e-12   3.5e-08   34.6   0.0    88   188    57   164    18   191 0.81 -
evm.utg2411.7        -            304 495605at33208        -            230     1e-07   33.1   0.0   1   1   2.3e-11   1.6e-07   32.5   0.0    89   188   118   224    74   250 0.82 -
evm.utg172.62        -            305 495605at33208        -            230     5e-05   24.3   0.1   1   1   1.7e-08   0.00012   23.1   0.1    10   199    99   282    93   303 0.76 -
evm.utg1236.41       -           2503 495605at33208        -            230   0.00045   21.2   0.5   1   2     0.041   2.9e+02    2.2   0.1    24    95    36   108    22   192 0.68 -
evm.utg1236.41       -           2503 495605at33208        -            230   0.00045   21.2   0.5   2   2   1.8e-06     0.012   16.5   0.0   175   222   263   311   255   318 0.72 -
evm.utg505.57        -           2288 495605at33208        -            230    0.0021   19.0   0.6   1   2     0.037   2.6e+02    2.3   0.1    24    95    36   108    22   192 0.68 -
evm.utg505.57        -           2288 495605at33208        -            230    0.0021   19.0   0.6   2   2   1.2e-05     0.086   13.7   0.0   175   223   263   312   255   319 0.72 -
#
# Program:         hmmsearch
# Version:         3.1b2 (February 2015)
# Pipeline mode:   SEARCH
# Query file:      /uoa/scratch/users/r02hw22/project_dark_genes/busco_downloads/lineages/metazoa_odb10/hmms/495605at33208.hmm
# Target file:     /uoa/scratch/users/r02hw22/project_dark_genes/00_raw/equina_smart.rnam-trna.merged.ggf.curated.remredun.aa.fa
# Option settings: hmmsearch --domtblout /uoa/scratch/users/r02hw22/project_dark_genes/equina_busco_proteins/run_metazoa_odb10/hmmer_output/initial_run_results/495605at33208.out --cpu 1 /uoa/scratch/users/r02hw22/project_dark_genes/busco_downloads/lineages/metazoa_odb10/hmms/495605at33208.hmm /uoa/scratch/users/r02hw22/project_dark_genes/00_raw/equina_smart.rnam-trna.merged.ggf.curated.remredun.aa.fa 
# Current dir:     /uoa/scratch/users/r02hw22/project_dark_genes
# Date:            Sat Apr 25 14:42:11 2026
# [ok]
