#                                                                            --- full sequence --- -------------- this domain -------------   hmm coord   ali coord   env coord
# target name        accession   tlen query name           accession   qlen   E-value  score  bias   #  of  c-Evalue  i-Evalue  score  bias  from    to  from    to  from    to  acc description of target
#------------------- ---------- ----- -------------------- ---------- ----- --------- ------ ----- --- --- --------- --------- ------ ----- ----- ----- ----- ----- ----- ----- ---- ---------------------
evm.utg9550.2        -            186 501546at33208        -            146   2.4e-39  136.5   4.2   1   1   1.4e-42     2e-38  133.5   4.2     1   146    15   185    15   185 0.85 -
evm.utg14892.8       -            119 501546at33208        -            146   1.7e-27   98.0   0.1   1   1   1.5e-31     2e-27   97.8   0.1     1    81    15    99    15   107 0.91 -
evm.utg32458.2       -            463 501546at33208        -            146     0.002   19.9   8.1   1   6      0.23   3.1e+03   -0.2   0.0    27    70    42    85    39    86 0.87 -
evm.utg32458.2       -            463 501546at33208        -            146     0.002   19.9   8.1   2   6    0.0039        54    5.6   0.1    27   107    84   168    80   171 0.77 -
evm.utg32458.2       -            463 501546at33208        -            146     0.002   19.9   8.1   3   6   9.8e-05       1.4   10.8   0.1    26   109   167   254   163   267 0.82 -
evm.utg32458.2       -            463 501546at33208        -            146     0.002   19.9   8.1   4   6     0.054   7.5e+02    1.9   0.1    27    68   252   293   249   328 0.84 -
evm.utg32458.2       -            463 501546at33208        -            146     0.002   19.9   8.1   5   6      0.12   1.6e+03    0.8   0.1    27    71   336   380   333   410 0.80 -
evm.utg32458.2       -            463 501546at33208        -            146     0.002   19.9   8.1   6   6     0.043   5.9e+02    2.2   0.1    27    71   378   422   375   458 0.81 -
evm.utg30804.5       -            306 501546at33208        -            146      0.24   13.2   0.0   1   1   3.4e-05      0.47   12.2   0.0    56    84   114   142   111   173 0.81 -
#
# Program:         hmmsearch
# Version:         3.1b2 (February 2015)
# Pipeline mode:   SEARCH
# Query file:      /uoa/scratch/users/r02hw22/project_dark_genes/busco_downloads/lineages/metazoa_odb10/hmms/501546at33208.hmm
# Target file:     /uoa/scratch/users/r02hw22/project_dark_genes/00_raw/equina_smart.rnam-trna.merged.ggf.curated.remredun.aa.fa
# Option settings: hmmsearch --domtblout /uoa/scratch/users/r02hw22/project_dark_genes/equina_busco_proteins/run_metazoa_odb10/hmmer_output/initial_run_results/501546at33208.out --cpu 1 /uoa/scratch/users/r02hw22/project_dark_genes/busco_downloads/lineages/metazoa_odb10/hmms/501546at33208.hmm /uoa/scratch/users/r02hw22/project_dark_genes/00_raw/equina_smart.rnam-trna.merged.ggf.curated.remredun.aa.fa 
# Current dir:     /uoa/scratch/users/r02hw22/project_dark_genes
# Date:            Sat Apr 25 14:42:27 2026
# [ok]
