#                                                                            --- full sequence --- -------------- this domain -------------   hmm coord   ali coord   env coord
# target name        accession   tlen query name           accession   qlen   E-value  score  bias   #  of  c-Evalue  i-Evalue  score  bias  from    to  from    to  from    to  acc description of target
#------------------- ---------- ----- -------------------- ---------- ----- --------- ------ ----- --- --- --------- --------- ------ ----- ----- ----- ----- ----- ----- ----- ---- ---------------------
evm.utg5950.12       -            362 504207at33208        -            310  5.9e-125  418.1   0.3   1   2  2.2e-125  2.5e-121  406.2   0.1     1   293     6   321     6   328 0.91 -
evm.utg5950.12       -            362 504207at33208        -            310  5.9e-125  418.1   0.3   2   2    0.0028        31    5.2   0.0   294   310   342   358   339   358 0.92 -
evm.utg3201.58       -            339 504207at33208        -            310   8.4e-24   85.9   0.3   1   1   2.9e-27   3.3e-23   83.9   0.3     5   281    19   325    15   336 0.82 -
evm.utg172.102       -           1362 504207at33208        -            310   1.4e-21   78.6   0.2   1   1   3.9e-25   4.3e-21   77.0   0.2     5   284    19   328    15   353 0.80 -
evm.utg1277.26       -            429 504207at33208        -            310     2e-19   71.5   0.1   1   1   6.5e-23   7.2e-19   69.7   0.1     7   264    78   370    73   422 0.77 -
evm.utg40512.13      -           2261 504207at33208        -            310   4.2e-17   63.9   0.0   1   2   1.5e-20   1.7e-16   61.9   0.0     7   263   618   909   613   925 0.76 -
evm.utg40512.13      -           2261 504207at33208        -            310   4.2e-17   63.9   0.0   2   2       1.1   1.2e+04   -3.3   0.0   156   186  1431  1461  1420  1467 0.84 -
#
# Program:         hmmsearch
# Version:         3.1b2 (February 2015)
# Pipeline mode:   SEARCH
# Query file:      /uoa/scratch/users/r02hw22/project_dark_genes/busco_downloads/lineages/metazoa_odb10/hmms/504207at33208.hmm
# Target file:     /uoa/scratch/users/r02hw22/project_dark_genes/00_raw/equina_smart.rnam-trna.merged.ggf.curated.remredun.aa.fa
# Option settings: hmmsearch --domtblout /uoa/scratch/users/r02hw22/project_dark_genes/equina_busco_proteins/run_metazoa_odb10/hmmer_output/initial_run_results/504207at33208.out --cpu 1 /uoa/scratch/users/r02hw22/project_dark_genes/busco_downloads/lineages/metazoa_odb10/hmms/504207at33208.hmm /uoa/scratch/users/r02hw22/project_dark_genes/00_raw/equina_smart.rnam-trna.merged.ggf.curated.remredun.aa.fa 
# Current dir:     /uoa/scratch/users/r02hw22/project_dark_genes
# Date:            Sat Apr 25 14:42:34 2026
# [ok]
