#                                                                                   --- full sequence --- -------------- this domain -------------   hmm coord   ali coord   env coord
# target name               accession   tlen query name           accession   qlen   E-value  score  bias   #  of  c-Evalue  i-Evalue  score  bias  from    to  from    to  from    to  acc description of target
#       ------------------- ---------- ----- -------------------- ---------- ----- --------- ------ ----- --- --- --------- --------- ------ ----- ----- ----- ----- ----- ----- ----- ---- ---------------------
evm.utg356.58               -            179 504691at33208        -            130     6e-49  166.6   0.5   1   1   1.2e-50   1.7e-46  158.7   0.5     1   130    19   173    19   173 0.84 -
evm.utg64657.3              -            493 504691at33208        -            130       1.4   10.2   3.4   1   2      0.49   6.8e+03   -1.7   0.1    68    88   239   259   223   270 0.67 -
evm.utg64657.3              -            493 504691at33208        -            130       1.4   10.2   3.4   2   2   7.8e-05       1.1   10.5   0.7    53    89   430   466   425   478 0.78 -
evm.utg432.81.82.3.5c279522 -           1874 504691at33208        -            130       4.1    8.7   8.0   1   2   0.00086        12    7.2   1.0    53    87    95   131    90   143 0.77 -
evm.utg432.81.82.3.5c279522 -           1874 504691at33208        -            130       4.1    8.7   8.0   2   2    0.0061        84    4.4   1.0    54    82   247   275   243   294 0.78 -
evm.utg432.81.82            -           1969 504691at33208        -            130       4.6    8.5   8.0   1   2   0.00091        13    7.1   1.0    53    87   190   226   185   238 0.77 -
evm.utg432.81.82            -           1969 504691at33208        -            130       4.6    8.5   8.0   2   2    0.0064        89    4.3   1.0    54    82   342   370   338   389 0.78 -
#
# Program:         hmmsearch
# Version:         3.1b2 (February 2015)
# Pipeline mode:   SEARCH
# Query file:      /uoa/scratch/users/r02hw22/project_dark_genes/busco_downloads/lineages/metazoa_odb10/hmms/504691at33208.hmm
# Target file:     /uoa/scratch/users/r02hw22/project_dark_genes/00_raw/equina_smart.rnam-trna.merged.ggf.curated.remredun.aa.fa
# Option settings: hmmsearch --domtblout /uoa/scratch/users/r02hw22/project_dark_genes/equina_busco_proteins/run_metazoa_odb10/hmmer_output/initial_run_results/504691at33208.out --cpu 1 /uoa/scratch/users/r02hw22/project_dark_genes/busco_downloads/lineages/metazoa_odb10/hmms/504691at33208.hmm /uoa/scratch/users/r02hw22/project_dark_genes/00_raw/equina_smart.rnam-trna.merged.ggf.curated.remredun.aa.fa 
# Current dir:     /uoa/scratch/users/r02hw22/project_dark_genes
# Date:            Sat Apr 25 14:42:42 2026
# [ok]
