#                                                                            --- full sequence --- -------------- this domain -------------   hmm coord   ali coord   env coord
# target name        accession   tlen query name           accession   qlen   E-value  score  bias   #  of  c-Evalue  i-Evalue  score  bias  from    to  from    to  from    to  acc description of target
#------------------- ---------- ----- -------------------- ---------- ----- --------- ------ ----- --- --- --------- --------- ------ ----- ----- ----- ----- ----- ----- ----- ---- ---------------------
evm.utg1398.4        -            275 504912at33208        -            134   1.6e-23   84.7   8.9   1   3   1.5e-06     0.021   16.4   1.6     1    48    70   131    70   147 0.83 -
evm.utg1398.4        -            275 504912at33208        -            134   1.6e-23   84.7   8.9   2   3    0.0041        56    5.3   0.0    43    63   147   167   143   179 0.80 -
evm.utg1398.4        -            275 504912at33208        -            134   1.6e-23   84.7   8.9   3   3     1e-21   1.4e-17   65.5   1.2    74   133   208   267   189   268 0.90 -
evm.utg12986.42      -            229 504912at33208        -            134   1.6e-05   26.5   1.0   1   2   7.1e-07    0.0099   17.5   1.1     1    48    70   131    70   146 0.84 -
evm.utg12986.42      -            229 504912at33208        -            134   1.6e-05   26.5   1.0   2   2    0.0021        29    6.3   0.0    43    62   147   166   140   178 0.86 -
evm.utg2017.47       -            822 504912at33208        -            134      0.25   12.9   0.0   1   1   5.6e-05      0.77   11.3   0.0    75   107   785   817   762   819 0.85 -
evm.utg190.37        -            446 504912at33208        -            134      0.32   12.6   2.4   1   1     6e-05      0.83   11.2   2.4     6    63    28    85    21    98 0.90 -
#
# Program:         hmmsearch
# Version:         3.1b2 (February 2015)
# Pipeline mode:   SEARCH
# Query file:      /uoa/scratch/users/r02hw22/project_dark_genes/busco_downloads/lineages/metazoa_odb10/hmms/504912at33208.hmm
# Target file:     /uoa/scratch/users/r02hw22/project_dark_genes/00_raw/equina_smart.rnam-trna.merged.ggf.curated.remredun.aa.fa
# Option settings: hmmsearch --domtblout /uoa/scratch/users/r02hw22/project_dark_genes/equina_busco_proteins/run_metazoa_odb10/hmmer_output/initial_run_results/504912at33208.out --cpu 1 /uoa/scratch/users/r02hw22/project_dark_genes/busco_downloads/lineages/metazoa_odb10/hmms/504912at33208.hmm /uoa/scratch/users/r02hw22/project_dark_genes/00_raw/equina_smart.rnam-trna.merged.ggf.curated.remredun.aa.fa 
# Current dir:     /uoa/scratch/users/r02hw22/project_dark_genes
# Date:            Sat Apr 25 14:42:17 2026
# [ok]
