#                                                                                           --- full sequence --- -------------- this domain -------------   hmm coord   ali coord   env coord
# target name                       accession   tlen query name           accession   qlen   E-value  score  bias   #  of  c-Evalue  i-Evalue  score  bias  from    to  from    to  from    to  acc description of target
#               ------------------- ---------- ----- -------------------- ---------- ----- --------- ------ ----- --- --- --------- --------- ------ ----- ----- ----- ----- ----- ----- ----- ---- ---------------------
evm.utg1396.9                       -            202 505248at33208        -            170   2.7e-69  233.8   0.0   1   1     1e-70   2.6e-68  230.6   0.0     1   170     1   190     1   190 0.89 -
evm.utg2298.34                      -            202 505248at33208        -            170   2.7e-69  233.8   0.0   1   1     1e-70   2.6e-68  230.6   0.0     1   170     1   190     1   190 0.89 -
evm.utg2298.34.1.5c22ed5b           -            144 505248at33208        -            170   5.3e-37  128.7   0.0   1   1   2.5e-38   6.5e-36  125.2   0.0    59   170     1   132     1   132 0.83 -
evm.utg1663.37                      -            182 505248at33208        -            170   1.1e-31  111.4   0.3   1   1   3.9e-33     1e-30  108.3   0.3     3   168     3   178     1   180 0.81 -
evm.utg415.120                      -            185 505248at33208        -            170   1.6e-30  107.7   0.9   1   1   6.8e-32   1.8e-29  104.2   0.9     5   169     5   179     1   180 0.80 -
evm.utg431.43                       -            182 505248at33208        -            170   2.7e-30  106.9   2.0   1   1   4.5e-32   1.2e-29  104.8   2.0     8   169     7   180     1   181 0.79 -
evm.utg6894.6                       -            182 505248at33208        -            170   2.7e-30  106.9   2.0   1   1   4.5e-32   1.2e-29  104.8   2.0     8   169     7   180     1   181 0.79 -
evm.utg1696.10                      -            182 505248at33208        -            170   2.9e-30  106.8   1.7   1   1   2.2e-31   5.6e-29  102.6   1.7     5   168     5   178     1   180 0.81 -
evm.utg4576.45                      -            179 505248at33208        -            170   3.3e-30  106.6   1.8   1   1   2.5e-31   6.4e-29  102.4   1.8     6   166     6   175     1   178 0.77 -
evm.utg1663.8                       -            179 505248at33208        -            170   4.5e-30  106.2   2.0   1   1   3.4e-31   8.8e-29  102.0   2.0     8   166     8   175     1   178 0.77 -
evm.utg1354.3                       -            218 505248at33208        -            170   6.2e-30  105.7   1.6   1   1   3.9e-31     1e-28  101.8   1.6     5   168    41   214    37   216 0.81 -
evm.utg18036.3                      -            180 505248at33208        -            170   6.2e-30  105.7   0.3   1   1   1.9e-31     5e-29  102.8   0.3     5   166     5   176     1   179 0.80 -
evm.utg861.115                      -            176 505248at33208        -            170   2.1e-29  104.0   0.3   1   1     6e-31   1.5e-28  101.2   0.3    14   167     4   167     1   170 0.80 -
evm.utg4576.45.1.5c22f123           -            163 505248at33208        -            170   5.8e-29  102.6   1.3   1   1     4e-31     1e-28  101.8   1.3     6   159     6   155     1   162 0.84 -
evm.utg5815.6                       -            176 505248at33208        -            170   2.9e-28  100.3   0.2   1   1     6e-30   1.5e-27   97.9   0.2    12   165     8   171     2   174 0.79 -
evm.utg858.15                       -            176 505248at33208        -            170   2.9e-28  100.3   0.2   1   1     6e-30   1.5e-27   97.9   0.2    12   165     8   171     2   174 0.79 -
evm.utg858.14.1.5c22f48f            -            176 505248at33208        -            170   6.5e-28   99.1   0.4   1   1   1.7e-29   4.5e-27   96.4   0.4    12   166     8   172     3   175 0.79 -
evm.utg1919.113                     -            205 505248at33208        -            170   9.3e-28   98.6   0.3   1   1   2.7e-29   7.1e-27   95.8   0.3    15   167    35   196    27   199 0.80 -
evm.utg858.14                       -            208 505248at33208        -            170   1.2e-27   98.2   0.5   1   1   2.9e-29   7.5e-27   95.7   0.5    12   166    40   204    33   207 0.79 -
evm.utg2205.5                       -            163 505248at33208        -            170   1.4e-27   98.1   0.4   1   1     5e-29   1.3e-26   94.9   0.4    20   166     3   159     1   162 0.78 -
evm.utg1087.5                       -            193 505248at33208        -            170     2e-27   97.5   0.1   1   1   5.3e-29   1.4e-26   94.8   0.1    18   168    20   181     4   183 0.77 -
evm.utg5815.6.1.5c22f25b            -            142 505248at33208        -            170   4.5e-26   93.1   0.3   1   1   3.2e-28   8.2e-26   92.3   0.3    11   136     7   128     1   134 0.87 -
evm.utg116.291                      -            189 505248at33208        -            170   9.3e-26   92.1   0.1   1   1   6.3e-28   1.6e-25   91.3   0.1    16   138    16   135     3   180 0.86 -
evm.utg734.39                       -            188 505248at33208        -            170   4.1e-25   90.0   0.6   1   1     1e-26   2.6e-24   87.4   0.6    13   168    13   182     2   184 0.81 -
evm.utg1555.22                      -            188 505248at33208        -            170   6.2e-25   89.5   0.6   1   1   1.8e-26   4.8e-24   86.6   0.6    13   168    13   182     2   184 0.80 -
evm.utg3019.15                      -            186 505248at33208        -            170   6.6e-25   89.4   0.1   1   1   6.7e-27   1.7e-24   88.0   0.1     5   139     8   139     4   184 0.79 -
evm.utg1363.53                      -            215 505248at33208        -            170   5.2e-24   86.5   0.0   1   1   1.2e-25   3.2e-23   83.9   0.0    14   139    18   140    12   186 0.74 -
evm.utg3201.27                      -            321 505248at33208        -            170   6.7e-24   86.1   0.1   1   1     2e-25   5.1e-23   83.2   0.1    16   144   152   278   147   317 0.74 -
evm.utg172.133                      -            563 505248at33208        -            170   4.5e-23   83.4   0.1   1   1   8.1e-25   2.1e-22   81.2   0.1    16   143   394   519   389   559 0.74 -
evm.utg858.15.1.5c22f48e            -            158 505248at33208        -            170   9.7e-23   82.3   0.0   1   1   1.4e-24   3.6e-22   80.5   0.0    52   165    20   153    11   156 0.78 -
evm.utg126.55                       -            449 505248at33208        -            170   1.4e-22   81.7   0.1   1   1   1.4e-24   3.7e-22   80.4   0.0     1   138     1   138     1   153 0.88 -
evm.utg1455.9                       -            166 505248at33208        -            170   3.8e-22   80.4   0.0   1   1   4.4e-24   1.1e-21   78.8   0.0    22   139     5   119     2   164 0.77 -
evm.utg734.39.1.5c22f3c7            -            148 505248at33208        -            170   4.3e-21   77.0   0.1   1   1   2.2e-23   5.7e-21   76.6   0.1    13   141    13   141     2   145 0.86 -
evm.utg14876.3                      -            193 505248at33208        -            170   1.7e-20   75.0   0.0   1   2   8.1e-22   2.1e-19   71.5   0.0    18   137    21   136     4   151 0.85 -
evm.utg14876.3                      -            193 505248at33208        -            170   1.7e-20   75.0   0.0   2   2       2.9   7.4e+02    1.3   0.0   146   166   171   191   162   192 0.87 -
evm.utg320.116                      -            208 505248at33208        -            170   2.3e-20   74.6   0.0   1   2   9.4e-22   2.4e-19   71.2   0.0    17   137    35   151    18   165 0.84 -
evm.utg320.116                      -            208 505248at33208        -            170   2.3e-20   74.6   0.0   2   2       3.2   8.2e+02    1.2   0.0   146   166   186   206   177   207 0.87 -
evm.utg1663.8.1.5c22eba0            -            137 505248at33208        -            170   8.5e-20   72.7   0.6   1   1   6.9e-22   1.8e-19   71.7   0.6     8   119     8   114     1   119 0.83 -
evm.utg2100.20                      -            232 505248at33208        -            170   3.5e-17   64.2   0.0   1   1   2.1e-19   5.3e-17   63.6   0.0    18   141    62   184    58   211 0.82 -
evm.utg479.166                      -            213 505248at33208        -            170   1.1e-16   62.6   0.0   1   1   9.4e-19   2.4e-16   61.5   0.0    17   140    37   157    32   178 0.83 -
evm.utg1781.8                       -            170 505248at33208        -            170   1.1e-15   59.3   0.0   1   1   1.1e-17   2.8e-15   58.0   0.0    17   135    37   152    32   166 0.82 -
evm.utg418.60                       -            218 505248at33208        -            170   3.3e-12   48.0   0.2   1   1   3.6e-14   9.3e-12   46.6   0.2    14   160     6   163     2   173 0.79 -
evm.utg2099.35                      -            218 505248at33208        -            170   4.3e-12   47.7   0.2   1   1   4.7e-14   1.2e-11   46.2   0.2    14   160     6   163     2   173 0.79 -
evm.utg172.25                       -            191 505248at33208        -            170   6.9e-11   43.7   0.0   1   1   2.4e-12   6.2e-10   40.6   0.0    17   141     3   137     1   181 0.71 -
evm.utg791.11                       -            211 505248at33208        -            170     1e-10   43.2   0.2   1   1   5.5e-13   1.4e-10   42.7   0.2    18   151    15   148    12   176 0.86 -
evm.utg498.29                       -            359 505248at33208        -            170     3e-10   41.7   0.3   1   2   0.00022     0.056   14.7   0.0    17    62    36    81    29   104 0.90 -
evm.utg498.29                       -            359 505248at33208        -            170     3e-10   41.7   0.3   2   2   5.7e-07   0.00015   23.1   0.1    67   135   199   278   184   297 0.82 -
evm.utg791.13.1.5c22f448            -            165 505248at33208        -            170     4e-10   41.3   0.2   1   1   1.9e-12   4.9e-10   41.0   0.2    20   148    11   139     3   155 0.78 -
evm.utg2129.99                      -            214 505248at33208        -            170   4.9e-10   41.0   0.2   1   1   2.3e-12   5.9e-10   40.7   0.2    18   139    15   136     1   155 0.80 -
evm.utg590.16                       -            211 505248at33208        -            170   5.2e-10   40.9   0.1   1   1   2.8e-12   7.4e-10   40.4   0.1    18   150    15   147    11   177 0.83 -
evm.utg590.18                       -            208 505248at33208        -            170   7.6e-10   40.3   0.2   1   1     4e-12     1e-09   39.9   0.2    20   148    11   139     3   154 0.78 -
evm.utg791.13                       -            208 505248at33208        -            170   7.6e-10   40.3   0.2   1   1     4e-12     1e-09   39.9   0.2    20   148    11   139     3   154 0.78 -
evm.utg577.36.2.5c22f24a            -            172 505248at33208        -            170   7.6e-10   40.3   1.1   1   1     4e-12     1e-09   39.9   1.1    18   148     9   139     2   149 0.79 -
evm.utg577.36.1.5c22f249            -            168 505248at33208        -            170   8.6e-10   40.2   1.0   1   1   4.2e-12   1.1e-09   39.8   1.0    18   145     9   136     2   159 0.79 -
evm.utg622.28                       -            169 505248at33208        -            170   9.2e-10   40.1   0.1   1   1   4.9e-12   1.3e-09   39.6   0.1    60   144    66   150    22   163 0.75 -
evm.utg577.36                       -            196 505248at33208        -            170     1e-09   39.9   1.0   1   1   5.5e-12   1.4e-09   39.5   1.0    18   145     9   136     2   171 0.78 -
evm.utg116.364                      -            203 505248at33208        -            170   1.2e-09   39.7   0.5   1   1   8.8e-12   2.3e-09   38.8   0.5    20   137    11   128     4   143 0.78 -
evm.utg1102.20                      -            200 505248at33208        -            170   1.3e-09   39.5   0.9   1   1   1.7e-11   4.5e-09   37.8   0.4    21   149    13   141     4   156 0.74 -
evm.utg293.34                       -            211 505248at33208        -            170   1.4e-09   39.5   0.0   1   1   7.6e-12     2e-09   39.0   0.0    22   142    13   133     2   153 0.78 -
evm.utg2487.39                      -            215 505248at33208        -            170   1.8e-09   39.1   0.2   1   1   9.6e-12   2.5e-09   38.7   0.2    18   138     8   128     3   150 0.86 -
evm.utg52.70                        -            208 505248at33208        -            170   1.9e-09   39.0   1.0   1   1   2.3e-11     6e-09   37.4   1.0    15   167    13   177     9   180 0.73 -
evm.utg219.31                       -            215 505248at33208        -            170     2e-09   39.0   0.1   1   1   1.1e-11   2.9e-09   38.5   0.1    60   143    66   149    22   172 0.77 -
evm.utg77.183                       -            452 505248at33208        -            170     2e-09   39.0   0.8   1   1   1.4e-11   3.7e-09   38.1   0.1    20   139    12   130     6   142 0.86 -
evm.utg2099.3                       -            223 505248at33208        -            170   2.4e-09   38.7   0.1   1   1   1.4e-11   3.5e-09   38.2   0.1    20   137    27   143    17   150 0.78 -
evm.utg418.23                       -            223 505248at33208        -            170   2.4e-09   38.7   0.1   1   1   1.4e-11   3.7e-09   38.1   0.1    20   137    27   143    18   150 0.78 -
evm.utg1455.19                      -            206 505248at33208        -            170   4.2e-09   37.9   0.0   1   1   2.4e-11   6.3e-09   37.4   0.0    19   139    10   134     3   148 0.78 -
evm.utg1455.19.1.5c22ead6           -            206 505248at33208        -            170   4.2e-09   37.9   0.0   1   1   2.4e-11   6.3e-09   37.4   0.0    19   139    10   134     3   148 0.78 -
evm.utg924.73                       -            206 505248at33208        -            170   6.1e-09   37.4   0.9   1   1   6.4e-11   1.6e-08   36.0   0.9    15   167    13   177     9   180 0.75 -
evm.utg401.40                       -            210 505248at33208        -            170   1.1e-08   36.5   0.1   1   1   5.9e-11   1.5e-08   36.1   0.1    18   136     6   128     2   173 0.83 -
evm.utg7090.4                       -            211 505248at33208        -            170   1.2e-08   36.5   0.1   1   1     6e-11   1.6e-08   36.1   0.1    56   148    51   144     8   155 0.80 -
evm.utg514.15                       -            227 505248at33208        -            170   1.4e-08   36.2   0.0   1   1   7.6e-11     2e-08   35.7   0.0    17   145    13   141     9   152 0.80 -
evm.utg16050.14                     -            228 505248at33208        -            170   1.4e-08   36.2   0.0   1   1   7.7e-11     2e-08   35.7   0.0    17   145    13   141     9   152 0.80 -
evm.utg9409.25                      -            222 505248at33208        -            170   1.4e-08   36.2   0.6   1   1   7.7e-11     2e-08   35.7   0.6    18   147    22   151    15   174 0.86 -
evm.utg2817.16                      -            222 505248at33208        -            170     2e-08   35.7   0.5   1   1   1.1e-10   2.7e-08   35.3   0.5    18   145    22   149    15   175 0.86 -
evm.utg77.24.1.5c22f415             -            166 505248at33208        -            170   2.1e-08   35.6   0.2   1   1     1e-10   2.7e-08   35.3   0.2    18   142     9   131     3   150 0.71 -
evm.utg7289.46                      -            218 505248at33208        -            170   2.4e-08   35.5   0.0   1   1   1.3e-10   3.3e-08   35.0   0.0    18   137    11   129     7   168 0.86 -
evm.utg1272.71                      -            252 505248at33208        -            170   2.7e-08   35.3   0.1   1   1   1.4e-10   3.7e-08   34.9   0.1    18   137    45   168    28   186 0.80 -
evm.utg190.61                       -            253 505248at33208        -            170   3.3e-08   35.0   0.3   1   1   2.4e-10   6.1e-08   34.1   0.3    18   145    38   167    31   202 0.75 -
evm.utg77.24                        -            202 505248at33208        -            170   3.4e-08   35.0   0.4   1   1   2.2e-10   5.7e-08   34.2   0.3    18   140     9   130     3   145 0.70 -
evm.utg181.23                       -            217 505248at33208        -            170   3.9e-08   34.8   0.2   1   1   1.8e-10   4.6e-08   34.5   0.2    18   142     8   134     1   161 0.90 -
evm.utg293.34.1.5c27930f            -            174 505248at33208        -            170     4e-08   34.7   0.0   1   1   2.4e-10   6.1e-08   34.1   0.0    63   142    17    96     9   117 0.90 -
evm.utg7855.19                      -            342 505248at33208        -            170   4.4e-08   34.6   0.5   1   2       2.3   5.9e+02    1.6   0.0    16    39    36    59    30    91 0.75 -
evm.utg7855.19                      -            342 505248at33208        -            170   4.4e-08   34.6   0.5   2   2   5.3e-09   1.4e-06   29.7   0.1    65   136   199   281   159   291 0.86 -
evm.utg146.12                       -            183 505248at33208        -            170   4.7e-08   34.5   0.1   1   1   2.5e-10   6.3e-08   34.1   0.1    18   136    12   135     5   160 0.78 -
evm.utg86.26.1.5c22f496             -            180 505248at33208        -            170   4.8e-08   34.5   0.4   1   1   2.4e-10   6.3e-08   34.1   0.4    18   143    12   137     9   163 0.82 -
evm.utg1205.30                      -            209 505248at33208        -            170   5.4e-08   34.3   0.3   1   1   2.8e-10   7.2e-08   33.9   0.3    19   139    15   135     9   163 0.81 -
evm.utg10541.3                      -            215 505248at33208        -            170   5.9e-08   34.2   0.1   1   1   2.9e-10   7.4e-08   33.9   0.1    20   141    19   140     9   174 0.75 -
evm.utg1091.51.1.5c22e87b           -            167 505248at33208        -            170   5.9e-08   34.2   0.1   1   1     3e-10   7.8e-08   33.8   0.1    21   145    17   146    11   160 0.76 -
evm.utg62.131                       -            204 505248at33208        -            170     6e-08   34.2   0.2   1   1   3.2e-10   8.2e-08   33.7   0.2    23   142    27   146    17   185 0.79 -
evm.utg86.26                        -            211 505248at33208        -            170   7.2e-08   33.9   0.6   1   1   4.5e-10   1.2e-07   33.2   0.4    18   142    12   136     9   148 0.81 -
evm.utg405.37                       -            217 505248at33208        -            170   1.1e-07   33.2   0.1   1   1   5.6e-10   1.4e-07   32.9   0.1    17   138    20   141    15   168 0.85 -
evm.utg293.53                       -            195 505248at33208        -            170   1.2e-07   33.2   0.1   1   1   6.4e-10   1.7e-07   32.7   0.1    62   148    42   129    12   140 0.85 -
evm.utg1031.29.1.5c22e7e9           -            201 505248at33208        -            170   1.3e-07   33.1   0.3   1   1   8.1e-10   2.1e-07   32.4   0.3    55   152    46   143     3   170 0.77 -
evm.utg1091.51                      -            226 505248at33208        -            170   1.3e-07   33.1   0.1   1   1   7.7e-10     2e-07   32.5   0.1    21   145    17   146    11   159 0.75 -
evm.utg1031.29                      -            203 505248at33208        -            170   1.4e-07   33.0   0.3   1   1   8.4e-10   2.2e-07   32.3   0.3    55   152    46   143     3   169 0.77 -
evm.utg116.293.1.5c22e925           -            186 505248at33208        -            170   2.2e-07   32.3   0.0   1   1   1.3e-09   3.3e-07   31.7   0.0    19   139    10   130     4   171 0.78 -
evm.utg116.293.3.5c22e926           -            153 505248at33208        -            170   2.3e-07   32.2   0.0   1   1   1.1e-09   2.9e-07   31.9   0.0    19   137    10   128     3   144 0.81 -
evm.utg2017.41                      -            205 505248at33208        -            170     3e-07   31.9   0.2   1   1   1.6e-09   4.1e-07   31.4   0.2    23   142    28   147    18   186 0.78 -
evm.utg62.18                        -            221 505248at33208        -            170   3.6e-07   31.6   0.3   1   1   1.9e-09     5e-07   31.2   0.3    18   144    13   139     5   175 0.84 -
evm.utg180.70                       -            221 505248at33208        -            170   3.6e-07   31.6   0.3   1   1   1.9e-09     5e-07   31.2   0.3    18   144    13   139     5   175 0.83 -
evm.utg116.293                      -            218 505248at33208        -            170   3.8e-07   31.6   0.0   1   1   2.2e-09   5.8e-07   31.0   0.0    19   138    10   129     4   169 0.78 -
evm.utg194.90                       -            210 505248at33208        -            170   3.8e-07   31.6   0.1   1   1   1.9e-09   4.8e-07   31.2   0.1    18   135    13   131     7   173 0.80 -
evm.utg2757.24                      -            263 505248at33208        -            170   4.1e-07   31.5   0.0   1   1   2.2e-09   5.8e-07   31.0   0.0    22   136    54   169    49   198 0.80 -
evm.utg5815.4                       -            855 505248at33208        -            170   4.1e-07   31.5   0.0   1   1   4.8e-09   1.2e-06   29.9   0.0    25   155   661   789   644   804 0.76 -
evm.utg5815.4.1.5c22f25d            -            856 505248at33208        -            170   4.1e-07   31.4   0.0   1   1   4.8e-09   1.2e-06   29.9   0.0    25   155   662   790   645   805 0.76 -
evm.utg7.14                         -            215 505248at33208        -            170   4.2e-07   31.4   0.1   1   1     2e-09   5.3e-07   31.1   0.1    20   143    19   142     9   175 0.75 -
evm.utg4455.77                      -            519 505248at33208        -            170   4.4e-07   31.3   0.1   1   1   4.5e-09   1.2e-06   30.0   0.0    18   137   323   442   318   458 0.84 -
evm.utg157399.1                     -            247 505248at33208        -            170   4.5e-07   31.3   0.0   1   1   3.3e-09   8.7e-07   30.4   0.0    16   141    25   152    21   163 0.71 -
evm.utg116.293.2.5c22e926           -            237 505248at33208        -            170   4.9e-07   31.2   0.0   1   1   2.8e-09   7.2e-07   30.7   0.0    19   138    29   148    22   189 0.78 -
evm.utg858.17                       -            858 505248at33208        -            170   5.2e-07   31.1   0.0   1   1   6.1e-09   1.6e-06   29.5   0.0    24   155   663   792   647   807 0.76 -
evm.utg5815.4.3.5c22f25d            -            860 505248at33208        -            170   5.7e-07   31.0   0.0   1   1   4.8e-09   1.2e-06   29.9   0.0    25   155   666   794   649   809 0.76 -
evm.utg1995.17                      -            365 505248at33208        -            170   6.3e-07   30.8   0.3   1   2    0.0043       1.1   10.5   0.0    14    55    37    78    34   105 0.79 -
evm.utg1995.17                      -            365 505248at33208        -            170   6.3e-07   30.8   0.3   2   2     2e-05    0.0052   18.1   0.1    52   135   192   286   133   304 0.81 -
evm.utg190.26                       -            219 505248at33208        -            170   7.7e-07   30.6   0.1   1   1   4.3e-09   1.1e-06   30.0   0.1    18   140    12   134     3   154 0.84 -
evm.utg21766.33.2.5c22ed22          -            353 505248at33208        -            170   1.1e-06   30.0   0.4   1   3   1.6e-07   4.2e-05   24.9   0.0    17   115    19   119    14   139 0.77 -
evm.utg21766.33.2.5c22ed22          -            353 505248at33208        -            170   1.1e-06   30.0   0.4   2   3       5.1   1.3e+03    0.5   0.0   118   141   147   170   126   181 0.76 -
evm.utg21766.33.2.5c22ed22          -            353 505248at33208        -            170   1.1e-06   30.0   0.4   3   3       4.7   1.2e+03    0.6   0.0    63   129   197   263   179   293 0.70 -
evm.utg370.22                       -            382 505248at33208        -            170   1.3e-06   29.9   0.8   1   2   2.7e-07     7e-05   24.2   0.0    17   115    19   119    14   139 0.81 -
evm.utg370.22                       -            382 505248at33208        -            170   1.3e-06   29.9   0.8   2   2       1.2   3.2e+02    2.5   0.1   111   142   138   171   124   179 0.71 -
evm.utg21766.33.1.5c22ed22          -            386 505248at33208        -            170   1.8e-06   29.4   0.4   1   3   1.9e-07     5e-05   24.7   0.0    17   115    19   119    14   139 0.77 -
evm.utg21766.33.1.5c22ed22          -            386 505248at33208        -            170   1.8e-06   29.4   0.4   2   3       5.7   1.5e+03    0.4   0.0   118   141   147   170   125   181 0.76 -
evm.utg21766.33.1.5c22ed22          -            386 505248at33208        -            170   1.8e-06   29.4   0.4   3   3       5.6   1.4e+03    0.4   0.0    64   129   198   263   179   291 0.70 -
evm.utg1091.38                      -            229 505248at33208        -            170   1.8e-06   29.4   0.2   1   1   9.6e-09   2.5e-06   28.9   0.2    18   153    15   150     7   165 0.84 -
evm.utg594.51                       -            172 505248at33208        -            170   2.3e-06   29.0   0.0   1   1   1.5e-08     4e-06   28.2   0.0    17   168     3   164     1   166 0.76 -
evm.utg2350.7                       -            200 505248at33208        -            170   2.8e-06   28.7   0.0   1   1   1.4e-08   3.6e-06   28.4   0.0    19   145    13   139     7   171 0.85 -
evm.utg6958.21                      -            200 505248at33208        -            170   2.8e-06   28.7   0.0   1   1   1.4e-08   3.7e-06   28.3   0.0    19   145    13   139     7   169 0.84 -
evm.utg4593.10                      -            238 505248at33208        -            170     3e-06   28.6   0.0   1   1   2.7e-08   6.9e-06   27.5   0.0    65   167    79   193    18   196 0.74 -
evm.utg6035.10                      -            186 505248at33208        -            170     3e-06   28.6   0.0   1   1     2e-08   5.3e-06   27.8   0.0    17   168     3   164     1   166 0.76 -
evm.utg21766.33                     -            456 505248at33208        -            170     3e-06   28.6   0.4   1   3   2.8e-07   7.3e-05   24.1   0.0    17   115    19   119    14   129 0.76 -
evm.utg21766.33                     -            456 505248at33208        -            170     3e-06   28.6   0.4   2   3       7.7     2e+03   -0.1   0.0   118   141   147   170   129   180 0.76 -
evm.utg21766.33                     -            456 505248at33208        -            170     3e-06   28.6   0.4   3   3       7.2   1.9e+03    0.0   0.0    64   129   198   263   179   292 0.70 -
evm.utg2417.49                      -            206 505248at33208        -            170   3.1e-06   28.6   0.2   1   1   1.8e-08   4.6e-06   28.0   0.2    20   167    11   169     7   172 0.59 -
evm.utg5513.7                       -            230 505248at33208        -            170   4.2e-06   28.2   0.0   1   1   2.4e-08   6.2e-06   27.6   0.0    19   140     8   128     5   161 0.77 -
evm.utg2487.38                      -            615 505248at33208        -            170   4.7e-06   28.0   0.0   1   1   4.1e-08   1.1e-05   26.8   0.0    16   140   393   519   390   530 0.71 -
evm.utg5950.52                      -            162 505248at33208        -            170   4.9e-06   27.9   0.0   1   1   2.4e-08   6.2e-06   27.6   0.0    15   142     6   133     3   148 0.83 -
evm.utg1754.6                       -            424 505248at33208        -            170   6.5e-06   27.5   0.0   1   1   1.5e-07   3.8e-05   25.1   0.0    65   167   265   379   207   382 0.75 -
evm.utg431.6                        -            203 505248at33208        -            170   7.2e-06   27.4   0.0   1   1   4.1e-08   1.1e-05   26.9   0.0    19   134     8   122     5   161 0.74 -
evm.utg2818.88                      -            365 505248at33208        -            170   8.6e-06   27.1   2.7   1   2    0.0075       1.9    9.7   0.1    14    50    37    73    34    98 0.82 -
evm.utg2818.88                      -            365 505248at33208        -            170   8.6e-06   27.1   2.7   2   2   5.1e-05     0.013   16.8   0.4    52   135   192   286   137   301 0.79 -
evm.utg190.45                       -            355 505248at33208        -            170   8.7e-06   27.1   0.5   1   2     0.016       4.1    8.7   0.0    14    47    31    64    28    85 0.84 -
evm.utg190.45                       -            355 505248at33208        -            170   8.7e-06   27.1   0.5   2   2   0.00012      0.03   15.6   0.1    66   136   194   275   189   283 0.80 -
evm.utg160.21                       -            213 505248at33208        -            170   9.2e-06   27.1   0.1   1   1   6.5e-08   1.7e-05   26.2   0.0    21   138    10   127     3   142 0.76 -
evm.utg8.30                         -            205 505248at33208        -            170   1.2e-05   26.7   0.1   1   1   6.6e-08   1.7e-05   26.2   0.1    60   166    46   168     7   172 0.60 -
evm.utg411.114                      -            355 505248at33208        -            170   1.3e-05   26.6   0.4   1   2      0.23        60    4.9   0.0    17    54    33    70    30    86 0.80 -
evm.utg411.114                      -            355 505248at33208        -            170   1.3e-05   26.6   0.4   2   2     1e-05    0.0027   19.0   0.1    57   136   185   275   169   304 0.80 -
evm.utg924.68                       -            213 505248at33208        -            170   1.3e-05   26.5   0.1   1   1   9.9e-08   2.5e-05   25.6   0.1    18   163    12   166     6   173 0.70 -
evm.utg1031.19                      -            122 505248at33208        -            170   1.7e-05   26.2   0.8   1   1   1.1e-07   2.9e-05   25.4   0.8    20   123    12   115     3   120 0.70 -
evm.utg1404.9                       -            185 505248at33208        -            170   1.7e-05   26.1   0.1   1   1   8.3e-08   2.1e-05   25.9   0.1    20   142     9   131     5   158 0.80 -
evm.utg4194.11.1.5c22f0ac           -            152 505248at33208        -            170   1.8e-05   26.1   0.0   1   1   9.3e-08   2.4e-05   25.7   0.0    17   140    11   134     3   144 0.80 -
evm.utg411.114.1.5c22f075           -            359 505248at33208        -            170   1.8e-05   26.1   0.4   1   2      0.24        61    4.9   0.0    17    54    33    70    30    86 0.80 -
evm.utg411.114.1.5c22f075           -            359 505248at33208        -            170   1.8e-05   26.1   0.4   2   2   1.5e-05    0.0039   18.5   0.1    57   135   185   274   173   283 0.78 -
utg2200.equina_smart_78118.mrna1    -            355 505248at33208        -            170   1.9e-05   26.0   1.2   1   2       4.1   1.1e+03    0.8   0.0    19    41    35    57    29    77 0.82 -
utg2200.equina_smart_78118.mrna1    -            355 505248at33208        -            170   1.9e-05   26.0   1.2   2   2   8.5e-07   0.00022   22.6   0.3    52   136   181   276   149   287 0.74 -
evm.utg791.13.1.5c22f448.1.5c2797eb -            122 505248at33208        -            170   2.8e-05   25.5   0.2   1   1   1.3e-07   3.4e-05   25.2   0.2    20   117    11   108     3   118 0.71 -
evm.utg4194.11                      -            197 505248at33208        -            170   2.9e-05   25.4   0.0   1   1   1.5e-07   3.9e-05   25.0   0.0    17   140    11   134     3   174 0.80 -
evm.utg3041.42                      -            185 505248at33208        -            170     3e-05   25.4   0.1   1   1   1.4e-07   3.7e-05   25.1   0.1    20   142     9   131     5   158 0.80 -
evm.utg52.66                        -            213 505248at33208        -            170   3.1e-05   25.3   0.1   1   1   2.4e-07   6.1e-05   24.4   0.1    18   163    12   166     7   173 0.68 -
evm.utg192.3                        -            199 505248at33208        -            170   3.1e-05   25.3   0.0   1   1   1.6e-07   4.2e-05   24.9   0.0    17   140    11   134     3   173 0.81 -
evm.utg279.31                       -            538 505248at33208        -            170     4e-05   25.0   0.3   1   1   3.2e-07   8.3e-05   23.9   0.0    18   139   321   445   317   459 0.84 -
evm.utg580.24                       -            237 505248at33208        -            170     4e-05   25.0   0.1   1   1   2.6e-07   6.6e-05   24.3   0.1    17   113    21   119    14   155 0.74 -
evm.utg1177.10                      -            237 505248at33208        -            170   5.8e-05   24.4   0.1   1   1   3.7e-07   9.5e-05   23.7   0.1    17   113    21   119    14   155 0.73 -
evm.utg16443.2                      -            193 505248at33208        -            170   7.5e-05   24.1   0.0   1   1   4.1e-07    0.0001   23.6   0.0    20   137     8   124     5   163 0.81 -
evm.utg4.20                         -            208 505248at33208        -            170   7.7e-05   24.0   0.2   1   2   1.1e-06   0.00029   22.2   0.0    20   137    10   131     4   148 0.76 -
evm.utg4.20                         -            208 505248at33208        -            170   7.7e-05   24.0   0.2   2   2       9.7   2.5e+03   -0.4   0.1    33    64   165   197   158   200 0.77 -
evm.utg868.29.1.5c22f4be            -            833 505248at33208        -            170   7.8e-05   24.0   0.1   1   1   8.8e-07   0.00023   22.5   0.1    59   137   682   760   640   807 0.78 -
evm.utg4972.20                      -            185 505248at33208        -            170   7.9e-05   24.0   0.3   1   1   4.8e-07   0.00012   23.4   0.2    17   142     3   127     1   139 0.83 -
evm.utg868.29.2.5c22f4be            -            864 505248at33208        -            170   8.4e-05   23.9   0.1   1   1   9.1e-07   0.00024   22.5   0.1    59   137   713   791   671   838 0.78 -
evm.utg1337.8                       -            185 505248at33208        -            170   8.4e-05   23.9   0.2   1   1   5.2e-07   0.00014   23.2   0.2    17   142     3   127     1   139 0.83 -
evm.utg868.29                       -            884 505248at33208        -            170   8.7e-05   23.9   0.1   1   1   9.8e-07   0.00025   22.4   0.1    59   137   733   811   691   857 0.79 -
evm.utg15664.6                      -            313 505248at33208        -            170   9.5e-05   23.8   1.4   1   1     7e-07   0.00018   22.8   0.3    52   136   139   234   108   244 0.74 -
evm.utg1846.35                      -            208 505248at33208        -            170   0.00012   23.5   0.1   1   1   1.1e-06   0.00029   22.2   0.0    20   137    10   131     4   148 0.76 -
evm.utg431.7                        -            204 505248at33208        -            170   0.00017   22.9   0.1   1   1   9.3e-07   0.00024   22.4   0.1    15   109     5   100     1   169 0.79 -
evm.utg2994.26                      -            525 505248at33208        -            170   0.00021   22.6   0.2   1   1   1.9e-06   0.00048   21.5   0.2    18   137   318   440   314   453 0.79 -
evm.utg2994.28                      -            536 505248at33208        -            170   0.00037   21.8   0.9   1   1   3.5e-06   0.00092   20.5   0.2    18   137   316   440   302   455 0.73 -
evm.utg4614.2                       -            968 505248at33208        -            170   0.00041   21.7   0.0   1   1   3.5e-06   0.00091   20.6   0.0    63   166   787   905   754   908 0.71 -
evm.utg1565.104                     -            183 505248at33208        -            170   0.00054   21.3   0.0   1   1   3.3e-06   0.00085   20.7   0.0    17   140     3   126     1   139 0.82 -
evm.utg12197.15                     -            183 505248at33208        -            170   0.00056   21.2   0.0   1   1   3.5e-06    0.0009   20.6   0.0    17   140     3   126     1   139 0.82 -
evm.utg2994.24                      -            551 505248at33208        -            170   0.00057   21.2   0.2   1   1   5.1e-06    0.0013   20.0   0.2    17   138   338   463   332   476 0.80 -
evm.utg3284.40                      -            208 505248at33208        -            170   0.00057   21.2   0.0   1   1   6.6e-06    0.0017   19.7   0.0    68   139    65   140    55   182 0.68 -
evm.utg279.32                       -            523 505248at33208        -            170    0.0006   21.1   0.2   1   1   5.2e-06    0.0013   20.0   0.2    17   136   316   438   311   444 0.80 -
evm.utg910.138                      -            199 505248at33208        -            170   0.00061   21.1   0.0   1   1   3.1e-06   0.00079   20.8   0.0    15   113     4   103     1   145 0.76 -
evm.utg1355.22.1.5c22ea4e           -            285 505248at33208        -            170   0.00067   21.0   0.3   1   2   3.4e-05    0.0089   17.3   0.0    20   121    11   116     4   145 0.76 -
evm.utg1355.22.1.5c22ea4e           -            285 505248at33208        -            170   0.00067   21.0   0.3   2   2       2.2   5.8e+02    1.7   0.0    81   120   164   204   161   234 0.79 -
evm.utg3522.80                      -            273 505248at33208        -            170   0.00075   20.8   0.1   1   1   5.6e-06    0.0014   19.9   0.1    21   136    15   135     6   179 0.72 -
evm.utg411.114.3.5c22f075           -            271 505248at33208        -            170   0.00081   20.7   0.1   1   1   7.8e-06     0.002   19.4   0.1    57   135    97   186    82   197 0.78 -
evm.utg1355.22                      -            316 505248at33208        -            170   0.00088   20.6   0.3   1   2   4.3e-05     0.011   17.0   0.0    20   121    11   116     4   145 0.76 -
evm.utg1355.22                      -            316 505248at33208        -            170   0.00088   20.6   0.3   2   2       2.7   6.9e+02    1.4   0.0    81   120   164   204   161   233 0.79 -
evm.utg280.52                       -            316 505248at33208        -            170   0.00088   20.6   0.3   1   2   4.3e-05     0.011   17.0   0.0    20   121    11   116     4   145 0.76 -
evm.utg280.52                       -            316 505248at33208        -            170   0.00088   20.6   0.3   2   2       2.7   6.9e+02    1.4   0.0    81   120   164   204   161   233 0.79 -
evm.utg52.65                        -            211 505248at33208        -            170   0.00094   20.5   0.2   1   1   2.4e-05    0.0062   17.8   0.2    20   161    14   167    10   177 0.55 -
evm.utg7855.42                      -            211 505248at33208        -            170     0.001   20.4   0.0   1   1   4.6e-06    0.0012   20.2   0.0    60   141    56   137    12   168 0.78 -
evm.utg411.114.2.5c22f075           -            307 505248at33208        -            170     0.001   20.4   0.1   1   1   1.1e-05    0.0028   19.0   0.1    57   135   133   222   120   231 0.78 -
evm.utg279.37                       -            550 505248at33208        -            170    0.0012   20.1   0.1   1   1   1.2e-05     0.003   18.8   0.1    17   138   337   462   333   466 0.79 -
evm.utg7855.43                      -            211 505248at33208        -            170    0.0013   20.0   0.0   1   1   6.2e-06    0.0016   19.8   0.0    62   142    58   138    12   159 0.81 -
evm.utg2994.27                      -            538 505248at33208        -            170    0.0021   19.4   0.0   1   1   2.1e-05    0.0054   18.0   0.0    18   139   321   445   317   459 0.79 -
evm.utg237.2                        -            727 505248at33208        -            170    0.0022   19.3   0.0   1   1   1.8e-05    0.0047   18.2   0.0    69   168   595   705   577   707 0.72 -
evm.utg15552.6                      -            265 505248at33208        -            170    0.0024   19.2   0.1   1   1   1.6e-05    0.0041   18.4   0.1    39   136     9   119     1   163 0.69 -
evm.utg73.138.1.5c279777            -            194 505248at33208        -            170    0.0024   19.2   0.1   1   1   1.5e-05    0.0038   18.6   0.1    20   100    51   131    40   146 0.74 -
evm.utg1363.21                      -            187 505248at33208        -            170    0.0025   19.1   0.0   1   1   1.3e-05    0.0034   18.7   0.0    20   142     8   135     5   148 0.79 -
evm.utg1337.8.1.5c22ea3a            -            134 505248at33208        -            170    0.0026   19.1   0.1   1   1   1.9e-05    0.0048   18.2   0.0    68   142     2    76     1    87 0.84 -
evm.utg279.33                       -            540 505248at33208        -            170    0.0039   18.5   0.0   1   1   2.8e-05    0.0071   17.6   0.0    66   136   374   444   323   448 0.91 -
evm.utg190.71                       -            212 505248at33208        -            170    0.0044   18.3   0.5   1   1   2.1e-05    0.0055   18.0   0.5    22   137    14   133     5   159 0.79 -
evm.utg924.67                       -            211 505248at33208        -            170    0.0061   17.9   0.2   1   1   0.00018     0.045   15.0   0.2    59   135    53   128    10   176 0.54 -
evm.utg8.30.1.5c22f454              -            146 505248at33208        -            170    0.0075   17.6   0.0   1   1   3.9e-05      0.01   17.2   0.0    70   167     2   110     1   113 0.65 -
evm.utg1137.26                      -            103 505248at33208        -            170    0.0097   17.2   0.0   1   1   4.1e-05     0.011   17.1   0.0    62   101    58    97    12   100 0.78 -
evm.utg2994.25                      -            527 505248at33208        -            170    0.0099   17.2   0.0   1   1   7.5e-05     0.019   16.2   0.0    58   136   358   436   312   441 0.76 -
evm.utg5513.9                       -            202 505248at33208        -            170      0.01   17.1   0.1   1   1   4.8e-05     0.012   16.9   0.1    17   100     6    91     1   156 0.75 -
evm.utg356.108                      -            314 505248at33208        -            170     0.011   17.0   0.0   1   1   6.9e-05     0.018   16.3   0.0    16   144   106   232   103   252 0.77 -
evm.utg4567.24                      -            205 505248at33208        -            170     0.014   16.7   0.1   1   1   7.8e-05      0.02   16.2   0.1    67   146    76   158    71   174 0.77 -
evm.utg388.9                        -            210 505248at33208        -            170     0.015   16.6   0.9   1   1   7.8e-05      0.02   16.2   0.9    59   141    53   137     6   176 0.74 -
evm.utg55.165.1.5c22f22b            -            521 505248at33208        -            170     0.016   16.5   0.0   1   1   0.00029     0.075   14.3   0.0    21   157   172   316   165   323 0.62 -
evm.utg439.13                       -            283 505248at33208        -            170      0.02   16.2   0.0   1   1   0.00012     0.032   15.5   0.0    16   136    46   166    42   173 0.80 -
evm.utg439.13.1.5c22f0f7            -            306 505248at33208        -            170     0.024   15.9   0.0   1   1   0.00015     0.038   15.3   0.0    16   136    69   189    65   196 0.80 -
evm.utg55.165                       -            645 505248at33208        -            170     0.025   15.9   0.0   1   1   0.00042      0.11   13.8   0.0    89   157   247   316   165   323 0.62 -
evm.utg8672.10                      -            204 505248at33208        -            170     0.026   15.8   0.0   1   2   0.00095      0.25   12.6   0.0    17    84    36   105    27   115 0.64 -
evm.utg8672.10                      -            204 505248at33208        -            170     0.026   15.8   0.0   2   2       4.1   1.1e+03    0.8   0.0   120   146   115   141   111   160 0.76 -
evm.utg370.47                       -            303 505248at33208        -            170     0.027   15.8   0.0   1   1   0.00017     0.043   15.1   0.0    16   136    66   186    62   193 0.80 -
evm.utg1555.19.1.5c22eb35           -            213 505248at33208        -            170     0.027   15.8   0.0   1   1   0.00017     0.045   15.0   0.0    20   136    35   154    31   162 0.78 -
evm.utg2353.18                      -            328 505248at33208        -            170     0.029   15.7   0.3   1   2     0.012       3.2    9.0   0.0    15    41    15    41    12    51 0.83 -
evm.utg2353.18                      -            328 505248at33208        -            170     0.029   15.7   0.3   2   2       1.4   3.7e+02    2.3   0.1    92   139   148   196    71   216 0.69 -
evm.utg1555.19                      -            235 505248at33208        -            170     0.036   15.4   0.0   1   1   0.00023     0.059   14.7   0.0    20   136    35   154    31   162 0.78 -
evm.utg734.49                       -            207 505248at33208        -            170     0.041   15.2   0.0   1   1   0.00027      0.07   14.4   0.0    20   136     7   126     4   131 0.77 -
evm.utg498.158                      -            193 505248at33208        -            170     0.049   14.9   0.0   1   1   0.00024     0.062   14.6   0.0    21   151     7   137     2   168 0.72 -
evm.utg279.34                       -            266 505248at33208        -            170      0.05   14.9   0.0   1   1   0.00035     0.091   14.0   0.0    66   136   101   171    47   175 0.88 -
evm.utg401.40.1.5c22f045            -            159 505248at33208        -            170     0.065   14.5   0.0   1   1   0.00032     0.084   14.2   0.0    73   136    10    77     2   122 0.85 -
evm.utg910.115                      -            212 505248at33208        -            170       0.1   13.9   0.0   1   1   0.00051      0.13   13.5   0.0    20   133    29   151    20   187 0.80 -
evm.utg6035.10.1.5c22f29a           -            140 505248at33208        -            170      0.16   13.3   0.1   1   1   0.00067      0.17   13.1   0.1    17   111     3    96     1   130 0.81 -
evm.utg868.104                      -            331 505248at33208        -            170       0.2   13.0   0.7   1   1      0.01       2.6    9.3   0.7    19   163   118   280   110   287 0.56 -
evm.utg116.31                       -            305 505248at33208        -            170      0.21   12.9   0.1   1   1    0.0012      0.32   12.3   0.1    59   125   192   261   185   282 0.83 -
evm.utg1663.36.1.5c22eb9d           -            766 505248at33208        -            170      0.22   12.8   0.0   1   1    0.0043       1.1   10.5   0.0    61   143    23   105     6   127 0.79 -
evm.utg19673.12                     -            148 505248at33208        -            170      0.25   12.6   0.0   1   1    0.0012      0.31   12.3   0.0    77   124    55   102    44   131 0.83 -
evm.utg785.11                       -            515 505248at33208        -            170       0.3   12.4   1.5   1   2       5.4   1.4e+03    0.4   0.0    77   104   173   200   145   210 0.76 -
evm.utg785.11                       -            515 505248at33208        -            170       0.3   12.4   1.5   2   2     0.043        11    7.3   0.6    19   161   284   444   277   453 0.51 -
evm.utg4177.10.2.5c22f09c           -            591 505248at33208        -            170      0.37   12.1   0.1   1   1    0.0026      0.67   11.2   0.1    21    70   127   177   122   184 0.86 -
evm.utg597.62.1.5c22f2a6            -            196 505248at33208        -            170      0.43   11.9   0.0   1   2       5.9   1.5e+03    0.3   0.0   117   137    29    49    10    83 0.76 -
evm.utg597.62.1.5c22f2a6            -            196 505248at33208        -            170      0.43   11.9   0.0   2   2      0.01       2.6    9.3   0.0    17    53   107   143    95   157 0.85 -
evm.utg2417.13                      -            937 505248at33208        -            170      0.44   11.8   0.5   1   2      0.61   1.6e+02    3.5   0.0    18    35    74    91    66    99 0.84 -
evm.utg2417.13                      -            937 505248at33208        -            170      0.44   11.8   0.5   2   2      0.15        39    5.5   0.1    43   142   150   255   115   264 0.67 -
evm.utg73.138                       -            137 505248at33208        -            170      0.44   11.8   0.1   1   1    0.0026      0.69   11.2   0.1    20    89    51   120    40   127 0.68 -
evm.utg4177.10.1.5c22f09c           -            686 505248at33208        -            170      0.45   11.8   0.1   1   1    0.0032      0.82   10.9   0.1    21    70   127   177   122   184 0.86 -
evm.utg4177.10                      -            716 505248at33208        -            170      0.45   11.8   0.1   1   1    0.0033      0.86   10.9   0.1    21    70   157   207   152   214 0.86 -
#
# Program:         hmmsearch
# Version:         3.1b2 (February 2015)
# Pipeline mode:   SEARCH
# Query file:      /uoa/scratch/users/r02hw22/project_dark_genes/busco_downloads/lineages/metazoa_odb10/hmms/505248at33208.hmm
# Target file:     /uoa/scratch/users/r02hw22/project_dark_genes/00_raw/equina_smart.rnam-trna.merged.ggf.curated.remredun.aa.fa
# Option settings: hmmsearch --domtblout /uoa/scratch/users/r02hw22/project_dark_genes/equina_busco_proteins/run_metazoa_odb10/hmmer_output/initial_run_results/505248at33208.out --cpu 1 /uoa/scratch/users/r02hw22/project_dark_genes/busco_downloads/lineages/metazoa_odb10/hmms/505248at33208.hmm /uoa/scratch/users/r02hw22/project_dark_genes/00_raw/equina_smart.rnam-trna.merged.ggf.curated.remredun.aa.fa 
# Current dir:     /uoa/scratch/users/r02hw22/project_dark_genes
# Date:            Sat Apr 25 14:42:21 2026
# [ok]
