#                                                                            --- full sequence --- -------------- this domain -------------   hmm coord   ali coord   env coord
# target name        accession   tlen query name           accession   qlen   E-value  score  bias   #  of  c-Evalue  i-Evalue  score  bias  from    to  from    to  from    to  acc description of target
#------------------- ---------- ----- -------------------- ---------- ----- --------- ------ ----- --- --- --------- --------- ------ ----- ----- ----- ----- ----- ----- ----- ---- ---------------------
evm.utg4907.46       -            374 505718at33208        -            108   9.7e-20   72.4   1.7   1   3       2.1     3e+04   -3.1   0.5    15    46   142   173   129   184 0.56 -
evm.utg4907.46       -            374 505718at33208        -            108   9.7e-20   72.4   1.7   2   3     7e-24   9.7e-20   72.4   1.7    28   107   227   316   222   317 0.87 -
evm.utg4907.46       -            374 505718at33208        -            108   9.7e-20   72.4   1.7   3   3     0.061   8.4e+02    1.9   2.1    19    49   321   351   314   361 0.84 -
evm.utg12889.9       -            376 505718at33208        -            108   9.9e-20   72.4   1.7   1   4       1.4   1.9e+04   -2.5   0.1    49    64    96   111    61   113 0.65 -
evm.utg12889.9       -            376 505718at33208        -            108   9.9e-20   72.4   1.7   2   4       2.3   3.2e+04   -3.2   0.2    14    53   142   181   132   185 0.56 -
evm.utg12889.9       -            376 505718at33208        -            108   9.9e-20   72.4   1.7   3   4   7.1e-24   9.9e-20   72.4   1.7    28   107   229   318   224   319 0.87 -
evm.utg12889.9       -            376 505718at33208        -            108   9.9e-20   72.4   1.7   4   4     0.076   1.1e+03    1.6   1.2    19    48   323   352   316   361 0.83 -
evm.utg2356.14       -            142 505718at33208        -            108       0.5   12.3   0.0   1   1     5e-05      0.69   11.8   0.0    39    93    50   103    32   114 0.68 -
evm.utg13981.7       -            142 505718at33208        -            108       0.5   12.2   0.0   1   1     5e-05      0.69   11.8   0.0    39    93    50   103    32   114 0.68 -
#
# Program:         hmmsearch
# Version:         3.1b2 (February 2015)
# Pipeline mode:   SEARCH
# Query file:      /uoa/scratch/users/r02hw22/project_dark_genes/busco_downloads/lineages/metazoa_odb10/hmms/505718at33208.hmm
# Target file:     /uoa/scratch/users/r02hw22/project_dark_genes/00_raw/equina_smart.rnam-trna.merged.ggf.curated.remredun.aa.fa
# Option settings: hmmsearch --domtblout /uoa/scratch/users/r02hw22/project_dark_genes/equina_busco_proteins/run_metazoa_odb10/hmmer_output/initial_run_results/505718at33208.out --cpu 1 /uoa/scratch/users/r02hw22/project_dark_genes/busco_downloads/lineages/metazoa_odb10/hmms/505718at33208.hmm /uoa/scratch/users/r02hw22/project_dark_genes/00_raw/equina_smart.rnam-trna.merged.ggf.curated.remredun.aa.fa 
# Current dir:     /uoa/scratch/users/r02hw22/project_dark_genes
# Date:            Sat Apr 25 14:42:25 2026
# [ok]
