#                                                                                           --- full sequence --- -------------- this domain -------------   hmm coord   ali coord   env coord
# target name                       accession   tlen query name           accession   qlen   E-value  score  bias   #  of  c-Evalue  i-Evalue  score  bias  from    to  from    to  from    to  acc description of target
#               ------------------- ---------- ----- -------------------- ---------- ----- --------- ------ ----- --- --- --------- --------- ------ ----- ----- ----- ----- ----- ----- ----- ---- ---------------------
evm.utg3174.46                      -            260 509816at33208        -            166   6.5e-63  213.0   1.1   1   1   1.4e-65   9.5e-63  212.4   1.1     6   156    77   239    45   250 0.90 -
evm.utg2108.30                      -           1367 509816at33208        -            166   4.6e-27   96.3   7.6   1   3       6.4   4.3e+03   -1.1   0.2    94   123   790   819   787   852 0.76 -
evm.utg2108.30                      -           1367 509816at33208        -            166   4.6e-27   96.3   7.6   2   3   4.8e-24   3.2e-21   77.4   3.8     8    91  1162  1246  1157  1257 0.93 -
evm.utg2108.30                      -           1367 509816at33208        -            166   4.6e-27   96.3   7.6   3   3   1.4e-09   9.4e-07   30.3   0.1    99   165  1277  1341  1265  1342 0.87 -
evm.utg4.8                          -            268 509816at33208        -            166   3.2e-12   48.1   5.1   1   2   9.5e-15   6.3e-12   47.1   0.7     4    85    28   107    25   112 0.92 -
evm.utg4.8                          -            268 509816at33208        -            166   3.2e-12   48.1   5.1   2   2      0.57   3.8e+02    2.3   0.3    69   105   192   233   188   241 0.79 -
evm.utg1846.47                      -            268 509816at33208        -            166   8.3e-12   46.7   1.1   1   2   1.3e-14   8.3e-12   46.7   1.1     4    85    28   107    25   113 0.92 -
evm.utg1846.47                      -            268 509816at33208        -            166   8.3e-12   46.7   1.1   2   2      0.28   1.9e+02    3.3   0.7    69   107   192   235   189   244 0.78 -
evm.utg1565.73                      -            390 509816at33208        -            166   9.1e-10   40.1   1.8   1   1     2e-12   1.3e-09   39.6   1.8    10   102   265   359   256   370 0.86 -
evm.utg4502.7                       -            208 509816at33208        -            166   1.4e-08   36.2   6.9   1   1   2.1e-11   1.4e-08   36.2   6.9    10    90    32   124    19   137 0.78 -
evm.utg3797.17                      -            208 509816at33208        -            166   1.4e-08   36.2   7.0   1   1   2.2e-11   1.4e-08   36.2   7.0    10    90    32   124    19   138 0.78 -
evm.utg3403.1                       -            386 509816at33208        -            166   1.9e-08   35.8   0.9   1   1   6.8e-11   4.5e-08   34.6   0.9     6    87   288   368   283   377 0.88 -
evm.utg3474.31                      -            386 509816at33208        -            166   5.1e-08   34.4   1.1   1   1   1.8e-10   1.2e-07   33.2   1.1     6    87   288   368   282   377 0.87 -
evm.utg7217.31                      -           1060 509816at33208        -            166     6e-08   34.2   0.2   1   1     9e-11     6e-08   34.2   0.2    10    67    35    92    21    98 0.88 -
evm.utg479.157.1.5c22f161           -            800 509816at33208        -            166   1.3e-07   33.1   0.8   1   2   1.1e-09   7.4e-07   30.6   0.2     4    75    63   135    60   143 0.90 -
evm.utg479.157.1.5c22f161           -            800 509816at33208        -            166   1.3e-07   33.1   0.8   2   2       3.1     2e+03   -0.1   0.0    90   115   382   407   380   411 0.88 -
evm.utg522.24                       -            147 509816at33208        -            166   1.4e-07   33.0   3.4   1   2   2.9e-10   1.9e-07   32.5   2.5     3    89    19   104    17   121 0.88 -
evm.utg522.24                       -            147 509816at33208        -            166   1.4e-07   33.0   3.4   2   2       3.8   2.5e+03   -0.4   0.1    11    30   110   129   103   137 0.65 -
evm.utg4082.56                      -           1226 509816at33208        -            166   1.6e-07   32.8   4.9   1   1   2.4e-10   1.6e-07   32.8   4.9    12   102   398   485   390   513 0.75 -
evm.utg607.45                       -            185 509816at33208        -            166   1.9e-07   32.6   0.9   1   1   4.5e-10     3e-07   31.9   0.9    15    69    41    95    19   101 0.83 -
evm.utg1056.35                      -            297 509816at33208        -            166   2.3e-07   32.3   0.7   1   1   5.5e-10   3.6e-07   31.6   0.7     7    76    27    95    21   102 0.78 -
evm.utg18294.14                     -            293 509816at33208        -            166   2.3e-07   32.3   0.7   1   1   5.3e-10   3.5e-07   31.7   0.7     7    76    23    91    17    98 0.78 -
evm.utg17539.3                      -            505 509816at33208        -            166   5.3e-07   31.1   0.0   1   1   1.5e-09   9.9e-07   30.2   0.0    12    75    50   118    46   133 0.83 -
evm.utg479.157                      -            792 509816at33208        -            166     6e-07   30.9   0.5   1   2   6.2e-09   4.1e-06   28.2   0.1     4    70    63   130    60   137 0.90 -
evm.utg479.157                      -            792 509816at33208        -            166     6e-07   30.9   0.5   2   2       3.1     2e+03   -0.1   0.0    90   115   374   399   372   403 0.88 -
evm.utg101.113                      -            424 509816at33208        -            166   6.4e-07   30.8   6.0   1   1   1.8e-09   1.2e-06   30.0   6.0     7    85   329   406   324   415 0.79 -
evm.utg163.44                       -            104 509816at33208        -            166     3e-06   28.6   1.7   1   1   5.5e-09   3.7e-06   28.4   1.7    10    84    18    88     8    92 0.83 -
evm.utg10077.8                      -            505 509816at33208        -            166   3.9e-06   28.3   0.0   1   1   1.1e-08   7.3e-06   27.4   0.0    13    74    51   117    46   133 0.82 -
evm.utg1565.84                      -           1348 509816at33208        -            166   4.9e-06   28.0   3.2   1   1   1.7e-08   1.1e-05   26.8   3.2    13   100   136   221   132   239 0.78 -
evm.utg710.2                        -            628 509816at33208        -            166   6.6e-06   27.5   0.1   1   1   2.6e-08   1.7e-05   26.2   0.1    12    77    41   106    30   112 0.88 -
evm.utg1972.97                      -            359 509816at33208        -            166   2.8e-05   25.5  10.4   1   2       8.5   5.7e+03   -1.5   0.1     9    29    33    54    27    60 0.65 -
evm.utg1972.97                      -            359 509816at33208        -            166   2.8e-05   25.5  10.4   2   2   8.2e-08   5.4e-05   24.6   9.4    17   120    61   165    41   182 0.79 -
evm.utg564.28                       -            189 509816at33208        -            166   4.3e-05   24.9   2.3   1   1   9.9e-08   6.6e-05   24.3   2.3    17    91    43   116    30   122 0.92 -
evm.utg3403.3                       -            241 509816at33208        -            166   4.5e-05   24.8   1.4   1   1   1.1e-07   7.1e-05   24.2   1.4     4    81   141   219   138   239 0.78 -
evm.utg10463.11                     -            327 509816at33208        -            166   5.6e-05   24.5   5.9   1   1   1.8e-07   0.00012   23.5   5.9     4    81   226   302   221   321 0.82 -
evm.utg4455.33                      -            181 509816at33208        -            166   6.4e-05   24.3   0.6   1   1   1.6e-07   0.00011   23.6   0.6     9    81    36   107    23   115 0.85 -
evm.utg109.39                       -            217 509816at33208        -            166   6.8e-05   24.2   2.4   1   1   1.5e-07    0.0001   23.7   2.4    17    91    71   144    58   148 0.91 -
evm.utg3839.103                     -            185 509816at33208        -            166   6.8e-05   24.2   0.2   1   1   1.8e-07   0.00012   23.5   0.2     4    72    40   107    37   121 0.82 -
evm.utg3474.30                      -            331 509816at33208        -            166     7e-05   24.2   1.4   1   1   1.6e-07    0.0001   23.6   1.4     4    84   231   312   228   330 0.76 -
evm.utg377.28                       -            192 509816at33208        -            166   9.2e-05   23.8   0.1   1   1   2.3e-07   0.00015   23.1   0.1     4    71    47   113    44   126 0.84 -
evm.utg738.9                        -            130 509816at33208        -            166    0.0001   23.6   0.6   1   1     2e-07   0.00013   23.3   0.3    12    72    32    90    20   110 0.88 -
evm.utg405.83                       -            169 509816at33208        -            166   0.00011   23.6   0.3   1   1   2.6e-07   0.00017   22.9   0.3    10    81    25    95    11   103 0.84 -
evm.utg6834.39                      -            130 509816at33208        -            166   0.00012   23.5   0.6   1   1   2.2e-07   0.00015   23.1   0.3    12    72    32    90    20   110 0.88 -
evm.utg607.42                       -            232 509816at33208        -            166   0.00013   23.3   0.0   1   2     2e-07   0.00013   23.3   0.0    16    71    73   129    60   141 0.86 -
evm.utg607.42                       -            232 509816at33208        -            166   0.00013   23.3   0.0   2   2       4.3   2.9e+03   -0.6   4.4     3    23   141   162   138   170 0.55 -
evm.utg377.29                       -            179 509816at33208        -            166   0.00018   22.9   0.1   1   1     4e-07   0.00026   22.3   0.1    19    72    67   119    62   151 0.86 -
evm.utg3839.102                     -            178 509816at33208        -            166   0.00022   22.6   0.1   1   1   4.8e-07   0.00032   22.1   0.1    19    72    66   118    61   153 0.85 -
evm.utg411.142.1.5c22f077           -            461 509816at33208        -            166   0.00036   21.9   2.9   1   1   5.4e-07   0.00036   21.9   2.9    15    77   296   357   285   384 0.81 -
evm.utg411.142                      -            463 509816at33208        -            166   0.00036   21.9   2.9   1   1   5.5e-07   0.00036   21.9   2.9    15    77   298   359   287   386 0.81 -
evm.utg612.27.1.5c22f2be            -            461 509816at33208        -            166   0.00037   21.9   2.9   1   1   5.6e-07   0.00037   21.9   2.9    15    77   296   357   283   384 0.81 -
evm.utg612.27                       -            463 509816at33208        -            166   0.00037   21.8   2.9   1   1   5.6e-07   0.00037   21.8   2.9    15    77   298   359   285   386 0.81 -
evm.utg3677.41                      -            161 509816at33208        -            166   0.00041   21.7   1.6   1   1   1.1e-06   0.00073   20.9   1.6    17    71    45    95    24   111 0.79 -
evm.utg14556.2                      -            185 509816at33208        -            166   0.00049   21.4   1.5   1   1   1.3e-06   0.00087   20.6   1.5    17    71    69   119    48   135 0.79 -
evm.utg522.23                       -            192 509816at33208        -            166   0.00052   21.4   0.3   1   1   7.8e-07   0.00052   21.4   0.3     7    77    29   104    24   112 0.74 -
evm.utg377.30                       -            185 509816at33208        -            166   0.00067   21.0   0.2   1   1   1.7e-06    0.0011   20.3   0.2    13    71    58   115    48   148 0.88 -
evm.utg3839.101                     -            185 509816at33208        -            166    0.0007   20.9   0.5   1   1   1.9e-06    0.0013   20.1   0.1    13    71    58   115    47   125 0.87 -
evm.utg572.38                       -            172 509816at33208        -            166   0.00075   20.9   2.4   1   1   1.6e-06    0.0011   20.4   2.4    10    85    79   153    70   159 0.79 -
evm.utg3677.33                      -            235 509816at33208        -            166     0.001   20.4   0.3   1   1   2.1e-06    0.0014   20.0   0.3    22    73   108   158    88   194 0.82 -
evm.utg607.43                       -            181 509816at33208        -            166    0.0013   20.1   0.1   1   2       0.9     6e+02    1.7   1.9    15    36    59    80    46    85 0.78 -
evm.utg607.43                       -            181 509816at33208        -            166    0.0013   20.1   0.1   2   2   1.9e-06    0.0013   20.1   0.1    15    81    87   152    81   173 0.85 -
evm.utg4604.8                       -            235 509816at33208        -            166     0.002   19.5   0.7   1   1     4e-06    0.0027   19.1   0.7    22    73   108   158    80   194 0.82 -
evm.utg659.41                       -            275 509816at33208        -            166    0.0028   19.0   2.6   1   1     7e-06    0.0046   18.3   2.6    13    85   185   256   173   262 0.78 -
evm.utg381.41.1.5c22efff            -            141 509816at33208        -            166     0.003   18.9   0.8   1   2   4.6e-06     0.003   18.9   0.8    11    80    11    79     2    86 0.73 -
evm.utg381.41.1.5c22efff            -            141 509816at33208        -            166     0.003   18.9   0.8   2   2       4.5     3e+03   -0.6   0.2    11    35    80   104    74   121 0.64 -
evm.utg381.41.2.5c22efff            -            141 509816at33208        -            166     0.003   18.9   0.8   1   2   4.6e-06     0.003   18.9   0.8    11    80    11    79     2    86 0.73 -
evm.utg381.41.2.5c22efff            -            141 509816at33208        -            166     0.003   18.9   0.8   2   2       4.5     3e+03   -0.6   0.2    11    35    80   104    74   121 0.64 -
evm.utg381.41                       -            149 509816at33208        -            166    0.0039   18.5   1.2   1   2   5.8e-06    0.0039   18.5   1.2    11    81    22    91    12   101 0.73 -
evm.utg381.41                       -            149 509816at33208        -            166    0.0039   18.5   1.2   2   2       4.1   2.7e+03   -0.5   0.3    10    37    90   117    84   137 0.66 -
evm.utg2298.38                      -            117 509816at33208        -            166    0.0042   18.4   0.0   1   1   7.8e-06    0.0051   18.1   0.0    29    71    40    81     7    90 0.81 -
evm.utg92.89                        -            671 509816at33208        -            166    0.0044   18.4   1.1   1   1   6.6e-06    0.0044   18.4   1.1     4    67     9    72     6    86 0.79 -
evm.utg7595.8                       -            667 509816at33208        -            166    0.0051   18.1   0.6   1   1   7.7e-06    0.0051   18.1   0.6     4    67     9    72     6    86 0.80 -
evm.utg1285.79                      -            443 509816at33208        -            166    0.0059   17.9   1.4   1   1     9e-06    0.0059   17.9   1.4    22    72   290   339   262   358 0.78 -
evm.utg225.52                       -            235 509816at33208        -            166    0.0075   17.6   1.3   1   1   2.2e-05     0.015   16.7   1.3    14    78    17    85     7    93 0.78 -
evm.utg9740.3.1.5c22f543.1.5c2798b5 -            501 509816at33208        -            166    0.0078   17.5   0.6   1   2   0.00092      0.61   11.4   0.1    31    64    55    88    42    96 0.91 -
evm.utg9740.3.1.5c22f543.1.5c2798b5 -            501 509816at33208        -            166    0.0078   17.5   0.6   2   2      0.18   1.2e+02    3.9   0.1    31    64   249   282   235   291 0.91 -
evm.utg225.55                       -            316 509816at33208        -            166    0.0078   17.5   1.8   1   1   2.1e-05     0.014   16.7   1.8    15    78    23    90     9    93 0.85 -
evm.utg572.37                       -            120 509816at33208        -            166    0.0093   17.3   0.0   1   1   1.5e-05      0.01   17.2   0.0    19    74    33    87    17   113 0.79 -
evm.utg992.31                       -            748 509816at33208        -            166     0.015   16.6   0.0   1   1   4.5e-05      0.03   15.6   0.0    10    86     3    85     1   100 0.81 -
evm.utg659.42                       -            146 509816at33208        -            166     0.016   16.5   0.0   1   1   2.8e-05     0.019   16.3   0.0    19    73    33    86    17   110 0.80 -
evm.utg9740.3.1.5c22f543            -            714 509816at33208        -            166     0.017   16.4   0.7   1   2    0.0015      0.97   10.7   0.1    32    64    56    88    43    96 0.91 -
evm.utg9740.3.1.5c22f543            -            714 509816at33208        -            166     0.017   16.4   0.7   2   2      0.28   1.9e+02    3.3   0.1    31    64   249   282   235   291 0.91 -
evm.utg2606.11                      -            204 509816at33208        -            166     0.017   16.4   0.4   1   1   3.5e-05     0.023   16.0   0.4    25    74     2    55     1    68 0.84 -
evm.utg225.54                       -            215 509816at33208        -            166     0.019   16.3   0.5   1   1   4.2e-05     0.028   15.8   0.5    12    73    15    80     5    98 0.74 -
evm.utg6959.27                      -            435 509816at33208        -            166     0.028   15.8   0.3   1   1   6.7e-05     0.044   15.1   0.3    23    74   229   284   223   296 0.83 -
evm.utg1205.95                      -            208 509816at33208        -            166      0.03   15.6   0.3   1   1   7.1e-05     0.047   15.0   0.3    10    73     8    79     2   107 0.77 -
evm.utg9740.3                       -            987 509816at33208        -            166     0.035   15.4   0.7   1   2    0.0021       1.4   10.2   0.1    32    64    56    88    43    96 0.91 -
evm.utg9740.3                       -            987 509816at33208        -            166     0.035   15.4   0.7   2   2      0.42   2.8e+02    2.7   0.1    31    64   249   282   236   291 0.91 -
evm.utg4194.36                      -            167 509816at33208        -            166     0.037   15.4   0.0   1   1   0.00012     0.083   14.2   0.0    22    80    87   144    79   150 0.83 -
evm.utg19074.4                      -            986 509816at33208        -            166     0.039   15.3   0.7   1   2    0.0021       1.4   10.2   0.1    32    64    56    88    43    96 0.91 -
evm.utg19074.4                      -            986 509816at33208        -            166     0.039   15.3   0.7   2   2      0.42   2.8e+02    2.7   0.1    31    64   249   282   236   291 0.91 -
evm.utg2017.34                      -             88 509816at33208        -            166     0.039   15.3   0.0   1   1   6.6e-05     0.044   15.1   0.0    35    71    38    74    23    85 0.88 -
evm.utg62.124                       -             88 509816at33208        -            166     0.039   15.3   0.0   1   1   6.6e-05     0.044   15.1   0.0    35    71    38    74    23    85 0.88 -
evm.utg324.121                      -            134 509816at33208        -            166      0.07   14.5   0.2   1   1   0.00015     0.096   14.0   0.2    23    71    61   108    54   131 0.78 -
evm.utg1910.18                      -            739 509816at33208        -            166     0.079   14.3   0.1   1   1   0.00021      0.14   13.5   0.1    20    72   446   496   441   533 0.85 -
evm.utg27.83                        -            732 509816at33208        -            166      0.15   13.3   0.0   1   1   0.00048      0.32   12.3   0.0    25    86    34    99    16   114 0.82 -
evm.utg225.53                       -            262 509816at33208        -            166      0.18   13.1   3.0   1   1   0.00043      0.28   12.5   3.0    10    77    25    96    18   107 0.74 -
evm.utg8.75                         -            295 509816at33208        -            166      0.23   12.8   0.8   1   2       4.5     3e+03   -0.6   0.0    75    94    45    64    18    96 0.69 -
evm.utg8.75                         -            295 509816at33208        -            166      0.23   12.8   0.8   2   2    0.0012      0.79   11.0   0.1    17    70   143   195   126   207 0.81 -
evm.utg104.68                       -            314 509816at33208        -            166      0.23   12.7   0.6   1   1   0.00053      0.35   12.2   0.6     6    69     4    64     1    87 0.84 -
evm.utg3365.31                      -            245 509816at33208        -            166       0.3   12.4   0.1   1   1   0.00078      0.52   11.6   0.1    17    70   148   200   131   212 0.80 -
evm.utg738.11                       -            167 509816at33208        -            166      0.54   11.6   4.1   1   1    0.0014      0.94   10.8   3.1    15    69    60   113    22   116 0.93 -
evm.utg6834.37                      -            167 509816at33208        -            166      0.58   11.5   4.1   1   1    0.0018       1.2   10.4   3.4    15    69    60   113    22   116 0.93 -
#
# Program:         hmmsearch
# Version:         3.1b2 (February 2015)
# Pipeline mode:   SEARCH
# Query file:      /uoa/scratch/users/r02hw22/project_dark_genes/busco_downloads/lineages/metazoa_odb10/hmms/509816at33208.hmm
# Target file:     /uoa/scratch/users/r02hw22/project_dark_genes/00_raw/equina_smart.rnam-trna.merged.ggf.curated.remredun.aa.fa
# Option settings: hmmsearch --domtblout /uoa/scratch/users/r02hw22/project_dark_genes/equina_busco_proteins/run_metazoa_odb10/hmmer_output/initial_run_results/509816at33208.out --cpu 1 /uoa/scratch/users/r02hw22/project_dark_genes/busco_downloads/lineages/metazoa_odb10/hmms/509816at33208.hmm /uoa/scratch/users/r02hw22/project_dark_genes/00_raw/equina_smart.rnam-trna.merged.ggf.curated.remredun.aa.fa 
# Current dir:     /uoa/scratch/users/r02hw22/project_dark_genes
# Date:            Sat Apr 25 14:42:18 2026
# [ok]
