#                                                                                            --- full sequence --- -------------- this domain -------------   hmm coord   ali coord   env coord
# target name                        accession   tlen query name           accession   qlen   E-value  score  bias   #  of  c-Evalue  i-Evalue  score  bias  from    to  from    to  from    to  acc description of target
#                ------------------- ---------- ----- -------------------- ---------- ----- --------- ------ ----- --- --- --------- --------- ------ ----- ----- ----- ----- ----- ----- ----- ---- ---------------------
evm.utg2417.15                       -            259 510522at33208        -            200   6.7e-64  216.9  17.5   1   1   9.3e-66   6.3e-63  213.7  17.5     2   200     3   243     2   243 0.82 -
evm.utg62.154                        -            259 510522at33208        -            200   1.9e-63  215.4  17.8   1   1   2.1e-65   1.4e-62  212.5  17.8     2   194     3   218     2   243 0.84 -
evm.utg983.14                        -            388 510522at33208        -            200     6e-17   63.6   0.1   1   1   1.9e-19   1.3e-16   62.5   0.0    11    75    54   123    48   128 0.90 -
evm.utg983.14.1.5c22f552             -            431 510522at33208        -            200   9.2e-17   63.0   0.0   1   1   2.2e-19   1.5e-16   62.3   0.0    11    75    54   123    48   128 0.90 -
evm.utg10359.28                      -            347 510522at33208        -            200   9.2e-17   63.0   0.0   1   1   2.2e-19   1.5e-16   62.3   0.0    13    75    20    87    15    92 0.91 -
evm.utg207.16                        -            348 510522at33208        -            200   1.2e-16   62.7   0.7   1   1   2.9e-19     2e-16   61.9   0.7    13    75     3    69     1    71 0.93 -
evm.utg6432.11.1.5c22f30f            -            175 510522at33208        -            200   5.1e-16   60.5   0.1   1   1   9.9e-19   6.7e-16   60.2   0.1    13    76    14    82     4   101 0.87 -
evm.utg5073.19.2.5c22f1b5            -            178 510522at33208        -            200     7e-16   60.1   0.2   1   1   1.4e-18   9.7e-16   59.6   0.2    13    74     2    69     1    72 0.90 -
evm.utg6432.11.2.5c22f30f            -            206 510522at33208        -            200   7.1e-16   60.1   0.1   1   1   1.4e-18   9.8e-16   59.6   0.1    13    76    14    82     4   101 0.87 -
evm.utg3409.1                        -            217 510522at33208        -            200   7.2e-16   60.1   0.1   1   1   1.5e-18     1e-15   59.6   0.1    13    76    25    93    17   112 0.87 -
evm.utg6432.11                       -            217 510522at33208        -            200   7.3e-16   60.0   0.1   1   1   1.5e-18     1e-15   59.6   0.1    13    76    25    93    17   112 0.87 -
evm.utg5073.19.1.5c22f1b5            -            201 510522at33208        -            200   9.2e-16   59.7   0.2   1   1   1.8e-18   1.3e-15   59.3   0.2    13    74     2    69     1    72 0.90 -
evm.utg5073.19                       -            247 510522at33208        -            200   9.9e-16   59.6   0.2   1   1   2.8e-18   1.9e-15   58.7   0.2    13    74     2    69     1    72 0.90 -
evm.utg2156.34.1.5c22ed1d.1.5c2791f4 -            271 510522at33208        -            200   1.8e-15   58.8   0.4   1   1   4.7e-18   3.2e-15   58.0   0.4    12    75     4    69     1    73 0.91 -
evm.utg2156.34.1.5c22ed1d            -            338 510522at33208        -            200   2.7e-15   58.2   0.4   1   1   6.8e-18   4.6e-15   57.4   0.4    12    75     4    69     1    73 0.91 -
evm.utg2156.34                       -            400 510522at33208        -            200   3.5e-15   57.8   0.4   1   1   8.9e-18     6e-15   57.0   0.4    12    75     4    69     1    73 0.91 -
evm.utg2156.34.2.5c22ed1d            -            406 510522at33208        -            200   3.6e-15   57.8   0.4   1   1   9.1e-18   6.2e-15   57.0   0.4    12    75     4    69     1    73 0.91 -
evm.utg5033.12                       -            400 510522at33208        -            200   3.7e-15   57.7   0.4   1   1   8.9e-18     6e-15   57.0   0.4    12    75     4    69     1    73 0.91 -
evm.utg411.99                        -            221 510522at33208        -            200   4.1e-15   57.6   0.4   1   1   9.7e-18   6.6e-15   56.9   0.4    12    75    24    91    14    94 0.90 -
evm.utg3522.6                        -            314 510522at33208        -            200   8.4e-15   56.6   0.8   1   1   2.8e-17   1.9e-14   55.4   0.2     4    77    58   135    55   161 0.87 -
evm.utg192.36                        -            248 510522at33208        -            200   1.4e-14   55.8   0.1   1   1   3.5e-17   2.4e-14   55.1   0.1    15    75     4    70     1    74 0.88 -
evm.utg26517.2                       -            439 510522at33208        -            200   5.2e-14   54.0   0.9   1   1   1.3e-16   8.6e-14   53.3   0.9    10    76    73   144    67   148 0.88 -
evm.utg734.14                        -            338 510522at33208        -            200     1e-13   53.0   0.0   1   1   2.4e-16   1.6e-13   52.4   0.0    13    74     3    68     1    76 0.91 -
evm.utg338.78.2.5c22ef4c             -            335 510522at33208        -            200   1.5e-13   52.5   1.4   1   1   3.3e-16   2.2e-13   51.9   1.4    10    77    76   148    70   151 0.88 -
evm.utg338.78                        -            457 510522at33208        -            200   2.2e-13   52.0   1.4   1   1   5.4e-16   3.6e-13   51.2   1.4    10    77    76   148    70   151 0.88 -
evm.utg338.78.1.5c22ef4c             -            542 510522at33208        -            200   2.5e-13   51.8   1.4   1   1   6.9e-16   4.7e-13   50.9   1.4    10    77    76   148    70   151 0.88 -
evm.utg1555.42                       -            338 510522at33208        -            200   5.1e-13   50.8   0.0   1   1   1.2e-15   7.9e-13   50.1   0.0    13    74     3    68     1    78 0.90 -
evm.utg1555.42.1.5c22eb37            -            338 510522at33208        -            200   5.1e-13   50.8   0.0   1   1   1.2e-15   7.9e-13   50.1   0.0    13    74     3    68     1    78 0.90 -
evm.utg1127.40                       -            566 510522at33208        -            200   2.5e-12   48.5   0.1   1   1   3.6e-15   2.5e-12   48.5   0.1    15    75     5    71     2   122 0.85 -
evm.utg405.82                        -            492 510522at33208        -            200   3.2e-12   48.1   0.2   1   2   4.8e-15   3.2e-12   48.1   0.2    12    73    28    93    19   113 0.83 -
evm.utg405.82                        -            492 510522at33208        -            200   3.2e-12   48.1   0.2   2   2       3.2   2.2e+03   -0.3   1.5   149   175   215   243   210   252 0.70 -
evm.utg1278.14                       -            759 510522at33208        -            200   3.6e-12   48.0   0.1   1   1   1.4e-14   9.3e-12   46.6   0.1    13    79    27    97    17   110 0.86 -
evm.utg104.75                        -            310 510522at33208        -            200   6.3e-12   47.2   0.1   1   1   1.5e-14     1e-11   46.5   0.1    13    75     3    69     1    73 0.90 -
evm.utg7289.10                       -            208 510522at33208        -            200     7e-12   47.0   0.1   1   2     1e-14     7e-12   47.0   0.1     7    75    36   109    30   113 0.85 -
evm.utg7289.10                       -            208 510522at33208        -            200     7e-12   47.0   0.1   2   2       7.1   4.8e+03   -1.4   0.8   157   181   141   165   129   175 0.46 -
evm.utg989.21.1.5c22f558.2.5c2798c6  -            459 510522at33208        -            200   7.3e-12   47.0   0.2   1   1   1.8e-14   1.2e-11   46.3   0.2    13    86    21   101    13   109 0.85 -
evm.utg989.21.1.5c22f558.1.5c2798c6  -            500 510522at33208        -            200   8.4e-12   46.8   0.2   1   1     2e-14   1.4e-11   46.1   0.2    13    86    21   101    13   109 0.85 -
evm.utg48.17                         -            409 510522at33208        -            200   8.6e-12   46.8   0.1   1   1   2.4e-14   1.6e-11   45.8   0.1    14    75     5    68     2    73 0.90 -
evm.utg4468.18                       -            409 510522at33208        -            200     1e-11   46.5   0.1   1   1   2.8e-14   1.9e-11   45.6   0.1    14    75     5    68     2    73 0.90 -
evm.utg734.15                        -            346 510522at33208        -            200   1.1e-11   46.5   0.5   1   1   1.6e-14   1.1e-11   46.5   0.5    14    74     5    69     2    77 0.90 -
evm.utg989.21.1.5c22f558             -            593 510522at33208        -            200   1.1e-11   46.4   0.3   1   1   2.8e-14   1.9e-11   45.6   0.3    13    86    21   101    14   108 0.85 -
evm.utg4455.34                       -            488 510522at33208        -            200   1.1e-11   46.4   0.2   1   2   1.7e-14   1.1e-11   46.4   0.2    12    73    41   106    32   126 0.83 -
evm.utg4455.34                       -            488 510522at33208        -            200   1.1e-11   46.4   0.2   2   2       5.1   3.5e+03   -0.9   1.5   150   175   229   256   224   265 0.69 -
evm.utg989.21.4.5c22f558             -            629 510522at33208        -            200   1.2e-11   46.3   0.3   1   1     3e-14   2.1e-11   45.5   0.3    13    86    21   101    14   108 0.85 -
evm.utg989.21.3.5c22f558             -            701 510522at33208        -            200   1.4e-11   46.1   0.3   1   1   3.5e-14   2.4e-11   45.3   0.3    13    86    21   101    14   108 0.85 -
evm.utg526.25.1.5c22f1da             -            826 510522at33208        -            200     3e-11   45.0   0.3   1   1   4.4e-14     3e-11   45.0   0.3    13    86    21   101    14   108 0.85 -
evm.utg989.21                        -            826 510522at33208        -            200     3e-11   45.0   0.3   1   1   4.4e-14     3e-11   45.0   0.3    13    86    21   101    14   108 0.85 -
evm.utg526.25                        -            868 510522at33208        -            200   3.2e-11   44.9   0.3   1   1   4.7e-14   3.2e-11   44.9   0.3    13    86    21   101    14   108 0.85 -
evm.utg2007.17.1.5c22ecb7            -            324 510522at33208        -            200   4.3e-11   44.5   0.4   1   2   6.3e-14   4.3e-11   44.5   0.4    11    90    32   118    27   130 0.84 -
evm.utg2007.17.1.5c22ecb7            -            324 510522at33208        -            200   4.3e-11   44.5   0.4   2   2       5.4   3.6e+03   -1.0   0.2   161   180   180   199   146   207 0.64 -
evm.utg2007.17                       -            338 510522at33208        -            200   4.7e-11   44.4   0.4   1   3   6.9e-14   4.7e-11   44.4   0.4    11    89    32   117    27   130 0.84 -
evm.utg2007.17                       -            338 510522at33208        -            200   4.7e-11   44.4   0.4   2   3         6   4.1e+03   -1.2   0.3   161   180   180   199   147   207 0.64 -
evm.utg2007.17                       -            338 510522at33208        -            200   4.7e-11   44.4   0.4   3   3       1.6   1.1e+03    0.7   1.9   149   174   293   318   249   325 0.87 -
evm.utg1555.41                       -            374 510522at33208        -            200   5.1e-11   44.2   0.6   1   1   1.8e-13   1.2e-10   43.0   0.6    20    74    42    97    30   107 0.88 -
evm.utg526.3.1.5c22f1d8              -            448 510522at33208        -            200   7.8e-11   43.6   2.0   1   2       2.5   1.7e+03    0.1   1.4   102   126   122   146    58   201 0.67 -
evm.utg526.3.1.5c22f1d8              -            448 510522at33208        -            200   7.8e-11   43.6   2.0   2   2   1.2e-13   7.8e-11   43.6   2.0    11    78   311   388   298   394 0.80 -
evm.utg114.6.1.5c22e8c0              -            512 510522at33208        -            200   8.9e-11   43.4   2.0   1   2       2.4   1.7e+03    0.1   1.0   101   126   206   231   166   286 0.64 -
evm.utg114.6.1.5c22e8c0              -            512 510522at33208        -            200   8.9e-11   43.4   2.0   2   2   1.3e-13   8.9e-11   43.4   2.0    11    78   396   473   383   479 0.80 -
evm.utg114.6                         -            533 510522at33208        -            200   9.4e-11   43.4   2.0   1   2       2.4   1.6e+03    0.1   0.9   101   126   206   231   166   286 0.64 -
evm.utg114.6                         -            533 510522at33208        -            200   9.4e-11   43.4   2.0   2   2   1.4e-13   9.4e-11   43.4   2.0    11    78   396   473   383   479 0.80 -
evm.utg526.3                         -            534 510522at33208        -            200     1e-10   43.2   2.0   1   2       2.3   1.6e+03    0.2   0.6   103   126   209   232   184   286 0.58 -
evm.utg526.3                         -            534 510522at33208        -            200     1e-10   43.2   2.0   2   2   1.5e-13     1e-10   43.2   2.0    11    78   397   474   385   480 0.80 -
evm.utg6072.9                        -            157 510522at33208        -            200   1.8e-09   39.1   0.4   1   2   7.2e-12   4.9e-09   37.8   0.2    17    73    13    77     4   100 0.79 -
evm.utg6072.9                        -            157 510522at33208        -            200   1.8e-09   39.1   0.4   2   2         8   5.5e+03   -1.6   0.0    57    67   143   153   138   154 0.81 -
evm.utg52.120                        -            504 510522at33208        -            200   1.9e-09   39.1   0.3   1   2   2.8e-12   1.9e-09   39.1   0.3    14   109    13   113     6   134 0.73 -
evm.utg52.120                        -            504 510522at33208        -            200   1.9e-09   39.1   0.3   2   2       5.1   3.4e+03   -0.9   1.9   152   179   364   391   350   400 0.62 -
evm.utg1683.14                       -            413 510522at33208        -            200   2.6e-09   38.7   0.9   1   1     1e-11   6.9e-09   37.3   0.9    10    74   306   378   297   386 0.84 -
evm.utg577.72                        -            157 510522at33208        -            200     3e-09   38.5   0.4   1   1   8.4e-12   5.7e-09   37.5   0.2    17    72    13    76     5    99 0.77 -
evm.utg729.61.1.5c22f3a4             -            233 510522at33208        -            200   4.7e-09   37.8   7.7   1   1   1.7e-11   1.2e-08   36.5   7.8    15   128     7   126     2   188 0.64 -
evm.utg62.129                        -            363 510522at33208        -            200   7.8e-09   37.1   0.5   1   1     2e-11   1.4e-08   36.3   0.5    12    77   280   351   271   362 0.82 -
evm.utg2017.39                       -            363 510522at33208        -            200     9e-09   36.9   0.7   1   1   2.3e-11   1.5e-08   36.1   0.7    12    77   280   351   266   362 0.83 -
evm.utg40512.13                      -           2261 510522at33208        -            200   1.4e-08   36.3   1.5   1   2       9.1   6.1e+03   -1.7   4.0   127   197   252   321   237   324 0.85 -
evm.utg40512.13                      -           2261 510522at33208        -            200   1.4e-08   36.3   1.5   2   2   2.1e-11   1.4e-08   36.3   1.5    12    73   514   579   507   590 0.90 -
evm.utg3201.4.1.5c27937a             -            442 510522at33208        -            200   1.5e-08   36.2   0.0   1   1   2.2e-11   1.5e-08   36.2   0.0    13    73   363   427   354   435 0.89 -
evm.utg729.61                        -            305 510522at33208        -            200     2e-08   35.8   7.5   1   1   2.9e-11     2e-08   35.8   7.5    15   128     7   126     2   190 0.65 -
evm.utg3201.4                        -            610 510522at33208        -            200   2.3e-08   35.6   0.0   1   1   3.4e-11   2.3e-08   35.6   0.0    13    74   363   428   354   436 0.89 -
evm.utg1277.35                       -            906 510522at33208        -            200     4e-08   34.8   0.0   1   1   5.8e-11     4e-08   34.8   0.0    13    73   659   723   650   731 0.89 -
evm.utg2303.43.1.5c22ed61            -            138 510522at33208        -            200   1.9e-06   29.3   0.4   1   1   3.7e-09   2.5e-06   28.9   0.4    12    84    18   100     8   117 0.80 -
evm.utg5290.29                       -            180 510522at33208        -            200   2.4e-06   29.0   0.6   1   1   4.7e-09   3.2e-06   28.6   0.6    12    84    18   100     8   144 0.79 -
evm.utg2303.43                       -            180 510522at33208        -            200   4.4e-06   28.1   1.5   1   1   9.1e-09   6.2e-06   27.6   1.3    12    84    18   100     8   137 0.78 -
evm.utg801.118.1.5c22f463            -            643 510522at33208        -            200   5.4e-06   27.8   0.0   1   2     8e-09   5.4e-06   27.8   0.0    25    75     2    51     1    55 0.91 -
evm.utg801.118.1.5c22f463            -            643 510522at33208        -            200   5.4e-06   27.8   0.0   2   2       7.8   5.3e+03   -1.5   1.5    70   114   579   625   570   634 0.63 -
evm.utg801.70                        -            411 510522at33208        -            200   6.1e-05   24.4   0.8   1   1     9e-08   6.1e-05   24.4   0.8    13    80    48   121    39   130 0.78 -
evm.utg750.63                        -            616 510522at33208        -            200   0.00061   21.1   0.2   1   1   9.1e-07   0.00061   21.1   0.2    10    76    83   165    75   175 0.73 -
evm.utg750.63.1.5c22f3e1             -            616 510522at33208        -            200   0.00061   21.1   0.2   1   1   9.1e-07   0.00061   21.1   0.2    10    76    83   165    75   175 0.73 -
evm.utg750.63.1.5c22f3e1.1.5c27978f  -            616 510522at33208        -            200   0.00061   21.1   0.2   1   1   9.1e-07   0.00061   21.1   0.2    10    76    83   165    75   175 0.73 -
evm.utg3365.19                       -            277 510522at33208        -            200    0.0007   20.9   0.8   1   2   3.9e-06    0.0027   19.0   0.1    22    73    78   131    58   146 0.84 -
evm.utg3365.19                       -            277 510522at33208        -            200    0.0007   20.9   0.8   2   2       2.6   1.8e+03    0.0   0.0   141   176   206   241   201   266 0.71 -
evm.utg8.55                          -            248 510522at33208        -            200   0.00071   20.9   0.8   1   2   4.2e-06    0.0028   18.9   0.1    22    73    50   103    29   116 0.84 -
evm.utg8.55                          -            248 510522at33208        -            200   0.00071   20.9   0.8   2   2       2.6   1.7e+03    0.0   0.0   141   176   177   212   172   228 0.70 -
evm.utg801.39                        -            243 510522at33208        -            200     0.001   20.4  22.5   1   1   0.00041      0.27   12.5  22.5    16    81    48   123    39   234 0.76 -
evm.utg3522.80                       -            273 510522at33208        -            200    0.0036   18.6   0.0   1   1   9.7e-06    0.0066   17.8   0.0    16    55   215   258   201   269 0.75 -
evm.utg15552.6                       -            265 510522at33208        -            200     0.012   16.9   0.0   1   1   3.4e-05     0.023   16.0   0.0    22    56   216   251   214   262 0.77 -
evm.utg3041.51                       -           1786 510522at33208        -            200      0.02   16.2   0.0   1   1   7.2e-05     0.049   14.9   0.0    23    68  1270  1314  1267  1321 0.87 -
evm.utg2024.18                       -           2223 510522at33208        -            200     0.025   15.8   0.0   1   1   9.2e-05     0.062   14.6   0.0    23    68  1297  1341  1294  1348 0.87 -
evm.utg29733.11                      -            244 510522at33208        -            200     0.049   14.9   7.8   1   2    0.0064       4.3    8.6   2.2    52   112    86   148    60   153 0.86 -
evm.utg29733.11                      -            244 510522at33208        -            200     0.049   14.9   7.8   2   2    0.0031       2.1    9.6   0.3    95   142   180   227   170   240 0.84 -
evm.utg432.10                        -            569 510522at33208        -            200     0.089   14.1   1.2   1   1   0.00029       0.2   12.9   1.2    18    93   302   377   292   391 0.78 -
evm.utg1277.26                       -            429 510522at33208        -            200       0.1   13.9   0.2   1   1   0.00023      0.16   13.3   0.2    36    73     1    39     1    51 0.91 -
#
# Program:         hmmsearch
# Version:         3.1b2 (February 2015)
# Pipeline mode:   SEARCH
# Query file:      /uoa/scratch/users/r02hw22/project_dark_genes/busco_downloads/lineages/metazoa_odb10/hmms/510522at33208.hmm
# Target file:     /uoa/scratch/users/r02hw22/project_dark_genes/00_raw/equina_smart.rnam-trna.merged.ggf.curated.remredun.aa.fa
# Option settings: hmmsearch --domtblout /uoa/scratch/users/r02hw22/project_dark_genes/equina_busco_proteins/run_metazoa_odb10/hmmer_output/initial_run_results/510522at33208.out --cpu 1 /uoa/scratch/users/r02hw22/project_dark_genes/busco_downloads/lineages/metazoa_odb10/hmms/510522at33208.hmm /uoa/scratch/users/r02hw22/project_dark_genes/00_raw/equina_smart.rnam-trna.merged.ggf.curated.remredun.aa.fa 
# Current dir:     /uoa/scratch/users/r02hw22/project_dark_genes
# Date:            Sat Apr 25 14:42:28 2026
# [ok]
