#                                                                                            --- full sequence --- -------------- this domain -------------   hmm coord   ali coord   env coord
# target name                        accession   tlen query name           accession   qlen   E-value  score  bias   #  of  c-Evalue  i-Evalue  score  bias  from    to  from    to  from    to  acc description of target
#                ------------------- ---------- ----- -------------------- ---------- ----- --------- ------ ----- --- --- --------- --------- ------ ----- ----- ----- ----- ----- ----- ----- ---- ---------------------
evm.utg1272.71                       -            252 514675at33208        -            206   4.3e-71  240.1   0.8   1   1   3.2e-73   1.2e-70  238.7   0.8     4   206    24   251    21   251 0.88 -
evm.utg1663.8                        -            179 514675at33208        -            206   7.2e-17   63.0   0.0   1   1   2.4e-19   8.9e-17   62.7   0.0    13   146     5   143     1   146 0.82 -
evm.utg4576.45.1.5c22f123            -            163 514675at33208        -            206   9.3e-17   62.6   0.0   1   1   3.4e-19   1.3e-16   62.2   0.0    21   146    13   143     3   146 0.82 -
evm.utg4576.45                       -            179 514675at33208        -            206   1.3e-16   62.2   0.0   1   1   4.7e-19   1.7e-16   61.7   0.0    21   146    13   143     3   146 0.82 -
evm.utg479.166                       -            213 514675at33208        -            206     1e-15   59.2   0.0   1   1     5e-18   1.8e-15   58.4   0.0    26   146    39   165    35   199 0.84 -
evm.utg415.120                       -            185 514675at33208        -            206   7.3e-15   56.4   0.1   1   1   3.3e-17   1.2e-14   55.7   0.1    22   146    15   144     3   152 0.80 -
evm.utg1087.5                        -            193 514675at33208        -            206   4.9e-14   53.7   0.0   1   1   2.2e-16     8e-14   53.0   0.0    20   142    15   143     3   185 0.80 -
evm.utg18036.3                       -            180 514675at33208        -            206   7.9e-14   53.0   0.0   1   1     3e-16   1.1e-13   52.6   0.0    21   145    14   143     3   166 0.80 -
evm.utg126.55                        -            449 514675at33208        -            206   9.9e-14   52.7   1.6   1   2   3.8e-14   1.4e-11   45.7   0.0     8   141     4   143     1   156 0.79 -
evm.utg126.55                        -            449 514675at33208        -            206   9.9e-14   52.7   1.6   2   2     0.083        31    5.4   0.8   120   192   165   239   159   248 0.81 -
evm.utg116.291                       -            189 514675at33208        -            206   2.3e-13   51.5   0.0   1   1   9.5e-16   3.5e-13   50.9   0.0    22   140    15   139     3   152 0.78 -
evm.utg1663.37                       -            182 514675at33208        -            206     4e-13   50.7   0.0   1   1   1.5e-15   5.6e-13   50.3   0.0    23   144    16   142     5   161 0.83 -
evm.utg1363.53                       -            215 514675at33208        -            206     5e-13   50.4   0.0   1   1   2.2e-15     8e-13   49.8   0.0    26   145    23   148     5   159 0.78 -
evm.utg2205.5                        -            163 514675at33208        -            206   5.5e-13   50.3   0.0   1   1   1.9e-15   7.1e-13   49.9   0.0    26   145     2   126     1   148 0.82 -
evm.utg1781.8                        -            170 514675at33208        -            206   8.1e-13   49.7   0.0   1   1     4e-15   1.5e-12   48.9   0.0    26   135    39   154    33   167 0.82 -
evm.utg431.43                        -            182 514675at33208        -            206   8.4e-13   49.7   0.0   1   1     4e-15   1.5e-12   48.9   0.0    17   146    10   145     3   173 0.79 -
evm.utg6894.6                        -            182 514675at33208        -            206   8.4e-13   49.7   0.0   1   1     4e-15   1.5e-12   48.9   0.0    17   146    10   145     3   173 0.79 -
evm.utg861.115                       -            176 514675at33208        -            206   1.5e-12   48.9   0.0   1   1   8.5e-15   3.1e-12   47.8   0.0    19   146     2   134     1   140 0.84 -
evm.utg734.39.1.5c22f3c7             -            148 514675at33208        -            206   3.2e-12   47.8   0.4   1   1     3e-14   1.1e-11   46.0   0.4    21   137    14   139    10   145 0.78 -
evm.utg14876.3                       -            193 514675at33208        -            206   3.9e-12   47.5   0.0   1   1   1.8e-14   6.4e-12   46.8   0.0    25   143    21   144    13   147 0.85 -
evm.utg320.116                       -            208 514675at33208        -            206   4.9e-12   47.2   0.0   1   1   2.2e-14     8e-12   46.5   0.0    25   143    36   159    28   162 0.85 -
evm.utg734.39                        -            188 514675at33208        -            206   5.6e-12   47.0   0.4   1   1   4.9e-14   1.8e-11   45.3   0.4    21   138    14   140    10   151 0.78 -
evm.utg1555.22                       -            188 514675at33208        -            206     6e-12   46.9   0.4   1   1   5.2e-14   1.9e-11   45.2   0.4    21   138    14   140    10   151 0.78 -
evm.utg858.14.1.5c22f48f             -            176 514675at33208        -            206   1.4e-11   45.7   0.0   1   1   5.3e-14     2e-11   45.2   0.0    21   142    10   136     3   145 0.79 -
evm.utg3201.27                       -            321 514675at33208        -            206   1.9e-11   45.3   0.0   1   1   1.2e-13   4.5e-11   44.0   0.0    28   145   157   279   145   284 0.82 -
evm.utg858.14                        -            208 514675at33208        -            206   1.9e-11   45.2   0.0   1   1   7.8e-14   2.9e-11   44.7   0.0    21   142    42   168    31   177 0.79 -
evm.utg5815.6                        -            176 514675at33208        -            206   4.3e-11   44.1   0.0   1   1   1.7e-13   6.2e-11   43.6   0.0    23   144    12   138     4   145 0.79 -
evm.utg858.15                        -            176 514675at33208        -            206   4.3e-11   44.1   0.0   1   1   1.7e-13   6.2e-11   43.6   0.0    23   144    12   138     4   145 0.79 -
evm.utg1663.8.1.5c22eba0             -            137 514675at33208        -            206     8e-11   43.2   0.0   1   1   2.8e-13     1e-10   42.9   0.0    13   117     5   116     1   120 0.77 -
evm.utg1696.10                       -            182 514675at33208        -            206   8.4e-11   43.2   0.0   1   1   3.1e-13   1.1e-10   42.7   0.0    25   145    18   143     7   173 0.80 -
evm.utg1354.3                        -            218 514675at33208        -            206   1.4e-10   42.4   0.0   1   1   5.3e-13   1.9e-10   42.0   0.0    24   145    53   179    41   209 0.80 -
evm.utg172.133                       -            563 514675at33208        -            206   1.6e-10   42.3   0.2   1   1   1.2e-12   4.5e-10   40.8   0.0    28   145   399   521   388   525 0.81 -
evm.utg5815.6.1.5c22f25b             -            142 514675at33208        -            206   1.7e-10   42.2   0.0   1   1   6.9e-13   2.6e-10   41.6   0.0    23   132    12   126     4   131 0.80 -
evm.utg1396.9                        -            202 514675at33208        -            206   1.7e-10   42.1   0.0   1   2     0.012       4.6    8.1   0.0    26    51    19    43     8    52 0.79 -
evm.utg1396.9                        -            202 514675at33208        -            206   1.7e-10   42.1   0.0   2   2   5.4e-10     2e-07   32.1   0.0    60   152    70   158    60   167 0.89 -
evm.utg2298.34                       -            202 514675at33208        -            206   1.7e-10   42.1   0.0   1   2     0.012       4.6    8.1   0.0    26    51    19    43     8    52 0.79 -
evm.utg2298.34                       -            202 514675at33208        -            206   1.7e-10   42.1   0.0   2   2   5.4e-10     2e-07   32.1   0.0    60   152    70   158    60   167 0.89 -
evm.utg1919.113                      -            205 514675at33208        -            206     2e-10   41.9   0.0   1   1   1.1e-12   4.1e-10   40.9   0.0    25   146    37   163    17   171 0.83 -
evm.utg3019.15                       -            186 514675at33208        -            206   4.5e-09   37.5   0.0   1   1   3.4e-11   1.2e-08   36.1   0.0    26   137    22   139    16   153 0.78 -
evm.utg1455.9                        -            166 514675at33208        -            206   6.1e-09   37.1   0.0   1   1   4.5e-11   1.7e-08   35.7   0.0    27   137     3   119     1   129 0.78 -
evm.utg2298.34.1.5c22ed5b            -            144 514675at33208        -            206   6.9e-08   33.6   0.0   1   1   2.3e-10   8.4e-08   33.4   0.0    60   152    12   100     5   111 0.89 -
evm.utg2100.20                       -            232 514675at33208        -            206   8.8e-08   33.3   0.0   1   1     6e-10   2.2e-07   32.0   0.0    24   171    61   217    55   227 0.79 -
evm.utg157399.1                      -            247 514675at33208        -            206   1.1e-07   33.0   0.0   1   1   1.5e-09   5.6e-07   30.7   0.0    24   133    26   146    22   158 0.74 -
evm.utg858.15.1.5c22f48e             -            158 514675at33208        -            206   1.5e-07   32.5   0.0   1   1   5.3e-10   1.9e-07   32.2   0.0    57   144    37   120    30   127 0.88 -
evm.utg2487.38                       -            615 514675at33208        -            206   8.1e-07   30.1   0.0   1   1   8.8e-09   3.2e-06   28.2   0.0    24   133   394   514   390   525 0.74 -
evm.utg116.364                       -            203 514675at33208        -            206   1.4e-06   29.4   0.8   1   1   5.5e-08     2e-05   25.6   0.8    26   138    10   131     8   141 0.76 -
evm.utg577.36.1.5c22f249             -            168 514675at33208        -            206   6.8e-06   27.1   1.3   1   1   1.9e-07     7e-05   23.8   1.4    26   136    10   129     2   162 0.65 -
evm.utg577.36                        -            196 514675at33208        -            206   7.9e-06   26.9   2.2   1   1   1.9e-07     7e-05   23.8   2.2    26   176    10   165     2   181 0.66 -
evm.utg180.70                        -            221 514675at33208        -            206   8.7e-06   26.8   3.2   1   1   2.1e-07   7.6e-05   23.7   3.2    26   187    14   183    10   193 0.76 -
evm.utg2994.28                       -            536 514675at33208        -            206   1.6e-05   25.9   1.5   1   2    0.0032       1.2   10.0   0.0    26    53   317   344   300   356 0.84 -
evm.utg2994.28                       -            536 514675at33208        -            206   1.6e-05   25.9   1.5   2   2   0.00018     0.068   14.1   0.5    54   142   362   447   358   508 0.77 -
evm.utg62.18                         -            221 514675at33208        -            206   1.8e-05   25.8   2.8   1   1   4.2e-07   0.00015   22.7   2.8    26   187    14   183    10   193 0.76 -
evm.utg577.36.2.5c22f24a             -            172 514675at33208        -            206   1.8e-05   25.7   0.6   1   1   4.5e-07   0.00016   22.6   0.6    26   134    10   127     2   142 0.69 -
evm.utg622.28                        -            169 514675at33208        -            206   3.6e-05   24.8   0.5   1   1   1.1e-06   0.00041   21.3   0.5    26   144    24   150    20   163 0.71 -
evm.utg9409.25                       -            222 514675at33208        -            206   4.2e-05   24.5   0.7   1   2   5.5e-06     0.002   19.0   0.1    26   133    23   139    16   157 0.77 -
evm.utg9409.25                       -            222 514675at33208        -            206   4.2e-05   24.5   0.7   2   2       2.1   7.7e+02    0.8   0.0    96   139   167   211   152   217 0.68 -
evm.utg924.68                        -            213 514675at33208        -            206   4.3e-05   24.5   0.1   1   1   1.8e-06   0.00068   20.6   0.1    26    92    13    94     2   142 0.79 -
evm.utg1404.9                        -            185 514675at33208        -            206   4.3e-05   24.5   0.2   1   1   4.8e-07   0.00018   22.5   0.2    25   136     7   127     2   139 0.73 -
evm.utg219.31                        -            215 514675at33208        -            206   4.4e-05   24.5   1.4   1   1   1.2e-06   0.00045   21.2   1.4    26   147    24   153    20   206 0.66 -
evm.utg2817.16                       -            222 514675at33208        -            206   4.5e-05   24.5   0.8   1   2   5.6e-06    0.0021   19.0   0.2    26   133    23   139    16   155 0.77 -
evm.utg2817.16                       -            222 514675at33208        -            206   4.5e-05   24.5   0.8   2   2       2.3   8.5e+02    0.7   0.0    97   139   168   211   157   217 0.68 -
evm.utg52.66                         -            213 514675at33208        -            206   4.8e-05   24.3   0.0   1   1   2.2e-06   0.00079   20.4   0.0    26    92    13    94     2   112 0.75 -
evm.utg2994.26                       -            525 514675at33208        -            206   6.1e-05   24.0   1.8   1   1   1.8e-06   0.00065   20.7   1.8    26   163   319   468   311   503 0.72 -
evm.utg3041.42                       -            185 514675at33208        -            206   6.1e-05   24.0   0.2   1   1   6.7e-07   0.00025   22.0   0.2    25   136     7   127     2   139 0.73 -
evm.utg190.71                        -            212 514675at33208        -            206   0.00018   22.5   4.6   1   1   8.6e-06    0.0032   18.4   4.6    23   140     8   138     1   160 0.68 -
evm.utg2417.49                       -            206 514675at33208        -            206    0.0002   22.3   0.8   1   1   9.6e-06    0.0035   18.3   0.8    25   134     9   128     3   169 0.72 -
evm.utg590.16                        -            211 514675at33208        -            206   0.00023   22.2   0.4   1   1     7e-06    0.0026   18.7   0.4    25   138    15   137     9   163 0.71 -
evm.utg401.40                        -            210 514675at33208        -            206   0.00025   22.0   0.0   1   2     0.054        20    6.0   0.0    26    47     7    28     3    37 0.90 -
evm.utg401.40                        -            210 514675at33208        -            206   0.00025   22.0   0.0   2   2   0.00032      0.12   13.3   0.0    54   178    49   172    40   187 0.72 -
evm.utg791.11                        -            211 514675at33208        -            206   0.00029   21.8   0.5   1   1   8.7e-06    0.0032   18.4   0.5    26   134    16   133     8   160 0.71 -
evm.utg791.13.1.5c22f448             -            165 514675at33208        -            206   0.00029   21.8   1.0   1   1   1.2e-05    0.0045   17.9   0.6    26   132    10   125     7   142 0.67 -
evm.utg293.34                        -            211 514675at33208        -            206   0.00031   21.7   0.2   1   1   9.8e-06    0.0036   18.2   0.1    26   133    10   126     6   136 0.74 -
evm.utg7090.4                        -            211 514675at33208        -            206   0.00037   21.4   0.3   1   2       0.1        37    5.1   0.0    20    47     8    35     3    41 0.87 -
evm.utg7090.4                        -            211 514675at33208        -            206   0.00037   21.4   0.3   2   2   0.00017     0.064   14.1   0.3    60   134    62   132    50   142 0.72 -
evm.utg924.70.72                     -            230 514675at33208        -            206   0.00039   21.4   0.5   1   1   2.1e-06   0.00076   20.4   0.5    20    60    24    64    19   124 0.85 -
evm.utg194.90                        -            210 514675at33208        -            206    0.0004   21.4   0.2   1   1   7.8e-06    0.0029   18.6   0.2    27   133    15   131     8   150 0.66 -
evm.utg2487.39                       -            215 514675at33208        -            206    0.0004   21.4   4.4   1   1     2e-05    0.0074   17.2   4.4    26   179     9   168     5   190 0.70 -
evm.utg4.20                          -            208 514675at33208        -            206   0.00041   21.3   0.1   1   1   1.4e-05     0.005   17.8   0.1    26   134     9   130     2   139 0.74 -
evm.utg1846.35                       -            208 514675at33208        -            206   0.00042   21.3   0.1   1   1   1.4e-05    0.0051   17.7   0.1    26   134     9   130     2   138 0.74 -
evm.utg8.30                          -            205 514675at33208        -            206   0.00042   21.3   0.4   1   1   2.3e-05    0.0085   17.0   0.3    25   136     9   130     3   169 0.67 -
evm.utg1205.30                       -            209 514675at33208        -            206   0.00044   21.2   2.1   1   1   1.6e-05     0.006   17.5   2.1    27   139    16   137    12   189 0.70 -
evm.utg590.18                        -            208 514675at33208        -            206   0.00067   20.6   0.9   1   1   2.4e-05    0.0088   17.0   0.6    26   132    10   125     8   143 0.67 -
evm.utg791.13                        -            208 514675at33208        -            206   0.00067   20.6   0.9   1   1   2.4e-05    0.0088   17.0   0.6    26   132    10   125     8   143 0.67 -
evm.utg116.293.3.5c22e926            -            153 514675at33208        -            206   0.00071   20.5   0.0   1   1   6.7e-06    0.0025   18.8   0.0    55   135    51   128     9   142 0.72 -
evm.utg116.293.1.5c22e925            -            186 514675at33208        -            206   0.00082   20.3   0.0   1   1   7.2e-06    0.0026   18.7   0.0    55   141    51   134     9   161 0.72 -
evm.utg791.13.1.5c22f448.1.5c2797eb  -            122 514675at33208        -            206   0.00085   20.3   0.3   1   1   3.2e-05     0.012   16.5   0.3    26   103    10   102     8   109 0.67 -
evm.utg370.22                        -            382 514675at33208        -            206    0.0012   19.8   0.1   1   2   0.00034      0.13   13.2   0.0    26    49    21    44    14   111 0.65 -
evm.utg370.22                        -            382 514675at33208        -            206    0.0012   19.8   0.1   2   2         1   3.7e+02    1.9   0.0   117   135   148   166   127   186 0.77 -
evm.utg172.25                        -            191 514675at33208        -            206    0.0013   19.7   0.5   1   3     0.047        17    6.2   0.0    25    49     4    29     1    41 0.77 -
evm.utg172.25                        -            191 514675at33208        -            206    0.0013   19.7   0.5   2   3    0.0022       0.8   10.6   0.2    76   133    77   131    73   143 0.87 -
evm.utg172.25                        -            191 514675at33208        -            206    0.0013   19.7   0.5   3   3       6.8   2.5e+03   -0.8   0.0   124   141   148   165   137   179 0.72 -
evm.utg1102.20                       -            200 514675at33208        -            206    0.0014   19.6   0.3   1   1   1.9e-05    0.0071   17.3   0.3    26   132    11   126     2   136 0.74 -
evm.utg116.293                       -            218 514675at33208        -            206    0.0015   19.5   0.0   1   1   1.1e-05    0.0042   18.0   0.0    55   140    51   133     9   160 0.73 -
evm.utg388.9                         -            210 514675at33208        -            206    0.0017   19.3   3.3   1   1   3.8e-05     0.014   16.3   3.3    50   134    50   132     1   162 0.73 -
evm.utg52.69                         -            223 514675at33208        -            206    0.0017   19.3   0.2   1   1   8.3e-06     0.003   18.5   0.2    20    58    17    55    11   114 0.90 -
evm.utg7855.19                       -            342 514675at33208        -            206    0.0017   19.3   0.2   1   2      0.23        84    4.0   0.0    23    44    36    57    30    82 0.77 -
evm.utg7855.19                       -            342 514675at33208        -            206    0.0017   19.3   0.2   2   2   0.00042      0.15   12.9   0.1    43   136   184   283   177   294 0.74 -
evm.utg21766.33.2.5c22ed22           -            353 514675at33208        -            206    0.0017   19.3   0.0   1   2   0.00032      0.12   13.3   0.0    26    49    21    44    14   112 0.66 -
evm.utg21766.33.2.5c22ed22           -            353 514675at33208        -            206    0.0017   19.3   0.0   2   2       1.9   6.9e+02    1.0   0.0   119   134   150   165   142   183 0.81 -
evm.utg116.293.2.5c22e926            -            237 514675at33208        -            206     0.002   19.1   0.0   1   1   1.4e-05    0.0051   17.7   0.0    55   141    70   153    28   180 0.73 -
evm.utg10541.3                       -            215 514675at33208        -            206    0.0023   18.9   0.1   1   1   0.00017     0.062   14.2   0.1    26   133    18   134    13   146 0.71 -
evm.utg21766.33.1.5c22ed22           -            386 514675at33208        -            206    0.0024   18.8   0.0   1   2   0.00036      0.13   13.1   0.0    26    49    21    44    14   114 0.66 -
evm.utg21766.33.1.5c22ed22           -            386 514675at33208        -            206    0.0024   18.8   0.0   2   2       2.1   7.9e+02    0.8   0.0   119   134   150   165   142   182 0.81 -
evm.utg77.24.1.5c22f415              -            166 514675at33208        -            206    0.0026   18.7   1.8   1   1   8.5e-05     0.031   15.2   1.8    27   141    11   133     3   159 0.66 -
evm.utg21766.33                      -            456 514675at33208        -            206    0.0031   18.5   0.3   1   2   0.00047      0.17   12.7   0.0    26    49    21    44    14   113 0.67 -
evm.utg21766.33                      -            456 514675at33208        -            206    0.0031   18.5   0.3   2   2       2.7   9.9e+02    0.5   0.0   119   134   150   165   143   181 0.81 -
evm.utg431.6                         -            203 514675at33208        -            206    0.0035   18.3   0.1   1   1     3e-05     0.011   16.6   0.1    25    56     7    38     3    92 0.74 -
evm.utg293.53                        -            195 514675at33208        -            206     0.004   18.1   0.2   1   1   1.6e-05    0.0058   17.5   0.2    45   134    33   117    21   128 0.72 -
evm.utg190.26                        -            219 514675at33208        -            206    0.0045   17.9   0.3   1   1   0.00012     0.046   14.6   0.3    26   165    13   161     9   187 0.72 -
evm.utg52.65                         -            211 514675at33208        -            206    0.0051   17.7   0.0   1   1   0.00025     0.091   13.7   0.0    26    96    13    98    10   108 0.66 -
evm.utg4593.10                       -            238 514675at33208        -            206    0.0052   17.7   0.1   1   2       6.3   2.3e+03   -0.7   0.1    27    46    23    42    21    46 0.78 -
evm.utg4593.10                       -            238 514675at33208        -            206    0.0052   17.7   0.1   2   2   5.3e-05      0.02   15.8   0.0    59   133    80   150    60   192 0.86 -
evm.utg1091.51.1.5c22e87b            -            167 514675at33208        -            206    0.0055   17.6   0.1   1   1   0.00044      0.16   12.8   0.1    57   134    61   137     7   143 0.67 -
evm.utg86.26.1.5c22f496              -            180 514675at33208        -            206    0.0056   17.6   1.5   1   1   0.00025     0.091   13.7   1.5    26   157    13   154     7   172 0.64 -
evm.utg910.115                       -            212 514675at33208        -            206    0.0081   17.1   0.0   1   1   7.1e-05     0.026   15.4   0.0    24    63    26    65    19    72 0.86 -
evm.utg52.70                         -            208 514675at33208        -            206    0.0085   17.0   1.6   1   1   0.00015     0.055   14.4   1.3    26    70    17    61    11   150 0.80 -
evm.utg378.62.1.5c22efdb             -            371 514675at33208        -            206    0.0087   17.0   0.1   1   2       1.1   4.2e+02    1.7   0.1   143   199    10    66     3    73 0.73 -
evm.utg378.62.1.5c22efdb             -            371 514675at33208        -            206    0.0087   17.0   0.1   2   2   0.00054       0.2   12.5   0.0    25   131   197   312   193   315 0.72 -
evm.utg1754.6                        -            424 514675at33208        -            206    0.0087   17.0   1.6   1   2       5.4     2e+03   -0.5   0.1   156   202    78   124    63   128 0.78 -
evm.utg1754.6                        -            424 514675at33208        -            206    0.0087   17.0   1.6   2   2   0.00014     0.053   14.4   0.0    59   133   266   336   246   373 0.85 -
evm.utg1455.19                       -            206 514675at33208        -            206    0.0093   16.9   0.1   1   1   0.00052      0.19   12.6   0.1    20   143     4   141     1   150 0.65 -
evm.utg1455.19.1.5c22ead6            -            206 514675at33208        -            206    0.0093   16.9   0.1   1   1   0.00052      0.19   12.6   0.1    20   143     4   141     1   150 0.65 -
evm.utg1355.22.1.5c22ea4e            -            285 514675at33208        -            206    0.0093   16.9   1.4   1   1   0.00022     0.083   13.8   1.4    19   117     3   121     1   154 0.62 -
evm.utg86.26                         -            211 514675at33208        -            206    0.0095   16.9   1.2   1   1   0.00042      0.15   12.9   1.2    26   153    13   150     7   164 0.63 -
evm.utg7.14                          -            215 514675at33208        -            206    0.0098   16.8   0.2   1   1   0.00072      0.27   12.1   0.1    26   102    18   102    11   141 0.64 -
evm.utg498.142.5.5c22f1a8.1.5c2795bc -            431 514675at33208        -            206    0.0099   16.8   0.4   1   1   0.00015     0.055   14.4   0.3    25   141     6   133     1   160 0.71 -
evm.utg1031.19                       -            122 514675at33208        -            206      0.01   16.7   0.3   1   1   0.00014     0.052   14.4   0.3    26   102    11    99     2   117 0.69 -
evm.utg910.138                       -            199 514675at33208        -            206     0.011   16.7   0.2   1   1   0.00034      0.12   13.2   0.2    24    89     6    84     1    97 0.62 -
evm.utg924.73                        -            206 514675at33208        -            206     0.011   16.6   2.8   1   1   0.00034      0.12   13.2   2.7    25    57    16    48    11   172 0.85 -
evm.utg146.12                        -            183 514675at33208        -            206     0.012   16.5   0.0   1   2     0.059        22    5.9   0.0    25    51    12    37     5    50 0.83 -
evm.utg146.12                        -            183 514675at33208        -            206     0.012   16.5   0.0   2   2    0.0083       3.1    8.7   0.0    60   133    62   134    55   147 0.87 -
evm.utg378.62                        -            416 514675at33208        -            206     0.013   16.5   0.1   1   2       1.4     5e+02    1.4   0.1   143   199    10    66     3    73 0.73 -
evm.utg378.62                        -            416 514675at33208        -            206     0.013   16.5   0.1   2   2   0.00067      0.25   12.2   0.0    25   131   197   312   193   315 0.72 -
evm.utg378.62.1.5c22efdb.1.5c27943e  -            290 514675at33208        -            206     0.013   16.4   0.0   1   2      0.77   2.8e+02    2.2   0.1   143   199    10    66     3    73 0.73 -
evm.utg378.62.1.5c22efdb.1.5c27943e  -            290 514675at33208        -            206     0.013   16.4   0.0   2   2    0.0012      0.44   11.4   0.0    25    92   197   265   193   272 0.84 -
evm.utg498.142.3.5c22f1a8            -            569 514675at33208        -            206     0.015   16.2   1.4   1   2   0.00026     0.095   13.6   0.3    25   141     6   133     1   159 0.71 -
evm.utg498.142.3.5c22f1a8            -            569 514675at33208        -            206     0.015   16.2   1.4   2   2       6.8   2.5e+03   -0.8   0.0     7    49   401   446   396   471 0.67 -
evm.utg498.142.4.5c22f1a8            -            571 514675at33208        -            206     0.015   16.2   1.4   1   2   0.00026     0.095   13.6   0.3    25   141     6   133     1   159 0.71 -
evm.utg498.142.4.5c22f1a8            -            571 514675at33208        -            206     0.015   16.2   1.4   2   2       6.8   2.5e+03   -0.8   0.0     7    49   401   446   396   471 0.67 -
evm.utg498.142.5.5c22f1a8            -            610 514675at33208        -            206     0.015   16.2   0.8   1   1   0.00029      0.11   13.4   0.3    25   141     6   133     1   159 0.71 -
evm.utg1355.22                       -            316 514675at33208        -            206     0.015   16.2   1.7   1   1   0.00033      0.12   13.2   1.7    19   117     3   121     1   155 0.62 -
evm.utg280.52                        -            316 514675at33208        -            206     0.015   16.2   1.7   1   1   0.00033      0.12   13.2   1.7    19   117     3   121     1   155 0.62 -
evm.utg7855.42                       -            211 514675at33208        -            206     0.016   16.1   0.1   1   1    0.0011      0.41   11.5   0.1    24    93    13    97     4   143 0.72 -
evm.utg924.67                        -            211 514675at33208        -            206     0.017   16.0   0.0   1   1   0.00074      0.27   12.1   0.0    26    96    13    98     6   109 0.65 -
evm.utg924.74                        -            225 514675at33208        -            206     0.018   15.9   1.0   1   1   0.00086      0.32   11.9   1.0    26   109    23   128    15   162 0.62 -
evm.utg498.142                       -            642 514675at33208        -            206      0.02   15.8   1.3   1   2   0.00031      0.11   13.3   0.3    25   141     6   133     1   159 0.71 -
evm.utg498.142                       -            642 514675at33208        -            206      0.02   15.8   1.3   2   2       7.9   2.9e+03   -1.1   0.0     7    49   401   446   396   471 0.67 -
evm.utg5513.7                        -            230 514675at33208        -            206      0.02   15.8   0.1   1   1   0.00024      0.09   13.7   0.1    25    51     7    33     3   139 0.71 -
evm.utg498.142.1.5c22f1a8            -            683 514675at33208        -            206     0.022   15.7   0.8   1   1   0.00034      0.13   13.2   0.3    25   141     6   133     1   159 0.71 -
evm.utg514.15                        -            227 514675at33208        -            206     0.023   15.6   0.4   1   1    0.0012      0.43   11.5   0.4    26   135    15   133     9   146 0.62 -
evm.utg16050.14                      -            228 514675at33208        -            206     0.024   15.5   0.4   1   1    0.0012      0.43   11.4   0.4    26   135    15   133     9   146 0.62 -
evm.utg279.32                        -            523 514675at33208        -            206     0.028   15.3   1.4   1   1     0.001      0.38   11.6   1.4    26   140   318   444   312   501 0.69 -
evm.utg16094.20                      -            610 514675at33208        -            206     0.043   14.7   0.2   1   2      0.02       7.5    7.4   0.0    34    88   231   287   226   295 0.90 -
evm.utg16094.20                      -            610 514675at33208        -            206     0.043   14.7   0.2   2   2       0.7   2.6e+02    2.4   0.0   133   151   374   392   373   430 0.76 -
evm.utg580.24                        -            237 514675at33208        -            206     0.045   14.6   0.4   1   1    0.0019      0.68   10.8   0.4    25    88    22    88    12   149 0.65 -
evm.utg1177.10                       -            237 514675at33208        -            206     0.045   14.6   0.4   1   1    0.0019      0.68   10.8   0.3    25    88    22    88    12   148 0.66 -
evm.utg2757.24                       -            263 514675at33208        -            206     0.066   14.1   0.0   1   2       1.8   6.8e+02    1.0   0.0    28    47    53    72    48    81 0.87 -
evm.utg2757.24                       -            263 514675at33208        -            206     0.066   14.1   0.0   2   2    0.0017      0.63   10.9   0.0    59   139    98   174    90   232 0.81 -
evm.utg181.23                        -            217 514675at33208        -            206      0.07   14.0   0.1   1   2    0.0018      0.68   10.8   0.1    57   102    55   101     4   135 0.70 -
evm.utg181.23                        -            217 514675at33208        -            206      0.07   14.0   0.1   2   2       8.2     3e+03   -1.1   0.0   169   196   136   160   105   170 0.64 -
evm.utg300.55.1.5c22ee86             -            278 514675at33208        -            206     0.071   14.0   0.0   1   1   0.00044      0.16   12.8   0.0    23    94    38   125    34   131 0.73 -
evm.utg2994.24                       -            551 514675at33208        -            206     0.082   13.8   1.0   1   1    0.0024       0.9   10.4   1.0    24   134   338   461   328   473 0.72 -
evm.utg279.37                        -            550 514675at33208        -            206     0.095   13.6   0.5   1   1    0.0028         1   10.2   0.5    24   133   337   459   330   471 0.72 -
evm.utg1137.26                       -            103 514675at33208        -            206     0.096   13.6   0.0   1   1    0.0042       1.6    9.6   0.0    26    91    15    95    11   100 0.65 -
evm.utg2246.31                       -            390 514675at33208        -            206       0.1   13.5   0.0   1   1   0.00075      0.28   12.1   0.0    22    94    41   129    38   135 0.73 -
evm.utg5950.52                       -            162 514675at33208        -            206       0.1   13.4   0.1   1   1    0.0058       2.1    9.2   0.1    22   135     6   128     1   144 0.51 -
evm.utg300.55                        -            386 514675at33208        -            206      0.11   13.3   0.0   1   1    0.0008       0.3   12.0   0.0    23    94    38   125    34   131 0.73 -
evm.utg4157.38                       -            700 514675at33208        -            206      0.12   13.2   0.0   1   2       2.9   1.1e+03    0.4   0.0   121   149   206   232   182   251 0.72 -
evm.utg4157.38                       -            700 514675at33208        -            206      0.12   13.2   0.0   2   2    0.0038       1.4    9.8   0.0    23    53   276   306   264   329 0.77 -
evm.utg2269.49                       -            420 514675at33208        -            206      0.19   12.6   0.0   1   1   0.00095      0.35   11.7   0.0    17    45    99   127    82   148 0.75 -
evm.utg52.71                         -            225 514675at33208        -            206       0.2   12.5   0.6   1   1     0.011       4.2    8.2   0.6    26    44    23    41    11   161 0.59 -
evm.utg2129.99                       -            214 514675at33208        -            206      0.21   12.5   3.0   1   1    0.0026      0.94   10.3   0.1    27    93    17    96     9   104 0.65 -
evm.utg2353.18                       -            328 514675at33208        -            206      0.22   12.4   5.1   1   2     0.054        20    6.0   0.2    21    47    14    40    11    46 0.83 -
evm.utg2353.18                       -            328 514675at33208        -            206      0.22   12.4   5.1   2   2     0.012       4.4    8.2   0.0    86   132   148   191   100   202 0.82 -
evm.utg279.34                        -            266 514675at33208        -            206      0.28   12.0   0.2   1   3       8.6   3.2e+03   -1.2   0.0   174   194    31    51    10    56 0.73 -
evm.utg279.34                        -            266 514675at33208        -            206      0.28   12.0   0.2   2   3       2.9   1.1e+03    0.4   0.0    18    43    45    70    36    84 0.75 -
evm.utg279.34                        -            266 514675at33208        -            206      0.28   12.0   0.2   3   3    0.0093       3.4    8.5   0.0    51    93    93   134    90   176 0.84 -
evm.utg5513.8                        -            181 514675at33208        -            206       0.3   12.0   0.0   1   2     0.007       2.6    8.9   0.0    23    90     6    64     1    76 0.74 -
evm.utg5513.8                        -            181 514675at33208        -            206       0.3   12.0   0.0   2   2       2.1   7.7e+02    0.8   0.0   101   118   136   153   123   177 0.81 -
evm.utg4567.23                       -            228 514675at33208        -            206      0.34   11.8   1.9   1   1     0.019       6.8    7.5   1.9    23   133    19   137    14   148 0.63 -
evm.utg55532.4                       -            731 514675at33208        -            206      0.34   11.8   0.0   1   1    0.0036       1.3    9.8   0.1    23    53   280   310   267   333 0.76 -
evm.utg279.33                        -            540 514675at33208        -            206      0.45   11.4   0.0   1   1    0.0056       2.1    9.2   0.0    51   136   366   446   360   456 0.76 -
evm.utg207.128                       -            973 514675at33208        -            206      0.62   10.9   0.0   1   2     0.016         6    7.7   0.0    25    59   129   162   121   181 0.83 -
evm.utg207.128                       -            973 514675at33208        -            206      0.62   10.9   0.0   2   2       3.4   1.2e+03    0.1   0.0    61    90   199   228   190   260 0.86 -
#
# Program:         hmmsearch
# Version:         3.1b2 (February 2015)
# Pipeline mode:   SEARCH
# Query file:      /uoa/scratch/users/r02hw22/project_dark_genes/busco_downloads/lineages/metazoa_odb10/hmms/514675at33208.hmm
# Target file:     /uoa/scratch/users/r02hw22/project_dark_genes/00_raw/equina_smart.rnam-trna.merged.ggf.curated.remredun.aa.fa
# Option settings: hmmsearch --domtblout /uoa/scratch/users/r02hw22/project_dark_genes/equina_busco_proteins/run_metazoa_odb10/hmmer_output/initial_run_results/514675at33208.out --cpu 1 /uoa/scratch/users/r02hw22/project_dark_genes/busco_downloads/lineages/metazoa_odb10/hmms/514675at33208.hmm /uoa/scratch/users/r02hw22/project_dark_genes/00_raw/equina_smart.rnam-trna.merged.ggf.curated.remredun.aa.fa 
# Current dir:     /uoa/scratch/users/r02hw22/project_dark_genes
# Date:            Sat Apr 25 14:42:33 2026
# [ok]
