#                                                                            --- full sequence --- -------------- this domain -------------   hmm coord   ali coord   env coord
# target name        accession   tlen query name           accession   qlen   E-value  score  bias   #  of  c-Evalue  i-Evalue  score  bias  from    to  from    to  from    to  acc description of target
#------------------- ---------- ----- -------------------- ---------- ----- --------- ------ ----- --- --- --------- --------- ------ ----- ----- ----- ----- ----- ----- ----- ---- ---------------------
evm.utg2200.23       -            361 514727at33208        -            309   1.4e-15   59.0   8.1   1   3   0.00016       1.7    9.4   0.0    79   120    47    88    44   113 0.78 -
evm.utg2200.23       -            361 514727at33208        -            309   1.4e-15   59.0   8.1   2   3   2.1e-06     0.023   15.5   0.2    80   170    82   177    72   186 0.68 -
evm.utg2200.23       -            361 514727at33208        -            309   1.4e-15   59.0   8.1   3   3   8.1e-13     9e-09   36.6   1.8   190   286   220   344   207   359 0.73 -
evm.utg4.36          -            517 514727at33208        -            309     3e-11   44.7  13.8   1   2     0.082   9.1e+02    0.5   0.1    70   107   150   187   128   214 0.77 -
evm.utg4.36          -            517 514727at33208        -            309     3e-11   44.7  13.8   2   2   1.3e-12   1.4e-08   36.0   9.1   138   287   282   478   268   514 0.69 -
evm.utg1846.25       -            536 514727at33208        -            309   1.5e-10   42.4  16.3   1   3      0.32   3.5e+03   -1.5   0.2    71   112   169   210   104   231 0.67 -
evm.utg1846.25       -            536 514727at33208        -            309   1.5e-10   42.4  16.3   2   3   1.1e-07    0.0013   19.7   1.5   138   203   301   376   275   407 0.77 -
evm.utg1846.25       -            536 514727at33208        -            309   1.5e-10   42.4  16.3   3   3   6.3e-11     7e-07   30.4   2.3   226   287   428   497   419   533 0.73 -
evm.utg125.130       -            188 514727at33208        -            309     0.064   14.1   0.3   1   1   7.5e-06     0.083   13.7   0.3   202   269    85   154    81   177 0.88 -
evm.utg31822.3       -            362 514727at33208        -            309      0.24   12.2   0.1   1   1   3.9e-05      0.43   11.4   0.1   138   170    17    49     9    58 0.90 -
#
# Program:         hmmsearch
# Version:         3.1b2 (February 2015)
# Pipeline mode:   SEARCH
# Query file:      /uoa/scratch/users/r02hw22/project_dark_genes/busco_downloads/lineages/metazoa_odb10/hmms/514727at33208.hmm
# Target file:     /uoa/scratch/users/r02hw22/project_dark_genes/00_raw/equina_smart.rnam-trna.merged.ggf.curated.remredun.aa.fa
# Option settings: hmmsearch --domtblout /uoa/scratch/users/r02hw22/project_dark_genes/equina_busco_proteins/run_metazoa_odb10/hmmer_output/initial_run_results/514727at33208.out --cpu 1 /uoa/scratch/users/r02hw22/project_dark_genes/busco_downloads/lineages/metazoa_odb10/hmms/514727at33208.hmm /uoa/scratch/users/r02hw22/project_dark_genes/00_raw/equina_smart.rnam-trna.merged.ggf.curated.remredun.aa.fa 
# Current dir:     /uoa/scratch/users/r02hw22/project_dark_genes
# Date:            Sat Apr 25 14:42:43 2026
# [ok]
