#                                                                            --- full sequence --- -------------- this domain -------------   hmm coord   ali coord   env coord
# target name        accession   tlen query name           accession   qlen   E-value  score  bias   #  of  c-Evalue  i-Evalue  score  bias  from    to  from    to  from    to  acc description of target
#------------------- ---------- ----- -------------------- ---------- ----- --------- ------ ----- --- --- --------- --------- ------ ----- ----- ----- ----- ----- ----- ----- ---- ---------------------
evm.utg2757.31       -            283 515410at33208        -            164   1.2e-59  202.2   0.2   1   1   4.3e-63   2.7e-59  201.1   0.2     7   153    77   247    71   255 0.85 -
evm.utg12975.4       -            241 515410at33208        -            164   2.5e-06   28.8   0.2   1   2      0.12   7.7e+02    1.2   0.1     9    25    71    87    66    97 0.80 -
evm.utg12975.4       -            241 515410at33208        -            164   2.5e-06   28.8   0.2   2   2   7.1e-09   4.4e-05   24.8   0.0    81   139   151   217   143   229 0.85 -
evm.utg4.38          -            676 515410at33208        -            164   3.9e-06   28.2   0.0   1   2      0.51   3.2e+03   -0.8   0.0     6    22   148   164   144   167 0.87 -
evm.utg4.38          -            676 515410at33208        -            164   3.9e-06   28.2   0.0   2   2   5.6e-09   3.5e-05   25.1   0.0    74   138   247   315   239   326 0.84 -
evm.utg1846.22       -            509 515410at33208        -            164   8.1e-06   27.2   0.0   1   2   3.9e-09   2.4e-05   25.6   0.0    74   138    80   148    72   160 0.85 -
evm.utg1846.22       -            509 515410at33208        -            164   8.1e-06   27.2   0.0   2   2       2.5   1.5e+04   -3.0   0.0    50    77   172   201   164   208 0.62 -
evm.utg5950.60       -            241 515410at33208        -            164   8.5e-06   27.1   0.1   1   2      0.29   1.8e+03    0.0   0.0     9    25    71    87    64    97 0.79 -
evm.utg5950.60       -            241 515410at33208        -            164   8.5e-06   27.1   0.1   2   2   9.3e-09   5.8e-05   24.4   0.0    81   138   151   216   121   230 0.89 -
evm.utg2603.7        -            282 515410at33208        -            164   0.00043   21.6   0.0   1   2       4.3   2.7e+04   -3.8   0.1    80    95   183   198   178   205 0.73 -
evm.utg2603.7        -            282 515410at33208        -            164   0.00043   21.6   0.0   2   2   1.7e-07    0.0011   20.3   0.0   106   152   225   272   220   281 0.86 -
evm.utg1825.32       -            246 515410at33208        -            164     0.002   19.4   0.0   1   2   7.1e-05      0.44   11.8   0.0     8   141    27   170    22   173 0.72 -
evm.utg1825.32       -            246 515410at33208        -            164     0.002   19.4   0.0   2   2    0.0054        34    5.7   0.0   113   142   172   201   168   222 0.77 -
evm.utg1654.1        -            267 515410at33208        -            164      0.08   14.2   0.0   1   1   0.00014      0.89   10.8   0.0    78   151   158   245   148   248 0.75 -
evm.utg351.9         -            332 515410at33208        -            164      0.28   12.4   0.0   1   1    0.0004       2.5    9.3   0.0    79   151   159   245   148   248 0.72 -
#
# Program:         hmmsearch
# Version:         3.1b2 (February 2015)
# Pipeline mode:   SEARCH
# Query file:      /uoa/scratch/users/r02hw22/project_dark_genes/busco_downloads/lineages/metazoa_odb10/hmms/515410at33208.hmm
# Target file:     /uoa/scratch/users/r02hw22/project_dark_genes/00_raw/equina_smart.rnam-trna.merged.ggf.curated.remredun.aa.fa
# Option settings: hmmsearch --domtblout /uoa/scratch/users/r02hw22/project_dark_genes/equina_busco_proteins/run_metazoa_odb10/hmmer_output/initial_run_results/515410at33208.out --cpu 1 /uoa/scratch/users/r02hw22/project_dark_genes/busco_downloads/lineages/metazoa_odb10/hmms/515410at33208.hmm /uoa/scratch/users/r02hw22/project_dark_genes/00_raw/equina_smart.rnam-trna.merged.ggf.curated.remredun.aa.fa 
# Current dir:     /uoa/scratch/users/r02hw22/project_dark_genes
# Date:            Sat Apr 25 14:42:35 2026
# [ok]
