#                                                                                            --- full sequence --- -------------- this domain -------------   hmm coord   ali coord   env coord
# target name                        accession   tlen query name           accession   qlen   E-value  score  bias   #  of  c-Evalue  i-Evalue  score  bias  from    to  from    to  from    to  acc description of target
#                ------------------- ---------- ----- -------------------- ---------- ----- --------- ------ ----- --- --- --------- --------- ------ ----- ----- ----- ----- ----- ----- ----- ---- ---------------------
evm.utg736.41.1.5c22f3d0             -            295 515425at33208        -            237   1.1e-55  190.0   0.0   1   1   1.1e-58   1.5e-55  189.6   0.0     7   213    48   261    42   278 0.85 -
evm.utg736.41                        -            338 515425at33208        -            237   1.7e-55  189.4   0.1   1   1   1.7e-58   2.4e-55  189.0   0.1     7   213    48   261    42   306 0.87 -
evm.utg736.41.2.5c22f3d0             -            255 515425at33208        -            237   9.6e-55  187.0   0.0   1   1     9e-58   1.2e-54  186.6   0.0     7   196    48   243    42   250 0.89 -
evm.utg160.43                        -            302 515425at33208        -            237   2.3e-11   45.0   0.1   1   1   2.4e-12   3.3e-09   37.9   0.1    13   183    98   259    85   278 0.84 -
evm.utg13368.8                       -            299 515425at33208        -            237   4.5e-11   44.0   0.0   1   1     5e-14   6.8e-11   43.4   0.0    15   180    76   250    68   271 0.77 -
evm.utg4046.29                       -            264 515425at33208        -            237   1.9e-10   42.0   0.0   1   1     2e-13   2.8e-10   41.4   0.0    15   180    21   195    16   216 0.77 -
evm.utg3571.2                        -            226 515425at33208        -            237   2.1e-10   41.8   1.5   1   2       2.2   2.9e+03   -1.2   0.0    16    28    24    36     9    37 0.71 -
evm.utg3571.2                        -            226 515425at33208        -            237   2.1e-10   41.8   1.5   2   2   1.6e-13   2.1e-10   41.8   1.5    62   183    54   183    38   208 0.83 -
evm.utg798.53                        -           1818 515425at33208        -            237   1.8e-06   29.0   0.1   1   4    0.0011       1.6    9.5   0.0    12    46    27    61    19    74 0.81 -
evm.utg798.53                        -           1818 515425at33208        -            237   1.8e-06   29.0   0.1   2   4     0.022        30    5.3   0.0    20    75   406   460   403   473 0.80 -
evm.utg798.53                        -           1818 515425at33208        -            237   1.8e-06   29.0   0.1   3   4     0.086   1.2e+02    3.4   0.0    21    46   942   967   934   976 0.89 -
evm.utg798.53                        -           1818 515425at33208        -            237   1.8e-06   29.0   0.1   4   4     0.048        65    4.2   0.0    20    43  1326  1349  1323  1366 0.90 -
evm.utg4326.14                       -            507 515425at33208        -            237   3.6e-06   28.0   0.1   1   4   0.00069      0.94   10.3   0.0    14    74    79   141    73   155 0.70 -
evm.utg4326.14                       -            507 515425at33208        -            237   3.6e-06   28.0   0.1   2   4     0.013        17    6.1   0.0    16    45   292   321   278   333 0.82 -
evm.utg4326.14                       -            507 515425at33208        -            237   3.6e-06   28.0   0.1   3   4    0.0074        10    6.9   0.0   138   162   395   419   383   422 0.85 -
evm.utg4326.14                       -            507 515425at33208        -            237   3.6e-06   28.0   0.1   4   4         7   9.5e+03   -2.9   0.0   177   207   463   494   454   500 0.50 -
evm.utg2303.40.1.5c22ed60            -            214 515425at33208        -            237   4.2e-06   27.8   0.0   1   1   6.2e-09   8.5e-06   26.8   0.0    19   207     9   191     3   208 0.63 -
evm.utg2303.40                       -            234 515425at33208        -            237   4.4e-06   27.7   0.0   1   1   6.5e-09   8.9e-06   26.7   0.0    18   207    28   211    13   228 0.65 -
evm.utg5290.32                       -            224 515425at33208        -            237   8.7e-06   26.7   0.0   1   1   1.3e-08   1.7e-05   25.8   0.0    20   206    20   200     9   218 0.60 -
evm.utg30988.4                       -            975 515425at33208        -            237     0.002   19.0   0.2   1   7      0.21   2.9e+02    2.1   0.0    17    49   139   171   130   184 0.86 -
evm.utg30988.4                       -            975 515425at33208        -            237     0.002   19.0   0.2   2   7      0.29   3.9e+02    1.7   0.0    17    49   355   387   342   399 0.85 -
evm.utg30988.4                       -            975 515425at33208        -            237     0.002   19.0   0.2   3   7       1.4   1.9e+03   -0.6   0.0   134   196   452   514   446   520 0.84 -
evm.utg30988.4                       -            975 515425at33208        -            237     0.002   19.0   0.2   4   7     0.037        51    4.6   0.0    16    57   622   663   609   669 0.84 -
evm.utg30988.4                       -            975 515425at33208        -            237     0.002   19.0   0.2   5   7       7.4     1e+04   -2.9   0.0   135   164   721   750   719   788 0.75 -
evm.utg30988.4                       -            975 515425at33208        -            237     0.002   19.0   0.2   6   7      0.55   7.4e+02    0.8   0.0    18    42   819   843   809   857 0.81 -
evm.utg30988.4                       -            975 515425at33208        -            237     0.002   19.0   0.2   7   7         5   6.8e+03   -2.4   0.0   177   199   914   936   908   957 0.77 -
evm.utg30988.4.1.5c22eec8            -            975 515425at33208        -            237     0.002   19.0   0.2   1   7      0.21   2.9e+02    2.1   0.0    17    49   139   171   130   184 0.86 -
evm.utg30988.4.1.5c22eec8            -            975 515425at33208        -            237     0.002   19.0   0.2   2   7      0.29   3.9e+02    1.7   0.0    17    49   355   387   342   399 0.85 -
evm.utg30988.4.1.5c22eec8            -            975 515425at33208        -            237     0.002   19.0   0.2   3   7       1.4   1.9e+03   -0.6   0.0   134   196   452   514   446   520 0.84 -
evm.utg30988.4.1.5c22eec8            -            975 515425at33208        -            237     0.002   19.0   0.2   4   7     0.037        51    4.6   0.0    16    57   622   663   609   669 0.84 -
evm.utg30988.4.1.5c22eec8            -            975 515425at33208        -            237     0.002   19.0   0.2   5   7       7.4     1e+04   -2.9   0.0   135   164   721   750   719   788 0.75 -
evm.utg30988.4.1.5c22eec8            -            975 515425at33208        -            237     0.002   19.0   0.2   6   7      0.55   7.4e+02    0.8   0.0    18    42   819   843   809   857 0.81 -
evm.utg30988.4.1.5c22eec8            -            975 515425at33208        -            237     0.002   19.0   0.2   7   7         5   6.8e+03   -2.4   0.0   177   199   914   936   908   957 0.77 -
evm.utg1137.42                       -            421 515425at33208        -            237    0.0023   18.8   0.2   1   3       6.2   8.4e+03   -2.7   0.0    57    81    72    96    57   102 0.55 -
evm.utg1137.42                       -            421 515425at33208        -            237    0.0023   18.8   0.2   2   3   6.7e-06    0.0091   16.8   0.0    15    50   165   200   157   245 0.80 -
evm.utg1137.42                       -            421 515425at33208        -            237    0.0023   18.8   0.2   3   3       5.4   7.3e+03   -2.5   0.0   164   181   397   414   391   416 0.83 -
evm.utg152.18                        -            181 515425at33208        -            237    0.0034   18.2   0.3   1   2   2.6e-05     0.035   14.9   0.0    19    53     3    37     1    46 0.85 -
evm.utg152.18                        -            181 515425at33208        -            237    0.0034   18.2   0.3   2   2      0.33   4.5e+02    1.5   0.0   142   209   110   175    98   179 0.82 -
evm.utg116.207.1.5c22e8e8            -            925 515425at33208        -            237    0.0069   17.2   0.0   1   2    0.0047       6.3    7.5   0.0    21    49   345   373   342   391 0.87 -
evm.utg116.207.1.5c22e8e8            -            925 515425at33208        -            237    0.0069   17.2   0.0   2   2      0.01        14    6.4   0.0    20    45   674   699   670   706 0.88 -
evm.utg116.207                       -            921 515425at33208        -            237    0.0083   17.0   0.0   1   2    0.0048       6.5    7.5   0.0    21    49   345   373   342   387 0.86 -
evm.utg116.207                       -            921 515425at33208        -            237    0.0083   17.0   0.0   2   2      0.01        14    6.5   0.0    20    45   670   695   666   702 0.88 -
evm.utg324.147.1.5c22ef27            -            596 515425at33208        -            237    0.0091   16.8   0.0   1   1   1.3e-05     0.018   15.9   0.0    14    69   162   217   151   225 0.87 -
evm.utg1925.42.1.5c22ec76            -            608 515425at33208        -            237     0.011   16.6   0.0   1   2     0.059        79    3.9   0.0    16    43   117   144   110   160 0.89 -
evm.utg1925.42.1.5c22ec76            -            608 515425at33208        -            237     0.011   16.6   0.0   2   2   0.00071      0.97   10.2   0.0    18    43   403   428   389   458 0.79 -
evm.utg324.147                       -            773 515425at33208        -            237     0.013   16.3   0.0   1   1   1.9e-05     0.025   15.4   0.0    14    69   339   394   328   401 0.87 -
evm.utg1925.42                       -            741 515425at33208        -            237     0.016   16.0   0.0   1   2     0.077     1e+02    3.6   0.0    17    43   251   277   244   293 0.89 -
evm.utg1925.42                       -            741 515425at33208        -            237     0.016   16.0   0.0   2   2   0.00092       1.3    9.8   0.0    18    43   536   561   522   589 0.79 -
evm.utg1277.17.1.5c22e9cc            -            195 515425at33208        -            237     0.019   15.8   0.0   1   2     0.052        71    4.1   0.0    21    51    37    67    28    79 0.83 -
evm.utg1277.17.1.5c22e9cc            -            195 515425at33208        -            237     0.019   15.8   0.0   2   2    0.0011       1.5    9.6   0.0   141   162   134   155   122   158 0.88 -
evm.utg219.62                        -           1779 515425at33208        -            237     0.022   15.6   0.0   1   1   3.7e-05      0.05   14.4   0.0    11    65   189   242   178   255 0.81 -
evm.utg1277.17                       -            246 515425at33208        -            237     0.025   15.4   0.1   1   3     0.077     1e+02    3.6   0.0    21    51    37    67    28    78 0.83 -
evm.utg1277.17                       -            246 515425at33208        -            237     0.025   15.4   0.1   2   3    0.0015         2    9.2   0.0   141   162   134   155   122   158 0.88 -
evm.utg1277.17                       -            246 515425at33208        -            237     0.025   15.4   0.1   3   3       7.4     1e+04   -2.9   0.0   195   233   202   240   197   243 0.73 -
evm.utg1277.17.1.5c22e9cc.1.5c278f98 -            221 515425at33208        -            237     0.027   15.3   0.0   1   2     0.065        88    3.8   0.0    21    51    37    67    28    78 0.83 -
evm.utg1277.17.1.5c22e9cc.1.5c278f98 -            221 515425at33208        -            237     0.027   15.3   0.0   2   2    0.0013       1.7    9.4   0.0   141   162   134   155   122   158 0.88 -
evm.utg7855.32                       -            430 515425at33208        -            237     0.028   15.3   0.0   1   2       5.7   7.7e+03   -2.6   0.0    57    80    75    98    54   105 0.57 -
evm.utg7855.32                       -            430 515425at33208        -            237     0.028   15.3   0.0   2   2   6.4e-05     0.086   13.6   0.0    15    50   168   203   160   248 0.80 -
evm.utg1588.23                       -            899 515425at33208        -            237     0.076   13.8   0.1   1   2    0.0037         5    7.9   0.1    16    41    58    83    49    93 0.88 -
evm.utg1588.23                       -            899 515425at33208        -            237     0.076   13.8   0.1   2   2     0.096   1.3e+02    3.2   0.0    34   111   256   333   253   356 0.77 -
evm.utg407.9                         -            732 515425at33208        -            237     0.082   13.7   0.0   1   1   0.00012      0.16   12.8   0.0    11    65   331   385   322   392 0.80 -
evm.utg7168.13                       -            233 515425at33208        -            237       0.1   13.4   0.1   1   1   0.00019      0.26   12.1   0.1    17    64     8    57     2    68 0.74 -
evm.utg7168.18                       -            233 515425at33208        -            237      0.11   13.3   0.1   1   1   0.00017      0.24   12.2   0.1    17    64     8    57     2    68 0.74 -
evm.utg2129.58                       -           1016 515425at33208        -            237      0.13   13.1   0.0   1   1   0.00028      0.38   11.5   0.0    17    46   584   613   573   621 0.91 -
evm.utg868.47.1.5c22f4c0             -            412 515425at33208        -            237      0.15   12.9   0.0   1   3   0.00073      0.99   10.2   0.0    11    53    65   107    59   144 0.85 -
evm.utg868.47.1.5c22f4c0             -            412 515425at33208        -            237      0.15   12.9   0.0   2   3       4.3   5.8e+03   -2.2   0.0   170   196   177   203   167   228 0.74 -
evm.utg868.47.1.5c22f4c0             -            412 515425at33208        -            237      0.15   12.9   0.0   3   3       2.9   3.9e+03   -1.6   0.0    60    81   315   336   296   346 0.72 -
evm.utg22693.3                       -            171 515425at33208        -            237      0.17   12.7   0.0   1   1   0.00015      0.21   12.4   0.0    16    65    23    72    12    94 0.81 -
evm.utg160.41                        -            326 515425at33208        -            237      0.18   12.6   0.0   1   1   0.00031      0.42   11.4   0.0    14    51   187   224   176   236 0.79 -
evm.utg162.5                         -            417 515425at33208        -            237      0.21   12.4   0.0   1   1   0.00024      0.32   11.8   0.0    11    42   140   171   133   190 0.83 -
evm.utg868.47                        -            476 515425at33208        -            237      0.21   12.4   0.0   1   3    0.0009       1.2    9.9   0.0    11    53    65   107    59   143 0.85 -
evm.utg868.47                        -            476 515425at33208        -            237      0.21   12.4   0.0   2   3       6.1   8.2e+03   -2.7   0.0   170   196   177   203   168   226 0.75 -
evm.utg868.47                        -            476 515425at33208        -            237      0.21   12.4   0.0   3   3       3.7     5e+03   -1.9   0.0    60    81   315   336   297   345 0.74 -
evm.utg104.76                        -           1036 515425at33208        -            237      0.24   12.2   0.1   1   3     0.018        24    5.7   0.0    20    39   127   146   121   157 0.89 -
evm.utg104.76                        -           1036 515425at33208        -            237      0.24   12.2   0.1   2   3       6.9   9.4e+03   -2.8   0.0    21    40   461   480   454   495 0.76 -
evm.utg104.76                        -           1036 515425at33208        -            237      0.24   12.2   0.1   3   3      0.12   1.7e+02    2.9   0.0    17    42   854   879   841   897 0.80 -
evm.utg910.70                        -            912 515425at33208        -            237      0.33   11.8   0.0   1   2   0.00079       1.1   10.1   0.0    15    41   119   145   106   152 0.83 -
evm.utg910.70                        -            912 515425at33208        -            237      0.33   11.8   0.0   2   2       4.5     6e+03   -2.2   0.0   122   142   652   672   645   680 0.86 -
evm.utg324.148                       -            380 515425at33208        -            237      0.38   11.5   0.0   1   1    0.0005      0.67   10.7   0.0    17    44   270   297   260   314 0.86 -
evm.utg6422.15                       -            221 515425at33208        -            237      0.49   11.2   0.0   1   1    0.0005      0.67   10.7   0.0    13    43    51    81    40   120 0.84 -
#
# Program:         hmmsearch
# Version:         3.1b2 (February 2015)
# Pipeline mode:   SEARCH
# Query file:      /uoa/scratch/users/r02hw22/project_dark_genes/busco_downloads/lineages/metazoa_odb10/hmms/515425at33208.hmm
# Target file:     /uoa/scratch/users/r02hw22/project_dark_genes/00_raw/equina_smart.rnam-trna.merged.ggf.curated.remredun.aa.fa
# Option settings: hmmsearch --domtblout /uoa/scratch/users/r02hw22/project_dark_genes/equina_busco_proteins/run_metazoa_odb10/hmmer_output/initial_run_results/515425at33208.out --cpu 1 /uoa/scratch/users/r02hw22/project_dark_genes/busco_downloads/lineages/metazoa_odb10/hmms/515425at33208.hmm /uoa/scratch/users/r02hw22/project_dark_genes/00_raw/equina_smart.rnam-trna.merged.ggf.curated.remredun.aa.fa 
# Current dir:     /uoa/scratch/users/r02hw22/project_dark_genes
# Date:            Sat Apr 25 14:42:41 2026
# [ok]
