#                                                                                 --- full sequence --- -------------- this domain -------------   hmm coord   ali coord   env coord
# target name             accession   tlen query name           accession   qlen   E-value  score  bias   #  of  c-Evalue  i-Evalue  score  bias  from    to  from    to  from    to  acc description of target
#     ------------------- ---------- ----- -------------------- ---------- ----- --------- ------ ----- --- --- --------- --------- ------ ----- ----- ----- ----- ----- ----- ----- ---- ---------------------
evm.utg4157.38            -            700 524165at33208        -            357   4.3e-82  277.1   0.0   1   3     2e-50   1.9e-47  163.1   0.0     7   204   100   335    97   346 0.77 -
evm.utg4157.38            -            700 524165at33208        -            357   4.3e-82  277.1   0.0   2   3   5.2e-19     5e-16   59.8   0.0   208   272   410   476   388   484 0.87 -
evm.utg4157.38            -            700 524165at33208        -            357   4.3e-82  277.1   0.0   3   3   1.7e-14   1.7e-11   44.9   0.0   268   354   492   605   487   610 0.83 -
evm.utg55532.4            -            731 524165at33208        -            357   1.5e-76  258.8   0.4   1   4   3.3e-50   3.2e-47  162.4   0.0     7   203   104   338   101   348 0.77 -
evm.utg55532.4            -            731 524165at33208        -            357   1.5e-76  258.8   0.4   2   4    0.0012       1.2    9.2   0.0   207   226   412   431   383   440 0.76 -
evm.utg55532.4            -            731 524165at33208        -            357   1.5e-76  258.8   0.4   3   4   1.1e-10   1.1e-07   32.4   0.0   226   272   460   507   452   515 0.90 -
evm.utg55532.4            -            731 524165at33208        -            357   1.5e-76  258.8   0.4   4   4   2.9e-14   2.7e-11   44.2   0.0   268   352   523   634   519   640 0.79 -
evm.utg431.6              -            203 524165at33208        -            357   9.2e-06   26.0   0.0   1   2   4.8e-06    0.0046   17.1   0.0   144   184     3    43     1    68 0.90 -
evm.utg431.6              -            203 524165at33208        -            357   9.2e-06   26.0   0.0   2   2    0.0054       5.2    7.1   0.0    95   143   113   164   104   169 0.67 -
evm.utg924.68             -            213 524165at33208        -            357   7.7e-05   22.9   0.1   1   2     0.025        24    4.9   0.0   150   176    14    40     7    70 0.85 -
evm.utg924.68             -            213 524165at33208        -            357   7.7e-05   22.9   0.1   2   2   9.5e-06    0.0091   16.1   0.0    96   147   119   168   117   171 0.83 -
evm.utg5513.7             -            230 524165at33208        -            357     8e-05   22.9   0.0   1   2   1.6e-06    0.0015   18.7   0.0   144   184     3    43     1    91 0.88 -
evm.utg5513.7             -            230 524165at33208        -            357     8e-05   22.9   0.0   2   2      0.14   1.3e+02    2.5   0.0    94   140   112   161   104   172 0.73 -
evm.utg924.67             -            211 524165at33208        -            357   0.00024   21.3   0.0   1   2       1.3   1.2e+03   -0.8   0.0   150   167    14    31     8    38 0.84 -
evm.utg924.67             -            211 524165at33208        -            357   0.00024   21.3   0.0   2   2   1.1e-06    0.0011   19.2   0.0    96   146   119   170   105   175 0.88 -
evm.utg924.73             -            206 524165at33208        -            357   0.00061   20.0   0.6   1   2      0.23   2.2e+02    1.7   0.0   150   178    18    46    12    76 0.79 -
evm.utg924.73             -            206 524165at33208        -            357   0.00061   20.0   0.6   2   2   6.7e-06    0.0064   16.6   0.2    93   146   121   174   103   179 0.81 -
evm.utg52.65              -            211 524165at33208        -            357   0.00071   19.8   0.1   1   2       1.1     1e+03   -0.5   0.0   149   166    13    30     7    37 0.84 -
evm.utg52.65              -            211 524165at33208        -            357   0.00071   19.8   0.1   2   2   3.3e-06    0.0032   17.6   0.0    96   146   119   170   113   175 0.86 -
evm.utg522.49.1.5c22f1cf  -            215 524165at33208        -            357   0.00084   19.5   0.2   1   2   2.1e-05      0.02   15.0   0.0   143   173    29    60    19    75 0.79 -
evm.utg522.49.1.5c22f1cf  -            215 524165at33208        -            357   0.00084   19.5   0.2   2   2      0.12   1.1e+02    2.7   0.1    87   141   142   201   111   206 0.77 -
evm.utg817.5              -            213 524165at33208        -            357   0.00092   19.4   0.2   1   2     2e-05     0.019   15.0   0.0   143   173    29    60    19    75 0.79 -
evm.utg817.5              -            213 524165at33208        -            357   0.00092   19.4   0.2   2   2      0.13   1.3e+02    2.5   0.1    85   141   140   201   112   205 0.78 -
evm.utg52.70              -            208 524165at33208        -            357    0.0011   19.1   0.7   1   2      0.24   2.3e+02    1.6   0.0   150   178    18    46    12    87 0.74 -
evm.utg52.70              -            208 524165at33208        -            357    0.0011   19.1   0.7   2   2   1.1e-05      0.01   16.0   0.1    93   146   121   174   107   179 0.83 -
evm.utg52.66              -            213 524165at33208        -            357    0.0012   19.1   0.1   1   2     0.069        66    3.4   0.0   150   176    14    40     7    70 0.85 -
evm.utg52.66              -            213 524165at33208        -            357    0.0012   19.1   0.1   2   2   5.3e-05     0.051   13.7   0.0    96   147   119   168   117   171 0.82 -
evm.utg522.49             -            244 524165at33208        -            357    0.0012   19.0   0.3   1   2   2.4e-05     0.023   14.8   0.0   143   173    58    89    44   104 0.80 -
evm.utg522.49             -            244 524165at33208        -            357    0.0012   19.0   0.3   2   2      0.15   1.4e+02    2.3   0.1    87   141   171   230   141   235 0.77 -
evm.utg1551.1             -             85 524165at33208        -            357     0.002   18.3   0.1   1   1   7.5e-05     0.072   13.2   0.1   318   343    31    56     1    69 0.85 -
evm.utg924.70.72          -            230 524165at33208        -            357    0.0048   17.0   0.4   1   2    0.0064       6.1    6.8   0.0   148   185    29    70    24    83 0.72 -
evm.utg924.70.72          -            230 524165at33208        -            357    0.0048   17.0   0.4   2   2    0.0019       1.9    8.5   0.1    96   145   138   188   122   192 0.90 -
evm.utg788.35             -            591 524165at33208        -            357    0.0057   16.8   0.4   1   2     0.014        13    5.8   0.0    91   113   173   195   138   213 0.81 -
evm.utg788.35             -            591 524165at33208        -            357    0.0057   16.8   0.4   2   2    0.0012       1.2    9.2   0.1   150   175   264   289   231   299 0.92 -
evm.utg868.104            -            331 524165at33208        -            357    0.0059   16.8   0.1   1   2    0.0099       9.5    6.2   0.0   151   168   120   137   113   159 0.83 -
evm.utg868.104            -            331 524165at33208        -            357    0.0059   16.8   0.1   2   2    0.0019       1.8    8.6   0.1    90   148   231   283   222   290 0.78 -
evm.utg2994.26            -            525 524165at33208        -            357    0.0062   16.7   0.1   1   2   3.1e-05      0.03   14.4   0.0   149   223   319   395   316   421 0.77 -
evm.utg2994.26            -            525 524165at33208        -            357    0.0062   16.7   0.1   2   2         1     1e+03   -0.5   0.0    94   111   427   444   412   462 0.81 -
evm.utg52.69              -            223 524165at33208        -            357    0.0098   16.0   1.0   1   2     0.013        12    5.8   0.1   147   171    21    45    16    63 0.77 -
evm.utg52.69              -            223 524165at33208        -            357    0.0098   16.0   1.0   2   2    0.0012       1.1    9.3   0.1    96   146   131   182    67   186 0.90 -
evm.utg55.78              -            855 524165at33208        -            357     0.015   15.4   0.1   1   2   9.3e-05     0.089   12.9   0.0   147   172   136   161   121   174 0.87 -
evm.utg55.78              -            855 524165at33208        -            357     0.015   15.4   0.1   2   2       1.4   1.3e+03   -0.8   0.1    62   105   260   311   246   323 0.64 -
evm.utg1272.71            -            252 524165at33208        -            357     0.016   15.3   0.3   1   2   0.00053      0.51   10.4   0.1   149   200    46   101    42   116 0.69 -
evm.utg1272.71            -            252 524165at33208        -            357     0.016   15.3   0.3   2   2     0.091        87    3.0   0.0    79   128   140   188   135   196 0.83 -
evm.utg55.165.1.5c22f22b  -            521 524165at33208        -            357     0.018   15.2   0.7   1   2      0.09        87    3.0   0.0   152   173   173   194   167   206 0.82 -
evm.utg55.165.1.5c22f22b  -            521 524165at33208        -            357     0.018   15.2   0.7   2   2   0.00073       0.7    9.9   0.2    62   131   240   319   220   330 0.72 -
evm.utg4383.15            -            642 524165at33208        -            357     0.023   14.8   0.1   1   1   3.9e-05     0.037   14.1   0.1    89   158   364   434   335   454 0.88 -
evm.utg86.26              -            211 524165at33208        -            357     0.028   14.5   0.4   1   2       1.5   1.4e+03   -0.9   0.0   150   174    14    38     7    52 0.76 -
evm.utg86.26              -            211 524165at33208        -            357     0.028   14.5   0.4   2   2     7e-05     0.067   13.3   0.1    95   145   119   168    54   171 0.86 -
evm.utg1962.47            -            897 524165at33208        -            357      0.03   14.4   0.1   1   2       5.1   4.9e+03   -2.7   0.0   272   323   114   166   108   179 0.82 -
evm.utg1962.47            -            897 524165at33208        -            357      0.03   14.4   0.1   2   2   8.1e-05     0.077   13.1   0.0   146   176   314   344   244   358 0.67 -
evm.utg37697.2            -            898 524165at33208        -            357      0.03   14.4   0.1   1   2       5.1   4.9e+03   -2.7   0.0   272   323   114   166   108   179 0.82 -
evm.utg37697.2            -            898 524165at33208        -            357      0.03   14.4   0.1   2   2   8.1e-05     0.077   13.1   0.0   146   176   314   344   244   358 0.67 -
evm.utg2298.6             -            461 524165at33208        -            357     0.031   14.4   0.0   1   2       1.6   1.5e+03   -1.0   0.0   271   323   113   166    84   181 0.82 -
evm.utg2298.6             -            461 524165at33208        -            357     0.031   14.4   0.0   2   2   0.00013      0.13   12.4   0.0   150   176   263   289   254   303 0.85 -
evm.utg785.11             -            515 524165at33208        -            357      0.04   14.0   0.1   1   2     0.017        16    5.4   0.0   151   168   286   303   279   325 0.83 -
evm.utg785.11             -            515 524165at33208        -            357      0.04   14.0   0.1   2   2     0.008       7.7    6.5   0.0    90   148   397   449   388   456 0.78 -
evm.utg55.165             -            645 524165at33208        -            357     0.041   14.0   1.1   1   2      0.12   1.1e+02    2.7   0.0   152   173   173   194   167   206 0.82 -
evm.utg55.165             -            645 524165at33208        -            357     0.041   14.0   1.1   2   2    0.0011       1.1    9.3   0.3    62   131   240   319   225   330 0.71 -
evm.utg86.26.1.5c22f496   -            180 524165at33208        -            357     0.053   13.6   0.3   1   2       1.2   1.1e+03   -0.6   0.0   150   174    14    38     7    52 0.76 -
evm.utg86.26.1.5c22f496   -            180 524165at33208        -            357     0.053   13.6   0.3   2   2   0.00015      0.14   12.2   0.1    95   153   119   176    51   178 0.84 -
evm.utg868.29.1.5c22f4be  -            833 524165at33208        -            357     0.085   12.9   0.1   1   1    0.0002      0.19   11.8   0.1    94   146   747   801   743   803 0.72 -
evm.utg868.29.2.5c22f4be  -            864 524165at33208        -            357      0.09   12.9   0.1   1   1   0.00021       0.2   11.7   0.1    94   146   778   832   774   834 0.72 -
evm.utg868.29             -            884 524165at33208        -            357     0.093   12.8   0.1   1   1   0.00021       0.2   11.7   0.1    94   146   798   852   794   854 0.72 -
evm.utg734.39.1.5c22f3c7  -            148 524165at33208        -            357     0.094   12.8   0.1   1   1   0.00021       0.2   11.7   0.0   148   211    18    81    13    91 0.80 -
evm.utg190.61             -            253 524165at33208        -            357      0.11   12.5   0.0   1   2     0.058        56    3.7   0.0   149   165    39    55    21    81 0.90 -
evm.utg190.61             -            253 524165at33208        -            357      0.11   12.5   0.0   2   2    0.0062       5.9    6.9   0.0    94   146   146   197   127   201 0.87 -
evm.utg7168.15            -            233 524165at33208        -            357      0.12   12.4   0.2   1   1    0.0002      0.19   11.8   0.2   143   186     4    45     2    69 0.80 -
evm.utg5390.15            -            614 524165at33208        -            357      0.13   12.4   2.6   1   2       5.9   5.7e+03   -2.9   0.0   144   168    34    58    32    78 0.85 -
evm.utg5390.15            -            614 524165at33208        -            357      0.13   12.4   2.6   2   2   0.00014      0.13   12.3   1.5    69   121   131   192   122   209 0.67 -
evm.utg734.39             -            188 524165at33208        -            357      0.15   12.2   0.1   1   1   0.00039      0.37   10.8   0.0   148   211    18    81    13    87 0.79 -
evm.utg1555.22            -            188 524165at33208        -            357      0.15   12.1   0.1   1   1    0.0004      0.38   10.8   0.0   148   211    18    81    13    86 0.79 -
evm.utg16094.20           -            610 524165at33208        -            357      0.17   11.9   0.9   1   2     0.042        40    4.1   0.0   156   180   162   186   148   203 0.84 -
evm.utg16094.20           -            610 524165at33208        -            357      0.17   11.9   0.9   2   2     0.018        17    5.4   0.1   156   172   230   246   213   257 0.86 -
evm.utg5513.9             -            202 524165at33208        -            357      0.18   11.9   0.0   1   2      0.88   8.4e+02   -0.2   0.0   149   171     8    30     4    37 0.86 -
evm.utg5513.9             -            202 524165at33208        -            357      0.18   11.9   0.0   2   2   0.00099      0.95    9.5   0.0    94   146   114   169   104   172 0.82 -
evm.utg597.62.1.5c22f2a6  -            196 524165at33208        -            357      0.19   11.8   0.1   1   2      0.98   9.4e+02   -0.4   0.0    96   116    38    58    33    83 0.77 -
evm.utg597.62.1.5c22f2a6  -            196 524165at33208        -            357      0.19   11.8   0.1   2   2    0.0012       1.1    9.2   0.0   152   224   112   172   108   179 0.73 -
evm.utg7217.55            -            649 524165at33208        -            357       0.2   11.7   1.5   1   3       2.3   2.2e+03   -1.6   0.0   153   222    63   133    59   154 0.64 -
evm.utg7217.55            -            649 524165at33208        -            357       0.2   11.7   1.5   2   3   0.00041      0.39   10.7   0.2    94   146   177   229   142   231 0.82 -
evm.utg7217.55            -            649 524165at33208        -            357       0.2   11.7   1.5   3   3       7.4   7.1e+03   -3.2   0.0   195   242   396   441   389   445 0.70 -
evm.utg16283.7            -            393 524165at33208        -            357       0.2   11.7   0.1   1   2    0.0023       2.2    8.3   0.0   150   172    92   114    81   163 0.82 -
evm.utg16283.7            -            393 524165at33208        -            357       0.2   11.7   0.1   2   2      0.62     6e+02    0.3   0.0   124   141   250   267   203   273 0.72 -
evm.utg405.37             -            217 524165at33208        -            357       0.2   11.7   0.0   1   1   0.00034      0.33   11.0   0.0   143   214    16    87    12   108 0.86 -
evm.utg456.43.1.5c27954d  -            281 524165at33208        -            357      0.24   11.5   0.0   1   1   0.00042      0.41   10.7   0.0   122   179    32    88    16   105 0.78 -
evm.utg2099.35            -            218 524165at33208        -            357      0.24   11.4   0.2   1   2       0.3   2.9e+02    1.3   0.0   149   181    11    43     5    74 0.83 -
evm.utg2099.35            -            218 524165at33208        -            357      0.24   11.4   0.2   2   2    0.0024       2.3    8.2   0.0    94   148   116   169    85   171 0.73 -
evm.utg7168.18            -            233 524165at33208        -            357      0.24   11.4   0.2   1   1   0.00038      0.36   10.9   0.2   143   186     4    45     2    68 0.80 -
evm.utg5033.34            -            211 524165at33208        -            357      0.25   11.4   0.0   1   1   0.00034      0.32   11.0   0.0   262   342    77   157    66   168 0.86 -
evm.utg7840.13            -            159 524165at33208        -            357      0.25   11.4   0.0   1   1   0.00028      0.27   11.3   0.0   152   175    34    57    24   112 0.85 -
evm.utg418.60             -            218 524165at33208        -            357      0.26   11.4   0.2   1   2       0.3   2.9e+02    1.3   0.0   149   181    11    43     5    74 0.83 -
evm.utg418.60             -            218 524165at33208        -            357      0.26   11.4   0.2   2   2    0.0026       2.4    8.1   0.0    94   148   116   169    85   171 0.74 -
evm.utg1455.19            -            206 524165at33208        -            357      0.27   11.3   0.1   1   2     0.022        21    5.0   0.1   150   178    11    39     6    52 0.86 -
evm.utg1455.19            -            206 524165at33208        -            357      0.27   11.3   0.1   2   2     0.043        41    4.1   0.0    95   147   120   171   118   174 0.84 -
evm.utg1455.19.1.5c22ead6 -            206 524165at33208        -            357      0.27   11.3   0.1   1   2     0.022        21    5.0   0.1   150   178    11    39     6    52 0.86 -
evm.utg1455.19.1.5c22ead6 -            206 524165at33208        -            357      0.27   11.3   0.1   2   2     0.043        41    4.1   0.0    95   147   120   171   118   174 0.84 -
evm.utg924.74             -            225 524165at33208        -            357      0.29   11.2   0.0   1   2    0.0085       8.1    6.4   0.0   150   178    24    55    20    96 0.77 -
evm.utg924.74             -            225 524165at33208        -            357      0.29   11.2   0.0   2   2       0.1        97    2.9   0.0    96   145   136   190   116   194 0.69 -
evm.utg7855.42            -            211 524165at33208        -            357      0.35   10.9   0.0   1   2   0.00087      0.84    9.7   0.0   145   217    11    83     7    97 0.89 -
evm.utg7855.42            -            211 524165at33208        -            357      0.35   10.9   0.0   2   2       3.1     3e+03   -2.0   0.0    95   145   121   170   119   177 0.62 -
evm.utg597.62             -            282 524165at33208        -            357      0.46   10.5   0.1   1   2       1.8   1.7e+03   -1.2   0.0    96   116    45    65    41    83 0.75 -
evm.utg597.62             -            282 524165at33208        -            357      0.46   10.5   0.1   2   2    0.0022       2.1    8.3   0.0   152   224   119   179   115   187 0.73 -
evm.utg2269.49            -            420 524165at33208        -            357      0.48   10.5   0.0   1   2    0.0014       1.4    9.0   0.0   152   180   111   139   103   157 0.78 -
evm.utg2269.49            -            420 524165at33208        -            357      0.48   10.5   0.0   2   2       5.6   5.4e+03   -2.9   0.0   324   354   174   204   164   207 0.72 -
evm.utg5367.21            -            349 524165at33208        -            357      0.58   10.2   0.0   1   2    0.0026       2.5    8.1   0.0   135   167   163   197   154   213 0.80 -
evm.utg5367.21            -            349 524165at33208        -            357      0.58   10.2   0.0   2   2       1.3   1.3e+03   -0.8   0.0    96   145   294   337   291   339 0.64 -
#
# Program:         hmmsearch
# Version:         3.1b2 (February 2015)
# Pipeline mode:   SEARCH
# Query file:      /uoa/scratch/users/r02hw22/project_dark_genes/busco_downloads/lineages/metazoa_odb10/hmms/524165at33208.hmm
# Target file:     /uoa/scratch/users/r02hw22/project_dark_genes/00_raw/equina_smart.rnam-trna.merged.ggf.curated.remredun.aa.fa
# Option settings: hmmsearch --domtblout /uoa/scratch/users/r02hw22/project_dark_genes/equina_busco_proteins/run_metazoa_odb10/hmmer_output/initial_run_results/524165at33208.out --cpu 1 /uoa/scratch/users/r02hw22/project_dark_genes/busco_downloads/lineages/metazoa_odb10/hmms/524165at33208.hmm /uoa/scratch/users/r02hw22/project_dark_genes/00_raw/equina_smart.rnam-trna.merged.ggf.curated.remredun.aa.fa 
# Current dir:     /uoa/scratch/users/r02hw22/project_dark_genes
# Date:            Sat Apr 25 14:42:23 2026
# [ok]
