#                                                                                            --- full sequence --- -------------- this domain -------------   hmm coord   ali coord   env coord
# target name                        accession   tlen query name           accession   qlen   E-value  score  bias   #  of  c-Evalue  i-Evalue  score  bias  from    to  from    to  from    to  acc description of target
#                ------------------- ---------- ----- -------------------- ---------- ----- --------- ------ ----- --- --- --------- --------- ------ ----- ----- ----- ----- ----- ----- ----- ---- ---------------------
evm.utg750.13                        -            760 530431at33208        -            406    1e-143  480.5  10.2   1   3   2.2e-21   8.6e-19   69.1   0.0     7    63   200   259   197   267 0.89 -
evm.utg750.13                        -            760 530431at33208        -            406    1e-143  480.5  10.2   2   3   1.2e-50   4.7e-48  165.5   0.5    60   167   280   390   277   397 0.94 -
evm.utg750.13                        -            760 530431at33208        -            406    1e-143  480.5  10.2   3   3   3.4e-76   1.3e-73  249.7   1.5   166   383   416   680   402   707 0.78 -
evm.utg1708.9                        -            733 530431at33208        -            406  2.2e-143  479.4   7.9   1   3   1.4e-20   5.4e-18   66.5   0.0     8    62   200   257   196   261 0.89 -
evm.utg1708.9                        -            733 530431at33208        -            406  2.2e-143  479.4   7.9   2   3   9.5e-51   3.7e-48  165.8   0.2    60   167   279   389   276   396 0.94 -
evm.utg1708.9                        -            733 530431at33208        -            406  2.2e-143  479.4   7.9   3   3   3.1e-76   1.2e-73  249.8   0.8   166   400   415   686   401   696 0.80 -
evm.utg622.103                       -            445 530431at33208        -            406   4.9e-90  303.7   0.4   1   1   1.7e-92   6.4e-90  303.4   0.4     8   366    29   406    24   438 0.82 -
evm.utg622.103.1.5c22f2ee            -            410 530431at33208        -            406     2e-89  301.7   0.5   1   1     7e-92   2.7e-89  301.3   0.5     8   359    29   393    24   403 0.86 -
evm.utg577.42                        -            449 530431at33208        -            406   4.1e-78  264.5   0.4   1   1   1.3e-80   4.9e-78  264.2   0.4     3   391    28   429    26   442 0.85 -
evm.utg1052.25.1.5c22e826            -            711 530431at33208        -            406   4.2e-72  244.7   4.2   1   1   1.1e-74   4.2e-72  244.7   4.2     8   385   186   585   181   600 0.78 -
evm.utg34.16                         -            973 530431at33208        -            406   4.7e-72  244.5   4.5   1   1   1.2e-74   4.7e-72  244.5   4.5     8   385   179   578   174   592 0.78 -
evm.utg1052.25                       -            750 530431at33208        -            406   4.9e-72  244.5   4.2   1   1   1.3e-74   4.9e-72  244.5   4.2     8   385   186   585   181   600 0.78 -
evm.utg798.34.3.5c22f457             -            713 530431at33208        -            406     5e-68  231.2   0.1   1   1     3e-70   1.1e-67  230.1   0.0    11   352    69   428    61   473 0.83 -
evm.utg798.34                        -            772 530431at33208        -            406   5.6e-68  231.1   0.1   1   1   3.6e-70   1.4e-67  229.8   0.0    11   352    69   428    61   473 0.83 -
evm.utg798.34.1.5c22f457             -            768 530431at33208        -            406   5.8e-68  231.1   0.1   1   1   3.6e-70   1.4e-67  229.8   0.0    11   352    69   428    61   473 0.83 -
evm.utg715.74.2.5c22f38d             -            641 530431at33208        -            406     4e-66  225.0   0.5   1   1   1.6e-68   6.3e-66  224.3   0.5    12   330   100   434    93   446 0.87 -
evm.utg715.74.1.5c22f38d             -            751 530431at33208        -            406     6e-66  224.4   0.5   1   1   2.4e-68   9.3e-66  223.8   0.5    12   330   100   434    93   446 0.87 -
evm.utg715.74                        -            819 530431at33208        -            406   7.2e-66  224.1   0.5   1   1   2.9e-68   1.1e-65  223.5   0.5    12   330   100   434    93   446 0.87 -
evm.utg738.21                        -           1086 530431at33208        -            406   1.4e-62  213.4   0.0   1   1     6e-65   2.3e-62  212.6   0.0     6   369   440   824   435   852 0.78 -
evm.utg6834.18                       -           1082 530431at33208        -            406   2.6e-62  212.4   0.0   1   1   1.1e-64   4.4e-62  211.7   0.0     6   343   436   795   431   845 0.79 -
evm.utg798.34.2.5c22f457             -            678 530431at33208        -            406   5.5e-62  211.4   0.2   1   1   3.2e-64   1.2e-61  210.2   0.0    34   352     1   338     1   383 0.82 -
evm.utg1663.5.1.5c22eba0             -            777 530431at33208        -            406   1.2e-61  210.3   3.0   1   2     3e-42   1.2e-39  137.8   0.0     6   165   373   540   370   544 0.90 -
evm.utg1663.5.1.5c22eba0             -            777 530431at33208        -            406   1.2e-61  210.3   3.0   2   2   2.2e-22   8.6e-20   72.4   0.0   165   347   566   760   552   766 0.71 -
evm.utg4576.42                       -            788 530431at33208        -            406   1.2e-61  210.2   2.3   1   2   2.9e-42   1.1e-39  137.9   0.0     6   165   373   540   370   545 0.90 -
evm.utg4576.42                       -            788 530431at33208        -            406   1.2e-61  210.2   2.3   2   2   3.5e-22   1.3e-19   71.8   0.0   165   337   566   750   552   770 0.72 -
evm.utg1663.5                        -            788 530431at33208        -            406   1.3e-61  210.2   2.3   1   2   3.1e-42   1.2e-39  137.8   0.0     6   165   373   540   370   544 0.90 -
evm.utg1663.5                        -            788 530431at33208        -            406   1.3e-61  210.2   2.3   2   2   3.6e-22   1.4e-19   71.7   0.0   165   337   566   750   552   770 0.71 -
evm.utg910.189                       -            775 530431at33208        -            406   3.8e-61  208.6   0.0   1   1   1.4e-63   5.4e-61  208.1   0.0    10   354   307   674   300   683 0.82 -
evm.utg861.25                        -            433 530431at33208        -            406   8.6e-60  204.1   0.1   1   1     3e-62   1.2e-59  203.7   0.1     9   365    51   420    47   430 0.86 -
evm.utg30804.2                       -            433 530431at33208        -            406     1e-59  203.9   0.5   1   1   3.5e-62   1.4e-59  203.5   0.5    12   356    67   422    63   431 0.86 -
evm.utg35.18                         -            432 530431at33208        -            406   1.2e-59  203.7   0.7   1   1   3.7e-62   1.4e-59  203.4   0.7    12   356    67   422    63   431 0.86 -
evm.utg5454.3                        -            526 530431at33208        -            406   2.8e-59  202.4   0.0   1   1   1.1e-60   4.1e-58  198.6   0.0     8   372    75   436    69   460 0.83 -
evm.utg2817.24                       -            755 530431at33208        -            406     4e-59  201.9   0.0   1   1   1.4e-61   5.5e-59  201.5   0.0    10   338   330   685   324   699 0.84 -
evm.utg693.8                         -            713 530431at33208        -            406   5.2e-59  201.6   0.0   1   1   1.8e-61     7e-59  201.1   0.0     9   361   155   528   150   536 0.82 -
evm.utg31304.7                       -            707 530431at33208        -            406   5.8e-59  201.4   0.0   1   1     2e-61   7.8e-59  201.0   0.0     9   361   158   531   153   539 0.82 -
evm.utg77.7                          -            591 530431at33208        -            406   6.3e-59  201.3   0.0   1   1   2.6e-61   9.9e-59  200.6   0.0     8   373    20   422    16   436 0.78 -
evm.utg4576.32                       -            705 530431at33208        -            406   1.9e-58  199.7   0.0   1   1   8.9e-61   3.5e-58  198.9   0.0     6   338   211   563   206   581 0.83 -
evm.utg1609.78                       -            745 530431at33208        -            406   2.2e-58  199.5   0.0   1   1   9.8e-61   3.8e-58  198.7   0.0     6   338   251   603   246   621 0.83 -
evm.utg2303.9                        -            413 530431at33208        -            406   5.7e-56  191.6   1.5   1   1   1.8e-58   7.1e-56  191.2   1.5     9   350    54   409    50   412 0.84 -
evm.utg86.18                         -            413 530431at33208        -            406   8.3e-56  191.0   1.6   1   1   2.6e-58     1e-55  190.7   1.6     9   350    54   409    49   412 0.84 -
evm.utg280.35.1.5c22ee3f             -            592 530431at33208        -            406   1.6e-55  190.0   0.0   1   1   8.9e-58   3.4e-55  189.0   0.0     9   331   204   557   200   578 0.83 -
evm.utg280.35                        -            655 530431at33208        -            406   2.2e-55  189.6   0.0   1   1   1.2e-57   4.6e-55  188.6   0.0     9   331   204   557   200   578 0.83 -
evm.utg790.44                        -            655 530431at33208        -            406   3.5e-55  189.0   0.0   1   1   1.8e-57   7.1e-55  187.9   0.0     9   331   203   556   199   577 0.82 -
evm.utg4383.15                       -            642 530431at33208        -            406   1.4e-54  186.9   0.5   1   1   6.3e-57   2.4e-54  186.2   0.5    11   342   233   591   228   640 0.75 -
evm.utg45299.4                       -            555 530431at33208        -            406   9.1e-54  184.3   0.0   1   2   6.2e-17   2.4e-14   54.5   0.0    12    91    91   174    84   184 0.81 -
evm.utg45299.4                       -            555 530431at33208        -            406   9.1e-54  184.3   0.0   2   2   4.4e-39   1.7e-36  127.4   0.0    82   323   250   507   245   538 0.81 -
evm.utg868.110.1.5c22f4c3            -            625 530431at33208        -            406   1.5e-53  183.5   2.0   1   1   2.9e-55   1.1e-52  180.7   0.0     9   382   147   574   141   593 0.76 -
evm.utg868.110                       -            694 530431at33208        -            406   2.8e-53  182.7   2.3   1   1   3.7e-55   1.4e-52  180.4   0.0     9   383   147   575   141   596 0.76 -
evm.utg761.5                         -            547 530431at33208        -            406   3.4e-53  182.4   0.0   1   2   3.6e-17   1.4e-14   55.2   0.0     8    93    87   176    82   186 0.81 -
evm.utg761.5                         -            547 530431at33208        -            406   3.4e-53  182.4   0.0   2   2   2.6e-38     1e-35  124.8   0.0    84   323   244   499   239   526 0.81 -
evm.utg3284.30                       -           1140 530431at33208        -            406   3.8e-53  182.3   0.0   1   1   1.4e-55   5.3e-53  181.8   0.0    12   324   674  1008   664  1035 0.81 -
evm.utg109.118                       -            547 530431at33208        -            406   3.5e-52  179.1   4.9   1   2   1.2e-42   4.7e-40  139.1   0.6     8   270    24   300    19   306 0.81 -
evm.utg109.118                       -            547 530431at33208        -            406   3.5e-52  179.1   4.9   2   2   7.8e-13     3e-10   41.0   0.3   280   369   342   434   339   458 0.69 -
evm.utg4326.50                       -            730 530431at33208        -            406   1.6e-51  176.9   0.0   1   2   2.2e-16   8.3e-14   52.7   0.0    12    91    91   174    84   184 0.80 -
evm.utg4326.50                       -            730 530431at33208        -            406   1.6e-51  176.9   0.0   2   2   2.2e-37   8.6e-35  121.8   0.0    82   320   250   504   247   556 0.80 -
evm.utg9409.19                       -            721 530431at33208        -            406     1e-50  174.2   0.1   1   1   1.3e-52   4.9e-50  172.0   0.1    10   338   309   651   303   664 0.80 -
evm.utg9409.19.1.5c22f52b            -            721 530431at33208        -            406     1e-50  174.2   0.1   1   1   1.3e-52   4.9e-50  172.0   0.1    10   338   309   651   303   664 0.80 -
evm.utg637.28                        -            400 530431at33208        -            406   1.4e-49  170.5   0.4   1   1   4.3e-52   1.6e-49  170.3   0.4    24   374     4   386     1   399 0.74 -
evm.utg1205.31                       -            963 530431at33208        -            406   2.9e-48  166.2   0.0   1   1   1.5e-50   5.8e-48  165.2   0.0    12   381    44   434    36   451 0.81 -
evm.utg715.56                        -            693 530431at33208        -            406   1.7e-47  163.6   0.0   1   1   7.1e-50   2.7e-47  163.0   0.0    46   331   143   454   139   530 0.76 -
evm.utg32107.7                       -            756 530431at33208        -            406   3.6e-47  162.6   0.0   1   2   8.7e-16   3.3e-13   50.7   0.0     9    99   116   212   110   227 0.82 -
evm.utg32107.7                       -            756 530431at33208        -            406   3.6e-47  162.6   0.0   2   2     3e-32   1.1e-29  104.9   0.0   117   388   320   642   316   659 0.75 -
evm.utg16036.45                      -            631 530431at33208        -            406     3e-46  159.5   8.3   1   2   5.8e-26   2.2e-23   84.2   0.0    35   162   178   314   150   322 0.85 -
evm.utg16036.45                      -            631 530431at33208        -            406     3e-46  159.5   8.3   2   2   3.3e-24   1.3e-21   78.4   0.1   203   348   415   576   355   626 0.72 -
evm.utg14.91                         -            321 530431at33208        -            406   5.6e-46  158.6   4.9   1   1   1.7e-48   6.4e-46  158.4   4.9   104   401     2   311     1   316 0.81 -
evm.utg20076.12                      -            321 530431at33208        -            406   5.6e-46  158.6   4.9   1   1   1.7e-48   6.4e-46  158.4   4.9   104   401     2   311     1   316 0.81 -
evm.utg1372.2                        -            321 530431at33208        -            406   5.6e-46  158.6   5.7   1   1   1.7e-48   6.6e-46  158.4   5.7   104   403     2   313     1   316 0.84 -
evm.utg910.12                        -           1070 530431at33208        -            406   1.7e-45  157.0   0.1   1   1   7.5e-48   2.9e-45  156.3   0.1    11   358   169   540   161   590 0.76 -
evm.utg116.128                       -            913 530431at33208        -            406   2.6e-43  149.9   0.8   1   1   6.6e-46   2.6e-43  149.9   0.8     6   320   512   862   507   877 0.77 -
evm.utg31304.7.1.5c22eed4            -            491 530431at33208        -            406   1.5e-41  144.0   0.0   1   1   5.3e-44     2e-41  143.6   0.0     9   285   158   455   153   470 0.82 -
evm.utg1272.60.1.5c22e9be            -            370 530431at33208        -            406   5.8e-39  135.5   0.1   1   1   1.9e-41   7.3e-39  135.2   0.1    11   327     1   338     1   364 0.77 -
evm.utg1272.60                       -            495 530431at33208        -            406   6.4e-39  135.4   0.1   1   1   2.4e-41   9.3e-39  134.9   0.1    10   327   125   463   120   489 0.77 -
evm.utg31304.7.1.5c22eed4.1.5c279361 -            453 530431at33208        -            406     8e-38  131.8   0.0   1   1   2.7e-40   1.1e-37  131.4   0.0     9   248   158   408   153   432 0.80 -
evm.utg1609.78.1.5c22eb6f            -            583 530431at33208        -            406   2.8e-37  130.0   0.0   1   1   1.3e-39   5.1e-37  129.1   0.0     6   177   251   428   246   449 0.90 -
evm.utg7821.45                       -            718 530431at33208        -            406   4.9e-37  129.2   0.4   1   1   1.7e-39   6.5e-37  128.8   0.4   111   325     3   229     1   254 0.80 -
evm.utg910.189.1.5c22f4fd            -            587 530431at33208        -            406   5.1e-37  129.1   0.0   1   1   1.8e-39   6.9e-37  128.7   0.0    10   183   307   486   300   553 0.80 -
evm.utg3092.62                       -            587 530431at33208        -            406     2e-36  127.2   0.7   1   2     1e-38   3.9e-36  126.2   0.1   133   352     8   242     1   286 0.80 -
evm.utg3092.62                       -            587 530431at33208        -            406     2e-36  127.2   0.7   2   2       7.5   2.9e+03   -1.8   0.1    96   110   473   487   471   539 0.77 -
evm.utg280.35.1.5c22ee3f.1.5c2792ec  -            454 530431at33208        -            406   2.2e-33  117.2   0.0   1   1   1.3e-35   4.8e-33  116.0   0.0     9   181   204   395   200   450 0.81 -
evm.utg4271.24                       -            571 530431at33208        -            406   1.4e-28  101.3   1.0   1   2   2.1e-21   8.3e-19   69.2   0.2    12   155   192   333   183   344 0.83 -
evm.utg4271.24                       -            571 530431at33208        -            406   1.4e-28  101.3   1.0   2   2   1.1e-09   4.1e-07   30.7   0.0   272   325   494   547   491   563 0.91 -
evm.utg73.124                        -            188 530431at33208        -            406   1.1e-25   91.9   0.1   1   1   3.5e-28   1.3e-25   91.5   0.1    11   129    65   184    57   186 0.93 -
evm.utg162231.2                      -            496 530431at33208        -            406   9.8e-24   85.4   0.1   1   2     3e-10   1.2e-07   32.4   0.0     9    60    19    69    13    75 0.85 -
evm.utg162231.2                      -            496 530431at33208        -            406   9.8e-24   85.4   0.1   2   2   7.3e-16   2.8e-13   50.9   0.0    64   166   267   372   260   426 0.86 -
evm.utg1290.22                       -            468 530431at33208        -            406   5.3e-19   69.8   0.5   1   3   0.00085      0.33   11.2   0.0    46   152    14   115    10   132 0.71 -
evm.utg1290.22                       -            468 530431at33208        -            406   5.3e-19   69.8   0.5   2   3       1.4   5.4e+02    0.6   0.1   180   250   226   301   205   313 0.68 -
evm.utg1290.22                       -            468 530431at33208        -            406   5.3e-19   69.8   0.5   3   3   7.2e-17   2.8e-14   54.2   0.0   256   338   341   430   335   454 0.84 -
evm.utg910.189.1.5c22f4fd.1.5c27987c -            435 530431at33208        -            406   1.9e-18   68.0   0.0   1   1   7.1e-21   2.7e-18   67.4   0.0    10   118   307   419   300   422 0.86 -
evm.utg73.123                        -            229 530431at33208        -            406   4.8e-17   63.3   0.6   1   1   1.3e-19   5.2e-17   63.2   0.6   165   327    21   195     1   227 0.75 -
evm.utg26120.6                       -            126 530431at33208        -            406   5.9e-16   59.8   0.1   1   1   1.6e-18   6.1e-16   59.7   0.1   280   368     2    95     1   122 0.74 -
evm.utg1290.22.1.5c22ea09            -            407 530431at33208        -            406   1.5e-15   58.4   0.7   1   3       6.7   2.6e+03   -1.6   0.0   136   153    38    55     8    69 0.64 -
evm.utg1290.22.1.5c22ea09            -            407 530431at33208        -            406   1.5e-15   58.4   0.7   2   3       1.1   4.3e+02    0.9   0.1   180   250   165   240   143   252 0.69 -
evm.utg1290.22.1.5c22ea09            -            407 530431at33208        -            406   1.5e-15   58.4   0.7   3   3   5.7e-17   2.2e-14   54.6   0.0   256   339   280   370   274   393 0.84 -
evm.utg1005.80                       -            366 530431at33208        -            406   1.6e-15   58.3   0.4   1   1   1.8e-17   7.1e-15   56.2   0.4   189   325   119   248   106   265 0.66 -
evm.utg1205.31.1.5c22e93e            -            802 530431at33208        -            406   1.8e-15   58.1   0.0   1   1     7e-18   2.7e-15   57.6   0.0   231   381   112   273    87   290 0.73 -
evm.utg637.29.1.5c22f302.1.5c2796da  -            754 530431at33208        -            406   1.3e-11   45.4   0.1   1   1   8.9e-14   3.4e-11   44.1   0.0     3   329    79   427    77   479 0.77 -
evm.utg637.29.1.5c22f302             -           1032 530431at33208        -            406     5e-11   43.5   1.3   1   1   1.8e-13   7.1e-11   43.0   0.0     3   329   545   893   543   941 0.77 -
evm.utg637.29                        -           1220 530431at33208        -            406     1e-10   42.5   0.0   1   1   2.6e-13     1e-10   42.5   0.0     3   329   545   893   543   939 0.77 -
evm.utg15716.7                       -            653 530431at33208        -            406     4e-10   40.6   0.0   1   1   1.9e-12   7.4e-10   39.7   0.0    19   327    90   418    80   477 0.79 -
evm.utg17379.1.1.5c22ebd9            -           1090 530431at33208        -            406   4.8e-10   40.3   0.0   1   1   7.2e-12   2.8e-09   37.8   0.0    11   333   673  1040   667  1055 0.68 -
evm.utg17379.1                       -           1321 530431at33208        -            406   6.4e-10   39.9   0.0   1   1   8.6e-12   3.3e-09   37.5   0.0    11   337   673  1044   667  1088 0.70 -
evm.utg3235.22                       -           1214 530431at33208        -            406   1.2e-09   39.0   0.0   1   2   2.9e-07   0.00011   22.6   0.0    17   153    56   192    43   205 0.84 -
evm.utg3235.22                       -           1214 530431at33208        -            406   1.2e-09   39.0   0.0   2   2   0.00014     0.055   13.8   0.0   229   318   283   382   272   423 0.68 -
evm.utg125.71                        -           2133 530431at33208        -            406   5.2e-09   36.9   0.3   1   3   0.00013      0.05   13.9   0.1    17   146   474   610   466   635 0.80 -
evm.utg125.71                        -           2133 530431at33208        -            406   5.2e-09   36.9   0.3   2   3       8.3   3.2e+03   -1.9   0.1   325   361   696   732   692   762 0.80 -
evm.utg125.71                        -           2133 530431at33208        -            406   5.2e-09   36.9   0.3   3   3   2.5e-06   0.00096   19.5   0.0    13   145  1317  1448  1307  1465 0.76 -
evm.utg514.11                        -           2133 530431at33208        -            406   5.3e-09   36.8   0.0   1   1   7.2e-11   2.8e-08   34.5   0.0    11   306   673  1008   667  1055 0.66 -
evm.utg16050.17.1.5c22eb66           -           1615 530431at33208        -            406   9.9e-09   36.0   0.0   1   1   1.5e-10   5.8e-08   33.4   0.0    11   303   673  1005   667  1055 0.66 -
evm.utg16050.17.2.5c22eb66           -           2176 530431at33208        -            406   1.7e-08   35.2   0.0   1   1   2.4e-10   9.3e-08   32.8   0.0    11   303   673  1005   667  1055 0.66 -
evm.utg16050.17                      -           2178 530431at33208        -            406   1.7e-08   35.2   0.0   1   1   2.4e-10   9.3e-08   32.8   0.0    11   303   673  1005   667  1055 0.66 -
evm.utg4383.18                       -            669 530431at33208        -            406   1.8e-08   35.1   0.1   1   1   1.5e-10   5.6e-08   33.5   0.0   137   329   133   342    99   397 0.74 -
evm.utg26120.4                       -            296 530431at33208        -            406   4.5e-08   33.8   0.0   1   2   1.2e-10   4.5e-08   33.8   0.0   113   162   128   178    93   187 0.89 -
evm.utg26120.4                       -            296 530431at33208        -            406   4.5e-08   33.8   0.0   2   2      0.63   2.4e+02    1.7   0.0   164   185   225   246   219   254 0.86 -
evm.utg1285.90                       -           1148 530431at33208        -            406     5e-08   33.6   3.7   1   3      0.01       3.9    7.7   0.1    21   155   473   614   464   626 0.65 -
evm.utg1285.90                       -           1148 530431at33208        -            406     5e-08   33.6   3.7   2   3       0.4   1.5e+02    2.4   0.0    63   111   843   894   834   900 0.82 -
evm.utg1285.90                       -           1148 530431at33208        -            406     5e-08   33.6   3.7   3   3   5.3e-07    0.0002   21.8   1.7   271   393   901  1017   885  1029 0.66 -
evm.utg5370.19                       -             84 530431at33208        -            406   8.5e-08   32.9   0.1   1   1   2.3e-10   8.7e-08   32.9   0.1   271   322    26    77     3    82 0.93 -
evm.utg27.92                         -            684 530431at33208        -            406   9.9e-08   32.7   0.0   1   1   1.6e-09   6.2e-07   30.0   0.0    11   331   276   616   266   664 0.66 -
evm.utg1465.62                       -            563 530431at33208        -            406   1.2e-07   32.4   0.0   1   2     0.002      0.76   10.0   0.0    20    89    38   109    24   166 0.76 -
evm.utg1465.62                       -            563 530431at33208        -            406   1.2e-07   32.4   0.0   2   2   1.8e-06   0.00068   20.0   0.0   271   323   339   391   335   417 0.92 -
evm.utg1253.71                       -            610 530431at33208        -            406   1.3e-07   32.3   0.0   1   2    0.0022      0.87    9.8   0.0    20    88    38   108    24   166 0.76 -
evm.utg1253.71                       -            610 530431at33208        -            406   1.3e-07   32.3   0.0   2   2   1.9e-06   0.00073   19.9   0.0   271   324   339   392   335   420 0.91 -
evm.utg9023.13                       -           1495 530431at33208        -            406   2.5e-07   31.4   0.1   1   2      0.59   2.3e+02    1.8   0.0    10    70   626   683   619   724 0.79 -
evm.utg9023.13                       -           1495 530431at33208        -            406   2.5e-07   31.4   0.1   2   2     2e-08   7.8e-06   26.4   0.1   257   354   924  1026   910  1073 0.70 -
evm.utg9227.12                       -            843 530431at33208        -            406   3.3e-07   31.0   0.2   1   2      0.32   1.2e+02    2.7   0.0    10    70   186   243   179   290 0.79 -
evm.utg9227.12                       -            843 530431at33208        -            406   3.3e-07   31.0   0.2   2   2   3.7e-08   1.4e-05   25.6   0.1   257   354   484   586   469   633 0.71 -
evm.utg1919.14                       -           2556 530431at33208        -            406   4.8e-07   30.4   0.0   1   2    0.0046       1.8    8.8   0.0    37   192   135   290   118   300 0.82 -
evm.utg1919.14                       -           2556 530431at33208        -            406   4.8e-07   30.4   0.0   2   2     4e-06    0.0015   18.9   0.0   271   334   588   652   551   708 0.81 -
evm.utg729.140                       -           1516 530431at33208        -            406   6.1e-07   30.1   0.1   1   2      0.45   1.7e+02    2.2   0.1    27   166    45   188    33   221 0.77 -
evm.utg729.140                       -           1516 530431at33208        -            406   6.1e-07   30.1   0.1   2   2   4.6e-08   1.8e-05   25.3   0.0   271   338   463   529   442   550 0.84 -
evm.utg920.8                         -            607 530431at33208        -            406   8.8e-07   29.5   0.0   1   1     4e-09   1.5e-06   28.7   0.0   231   323    32   141    23   163 0.68 -
evm.utg594.46                        -           1418 530431at33208        -            406   1.6e-06   28.7   0.0   1   2   5.7e-07   0.00022   21.7   0.0    12   186   831  1006   822  1017 0.75 -
evm.utg594.46                        -           1418 530431at33208        -            406   1.6e-06   28.7   0.0   2   2     0.085        33    4.6   0.0   269   326  1114  1172  1065  1182 0.86 -
evm.utg699.32                        -           1145 530431at33208        -            406   1.7e-06   28.6   0.0   1   2   0.00042      0.16   12.2   0.0    40   153     3   116     1   129 0.84 -
evm.utg699.32                        -           1145 530431at33208        -            406   1.7e-06   28.6   0.0   2   2   0.00014     0.052   13.8   0.0   229   318   207   306   196   346 0.68 -
evm.utg12030.15                      -            119 530431at33208        -            406   2.5e-06   28.1   0.0   1   1   7.5e-09   2.9e-06   27.8   0.0   259   311     7    59     5    82 0.89 -
evm.utg116.12                        -           1379 530431at33208        -            406   4.4e-06   27.2   0.0   1   1   3.1e-08   1.2e-05   25.8   0.0   267   337   319   389   209   398 0.82 -
evm.utg436.49                        -           1493 530431at33208        -            406   4.7e-06   27.1   0.1   1   2       1.2   4.8e+02    0.8   0.0     9    70   620   678   613   716 0.77 -
evm.utg436.49                        -           1493 530431at33208        -            406   4.7e-06   27.1   0.1   2   2   1.9e-07   7.2e-05   23.2   0.0   257   313   919   982   905  1034 0.80 -
evm.utg126.149.1.5c22e9a2            -           2198 530431at33208        -            406   5.4e-06   27.0   0.6   1   2    0.0001     0.039   14.2   0.4    14   146   491   630   485   650 0.83 -
evm.utg126.149.1.5c22e9a2            -           2198 530431at33208        -            406   5.4e-06   27.0   0.6   2   2    0.0016      0.63   10.3   0.0    12   145  1339  1471  1331  1496 0.80 -
evm.utg5960.4                        -            632 530431at33208        -            406   6.3e-06   26.7   0.0   1   2    0.0035       1.4    9.2   0.0    29    74    37    85    17    97 0.79 -
evm.utg5960.4                        -            632 530431at33208        -            406   6.3e-06   26.7   0.0   2   2   7.5e-05     0.029   14.7   0.0   271   322   330   381   320   387 0.89 -
evm.utg31.8                          -            451 530431at33208        -            406   6.9e-06   26.6   0.2   1   2     0.051        20    5.3   0.0   109   198    35   123     5   131 0.78 -
evm.utg31.8                          -            451 530431at33208        -            406   6.9e-06   26.6   0.2   2   2   3.7e-06    0.0014   19.0   0.0   271   318   234   281   225   317 0.83 -
evm.utg29.3                          -            456 530431at33208        -            406   7.4e-06   26.5   0.2   1   2     0.034        13    5.9   0.0   109   198    35   123     5   131 0.79 -
evm.utg29.3                          -            456 530431at33208        -            406   7.4e-06   26.5   0.2   2   2     5e-06    0.0019   18.5   0.0   271   317   234   280   227   315 0.84 -
evm.utg11411.7                       -           2161 530431at33208        -            406   7.7e-06   26.5   0.0   1   2   1.3e-06   0.00051   20.4   0.0    12   186   913  1088   905  1099 0.74 -
evm.utg11411.7                       -           2161 530431at33208        -            406   7.7e-06   26.5   0.0   2   2       0.2        79    3.4   0.0   271   326  1198  1254  1180  1263 0.89 -
evm.utg785.15                        -            244 530431at33208        -            406   1.1e-05   26.0   0.0   1   1   3.9e-08   1.5e-05   25.5   0.0   270   313    56    99    51   141 0.91 -
evm.utg8609.11                       -           1035 530431at33208        -            406   1.2e-05   25.8   0.2   1   2    0.0053       2.1    8.6   0.0    27   155   431   553   420   566 0.81 -
evm.utg8609.11                       -           1035 530431at33208        -            406   1.2e-05   25.8   0.2   2   2   8.1e-05     0.031   14.6   0.1   271   347   853   927   846   994 0.68 -
evm.utg1721.11                       -            620 530431at33208        -            406   5.2e-05   23.7   0.0   1   1   5.3e-07   0.00021   21.7   0.0   271   326   352   407   319   423 0.87 -
evm.utg347.21                        -            609 530431at33208        -            406   5.8e-05   23.6   0.0   1   1   5.2e-07    0.0002   21.8   0.0   271   326   341   396   308   412 0.87 -
evm.utg401.21                        -           1545 530431at33208        -            406   0.00012   22.5   0.0   1   2     0.092        36    4.5   0.0     9   149   167   313   161   323 0.65 -
evm.utg401.21                        -           1545 530431at33208        -            406   0.00012   22.5   0.0   2   2   4.1e-05     0.016   15.5   0.0   270   339   614   683   601   709 0.86 -
evm.utg2690.19                       -           1183 530431at33208        -            406   0.00015   22.2   0.0   1   2   2.4e-05    0.0093   16.3   0.0    11   188    36   216    27   232 0.76 -
evm.utg2690.19                       -           1183 530431at33208        -            406   0.00015   22.2   0.0   2   2      0.26     1e+02    3.0   0.0   271   326   332   387   282   411 0.86 -
evm.utg1463.24                       -            609 530431at33208        -            406   0.00022   21.6   0.0   1   1   1.6e-06    0.0006   20.2   0.0   271   326   341   396   309   412 0.87 -
evm.utg334.31                        -            479 530431at33208        -            406   0.00023   21.6   0.0   1   1   8.8e-07   0.00034   21.0   0.0   271   365   293   384   269   424 0.73 -
evm.utg19612.3                       -           1598 530431at33208        -            406   0.00023   21.6   0.4   1   2       5.9   2.3e+03   -1.4   0.1   325   361   161   197   156   228 0.79 -
evm.utg19612.3                       -           1598 530431at33208        -            406   0.00023   21.6   0.4   2   2   2.7e-06    0.0011   19.4   0.0    15   146   784   914   773   931 0.76 -
evm.utg1734.27                       -            293 530431at33208        -            406   0.00027   21.3   0.1   1   2   1.9e-06   0.00074   19.9   0.0   271   325    30    84    22    94 0.93 -
evm.utg1734.27                       -            293 530431at33208        -            406   0.00027   21.3   0.1   2   2       6.9   2.7e+03   -1.7   0.1   197   250   162   217   151   270 0.58 -
evm.utg126.149.2.5c22e9a2            -           1829 530431at33208        -            406   0.00033   21.1   0.4   1   2   8.1e-05     0.031   14.6   0.4    14   146   255   394   249   414 0.83 -
evm.utg126.149.2.5c22e9a2            -           1829 530431at33208        -            406   0.00033   21.1   0.4   2   2      0.16        63    3.7   0.0    12    53  1103  1144  1095  1158 0.83 -
evm.utg31.58                         -            248 530431at33208        -            406   0.00043   20.7   0.1   1   1   1.6e-06   0.00061   20.2   0.1   271   319    26    74    18   110 0.83 -
evm.utg126.149                       -           2065 530431at33208        -            406   0.00043   20.7   0.4   1   2   9.5e-05     0.037   14.3   0.4    14   146   491   630   485   650 0.83 -
evm.utg126.149                       -           2065 530431at33208        -            406   0.00043   20.7   0.4   2   2      0.19        72    3.5   0.0    12    53  1339  1380  1331  1394 0.83 -
evm.utg1571.14                       -           1118 530431at33208        -            406   0.00052   20.4   0.4   1   2      0.24        93    3.1   0.0    67   155   477   563   417   576 0.73 -
evm.utg1571.14                       -           1118 530431at33208        -            406   0.00052   20.4   0.4   2   2   7.6e-05      0.03   14.6   0.1   271   343   863   933   856  1012 0.67 -
evm.utg1285.88                       -           1044 530431at33208        -            406    0.0012   19.2   0.1   1   2      0.38   1.5e+02    2.5   0.0   108   150   555   596   464   617 0.84 -
evm.utg1285.88                       -           1044 530431at33208        -            406    0.0012   19.2   0.1   2   2   0.00012     0.045   14.1   0.0   272   348   827   906   818   956 0.76 -
evm.utg5879.13                       -            248 530431at33208        -            406    0.0015   18.9   0.0   1   1   5.4e-06    0.0021   18.4   0.0   271   318    26    73    20   109 0.80 -
evm.utg19590.8                       -            240 530431at33208        -            406    0.0027   18.1   0.0   1   1   1.2e-05    0.0045   17.3   0.0   271   326    26    81    21   113 0.84 -
evm.utg10385.10                      -            568 530431at33208        -            406     0.005   17.2   0.0   1   2       8.5   3.3e+03   -2.0   0.0    49    74    22    49    20    58 0.77 -
evm.utg10385.10                      -            568 530431at33208        -            406     0.005   17.2   0.0   2   2   5.8e-05     0.022   15.0   0.0   271   322   294   345   263   351 0.89 -
evm.utg936.39                        -            402 530431at33208        -            406    0.0053   17.1   0.0   1   1   1.8e-05    0.0071   16.7   0.0   272   358   218   311   193   356 0.80 -
evm.utg1285.85                       -            987 530431at33208        -            406    0.0068   16.7   4.7   1   2      0.65   2.5e+02    1.7   0.1    20   146   302   426   293   447 0.67 -
evm.utg1285.85                       -            987 530431at33208        -            406    0.0068   16.7   4.7   2   2   3.2e-05     0.012   15.9   0.2   231   323   676   779   581   857 0.68 -
evm.utg816.1                         -            155 530431at33208        -            406    0.0077   16.6   0.0   1   1   2.5e-05    0.0098   16.2   0.0    11   123    15   127    11   133 0.79 -
evm.utg992.34                        -            590 530431at33208        -            406    0.0083   16.5   0.0   1   1   6.9e-05     0.027   14.8   0.0   271   322   287   338   277   344 0.89 -
evm.utg1285.86                       -           1173 530431at33208        -            406     0.013   15.8   2.6   1   4       6.9   2.7e+03   -1.7   0.1   309   379   291   362   280   384 0.73 -
evm.utg1285.86                       -           1173 530431at33208        -            406     0.013   15.8   2.6   2   4      0.32   1.2e+02    2.7   0.0    24   151   570   703   561   725 0.54 -
evm.utg1285.86                       -           1173 530431at33208        -            406     0.013   15.8   2.6   3   4       7.4   2.9e+03   -1.8   0.0    61   111   864   921   857   926 0.82 -
evm.utg1285.86                       -           1173 530431at33208        -            406     0.013   15.8   2.6   4   4    0.0011      0.43   10.8   0.0   271   310   928   967   910   982 0.79 -
evm.utg1205.65                       -           1137 530431at33208        -            406      0.05   13.9   0.6   1   2       9.2   3.5e+03   -2.1   0.0    40    78   597   625   588   650 0.55 -
evm.utg1205.65                       -           1137 530431at33208        -            406      0.05   13.9   0.6   2   2   0.00034      0.13   12.5   0.1   270   340  1050  1117  1035  1129 0.78 -
evm.utg1931.60.2.5c22ec72            -           1446 530431at33208        -            406     0.072   13.4   0.1   1   2    0.0034       1.3    9.2   0.0    10    82   166   238   162   255 0.88 -
evm.utg1931.60.2.5c22ec72            -           1446 530431at33208        -            406     0.072   13.4   0.1   2   2      0.82   3.2e+02    1.4   0.0   254   293   764   810   720   817 0.84 -
evm.utg8792.29                       -            694 530431at33208        -            406      0.08   13.2   0.0   1   2    0.0045       1.7    8.8   0.1    14    87    54   122    47   219 0.76 -
evm.utg8792.29                       -            694 530431at33208        -            406      0.08   13.2   0.0   2   2      0.68   2.6e+02    1.6   0.0   270   293   329   352   299   359 0.76 -
evm.utg1931.60                       -           1639 530431at33208        -            406     0.096   13.0   0.1   1   2     0.004       1.5    9.0   0.0    10    82   166   238   162   254 0.88 -
evm.utg1931.60                       -           1639 530431at33208        -            406     0.096   13.0   0.1   2   2      0.94   3.6e+02    1.2   0.0   254   293   764   810   720   817 0.84 -
evm.utg1931.60.1.5c22ec71            -           1633 530431at33208        -            406     0.096   12.9   0.1   1   2    0.0039       1.5    9.0   0.0    10    82   160   232   156   248 0.88 -
evm.utg1931.60.1.5c22ec71            -           1633 530431at33208        -            406     0.096   12.9   0.1   2   2      0.94   3.6e+02    1.2   0.0   254   293   758   804   714   811 0.84 -
evm.utg1022.42.44                    -            700 530431at33208        -            406      0.16   12.2   1.1   1   2    0.0049       1.9    8.7   0.1    14    81    60   125    54   221 0.77 -
evm.utg1022.42.44                    -            700 530431at33208        -            406      0.16   12.2   1.1   2   2      0.68   2.6e+02    1.6   0.0   270   293   335   358   305   365 0.76 -
evm.utg370.51                        -            275 530431at33208        -            406      0.25   11.6   0.0   1   1   0.00066      0.25   11.6   0.0   104   171   191   261   142   266 0.82 -
evm.utg19590.12                      -             82 530431at33208        -            406       0.3   11.3   0.0   1   1   0.00077       0.3   11.3   0.0    20    50    38    67    20    79 0.76 -
evm.utg15164.9                       -            522 530431at33208        -            406      0.35   11.1   0.0   1   1    0.0018      0.68   10.2   0.0    20    89    38   109    24   166 0.76 -
evm.utg405.73                        -            554 530431at33208        -            406      0.39   10.9   0.0   1   1    0.0019      0.75   10.0   0.0    20    89    38   109    24   166 0.76 -
evm.utg3677.35                       -            138 530431at33208        -            406      0.43   10.8   0.0   1   1    0.0011      0.44   10.8   0.0    10    51    48    88    16   124 0.86 -
evm.utg2969.3                        -            151 530431at33208        -            406      0.45   10.8   0.1   1   1     0.002      0.78   10.0   0.0   111   186    51   130    34   139 0.81 -
#
# Program:         hmmsearch
# Version:         3.1b2 (February 2015)
# Pipeline mode:   SEARCH
# Query file:      /uoa/scratch/users/r02hw22/project_dark_genes/busco_downloads/lineages/metazoa_odb10/hmms/530431at33208.hmm
# Target file:     /uoa/scratch/users/r02hw22/project_dark_genes/00_raw/equina_smart.rnam-trna.merged.ggf.curated.remredun.aa.fa
# Option settings: hmmsearch --domtblout /uoa/scratch/users/r02hw22/project_dark_genes/equina_busco_proteins/run_metazoa_odb10/hmmer_output/initial_run_results/530431at33208.out --cpu 1 /uoa/scratch/users/r02hw22/project_dark_genes/busco_downloads/lineages/metazoa_odb10/hmms/530431at33208.hmm /uoa/scratch/users/r02hw22/project_dark_genes/00_raw/equina_smart.rnam-trna.merged.ggf.curated.remredun.aa.fa 
# Current dir:     /uoa/scratch/users/r02hw22/project_dark_genes
# Date:            Sat Apr 25 14:42:45 2026
# [ok]
