#                                                                            --- full sequence --- -------------- this domain -------------   hmm coord   ali coord   env coord
# target name        accession   tlen query name           accession   qlen   E-value  score  bias   #  of  c-Evalue  i-Evalue  score  bias  from    to  from    to  from    to  acc description of target
#------------------- ---------- ----- -------------------- ---------- ----- --------- ------ ----- --- --- --------- --------- ------ ----- ----- ----- ----- ----- ----- ----- ---- ---------------------
evm.utg172.62        -            305 533690at33208        -            183   1.6e-77  260.6   4.9   1   1   1.8e-80   1.7e-76  257.3   4.9     1   183    86   304    86   304 0.89 -
evm.utg1708.8        -            341 533690at33208        -            183   2.2e-37  129.8   0.9   1   1   1.9e-40   1.7e-36  126.9   0.9     6   180   151   334   124   337 0.84 -
evm.utg750.14        -            395 533690at33208        -            183   4.3e-37  128.8   1.2   1   1   3.6e-40   3.4e-36  126.0   1.2     6   180   205   388   178   391 0.83 -
evm.utg6123.10       -            341 533690at33208        -            183   6.6e-05   24.0   0.0   1   1   7.8e-08   0.00072   20.6   0.0    31   160   113   260    99   278 0.74 -
evm.utg505.57        -           2288 533690at33208        -            183     0.023   15.7   0.1   1   2    0.0095        88    4.0   0.1    53    81    86   114    53   193 0.73 -
evm.utg505.57        -           2288 533690at33208        -            183     0.023   15.7   0.1   2   2    0.0003       2.7    8.9   0.0   134   176   259   301   255   307 0.89 -
evm.utg1236.41       -           2503 533690at33208        -            183      0.12   13.3   0.1   1   2     0.011        98    3.9   0.1    53    81    86   114    53   193 0.73 -
evm.utg1236.41       -           2503 533690at33208        -            183      0.12   13.3   0.1   2   2    0.0013        12    6.8   0.0   134   176   259   301   255   307 0.88 -
#
# Program:         hmmsearch
# Version:         3.1b2 (February 2015)
# Pipeline mode:   SEARCH
# Query file:      /uoa/scratch/users/r02hw22/project_dark_genes/busco_downloads/lineages/metazoa_odb10/hmms/533690at33208.hmm
# Target file:     /uoa/scratch/users/r02hw22/project_dark_genes/00_raw/equina_smart.rnam-trna.merged.ggf.curated.remredun.aa.fa
# Option settings: hmmsearch --domtblout /uoa/scratch/users/r02hw22/project_dark_genes/equina_busco_proteins/run_metazoa_odb10/hmmer_output/initial_run_results/533690at33208.out --cpu 1 /uoa/scratch/users/r02hw22/project_dark_genes/busco_downloads/lineages/metazoa_odb10/hmms/533690at33208.hmm /uoa/scratch/users/r02hw22/project_dark_genes/00_raw/equina_smart.rnam-trna.merged.ggf.curated.remredun.aa.fa 
# Current dir:     /uoa/scratch/users/r02hw22/project_dark_genes
# Date:            Sat Apr 25 14:42:37 2026
# [ok]
