#                                                                            --- full sequence --- -------------- this domain -------------   hmm coord   ali coord   env coord
# target name        accession   tlen query name           accession   qlen   E-value  score  bias   #  of  c-Evalue  i-Evalue  score  bias  from    to  from    to  from    to  acc description of target
#------------------- ---------- ----- -------------------- ---------- ----- --------- ------ ----- --- --- --------- --------- ------ ----- ----- ----- ----- ----- ----- ----- ---- ---------------------
evm.utg590.3         -            347 535664at33208        -            134      0.08   14.3   0.7   1   2   7.2e-06      0.08   14.3   0.7    55   129     5    82     2    88 0.84 -
evm.utg590.3         -            347 535664at33208        -            134      0.08   14.3   0.7   2   2      0.16   1.8e+03    0.2   0.7    79   112    93   126    79   147 0.63 -
evm.utg47.17         -             94 535664at33208        -            134      0.13   13.6   3.3   1   1   1.4e-05      0.15   13.4   3.3    65   115    26    79    24    93 0.73 -
evm.utg8152.5        -            782 535664at33208        -            134      0.19   13.1   0.0   1   1   3.3e-05      0.37   12.1   0.0    68   128   636   696   625   701 0.86 -
evm.utg26120.30      -            680 535664at33208        -            134      0.43   11.9   0.1   1   1   9.4e-05         1   10.6   0.1    76   128   542   594   516   599 0.80 -
evm.utg8152.3        -            438 535664at33208        -            134       4.6    8.5   5.4   1   3      0.43   4.7e+03   -1.2   0.8    57    57   147   147    90   213 0.62 -
evm.utg8152.3        -            438 535664at33208        -            134       4.6    8.5   5.4   2   3      0.18     2e+03    0.1   0.1    73   109   212   245   180   256 0.57 -
evm.utg8152.3        -            438 535664at33208        -            134       4.6    8.5   5.4   3   3    0.0004       4.4    8.6   0.1    92   129   380   417   365   421 0.81 -
#
# Program:         hmmsearch
# Version:         3.1b2 (February 2015)
# Pipeline mode:   SEARCH
# Query file:      /uoa/scratch/users/r02hw22/project_dark_genes/busco_downloads/lineages/metazoa_odb10/hmms/535664at33208.hmm
# Target file:     /uoa/scratch/users/r02hw22/project_dark_genes/00_raw/equina_smart.rnam-trna.merged.ggf.curated.remredun.aa.fa
# Option settings: hmmsearch --domtblout /uoa/scratch/users/r02hw22/project_dark_genes/equina_busco_proteins/run_metazoa_odb10/hmmer_output/initial_run_results/535664at33208.out --cpu 1 /uoa/scratch/users/r02hw22/project_dark_genes/busco_downloads/lineages/metazoa_odb10/hmms/535664at33208.hmm /uoa/scratch/users/r02hw22/project_dark_genes/00_raw/equina_smart.rnam-trna.merged.ggf.curated.remredun.aa.fa 
# Current dir:     /uoa/scratch/users/r02hw22/project_dark_genes
# Date:            Sat Apr 25 14:42:47 2026
# [ok]
