#                                                                            --- full sequence --- -------------- this domain -------------   hmm coord   ali coord   env coord
# target name        accession   tlen query name           accession   qlen   E-value  score  bias   #  of  c-Evalue  i-Evalue  score  bias  from    to  from    to  from    to  acc description of target
#------------------- ---------- ----- -------------------- ---------- ----- --------- ------ ----- --- --- --------- --------- ------ ----- ----- ----- ----- ----- ----- ----- ---- ---------------------
evm.utg5454.5        -            551 540193at33208        -            161   9.4e-51  173.5  21.2   1   5       1.4     2e+04   -3.1   0.4    39    45    22    28     6    40 0.48 -
evm.utg5454.5        -            551 540193at33208        -            161   9.4e-51  173.5  21.2   2   5      0.74     1e+04   -2.2   0.1     4    36   136   168   133   203 0.65 -
evm.utg5454.5        -            551 540193at33208        -            161   9.4e-51  173.5  21.2   3   5      0.26   3.6e+03   -0.7   0.2     3    13   294   304   279   321 0.57 -
evm.utg5454.5        -            551 540193at33208        -            161   9.4e-51  173.5  21.2   4   5     0.013   1.8e+02    3.6   2.6     2    49   342   389   334   395 0.85 -
evm.utg5454.5        -            551 540193at33208        -            161   9.4e-51  173.5  21.2   5   5   6.8e-55   9.4e-51  173.5  21.2    20   161   389   550   377   550 0.81 -
evm.utg1137.16       -            344 540193at33208        -            161     0.016   16.7   4.6   1   1     2e-06     0.027   15.9   4.6    14    87   248   324   234   332 0.66 -
evm.utg112.31        -            197 540193at33208        -            161      0.44   12.0   1.0   1   1   4.7e-05      0.66   11.5   1.0    36   102   127   189   103   195 0.80 -
evm.utg5950.70       -            762 540193at33208        -            161       3.3    9.2   6.0   1   3     0.075     1e+03    1.0   1.9    41    86   212   255   182   297 0.72 -
evm.utg5950.70       -            762 540193at33208        -            161       3.3    9.2   6.0   2   3       2.3   3.2e+04   -3.8   0.0    82   106   366   390   356   395 0.67 -
evm.utg5950.70       -            762 540193at33208        -            161       3.3    9.2   6.0   3   3   0.00031       4.3    8.8   0.2    12    61   472   521   463   532 0.83 -
#
# Program:         hmmsearch
# Version:         3.1b2 (February 2015)
# Pipeline mode:   SEARCH
# Query file:      /uoa/scratch/users/r02hw22/project_dark_genes/busco_downloads/lineages/metazoa_odb10/hmms/540193at33208.hmm
# Target file:     /uoa/scratch/users/r02hw22/project_dark_genes/00_raw/equina_smart.rnam-trna.merged.ggf.curated.remredun.aa.fa
# Option settings: hmmsearch --domtblout /uoa/scratch/users/r02hw22/project_dark_genes/equina_busco_proteins/run_metazoa_odb10/hmmer_output/initial_run_results/540193at33208.out --cpu 1 /uoa/scratch/users/r02hw22/project_dark_genes/busco_downloads/lineages/metazoa_odb10/hmms/540193at33208.hmm /uoa/scratch/users/r02hw22/project_dark_genes/00_raw/equina_smart.rnam-trna.merged.ggf.curated.remredun.aa.fa 
# Current dir:     /uoa/scratch/users/r02hw22/project_dark_genes
# Date:            Sat Apr 25 14:42:40 2026
# [ok]
