#                                                                                 --- full sequence --- -------------- this domain -------------   hmm coord   ali coord   env coord
# target name             accession   tlen query name           accession   qlen   E-value  score  bias   #  of  c-Evalue  i-Evalue  score  bias  from    to  from    to  from    to  acc description of target
#     ------------------- ---------- ----- -------------------- ---------- ----- --------- ------ ----- --- --- --------- --------- ------ ----- ----- ----- ----- ----- ----- ----- ---- ---------------------
evm.utg861.23             -            552 544849at33208        -            133   1.9e-45  155.9  10.9   1   2   2.7e-28   3.5e-25   90.4   1.8     2    79   354   431   353   436 0.94 -
evm.utg861.23             -            552 544849at33208        -            133   1.9e-45  155.9  10.9   2   2   1.4e-21   1.8e-18   68.7   3.1    57   132   442   519   428   520 0.82 -
evm.utg861.23.1.5c22f4a3  -            522 544849at33208        -            133   3.6e-28  100.0   5.6   1   2   2.4e-28     3e-25   90.6   1.7     2    79   354   431   353   436 0.94 -
evm.utg861.23.1.5c22f4a3  -            522 544849at33208        -            133   3.6e-28  100.0   5.6   2   2    0.0018       2.2   10.1   0.2    57    93   442   478   427   488 0.68 -
evm.utg6459.29            -            961 544849at33208        -            133   2.6e-27   97.3  16.2   1   4   2.1e-11   2.7e-08   35.7   0.4     2    47   386   428   385   431 0.93 -
evm.utg6459.29            -            961 544849at33208        -            133   2.6e-27   97.3  16.2   2   4   3.5e-09   4.4e-06   28.5   2.5     4    40   420   455   419   491 0.74 -
evm.utg6459.29            -            961 544849at33208        -            133   2.6e-27   97.3  16.2   3   4   8.6e-09   1.1e-05   27.3   0.2     4    36   498   530   495   537 0.91 -
evm.utg6459.29            -            961 544849at33208        -            133   2.6e-27   97.3  16.2   4   4   1.1e-06    0.0014   20.5   0.1     2    34   536   568   535   574 0.93 -
evm.utg20678.8            -           1479 544849at33208        -            133   6.5e-13   50.7   2.0   1   1   1.7e-15   2.1e-12   49.0   2.0     4    72   239   319   237   327 0.84 -
evm.utg382.38             -           1078 544849at33208        -            133   8.7e-13   50.2   0.2   1   1   2.6e-15   3.2e-12   48.4   0.2     2    87     8   105     7   130 0.90 -
evm.utg2279.2             -           1467 544849at33208        -            133   1.7e-12   49.3   1.4   1   1   4.8e-15   6.1e-12   47.5   1.4     4    72   239   319   237   327 0.84 -
evm.utg378.21             -            406 544849at33208        -            133     3e-10   42.0   2.1   1   2   8.1e-06      0.01   17.7   0.2     1    39   120   158   120   167 0.90 -
evm.utg378.21             -            406 544849at33208        -            133     3e-10   42.0   2.1   2   2   1.1e-07   0.00014   23.7   0.1     4    36   167   199   164   214 0.87 -
evm.utg479.12             -            502 544849at33208        -            133   4.5e-10   41.5   0.0   1   2   1.3e-05     0.017   16.9   0.0    16    35    28    47    25    61 0.87 -
evm.utg479.12             -            502 544849at33208        -            133   4.5e-10   41.5   0.0   2   2   4.3e-07   0.00054   21.8   0.0     4    36    74   106    71   139 0.89 -
evm.utg55.115.1.5c22f229  -           1667 544849at33208        -            133   1.2e-08   36.9   3.0   1   2   3.3e-07   0.00041   22.2   1.1     2    37  1266  1301  1265  1325 0.86 -
evm.utg55.115.1.5c22f229  -           1667 544849at33208        -            133   1.2e-08   36.9   3.0   2   2   0.00011      0.14   14.0   0.0     4    34  1523  1553  1520  1555 0.90 -
evm.utg55.115             -           2111 544849at33208        -            133   1.6e-08   36.4   3.0   1   2   4.2e-07   0.00054   21.8   1.1     2    37  1266  1301  1265  1325 0.86 -
evm.utg55.115             -           2111 544849at33208        -            133   1.6e-08   36.4   3.0   2   2   0.00014      0.18   13.6   0.0     4    34  1523  1553  1520  1555 0.90 -
evm.utg2111.7             -            152 544849at33208        -            133   2.7e-07   32.5   0.5   1   1   3.2e-10     4e-07   31.9   0.5     3    49    10    62     8    87 0.81 -
evm.utg597.61             -            490 544849at33208        -            133   4.1e-07   31.9   0.1   1   1   7.5e-10   9.4e-07   30.7   0.1     4    71     7    73     5   108 0.82 -
evm.utg597.61.1.5c22f29c  -            473 544849at33208        -            133   5.4e-07   31.5   0.1   1   1   9.7e-10   1.2e-06   30.3   0.1     4    71     4    70     2   105 0.82 -
evm.utg470.15             -            291 544849at33208        -            133   8.2e-07   30.9   1.1   1   1   1.1e-09   1.4e-06   30.2   0.2     1    45   234   279   234   287 0.86 -
evm.utg31256.4            -            395 544849at33208        -            133   1.1e-06   30.5   0.5   1   1   1.4e-09   1.7e-06   29.9   0.5     3    49    10    62     8    85 0.82 -
evm.utg868.109            -            420 544849at33208        -            133   2.2e-06   29.6   0.1   1   1   5.2e-09   6.5e-06   28.0   0.1     2    35    15    49    14    70 0.83 -
evm.utg420.138            -            992 544849at33208        -            133   3.1e-06   29.1   0.2   1   1   5.4e-09   6.8e-06   27.9   0.2     1    45   935   980   935   988 0.86 -
evm.utg479.13             -            243 544849at33208        -            133   5.6e-06   28.2   0.0   1   1   7.1e-09     9e-06   27.6   0.0     2    49   175   222   174   235 0.85 -
evm.utg32107.8            -            431 544849at33208        -            133     1e-05   27.4   0.1   1   1   1.9e-08   2.4e-05   26.1   0.1     2    35    14    48    13    88 0.81 -
evm.utg7.15               -           1244 544849at33208        -            133   0.00072   21.4   4.4   1   3      0.11   1.4e+02    4.2   0.0     9    45    93   128    88   140 0.87 -
evm.utg7.15               -           1244 544849at33208        -            133   0.00072   21.4   4.4   2   3   0.00053      0.66   11.8   0.1     3    42   564   603   562   611 0.90 -
evm.utg7.15               -           1244 544849at33208        -            133   0.00072   21.4   4.4   3   3      0.15   1.9e+02    3.8   0.0     8    49   677   718   670   741 0.77 -
evm.utg382.21             -            736 544849at33208        -            133   0.00082   21.2   0.1   1   1     2e-06    0.0025   19.6   0.1     9    74    26    95    20   106 0.83 -
evm.utg301.97             -           1162 544849at33208        -            133     0.019   16.8   0.1   1   2   1.5e-05     0.019   16.8   0.1     4    36     5    38     2    78 0.84 -
evm.utg301.97             -           1162 544849at33208        -            133     0.019   16.8   0.1   2   2       2.4   3.1e+03   -0.1   0.2    48    79    85   116    69   118 0.87 -
evm.utg439.5.2.5c22f0f6   -           3274 544849at33208        -            133      0.02   16.7   0.2   1   2       8.3     1e+04   -1.8   0.6    32   106   303   379   294   389 0.76 -
evm.utg439.5.2.5c22f0f6   -           3274 544849at33208        -            133      0.02   16.7   0.2   2   2   1.6e-05      0.02   16.7   0.2     7    57  3013  3062  3008  3082 0.74 -
evm.utg439.5.1.5c22f0f6   -           3511 544849at33208        -            133     0.021   16.6   0.2   1   2       8.9   1.1e+04   -1.9   0.6    32   106   540   616   531   626 0.76 -
evm.utg439.5.1.5c22f0f6   -           3511 544849at33208        -            133     0.021   16.6   0.2   2   2   1.7e-05     0.021   16.6   0.2     7    57  3250  3299  3245  3319 0.74 -
evm.utg1205.51            -            258 544849at33208        -            133     0.022   16.6   0.3   1   1   4.1e-05     0.052   15.4   0.3     3    37    76   111    74   152 0.81 -
evm.utg897.3              -            258 544849at33208        -            133     0.022   16.6   0.3   1   1   4.1e-05     0.052   15.4   0.3     3    37    76   111    74   152 0.81 -
evm.utg370.37.1.5c22efbd  -           3626 544849at33208        -            133     0.022   16.6   0.2   1   1   1.7e-05     0.022   16.6   0.2     7    57  3013  3062  3008  3082 0.74 -
evm.utg370.37             -           3863 544849at33208        -            133     0.023   16.5   0.2   1   1   1.9e-05     0.023   16.5   0.2     7    57  3250  3299  3245  3319 0.74 -
evm.utg439.5              -           3863 544849at33208        -            133     0.023   16.5   0.2   1   2       9.9   1.2e+04   -2.0   0.6    32   106   540   616   531   626 0.76 -
evm.utg439.5              -           3863 544849at33208        -            133     0.023   16.5   0.2   2   2   1.9e-05     0.023   16.5   0.2     7    57  3250  3299  3245  3319 0.74 -
evm.utg3158.43            -            866 544849at33208        -            133     0.027   16.3   0.3   1   1   2.2e-05     0.027   16.3   0.3     1    37   485   522   485   546 0.82 -
evm.utg1910.81.1.5c22ec64 -            123 544849at33208        -            133     0.056   15.3   0.1   1   1   8.1e-05       0.1   14.4   0.1     4    36     3    36     1    54 0.82 -
evm.utg92.6               -           1300 544849at33208        -            133     0.072   14.9   0.6   1   2       8.5   1.1e+04   -1.8   0.3    33    67   131   166   119   170 0.69 -
evm.utg92.6               -           1300 544849at33208        -            133     0.072   14.9   0.6   2   2   5.7e-05     0.072   14.9   0.6     1    42   484   524   484   573 0.76 -
evm.utg3380.23            -            151 544849at33208        -            133     0.076   14.8   0.2   1   1   0.00012      0.15   13.9   0.1     4    36     3    36     1    56 0.82 -
evm.utg20168.3            -            251 544849at33208        -            133     0.082   14.7   1.0   1   1   0.00018      0.23   13.3   0.9     3    36    76   110    74   136 0.80 -
evm.utg1910.81            -            151 544849at33208        -            133     0.087   14.7   0.1   1   1   0.00012      0.15   13.9   0.1     4    36     3    36     1    56 0.82 -
evm.utg3872.56.1.5c22f021 -           1041 544849at33208        -            133     0.095   14.5   0.1   1   1   0.00019      0.24   13.2   0.1     5    39   462   497   458   526 0.77 -
evm.utg3872.56            -           1161 544849at33208        -            133       0.1   14.5   0.1   1   1   0.00021      0.27   13.1   0.1     5    39   582   617   578   646 0.77 -
evm.utg178.68             -            311 544849at33208        -            133      0.35   12.7   4.3   1   2    0.0053       6.6    8.6   3.6     8    69   144   211   137   215 0.77 -
evm.utg178.68             -            311 544849at33208        -            133      0.35   12.7   4.3   2   2     0.034        43    5.9   0.2     9    46   186   223   180   252 0.79 -
evm.utg320.105.2.5c22eef7 -           1150 544849at33208        -            133      0.38   12.6   0.3   1   1    0.0011       1.4   10.7   0.3    36    71   618   653   606   669 0.74 -
evm.utg320.105            -           1193 544849at33208        -            133       0.4   12.5   0.3   1   1    0.0012       1.5   10.7   0.3    36    71   661   696   649   712 0.74 -
evm.utg320.105.3.5c22eef7 -           1091 544849at33208        -            133      0.46   12.3   0.7   1   1     0.001       1.3   10.8   0.3    36    71   661   696   649   712 0.74 -
evm.utg320.105.1.5c22eef7 -           1194 544849at33208        -            133      0.46   12.3   0.4   1   1    0.0013       1.7   10.5   0.4    36    71   661   696   649   708 0.73 -
evm.utg73.108             -            702 544849at33208        -            133      0.65   11.8   0.0   1   1     0.001       1.3   10.8   0.0    38    72    22    57    15    68 0.63 -
evm.utg320.105.4.5c22eef7 -            902 544849at33208        -            133       1.8   10.4   3.1   1   1   0.00082         1   11.2   0.2    36    71   618   653   606   670 0.74 -
#
# Program:         hmmsearch
# Version:         3.1b2 (February 2015)
# Pipeline mode:   SEARCH
# Query file:      /uoa/scratch/users/r02hw22/project_dark_genes/busco_downloads/lineages/metazoa_odb10/hmms/544849at33208.hmm
# Target file:     /uoa/scratch/users/r02hw22/project_dark_genes/00_raw/equina_smart.rnam-trna.merged.ggf.curated.remredun.aa.fa
# Option settings: hmmsearch --domtblout /uoa/scratch/users/r02hw22/project_dark_genes/equina_busco_proteins/run_metazoa_odb10/hmmer_output/initial_run_results/544849at33208.out --cpu 1 /uoa/scratch/users/r02hw22/project_dark_genes/busco_downloads/lineages/metazoa_odb10/hmms/544849at33208.hmm /uoa/scratch/users/r02hw22/project_dark_genes/00_raw/equina_smart.rnam-trna.merged.ggf.curated.remredun.aa.fa 
# Current dir:     /uoa/scratch/users/r02hw22/project_dark_genes
# Date:            Sat Apr 25 14:42:36 2026
# [ok]
