#                                                                            --- full sequence --- -------------- this domain -------------   hmm coord   ali coord   env coord
# target name        accession   tlen query name           accession   qlen   E-value  score  bias   #  of  c-Evalue  i-Evalue  score  bias  from    to  from    to  from    to  acc description of target
#------------------- ---------- ----- -------------------- ---------- ----- --------- ------ ----- --- --- --------- --------- ------ ----- ----- ----- ----- ----- ----- ----- ---- ---------------------
evm.utg3013.57       -            421 546751at33208        -            157   1.1e-73  247.8   5.0   1   2   1.6e-76   2.2e-72  243.6   1.6     1   142     3   151     3   159 0.95 -
evm.utg3013.57       -            421 546751at33208        -            157   1.1e-73  247.8   5.0   2   2    0.0028        39    5.6   0.1   128   157   157   190   151   190 0.69 -
evm.utg2071.13       -            421 546751at33208        -            157   3.1e-72  243.1   1.9   1   4   2.2e-76   3.1e-72  243.1   1.9     1   142     3   151     3   161 0.94 -
evm.utg2071.13       -            421 546751at33208        -            157   3.1e-72  243.1   1.9   2   4    0.0067        93    4.3   0.1   132   157   161   190   152   190 0.65 -
evm.utg2071.13       -            421 546751at33208        -            157   3.1e-72  243.1   1.9   3   4       1.3   1.8e+04   -3.1   0.1   104   135   311   342   310   363 0.79 -
evm.utg2071.13       -            421 546751at33208        -            157   3.1e-72  243.1   1.9   4   4       1.4     2e+04   -3.2   0.0   108   124   359   375   330   395 0.62 -
evm.utg967.28        -            340 546751at33208        -            157   1.4e-15   59.0   3.6   1   1     4e-19   5.6e-15   57.0   3.6     1   144     3   142     3   154 0.80 -
evm.utg324.68        -            247 546751at33208        -            157       0.2   13.0   0.1   1   1   2.2e-05      0.31   12.4   0.1    40   125    87   167    82   184 0.90 -
#
# Program:         hmmsearch
# Version:         3.1b2 (February 2015)
# Pipeline mode:   SEARCH
# Query file:      /uoa/scratch/users/r02hw22/project_dark_genes/busco_downloads/lineages/metazoa_odb10/hmms/546751at33208.hmm
# Target file:     /uoa/scratch/users/r02hw22/project_dark_genes/00_raw/equina_smart.rnam-trna.merged.ggf.curated.remredun.aa.fa
# Option settings: hmmsearch --domtblout /uoa/scratch/users/r02hw22/project_dark_genes/equina_busco_proteins/run_metazoa_odb10/hmmer_output/initial_run_results/546751at33208.out --cpu 1 /uoa/scratch/users/r02hw22/project_dark_genes/busco_downloads/lineages/metazoa_odb10/hmms/546751at33208.hmm /uoa/scratch/users/r02hw22/project_dark_genes/00_raw/equina_smart.rnam-trna.merged.ggf.curated.remredun.aa.fa 
# Current dir:     /uoa/scratch/users/r02hw22/project_dark_genes
# Date:            Sat Apr 25 14:42:35 2026
# [ok]
