#                                                                            --- full sequence --- -------------- this domain -------------   hmm coord   ali coord   env coord
# target name        accession   tlen query name           accession   qlen   E-value  score  bias   #  of  c-Evalue  i-Evalue  score  bias  from    to  from    to  from    to  acc description of target
#------------------- ---------- ----- -------------------- ---------- ----- --------- ------ ----- --- --- --------- --------- ------ ----- ----- ----- ----- ----- ----- ----- ---- ---------------------
evm.utg12553.4       -            240 551632at33208        -            182   7.9e-74  249.1   4.8   1   2   1.9e-08   0.00021   22.8   0.1     5    44    23    62    15    72 0.82 -
evm.utg12553.4       -            240 551632at33208        -            182   7.9e-74  249.1   4.8   2   2   2.3e-71   2.6e-67  227.9   2.0    34   182    75   227    60   227 0.91 -
evm.utg4177.46       -            240 551632at33208        -            182   2.2e-73  247.6   5.3   1   1   4.8e-74   5.4e-70  236.6   5.3     5   182    23   227    16   227 0.89 -
evm.utg861.123       -            901 551632at33208        -            182   7.5e-11   43.9   0.1   1   2      0.68   7.6e+03   -1.8   0.0     4    42    40    82    38    94 0.70 -
evm.utg861.123       -            901 551632at33208        -            182   7.5e-11   43.9   0.1   2   2     3e-14   3.3e-10   41.8   0.0    44   181   105   246    78   247 0.85 -
evm.utg160.36        -            313 551632at33208        -            182     0.052   15.1   1.2   1   1   1.3e-05      0.15   13.6   1.1    94   171    68   146    49   149 0.65 -
evm.utg3164.33       -            299 551632at33208        -            182      0.21   13.1   0.1   1   2     0.055   6.1e+02    1.8   0.0   143   163    20    40     6    45 0.85 -
evm.utg3164.33       -            299 551632at33208        -            182      0.21   13.1   0.1   2   2   0.00038       4.2    8.8   0.0    83   133   123   173   113   190 0.86 -
#
# Program:         hmmsearch
# Version:         3.1b2 (February 2015)
# Pipeline mode:   SEARCH
# Query file:      /uoa/scratch/users/r02hw22/project_dark_genes/busco_downloads/lineages/metazoa_odb10/hmms/551632at33208.hmm
# Target file:     /uoa/scratch/users/r02hw22/project_dark_genes/00_raw/equina_smart.rnam-trna.merged.ggf.curated.remredun.aa.fa
# Option settings: hmmsearch --domtblout /uoa/scratch/users/r02hw22/project_dark_genes/equina_busco_proteins/run_metazoa_odb10/hmmer_output/initial_run_results/551632at33208.out --cpu 1 /uoa/scratch/users/r02hw22/project_dark_genes/busco_downloads/lineages/metazoa_odb10/hmms/551632at33208.hmm /uoa/scratch/users/r02hw22/project_dark_genes/00_raw/equina_smart.rnam-trna.merged.ggf.curated.remredun.aa.fa 
# Current dir:     /uoa/scratch/users/r02hw22/project_dark_genes
# Date:            Sat Apr 25 14:42:49 2026
# [ok]
