#                                                                                            --- full sequence --- -------------- this domain -------------   hmm coord   ali coord   env coord
# target name                        accession   tlen query name           accession   qlen   E-value  score  bias   #  of  c-Evalue  i-Evalue  score  bias  from    to  from    to  from    to  acc description of target
#                ------------------- ---------- ----- -------------------- ---------- ----- --------- ------ ----- --- --- --------- --------- ------ ----- ----- ----- ----- ----- ----- ----- ---- ---------------------
evm.utg579.97                        -            234 552201at33208        -            181   2.2e-99  332.3   1.4   1   2     3e-96   3.1e-93  312.3   0.0     1   158    10   167    10   170 0.99 -
evm.utg579.97                        -            234 552201at33208        -            181   2.2e-99  332.3   1.4   2   2   2.7e-06    0.0027   19.2   0.4   157   180   206   229   201   230 0.91 -
evm.utg579.97.1.5c22f256             -            192 552201at33208        -            181     4e-72  243.5   3.3   1   2   2.2e-69   2.2e-66  224.8   0.2    46   158    13   125     7   128 0.97 -
evm.utg579.97.1.5c22f256             -            192 552201at33208        -            181     4e-72  243.5   3.3   2   2     2e-06     0.002   19.6   0.4   157   180   164   187   159   188 0.91 -
evm.utg4271.65                       -            369 552201at33208        -            181   3.2e-38  133.0   0.0   1   1   6.2e-41   6.2e-38  132.0   0.0     2   138    11   147    10   153 0.93 -
evm.utg6422.27                       -            153 552201at33208        -            181   3.1e-17   64.6   0.0   1   1   3.6e-20   3.7e-17   64.3   0.0     2   117     5   119     4   142 0.86 -
evm.utg817.15                        -            153 552201at33208        -            181   3.2e-17   64.6   0.0   1   1   3.6e-20   3.7e-17   64.3   0.0     2   117     5   119     4   142 0.86 -
evm.utg526.8.3.5c22f1d8              -            234 552201at33208        -            181   4.6e-17   64.0   0.1   1   1   9.8e-20   9.9e-17   62.9   0.0     2   129    88   217    87   227 0.87 -
evm.utg989.2                         -            194 552201at33208        -            181     5e-17   63.9   0.0   1   1   6.4e-20   6.4e-17   63.6   0.0     2   129    48   177    47   185 0.88 -
evm.utg989.2.1.5c22f555              -            194 552201at33208        -            181     5e-17   63.9   0.0   1   1   6.4e-20   6.4e-17   63.6   0.0     2   129    48   177    47   185 0.88 -
evm.utg989.2.2.5c22f555              -            194 552201at33208        -            181     5e-17   63.9   0.0   1   1   6.4e-20   6.4e-17   63.6   0.0     2   129    48   177    47   185 0.88 -
evm.utg526.8.2.5c22f1d8              -            241 552201at33208        -            181   7.5e-17   63.3   0.0   1   1   1.2e-19   1.2e-16   62.7   0.0     2   129    95   224    94   232 0.88 -
evm.utg526.8                         -            234 552201at33208        -            181   1.7e-16   62.1   0.2   1   1   3.7e-19   3.7e-16   61.1   0.0     2   129    88   217    87   227 0.87 -
evm.utg526.8.1.5c22f1d8.1.5c2795e5   -            194 552201at33208        -            181   2.4e-16   61.7   0.0   1   1   3.2e-19   3.2e-16   61.3   0.0     2   129    48   177    47   187 0.87 -
evm.utg526.8.1.5c22f1d8              -            189 552201at33208        -            181   3.3e-16   61.2   0.0   1   1   4.1e-19   4.2e-16   60.9   0.0     2   129    43   172    42   182 0.87 -
evm.utg526.9                         -            186 552201at33208        -            181   3.5e-16   61.1   0.0   1   1   4.3e-19   4.3e-16   60.9   0.0     1   129    39   169    39   177 0.87 -
evm.utg989.3                         -            186 552201at33208        -            181   3.5e-16   61.1   0.0   1   1   4.3e-19   4.3e-16   60.9   0.0     1   129    39   169    39   177 0.87 -
evm.utg1455.20                       -            153 552201at33208        -            181   6.6e-16   60.3   0.0   1   1   8.6e-19   8.7e-16   59.9   0.0     4   111     7   113     5   121 0.89 -
evm.utg62.163                        -            360 552201at33208        -            181   7.1e-15   56.9   0.0   1   1   1.4e-17   1.4e-14   56.0   0.0     3   114    35   154    33   159 0.86 -
evm.utg178.14                        -            148 552201at33208        -            181   3.2e-14   54.8   0.0   1   1   3.6e-17   3.7e-14   54.6   0.0     2   116     2   115     1   130 0.90 -
evm.utg11618.9                       -            166 552201at33208        -            181   3.5e-13   51.4   0.0   1   1     7e-16   7.1e-13   50.4   0.0     2   126     5   143     4   157 0.78 -
evm.utg479.39                        -            239 552201at33208        -            181   4.3e-13   51.1   1.0   1   1   1.3e-15   1.3e-12   49.5   1.0     3   115    10   135     8   151 0.79 -
evm.utg15013.17                      -            140 552201at33208        -            181   1.1e-12   49.8   0.0   1   1   2.4e-15   2.4e-12   48.6   0.0     2   114     5   130     4   134 0.79 -
evm.utg910.129                       -            154 552201at33208        -            181   2.2e-12   48.8   0.0   1   1   2.3e-15   2.4e-12   48.7   0.0     2   114     3   115     2   148 0.80 -
evm.utg1972.88                       -            148 552201at33208        -            181   2.5e-12   48.6   0.1   1   1   5.5e-15   5.5e-12   47.5   0.1     5   113    10   131     6   139 0.79 -
evm.utg15013.17.1.5c22eafd           -            112 552201at33208        -            181   4.5e-10   41.3   0.1   1   1     1e-12     1e-09   40.1   0.1    27   114     3   102     1   106 0.77 -
evm.utg594.56                        -            228 552201at33208        -            181   4.5e-10   41.2   0.0   1   1     6e-13   6.1e-10   40.8   0.0     7   113     2   111     1   120 0.84 -
evm.utg816.5                         -            228 552201at33208        -            181   4.6e-10   41.2   0.0   1   1     6e-13   6.1e-10   40.8   0.0     7   113     2   111     1   120 0.84 -
evm.utg989.1                         -            245 552201at33208        -            181   2.5e-09   38.8   0.1   1   1   4.2e-12   4.3e-09   38.1   0.1     2    67    85   150    84   235 0.91 -
evm.utg498.82                        -            160 552201at33208        -            181   3.2e-09   38.5   0.0   1   1   3.5e-12   3.5e-09   38.3   0.0    27   113    35   122     5   147 0.80 -
evm.utg1277.32.1.5c22e9cd            -            303 552201at33208        -            181   6.6e-09   37.5   0.2   1   1   1.2e-11   1.2e-08   36.6   0.2     6   107     9   113     4   152 0.80 -
evm.utg1277.32                       -            341 552201at33208        -            181   7.8e-09   37.2   0.1   1   1   1.4e-11   1.4e-08   36.4   0.1     6   107     9   113     4   152 0.80 -
evm.utg178.14.1.5c22ebf7             -            111 552201at33208        -            181     8e-09   37.2   0.1   1   1   8.7e-12   8.8e-09   37.0   0.1    39   116     2    78     1    97 0.86 -
evm.utg4271.65.1.5c22f0c9            -            276 552201at33208        -            181   1.8e-08   36.0   0.0   1   1   3.9e-11     4e-08   34.9   0.0    87   138     2    54     1    61 0.91 -
evm.utg4.34.1.5c22f04a               -            160 552201at33208        -            181   2.5e-08   35.6   0.0   1   1   3.5e-11   3.6e-08   35.1   0.0     3   114     6   120     4   153 0.76 -
evm.utg372.23                        -            151 552201at33208        -            181   3.5e-08   35.1   0.0   1   1   3.8e-11   3.8e-08   35.0   0.0     4   114     3   112     1   146 0.82 -
evm.utg7008.17                       -            151 552201at33208        -            181   4.4e-08   34.8   0.0   1   1   4.7e-11   4.8e-08   34.7   0.0     4   114     3   112     1   145 0.84 -
evm.utg4.34                          -            204 552201at33208        -            181   5.4e-08   34.5   0.0   1   1   7.5e-11   7.6e-08   34.0   0.0     3   113     6   119     4   153 0.76 -
evm.utg1846.27                       -            204 552201at33208        -            181   6.9e-08   34.1   0.0   1   1   9.7e-11   9.8e-08   33.6   0.0     3   113     6   119     4   153 0.75 -
evm.utg4.34.1.5c22f04a.1.5c27949c    -            121 552201at33208        -            181   8.4e-08   33.8   0.0   1   1   9.8e-11   9.9e-08   33.6   0.0     2   107     5   113     4   117 0.75 -
evm.utg3884.5                        -            176 552201at33208        -            181   9.7e-08   33.7   0.1   1   1   1.3e-10   1.3e-07   33.2   0.1     4   108    11   121     8   130 0.70 -
evm.utg622.168                       -            201 552201at33208        -            181   1.3e-07   33.3   0.0   1   1   1.6e-10   1.6e-07   32.9   0.0    13   113    27   126    15   137 0.76 -
evm.utg1378.16                       -            178 552201at33208        -            181   1.5e-07   33.0   0.1   1   1     2e-10     2e-07   32.6   0.1     4   108    13   123    10   132 0.68 -
evm.utg255.8                         -            138 552201at33208        -            181   2.8e-07   32.1   0.0   1   1   3.5e-10   3.5e-07   31.8   0.0     4   111     7   114     4   123 0.87 -
evm.utg788.15                        -            182 552201at33208        -            181   0.00064   21.2   0.0   1   1   8.8e-07   0.00089   20.7   0.0    37   108    38   109     9   123 0.77 -
utg40512.equina_smart_970061.mrna1   -             54 552201at33208        -            181    0.0012   20.3   0.0   1   1   1.3e-06    0.0013   20.2   0.0     6    47     9    51     3    53 0.87 -
evm.utg729.9                         -           2749 552201at33208        -            181    0.0036   18.7   0.1   1   1   7.1e-06    0.0072   17.8   0.1    34    99  2538  2614  2505  2634 0.71 -
evm.utg6459.54                       -           1543 552201at33208        -            181    0.0099   17.3   0.0   1   1   2.2e-05     0.022   16.2   0.0    34    86  1351  1410  1318  1442 0.72 -
evm.utg762.30                        -            189 552201at33208        -            181      0.02   16.3   0.0   1   1   2.5e-05     0.025   16.0   0.0    27   112    58   148    41   174 0.78 -
evm.utg6459.54.1.5c22f316            -           1426 552201at33208        -            181     0.037   15.5   0.0   1   1   8.3e-05     0.084   14.3   0.0    34    80  1351  1398  1318  1403 0.80 -
evm.utg6459.54.1.5c22f316.2.5c2796e9 -           1426 552201at33208        -            181     0.037   15.5   0.0   1   1   8.3e-05     0.084   14.3   0.0    34    80  1351  1398  1318  1403 0.80 -
evm.utg1087.23                       -            249 552201at33208        -            181     0.039   15.4   0.0   1   1   5.5e-05     0.055   14.9   0.0     3   108    86   201    84   226 0.70 -
evm.utg3470.2                        -            249 552201at33208        -            181     0.039   15.4   0.0   1   1   5.5e-05     0.055   14.9   0.0     3   108    86   201    84   226 0.70 -
evm.utg622.94                        -           1006 552201at33208        -            181      0.07   14.5   0.0   1   1   0.00014      0.14   13.5   0.0    25   111   677   772   656   787 0.75 -
evm.utg2417.24                       -            113 552201at33208        -            181      0.09   14.2   0.0   1   1   0.00013      0.13   13.7   0.0    76   114    14    53     6    60 0.84 -
evm.utg43451.24                      -            104 552201at33208        -            181      0.13   13.7   0.0   1   1   0.00016      0.16   13.4   0.0    31   114     4    88     1    94 0.71 -
evm.utg7168.26                       -            141 552201at33208        -            181      0.19   13.1   0.0   1   1   0.00022      0.22   12.9   0.0    27    72    58   103    39   136 0.75 -
#
# Program:         hmmsearch
# Version:         3.1b2 (February 2015)
# Pipeline mode:   SEARCH
# Query file:      /uoa/scratch/users/r02hw22/project_dark_genes/busco_downloads/lineages/metazoa_odb10/hmms/552201at33208.hmm
# Target file:     /uoa/scratch/users/r02hw22/project_dark_genes/00_raw/equina_smart.rnam-trna.merged.ggf.curated.remredun.aa.fa
# Option settings: hmmsearch --domtblout /uoa/scratch/users/r02hw22/project_dark_genes/equina_busco_proteins/run_metazoa_odb10/hmmer_output/initial_run_results/552201at33208.out --cpu 1 /uoa/scratch/users/r02hw22/project_dark_genes/busco_downloads/lineages/metazoa_odb10/hmms/552201at33208.hmm /uoa/scratch/users/r02hw22/project_dark_genes/00_raw/equina_smart.rnam-trna.merged.ggf.curated.remredun.aa.fa 
# Current dir:     /uoa/scratch/users/r02hw22/project_dark_genes
# Date:            Sat Apr 25 14:42:27 2026
# [ok]
