#                                                                                            --- full sequence --- -------------- this domain -------------   hmm coord   ali coord   env coord
# target name                        accession   tlen query name           accession   qlen   E-value  score  bias   #  of  c-Evalue  i-Evalue  score  bias  from    to  from    to  from    to  acc description of target
#                ------------------- ---------- ----- -------------------- ---------- ----- --------- ------ ----- --- --- --------- --------- ------ ----- ----- ----- ----- ----- ----- ----- ---- ---------------------
evm.utg77.183                        -            452 552764at33208        -            179   2.2e-96  322.3   2.2   1   1   1.8e-98   3.7e-96  321.5   2.2     1   173     1   175     1   181 0.97 -
evm.utg77.24                         -            202 552764at33208        -            179   5.2e-45  154.9   2.2   1   1   2.9e-47   6.1e-45  154.7   2.2     5   177     4   178     1   180 0.95 -
evm.utg116.364                       -            203 552764at33208        -            179   6.3e-43  148.1   0.1   1   1   3.5e-45   7.4e-43  147.9   0.1     7   167     6   169     1   177 0.94 -
evm.utg77.24.1.5c22f415              -            166 552764at33208        -            179   5.1e-42  145.1   0.9   1   1   2.8e-44     6e-42  144.9   0.9     5   159     4   160     1   162 0.96 -
evm.utg791.11                        -            211 552764at33208        -            179   5.9e-42  144.9   0.4   1   1   3.6e-44   7.6e-42  144.6   0.4     3   176     8   184     7   187 0.94 -
evm.utg401.40                        -            210 552764at33208        -            179   7.8e-42  144.5   0.1   1   1   4.5e-44   9.6e-42  144.3   0.1     7   171     3   174     1   181 0.92 -
evm.utg590.16                        -            211 552764at33208        -            179   1.3e-41  143.9   0.3   1   1   6.9e-44   1.5e-41  143.7   0.3     3   176     8   184     6   187 0.93 -
evm.utg2817.16                       -            222 552764at33208        -            179   1.7e-41  143.4   2.6   1   1     1e-43   2.1e-41  143.1   2.6     4   167    16   182    13   191 0.93 -
evm.utg9409.25                       -            222 552764at33208        -            179   1.8e-41  143.4   2.7   1   1     1e-43   2.2e-41  143.1   2.7     4   167    16   182    13   191 0.93 -
evm.utg1455.19                       -            206 552764at33208        -            179   1.5e-39  137.1   0.1   1   1   8.4e-42   1.8e-39  136.9   0.1     7   170     6   176     1   183 0.89 -
evm.utg1455.19.1.5c22ead6            -            206 552764at33208        -            179   1.5e-39  137.1   0.1   1   1   8.4e-42   1.8e-39  136.9   0.1     7   170     6   176     1   183 0.89 -
evm.utg1205.30                       -            209 552764at33208        -            179   4.8e-39  135.5   1.4   1   1   2.8e-41     6e-39  135.1   1.4     7   168    11   176     6   187 0.91 -
evm.utg2129.99                       -            214 552764at33208        -            179   4.9e-39  135.4   0.5   1   1     3e-41   6.4e-39  135.1   0.5     4   165     9   173     7   180 0.93 -
evm.utg590.18                        -            208 552764at33208        -            179   4.9e-39  135.4   1.7   1   1   2.7e-41   5.7e-39  135.2   1.7     8   175     7   176     1   181 0.91 -
evm.utg791.13                        -            208 552764at33208        -            179   4.9e-39  135.4   1.7   1   1   2.7e-41   5.7e-39  135.2   1.7     8   175     7   176     1   181 0.91 -
evm.utg1102.20                       -            200 552764at33208        -            179   8.2e-39  134.7   1.1   1   1   4.7e-41     1e-38  134.4   1.1     3   175     3   178     1   181 0.93 -
evm.utg62.18                         -            221 552764at33208        -            179   1.2e-38  134.2   2.2   1   1   7.2e-41   1.5e-38  133.8   2.2     9   177    12   183     5   185 0.93 -
evm.utg180.70                        -            221 552764at33208        -            179   1.8e-38  133.6   2.2   1   1   1.1e-40   2.3e-38  133.2   2.2     9   177    12   183     5   185 0.93 -
evm.utg2417.49                       -            206 552764at33208        -            179     2e-38  133.4   0.1   1   1   1.1e-40   2.3e-38  133.2   0.1     3   170     2   172     1   181 0.91 -
evm.utg8.30                          -            205 552764at33208        -            179   6.9e-38  131.7   0.1   1   1   3.8e-40     8e-38  131.5   0.1     3   170     2   172     1   181 0.93 -
evm.utg190.26                        -            219 552764at33208        -            179   1.8e-37  130.3   0.3   1   1     1e-39   2.2e-37  130.0   0.3     3   175     5   180     3   184 0.92 -
evm.utg791.13.1.5c22f448             -            165 552764at33208        -            179     2e-37  130.2   1.4   1   1     1e-39   2.1e-37  130.1   1.4     8   161     7   163     1   164 0.94 -
evm.utg293.34                        -            211 552764at33208        -            179   2.9e-37  129.7   0.0   1   1   1.6e-39   3.4e-37  129.4   0.0     5   168     4   171     1   184 0.93 -
evm.utg2487.39                       -            215 552764at33208        -            179     3e-37  129.6   0.2   1   1   1.7e-39   3.6e-37  129.4   0.2     5   168     3   170     1   180 0.91 -
evm.utg405.37                        -            217 552764at33208        -            179   3.1e-37  129.6   0.1   1   1   1.9e-39     4e-37  129.2   0.1     9   169    20   183    16   191 0.94 -
evm.utg4.20                          -            208 552764at33208        -            179   3.1e-37  129.5   0.0   1   1   1.8e-39   3.8e-37  129.3   0.0     9   176     7   181     2   184 0.89 -
evm.utg86.26                         -            211 552764at33208        -            179     4e-37  129.2   0.6   1   1   2.6e-39   5.4e-37  128.8   0.6    10   165    12   170     9   180 0.94 -
evm.utg219.31                        -            215 552764at33208        -            179   4.7e-37  129.0   0.1   1   1   2.7e-39   5.8e-37  128.7   0.1     5   173    18   190    15   196 0.91 -
evm.utg1846.35                       -            208 552764at33208        -            179   1.3e-36  127.5   0.0   1   1   7.5e-39   1.6e-36  127.3   0.0     9   176     7   181     2   184 0.89 -
evm.utg7.14                          -            215 552764at33208        -            179   1.3e-36  127.5   0.1   1   1   7.6e-39   1.6e-36  127.2   0.1     6   166    13   176     8   189 0.90 -
evm.utg10541.3                       -            215 552764at33208        -            179   1.4e-36  127.4   0.1   1   1   8.4e-39   1.8e-36  127.1   0.1     6   166    13   176     8   188 0.91 -
evm.utg86.26.1.5c22f496              -            180 552764at33208        -            179   1.5e-36  127.4   0.9   1   1   8.9e-39   1.9e-36  127.0   0.9    10   159    12   164     9   173 0.95 -
evm.utg514.15                        -            227 552764at33208        -            179   1.8e-36  127.1   0.1   1   1   1.1e-38   2.4e-36  126.7   0.1     4   173     8   181     6   186 0.91 -
evm.utg146.12                        -            183 552764at33208        -            179   2.1e-36  126.9   0.3   1   1   1.2e-38   2.6e-36  126.5   0.3     4   167     6   179     3   181 0.88 -
evm.utg4455.77                       -            519 552764at33208        -            179   2.4e-36  126.6   0.1   1   1   1.9e-38     4e-36  126.0   0.1     9   169   322   485   318   492 0.94 -
evm.utg16050.14                      -            228 552764at33208        -            179   2.5e-36  126.6   0.1   1   1   1.5e-38   3.2e-36  126.2   0.1     4   169     8   177     6   186 0.91 -
evm.utg418.60                        -            218 552764at33208        -            179   3.2e-36  126.3   0.2   1   1   1.7e-38   3.7e-36  126.1   0.2     9   173     9   176     1   182 0.94 -
evm.utg190.61                        -            253 552764at33208        -            179   3.3e-36  126.2   0.1   1   1     2e-38   4.2e-36  125.9   0.1     4   167    32   200    29   207 0.91 -
evm.utg2099.35                       -            218 552764at33208        -            179   3.7e-36  126.0   0.2   1   1     2e-38   4.3e-36  125.8   0.2     9   173     9   176     1   182 0.94 -
evm.utg181.23                        -            217 552764at33208        -            179   5.3e-36  125.5   0.9   1   1   3.1e-38   6.5e-36  125.3   0.9     7   169     5   172     1   178 0.90 -
evm.utg577.36                        -            196 552764at33208        -            179   1.3e-35  124.3   3.1   1   1   7.2e-38   1.5e-35  124.0   3.1     7   169     6   171     1   180 0.92 -
evm.utg1754.6                        -            424 552764at33208        -            179   1.4e-35  124.2   0.0   1   2   1.1e-05    0.0022   19.2   0.0     7    51   121   165   114   169 0.93 -
evm.utg1754.6                        -            424 552764at33208        -            179   1.4e-35  124.2   0.0   2   2   3.1e-31   6.5e-29  102.4   0.0     8   169   205   381   200   390 0.85 -
evm.utg157399.1                      -            247 552764at33208        -            179   2.8e-35  123.2   0.0   1   1   1.8e-37   3.7e-35  122.8   0.0     7   172    24   197    20   203 0.89 -
evm.utg1091.38                       -            229 552764at33208        -            179   4.2e-35  122.6   0.2   1   1   2.4e-37   5.2e-35  122.3   0.2     3   175     8   183     6   189 0.90 -
evm.utg7090.4                        -            211 552764at33208        -            179   6.9e-35  121.9   1.8   1   1   5.5e-37   1.2e-34  121.2   1.7    11   173    14   180     7   190 0.92 -
evm.utg2757.24                       -            263 552764at33208        -            179   2.2e-34  120.3   0.4   1   1   1.4e-36   2.9e-34  119.9   0.4    10   168    50   214    42   225 0.89 -
evm.utg577.36.1.5c22f249             -            168 552764at33208        -            179   2.6e-34  120.0   1.9   1   1   1.3e-36   2.8e-34  119.9   1.9     7   163     6   165     1   167 0.93 -
evm.utg5815.4.1.5c22f25d             -            856 552764at33208        -            179   3.3e-34  119.7   0.2   1   1   4.6e-36   9.7e-34  118.2   0.2     8   172   653   826   646   833 0.90 -
evm.utg5815.4                        -            855 552764at33208        -            179   3.3e-34  119.7   0.2   1   1   4.6e-36   9.7e-34  118.2   0.2     8   172   652   825   645   832 0.90 -
evm.utg5815.4.3.5c22f25d             -            860 552764at33208        -            179   4.2e-34  119.4   0.2   1   1   4.6e-36   9.8e-34  118.2   0.2     8   172   657   830   650   837 0.90 -
evm.utg160.21                        -            213 552764at33208        -            179   6.1e-34  118.8   0.1   1   1   3.7e-36   7.8e-34  118.5   0.1    10   168     7   168     2   175 0.92 -
evm.utg858.17                        -            858 552764at33208        -            179     7e-34  118.6   0.2   1   1   9.5e-36     2e-33  117.1   0.2     9   172   656   828   649   835 0.90 -
evm.utg868.29.1.5c22f4be             -            833 552764at33208        -            179   1.4e-33  117.7   0.5   1   1   6.4e-36   1.4e-33  117.7   0.5    10   167   641   804   637   814 0.90 -
evm.utg868.29.2.5c22f4be             -            864 552764at33208        -            179   1.4e-33  117.6   0.5   1   1   6.8e-36   1.4e-33  117.6   0.5    10   167   672   835   668   845 0.90 -
evm.utg868.29                        -            884 552764at33208        -            179   1.5e-33  117.6   0.5   1   1     7e-36   1.5e-33  117.6   0.5    10   167   692   855   688   865 0.90 -
evm.utg2487.38                       -            615 552764at33208        -            179   1.7e-33  117.4   0.0   1   1   1.4e-35     3e-33  116.6   0.0     7   172   392   565   388   571 0.89 -
evm.utg580.24                        -            237 552764at33208        -            179     2e-33  117.1   1.2   1   1   1.2e-35   2.6e-33  116.8   1.2     9   168    21   185    14   192 0.90 -
evm.utg116.293.1.5c22e925            -            186 552764at33208        -            179   2.6e-33  116.8   0.0   1   1   1.4e-35     3e-33  116.6   0.0     6   168     5   170     1   180 0.90 -
evm.utg1177.10                       -            237 552764at33208        -            179   2.9e-33  116.6   1.2   1   1   1.8e-35   3.7e-33  116.3   1.2     9   168    21   185    14   192 0.90 -
evm.utg116.293                       -            218 552764at33208        -            179   5.7e-33  115.7   0.0   1   1   3.2e-35   6.9e-33  115.4   0.0     6   168     5   170     1   177 0.91 -
evm.utg116.293.2.5c22e926            -            237 552764at33208        -            179   1.1e-32  114.8   0.0   1   1   6.7e-35   1.4e-32  114.4   0.0     9   168    27   189    23   196 0.91 -
evm.utg7289.46                       -            218 552764at33208        -            179     2e-32  113.9   0.0   1   1   1.2e-34   2.4e-32  113.6   0.0     7   168     8   169     1   177 0.95 -
evm.utg194.90                        -            210 552764at33208        -            179   2.5e-32  113.6   0.2   1   1   1.6e-34   3.3e-32  113.2   0.2     5   168     8   175     5   186 0.91 -
evm.utg4194.11                       -            197 552764at33208        -            179     3e-32  113.3   0.1   1   1   1.8e-34   3.7e-32  113.0   0.1     3   172     5   177     3   185 0.91 -
evm.utg4972.20                       -            185 552764at33208        -            179   8.6e-32  111.8   0.9   1   1   5.2e-34   1.1e-31  111.5   0.9    10   177     4   175     2   178 0.92 -
evm.utg192.3                         -            199 552764at33208        -            179     1e-31  111.6   0.2   1   1   5.9e-34   1.3e-31  111.3   0.2     3   166     5   171     3   178 0.92 -
evm.utg1337.8                        -            185 552764at33208        -            179   1.2e-31  111.4   1.1   1   1   7.1e-34   1.5e-31  111.0   1.1    10   178     4   176     2   178 0.92 -
evm.utg1031.29.1.5c22e7e9            -            201 552764at33208        -            179   3.3e-31  109.9   2.1   1   1   1.8e-33   3.9e-31  109.7   2.1     3   175     3   177     1   181 0.89 -
evm.utg1031.29                       -            203 552764at33208        -            179   3.5e-31  109.8   2.1   1   1   1.9e-33     4e-31  109.6   2.1     3   175     3   177     1   181 0.89 -
evm.utg62.131                        -            204 552764at33208        -            179   1.1e-30  108.2   0.3   1   1   6.6e-33   1.4e-30  107.9   0.3    10   171    22   186    15   192 0.93 -
evm.utg577.36.2.5c22f24a             -            172 552764at33208        -            179   1.8e-30  107.5   0.5   1   1   9.3e-33     2e-30  107.4   0.5     7   154     6   153     1   169 0.88 -
evm.utg622.28                        -            169 552764at33208        -            179   2.3e-30  107.2   0.1   1   1   1.3e-32   2.9e-30  106.9   0.1     5   140    18   157    15   167 0.90 -
evm.utg418.23                        -            223 552764at33208        -            179   2.4e-30  107.1   0.2   1   1   1.5e-32   3.2e-30  106.7   0.2     5   172    20   186    17   192 0.94 -
evm.utg2099.3                        -            223 552764at33208        -            179   2.4e-30  107.1   0.2   1   1   1.5e-32   3.2e-30  106.7   0.2     5   172    20   186    17   192 0.94 -
evm.utg4593.10                       -            238 552764at33208        -            179   3.7e-30  106.5   0.0   1   1   3.1e-32   6.5e-30  105.7   0.0     8   169    19   195    14   204 0.85 -
evm.utg924.68                        -            213 552764at33208        -            179   3.9e-30  106.4   0.0   1   1   2.5e-32   5.3e-30  106.0   0.0    10   174    12   177     6   182 0.94 -
evm.utg6035.10                       -            186 552764at33208        -            179   6.3e-30  105.8   0.0   1   1   3.4e-32   7.2e-30  105.6   0.0    10   171     4   167     1   175 0.91 -
evm.utg2017.41                       -            205 552764at33208        -            179   9.2e-30  105.2   0.3   1   1   5.2e-32   1.1e-29  105.0   0.3    10   171    23   187    13   193 0.93 -
evm.utg594.51                        -            172 552764at33208        -            179   1.4e-29  104.7   0.2   1   1   7.5e-32   1.6e-29  104.4   0.2    10   166     4   162     1   169 0.93 -
evm.utg116.293.3.5c22e926            -            153 552764at33208        -            179   1.8e-29  104.3   0.0   1   1   9.6e-32     2e-29  104.1   0.0     6   138     5   140     1   147 0.89 -
evm.utg2129.200                      -            245 552764at33208        -            179   6.8e-29  102.4   0.1   1   1   4.1e-31   8.7e-29  102.0   0.1     9   171     9   179     1   187 0.88 -
evm.utg2129.200.1.5c2791e1           -            245 552764at33208        -            179   6.8e-29  102.4   0.1   1   1   4.1e-31   8.7e-29  102.0   0.1     9   171     9   179     1   187 0.88 -
evm.utg6958.21                       -            200 552764at33208        -            179   7.1e-29  102.3   0.1   1   1   4.2e-31     9e-29  102.0   0.1    10   173    12   177     4   183 0.88 -
evm.utg2350.7                        -            200 552764at33208        -            179   1.1e-28  101.7   0.1   1   1   6.8e-31   1.5e-28  101.3   0.1    10   169    12   174     4   183 0.88 -
evm.utg12197.15                      -            183 552764at33208        -            179   1.2e-28  101.5   0.0   1   1   7.2e-31   1.5e-28  101.2   0.0    10   171     4   168     2   175 0.91 -
evm.utg1565.104                      -            183 552764at33208        -            179   1.4e-28  101.4   0.0   1   1   8.1e-31   1.7e-28  101.1   0.0    10   171     4   168     2   175 0.91 -
evm.utg791.13.1.5c22f448.1.5c2797eb  -            122 552764at33208        -            179   1.8e-28  101.0   0.1   1   1     9e-31   1.9e-28  100.9   0.1     8   112     7   110     1   118 0.93 -
evm.utg910.138                       -            199 552764at33208        -            179     2e-28  100.8   0.1   1   1   1.2e-30   2.5e-28  100.6   0.1     8   174     5   177     1   181 0.92 -
evm.utg52.66                         -            213 552764at33208        -            179   2.6e-28  100.5   0.0   1   1   1.6e-30   3.3e-28  100.1   0.0    10   172    12   175     6   182 0.94 -
evm.utg1031.19                       -            122 552764at33208        -            179   1.9e-27   97.7   0.6   1   1   9.5e-30     2e-27   97.6   0.6     3   112     3   112     1   120 0.93 -
evm.utg7855.43                       -            211 552764at33208        -            179   2.3e-27   97.4   0.0   1   1   1.4e-29     3e-27   97.0   0.0     5   169     9   176     7   184 0.92 -
evm.utg109.84                        -            487 552764at33208        -            179   4.5e-27   96.4   0.8   1   2   8.6e-14   1.8e-11   45.6   0.3     9   161    17   172    12   186 0.81 -
evm.utg109.84                        -            487 552764at33208        -            179   4.5e-27   96.4   0.8   2   2   7.2e-15   1.5e-12   49.1   0.0     9   160   265   419   258   433 0.82 -
evm.utg431.6                         -            203 552764at33208        -            179     5e-27   96.3   0.2   1   1   2.7e-29   5.7e-27   96.1   0.2     7   166     4   169     1   182 0.91 -
evm.utg4194.11.1.5c22f0ac            -            152 552764at33208        -            179     1e-26   95.3   0.1   1   1   5.5e-29   1.2e-26   95.1   0.1     3   145     5   150     3   151 0.92 -
evm.utg7855.42                       -            211 552764at33208        -            179   1.1e-26   95.2   0.0   1   1   6.5e-29   1.4e-26   94.9   0.0     9   167    13   174     7   181 0.93 -
evm.utg4614.2                        -            968 552764at33208        -            179   1.9e-26   94.4   0.0   1   1   2.4e-28     5e-26   93.0   0.0    23   171   754   910   749   915 0.87 -
evm.utg3522.80                       -            273 552764at33208        -            179     4e-26   93.4   0.3   1   1   2.9e-28   6.1e-26   92.8   0.3     7   169     9   178     4   186 0.88 -
evm.utg73.138.1.5c279777             -            194 552764at33208        -            179   1.8e-25   91.2   0.1   1   1   1.1e-27   2.4e-25   90.8   0.1     9   106    48   145    43   158 0.95 -
evm.utg5513.9                        -            202 552764at33208        -            179   3.6e-25   90.3   0.2   1   1   2.3e-27   4.8e-25   89.8   0.2     8   166     5   171     2   181 0.90 -
evm.utg56.4                          -            223 552764at33208        -            179   3.7e-25   90.2   0.0   1   1   8.6e-27   1.8e-24   87.9   0.0     9   176    11   191     5   194 0.83 -
evm.utg293.34.1.5c27930f             -            174 552764at33208        -            179   5.5e-25   89.7   0.0   1   1   3.2e-27   6.7e-25   89.4   0.0    54   168    16   134     2   147 0.89 -
evm.utg1091.51                       -            226 552764at33208        -            179   1.1e-24   88.7   0.0   1   1   6.6e-27   1.4e-24   88.3   0.0     8   176    12   188     5   192 0.86 -
evm.utg5513.7                        -            230 552764at33208        -            179   2.6e-24   87.5   0.1   1   1   1.8e-26   3.8e-24   86.9   0.1     7   157     4   160     1   180 0.89 -
evm.utg3041.42                       -            185 552764at33208        -            179   2.8e-24   87.4   0.3   1   1   1.6e-26   3.4e-24   87.1   0.3    11   167     8   167     5   179 0.90 -
evm.utg431.7                         -            204 552764at33208        -            179   4.8e-24   86.6   0.1   1   1   2.8e-26   5.8e-24   86.3   0.1     8   177     6   182     1   184 0.88 -
evm.utg4907.6                        -            223 552764at33208        -            179   7.1e-24   86.0   0.0   1   1   1.7e-25   3.7e-23   83.7   0.0     8   176    10   191     4   194 0.82 -
evm.utg15552.6                       -            265 552764at33208        -            179   7.7e-24   85.9   0.3   1   1   5.4e-26   1.1e-23   85.4   0.3    16   168     2   161     1   169 0.88 -
evm.utg1404.9                        -            185 552764at33208        -            179   8.3e-24   85.8   0.3   1   1   4.8e-26     1e-23   85.5   0.3    11   167     8   167     5   179 0.90 -
evm.utg52.70                         -            208 552764at33208        -            179   3.2e-23   83.9   0.6   1   1   1.9e-25     4e-23   83.6   0.6     9   175    15   185     6   189 0.89 -
evm.utg924.73                        -            206 552764at33208        -            179   3.7e-23   83.7   0.6   1   1   2.2e-25   4.6e-23   83.4   0.6     9   175    15   185     6   189 0.88 -
evm.utg52.65                         -            211 552764at33208        -            179   6.3e-23   82.9   0.1   1   1     4e-25   8.5e-23   82.5   0.1    10   166    12   172     6   180 0.87 -
evm.utg924.67                        -            211 552764at33208        -            179   1.2e-22   82.0   0.0   1   1   7.7e-25   1.6e-22   81.6   0.0    10   168    12   174     6   182 0.88 -
evm.utg1091.51.1.5c22e87b            -            167 552764at33208        -            179   1.3e-22   81.9   0.0   1   1   7.3e-25   1.5e-22   81.7   0.0     8   132    12   142     5   161 0.82 -
evm.utg16443.2                       -            193 552764at33208        -            179   1.5e-22   81.7   0.0   1   1   4.6e-24   9.8e-22   79.1   0.0     9   132     5   128     2   189 0.76 -
evm.utg431.8                         -            534 552764at33208        -            179   1.8e-22   81.4   0.1   1   1   1.7e-24   3.7e-22   80.4   0.1    18   166   362   518   351   527 0.88 -
evm.utg4567.24                       -            205 552764at33208        -            179   5.5e-22   79.9   0.1   1   1   5.3e-24   1.1e-21   78.9   0.1    10   166    27   195    16   203 0.80 -
evm.utg498.158                       -            193 552764at33208        -            179   9.3e-22   79.1   0.0   1   1   4.8e-24     1e-21   79.0   0.0     9   132     3   127     1   169 0.91 -
evm.utg8672.10                       -            204 552764at33208        -            179   3.6e-21   77.2   0.1   1   1   6.5e-23   1.4e-20   75.3   0.0     4    84    31   113    28   118 0.93 -
evm.utg8.30.1.5c22f454               -            146 552764at33208        -            179   3.1e-20   74.2   0.1   1   1   1.7e-22   3.5e-20   74.0   0.1    61   170     1   113     1   122 0.91 -
evm.utg6379.8                        -            192 552764at33208        -            179   6.7e-20   73.1   0.0   1   1   3.3e-21   7.1e-19   69.7   0.0     9   142     3   134     1   187 0.81 -
evm.utg1363.21                       -            187 552764at33208        -            179     1e-19   72.5   0.1   1   1   6.1e-22   1.3e-19   72.2   0.1    10   174     6   178     2   183 0.87 -
evm.utg1337.8.1.5c22ea3a             -            134 552764at33208        -            179   1.5e-19   72.0   0.2   1   1   8.3e-22   1.8e-19   71.7   0.2    61   178     3   125     1   127 0.89 -
evm.utg293.53                        -            195 552764at33208        -            179   2.8e-19   71.0   0.6   1   2   2.6e-21   5.6e-19   70.1   0.5    54   173    42   165    32   175 0.89 -
evm.utg293.53                        -            195 552764at33208        -            179   2.8e-19   71.0   0.6   2   2       5.9   1.2e+03    0.5   0.0    22    46   157   181   155   190 0.80 -
evm.utg4567.23                       -            228 552764at33208        -            179   3.1e-19   70.9   0.0   1   1   2.8e-21   5.9e-19   70.0   0.0    10   174    21   196    14   201 0.86 -
evm.utg977.36                        -            422 552764at33208        -            179   1.9e-18   68.4   0.4   1   1   1.3e-20   2.7e-18   67.8   0.4    10   176    16   185     8   188 0.88 -
evm.utg1786.18                       -            615 552764at33208        -            179   1.9e-18   68.3   0.0   1   1   1.7e-20   3.7e-18   67.4   0.0    10   128     4   123     2   168 0.93 -
evm.utg6035.10.1.5c22f29a            -            140 552764at33208        -            179     3e-18   67.7   0.2   1   1   1.7e-20   3.7e-18   67.4   0.2    10   108     4   101     1   109 0.96 -
evm.utg12655.54                      -            421 552764at33208        -            179   3.3e-18   67.6   0.7   1   1   2.3e-20   4.8e-18   67.0   0.7     9   176    15   185     8   188 0.88 -
evm.utg12655.54.1.5c22e9aa           -            421 552764at33208        -            179   3.3e-18   67.6   0.7   1   1   2.3e-20   4.8e-18   67.0   0.7     9   176    15   185     8   188 0.88 -
evm.utg356.108                       -            314 552764at33208        -            179   3.9e-18   67.3   0.1   1   1   2.8e-20   5.9e-18   66.8   0.1    11   176   109   275   104   279 0.84 -
evm.utg401.40.1.5c22f045             -            159 552764at33208        -            179   4.7e-18   67.1   0.0   1   1     3e-20   6.3e-18   66.7   0.0    66   171    11   123     6   130 0.88 -
evm.utg237.2                         -            727 552764at33208        -            179     5e-18   67.0   0.0   1   1   4.2e-20     9e-18   66.2   0.0    62   170   596   707   594   716 0.89 -
evm.utg52.71                         -            225 552764at33208        -            179   5.3e-18   66.9   0.0   1   1   2.9e-20   6.1e-18   66.7   0.0     8   142    20   164    14   205 0.84 -
evm.utg388.9                         -            210 552764at33208        -            179   9.2e-18   66.1   1.2   1   1   5.3e-20   1.1e-17   65.8   1.2     2   170     2   178     1   186 0.85 -
evm.utg924.74                        -            225 552764at33208        -            179   9.8e-18   66.0   0.0   1   1   5.5e-20   1.2e-17   65.8   0.0     8   143    20   165    14   205 0.79 -
evm.utg2801.46                       -            213 552764at33208        -            179   1.8e-17   65.2   0.0   1   1   4.2e-19     9e-17   62.9   0.0     6   161    16   186    11   201 0.78 -
evm.utg8494.54                       -            213 552764at33208        -            179   2.3e-17   64.8   0.0   1   1   5.4e-19   1.2e-16   62.5   0.0     4   161    14   186    11   201 0.77 -
evm.utg1525.29                       -            527 552764at33208        -            179   2.5e-17   64.7   3.0   1   2   8.4e-11   1.8e-08   35.9   0.2     9   154    40   187    33   210 0.83 -
evm.utg1525.29                       -            527 552764at33208        -            179   2.5e-17   64.7   3.0   2   2   6.7e-08   1.4e-05   26.4   0.3     9   154   307   462   301   480 0.78 -
evm.utg1137.26                       -            103 552764at33208        -            179     3e-17   64.4   0.0   1   1   1.6e-19   3.4e-17   64.3   0.0     5    94     9    98     7   102 0.94 -
evm.utg1623.11                       -            615 552764at33208        -            179   7.7e-17   63.1   0.0   1   1   8.6e-19   1.8e-16   61.9   0.0    10   127     4   122     2   133 0.95 -
evm.utg1919.16                       -            586 552764at33208        -            179     9e-17   62.9   0.0   1   1   7.2e-19   1.5e-16   62.1   0.0     8   174   332   508   326   512 0.85 -
evm.utg5513.8                        -            181 552764at33208        -            179   9.2e-17   62.9   0.8   1   2       0.1        21    6.3   0.0     8    35     6    33     1    39 0.82 -
evm.utg5513.8                        -            181 552764at33208        -            179   9.2e-17   62.9   0.8   2   2   7.3e-17   1.6e-14   55.6   0.2    64   177    40   159    35   161 0.88 -
evm.utg3284.40                       -            208 552764at33208        -            179   1.3e-16   62.4   0.1   1   1   8.1e-19   1.7e-16   62.0   0.1    26   172    32   184    27   190 0.87 -
evm.utg190.71                        -            212 552764at33208        -            179   2.3e-16   61.6   2.2   1   1   1.3e-18   2.7e-16   61.3   2.2     7   174     7   183     1   188 0.85 -
evm.utg370.22                        -            382 552764at33208        -            179   2.7e-16   61.4   0.9   1   2   6.7e-16   1.4e-13   52.5   0.0     9   110    19   122    12   126 0.90 -
evm.utg370.22                        -            382 552764at33208        -            179   2.7e-16   61.4   0.9   2   2     0.029       6.1    8.1   0.2    92   141   126   177   119   229 0.78 -
evm.utg109.83                        -            243 552764at33208        -            179     7e-16   60.0   0.1   1   1   4.6e-18   9.8e-16   59.5   0.1     4   175     8   182     5   186 0.86 -
evm.utg2994.26                       -            525 552764at33208        -            179   7.7e-16   59.9   0.3   1   1     7e-18   1.5e-15   58.9   0.3     8   167   316   486   311   497 0.83 -
evm.utg7.45                          -            224 552764at33208        -            179   8.1e-16   59.8   0.2   1   1   5.1e-18   1.1e-15   59.4   0.2     9   162    14   169     8   188 0.83 -
evm.utg924.70.72                     -            230 552764at33208        -            179   1.4e-15   59.0   0.2   1   1   8.7e-18   1.8e-15   58.6   0.2     6   135    25   155    20   184 0.89 -
evm.utg5950.52                       -            162 552764at33208        -            179   1.8e-15   58.7   0.1   1   1   9.8e-18   2.1e-15   58.5   0.1     7   135     6   134     1   146 0.86 -
evm.utg2994.25                       -            527 552764at33208        -            179   2.8e-15   58.0   0.0   1   1   4.2e-17   8.9e-15   56.4   0.0     9   167   316   489   310   496 0.84 -
evm.utg73.138                        -            137 552764at33208        -            179   2.9e-15   58.0   0.1   1   1   1.8e-17   3.9e-15   57.6   0.1     9    80    48   119    43   126 0.91 -
evm.utg21766.33.2.5c22ed22           -            353 552764at33208        -            179   3.5e-15   57.7   0.4   1   2   1.4e-15     3e-13   51.4   0.0     9   110    19   122    12   128 0.89 -
evm.utg21766.33.2.5c22ed22           -            353 552764at33208        -            179   3.5e-15   57.7   0.4   2   2      0.33        70    4.6   0.1    93   141   127   177   122   229 0.76 -
evm.utg1745.7                        -            243 552764at33208        -            179   4.4e-15   57.4   0.1   1   1   2.9e-17   6.2e-15   56.9   0.1     4   175     8   182     5   186 0.86 -
evm.utg21766.33.1.5c22ed22           -            386 552764at33208        -            179   4.8e-15   57.3   0.4   1   2   1.7e-15   3.5e-13   51.2   0.0     9   110    19   122    12   128 0.89 -
evm.utg21766.33.1.5c22ed22           -            386 552764at33208        -            179   4.8e-15   57.3   0.4   2   2      0.38        80    4.4   0.1    93   141   127   177   122   229 0.76 -
evm.utg21766.33                      -            456 552764at33208        -            179   7.5e-15   56.6   0.4   1   2   2.5e-15   5.4e-13   50.6   0.0     9   110    19   122    12   126 0.90 -
evm.utg21766.33                      -            456 552764at33208        -            179   7.5e-15   56.6   0.4   2   2      0.44        92    4.2   0.1    93   141   127   177   120   229 0.76 -
evm.utg279.34                        -            266 552764at33208        -            179     1e-14   56.2   0.0   1   1   3.4e-16   7.3e-14   53.4   0.0    10   167    52   224    45   234 0.81 -
evm.utg699.21                        -           1886 552764at33208        -            179   1.6e-14   55.6   0.0   1   1   1.8e-16   3.9e-14   54.3   0.0    10   172     4   167     2   173 0.90 -
evm.utg279.31                        -            538 552764at33208        -            179   2.4e-14   55.0   0.0   1   1   1.9e-16     4e-14   54.3   0.0     7   169   318   490   314   500 0.83 -
evm.utg279.33                        -            540 552764at33208        -            179   2.5e-14   54.9   0.0   1   1   3.2e-16   6.8e-14   53.5   0.0     8   167   323   497   317   504 0.84 -
evm.utg279.32                        -            523 552764at33208        -            179   6.3e-14   53.6   0.2   1   1     7e-16   1.5e-13   52.4   0.1    10   167   317   485   312   496 0.83 -
evm.utg1137.28                       -            307 552764at33208        -            179   6.6e-14   53.6   0.0   1   2   1.9e-12     4e-10   41.2   0.0     9    70   133   194   127   201 0.93 -
evm.utg1137.28                       -            307 552764at33208        -            179   6.6e-14   53.6   0.0   2   2    0.0021      0.44   11.8   0.0    94   167   194   270   193   277 0.86 -
evm.utg6924.5                        -            121 552764at33208        -            179   8.7e-14   53.2   0.0   1   1   4.6e-16   9.7e-14   53.0   0.0     9   102     3    95     1   112 0.91 -
evm.utg2994.27                       -            538 552764at33208        -            179   9.8e-14   53.0   0.0   1   1   8.2e-16   1.7e-13   52.2   0.0     7   168   318   489   314   499 0.83 -
evm.utg1786.17                       -            198 552764at33208        -            179   1.4e-13   52.5   0.0   1   1   1.2e-15   2.6e-13   51.6   0.0    10   130     4   124     2   183 0.92 -
evm.utg52.69                         -            223 552764at33208        -            179   1.8e-13   52.1   0.2   1   1   1.1e-15   2.2e-13   51.8   0.2     6   136    18   149    13   188 0.87 -
evm.utg2994.24                       -            551 552764at33208        -            179   6.7e-13   50.3   0.1   1   1   5.3e-15   1.1e-12   49.5   0.1     9   168   338   508   332   515 0.84 -
evm.utg1745.6                        -            240 552764at33208        -            179     7e-13   50.2   0.0   1   1   4.3e-15   9.2e-13   49.8   0.0     9   160    18   172    11   186 0.82 -
evm.utg1555.19.1.5c22eb35            -            213 552764at33208        -            179   1.1e-12   49.6   0.0   1   1   6.7e-15   1.4e-12   49.2   0.0     9   172    32   201    27   207 0.85 -
evm.utg1745.5                        -            235 552764at33208        -            179   1.7e-12   48.9   0.3   1   1   1.1e-14   2.3e-12   48.5   0.3     9   164    17   175    11   187 0.81 -
evm.utg1555.19                       -            235 552764at33208        -            179   2.5e-12   48.4   0.0   1   1   1.7e-14   3.5e-12   47.9   0.0     9   170    32   199    27   204 0.86 -
evm.utg734.49                        -            207 552764at33208        -            179   3.8e-12   47.8   0.0   1   1   2.3e-14   4.9e-12   47.5   0.0    10   170     5   171     1   176 0.85 -
evm.utg217.42                        -            229 552764at33208        -            179   5.8e-12   47.2   0.1   1   1   3.5e-14   7.4e-12   46.9   0.1     9   154    16   164     9   185 0.86 -
evm.utg279.37                        -            550 552764at33208        -            179   6.2e-12   47.1   0.0   1   1   5.5e-14   1.2e-11   46.2   0.0     9   169   337   508   331   515 0.84 -
evm.utg1663.36.1.5c22eb9d            -            766 552764at33208        -            179   7.1e-12   46.9   0.0   1   1   9.2e-14     2e-11   45.5   0.0    46   143    16   112     5   135 0.86 -
evm.utg370.47                        -            303 552764at33208        -            179   7.2e-12   46.9   0.1   1   1   1.7e-13   3.7e-11   44.6   0.0    10   131    68   190    62   194 0.94 -
evm.utg439.13                        -            283 552764at33208        -            179   8.9e-12   46.6   0.1   1   1   2.3e-13   4.8e-11   44.2   0.0    10   131    48   170    42   174 0.94 -
evm.utg439.13.1.5c22f0f7             -            306 552764at33208        -            179   1.1e-11   46.3   0.1   1   1   2.7e-13   5.7e-11   44.0   0.0    10   131    71   193    65   197 0.94 -
evm.utg2994.28                       -            536 552764at33208        -            179   1.5e-10   42.6   0.2   1   1   1.4e-12   2.9e-10   41.7   0.2    10   166   316   485   308   498 0.74 -
evm.utg1623.10                       -            129 552764at33208        -            179   2.8e-10   41.7   0.0   1   1   1.9e-12   4.1e-10   41.2   0.0     9   125     3   119     1   126 0.88 -
evm.utg1925.63                       -             88 552764at33208        -            179   2.9e-10   41.7   0.0   1   1   1.6e-12   3.3e-10   41.5   0.0     9    80     5    75     2    86 0.89 -
evm.utg217.39                        -            228 552764at33208        -            179   1.2e-09   39.6   0.3   1   1   7.7e-12   1.6e-09   39.2   0.3     8   155    39   188    33   211 0.80 -
evm.utg967.55                        -            222 552764at33208        -            179   1.5e-09   39.4   1.0   1   1     1e-11   2.2e-09   38.9   1.0    12   170    14   177     9   190 0.77 -
evm.utg7.48                          -            531 552764at33208        -            179   2.9e-09   38.4   0.0   1   1   2.2e-11   4.8e-09   37.7   0.0     9   160   322   476   315   497 0.83 -
evm.utg109.85                        -            235 552764at33208        -            179   4.3e-09   37.9   0.2   1   1   2.7e-11   5.8e-09   37.5   0.2     9   162    16   174     9   189 0.80 -
evm.utg3019.15                       -            186 552764at33208        -            179   5.4e-09   37.6   0.0   1   1   3.3e-11     7e-09   37.2   0.0    11   166    22   180    17   184 0.81 -
evm.utg1455.9                        -            166 552764at33208        -            179   7.4e-09   37.1   0.0   1   1   4.1e-11   8.7e-09   36.9   0.0    12   166     3   160     1   164 0.80 -
evm.utg109.83.1.5c22e88c             -            215 552764at33208        -            179   9.1e-09   36.8   0.0   1   1   5.9e-11   1.3e-08   36.4   0.0    27   175     3   154     1   158 0.83 -
evm.utg4194.33                       -            251 552764at33208        -            179   3.3e-08   35.0   0.1   1   2      0.21        45    5.2   0.0    10    27     7    24     3    28 0.89 -
evm.utg4194.33                       -            251 552764at33208        -            179   3.3e-08   35.0   0.1   2   2   2.7e-08   5.7e-06   27.7   0.0    62   174    83   200    59   205 0.86 -
evm.utg256.16                        -            660 552764at33208        -            179   9.4e-08   33.5   0.1   1   1   6.6e-08   1.4e-05   26.4   0.1    10   129    15   149     8   220 0.74 -
evm.utg4576.45.1.5c22f123            -            163 552764at33208        -            179   1.2e-07   33.1   0.2   1   1     8e-10   1.7e-07   32.7   0.2    10   134    17   138    13   158 0.82 -
evm.utg7938.3                        -            125 552764at33208        -            179   1.7e-07   32.7   0.1   1   1   9.9e-10   2.1e-07   32.4   0.1    35   123    22   115     9   121 0.84 -
evm.utg1663.8                        -            179 552764at33208        -            179   1.9e-07   32.5   0.2   1   1   1.3e-09   2.7e-07   32.0   0.2    10   133    17   137    13   148 0.82 -
evm.utg4576.45                       -            179 552764at33208        -            179   1.9e-07   32.5   0.2   1   1   1.3e-09   2.7e-07   32.0   0.2    10   133    17   137    13   148 0.82 -
evm.utg1609.51                       -            878 552764at33208        -            179   3.7e-07   31.6   0.0   1   1   1.2e-08   2.6e-06   28.8   0.0     6   136     3   154     1   184 0.81 -
evm.utg858.14.1.5c22f48f             -            176 552764at33208        -            179   6.2e-07   30.8   0.0   1   1   3.8e-09   8.1e-07   30.5   0.0    52   131    51   132    10   153 0.75 -
evm.utg1919.16.1.5c22ec69            -            455 552764at33208        -            179   7.2e-07   30.6   0.0   1   1   5.9e-09   1.3e-06   29.8   0.0     8   109   332   439   326   446 0.84 -
evm.utg858.14                        -            208 552764at33208        -            179   9.7e-07   30.2   0.0   1   1   6.2e-09   1.3e-06   29.8   0.0    53   131    84   164    42   185 0.75 -
evm.utg4567.33                       -            252 552764at33208        -            179   1.5e-06   29.6   0.0   1   1     1e-08   2.1e-06   29.1   0.0     8   123    55   180    48   185 0.74 -
evm.utg192.27                        -            756 552764at33208        -            179   1.9e-06   29.2   0.1   1   2      0.25        54    5.0   0.1     9    27     6    24     2    28 0.89 -
evm.utg192.27                        -            756 552764at33208        -            179   1.9e-06   29.2   0.1   2   2   2.2e-06   0.00046   21.5   0.0    62   174    83   200    72   205 0.85 -
evm.utg190.71.1.5c22ec4b             -            154 552764at33208        -            179   2.3e-06   29.0   1.0   1   1   1.3e-08   2.8e-06   28.7   1.0    67   174    10   125     7   130 0.82 -
evm.utg498.69                        -            236 552764at33208        -            179   2.5e-06   28.9   0.1   1   1   1.7e-08   3.7e-06   28.3   0.1    10   168    15   185    12   196 0.75 -
evm.utg7.30                          -            324 552764at33208        -            179   3.5e-06   28.4   0.7   1   1   2.4e-08   5.1e-06   27.9   0.7    48   176   160   292   140   296 0.82 -
evm.utg92.159                        -            199 552764at33208        -            179   3.8e-06   28.3   0.0   1   1   2.2e-08   4.7e-06   28.0   0.0    84   174    72   165    37   169 0.86 -
evm.utg415.120                       -            185 552764at33208        -            179   4.1e-06   28.2   0.0   1   1   2.3e-08   4.9e-06   27.9   0.0    53   131    56   136    18   163 0.84 -
evm.utg2205.5                        -            163 552764at33208        -            179   4.7e-06   28.0   0.0   1   1   2.7e-08   5.7e-06   27.7   0.0    11   149     2   140     1   159 0.73 -
evm.utg18036.3                       -            180 552764at33208        -            179   5.1e-06   27.8   0.0   1   1   3.2e-08   6.9e-06   27.4   0.0    10   148    18   156    15   176 0.74 -
evm.utg101.53                        -            242 552764at33208        -            179     6e-06   27.6   0.0   1   1   7.8e-08   1.7e-05   26.2   0.0    10   110     7   112     2   120 0.82 -
evm.utg498.140                       -            155 552764at33208        -            179   6.2e-06   27.6   0.0   1   1   4.4e-08   9.4e-06   27.0   0.0    66   129    20    84    16   101 0.90 -
evm.utg498.142.3.5c22f1a8            -            569 552764at33208        -            179   9.6e-06   27.0   0.0   1   2   3.8e-06   0.00081   20.7   0.0    10   167     6   168     2   174 0.75 -
evm.utg498.142.3.5c22f1a8            -            569 552764at33208        -            179   9.6e-06   27.0   0.0   2   2      0.59   1.3e+02    3.8   0.0    11   107   423   516   414   538 0.67 -
evm.utg5073.34                       -            657 552764at33208        -            179   1.1e-05   26.8   0.0   1   1   2.1e-07   4.4e-05   24.8   0.0     8   171    71   233    66   239 0.81 -
evm.utg498.142.5.5c22f1a8            -            610 552764at33208        -            179   1.2e-05   26.6   0.0   1   2   4.4e-06   0.00093   20.5   0.0    10   167     6   168     2   174 0.75 -
evm.utg498.142.5.5c22f1a8            -            610 552764at33208        -            179   1.2e-05   26.6   0.0   2   2      0.67   1.4e+02    3.6   0.0    11   107   464   557   455   578 0.67 -
evm.utg498.142                       -            642 552764at33208        -            179   1.4e-05   26.4   0.0   1   2   4.8e-06     0.001   20.4   0.0    10   167     6   168     2   174 0.75 -
evm.utg498.142                       -            642 552764at33208        -            179   1.4e-05   26.4   0.0   2   2      0.73   1.5e+02    3.5   0.0    11   107   423   516   414   537 0.67 -
evm.utg1663.8.1.5c22eba0             -            137 552764at33208        -            179   1.5e-05   26.4   0.1   1   1     1e-07   2.1e-05   25.8   0.1    10    99    17   101    13   130 0.81 -
evm.utg498.142.1.5c22f1a8            -            683 552764at33208        -            179   1.7e-05   26.1   0.0   1   2   5.4e-06    0.0011   20.2   0.0    10   167     6   168     2   174 0.75 -
evm.utg498.142.1.5c22f1a8            -            683 552764at33208        -            179   1.7e-05   26.1   0.0   2   2       0.8   1.7e+02    3.4   0.0    11   107   464   557   455   578 0.67 -
evm.utg5815.6                        -            176 552764at33208        -            179   2.5e-05   25.6   0.0   1   1   1.6e-07   3.3e-05   25.2   0.0    53   134    52   135    11   147 0.75 -
evm.utg858.15                        -            176 552764at33208        -            179   2.5e-05   25.6   0.0   1   1   1.6e-07   3.3e-05   25.2   0.0    53   134    52   135    11   147 0.75 -
evm.utg498.142.4.5c22f1a8            -            571 552764at33208        -            179   2.7e-05   25.5   0.0   1   2   3.9e-06   0.00082   20.7   0.0    10   167     6   168     2   174 0.75 -
evm.utg498.142.4.5c22f1a8            -            571 552764at33208        -            179   2.7e-05   25.5   0.0   2   2       1.7   3.5e+02    2.3   0.0    11    67   423   483   414   511 0.75 -
evm.utg734.39.1.5c22f3c7             -            148 552764at33208        -            179   2.8e-05   25.4   0.0   1   1   1.9e-07   4.1e-05   24.9   0.0    10   128    18   137    14   143 0.78 -
evm.utg116.291                       -            189 552764at33208        -            179     3e-05   25.4   0.1   1   1   2.3e-07   4.8e-05   24.7   0.1    45   126    50   132    15   150 0.70 -
evm.utg1555.22                       -            188 552764at33208        -            179   3.8e-05   25.0   0.0   1   1   2.6e-07   5.6e-05   24.5   0.0    10   128    18   137    14   151 0.77 -
evm.utg734.39                        -            188 552764at33208        -            179   3.8e-05   25.0   0.0   1   1   2.6e-07   5.6e-05   24.5   0.0    10   128    18   137    14   151 0.77 -
evm.utg1623.12                       -            585 552764at33208        -            179     4e-05   24.9   0.0   1   1     4e-07   8.5e-05   23.9   0.0     9   176     3   188     1   191 0.76 -
evm.utg858.15.1.5c22f48e             -            158 552764at33208        -            179   4.3e-05   24.8   0.0   1   1   2.5e-07   5.2e-05   24.6   0.0    54   134    35   117    13   129 0.84 -
evm.utg1087.5                        -            193 552764at33208        -            179   4.3e-05   24.8   0.0   1   1   2.5e-07   5.3e-05   24.5   0.0    54   129    60   137    16   189 0.74 -
evm.utg1031.20                       -             75 552764at33208        -            179   4.6e-05   24.7   0.0   1   1   2.3e-07   4.9e-05   24.7   0.0   132   175    10    53     1    57 0.88 -
evm.utg5815.6.1.5c22f25b             -            142 552764at33208        -            179   5.9e-05   24.4   0.1   1   1   3.8e-07   8.2e-05   23.9   0.1    52   127    51   128    11   132 0.74 -
evm.utg1663.37                       -            182 552764at33208        -            179   6.3e-05   24.3   0.0   1   1   4.3e-07   9.1e-05   23.8   0.0    10   131    18   136    15   155 0.77 -
evm.utg1355.22.1.5c22ea4e            -            285 552764at33208        -            179   0.00021   22.6   0.2   1   1   2.4e-06    0.0005   21.4   0.2     3   154     2   169     1   194 0.72 -
evm.utg1663.36                       -            737 552764at33208        -            179   0.00025   22.4   0.0   1   1   3.2e-06   0.00068   20.9   0.0    67   143     8    83     2   107 0.86 -
evm.utg498.142.5.5c22f1a8.1.5c2795bc -            431 552764at33208        -            179   0.00026   22.3   0.0   1   1   2.2e-06   0.00046   21.5   0.0    10   167     6   168     2   174 0.75 -
evm.utg1355.22                       -            316 552764at33208        -            179   0.00029   22.1   0.2   1   1   3.2e-06   0.00068   20.9   0.2     3   154     2   169     1   194 0.72 -
evm.utg280.52                        -            316 552764at33208        -            179   0.00029   22.1   0.2   1   1   3.2e-06   0.00068   20.9   0.2     3   154     2   169     1   194 0.72 -
evm.utg1696.10                       -            182 552764at33208        -            179   0.00045   21.5   0.1   1   1   2.8e-06    0.0006   21.1   0.1    10   164    18   174    15   180 0.70 -
evm.utg1354.3                        -            218 552764at33208        -            179   0.00079   20.7   0.1   1   1   5.1e-06    0.0011   20.3   0.1    10   164    54   210    51   216 0.70 -
evm.utg431.43                        -            182 552764at33208        -            179   0.00091   20.5   0.0   1   1   6.3e-06    0.0013   20.0   0.0     6   134    14   140     9   169 0.71 -
evm.utg6894.6                        -            182 552764at33208        -            179   0.00091   20.5   0.0   1   1   6.3e-06    0.0013   20.0   0.0     6   134    14   140     9   169 0.71 -
evm.utg2298.34.1.5c22ed5b            -            144 552764at33208        -            179   0.00097   20.4   0.0   1   1   5.8e-06    0.0012   20.1   0.0    56   135     9    90     3    99 0.84 -
evm.utg1396.9                        -            202 552764at33208        -            179    0.0011   20.3   0.0   1   1   6.4e-06    0.0014   20.0   0.0    53   135    64   148    18   156 0.79 -
evm.utg2298.34                       -            202 552764at33208        -            179    0.0011   20.3   0.0   1   1   6.4e-06    0.0014   20.0   0.0    53   135    64   148    18   156 0.79 -
evm.utg1786.19                       -            585 552764at33208        -            179    0.0011   20.2   0.0   1   1   1.1e-05    0.0024   19.2   0.0     9   175     3   187     1   191 0.73 -
evm.utg2111.14                       -            157 552764at33208        -            179    0.0019   19.5   0.0   1   1   1.2e-05    0.0026   19.0   0.0     7    87    54   143    48   150 0.68 -
evm.utg2801.39                       -            976 552764at33208        -            179     0.002   19.4   1.1   1   1   1.9e-05     0.004   18.4   0.3     7   133   225   353   217   381 0.76 -
evm.utg3201.27                       -            321 552764at33208        -            179    0.0028   18.9   0.0   1   1   3.6e-05    0.0076   17.5   0.0    11   133   155   274   149   289 0.72 -
evm.utg73.121.1.5c22f3c1             -           1762 552764at33208        -            179    0.0031   18.8   0.0   1   1   3.5e-05    0.0073   17.6   0.0     8   158   387   546   381   556 0.75 -
evm.utg5815.4.2.5c22f25d             -            689 552764at33208        -            179    0.0033   18.7   0.0   1   1   4.8e-05      0.01   17.1   0.0     8    43   653   688   646   688 0.88 -
evm.utg73.121                        -           1933 552764at33208        -            179    0.0036   18.6   0.0   1   1   3.9e-05    0.0083   17.4   0.0     8   158   558   717   552   727 0.75 -
evm.utg1363.53                       -            215 552764at33208        -            179    0.0052   18.1   0.0   1   1   4.2e-05    0.0088   17.3   0.0    10   125    22   135    16   153 0.80 -
evm.utg498.140.1.5c2795bb            -            130 552764at33208        -            179    0.0052   18.1   0.0   1   1   4.2e-05    0.0089   17.3   0.0    86   129    15    59     9    74 0.85 -
evm.utg8494.46                       -            874 552764at33208        -            179    0.0093   17.2   0.3   1   1   8.4e-05     0.018   16.3   0.3     7   133   412   540   404   568 0.76 -
evm.utg203.134                       -           1667 552764at33208        -            179    0.0098   17.2   2.8   1   4         3   6.4e+02    1.5   0.0    10    46    65   101    56   113 0.86 -
evm.utg203.134                       -           1667 552764at33208        -            179    0.0098   17.2   2.8   2   4      0.37        78    4.4   0.1    40   103   431   496   424   511 0.82 -
evm.utg203.134                       -           1667 552764at33208        -            179    0.0098   17.2   2.8   3   4      0.62   1.3e+02    3.7   0.1     9    46  1007  1044   999  1056 0.85 -
evm.utg203.134                       -           1667 552764at33208        -            179    0.0098   17.2   2.8   4   4      0.63   1.3e+02    3.7   0.1    47   102  1240  1297  1223  1309 0.78 -
evm.utg172.133                       -            563 552764at33208        -            179      0.01   17.1   0.0   1   1   0.00012     0.025   15.8   0.0    11   133   397   516   391   530 0.71 -
evm.utg4796.8                        -           1360 552764at33208        -            179     0.016   16.5   0.2   1   3       8.9   1.9e+03   -0.1   0.0    10    33     4    27     2    52 0.76 -
evm.utg4796.8                        -           1360 552764at33208        -            179     0.016   16.5   0.2   2   3     0.035       7.4    7.8   0.0    48   124    86   165    73   174 0.87 -
evm.utg4796.8                        -           1360 552764at33208        -            179     0.016   16.5   0.2   3   3      0.56   1.2e+02    3.8   0.0     8    46   547   587   540   609 0.73 -
evm.utg788.35                        -            591 552764at33208        -            179     0.041   15.1   0.4   1   2      0.69   1.5e+02    3.6   0.0   109   147   170   209   130   237 0.74 -
evm.utg788.35                        -            591 552764at33208        -            179     0.041   15.1   0.4   2   2     0.011       2.4    9.4   0.0     2    28   254   280   253   310 0.88 -
evm.utg861.115                       -            176 552764at33208        -            179     0.051   14.8   0.0   1   1   0.00032     0.067   14.4   0.0     7   128     5   123     1   141 0.71 -
evm.utg3790.4                        -           1368 552764at33208        -            179     0.092   14.0   0.1   1   2      0.07        15    6.8   0.0    48   124    89   168    73   177 0.88 -
evm.utg3790.4                        -           1368 552764at33208        -            179     0.092   14.0   0.1   2   2       1.2   2.5e+02    2.8   0.0     8    27   550   569   543   612 0.76 -
evm.utg1581.7.8.1.5c279071           -            988 552764at33208        -            179      0.13   13.5   1.2   1   2     0.097        21    6.3   0.1     7    46    60    99    54   111 0.86 -
evm.utg1581.7.8.1.5c279071           -            988 552764at33208        -            179      0.13   13.5   1.2   2   2      0.19        40    5.4   0.1    47   102   461   518   442   531 0.79 -
evm.utg1919.113                      -            205 552764at33208        -            179      0.35   12.1   0.0   1   1    0.0021      0.45   11.8   0.0    52   128    74   152    34   170 0.72 -
evm.utg3284.3.1.5c22ef22             -            956 552764at33208        -            179      0.35   12.1   0.0   1   2      0.37        79    4.4   0.0     8    58    45    94    40   127 0.88 -
evm.utg3284.3.1.5c22ef22             -            956 552764at33208        -            179      0.35   12.1   0.0   2   2       0.3        63    4.7   0.0    54    90   219   255   207   264 0.80 -
evm.utg4576.1                        -            115 552764at33208        -            179      0.35   12.1   0.0   1   2     0.019         4    8.7   0.0     6    28     3    25     1    35 0.86 -
evm.utg4576.1                        -            115 552764at33208        -            179      0.35   12.1   0.0   2   2       3.1   6.5e+02    1.4   0.0    59    90    76   107    68   112 0.86 -
evm.utg3284.3                        -            956 552764at33208        -            179      0.37   12.0   0.0   1   2      0.37        79    4.4   0.0     8    58    45    94    40   127 0.88 -
evm.utg3284.3                        -            956 552764at33208        -            179      0.37   12.0   0.0   2   2       0.3        63    4.7   0.0    54    90   219   255   207   264 0.80 -
evm.utg4194.124                      -            454 552764at33208        -            179      0.44   11.8   0.0   1   1    0.0041      0.87   10.8   0.0    10   133   242   373   238   385 0.72 -
#
# Program:         hmmsearch
# Version:         3.1b2 (February 2015)
# Pipeline mode:   SEARCH
# Query file:      /uoa/scratch/users/r02hw22/project_dark_genes/busco_downloads/lineages/metazoa_odb10/hmms/552764at33208.hmm
# Target file:     /uoa/scratch/users/r02hw22/project_dark_genes/00_raw/equina_smart.rnam-trna.merged.ggf.curated.remredun.aa.fa
# Option settings: hmmsearch --domtblout /uoa/scratch/users/r02hw22/project_dark_genes/equina_busco_proteins/run_metazoa_odb10/hmmer_output/initial_run_results/552764at33208.out --cpu 1 /uoa/scratch/users/r02hw22/project_dark_genes/busco_downloads/lineages/metazoa_odb10/hmms/552764at33208.hmm /uoa/scratch/users/r02hw22/project_dark_genes/00_raw/equina_smart.rnam-trna.merged.ggf.curated.remredun.aa.fa 
# Current dir:     /uoa/scratch/users/r02hw22/project_dark_genes
# Date:            Sat Apr 25 14:42:34 2026
# [ok]
