#                                                                                          --- full sequence --- -------------- this domain -------------   hmm coord   ali coord   env coord
# target name                      accession   tlen query name           accession   qlen   E-value  score  bias   #  of  c-Evalue  i-Evalue  score  bias  from    to  from    to  from    to  acc description of target
#              ------------------- ---------- ----- -------------------- ---------- ----- --------- ------ ----- --- --- --------- --------- ------ ----- ----- ----- ----- ----- ----- ----- ---- ---------------------
evm.utg116.72                      -            390 552949at33208        -            146   1.6e-26   94.7  52.0   1   6   1.4e-08   1.2e-05   27.0   3.5     1    31    10    40    10    50 0.86 -
evm.utg116.72                      -            390 552949at33208        -            146   1.6e-26   94.7  52.0   2   6         2   1.6e+03    0.6   4.1    30    59   101   130    45   134 0.49 -
evm.utg116.72                      -            390 552949at33208        -            146   1.6e-26   94.7  52.0   3   6   0.00079      0.63   11.7   0.4    44    82   153   191   138   196 0.81 -
evm.utg116.72                      -            390 552949at33208        -            146   1.6e-26   94.7  52.0   4   6     0.097        78    4.9   1.2    55    88   203   236   197   245 0.74 -
evm.utg116.72                      -            390 552949at33208        -            146   1.6e-26   94.7  52.0   5   6      0.29   2.3e+02    3.3   3.2    36    98   222   276   210   280 0.64 -
evm.utg116.72                      -            390 552949at33208        -            146   1.6e-26   94.7  52.0   6   6   2.6e-21   2.1e-18   68.4   9.9    90   144   323   380   284   382 0.76 -
evm.utg126.19                      -            153 552949at33208        -            146   3.1e-05   25.7   4.4   1   1   3.8e-08   3.1e-05   25.7   4.4    70   140    31   100    20   105 0.70 -
evm.utg411.67                      -            439 552949at33208        -            146   0.00083   21.0   3.9   1   1     1e-06   0.00083   21.0   3.9    77   128   365   419   325   432 0.81 -
evm.utg86134.1                     -            844 552949at33208        -            146    0.0013   20.4   4.7   1   1   1.6e-06    0.0013   20.4   4.7     1    39   116   155   116   188 0.87 -
evm.utg116.180.1.5c22e91f          -            228 552949at33208        -            146    0.0016   20.1   4.1   1   2     2e-06    0.0016   20.1   4.1     1    30    45    74    45    85 0.92 -
evm.utg116.180.1.5c22e91f          -            228 552949at33208        -            146    0.0016   20.1   4.1   2   2       7.6   6.1e+03   -1.3   0.6    75    88    96   109    85   146 0.45 -
evm.utg1272.23                     -            567 552949at33208        -            146     0.002   19.8   3.5   1   1   2.5e-06     0.002   19.8   3.5    97   141   245   293   234   298 0.80 -
evm.utg170.19.1.5c22ebba           -            412 552949at33208        -            146    0.0027   19.4   5.8   1   1   9.4e-06    0.0076   17.9   5.8     1    31   323   353   323   361 0.90 -
evm.utg364.14.5.5c22efa8           -            756 552949at33208        -            146    0.0032   19.1   5.1   1   1     4e-06    0.0032   19.1   5.1     1    39     2    41     2    60 0.85 -
evm.utg364.14.2.5c22efa7           -            896 552949at33208        -            146    0.0037   18.9   5.0   1   1   4.6e-06    0.0037   18.9   5.0     1    38   170   208   170   227 0.85 -
evm.utg364.14.4.5c22efa7           -            910 552949at33208        -            146    0.0038   18.9   5.0   1   1   4.7e-06    0.0038   18.9   5.0     1    38   170   208   170   227 0.85 -
evm.utg364.14.1.5c22efa7           -            917 552949at33208        -            146    0.0038   18.9   5.0   1   1   4.7e-06    0.0038   18.9   5.0     1    38   170   208   170   227 0.85 -
evm.utg364.14.3.5c22efa7           -            917 552949at33208        -            146    0.0038   18.9   5.0   1   1   4.7e-06    0.0038   18.9   5.0     1    38   170   208   170   227 0.85 -
evm.utg714.28                      -            468 552949at33208        -            146    0.0038   18.9   6.7   1   1   4.7e-06    0.0038   18.9   6.7     1    35    50    85    50    95 0.85 -
evm.utg364.14                      -            924 552949at33208        -            146    0.0038   18.9   5.0   1   1   4.7e-06    0.0038   18.9   5.0     1    38   170   208   170   227 0.85 -
evm.utg750.74.1.5c22f3e6           -            520 552949at33208        -            146    0.0046   18.6   2.8   1   2       3.3   2.6e+03   -0.1   3.6     7    28    11    32     7    54 0.73 -
evm.utg750.74.1.5c22f3e6           -            520 552949at33208        -            146    0.0046   18.6   2.8   2   2   5.8e-06    0.0046   18.6   2.8     5   107    80   187    75   192 0.76 -
evm.utg170.19                      -            394 552949at33208        -            146     0.005   18.5   5.5   1   1   6.2e-06     0.005   18.5   5.5     1    31   323   353   323   369 0.89 -
evm.utg216.5                       -           2010 552949at33208        -            146    0.0054   18.4   1.3   1   2   6.7e-06    0.0054   18.4   1.3     1    69    12    80    12    97 0.78 -
evm.utg216.5                       -           2010 552949at33208        -            146    0.0054   18.4   1.3   2   2       6.9   5.5e+03   -1.1   0.0    42   101   433   492   420   495 0.82 -
evm.utg6155.19                     -           2159 552949at33208        -            146    0.0059   18.3   1.3   1   2   7.3e-06    0.0059   18.3   1.3     1    69   178   246   178   263 0.78 -
evm.utg6155.19                     -           2159 552949at33208        -            146    0.0059   18.3   1.3   2   2         7   5.7e+03   -1.2   0.0    42   101   631   690   618   693 0.82 -
evm.utg4177.32                     -            130 552949at33208        -            146    0.0063   18.2   4.1   1   1   7.8e-06    0.0063   18.2   4.1    89   132    44    88     8    97 0.71 -
evm.utg255.21                      -            286 552949at33208        -            146    0.0072   18.0   5.3   1   1   1.7e-05     0.014   17.1   5.3     1    31   230   260   230   277 0.91 -
evm.utg3899.12                     -           2157 552949at33208        -            146     0.011   17.4   3.5   1   3         5   4.1e+03   -0.7   0.6    12    33    79   100    58   107 0.79 -
evm.utg3899.12                     -           2157 552949at33208        -            146     0.011   17.4   3.5   2   3       2.4   1.9e+03    0.4   0.5     7    38  1313  1344  1309  1354 0.77 -
evm.utg3899.12                     -           2157 552949at33208        -            146     0.011   17.4   3.5   3   3   1.4e-05     0.011   17.4   3.5    97   127  2106  2136  2095  2150 0.85 -
evm.utg344.27.28                   -           1035 552949at33208        -            146     0.013   17.1   7.4   1   1   4.8e-05     0.039   15.6   7.4     1    59   904   962   904  1031 0.70 -
evm.utg868.96                      -            634 552949at33208        -            146     0.014   17.0   2.5   1   4       9.8   7.9e+03   -1.6   5.0    45    92   269   317   246   330 0.62 -
evm.utg868.96                      -            634 552949at33208        -            146     0.014   17.0   2.5   2   4         9   7.3e+03   -1.5   1.1    46    74   345   373   325   413 0.66 -
evm.utg868.96                      -            634 552949at33208        -            146     0.014   17.0   2.5   3   4      0.27   2.2e+02    3.5   4.1    32   110   509   581   500   582 0.78 -
evm.utg868.96                      -            634 552949at33208        -            146     0.014   17.0   2.5   4   4   1.8e-05     0.014   17.0   2.5     1    31   579   609   579   619 0.88 -
evm.utg4157.50                     -            403 552949at33208        -            146     0.015   16.9   4.9   1   1   1.9e-05     0.015   16.9   4.9     1    31   332   362   332   378 0.89 -
evm.utg785.3                       -            634 552949at33208        -            146     0.017   16.8   2.4   1   3       4.1   3.3e+03   -0.4   0.5    46    98   223   275   216   281 0.68 -
evm.utg785.3                       -            634 552949at33208        -            146     0.017   16.8   2.4   2   3      0.43   3.5e+02    2.8   4.6    32   110   509   581   500   582 0.78 -
evm.utg785.3                       -            634 552949at33208        -            146     0.017   16.8   2.4   3   3   2.1e-05     0.017   16.8   2.4     1    31   579   609   579   618 0.88 -
evm.utg344.27.28.1.5c2793d1        -            756 552949at33208        -            146     0.018   16.7   8.2   1   1   6.8e-05     0.055   15.1   8.2     1    59   684   743   684   751 0.78 -
evm.utg10282.24                    -            827 552949at33208        -            146      0.02   16.5   5.6   1   1     6e-05     0.048   15.3   5.6     1    28    33    60    33    67 0.94 -
evm.utg910.114                     -            734 552949at33208        -            146     0.026   16.2   5.1   1   2         4   3.2e+03   -0.3   0.1    23    54   454   485   446   520 0.79 -
evm.utg910.114                     -            734 552949at33208        -            146     0.026   16.2   5.1   2   2   3.2e-05     0.026   16.2   5.1     1    33   662   694   662   725 0.81 -
evm.utg16815.4                     -           1639 552949at33208        -            146     0.026   16.2   6.1   1   1   0.00013       0.1   14.2   6.1     1    28   856   883   856   890 0.94 -
evm.utg5367.35                     -            681 552949at33208        -            146     0.027   16.1   3.5   1   2   3.3e-05     0.027   16.1   3.5    93   141   343   391   314   397 0.77 -
evm.utg5367.35                     -            681 552949at33208        -            146     0.027   16.1   3.5   2   2      0.24   1.9e+02    3.6   1.2   101   123   644   666   633   673 0.89 -
evm.utg4082.50.2.5c22f068          -            300 552949at33208        -            146     0.029   16.0   5.0   1   1   5.4e-05     0.044   15.4   5.0    74   137    74   137    56   146 0.71 -
evm.utg116.180                     -            220 552949at33208        -            146     0.029   16.0   8.7   1   2   3.6e-05     0.029   16.0   8.7     1    31    45    75    45   100 0.88 -
evm.utg116.180                     -            220 552949at33208        -            146     0.029   16.0   8.7   2   2       6.5   5.2e+03   -1.0   0.6    74    88    95   109    82   146 0.47 -
evm.utg4082.50                     -            307 552949at33208        -            146      0.03   16.0   5.0   1   1   5.6e-05     0.045   15.4   5.0    74   137    74   137    56   146 0.71 -
evm.utg1032.1                      -           1331 552949at33208        -            146     0.031   15.9   4.0   1   2         9   7.3e+03   -1.5   2.5    53    99   292   340   261   345 0.59 -
evm.utg1032.1                      -           1331 552949at33208        -            146     0.031   15.9   4.0   2   2   3.9e-05     0.031   15.9   4.0     1    33   996  1028   996  1070 0.84 -
utg5074.equina_smart_1457565.mrna1 -            357 552949at33208        -            146     0.032   15.9   2.7   1   1   0.00012     0.096   14.3   2.7     1    30   171   200   171   237 0.82 -
evm.utg4082.50.1.5c22f068          -            321 552949at33208        -            146     0.033   15.8   5.0   1   1   6.1e-05     0.049   15.3   5.0    74   137    74   137    56   146 0.71 -
evm.utg401.69                      -           1371 552949at33208        -            146     0.034   15.8   3.2   1   2       0.4   3.2e+02    2.9   3.8    32    82   264   315   253   319 0.82 -
evm.utg401.69                      -           1371 552949at33208        -            146     0.034   15.8   3.2   2   2   4.2e-05     0.034   15.8   3.2     1    32  1305  1336  1305  1345 0.87 -
evm.utg788.9                       -            487 552949at33208        -            146     0.051   15.2   1.4   1   3       2.8   2.2e+03    0.2   0.1    21    70    11    61     5    72 0.74 -
evm.utg788.9                       -            487 552949at33208        -            146     0.051   15.2   1.4   2   3   6.3e-05     0.051   15.2   1.4     1    33   169   201   169   227 0.88 -
evm.utg788.9                       -            487 552949at33208        -            146     0.051   15.2   1.4   3   3       1.2   9.8e+02    1.3   2.0    16    73   227   286   217   313 0.74 -
evm.utg2017.3.1.5c22ecbc           -            607 552949at33208        -            146     0.085   14.5   4.0   1   1   0.00019      0.16   13.6   4.0     1    30   552   581   552   599 0.91 -
evm.utg2017.3                      -            627 552949at33208        -            146     0.088   14.5   4.0   1   1    0.0002      0.16   13.6   4.0     1    30   572   601   572   619 0.91 -
evm.utg411.45.1.5c22f073           -            562 552949at33208        -            146      0.09   14.4   4.0   1   1    0.0004      0.32   12.6   4.0     1    35   509   543   509   560 0.81 -
evm.utg20197.4                     -            490 552949at33208        -            146     0.092   14.4   2.0   1   3       2.4   1.9e+03    0.4   0.2    21    70    11    61     5    75 0.73 -
evm.utg20197.4                     -            490 552949at33208        -            146     0.092   14.4   2.0   2   3   0.00011     0.092   14.4   2.0     1    32   169   200   169   212 0.89 -
evm.utg20197.4                     -            490 552949at33208        -            146     0.092   14.4   2.0   3   3       2.8   2.2e+03    0.2   0.2    14    71   233   287   222   314 0.60 -
utg5059.equina_smart_980225.mrna3  -             95 552949at33208        -            146     0.096   14.3   1.9   1   1   0.00016      0.13   13.9   1.9    97   130    10    43     4    51 0.82 -
evm.utg411.45                      -            696 552949at33208        -            146       0.1   14.3   3.6   1   1   0.00038      0.31   12.7   3.6     1    34   643   676   643   694 0.81 -
evm.utg5774.3.1.5c22f241           -            362 552949at33208        -            146      0.15   13.7   1.1   1   3       9.7   7.8e+03   -1.6   0.9    93   109   278   294   273   296 0.79 -
evm.utg5774.3.1.5c22f241           -            362 552949at33208        -            146      0.15   13.7   1.1   2   3   0.00018      0.15   13.7   1.1     8    30   314   336   308   344 0.84 -
evm.utg5774.3.1.5c22f241           -            362 552949at33208        -            146      0.15   13.7   1.1   3   3       3.7   2.9e+03   -0.2   0.3   124   135   349   360   347   361 0.82 -
evm.utg637.9                       -            109 552949at33208        -            146      0.16   13.6   1.3   1   1   0.00025       0.2   13.3   1.3     5    87    20   100    16   106 0.79 -
evm.utg26120.19                    -            408 552949at33208        -            146      0.17   13.5   1.1   1   2   0.00021      0.17   13.5   1.1     8    30   314   336   308   344 0.84 -
evm.utg26120.19                    -            408 552949at33208        -            146      0.17   13.5   1.1   2   2       1.8   1.4e+03    0.8   0.1   124   136   349   361   347   367 0.83 -
evm.utg5774.3                      -            408 552949at33208        -            146      0.17   13.5   1.1   1   2   0.00021      0.17   13.5   1.1     8    30   314   336   308   344 0.84 -
evm.utg5774.3                      -            408 552949at33208        -            146      0.17   13.5   1.1   2   2       1.8   1.5e+03    0.8   0.1   124   136   349   361   347   367 0.83 -
evm.utg10.33                       -            282 552949at33208        -            146      0.22   13.2   7.5   1   1   0.00048      0.38   12.4   6.4     2    37   163   198   161   245 0.69 -
evm.utg13.26                       -            282 552949at33208        -            146      0.23   13.1   8.3   1   1    0.0013       1.1   10.9   8.3     2    38   163   200   158   245 0.64 -
utg16283.evm.utg637.9.mrna2        -            109 552949at33208        -            146      0.23   13.1   0.9   1   1   0.00037       0.3   12.7   0.9     5    87    20   100    16   106 0.78 -
evm.utg52.76.1.5c22f1d6            -            938 552949at33208        -            146      0.29   12.8   6.2   1   2         5   4.1e+03   -0.7   0.1    68   107   695   735   655   738 0.72 -
evm.utg52.76.1.5c22f1d6            -            938 552949at33208        -            146      0.29   12.8   6.2   2   2   0.00021      0.17   13.5   2.2   103   144   768   815   748   817 0.82 -
evm.utg3284.38.1.5c22ef24          -           1354 552949at33208        -            146      0.29   12.8   9.7   1   1    0.0013         1   11.0   9.7     1    31   609   639   609   655 0.85 -
evm.utg3284.38                     -           1328 552949at33208        -            146       0.3   12.7   9.7   1   1    0.0012         1   11.0   9.7     1    31   609   639   609   655 0.85 -
evm.utg2129.95                     -            559 552949at33208        -            146       0.3   12.7   4.6   1   1   0.00072      0.58   11.8   4.6    97   136   500   540   482   549 0.85 -
evm.utg52.76                       -           1007 552949at33208        -            146      0.35   12.5   6.2   1   2       5.6   4.5e+03   -0.8   0.1    69   107   765   804   725   807 0.72 -
evm.utg52.76                       -           1007 552949at33208        -            146      0.35   12.5   6.2   2   2   0.00023      0.18   13.4   2.2   103   144   837   884   817   886 0.82 -
evm.utg1972.77.1.5c22eca8          -            239 552949at33208        -            146      0.45   12.1  14.6   1   1     0.003       2.4    9.8  14.6     1    32    81   112    81   173 0.66 -
evm.utg621.4                       -            225 552949at33208        -            146      0.61   11.7  15.9   1   1    0.0018       1.5   10.5  15.9    87   136   113   161    65   168 0.73 -
evm.utg1962.27                     -            328 552949at33208        -            146      0.69   11.6   0.5   1   1    0.0017       1.4   10.6   0.1    56   103   225   272   204   279 0.87 -
evm.utg145.90                      -            147 552949at33208        -            146      0.76   11.4   6.9   1   1   0.00024      0.19   13.3   4.1   106   129    17    41     2    59 0.74 -
evm.utg3019.54                     -           1039 552949at33208        -            146      0.89   11.2   6.2   1   1    0.0005       0.4   12.3   2.8     1    30   819   848   819   886 0.85 -
evm.utg1031.89                     -            169 552949at33208        -            146       1.3   10.7  16.5   1   2     0.014        11    7.7   4.2     9    35    63    89    55   116 0.71 -
evm.utg1031.89                     -            169 552949at33208        -            146       1.3   10.7  16.5   2   2     0.016        13    7.5   5.7   116   138   125   146   113   152 0.83 -
evm.utg700.7                       -            981 552949at33208        -            146       1.9   10.2   9.9   1   1    0.0007      0.56   11.8   5.6     1    34   790   823   790   842 0.86 -
evm.utg924.77                      -           1006 552949at33208        -            146       1.9   10.1   6.9   1   2       5.3   4.2e+03   -0.7   0.2    65   107   760   803   725   806 0.72 -
evm.utg924.77                      -           1006 552949at33208        -            146       1.9   10.1   6.9   2   2   0.00081      0.65   11.6   2.2   103   138   836   877   816   884 0.80 -
evm.utg9668.29                     -            857 552949at33208        -            146       2.3    9.8  11.5   1   1   0.00069      0.56   11.8   6.3     1    34   668   701   668   730 0.84 -
evm.utg700.7.1.5c22f369            -            926 552949at33208        -            146       3.2    9.4  10.7   1   1   0.00091      0.74   11.5   6.1     1    34   790   823   790   841 0.86 -
evm.utg2427.20                     -             90 552949at33208        -            146       3.5    9.3   6.7   1   1    0.0053       4.3    9.0   6.7    36   101    20    87     4    89 0.77 -
evm.utg11962.17                    -            226 552949at33208        -            146       7.8    8.1  27.6   1   3      0.52   4.2e+02    2.5   3.9   101   133    10    42     3    54 0.76 -
evm.utg11962.17                    -            226 552949at33208        -            146       7.8    8.1  27.6   2   3    0.0033       2.7    9.6   1.7     1    31    93   123    93   147 0.74 -
evm.utg11962.17                    -            226 552949at33208        -            146       7.8    8.1  27.6   3   3    0.0089       7.1    8.3   5.2    10    52   159   207   150   224 0.61 -
evm.utg301.67                      -           3787 552949at33208        -            146       8.9    7.9  13.5   1   1   0.00015      0.12   14.0   5.5     1    32  3727  3758  3727  3783 0.87 -
#
# Program:         hmmsearch
# Version:         3.1b2 (February 2015)
# Pipeline mode:   SEARCH
# Query file:      /uoa/scratch/users/r02hw22/project_dark_genes/busco_downloads/lineages/metazoa_odb10/hmms/552949at33208.hmm
# Target file:     /uoa/scratch/users/r02hw22/project_dark_genes/00_raw/equina_smart.rnam-trna.merged.ggf.curated.remredun.aa.fa
# Option settings: hmmsearch --domtblout /uoa/scratch/users/r02hw22/project_dark_genes/equina_busco_proteins/run_metazoa_odb10/hmmer_output/initial_run_results/552949at33208.out --cpu 1 /uoa/scratch/users/r02hw22/project_dark_genes/busco_downloads/lineages/metazoa_odb10/hmms/552949at33208.hmm /uoa/scratch/users/r02hw22/project_dark_genes/00_raw/equina_smart.rnam-trna.merged.ggf.curated.remredun.aa.fa 
# Current dir:     /uoa/scratch/users/r02hw22/project_dark_genes
# Date:            Sat Apr 25 14:42:39 2026
# [ok]
