#                                                                            --- full sequence --- -------------- this domain -------------   hmm coord   ali coord   env coord
# target name        accession   tlen query name           accession   qlen   E-value  score  bias   #  of  c-Evalue  i-Evalue  score  bias  from    to  from    to  from    to  acc description of target
#------------------- ---------- ----- -------------------- ---------- ----- --------- ------ ----- --- --- --------- --------- ------ ----- ----- ----- ----- ----- ----- ----- ---- ---------------------
evm.utg62.97         -            418 553411at33208        -            163   5.8e-48  164.3  27.6   1   4     3e-49   2.1e-45  156.0   9.1     4   124     1   144     1   161 0.84 -
evm.utg62.97         -            418 553411at33208        -            163   5.8e-48  164.3  27.6   2   4     0.098   6.8e+02    1.5   0.0   119   137   163   181   156   186 0.82 -
evm.utg62.97         -            418 553411at33208        -            163   5.8e-48  164.3  27.6   3   4   6.8e-07    0.0047   18.3   1.2   137   162   206   231   200   232 0.92 -
evm.utg62.97         -            418 553411at33208        -            163   5.8e-48  164.3  27.6   4   4       2.2   1.5e+04   -2.9   1.6    42    53   359   370   333   407 0.55 -
evm.utg2017.14       -            418 553411at33208        -            163   3.1e-47  161.9  16.7   1   4   1.9e-49   1.3e-45  156.7   8.4     4   124     1   144     1   156 0.83 -
evm.utg2017.14       -            418 553411at33208        -            163   3.1e-47  161.9  16.7   2   4     0.097   6.7e+02    1.5   0.0   117   137   161   181   154   185 0.82 -
evm.utg2017.14       -            418 553411at33208        -            163   3.1e-47  161.9  16.7   3   4   6.8e-07    0.0047   18.3   1.2   137   162   206   231   200   232 0.92 -
evm.utg2017.14       -            418 553411at33208        -            163   3.1e-47  161.9  16.7   4   4         2   1.4e+04   -2.8   1.8    27    32   365   370   315   402 0.63 -
evm.utg1087.2        -            523 553411at33208        -            163     1e-05   27.0   0.9   1   2   1.4e-09     1e-05   27.0   0.9    93   158    74   144     2   150 0.69 -
evm.utg1087.2        -            523 553411at33208        -            163     1e-05   27.0   0.9   2   2         8   5.6e+04   -6.4   5.9    27    45   166   182   155   205 0.52 -
evm.utg1002.29       -            348 553411at33208        -            163     0.012   17.0   2.9   1   2       0.2   1.4e+03    0.5   0.3   104   120     7    21     3    25 0.84 -
evm.utg1002.29       -            348 553411at33208        -            163     0.012   17.0   2.9   2   2   2.6e-06     0.018   16.3   0.4    96   143    25    70    19    76 0.80 -
evm.utg2216.47       -            247 553411at33208        -            163     0.012   16.9   2.4   1   2   1.8e-06     0.012   16.9   2.4    12    60     7    55     5   101 0.67 -
evm.utg2216.47       -            247 553411at33208        -            163     0.012   16.9   2.4   2   2       1.9   1.3e+04   -2.7   6.3   127   160   147   180   128   184 0.70 -
evm.utg522.19        -           1695 553411at33208        -            163     0.023   16.0   0.9   1   1   1.9e-05      0.13   13.5   0.9    93   126  1259  1291  1206  1302 0.75 -
evm.utg5.18          -            213 553411at33208        -            163     0.043   15.1   0.0   1   1   1.2e-05     0.083   14.2   0.0    77   120   146   187   118   196 0.81 -
evm.utg607.53        -            792 553411at33208        -            163      0.34   12.2   0.5   1   1     9e-05      0.63   11.4   0.5    57   113    73   130    59   137 0.83 -
#
# Program:         hmmsearch
# Version:         3.1b2 (February 2015)
# Pipeline mode:   SEARCH
# Query file:      /uoa/scratch/users/r02hw22/project_dark_genes/busco_downloads/lineages/metazoa_odb10/hmms/553411at33208.hmm
# Target file:     /uoa/scratch/users/r02hw22/project_dark_genes/00_raw/equina_smart.rnam-trna.merged.ggf.curated.remredun.aa.fa
# Option settings: hmmsearch --domtblout /uoa/scratch/users/r02hw22/project_dark_genes/equina_busco_proteins/run_metazoa_odb10/hmmer_output/initial_run_results/553411at33208.out --cpu 1 /uoa/scratch/users/r02hw22/project_dark_genes/busco_downloads/lineages/metazoa_odb10/hmms/553411at33208.hmm /uoa/scratch/users/r02hw22/project_dark_genes/00_raw/equina_smart.rnam-trna.merged.ggf.curated.remredun.aa.fa 
# Current dir:     /uoa/scratch/users/r02hw22/project_dark_genes
# Date:            Sat Apr 25 14:42:42 2026
# [ok]
