#                                                                                           --- full sequence --- -------------- this domain -------------   hmm coord   ali coord   env coord
# target name                       accession   tlen query name           accession   qlen   E-value  score  bias   #  of  c-Evalue  i-Evalue  score  bias  from    to  from    to  from    to  acc description of target
#               ------------------- ---------- ----- -------------------- ---------- ----- --------- ------ ----- --- --- --------- --------- ------ ----- ----- ----- ----- ----- ----- ----- ---- ---------------------
evm.utg2798.26                      -            248 553585at33208        -            207   7.2e-86  288.5   5.7   1   1   2.1e-86   8.1e-84  281.8   5.7     2   207     1   228     1   228 0.88 -
evm.utg977.34                       -           1464 553585at33208        -            207   1.3e-32  114.6  52.6   1  10       1.1     4e+02    1.9   0.2    85   116    59    91    56    95 0.85 -
evm.utg977.34                       -           1464 553585at33208        -            207   1.3e-32  114.6  52.6   2  10   1.8e-12   6.9e-10   40.4   7.2    28   161   115   254    95   282 0.78 -
evm.utg977.34                       -           1464 553585at33208        -            207   1.3e-32  114.6  52.6   3  10     0.069        27    5.8   1.3    61   116   698   752   690   753 0.82 -
evm.utg977.34                       -           1464 553585at33208        -            207   1.3e-32  114.6  52.6   4  10     0.092        35    5.4   0.0    45    93   748   796   745   803 0.87 -
evm.utg977.34                       -           1464 553585at33208        -            207   1.3e-32  114.6  52.6   5  10    0.0036       1.4   10.0   1.2    13    97   891   971   884   978 0.77 -
evm.utg977.34                       -           1464 553585at33208        -            207   1.3e-32  114.6  52.6   6  10   8.7e-06    0.0034   18.5   1.3    48   115   946  1014   937  1016 0.92 -
evm.utg977.34                       -           1464 553585at33208        -            207   1.3e-32  114.6  52.6   7  10   9.8e-08   3.8e-05   24.9   5.1    47   145   967  1068   962  1082 0.82 -
evm.utg977.34                       -           1464 553585at33208        -            207   1.3e-32  114.6  52.6   8  10     0.037        14    6.7   0.0     4    79  1086  1163  1083  1173 0.73 -
evm.utg977.34                       -           1464 553585at33208        -            207   1.3e-32  114.6  52.6   9  10     1e-06    0.0004   21.5   1.6    24   116  1201  1296  1182  1299 0.83 -
evm.utg977.34                       -           1464 553585at33208        -            207   1.3e-32  114.6  52.6  10  10   2.5e-10   9.5e-08   33.4   0.8    51   162  1252  1365  1249  1397 0.82 -
evm.utg977.34.1.5c22f54f            -           1486 553585at33208        -            207   1.3e-32  114.6  52.4   1  10      0.98   3.8e+02    2.0   0.2    85   116    81   113    77   119 0.85 -
evm.utg977.34.1.5c22f54f            -           1486 553585at33208        -            207   1.3e-32  114.6  52.4   2  10   1.3e-12     5e-10   40.8   6.7    28   161   137   276   121   304 0.78 -
evm.utg977.34.1.5c22f54f            -           1486 553585at33208        -            207   1.3e-32  114.6  52.4   3  10     0.071        27    5.8   1.3    61   116   720   774   712   775 0.82 -
evm.utg977.34.1.5c22f54f            -           1486 553585at33208        -            207   1.3e-32  114.6  52.4   4  10     0.094        36    5.4   0.0    45    93   770   818   767   825 0.87 -
evm.utg977.34.1.5c22f54f            -           1486 553585at33208        -            207   1.3e-32  114.6  52.4   5  10    0.0037       1.4   10.0   1.2    13    97   913   993   906  1000 0.77 -
evm.utg977.34.1.5c22f54f            -           1486 553585at33208        -            207   1.3e-32  114.6  52.4   6  10   8.9e-06    0.0034   18.5   1.3    48   115   968  1036   959  1038 0.92 -
evm.utg977.34.1.5c22f54f            -           1486 553585at33208        -            207   1.3e-32  114.6  52.4   7  10     1e-07   3.8e-05   24.9   5.1    47   145   989  1090   984  1104 0.82 -
evm.utg977.34.1.5c22f54f            -           1486 553585at33208        -            207   1.3e-32  114.6  52.4   8  10     0.038        14    6.7   0.0     4    79  1108  1185  1105  1195 0.73 -
evm.utg977.34.1.5c22f54f            -           1486 553585at33208        -            207   1.3e-32  114.6  52.4   9  10   1.1e-06   0.00041   21.5   1.6    24   116  1223  1318  1204  1321 0.83 -
evm.utg977.34.1.5c22f54f            -           1486 553585at33208        -            207   1.3e-32  114.6  52.4  10  10   2.5e-10   9.7e-08   33.4   0.8    51   162  1274  1387  1271  1419 0.82 -
evm.utg2129.140                     -            784 553585at33208        -            207     2e-24   87.9  21.2   1   3   6.1e-08   2.3e-05   25.6   3.3    31   115   252   331   239   332 0.82 -
evm.utg2129.140                     -            784 553585at33208        -            207     2e-24   87.9  21.2   2   3   2.1e-19   8.2e-17   63.0   4.8    27   199   311   481   305   487 0.92 -
evm.utg2129.140                     -            784 553585at33208        -            207     2e-24   87.9  21.2   3   3   3.9e-05     0.015   16.4   0.1    67   144   552   633   543   652 0.82 -
evm.utg2129.140.1.5c22ed03          -            799 553585at33208        -            207   1.8e-21   78.2  19.9   1   3   3.4e-06    0.0013   19.9   1.0    32    93   253   308   240   312 0.75 -
evm.utg2129.140.1.5c22ed03          -            799 553585at33208        -            207   1.8e-21   78.2  19.9   2   3   2.5e-16   9.6e-14   53.0   3.8    27   172   311   454   303   498 0.89 -
evm.utg2129.140.1.5c22ed03          -            799 553585at33208        -            207   1.8e-21   78.2  19.9   3   3     4e-05     0.015   16.4   0.1    67   144   567   648   558   667 0.82 -
evm.utg579.28                       -            314 553585at33208        -            207   3.3e-20   74.1  26.2   1   4   9.2e-07   0.00035   21.7   2.6    45   116    32   102    25   103 0.89 -
evm.utg579.28                       -            314 553585at33208        -            207   3.3e-20   74.1  26.2   2   4   2.2e-07   8.3e-05   23.8   7.4    28   115    60   145    59   146 0.90 -
evm.utg579.28                       -            314 553585at33208        -            207   3.3e-20   74.1  26.2   3   4   1.5e-08   5.6e-06   27.6   6.6    28   116   126   212   124   213 0.89 -
evm.utg579.28                       -            314 553585at33208        -            207   3.3e-20   74.1  26.2   4   4   7.7e-11     3e-08   35.0   0.2    48   143   211   308   210   311 0.87 -
evm.utg6938.8                       -           1151 553585at33208        -            207   1.5e-19   72.0  40.7   1   7      0.72   2.8e+02    2.5   0.2    85   116    81   113    75   122 0.86 -
evm.utg6938.8                       -           1151 553585at33208        -            207   1.5e-19   72.0  40.7   2   7   1.9e-12   7.2e-10   40.3   7.2    28   161   137   278   125   307 0.78 -
evm.utg6938.8                       -           1151 553585at33208        -            207   1.5e-19   72.0  40.7   3   7     0.096        37    5.3   1.2    65   116   723   773   715   774 0.77 -
evm.utg6938.8                       -           1151 553585at33208        -            207   1.5e-19   72.0  40.7   4   7     0.046        18    6.4   0.1    44    89   768   813   763   824 0.85 -
evm.utg6938.8                       -           1151 553585at33208        -            207   1.5e-19   72.0  40.7   5   7     0.005       1.9    9.5   1.0    13    92   912   987   905   998 0.74 -
evm.utg6938.8                       -           1151 553585at33208        -            207   1.5e-19   72.0  40.7   6   7   1.6e-05    0.0062   17.7   1.2    48   115   967  1035   962  1036 0.92 -
evm.utg6938.8                       -           1151 553585at33208        -            207   1.5e-19   72.0  40.7   7   7   1.3e-08   4.9e-06   27.8   4.3    47   148   988  1092   982  1118 0.81 -
utg415.evm.utg24941.10.mrna2        -            242 553585at33208        -            207     2e-15   58.4   7.9   1   2      0.42   1.6e+02    3.2   0.2    53    81    55    82    47    92 0.57 -
utg415.evm.utg24941.10.mrna2        -            242 553585at33208        -            207     2e-15   58.4   7.9   2   2   1.4e-17   5.3e-15   57.1   7.2    29   156    76   202    57   239 0.80 -
evm.utg12655.56                     -            387 553585at33208        -            207   1.4e-14   55.7   6.1   1   3     0.093        36    5.4   0.0    47    79     2    34     1    44 0.86 -
evm.utg12655.56                     -            387 553585at33208        -            207   1.4e-14   55.7   6.1   2   3   2.8e-07   0.00011   23.4   3.2    24   116    72   167    56   170 0.84 -
evm.utg12655.56                     -            387 553585at33208        -            207   1.4e-14   55.7   6.1   3   3   6.2e-11   2.4e-08   35.4   0.7    51   162   123   236   123   269 0.79 -
evm.utg498.77                       -            486 553585at33208        -            207   1.8e-14   55.4  13.6   1   3   2.7e-06     0.001   20.2   1.5    20    99    99   177    81   193 0.83 -
evm.utg498.77                       -            486 553585at33208        -            207   1.8e-14   55.4  13.6   2   3    0.0061       2.3    9.2   0.7    42   115   190   262   180   263 0.88 -
evm.utg498.77                       -            486 553585at33208        -            207   1.8e-14   55.4  13.6   3   3   1.8e-10   6.9e-08   33.8   0.2    47   192   261   407   258   419 0.77 -
evm.utg160.30.2.5c22eb5e            -            539 553585at33208        -            207   5.7e-14   53.7   0.5   1   1   3.5e-16   1.4e-13   52.5   0.5    62   191    47   178    21   190 0.88 -
evm.utg160.30.1.5c22eb5d            -            645 553585at33208        -            207   1.8e-13   52.1   0.4   1   2   4.7e-16   1.8e-13   52.1   0.4    62   191    47   178    22   190 0.88 -
evm.utg160.30.1.5c22eb5d            -            645 553585at33208        -            207   1.8e-13   52.1   0.4   2   2       4.7   1.8e+03   -0.2   0.9   166   203   578   615   552   618 0.62 -
evm.utg798.62                       -           1218 553585at33208        -            207   1.9e-13   52.0  11.1   1   3   0.00099      0.38   11.8   0.2    45   103    20    77    15    87 0.75 -
evm.utg798.62                       -           1218 553585at33208        -            207   1.9e-13   52.0  11.1   2   3   0.00096      0.37   11.9   0.4    43    86    84   126    71   131 0.84 -
evm.utg798.62                       -           1218 553585at33208        -            207   1.9e-13   52.0  11.1   3   3   9.4e-11   3.6e-08   34.8   1.1    45   158   130   252   126   260 0.76 -
evm.utg160.30                       -            664 553585at33208        -            207     2e-13   52.0   0.4   1   2   5.1e-16     2e-13   52.0   0.4    62   191    47   178    23   190 0.88 -
evm.utg160.30                       -            664 553585at33208        -            207     2e-13   52.0   0.4   2   2         4   1.5e+03    0.0   0.8   165   203   577   615   551   618 0.62 -
evm.utg4907.7                       -            530 553585at33208        -            207   4.4e-13   50.8   9.3   1   2   0.00022     0.083   14.0   0.9    54   116    52   113    27   113 0.85 -
evm.utg4907.7                       -            530 553585at33208        -            207   4.4e-13   50.8   9.3   2   2   6.3e-14   2.4e-11   45.1   5.6    30   186    95   255    94   276 0.76 -
evm.utg888.52                       -            471 553585at33208        -            207   1.3e-12   49.2   8.9   1   1   7.4e-15   2.9e-12   48.2   8.9     1   193     1   197     1   209 0.78 -
evm.utg1919.92                      -            193 553585at33208        -            207   1.5e-11   45.8   2.6   1   3   0.00012     0.045   14.8   0.1    21    77    25    84    16    87 0.84 -
evm.utg1919.92                      -            193 553585at33208        -            207   1.5e-11   45.8   2.6   2   3   8.7e-10   3.4e-07   31.6   0.2    30    97    82   150    81   160 0.86 -
evm.utg1919.92                      -            193 553585at33208        -            207   1.5e-11   45.8   2.6   3   3       1.1   4.3e+02    1.8   0.0   116   153   146   187   132   190 0.61 -
evm.utg861.131                      -            193 553585at33208        -            207   1.8e-11   45.5   2.7   1   3   1.9e-05    0.0071   17.5   0.2    21    92    25    98    16   100 0.82 -
evm.utg861.131                      -            193 553585at33208        -            207   1.8e-11   45.5   2.7   2   3   9.6e-10   3.7e-07   31.5   0.4    29    97    81   150    79   159 0.86 -
evm.utg861.131                      -            193 553585at33208        -            207   1.8e-11   45.5   2.7   3   3       2.8   1.1e+03    0.6   0.0   127   152   161   186   150   191 0.64 -
evm.utg6938.8.1.5c22f351            -            940 553585at33208        -            207     5e-11   44.1  24.1   1   4      0.68   2.6e+02    2.6   0.2    85   116    81   113    77   118 0.86 -
evm.utg6938.8.1.5c22f351            -            940 553585at33208        -            207     5e-11   44.1  24.1   2   4   1.2e-12   4.8e-10   40.9   6.9    28   161   137   278   126   305 0.78 -
evm.utg6938.8.1.5c22f351            -            940 553585at33208        -            207     5e-11   44.1  24.1   3   4     0.073        28    5.7   1.1    65   116   723   773   715   774 0.78 -
evm.utg6938.8.1.5c22f351            -            940 553585at33208        -            207     5e-11   44.1  24.1   4   4     0.045        17    6.4   0.1    45    89   769   813   766   824 0.85 -
evm.utg1900.20                      -            292 553585at33208        -            207   5.5e-11   44.0   3.0   1   2         3   1.2e+03    0.4   0.2    55   106    78   124    60   144 0.57 -
evm.utg1900.20                      -            292 553585at33208        -            207   5.5e-11   44.0   3.0   2   2   1.4e-13   5.5e-11   44.0   3.0    33   169   141   279   136   289 0.85 -
evm.utg498.77.1.5c22f19f            -            351 553585at33208        -            207   8.9e-11   43.3   6.7   1   3     0.053        20    6.2   0.4    58   116    25    84     9    99 0.75 -
evm.utg498.77.1.5c22f19f            -            351 553585at33208        -            207   8.9e-11   43.3   6.7   2   3    0.0017      0.66   11.0   0.1    43    78   100   135    90   138 0.89 -
evm.utg498.77.1.5c22f19f            -            351 553585at33208        -            207   8.9e-11   43.3   6.7   3   3   1.6e-10   6.3e-08   34.0   0.2    48   192   127   272   126   284 0.77 -
evm.utg190.47.1.5c22ec4c.1.5c27913f -            196 553585at33208        -            207   1.6e-10   42.5   0.2   1   1   4.8e-13   1.9e-10   42.2   0.2    38   144    35   142     8   167 0.85 -
evm.utg405.12                       -            278 553585at33208        -            207   1.7e-10   42.4   6.0   1   1   1.2e-12   4.5e-10   41.0   5.9    29   155    53   175    29   189 0.79 -
evm.utg190.47.1.5c22ec4c            -            260 553585at33208        -            207   3.3e-10   41.4   0.2   1   1   1.1e-12   4.2e-10   41.1   0.2    40   144    37   142    11   167 0.85 -
evm.utg190.47                       -            300 553585at33208        -            207   4.5e-10   41.0   0.2   1   1   1.5e-12   5.8e-10   40.6   0.2    41   144    38   142    13   167 0.85 -
evm.utg622.139                      -            575 553585at33208        -            207   5.1e-10   40.8  34.5   1   7       1.5   5.7e+02    1.4   0.1    59    96     7    43     4    67 0.74 -
evm.utg622.139                      -            575 553585at33208        -            207   5.1e-10   40.8  34.5   2   7   0.00012     0.047   14.8   0.0    51   121    68   141    62   146 0.78 -
evm.utg622.139                      -            575 553585at33208        -            207   5.1e-10   40.8  34.5   3   7       1.1   4.3e+02    1.8   0.2    59    98   150   189   129   201 0.78 -
evm.utg622.139                      -            575 553585at33208        -            207   5.1e-10   40.8  34.5   4   7    0.0015      0.56   11.3   0.4    22    91   181   254   170   255 0.70 -
evm.utg622.139                      -            575 553585at33208        -            207   5.1e-10   40.8  34.5   5   7    0.0024      0.91   10.6   1.2    41    82   250   293   243   301 0.83 -
evm.utg622.139                      -            575 553585at33208        -            207   5.1e-10   40.8  34.5   6   7   0.00036      0.14   13.3   2.2    45   119   302   379   296   384 0.80 -
evm.utg622.139                      -            575 553585at33208        -            207   5.1e-10   40.8  34.5   7   7    0.0066       2.5    9.1   2.7    46   114   420   491   397   501 0.77 -
evm.utg622.139.1.5c22f2ea           -            575 553585at33208        -            207   5.1e-10   40.8  34.5   1   7       1.5   5.7e+02    1.4   0.1    59    96     7    43     4    67 0.74 -
evm.utg622.139.1.5c22f2ea           -            575 553585at33208        -            207   5.1e-10   40.8  34.5   2   7   0.00012     0.047   14.8   0.0    51   121    68   141    62   146 0.78 -
evm.utg622.139.1.5c22f2ea           -            575 553585at33208        -            207   5.1e-10   40.8  34.5   3   7       1.1   4.3e+02    1.8   0.2    59    98   150   189   129   201 0.78 -
evm.utg622.139.1.5c22f2ea           -            575 553585at33208        -            207   5.1e-10   40.8  34.5   4   7    0.0015      0.56   11.3   0.4    22    91   181   254   170   255 0.70 -
evm.utg622.139.1.5c22f2ea           -            575 553585at33208        -            207   5.1e-10   40.8  34.5   5   7    0.0024      0.91   10.6   1.2    41    82   250   293   243   301 0.83 -
evm.utg622.139.1.5c22f2ea           -            575 553585at33208        -            207   5.1e-10   40.8  34.5   6   7   0.00036      0.14   13.3   2.2    45   119   302   379   296   384 0.80 -
evm.utg622.139.1.5c22f2ea           -            575 553585at33208        -            207   5.1e-10   40.8  34.5   7   7    0.0066       2.5    9.1   2.7    46   114   420   491   397   501 0.77 -
utg607.equina_smart_493740.mrna1    -            236 553585at33208        -            207   9.9e-10   39.9  16.4   1   1   1.8e-09   7.1e-07   30.5  16.4    46   156    40   164    34   171 0.74 -
evm.utg910.179                      -            342 553585at33208        -            207   2.3e-09   38.7   3.2   1   2   1.1e-06   0.00042   21.5   0.3    30   115    41   124     1   135 0.83 -
evm.utg910.179                      -            342 553585at33208        -            207   2.3e-09   38.7   3.2   2   2   1.6e-05     0.006   17.7   0.2    63   163   147   248   140   274 0.79 -
evm.utg788.2                        -            812 553585at33208        -            207   3.4e-09   38.1  18.6   1   2   0.00097      0.37   11.9   0.5    46   108   184   245   180   247 0.86 -
evm.utg788.2                        -            812 553585at33208        -            207   3.4e-09   38.1  18.6   2   2   5.2e-10     2e-07   32.3   9.6    43   153   246   356   241   366 0.87 -
evm.utg2129.52                      -            197 553585at33208        -            207   5.2e-09   37.5   0.2   1   1   2.5e-11   9.6e-09   36.6   0.2    84   158     8    83     2   102 0.81 -
evm.utg3753.9                       -            663 553585at33208        -            207   5.3e-09   37.5   2.0   1   2    0.0022      0.86   10.7   0.2    44    97    20    71    14    82 0.83 -
evm.utg3753.9                       -            663 553585at33208        -            207   5.3e-09   37.5   2.0   2   2   4.9e-09   1.9e-06   29.1   0.3    67   179    65   176    54   200 0.79 -
evm.utg209.30                       -            987 553585at33208        -            207   2.8e-08   35.1  22.6   1   5    0.0057       2.2    9.3   0.5    44    78    63    99    56   112 0.88 -
evm.utg209.30                       -            987 553585at33208        -            207   2.8e-08   35.1  22.6   2   5     0.063        24    5.9   4.5    45   116   135   209   112   213 0.73 -
evm.utg209.30                       -            987 553585at33208        -            207   2.8e-08   35.1  22.6   3   5    0.0088       3.4    8.7   0.4    39    97   176   235   165   243 0.81 -
evm.utg209.30                       -            987 553585at33208        -            207   2.8e-08   35.1  22.6   4   5   0.00012     0.046   14.8   0.2    40   103   224   292   222   314 0.78 -
evm.utg209.30                       -            987 553585at33208        -            207   2.8e-08   35.1  22.6   5   5   0.00029      0.11   13.6   0.6    41    98   323   385   315   408 0.80 -
evm.utg3884.22.2.5c22f02b           -            749 553585at33208        -            207   3.7e-08   34.7  23.3   1   4     1e-07     4e-05   24.8   0.9    45   116    67   142    59   146 0.86 -
evm.utg3884.22.2.5c22f02b           -            749 553585at33208        -            207   3.7e-08   34.7  23.3   2   4    0.0043       1.7    9.7   2.5    47   123   164   245   144   256 0.84 -
evm.utg3884.22.2.5c22f02b           -            749 553585at33208        -            207   3.7e-08   34.7  23.3   3   4      0.63   2.4e+02    2.7   0.4    41    80   275   316   250   338 0.77 -
evm.utg3884.22.2.5c22f02b           -            749 553585at33208        -            207   3.7e-08   34.7  23.3   4   4    0.0041       1.6    9.8   0.9    50   101   354   405   344   429 0.85 -
evm.utg307.23                       -            177 553585at33208        -            207   6.1e-08   34.0   7.6   1   1     2e-09   7.6e-07   30.4   7.6    46   168    35   169    21   176 0.78 -
evm.utg3884.22                      -            914 553585at33208        -            207   7.3e-08   33.8  22.8   1   4   1.3e-07   5.1e-05   24.5   0.9    45   116    67   142    59   147 0.86 -
evm.utg3884.22                      -            914 553585at33208        -            207   7.3e-08   33.8  22.8   2   4    0.0049       1.9    9.6   2.2    47   123   164   245   144   251 0.83 -
evm.utg3884.22                      -            914 553585at33208        -            207   7.3e-08   33.8  22.8   3   4      0.72   2.7e+02    2.5   0.4    40    80   274   316   244   338 0.76 -
evm.utg3884.22                      -            914 553585at33208        -            207   7.3e-08   33.8  22.8   4   4    0.0046       1.8    9.6   0.6    50   101   354   405   346   422 0.86 -
evm.utg3169.1                       -            295 553585at33208        -            207   9.4e-08   33.4   1.8   1   1   4.7e-10   1.8e-07   32.5   1.8    60   143   188   270   152   278 0.86 -
evm.utg3884.22.1.5c22f02b           -            890 553585at33208        -            207   2.2e-07   32.2  22.0   1   4   2.7e-07    0.0001   23.5   0.8    45   114    67   140    61   143 0.83 -
evm.utg3884.22.1.5c22f02b           -            890 553585at33208        -            207   2.2e-07   32.2  22.0   2   4     0.004       1.5    9.8   1.6    48   123   141   221   132   228 0.83 -
evm.utg3884.22.1.5c22f02b           -            890 553585at33208        -            207   2.2e-07   32.2  22.0   3   4      0.79     3e+02    2.3   0.3    41    80   251   292   229   314 0.77 -
evm.utg3884.22.1.5c22f02b           -            890 553585at33208        -            207   2.2e-07   32.2  22.0   4   4    0.0045       1.7    9.7   0.6    50   101   330   381   322   398 0.86 -
evm.utg777.90                       -            299 553585at33208        -            207   2.7e-07   31.9   0.1   1   1   1.5e-09   5.7e-07   30.9   0.1    51   155    29   133     9   138 0.81 -
evm.utg95.23                        -            195 553585at33208        -            207   4.3e-07   31.2   0.1   1   1   1.5e-09   5.7e-07   30.8   0.1    85   165   107   187    59   193 0.82 -
evm.utg293.3                        -            185 553585at33208        -            207   4.9e-07   31.1   1.3   1   1   1.7e-09   6.4e-07   30.7   1.3    60   143    78   160    42   168 0.86 -
evm.utg10470.34                     -            266 553585at33208        -            207     6e-07   30.8   0.1   1   1   3.5e-09   1.4e-06   29.6   0.1    63   155     9   101     2   107 0.81 -
evm.utg73.66                        -            511 553585at33208        -            207   6.5e-07   30.7   0.0   1   1   4.3e-09   1.7e-06   29.3   0.0    48   160    92   207    84   249 0.86 -
evm.utg15585.5                      -            793 553585at33208        -            207   7.1e-07   30.5  42.4   1   6       0.6   2.3e+02    2.7   1.3    62    98    72   107    54   112 0.76 -
evm.utg15585.5                      -            793 553585at33208        -            207   7.1e-07   30.5  42.4   2   6     0.055        21    6.1   0.1    38    97   116   175   108   183 0.84 -
evm.utg15585.5                      -            793 553585at33208        -            207   7.1e-07   30.5  42.4   3   6   6.2e-05     0.024   15.8   4.1    37   107   184   255   172   339 0.86 -
evm.utg15585.5                      -            793 553585at33208        -            207   7.1e-07   30.5  42.4   4   6      0.04        15    6.6   1.3    50    98   445   496   435   512 0.79 -
evm.utg15585.5                      -            793 553585at33208        -            207   7.1e-07   30.5  42.4   5   6   0.00089      0.34   12.0   1.7    39   115   507   585   499   596 0.82 -
evm.utg15585.5                      -            793 553585at33208        -            207   7.1e-07   30.5  42.4   6   6    0.0021      0.81   10.7   1.2    38    96   644   702   628   729 0.80 -
evm.utg1031.1.92                    -            589 553585at33208        -            207   1.3e-06   29.7   6.2   1   1   4.2e-09   1.6e-06   29.4   4.4    46   143   483   582   480   587 0.95 -
utg514.equina_smart_916345.mrna3    -            589 553585at33208        -            207   1.9e-06   29.1   5.3   1   1   6.6e-09   2.5e-06   28.7   4.4    45   143   482   582   450   587 0.92 -
evm.utg750.22                       -            969 553585at33208        -            207   2.3e-06   28.8   9.1   1   2   0.00029      0.11   13.6   2.2    43   123   169   252   151   263 0.84 -
evm.utg750.22                       -            969 553585at33208        -            207   2.3e-06   28.8   9.1   2   2     7e-06    0.0027   18.8   0.7    46    97   268   321   262   342 0.85 -
evm.utg1931.94                      -            917 553585at33208        -            207   3.3e-06   28.3  23.5   1   4     0.042        16    6.5   0.8    57    97    93   133    77   139 0.73 -
evm.utg1931.94                      -            917 553585at33208        -            207   3.3e-06   28.3  23.5   2   4   6.9e-07   0.00026   22.1   5.6    28    99   157   231   142   248 0.82 -
evm.utg1931.94                      -            917 553585at33208        -            207   3.3e-06   28.3  23.5   3   4      0.05        19    6.3   1.4    46    97   248   301   241   325 0.67 -
evm.utg1931.94                      -            917 553585at33208        -            207   3.3e-06   28.3  23.5   4   4      0.42   1.6e+02    3.2   0.1    43    95   317   371   302   403 0.65 -
evm.utg245.32                       -            609 553585at33208        -            207   3.9e-06   28.1  28.3   1   6     0.019       7.3    7.6   0.7    42    96   102   156    89   164 0.83 -
evm.utg245.32                       -            609 553585at33208        -            207   3.9e-06   28.1  28.3   2   6     0.035        13    6.8   0.6    35    78   165   208   153   217 0.74 -
evm.utg245.32                       -            609 553585at33208        -            207   3.9e-06   28.1  28.3   3   6     0.018       6.9    7.7   0.4    44   102   219   277   211   292 0.79 -
evm.utg245.32                       -            609 553585at33208        -            207   3.9e-06   28.1  28.3   4   6    0.0058       2.2    9.3   0.3    37    81   304   349   288   353 0.76 -
evm.utg245.32                       -            609 553585at33208        -            207   3.9e-06   28.1  28.3   5   6     0.058        22    6.0   0.7    34   116   424   509   408   512 0.77 -
evm.utg245.32                       -            609 553585at33208        -            207   3.9e-06   28.1  28.3   6   6     0.044        17    6.5   0.1    44    97   527   581   511   585 0.69 -
evm.utg11415.49                     -            992 553585at33208        -            207     5e-06   27.8  22.6   1   5    0.0038       1.5    9.9   0.6    44    78    63    99    56   119 0.80 -
evm.utg11415.49                     -            992 553585at33208        -            207     5e-06   27.8  22.6   2   5     0.084        32    5.5   3.9    49   116   139   209   116   214 0.73 -
evm.utg11415.49                     -            992 553585at33208        -            207     5e-06   27.8  22.6   3   5      0.15        57    4.7   0.2    40    90   177   228   166   235 0.74 -
evm.utg11415.49                     -            992 553585at33208        -            207     5e-06   27.8  22.6   4   5     0.055        21    6.1   0.2    41   103   225   293   219   315 0.71 -
evm.utg11415.49                     -            992 553585at33208        -            207     5e-06   27.8  22.6   5   5   8.4e-05     0.032   15.3   0.9    41    98   324   386   314   411 0.78 -
evm.utg16050.20                     -            562 553585at33208        -            207   7.9e-06   27.1   6.8   1   1   2.3e-08     9e-06   26.9   5.5    46   144   452   552   419   559 0.92 -
evm.utg6078.45                      -            527 553585at33208        -            207   8.3e-06   27.0   1.1   1   2     0.043        17    6.5   0.1    48    98    70   120    61   123 0.93 -
evm.utg6078.45                      -            527 553585at33208        -            207   8.3e-06   27.0   1.1   2   2   4.7e-06    0.0018   19.4   0.1    30   143   121   246   119   250 0.82 -
evm.utg4273.12                      -            370 553585at33208        -            207   1.6e-05   26.1   0.1   1   2    0.0094       3.6    8.6   0.0    17    97    71   157    62   164 0.72 -
evm.utg4273.12                      -            370 553585at33208        -            207   1.6e-05   26.1   0.1   2   2   9.3e-05     0.036   15.2   0.0    79   158   164   249   159   254 0.79 -
evm.utg1925.44                      -           1618 553585at33208        -            207   1.8e-05   26.0  13.4   1   2   1.6e-07     6e-05   24.2   4.9    29   116   289   377   282   380 0.91 -
evm.utg1925.44                      -           1618 553585at33208        -            207   1.8e-05   26.0  13.4   2   2    0.0061       2.3    9.2   0.7    86   193   368   481   366   488 0.70 -
evm.utg338.60                       -           1203 553585at33208        -            207     2e-05   25.8  28.7   1   8    0.0062       2.4    9.2   0.5    46   109    56   121    33   139 0.62 -
evm.utg338.60                       -           1203 553585at33208        -            207     2e-05   25.8  28.7   2   8   0.00013     0.049   14.7   0.1    29   103   134   212   125   227 0.79 -
evm.utg338.60                       -           1203 553585at33208        -            207     2e-05   25.8  28.7   3   8     0.016       6.3    7.8   0.4    50    98   228   278   219   284 0.81 -
evm.utg338.60                       -           1203 553585at33208        -            207     2e-05   25.8  28.7   4   8     0.013       4.8    8.2   3.5    48   112   250   316   242   325 0.72 -
evm.utg338.60                       -           1203 553585at33208        -            207     2e-05   25.8  28.7   5   8      0.14        54    4.8   1.0    59    97   287   325   276   343 0.85 -
evm.utg338.60                       -           1203 553585at33208        -            207     2e-05   25.8  28.7   6   8      0.37   1.4e+02    3.4   1.4    50   105   300   358   296   368 0.72 -
evm.utg338.60                       -           1203 553585at33208        -            207     2e-05   25.8  28.7   7   8      0.56   2.2e+02    2.8   4.2    52   100   350   398   337   422 0.73 -
evm.utg338.60                       -           1203 553585at33208        -            207     2e-05   25.8  28.7   8   8       1.3   5.2e+02    1.6   3.9    61   120   383   442   368   448 0.57 -
evm.utg699.87                       -            794 553585at33208        -            207   2.1e-05   25.8   4.0   1   3   6.4e-05     0.025   15.7   0.2    26   121   167   266   158   273 0.82 -
evm.utg699.87                       -            794 553585at33208        -            207   2.1e-05   25.8   4.0   2   3     0.041        16    6.5   0.0    40    98   230   290   223   294 0.86 -
evm.utg699.87                       -            794 553585at33208        -            207   2.1e-05   25.8   4.0   3   3    0.0033       1.3   10.1   0.5    48    98   286   338   278   363 0.81 -
evm.utg379.3                        -            783 553585at33208        -            207   2.2e-05   25.7   5.7   1   2    0.0042       1.6    9.8   0.4    35    97    12    76     4    83 0.84 -
evm.utg379.3                        -            783 553585at33208        -            207   2.2e-05   25.7   5.7   2   2   3.1e-06    0.0012   20.0   1.3    48   115    73   142    66   148 0.86 -
evm.utg101.51                       -            639 553585at33208        -            207   5.2e-05   24.4   4.8   1   2      0.48   1.9e+02    3.0   0.4    57   116   103   162    95   167 0.80 -
evm.utg101.51                       -            639 553585at33208        -            207   5.2e-05   24.4   4.8   2   2   2.7e-07    0.0001   23.5   0.7    47   159   160   274   153   296 0.79 -
evm.utg15164.12                     -           2633 553585at33208        -            207   7.7e-05   23.9  13.1   1   3    0.0095       3.6    8.6   0.1    45    97  1076  1136  1071  1162 0.76 -
evm.utg15164.12                     -           2633 553585at33208        -            207   7.7e-05   23.9  13.1   2   3   0.00019     0.074   14.1   1.4    46   148  1202  1307  1193  1310 0.84 -
evm.utg15164.12                     -           2633 553585at33208        -            207   7.7e-05   23.9  13.1   3   3    0.0073       2.8    9.0   3.2    41   116  1296  1376  1288  1382 0.78 -
evm.utg5885.71                      -           1491 553585at33208        -            207   8.6e-05   23.7   4.6   1   2   0.00059      0.23   12.5   0.1    41    98    59   118    55   134 0.83 -
evm.utg5885.71                      -           1491 553585at33208        -            207   8.6e-05   23.7   4.6   2   2   0.00067      0.26   12.4   1.2    41   116   131   209   127   212 0.79 -
evm.utg214.74.1.5c22ed07            -            262 553585at33208        -            207   0.00012   23.3   8.3   1   2     2e-05    0.0077   17.4   0.7    43   117    17    95    10   104 0.81 -
evm.utg214.74.1.5c22ed07            -            262 553585at33208        -            207   0.00012   23.3   8.3   2   2    0.0075       2.9    9.0   1.5    41    97   134   190   113   203 0.68 -
evm.utg214.74                       -            274 553585at33208        -            207   0.00013   23.1   8.2   1   2   2.2e-05    0.0084   17.2   0.7    43   117    17    95    10   104 0.81 -
evm.utg214.74                       -            274 553585at33208        -            207   0.00013   23.1   8.2   2   2    0.0077         3    8.9   1.5    41    97   134   190   113   203 0.68 -
evm.utg1609.16                      -            239 553585at33208        -            207   0.00013   23.1   4.5   1   2     0.014       5.4    8.0   0.1    41    93    37    89    21   116 0.76 -
evm.utg1609.16                      -            239 553585at33208        -            207   0.00013   23.1   4.5   2   2   0.00012     0.045   14.8   2.4    37   129   126   218   108   226 0.83 -
evm.utg9401.10                      -           1489 553585at33208        -            207   0.00014   23.1   4.8   1   2   0.00063      0.24   12.5   0.1    42    98    60   118    56   134 0.82 -
evm.utg9401.10                      -           1489 553585at33208        -            207   0.00014   23.1   4.8   2   2   0.00089      0.34   12.0   1.2    41   116   131   209   127   212 0.79 -
evm.utg477.24                       -            141 553585at33208        -            207    0.0002   22.5   1.7   1   2   1.5e-06   0.00059   21.0   0.3    42   121    15    98     7   104 0.81 -
evm.utg477.24                       -            141 553585at33208        -            207    0.0002   22.5   1.7   2   2      0.92   3.5e+02    2.1   0.1    45    81    91   129    85   139 0.70 -
evm.utg126.46                       -            225 553585at33208        -            207   0.00023   22.3   8.3   1   2    0.0054       2.1    9.4   2.8    48   103    58   115    26   128 0.72 -
evm.utg126.46                       -            225 553585at33208        -            207   0.00023   22.3   8.3   2   2   4.9e-05     0.019   16.1   0.5    42   114   124   198   112   212 0.82 -
evm.utg736.67                       -            123 553585at33208        -            207   0.00036   21.7   4.2   1   1   3.3e-06    0.0013   19.9   3.9    29    80    61   111    39   121 0.63 -
evm.utg7289.69                      -           5398 553585at33208        -            207   0.00046   21.3   1.4   1   1   1.2e-06   0.00046   21.3   1.4    59   157   279   388   249   412 0.77 -
evm.utg126.49                       -            308 553585at33208        -            207   0.00062   20.9   2.3   1   1     3e-06    0.0011   20.1   2.3    41   115    43   119    10   134 0.77 -
evm.utg13.39                        -           2804 553585at33208        -            207   0.00062   20.9  36.2   1   8       2.1   8.2e+02    0.9   0.4    44    97   143   196   120   201 0.78 -
evm.utg13.39                        -           2804 553585at33208        -            207   0.00062   20.9  36.2   2   8     0.021       8.1    7.5   1.0    30   150   198   322   189   329 0.77 -
evm.utg13.39                        -           2804 553585at33208        -            207   0.00062   20.9  36.2   3   8       3.1   1.2e+03    0.4   0.1    61    97   335   375   327   382 0.78 -
evm.utg13.39                        -           2804 553585at33208        -            207   0.00062   20.9  36.2   4   8    0.0065       2.5    9.2   0.6    40   115   510   585   490   597 0.84 -
evm.utg13.39                        -           2804 553585at33208        -            207   0.00062   20.9  36.2   5   8      0.41   1.6e+02    3.3   0.5    44    95   608   661   586   676 0.73 -
evm.utg13.39                        -           2804 553585at33208        -            207   0.00062   20.9  36.2   6   8       4.8   1.9e+03   -0.2   0.1    20    76   819   879   798   889 0.67 -
evm.utg13.39                        -           2804 553585at33208        -            207   0.00062   20.9  36.2   7   8     0.019       7.4    7.6   0.3    44   103   892   953   883   969 0.80 -
evm.utg13.39                        -           2804 553585at33208        -            207   0.00062   20.9  36.2   8   8   0.00038      0.15   13.2   0.1    39   105   959  1025   942  1039 0.80 -
evm.utg3834.4                       -           1051 553585at33208        -            207   0.00067   20.8  23.4   1   4      0.28   1.1e+02    3.8   0.4    58   121    19    80     7    91 0.77 -
evm.utg3834.4                       -           1051 553585at33208        -            207   0.00067   20.8  23.4   2   4   0.00075      0.29   12.2   0.4    46    97    98   151    91   156 0.89 -
evm.utg3834.4                       -           1051 553585at33208        -            207   0.00067   20.8  23.4   3   4    0.0017      0.65   11.1   0.6    50   117   150   220   147   228 0.86 -
evm.utg3834.4                       -           1051 553585at33208        -            207   0.00067   20.8  23.4   4   4     0.026       9.9    7.2   4.8    40   123   235   319   223   324 0.87 -
evm.utg301.103                      -           1409 553585at33208        -            207   0.00083   20.5   9.6   1   4       1.3     5e+02    1.6   0.0    46    84    64   103    55   106 0.87 -
evm.utg301.103                      -           1409 553585at33208        -            207   0.00083   20.5   9.6   2   4    0.0011      0.44   11.6   0.1    44    84   108   149   103   186 0.81 -
evm.utg301.103                      -           1409 553585at33208        -            207   0.00083   20.5   9.6   3   4       7.1   2.7e+03   -0.8   0.1    58    99   169   209   150   228 0.72 -
evm.utg301.103                      -           1409 553585at33208        -            207   0.00083   20.5   9.6   4   4    0.0069       2.7    9.1   1.2    47   109   249   313   230   324 0.79 -
evm.utg1051.11                      -            284 553585at33208        -            207   0.00099   20.3  13.4   1   5   0.00031      0.12   13.5   3.4    42   116    20    96     9    99 0.84 -
evm.utg1051.11                      -            284 553585at33208        -            207   0.00099   20.3  13.4   2   5      0.07        27    5.8   1.1    60   121    62   127    59   133 0.80 -
evm.utg1051.11                      -            284 553585at33208        -            207   0.00099   20.3  13.4   3   5      0.69   2.7e+02    2.5   0.1    58   113    83   139    79   153 0.71 -
evm.utg1051.11                      -            284 553585at33208        -            207   0.00099   20.3  13.4   4   5       9.5   3.7e+03   -1.2   0.0    50    78   143   172   122   182 0.64 -
evm.utg1051.11                      -            284 553585at33208        -            207   0.00099   20.3  13.4   5   5     0.002      0.76   10.8   0.9    40    97   179   237   162   252 0.86 -
evm.utg286.7                        -           1082 553585at33208        -            207    0.0012   20.0   4.3   1   2   0.00041      0.16   13.1   0.5    44   109   500   568   493   588 0.76 -
evm.utg286.7                        -           1082 553585at33208        -            207    0.0012   20.0   4.3   2   2    0.0088       3.4    8.7   0.6    48    99   576   629   566   647 0.84 -
evm.utg243.1                        -            941 553585at33208        -            207    0.0014   19.8   7.6   1   3   0.00051       0.2   12.8   0.5    57   109    13    65     2    83 0.76 -
evm.utg243.1                        -            941 553585at33208        -            207    0.0014   19.8   7.6   2   3       7.8     3e+03   -0.9   0.0    38    57   114   133    82   157 0.52 -
evm.utg243.1                        -            941 553585at33208        -            207    0.0014   19.8   7.6   3   3    0.0045       1.7    9.7   0.4    46   123   170   250   150   269 0.83 -
evm.utg1931.78.1.5c22ec72           -            183 553585at33208        -            207    0.0014   19.8   0.6   1   1   9.9e-06    0.0038   18.4   0.6    48   151    55   165    50   170 0.76 -
evm.utg2129.118                     -           1104 553585at33208        -            207    0.0014   19.7   9.3   1   3   0.00067      0.26   12.4   0.5    44   115   675   751   671   752 0.78 -
evm.utg2129.118                     -           1104 553585at33208        -            207    0.0014   19.7   9.3   2   3     0.012       4.7    8.2   0.6    40    98   743   803   737   806 0.89 -
evm.utg2129.118                     -           1104 553585at33208        -            207    0.0014   19.7   9.3   3   3    0.0082       3.2    8.8   1.0    58   126   787   856   777   869 0.78 -
evm.utg699.82                       -           2716 553585at33208        -            207    0.0016   19.6   7.6   1   2   0.00024     0.094   13.8   0.2    26   122  2091  2191  2081  2200 0.83 -
evm.utg699.82                       -           2716 553585at33208        -            207    0.0016   19.6   7.6   2   2     0.011       4.4    8.4   1.0    48   113  2210  2279  2203  2289 0.76 -
evm.utg2757.32                      -            625 553585at33208        -            207    0.0021   19.2   1.4   1   1   1.3e-05     0.005   18.0   1.4    43   114    48   119    34   206 0.63 -
evm.utg512.14                       -            274 553585at33208        -            207    0.0024   19.0  11.8   1   2   0.00016      0.06   14.4   3.1    43   117    17    95    11   103 0.80 -
evm.utg512.14                       -            274 553585at33208        -            207    0.0024   19.0  11.8   2   2     0.012       4.7    8.2   1.8    58   113   129   185    97   196 0.60 -
evm.utg861.91                       -            696 553585at33208        -            207    0.0031   18.7   2.2   1   1   2.4e-05    0.0092   17.1   2.2    38   116   341   420   306   439 0.79 -
evm.utg1395.52                      -            801 553585at33208        -            207    0.0031   18.6   2.0   1   1   1.4e-05    0.0053   17.9   2.0    31   104   351   426   336   445 0.81 -
evm.utg2123.44                      -           1381 553585at33208        -            207    0.0031   18.6   1.6   1   1   2.1e-05    0.0079   17.3   1.6    50   115   787   854   761   862 0.82 -
evm.utg1931.78                      -            249 553585at33208        -            207    0.0031   18.6   0.6   1   1   2.1e-05    0.0079   17.3   0.6    48   151    55   165    50   172 0.76 -
evm.utg648.27                       -            731 553585at33208        -            207     0.004   18.3  22.3   1   3      0.46   1.8e+02    3.1   0.5    34   101    38   106    24   128 0.66 -
evm.utg648.27                       -            731 553585at33208        -            207     0.004   18.3  22.3   2   3    0.0015      0.57   11.3   0.7    40   101   137   199   128   217 0.76 -
evm.utg648.27                       -            731 553585at33208        -            207     0.004   18.3  22.3   3   3   0.00038      0.15   13.2   5.4    42   149   363   466   334   479 0.76 -
evm.utg55.169                       -            576 553585at33208        -            207    0.0042   18.2   0.3   1   1   1.6e-05    0.0061   17.7   0.3    43   167   437   567   423   575 0.78 -
evm.utg10.10                        -           2734 553585at33208        -            207    0.0043   18.2  30.7   1   7       2.8   1.1e+03    0.5   0.3    46    97   145   196   130   203 0.79 -
evm.utg10.10                        -           2734 553585at33208        -            207    0.0043   18.2  30.7   2   7       3.5   1.3e+03    0.2   0.0    44    94   212   265   201   291 0.79 -
evm.utg10.10                        -           2734 553585at33208        -            207    0.0043   18.2  30.7   3   7       6.8   2.6e+03   -0.7   0.0    59    97   309   351   272   357 0.69 -
evm.utg10.10                        -           2734 553585at33208        -            207    0.0043   18.2  30.7   4   7    0.0011      0.41   11.7   0.6    40   114   462   536   443   547 0.86 -
evm.utg10.10                        -           2734 553585at33208        -            207    0.0043   18.2  30.7   5   7      0.69   2.6e+02    2.5   0.3    40    94   556   612   537   621 0.69 -
evm.utg10.10                        -           2734 553585at33208        -            207    0.0043   18.2  30.7   6   7     0.055        21    6.1   0.2    44    92   819   869   803   881 0.83 -
evm.utg10.10                        -           2734 553585at33208        -            207    0.0043   18.2  30.7   7   7   0.00035      0.13   13.3   0.2    38   103   885   950   869   966 0.78 -
evm.utg1931.78.3.5c22ec72           -            182 553585at33208        -            207    0.0043   18.2   0.5   1   1   0.00018     0.069   14.2   0.5    86   151    90   164    71   170 0.67 -
evm.utg92.79                        -           1138 553585at33208        -            207    0.0043   18.2   7.9   1   2   3.1e-05     0.012   16.7   0.9    40    97   136   195   101   202 0.88 -
evm.utg92.79                        -           1138 553585at33208        -            207    0.0043   18.2   7.9   2   2      0.15        59    4.7   1.1    63   128   209   275   202   293 0.76 -
evm.utg3156.4                       -            287 553585at33208        -            207    0.0044   18.1  14.6   1   4   0.00051      0.19   12.8   3.2    41   116    19    96     7    99 0.81 -
evm.utg3156.4                       -            287 553585at33208        -            207    0.0044   18.1  14.6   2   4     0.092        35    5.4   1.0    60   121    62   127    59   133 0.81 -
evm.utg3156.4                       -            287 553585at33208        -            207    0.0044   18.1  14.6   3   4       1.2   4.6e+02    1.7   0.1    53    95   146   188   133   190 0.79 -
evm.utg3156.4                       -            287 553585at33208        -            207    0.0044   18.1  14.6   4   4    0.0037       1.4    9.9   0.9    43    97   182   237   176   252 0.86 -
evm.utg92.79.1.5c22f519             -           1096 553585at33208        -            207    0.0049   18.0   8.2   1   2   3.7e-05     0.014   16.5   1.0    40    97    94   153    89   161 0.88 -
evm.utg92.79.1.5c22f519             -           1096 553585at33208        -            207    0.0049   18.0   8.2   2   2      0.15        57    4.7   1.0    62   128   166   233   160   246 0.78 -
evm.utg126.41                       -            168 553585at33208        -            207    0.0052   17.9   1.7   1   3    0.0049       1.9    9.6   0.2    51   121     5    78     2    83 0.63 -
evm.utg126.41                       -            168 553585at33208        -            207    0.0052   17.9   1.7   2   3       0.2        75    4.3   0.1    50    97    76   125    66   139 0.70 -
evm.utg126.41                       -            168 553585at33208        -            207    0.0052   17.9   1.7   3   3     0.042        16    6.5   0.1    41    81   115   156   100   166 0.81 -
evm.utg844.5                        -           1170 553585at33208        -            207    0.0055   17.8  19.3   1   4      0.19        72    4.4   0.6    48   102    43    99    20   138 0.78 -
evm.utg844.5                        -           1170 553585at33208        -            207    0.0055   17.8  19.3   2   4    0.0056       2.2    9.4   1.9    46    97   188   241   176   247 0.85 -
evm.utg844.5                        -           1170 553585at33208        -            207    0.0055   17.8  19.3   3   4       0.3   1.1e+02    3.7   1.0    58   101   274   318   262   334 0.80 -
evm.utg844.5                        -           1170 553585at33208        -            207    0.0055   17.8  19.3   4   4     0.013         5    8.2   0.2    36   119   322   408   315   430 0.84 -
evm.utg13730.13                     -            731 553585at33208        -            207    0.0057   17.8  21.2   1   4      0.65   2.5e+02    2.6   0.2    45   111    23    97     9   110 0.62 -
evm.utg13730.13                     -            731 553585at33208        -            207    0.0057   17.8  21.2   2   4      0.57   2.2e+02    2.8   0.2    48    83    75   111    34   132 0.55 -
evm.utg13730.13                     -            731 553585at33208        -            207    0.0057   17.8  21.2   3   4    0.0028       1.1   10.3   2.3    37   103   134   201   122   244 0.80 -
evm.utg13730.13                     -            731 553585at33208        -            207    0.0057   17.8  21.2   4   4     0.001      0.38   11.8   4.5    43   149   364   466   356   481 0.75 -
evm.utg477.25                       -            998 553585at33208        -            207     0.011   16.9   8.0   1   2    0.0057       2.2    9.3   6.3    41   115   148   225   129   235 0.84 -
evm.utg477.25                       -            998 553585at33208        -            207     0.011   16.9   8.0   2   2      0.03        11    7.0   0.0    65   115   243   293   225   307 0.78 -
evm.utg1931.78.2.5c22ec72           -            248 553585at33208        -            207     0.011   16.9   0.5   1   1   0.00029      0.11   13.6   0.5    85   151    89   164    65   170 0.66 -
evm.utg14892.4                      -            817 553585at33208        -            207     0.022   15.9   9.4   1   4     0.091        35    5.4   0.2    65    97    83   115    77   118 0.92 -
evm.utg14892.4                      -            817 553585at33208        -            207     0.022   15.9   9.4   2   4    0.0041       1.6    9.8   0.8    38    97   102   163    98   184 0.73 -
evm.utg14892.4                      -            817 553585at33208        -            207     0.022   15.9   9.4   3   4     0.023       8.9    7.3   0.4    51   115   163   232   151   233 0.80 -
evm.utg14892.4                      -            817 553585at33208        -            207     0.022   15.9   9.4   4   4     0.018       7.1    7.7   0.9    47   124   183   261   176   286 0.81 -
evm.utg6821.8.1.5c22f33b            -           1998 553585at33208        -            207     0.026   15.7   8.3   1   3      0.54   2.1e+02    2.9   0.2    45    98  1418  1473  1412  1477 0.65 -
evm.utg6821.8.1.5c22f33b            -           1998 553585at33208        -            207     0.026   15.7   8.3   2   3    0.0015      0.57   11.2   0.2    32    99  1477  1546  1471  1566 0.88 -
evm.utg6821.8.1.5c22f33b            -           1998 553585at33208        -            207     0.026   15.7   8.3   3   3      0.17        66    4.5   1.7    62   101  1557  1596  1543  1616 0.71 -
evm.utg77.140                       -           1526 553585at33208        -            207     0.026   15.6   0.2   1   2   6.7e-05     0.026   15.6   0.2    40    96    96   154    78   156 0.86 -
evm.utg77.140                       -           1526 553585at33208        -            207     0.026   15.6   0.2   2   2      0.19        73    4.4   0.7    51    97   155   203   152   219 0.83 -
evm.utg13.52                        -           2889 553585at33208        -            207     0.027   15.6   9.0   1   2     0.047        18    6.3   1.0    44   100  2127  2185  2099  2189 0.82 -
evm.utg13.52                        -           2889 553585at33208        -            207     0.027   15.6   9.0   2   2   0.00038      0.15   13.2   1.6    59   115  2192  2248  2188  2256 0.85 -
evm.utg162.23                       -            518 553585at33208        -            207     0.029   15.5   1.6   1   2   7.6e-05     0.029   15.5   1.6    40    97    86   145    70   161 0.81 -
evm.utg162.23                       -            518 553585at33208        -            207     0.029   15.5   1.6   2   2      0.28   1.1e+02    3.8   7.9    41   119   159   240   149   249 0.78 -
evm.utg4796.8                       -           1360 553585at33208        -            207     0.033   15.3   2.2   1   2     0.052        20    6.2   0.3    42    99   414   471   398   477 0.81 -
evm.utg4796.8                       -           1360 553585at33208        -            207     0.033   15.3   2.2   2   2     0.014       5.2    8.1   0.1    40    76   481   518   474   533 0.87 -
evm.utg729.149                      -            231 553585at33208        -            207      0.04   15.0   2.8   1   1   0.00014     0.054   14.6   2.1    32    97    80   144    71   149 0.89 -
evm.utg6551.31                      -            989 553585at33208        -            207     0.041   15.0  10.0   1   3    0.0087       3.3    8.7   3.0    46   102   112   171   103   192 0.66 -
evm.utg6551.31                      -            989 553585at33208        -            207     0.041   15.0  10.0   2   3    0.0079         3    8.9   0.5    38    97   128   189   124   211 0.71 -
evm.utg6551.31                      -            989 553585at33208        -            207     0.041   15.0  10.0   3   3     0.012       4.7    8.3   0.8    47   124   209   287   201   311 0.81 -
evm.utg1051.11.1.5c22e830           -            229 553585at33208        -            207     0.045   14.8   7.8   1   3     0.043        16    6.5   1.0    60   121     7    72     4    80 0.80 -
evm.utg1051.11.1.5c22e830           -            229 553585at33208        -            207     0.045   14.8   7.8   2   3       4.9   1.9e+03   -0.2   0.0    51    82    89   121    73   135 0.63 -
evm.utg1051.11.1.5c22e830           -            229 553585at33208        -            207     0.045   14.8   7.8   3   3    0.0013      0.49   11.5   0.8    40    97   124   182   107   197 0.86 -
evm.utg24783.11                     -            557 553585at33208        -            207      0.05   14.7  17.2   1   4     0.087        34    5.5   2.7    45   105   148   206   141   232 0.75 -
evm.utg24783.11                     -            557 553585at33208        -            207      0.05   14.7  17.2   2   4   0.00038      0.14   13.2   0.3    41    98   244   303   238   326 0.87 -
evm.utg24783.11                     -            557 553585at33208        -            207      0.05   14.7  17.2   3   4      0.34   1.3e+02    3.5   0.5    43   113   328   399   315   417 0.71 -
evm.utg24783.11                     -            557 553585at33208        -            207      0.05   14.7  17.2   4   4       4.3   1.6e+03   -0.0   0.0    51   113   431   495   426   507 0.75 -
evm.utg622.129                      -           1256 553585at33208        -            207     0.052   14.6  22.7   1   5    0.0012      0.45   11.6   7.4    40   145   102   205    97   210 0.74 -
evm.utg622.129                      -           1256 553585at33208        -            207     0.052   14.6  22.7   2   5      0.16        63    4.6   5.2    46   120   155   234   151   250 0.78 -
evm.utg622.129                      -           1256 553585at33208        -            207     0.052   14.6  22.7   3   5     0.039        15    6.6   3.0    32   115   213   298   197   299 0.71 -
evm.utg622.129                      -           1256 553585at33208        -            207     0.052   14.6  22.7   4   5     0.012       4.5    8.3   0.3    28    76   255   304   239   318 0.82 -
evm.utg622.129                      -           1256 553585at33208        -            207     0.052   14.6  22.7   5   5       3.5   1.3e+03    0.2   0.1    58    92   334   367   325   373 0.80 -
evm.utg6821.8                       -           2558 553585at33208        -            207     0.057   14.5   8.4   1   3      0.85   3.2e+02    2.2   0.2    45    98  1978  2033  1974  2036 0.67 -
evm.utg6821.8                       -           2558 553585at33208        -            207     0.057   14.5   8.4   2   3    0.0013      0.48   11.5   1.0    23    99  2028  2106  2015  2126 0.84 -
evm.utg6821.8                       -           2558 553585at33208        -            207     0.057   14.5   8.4   3   3      0.15        58    4.7   0.9    63   101  2118  2156  2111  2175 0.68 -
evm.utg279.21                       -           2080 553585at33208        -            207     0.067   14.3   0.8   1   1    0.0004      0.15   13.1   0.8    68   142  1055  1127  1047  1137 0.50 -
evm.utg479.128                      -           1084 553585at33208        -            207     0.083   14.0   0.2   1   1   0.00041      0.16   13.1   0.2    30    99   313   384   293   405 0.79 -
evm.utg324.111                      -            972 553585at33208        -            207     0.088   13.9   0.9   1   1   0.00049      0.19   12.8   0.9    41   123    62   148    42   153 0.80 -
evm.utg6551.28                      -            778 553585at33208        -            207     0.093   13.8   4.9   1   2     0.044        17    6.5   1.3    60   112   115   168   110   171 0.76 -
evm.utg6551.28                      -            778 553585at33208        -            207     0.093   13.8   4.9   2   2    0.0024      0.91   10.6   0.5    30    96   155   223   139   230 0.81 -
evm.utg512.13                       -            899 553585at33208        -            207      0.11   13.5   1.1   1   2       5.4   2.1e+03   -0.4   0.1    46    77   164   196   155   220 0.63 -
evm.utg512.13                       -            899 553585at33208        -            207      0.11   13.5   1.1   2   2   0.00086      0.33   12.0   0.2    47   131   213   301   197   321 0.64 -
evm.utg150.31                       -            371 553585at33208        -            207      0.15   13.1  11.3   1   3      0.19        72    4.4   1.2    45   113    47   117     7   129 0.56 -
evm.utg150.31                       -            371 553585at33208        -            207      0.15   13.1  11.3   2   3       0.1        40    5.2   1.2    46    99    94   148    88   151 0.74 -
evm.utg150.31                       -            371 553585at33208        -            207      0.15   13.1  11.3   3   3    0.0011      0.41   11.7   3.1    40   115   134   211   127   219 0.85 -
evm.utg1828.2                       -            506 553585at33208        -            207      0.16   13.1   3.4   1   2       1.3   4.8e+02    1.7   0.0    48    97     2    53     1    58 0.79 -
evm.utg1828.2                       -            506 553585at33208        -            207      0.16   13.1   3.4   2   2    0.0013      0.52   11.4   2.1    48   100    50   104    43   128 0.77 -
evm.utg1970.3                       -            468 553585at33208        -            207      0.17   13.0   0.2   1   1   0.00076      0.29   12.2   0.2    65   115    61   111    49   118 0.83 -
evm.utg1931.77                      -            572 553585at33208        -            207      0.18   12.9   0.1   1   1    0.0014      0.54   11.3   0.1    48    98   104   157    80   191 0.77 -
evm.utg11411.31.3.5c22e8c4          -            419 553585at33208        -            207      0.18   12.9  10.0   1   4    0.0014      0.52   11.4   0.4    41    97    87   145    72   152 0.80 -
evm.utg11411.31.3.5c22e8c4          -            419 553585at33208        -            207      0.18   12.9  10.0   2   4    0.0013      0.49   11.5   6.5    29   118    98   190    92   199 0.78 -
evm.utg11411.31.3.5c22e8c4          -            419 553585at33208        -            207      0.18   12.9  10.0   3   4       0.1        39    5.2   4.7    46   116   140   213   134   222 0.74 -
evm.utg11411.31.3.5c22e8c4          -            419 553585at33208        -            207      0.18   12.9  10.0   4   4         3   1.1e+03    0.5   0.3    49    98   191   244   186   273 0.66 -
evm.utg9472.3                       -            784 553585at33208        -            207      0.19   12.8  13.1   1   3     0.073        28    5.7   3.5    45   105   275   333   268   372 0.68 -
evm.utg9472.3                       -            784 553585at33208        -            207      0.19   12.8  13.1   2   3     0.002      0.77   10.8   0.3    42    98   372   430   367   447 0.90 -
evm.utg9472.3                       -            784 553585at33208        -            207      0.19   12.8  13.1   3   3         2   7.7e+02    1.0   0.1    52   115   452   517   442   528 0.65 -
evm.utg2994.40                      -           1578 553585at33208        -            207       0.2   12.8   1.8   1   1   0.00094      0.36   11.9   1.8    57   115  1131  1189  1115  1199 0.70 -
evm.utg214.75                       -           1418 553585at33208        -            207       0.2   12.7   1.4   1   2       9.4   3.6e+03   -1.2   0.1    46    77   164   196   156   220 0.63 -
evm.utg214.75                       -           1418 553585at33208        -            207       0.2   12.7   1.4   2   2    0.0012      0.46   11.6   0.4    47   131   213   301   200   312 0.62 -
evm.utg1465.8                       -           1698 553585at33208        -            207      0.21   12.6   0.9   1   1    0.0011      0.42   11.7   0.9    44   122  1152  1233  1138  1252 0.79 -
evm.utg150.14.1.5c22eb00            -           1408 553585at33208        -            207      0.26   12.3   5.4   1   2      0.28   1.1e+02    3.8   0.4    40    98   692   750   676   754 0.79 -
evm.utg150.14.1.5c22eb00            -           1408 553585at33208        -            207      0.26   12.3   5.4   2   2   0.00068      0.26   12.4   1.6    38   120   736   820   733   829 0.85 -
evm.utg216.1                        -            619 553585at33208        -            207      0.28   12.3  33.8   1   7       2.5   9.4e+02    0.7   0.2    47    97    64   116    53   125 0.77 -
evm.utg216.1                        -            619 553585at33208        -            207      0.28   12.3  33.8   2   7      0.23        88    4.1   4.3    43   101   108   169   101   193 0.72 -
evm.utg216.1                        -            619 553585at33208        -            207      0.28   12.3  33.8   3   7      0.37   1.4e+02    3.4   2.7    58    83   149   174   125   232 0.70 -
evm.utg216.1                        -            619 553585at33208        -            207      0.28   12.3  33.8   4   7       0.6   2.3e+02    2.7   0.8    63    92   250   279   226   285 0.82 -
evm.utg216.1                        -            619 553585at33208        -            207      0.28   12.3  33.8   5   7       6.2   2.4e+03   -0.6   0.1    57   100   326   369   323   372 0.89 -
evm.utg216.1                        -            619 553585at33208        -            207      0.28   12.3  33.8   6   7    0.0011      0.44   11.6   3.4    60   140   377   454   342   458 0.78 -
evm.utg216.1                        -            619 553585at33208        -            207      0.28   12.3  33.8   7   7     0.003       1.1   10.3   1.4    47   122   457   535   450   550 0.80 -
evm.utg116.352                      -            474 553585at33208        -            207      0.28   12.2   0.1   1   1    0.0014      0.52   11.4   0.1    66   125    84   147    41   171 0.75 -
evm.utg116.26                       -            374 553585at33208        -            207       0.3   12.2   2.0   1   1    0.0012      0.48   11.5   2.0    32    97    15    79     6    84 0.88 -
evm.utg11411.31                     -            495 553585at33208        -            207       0.3   12.2  10.0   1   4    0.0018       0.7   11.0   1.0    41    97    87   145    70   161 0.78 -
evm.utg11411.31                     -            495 553585at33208        -            207       0.3   12.2  10.0   2   4    0.0018       0.7   11.0   6.7    28   118    97   190    90   199 0.78 -
evm.utg11411.31                     -            495 553585at33208        -            207       0.3   12.2  10.0   3   4      0.14        54    4.8   4.5    47   116   141   213   137   225 0.75 -
evm.utg11411.31                     -            495 553585at33208        -            207       0.3   12.2  10.0   4   4       3.3   1.3e+03    0.3   0.4    48    84   190   229   184   272 0.63 -
evm.utg3834.7                       -           1459 553585at33208        -            207      0.32   12.1  10.2   1   3      0.26     1e+02    3.9   1.0    57   112    87   145    74   149 0.75 -
evm.utg3834.7                       -           1459 553585at33208        -            207      0.32   12.1  10.2   2   3       2.3   8.6e+02    0.9   0.0    58    97   136   175   131   182 0.91 -
evm.utg3834.7                       -           1459 553585at33208        -            207      0.32   12.1  10.2   3   3   0.00093      0.36   11.9   1.2    64   122   190   249   176   255 0.87 -
evm.utg3834.7.1.5c22f013            -           1459 553585at33208        -            207      0.32   12.1  10.2   1   3      0.26     1e+02    3.9   1.0    57   112    87   145    74   149 0.75 -
evm.utg3834.7.1.5c22f013            -           1459 553585at33208        -            207      0.32   12.1  10.2   2   3       2.3   8.6e+02    0.9   0.0    58    97   136   175   131   182 0.91 -
evm.utg3834.7.1.5c22f013            -           1459 553585at33208        -            207      0.32   12.1  10.2   3   3   0.00093      0.36   11.9   1.2    64   122   190   249   176   255 0.87 -
utg2045.equina_smart_1440781.mrna1  -             99 553585at33208        -            207      0.32   12.1   0.1   1   1   0.00093      0.36   11.9   0.1    49   129     2    82     1    95 0.82 -
evm.utg3155.27                      -           1238 553585at33208        -            207      0.33   12.0   8.0   1   2      0.32   1.2e+02    3.6   0.1    57    99   199   242   170   246 0.77 -
evm.utg3155.27                      -           1238 553585at33208        -            207      0.33   12.0   8.0   2   2    0.0031       1.2   10.2   1.0    50   120   267   339   259   344 0.74 -
evm.utg116.352.1.5c22e928           -            345 553585at33208        -            207      0.34   12.0   0.1   1   2    0.0009      0.34   12.0   0.1    66   125    84   147    68   171 0.70 -
evm.utg116.352.1.5c22e928           -            345 553585at33208        -            207      0.34   12.0   0.1   2   2       7.8     3e+03   -0.9   0.3    73   132   263   324   257   338 0.66 -
evm.utg11411.31.2.5c22e8c4          -            443 553585at33208        -            207      0.36   11.9  13.4   1   3    0.0013      0.49   11.5   0.6    40    97    86   145    69   157 0.79 -
evm.utg11411.31.2.5c22e8c4          -            443 553585at33208        -            207      0.36   11.9  13.4   2   3       0.3   1.2e+02    3.7   6.1    42   115   160   236   152   246 0.73 -
evm.utg11411.31.2.5c22e8c4          -            443 553585at33208        -            207      0.36   11.9  13.4   3   3       4.7   1.8e+03   -0.2   0.2    49    98   215   268   212   281 0.62 -
evm.utg150.14.1.5c27903a            -           1818 553585at33208        -            207      0.36   11.9   5.1   1   2      0.31   1.2e+02    3.7   0.4    40    98  1102  1160  1083  1165 0.78 -
evm.utg150.14.1.5c27903a            -           1818 553585at33208        -            207      0.36   11.9   5.1   2   2   0.00082      0.31   12.1   1.5    38   120  1146  1230  1143  1239 0.85 -
evm.utg150.14                       -           2072 553585at33208        -            207      0.42   11.7   4.9   1   2      0.34   1.3e+02    3.5   0.3    40    98  1356  1414  1336  1419 0.78 -
evm.utg150.14                       -           2072 553585at33208        -            207      0.42   11.7   4.9   2   2   0.00099      0.38   11.8   1.7    38   120  1400  1484  1390  1493 0.85 -
evm.utg11411.31.1.5c22e8c4          -            519 553585at33208        -            207      0.44   11.6  12.9   1   2    0.0017      0.66   11.0   0.8    42    97    88   145    71   161 0.78 -
evm.utg11411.31.1.5c22e8c4          -            519 553585at33208        -            207      0.44   11.6  12.9   2   2      0.37   1.4e+02    3.4   6.1    42   115   160   236   152   249 0.73 -
evm.utg125.149                      -            914 553585at33208        -            207      0.59   11.2   7.5   1   2     0.092        35    5.4   0.2    62   120     1    59     1    67 0.89 -
evm.utg125.149                      -            914 553585at33208        -            207      0.59   11.2   7.5   2   2      0.02       7.8    7.5   2.2    42   121    98   177    72   185 0.79 -
evm.utg386.19                       -           1049 553585at33208        -            207      0.83   10.7   9.0   1   2    0.0011      0.44   11.6   5.3    46   119   531   609   524   621 0.84 -
evm.utg386.19                       -           1049 553585at33208        -            207      0.83   10.7   9.0   2   2       4.5   1.7e+03   -0.1   0.1    61    92   620   652   612   673 0.75 -
evm.utg95.36                        -           1145 553585at33208        -            207      0.93   10.5  11.2   1   3     0.014       5.3    8.1   1.7    48   101    87   143    80   159 0.77 -
evm.utg95.36                        -           1145 553585at33208        -            207      0.93   10.5  11.2   2   3     0.076        29    5.7   1.2    43   116   154   232   140   236 0.75 -
evm.utg95.36                        -           1145 553585at33208        -            207      0.93   10.5  11.2   3   3       1.7   6.7e+02    1.2   0.4    43    81   226   266   211   285 0.65 -
evm.utg897.1                        -            167 553585at33208        -            207       1.5    9.8   4.8   1   2     0.033        13    6.8   0.3    57    97    35    75    18    87 0.78 -
evm.utg897.1                        -            167 553585at33208        -            207       1.5    9.8   4.8   2   2     0.054        21    6.1   3.0    45   115    69   139    64   153 0.78 -
evm.utg259.36                       -           1071 553585at33208        -            207       3.2    8.8   7.6   1   2       2.5   9.8e+02    0.7   0.1    68    97    32    61    22    70 0.86 -
evm.utg259.36                       -           1071 553585at33208        -            207       3.2    8.8   7.6   2   2    0.0029       1.1   10.3   0.7    39    98   147   208   133   235 0.81 -
evm.utg207.27                       -           2436 553585at33208        -            207       3.3    8.8   8.7   1   2     0.005       1.9    9.5   0.9    45   116  1844  1917  1816  1928 0.84 -
evm.utg207.27                       -           2436 553585at33208        -            207       3.3    8.8   8.7   2   2      0.54   2.1e+02    2.9   1.5    59   115  1956  2017  1929  2029 0.72 -
evm.utg262.16                       -            890 553585at33208        -            207       3.4    8.7   4.8   1   2       1.9   7.3e+02    1.1   0.1    67   101    10    45     2    67 0.62 -
evm.utg262.16                       -            890 553585at33208        -            207       3.4    8.7   4.8   2   2     0.059        23    6.0   4.1    46    97    59   112    53   132 0.85 -
evm.utg86.89                        -           1113 553585at33208        -            207       6.2    7.8  13.8   1   3         1   3.8e+02    2.0   0.1    45    97    19    74    10    82 0.82 -
evm.utg86.89                        -           1113 553585at33208        -            207       6.2    7.8  13.8   2   3       6.9   2.6e+03   -0.7   0.2    38    92   110   168    81   189 0.56 -
evm.utg86.89                        -           1113 553585at33208        -            207       6.2    7.8  13.8   3   3    0.0034       1.3   10.1   4.6    44    99   188   245   166   265 0.70 -
evm.utg86.89.1.5c22f495             -           1179 553585at33208        -            207       6.8    7.7  13.6   1   3         1     4e+02    2.0   0.1    45    97    19    74     9    83 0.82 -
evm.utg86.89.1.5c22f495             -           1179 553585at33208        -            207       6.8    7.7  13.6   2   3       7.3   2.8e+03   -0.8   0.3    38    93   110   169    81   191 0.57 -
evm.utg86.89.1.5c22f495             -           1179 553585at33208        -            207       6.8    7.7  13.6   3   3    0.0041       1.6    9.8   4.8    44    99   188   245   166   264 0.70 -
#
# Program:         hmmsearch
# Version:         3.1b2 (February 2015)
# Pipeline mode:   SEARCH
# Query file:      /uoa/scratch/users/r02hw22/project_dark_genes/busco_downloads/lineages/metazoa_odb10/hmms/553585at33208.hmm
# Target file:     /uoa/scratch/users/r02hw22/project_dark_genes/00_raw/equina_smart.rnam-trna.merged.ggf.curated.remredun.aa.fa
# Option settings: hmmsearch --domtblout /uoa/scratch/users/r02hw22/project_dark_genes/equina_busco_proteins/run_metazoa_odb10/hmmer_output/initial_run_results/553585at33208.out --cpu 1 /uoa/scratch/users/r02hw22/project_dark_genes/busco_downloads/lineages/metazoa_odb10/hmms/553585at33208.hmm /uoa/scratch/users/r02hw22/project_dark_genes/00_raw/equina_smart.rnam-trna.merged.ggf.curated.remredun.aa.fa 
# Current dir:     /uoa/scratch/users/r02hw22/project_dark_genes
# Date:            Sat Apr 25 14:42:48 2026
# [ok]
