#                                                                            --- full sequence --- -------------- this domain -------------   hmm coord   ali coord   env coord
# target name        accession   tlen query name           accession   qlen   E-value  score  bias   #  of  c-Evalue  i-Evalue  score  bias  from    to  from    to  from    to  acc description of target
#------------------- ---------- ----- -------------------- ---------- ----- --------- ------ ----- --- --- --------- --------- ------ ----- ----- ----- ----- ----- ----- ----- ---- ---------------------
evm.utg18294.42      -            243 554010at33208        -            198   2.7e-84  283.3   0.5   1   2   1.3e-82   1.4e-78  264.6   0.0     2   188     7   205     6   211 0.94 -
evm.utg18294.42      -            243 554010at33208        -            198   2.7e-84  283.3   0.5   2   2     7e-07    0.0078   17.4   0.1   175   198   211   239   207   239 0.83 -
evm.utg5087.17       -            243 554010at33208        -            198     4e-84  282.7   0.7   1   2   1.7e-82   1.9e-78  264.2   0.0     2   188     7   205     6   211 0.94 -
evm.utg5087.17       -            243 554010at33208        -            198     4e-84  282.7   0.7   2   2     7e-07    0.0078   17.4   0.1   175   198   211   239   207   239 0.83 -
evm.utg5033.23       -            173 554010at33208        -            198      0.14   13.3   0.0   1   1   1.9e-05      0.21   12.8   0.0   125   188    11    75     4    86 0.89 -
evm.utg293.26        -            214 554010at33208        -            198      0.24   12.6   2.5   1   1   3.1e-05      0.35   12.0   2.5     6    81     6    84     3   104 0.83 -
evm.utg55.97         -           4412 554010at33208        -            198       1.5    9.9   3.5   1   1   0.00042       4.7    8.3   3.5    13    66  2956  3009  2945  3033 0.85 -
#
# Program:         hmmsearch
# Version:         3.1b2 (February 2015)
# Pipeline mode:   SEARCH
# Query file:      /uoa/scratch/users/r02hw22/project_dark_genes/busco_downloads/lineages/metazoa_odb10/hmms/554010at33208.hmm
# Target file:     /uoa/scratch/users/r02hw22/project_dark_genes/00_raw/equina_smart.rnam-trna.merged.ggf.curated.remredun.aa.fa
# Option settings: hmmsearch --domtblout /uoa/scratch/users/r02hw22/project_dark_genes/equina_busco_proteins/run_metazoa_odb10/hmmer_output/initial_run_results/554010at33208.out --cpu 1 /uoa/scratch/users/r02hw22/project_dark_genes/busco_downloads/lineages/metazoa_odb10/hmms/554010at33208.hmm /uoa/scratch/users/r02hw22/project_dark_genes/00_raw/equina_smart.rnam-trna.merged.ggf.curated.remredun.aa.fa 
# Current dir:     /uoa/scratch/users/r02hw22/project_dark_genes
# Date:            Sat Apr 25 14:42:52 2026
# [ok]
