#                                                                            --- full sequence --- -------------- this domain -------------   hmm coord   ali coord   env coord
# target name        accession   tlen query name           accession   qlen   E-value  score  bias   #  of  c-Evalue  i-Evalue  score  bias  from    to  from    to  from    to  acc description of target
#------------------- ---------- ----- -------------------- ---------- ----- --------- ------ ----- --- --- --------- --------- ------ ----- ----- ----- ----- ----- ----- ----- ---- ---------------------
evm.utg370.16        -            166 556461at33208        -             99   4.5e-25   88.9   1.3   1   1   5.1e-29   5.7e-25   88.6   1.3     3    94    32   123    30   128 0.92 -
evm.utg21766.28      -            136 556461at33208        -             99   6.8e-16   59.5   0.0   1   1   8.6e-20   9.6e-16   59.0   0.0    26    93    26    92    20    98 0.88 -
evm.utg1056.95       -            675 556461at33208        -             99   0.00097   20.5   4.2   1   7       1.1   1.2e+04   -2.3   0.0    21    42     5    26     3    28 0.87 -
evm.utg1056.95       -            675 556461at33208        -             99   0.00097   20.5   4.2   2   7       1.8     2e+04   -3.0   0.0    20    36   122   138   117   140 0.85 -
evm.utg1056.95       -            675 556461at33208        -             99   0.00097   20.5   4.2   3   7    0.0081        90    4.6   0.0    71    94   165   188   157   193 0.86 -
evm.utg1056.95       -            675 556461at33208        -             99   0.00097   20.5   4.2   4   7     0.074   8.2e+02    1.5   0.0    72    94   277   299   273   303 0.86 -
evm.utg1056.95       -            675 556461at33208        -             99   0.00097   20.5   4.2   5   7      0.71   7.9e+03   -1.6   0.0    71    88   387   404   384   412 0.82 -
evm.utg1056.95       -            675 556461at33208        -             99   0.00097   20.5   4.2   6   7     0.011   1.2e+02    4.2   0.0    72    94   499   521   494   525 0.87 -
evm.utg1056.95       -            675 556461at33208        -             99   0.00097   20.5   4.2   7   7    0.0056        63    5.1   0.1    72    94   610   632   604   636 0.86 -
evm.utg2428.10       -            253 556461at33208        -             99       0.4   12.1   0.3   1   2       1.3   1.5e+04   -2.5   0.0    10    35    97   122    91   129 0.67 -
evm.utg2428.10       -            253 556461at33208        -             99       0.4   12.1   0.3   2   2   9.5e-05       1.1   10.8   0.1    38    66   156   184   148   213 0.86 -
evm.utg34.5          -            842 556461at33208        -             99      0.55   11.7   0.1   1   4     0.034   3.8e+02    2.6   0.0    71    94    41    64    37    68 0.86 -
evm.utg34.5          -            842 556461at33208        -             99      0.55   11.7   0.1   2   4      0.52   5.8e+03   -1.2   0.0    72    93   153   174   149   178 0.84 -
evm.utg34.5          -            842 556461at33208        -             99      0.55   11.7   0.1   3   4      0.93     1e+04   -2.0   0.0    71    88   263   280   260   288 0.82 -
evm.utg34.5          -            842 556461at33208        -             99      0.55   11.7   0.1   4   4     0.019   2.1e+02    3.4   0.0    72    94   375   397   371   401 0.86 -
#
# Program:         hmmsearch
# Version:         3.1b2 (February 2015)
# Pipeline mode:   SEARCH
# Query file:      /uoa/scratch/users/r02hw22/project_dark_genes/busco_downloads/lineages/metazoa_odb10/hmms/556461at33208.hmm
# Target file:     /uoa/scratch/users/r02hw22/project_dark_genes/00_raw/equina_smart.rnam-trna.merged.ggf.curated.remredun.aa.fa
# Option settings: hmmsearch --domtblout /uoa/scratch/users/r02hw22/project_dark_genes/equina_busco_proteins/run_metazoa_odb10/hmmer_output/initial_run_results/556461at33208.out --cpu 1 /uoa/scratch/users/r02hw22/project_dark_genes/busco_downloads/lineages/metazoa_odb10/hmms/556461at33208.hmm /uoa/scratch/users/r02hw22/project_dark_genes/00_raw/equina_smart.rnam-trna.merged.ggf.curated.remredun.aa.fa 
# Current dir:     /uoa/scratch/users/r02hw22/project_dark_genes
# Date:            Sat Apr 25 14:42:53 2026
# [ok]
