#                                                                            --- full sequence --- -------------- this domain -------------   hmm coord   ali coord   env coord
# target name        accession   tlen query name           accession   qlen   E-value  score  bias   #  of  c-Evalue  i-Evalue  score  bias  from    to  from    to  from    to  acc description of target
#------------------- ---------- ----- -------------------- ---------- ----- --------- ------ ----- --- --- --------- --------- ------ ----- ----- ----- ----- ----- ----- ----- ---- ---------------------
evm.utg2869.6        -            245 557292at33208        -            191   5.7e-67  226.6   0.0   1   1   8.1e-71   7.5e-67  226.2   0.0     6   189    39   240    35   242 0.90 -
evm.utg868.68        -            805 557292at33208        -            191     3e-25   90.5   0.0   1   3       2.6   2.4e+04   -3.8   0.0    89   123   348   385   345   386 0.78 -
evm.utg868.68        -            805 557292at33208        -            191     3e-25   90.5   0.0   2   3       1.6   1.5e+04   -3.1   0.0    12    34   410   435   402   437 0.74 -
evm.utg868.68        -            805 557292at33208        -            191     3e-25   90.5   0.0   3   3   1.4e-28   1.3e-24   88.5   0.0     6   189   594   802   590   804 0.82 -
evm.utg320.60        -            314 557292at33208        -            191   1.7e-07   32.6   0.0   1   2      0.45   4.1e+03   -1.3   0.0    22    44    28    50     6    60 0.78 -
evm.utg320.60        -            314 557292at33208        -            191   1.7e-07   32.6   0.0   2   2   8.6e-11     8e-07   30.4   0.0     6   165    58   240    54   270 0.69 -
evm.utg4174.1        -            221 557292at33208        -            191   2.1e-06   29.1   0.0   1   1   6.4e-10   5.9e-06   27.6   0.0    62   165    31   147     2   177 0.71 -
evm.utg1799.2        -            162 557292at33208        -            191     0.011   16.9   0.1   1   2   4.2e-06     0.039   15.1   0.1    91   165     2    88     1   118 0.75 -
evm.utg1799.2        -            162 557292at33208        -            191     0.011   16.9   0.1   2   2      0.49   4.6e+03   -1.4   0.0    30    41   103   114    87   137 0.72 -
evm.utg8820.17       -            178 557292at33208        -            191       2.1    9.5   2.6   1   2   0.00012       1.1   10.4   0.3    44    86    18    60     8    66 0.87 -
evm.utg8820.17       -            178 557292at33208        -            191       2.1    9.5   2.6   2   2      0.65     6e+03   -1.8   0.1    53    82    90   119    78   127 0.66 -
#
# Program:         hmmsearch
# Version:         3.1b2 (February 2015)
# Pipeline mode:   SEARCH
# Query file:      /uoa/scratch/users/r02hw22/project_dark_genes/busco_downloads/lineages/metazoa_odb10/hmms/557292at33208.hmm
# Target file:     /uoa/scratch/users/r02hw22/project_dark_genes/00_raw/equina_smart.rnam-trna.merged.ggf.curated.remredun.aa.fa
# Option settings: hmmsearch --domtblout /uoa/scratch/users/r02hw22/project_dark_genes/equina_busco_proteins/run_metazoa_odb10/hmmer_output/initial_run_results/557292at33208.out --cpu 1 /uoa/scratch/users/r02hw22/project_dark_genes/busco_downloads/lineages/metazoa_odb10/hmms/557292at33208.hmm /uoa/scratch/users/r02hw22/project_dark_genes/00_raw/equina_smart.rnam-trna.merged.ggf.curated.remredun.aa.fa 
# Current dir:     /uoa/scratch/users/r02hw22/project_dark_genes
# Date:            Sat Apr 25 14:42:41 2026
# [ok]
