#                                                                                          --- full sequence --- -------------- this domain -------------   hmm coord   ali coord   env coord
# target name                      accession   tlen query name           accession   qlen   E-value  score  bias   #  of  c-Evalue  i-Evalue  score  bias  from    to  from    to  from    to  acc description of target
#              ------------------- ---------- ----- -------------------- ---------- ----- --------- ------ ----- --- --- --------- --------- ------ ----- ----- ----- ----- ----- ----- ----- ---- ---------------------
evm.utg101.12                      -            800 557834at33208        -            378  6.4e-117  392.5  24.6   1   4     1e-62   3.9e-60  205.6   5.0    15   143   152   292   138   296 0.90 -
evm.utg101.12                      -            800 557834at33208        -            378  6.4e-117  392.5  24.6   2   4   6.9e-07   0.00026   21.9   0.4   138   188   306   365   301   369 0.81 -
evm.utg101.12                      -            800 557834at33208        -            378  6.4e-117  392.5  24.6   3   4   5.9e-52   2.2e-49  170.2   0.6   185   314   496   626   479   653 0.88 -
evm.utg101.12                      -            800 557834at33208        -            378  6.4e-117  392.5  24.6   4   4     0.078        29    5.2   0.3   332   368   732   768   703   795 0.70 -
evm.utg2757.41                     -            188 557834at33208        -            378   2.9e-09   38.2   2.5   1   1     1e-11   3.8e-09   37.8   2.5    56   108    36    87    29    93 0.88 -
evm.utg86.23                       -           1028 557834at33208        -            378   1.2e-08   36.1   3.6   1   1   3.2e-11   1.2e-08   36.1   3.6    57   112   778   833   774   842 0.93 -
evm.utg1962.4                      -            126 557834at33208        -            378   1.2e-08   36.1   1.1   1   1   3.9e-11   1.5e-08   35.9   1.1    38   118    32   108    28   115 0.80 -
evm.utg3201.16.1.5c22eef6          -            190 557834at33208        -            378   7.6e-08   33.5   4.4   1   1   2.9e-10   1.1e-07   33.0   4.4    57   105    94   143    92   149 0.91 -
evm.utg2303.2                      -           1001 557834at33208        -            378   7.9e-08   33.4   4.0   1   1   2.1e-10   7.9e-08   33.4   4.0    57   112   751   806   747   813 0.93 -
evm.utg1277.47                     -            191 557834at33208        -            378   9.8e-08   33.1   4.2   1   1   3.7e-10   1.4e-07   32.6   4.2    57   105    94   143    92   149 0.92 -
evm.utg3201.16                     -            269 557834at33208        -            378   1.8e-07   32.3   4.8   1   1   6.9e-10   2.6e-07   31.7   4.8    57   105    94   143    92   148 0.91 -
evm.utg112.37                      -            390 557834at33208        -            378   2.2e-07   32.0   0.2   1   1     1e-09   3.8e-07   31.2   0.2    57   132   236   315   228   327 0.76 -
evm.utg172.143                     -            270 557834at33208        -            378   2.3e-07   31.9   4.6   1   1   8.9e-10   3.3e-07   31.4   4.6    57   105    94   143    92   148 0.92 -
evm.utg150.9                       -           1057 557834at33208        -            378   5.8e-07   30.6   0.4   1   2       4.7   1.8e+03   -0.6   0.7   288   338   421   470   412   483 0.55 -
evm.utg150.9                       -           1057 557834at33208        -            378   5.8e-07   30.6   0.4   2   2   1.5e-09   5.8e-07   30.6   0.4    49   124   782   856   764   871 0.85 -
evm.utg1056.107.2.5c22e85b         -            538 557834at33208        -            378   4.8e-06   27.6   4.6   1   1   1.3e-08   4.8e-06   27.6   4.6    58   108    44    90    39   161 0.90 -
evm.utg1056.107.1.5c22e85b         -            724 557834at33208        -            378   5.5e-06   27.4   4.0   1   1   1.5e-08   5.5e-06   27.4   4.0    58   108    44    90    39   121 0.88 -
utg107.equina_smart_661610.mrna1   -            146 557834at33208        -            378   7.8e-06   26.9   2.8   1   1   2.7e-08     1e-05   26.5   2.8    52   111    74   132    62   140 0.83 -
evm.utg1056.107                    -            669 557834at33208        -            378   8.2e-06   26.8   6.2   1   1   2.8e-08   1.1e-05   26.4   5.5    58   108    44    90    39   185 0.87 -
evm.utg1056.107.3.5c22e85b         -            492 557834at33208        -            378   9.2e-06   26.6   7.1   1   1   2.9e-08   1.1e-05   26.4   6.2    58   108    44    90    39   186 0.85 -
evm.utg77.111                      -            720 557834at33208        -            378   1.6e-05   25.8   2.3   1   1   4.3e-08   1.6e-05   25.8   2.3    57   120    15    79     9   107 0.87 -
evm.utg145.40                      -            667 557834at33208        -            378   2.6e-05   25.2   2.6   1   2   6.9e-08   2.6e-05   25.2   2.6    55   133    10    92     3   103 0.81 -
evm.utg145.40                      -            667 557834at33208        -            378   2.6e-05   25.2   2.6   2   2       1.7   6.3e+02    0.8   3.5   263   327   193   257   175   309 0.57 -
evm.utg7289.16.17.18.2.5c279759    -            664 557834at33208        -            378   4.1e-05   24.5   1.4   1   2   1.1e-07   4.1e-05   24.5   1.4    56   116    11    72     3    91 0.88 -
evm.utg7289.16.17.18.2.5c279759    -            664 557834at33208        -            378   4.1e-05   24.5   1.4   2   2       6.6   2.5e+03   -1.1   2.5   270   306   209   246   174   290 0.66 -
evm.utg1272.135                    -            227 557834at33208        -            378   5.8e-05   24.0   5.7   1   1   2.5e-07   9.3e-05   23.3   5.7    54   112   162   217   160   225 0.84 -
evm.utg729.13                      -            645 557834at33208        -            378   8.8e-05   23.4   4.0   1   2   2.3e-07   8.8e-05   23.4   4.0    55   134    11    90     7   104 0.81 -
evm.utg729.13                      -            645 557834at33208        -            378   8.8e-05   23.4   4.0   2   2       5.4     2e+03   -0.8   7.2    73    94   164   185   150   295 0.69 -
evm.utg3019.59                     -            964 557834at33208        -            378   9.3e-05   23.3   2.9   1   1   2.5e-07   9.3e-05   23.3   2.9    55   119    14    74     7    99 0.83 -
evm.utg1009.10                     -            528 557834at33208        -            378    0.0001   23.2   5.5   1   1   2.7e-07    0.0001   23.2   5.5    51   105   370   425   343   448 0.87 -
evm.utg18951.14                    -            311 557834at33208        -            378   0.00013   22.8   4.2   1   1     5e-07   0.00019   22.3   4.2    57   119   219   277   215   304 0.83 -
evm.utg302.28                      -            538 557834at33208        -            378   0.00013   22.8   2.7   1   1   3.5e-07   0.00013   22.8   2.7    51   105    10    65     5    86 0.85 -
evm.utg14507.2                     -            870 557834at33208        -            378   0.00014   22.7   0.9   1   1   8.1e-07    0.0003   21.6   0.9    55   110   162   216   158   230 0.84 -
evm.utg1087.12.1.5c22e86f          -            223 557834at33208        -            378   0.00014   22.7   6.9   1   2   3.8e-07   0.00014   22.7   6.9    57   116    17    74    10   121 0.77 -
evm.utg1087.12.1.5c22e86f          -            223 557834at33208        -            378   0.00014   22.7   6.9   2   2       1.3   5.1e+02    1.2   0.2    54    67   162   175   136   186 0.77 -
evm.utg1087.12                     -            223 557834at33208        -            378   0.00015   22.6   7.0   1   2     4e-07   0.00015   22.6   7.0    57   116    17    74    10   120 0.77 -
evm.utg1087.12                     -            223 557834at33208        -            378   0.00015   22.6   7.0   2   2       1.3   5.1e+02    1.2   0.2    54    67   162   175   136   186 0.77 -
evm.utg1290.13                     -            480 557834at33208        -            378   0.00017   22.5   1.7   1   2   4.5e-07   0.00017   22.5   1.7    55   105    11    62     5    75 0.89 -
evm.utg1290.13                     -            480 557834at33208        -            378   0.00017   22.5   1.7   2   2       5.8   2.2e+03   -0.9   0.8   179   188   226   235   156   295 0.56 -
utg1530.equina_smart_497615.mrna1  -            542 557834at33208        -            378   0.00034   21.5   1.6   1   1     9e-07   0.00034   21.5   1.6    55   105    11    62     6    74 0.90 -
evm.utg1530.9                      -            515 557834at33208        -            378   0.00034   21.5   2.7   1   2   9.1e-07   0.00034   21.5   2.7    55   105    11    62     9    78 0.89 -
evm.utg1530.9                      -            515 557834at33208        -            378   0.00034   21.5   2.7   2   2       1.5   5.7e+02    1.0   2.7   232   358   199   332   194   346 0.63 -
evm.utg936.4                       -            164 557834at33208        -            378   0.00036   21.4   1.8   1   1   1.4e-06   0.00052   20.9   1.8    55   117    10    73     3   100 0.85 -
evm.utg1530.10                     -            521 557834at33208        -            378   0.00041   21.2   2.5   1   3   1.1e-06   0.00041   21.2   2.5    55   105    11    62     8    76 0.89 -
evm.utg1530.10                     -            521 557834at33208        -            378   0.00041   21.2   2.5   2   3       7.6   2.8e+03   -1.3   1.3   266   321   214   269   186   325 0.60 -
evm.utg1530.10                     -            521 557834at33208        -            378   0.00041   21.2   2.5   3   3         9   3.4e+03   -1.6   0.1   112   201   365   454   358   462 0.77 -
evm.utg302.27                      -            514 557834at33208        -            378    0.0006   20.7   2.6   1   2   1.6e-06    0.0006   20.7   2.6    55   105    11    62     9    77 0.89 -
evm.utg302.27                      -            514 557834at33208        -            378    0.0006   20.7   2.6   2   2       4.4   1.6e+03   -0.5   1.8   263   328   211   276   180   330 0.64 -
evm.utg298.105                     -            187 557834at33208        -            378   0.00068   20.5   0.5   1   1     3e-06    0.0011   19.8   0.5    70   115     5    49     3    56 0.86 -
evm.utg3872.17.1.5c22f029          -            470 557834at33208        -            378   0.00076   20.3   7.4   1   1   3.9e-06    0.0015   19.4   7.4    52   105   393   447   374   450 0.86 -
evm.utg2017.29                     -            259 557834at33208        -            378   0.00094   20.0   1.5   1   1   4.1e-06    0.0015   19.3   1.5    72   110     8    49     3    65 0.84 -
evm.utg1530.37                     -            457 557834at33208        -            378    0.0014   19.4   1.7   1   1     6e-06    0.0023   18.8   1.7    58   105   410   453   402   456 0.90 -
evm.utg7.39                        -            563 557834at33208        -            378    0.0015   19.4   4.3   1   1   5.7e-06    0.0022   18.8   4.3    53   104   510   559   505   561 0.85 -
evm.utg3872.17                     -            550 557834at33208        -            378    0.0015   19.4   8.2   1   1   7.5e-06    0.0028   18.5   8.2    52   105   393   447   374   463 0.87 -
evm.utg6834.24                     -            369 557834at33208        -            378    0.0018   19.1   0.2   1   2   4.7e-06    0.0018   19.1   0.2    67   107    25    61    12   126 0.89 -
evm.utg6834.24                     -            369 557834at33208        -            378    0.0018   19.1   0.2   2   2       3.2   1.2e+03   -0.1   0.7   280   334   245   300   218   340 0.56 -
evm.utg3283.7                      -            312 557834at33208        -            378    0.0018   19.1   0.8   1   1   8.5e-06    0.0032   18.3   0.8    57   115    17    78     7    87 0.83 -
evm.utg276.25                      -            144 557834at33208        -            378    0.0018   19.1   1.4   1   1     7e-06    0.0026   18.6   1.4    55   107    16    71    10    86 0.87 -
evm.utg24533.1                     -            143 557834at33208        -            378     0.002   19.0   0.9   1   1   6.2e-06    0.0023   18.7   0.9    56   111    17    75    10   102 0.85 -
evm.utg3260.17                     -            312 557834at33208        -            378     0.002   19.0   0.8   1   1   8.5e-06    0.0032   18.3   0.8    57   115    17    78     7    87 0.83 -
evm.utg92.34                       -            344 557834at33208        -            378    0.0022   18.8   4.2   1   2   5.9e-06    0.0022   18.8   4.2    57   105    14    61     5    83 0.87 -
evm.utg92.34                       -            344 557834at33208        -            378    0.0022   18.8   4.2   2   2       1.1   4.3e+02    1.4   0.8   119   183   233   304   214   311 0.58 -
evm.utg125.132                     -            372 557834at33208        -            378    0.0027   18.5   3.3   1   1   7.2e-06    0.0027   18.5   3.3    57   108   312   365   304   370 0.77 -
evm.utg1542.18                     -            716 557834at33208        -            378    0.0039   18.0   3.8   1   1     1e-05    0.0039   18.0   3.8    55   104    10    60     5   100 0.81 -
evm.utg150.30                      -            109 557834at33208        -            378     0.004   18.0   1.4   1   1   1.4e-05    0.0052   17.6   1.4    52   102    20    68    17    75 0.84 -
evm.utg1184.1                      -            757 557834at33208        -            378     0.004   17.9   3.8   1   2   1.1e-05     0.004   17.9   3.8    56   105    21    69     3    89 0.85 -
evm.utg1184.1                      -            757 557834at33208        -            378     0.004   17.9   3.8   2   2       5.4     2e+03   -0.8   1.3   119   183   241   312   224   319 0.59 -
evm.utg5885.63                     -            550 557834at33208        -            378    0.0043   17.9   1.5   1   1   1.8e-05    0.0069   17.2   1.5    63   112   319   363   308   458 0.78 -
evm.utg710.15                      -           1473 557834at33208        -            378    0.0043   17.8   0.2   1   1   1.2e-05    0.0043   17.8   0.2    56    99   132   174   112   187 0.79 -
evm.utg7179.15                     -           1426 557834at33208        -            378    0.0044   17.8   0.2   1   1   1.2e-05    0.0044   17.8   0.2    56    99   132   174   112   185 0.79 -
evm.utg9110.30                     -            368 557834at33208        -            378    0.0045   17.8   3.8   1   1     2e-05    0.0074   17.1   3.8    55   119   219   284   211   310 0.81 -
evm.utg302.29                      -            447 557834at33208        -            378    0.0058   17.4   9.4   1   2   1.6e-05    0.0058   17.4   9.4    55   150    11   107     9   149 0.72 -
evm.utg302.29                      -            447 557834at33208        -            378    0.0058   17.4   9.4   2   2      0.89   3.3e+02    1.8   1.3   262   360   168   266   126   277 0.67 -
evm.utg3884.37                     -            479 557834at33208        -            378    0.0061   17.3   0.1   1   1   2.4e-05     0.009   16.8   0.1   258   308   395   445   364   456 0.84 -
evm.utg375.3                       -            474 557834at33208        -            378    0.0068   17.2   0.1   1   1     3e-05     0.011   16.4   0.1    53    85   201   236   195   251 0.76 -
utg738.equina_smart_886925.mrna3   -             98 557834at33208        -            378    0.0069   17.2   4.7   1   1     2e-05    0.0075   17.1   4.7    58   107    15    61    11    81 0.82 -
evm.utg1138.15                     -            299 557834at33208        -            378    0.0072   17.1   7.3   1   1   2.8e-05     0.011   16.6   7.3    56   116    15    73     7   138 0.90 -
evm.utg24316.5                     -            110 557834at33208        -            378     0.008   17.0   0.2   1   1   2.5e-05    0.0095   16.7   0.2    56   139    11    98     4   105 0.72 -
evm.utg579.101                     -            304 557834at33208        -            378    0.0088   16.8   7.4   1   1   3.4e-05     0.013   16.3   7.4    57   107   246   292   243   299 0.88 -
evm.utg1230.8                      -            300 557834at33208        -            378    0.0097   16.7   7.9   1   1   3.7e-05     0.014   16.2   7.9    56   116    15    73     7   134 0.91 -
evm.utg234.20                      -            473 557834at33208        -            378      0.01   16.6   4.3   1   2   2.8e-05      0.01   16.6   4.3    56   103    18    66     9    71 0.85 -
evm.utg234.20                      -            473 557834at33208        -            378      0.01   16.6   4.3   2   2       9.7   3.6e+03   -1.7   4.2   252   342    99   190    81   219 0.53 -
evm.utg9401.19                     -            258 557834at33208        -            378     0.013   16.3   2.8   1   1   3.3e-05     0.013   16.3   2.8    63   108    26    65    15   101 0.79 -
evm.utg579.101.1.5c22f256          -            284 557834at33208        -            378     0.013   16.2   1.3   1   1   5.4e-05      0.02   15.6   1.3    57    88   246   277   243   281 0.91 -
evm.utg169038.1                    -            327 557834at33208        -            378     0.015   16.1   4.7   1   1   3.9e-05     0.015   16.1   4.7    58   106   163   210   157   227 0.81 -
evm.utg715.66                      -            153 557834at33208        -            378     0.015   16.0   0.6   1   1   4.8e-05     0.018   15.8   0.6    56   104    72   119    60   137 0.77 -
evm.utg225.110                     -            227 557834at33208        -            378     0.016   16.0   4.4   1   1   4.3e-05     0.016   16.0   4.4    57   105   121   168   115   187 0.82 -
evm.utg1765.25                     -            729 557834at33208        -            378     0.017   15.9   1.2   1   1   4.4e-05     0.017   15.9   1.2    50   105    19    71     3   106 0.82 -
evm.utg44757.6                     -            469 557834at33208        -            378     0.019   15.7   5.0   1   1   5.1e-05     0.019   15.7   5.0    55   110   159   213   155   225 0.82 -
evm.utg1022.67                     -            885 557834at33208        -            378     0.021   15.6  18.4   1   2   0.00021     0.079   13.7   3.2    55   108   550   600   527   608 0.83 -
evm.utg1022.67                     -            885 557834at33208        -            378     0.021   15.6  18.4   2   2     0.021       7.9    7.1   7.3    57   102   633   671   629   683 0.89 -
evm.utg3876.10                     -            521 557834at33208        -            378     0.021   15.6   5.1   1   1   5.6e-05     0.021   15.6   5.1    55   110   159   213   152   225 0.82 -
evm.utg62.126                      -            387 557834at33208        -            378     0.021   15.6   5.4   1   1   5.7e-05     0.021   15.6   5.4    55   110   159   213   152   216 0.82 -
utg738.equina_smart_886916.mrna1   -            367 557834at33208        -            378     0.023   15.5   0.9   1   2     6e-05     0.023   15.5   0.9    67   107    25    61    12   106 0.88 -
utg738.equina_smart_886916.mrna1   -            367 557834at33208        -            378     0.023   15.5   0.9   2   2       6.9   2.6e+03   -1.2   0.2   281   317   246   283   218   328 0.61 -
evm.utg861.6                       -           1153 557834at33208        -            378     0.023   15.4   0.1   1   1   0.00012     0.044   14.5   0.1    53    84   201   235   195   247 0.77 -
evm.utg34597.4                     -            485 557834at33208        -            378     0.023   15.4   5.3   1   1   6.2e-05     0.023   15.4   5.3    55   110   159   213   152   222 0.82 -
evm.utg1290.9.1.5c22ea0d           -            569 557834at33208        -            378     0.024   15.4   1.5   1   1   0.00047      0.18   12.5   3.1    55   121    12    80     5    86 0.78 -
evm.utg2487.4                      -            698 557834at33208        -            378     0.025   15.4   2.7   1   2     0.079        30    5.2   5.3    57   117   146   206   141   227 0.75 -
evm.utg2487.4                      -            698 557834at33208        -            378     0.025   15.4   2.7   2   2   6.5e-05     0.025   15.4   2.7    44   106   390   447   372   487 0.78 -
evm.utg1290.9                      -            598 557834at33208        -            378     0.026   15.3   1.6   1   1   0.00051      0.19   12.4   3.1    55   121    12    80     5    86 0.78 -
evm.utg356.151                     -            549 557834at33208        -            378     0.026   15.3   2.1   1   1   0.00013      0.05   14.3   2.1    57   133    23    96    15   113 0.79 -
evm.utg1231.10                     -            595 557834at33208        -            378     0.026   15.3   6.5   1   1   7.6e-05     0.029   15.1   5.2    55   110    12    66     7    78 0.82 -
evm.utg2779.17                     -            380 557834at33208        -            378     0.026   15.3   7.4   1   1   0.00011     0.042   14.6   7.4    58   116    24    81    20    95 0.85 -
evm.utg4271.27                     -            521 557834at33208        -            378      0.03   15.1   5.6   1   1   8.1e-05      0.03   15.1   5.6    55   110   159   213   152   228 0.83 -
utg23732.evm.utg4271.27.mrna7      -            521 557834at33208        -            378      0.03   15.1   5.6   1   1   8.1e-05      0.03   15.1   5.6    55   110   159   213   152   228 0.83 -
evm.utg378.109                     -            933 557834at33208        -            378     0.032   15.0   1.3   1   1   0.00019     0.072   13.8   1.3    58   105   402   446   398   460 0.89 -
evm.utg738.17                      -            184 557834at33208        -            378     0.035   14.9   4.7   1   1   0.00012     0.046   14.5   4.7    67   107    25    61    12    80 0.84 -
evm.utg738.17.1.5c22f3dc           -            184 557834at33208        -            378     0.035   14.9   4.7   1   1   0.00012     0.046   14.5   4.7    67   107    25    61    12    80 0.84 -
evm.utg10824.2                     -            379 557834at33208        -            378      0.04   14.7   7.3   1   1   0.00018     0.067   13.9   7.3    58   116    24    81    20    95 0.85 -
evm.utg221.15                      -            379 557834at33208        -            378      0.04   14.7   7.3   1   1   0.00018     0.067   13.9   7.3    58   116    24    81    20    95 0.85 -
evm.utg18.76                       -            550 557834at33208        -            378      0.04   14.6   3.5   1   1   0.00024     0.089   13.5   3.5    55   105    14    63    11    81 0.89 -
evm.utg2012.11                     -            471 557834at33208        -            378     0.054   14.2   0.0   1   1   0.00023     0.085   13.6   0.0   258   310   339   391   299   407 0.86 -
evm.utg29536.5                     -            697 557834at33208        -            378      0.06   14.1   7.3   1   1   9.2e-05     0.034   14.9   5.2    55   110   159   213   152   225 0.83 -
evm.utg4172.5                      -            629 557834at33208        -            378      0.06   14.1   0.2   1   1   0.00029      0.11   13.2   0.2    54   105   318   365   314   374 0.86 -
evm.utg498.66                      -            670 557834at33208        -            378     0.073   13.8   5.3   1   2   0.00015     0.056   14.2   1.3    57   102   132   171   121   188 0.81 -
evm.utg498.66                      -            670 557834at33208        -            378     0.073   13.8   5.3   2   2       1.7   6.3e+02    0.8   0.1    56   100   242   288   239   364 0.73 -
evm.utg309.23                      -            583 557834at33208        -            378     0.082   13.6   0.0   1   1   0.00035      0.13   12.9   0.0   258   309   451   502   411   517 0.87 -
evm.utg12336.6                     -            238 557834at33208        -            378     0.089   13.5   3.0   1   1   0.00042      0.16   12.7   3.0    56   110   155   208   153   222 0.77 -
evm.utg276.26                      -            196 557834at33208        -            378     0.095   13.4   0.5   1   1   0.00036      0.14   12.9   0.5    55   106    16    70    10    85 0.83 -
evm.utg5149.13                     -            192 557834at33208        -            378      0.11   13.2   0.8   1   1   0.00034      0.13   13.0   0.8    59    88    23    48     6    80 0.74 -
evm.utg125.108                     -            867 557834at33208        -            378      0.12   13.1   9.4   1   1   8.3e-05     0.031   15.0   5.2    58   105   163   209   157   225 0.82 -
evm.utg17994.17                    -            440 557834at33208        -            378      0.13   13.0   3.2   1   1   0.00052      0.19   12.4   3.2    57   104   377   421   369   426 0.74 -
evm.utg5059.69                     -            129 557834at33208        -            378      0.13   13.0   0.4   1   1   0.00034      0.13   13.0   0.4    51   109     9    64     6    80 0.79 -
evm.utg16130.1                     -            644 557834at33208        -            378      0.15   12.8   4.7   1   1   0.00086      0.32   11.7   4.7    56   105    17    69    10    79 0.83 -
evm.utg7950.40                     -            203 557834at33208        -            378      0.16   12.6  12.3   1   2    0.0013      0.47   11.1   5.6    55   103    16    65    14    69 0.85 -
evm.utg7950.40                     -            203 557834at33208        -            378      0.16   12.6  12.3   2   2     0.051        19    5.8   0.5   126   172   114   160    93   180 0.84 -
evm.utg86.28                       -            242 557834at33208        -            378      0.17   12.6   2.4   1   1   0.00067      0.25   12.0   2.4    58   119   151   212   148   217 0.81 -
evm.utg256.9.3.5c22edce            -            169 557834at33208        -            378      0.19   12.4   3.7   1   1   0.00066      0.25   12.1   3.7    55   133    12    86     7   135 0.71 -
evm.utg2201.10                     -            337 557834at33208        -            378       0.2   12.4  13.6   1   2   0.00069      0.26   12.0   6.1    56   103    17    65    15    69 0.85 -
evm.utg2201.10                     -            337 557834at33208        -            378       0.2   12.4  13.6   2   2       0.1        38    4.9   0.8   126   178   114   166    93   180 0.84 -
evm.utg1024.9                      -            219 557834at33208        -            378       0.2   12.3   4.7   1   1   0.00078      0.29   11.8   4.7    57    99    22    61    13    69 0.83 -
evm.utg8792.7                      -            539 557834at33208        -            378      0.22   12.2   2.3   1   1    0.0012      0.44   11.2   2.3    57   102   356   398   342   416 0.72 -
evm.utg413.37                      -            254 557834at33208        -            378      0.23   12.2  11.1   1   2   0.00058      0.22   12.2   9.1    59   108    19    65    14    84 0.80 -
evm.utg413.37                      -            254 557834at33208        -            378      0.23   12.2  11.1   2   2         7   2.6e+03   -1.2   0.0   266   310    78   122    64   139 0.71 -
evm.utg2129.95                     -            559 557834at33208        -            378      0.24   12.1   4.8   1   1     0.001      0.38   11.4   4.8    56   105   505   551   501   554 0.87 -
evm.utg7217.33.1.5c22f393          -            664 557834at33208        -            378      0.26   12.0   1.7   1   1    0.0011      0.41   11.3   1.7    55   105     8    57     2    67 0.80 -
evm.utg4907.1                      -            153 557834at33208        -            378      0.33   11.6   6.3   1   1    0.0011      0.42   11.3   6.3   263   343    45   125    38   147 0.54 -
evm.utg2017.40                     -            371 557834at33208        -            378      0.36   11.5   6.0   1   1    0.0016      0.59   10.8   6.0    57    89   312   345   309   362 0.77 -
evm.utg1022.61.1.5c22e7d4          -            643 557834at33208        -            378      0.37   11.5   2.1   1   1     0.002      0.74   10.5   2.1    55   101   458   501   455   521 0.72 -
evm.utg1285.3.5.3.5c278fab         -            452 557834at33208        -            378      0.43   11.3   3.0   1   1   0.00051      0.19   12.4   0.4    59    94    23    55     6    69 0.71 -
evm.utg8851.31                     -            611 557834at33208        -            378      0.43   11.2   6.1   1   1   0.00083      0.31   11.7   4.2    55   111   108   163   102   174 0.79 -
evm.utg1302.28                     -            179 557834at33208        -            378      0.45   11.2   2.3   1   1    0.0021      0.78   10.4   2.3    71   101    31    64     5    68 0.72 -
evm.utg1285.3.5                    -            484 557834at33208        -            378      0.47   11.1   2.0   1   1   0.00097      0.36   11.5   0.3    59    85    23    46     6    71 0.71 -
evm.utg116.231                     -            130 557834at33208        -            378      0.47   11.1  19.8   1   2     0.053        20    5.8  11.8   266   309    14    57     7    65 0.79 -
evm.utg116.231                     -            130 557834at33208        -            378      0.47   11.1  19.8   2   2     0.013         5    7.7   5.1   277   334    61   118    56   128 0.76 -
evm.utg1285.3.5.1.5c278fab         -            485 557834at33208        -            378      0.48   11.1   3.1   1   1   0.00058      0.22   12.2   0.7    59    97    23    57     6    80 0.73 -
evm.utg1285.3.5.2.5c278fab         -            485 557834at33208        -            378      0.48   11.1   3.1   1   1   0.00058      0.22   12.2   0.7    59    97    23    57     6    80 0.73 -
evm.utg1022.61                     -            823 557834at33208        -            378      0.53   11.0   2.1   1   1    0.0027         1   10.1   2.1    56   101   639   681   635   701 0.72 -
evm.utg9251.25                     -            549 557834at33208        -            378      0.56   10.9   6.9   1   1   0.00013     0.049   14.4   2.1    57   133    23    96    15   112 0.79 -
evm.utg40512.3                     -            142 557834at33208        -            378      0.67   10.6   6.3   1   1    0.0026      0.98   10.1   6.3    72   114    29    70    11    82 0.78 -
evm.utg910.53                      -            322 557834at33208        -            378      0.74   10.5   6.8   1   1    0.0034       1.3    9.7   6.8   281   314   261   294   232   315 0.65 -
evm.utg464.25                      -            167 557834at33208        -            378      0.92   10.2   6.4   1   1    0.0023      0.88   10.2   5.6    73   115    31    72    13   132 0.87 -
evm.utg15813.22                    -            223 557834at33208        -            378       1.2    9.8   6.0   1   1    0.0059       2.2    8.9   6.0    56   104   145   192   143   206 0.80 -
utg5246.equina_smart_1878122.mrna1 -             61 557834at33208        -            378       1.3    9.7   3.7   1   1    0.0039       1.5    9.5   3.7    52    82    18    49    11    53 0.85 -
evm.utg62.130                      -            371 557834at33208        -            378       1.4    9.6   5.2   1   1    0.0062       2.3    8.8   5.2    57    88   312   344   309   362 0.77 -
evm.utg162.15                      -            471 557834at33208        -            378       1.4    9.5   2.3   1   1    0.0053         2    9.1   2.3    57   102    24    67    20   110 0.85 -
evm.utg351.24                      -            463 557834at33208        -            378       1.5    9.5   2.4   1   1    0.0058       2.2    8.9   2.4    58   102    17    59    13   102 0.85 -
evm.utg6949.6                      -             86 557834at33208        -            378       1.6    9.4  12.4   1   1    0.0049       1.8    9.2  12.4   275   329    14    69     7    82 0.65 -
evm.utg536.2                       -             80 557834at33208        -            378       1.9    9.2   8.6   1   1     0.005       1.9    9.2   8.6   273   308    23    58     6    75 0.58 -
evm.utg90743.1                     -             84 557834at33208        -            378       2.3    8.9  12.5   1   1    0.0065       2.4    8.8  12.5   278   348     5    75     1    82 0.66 -
evm.utg19396.2                     -            130 557834at33208        -            378       2.4    8.8   4.7   1   1    0.0092       3.5    8.3   4.7    57    84    24    51    15    63 0.81 -
evm.utg92.123                      -             77 557834at33208        -            378       2.8    8.6   8.6   1   1    0.0079         3    8.5   8.6   279   311    20    53     7    72 0.59 -
evm.utg4.22                        -            334 557834at33208        -            378       2.8    8.6   4.1   1   2       9.5   3.6e+03   -1.6   0.0    95   116   184   205   174   211 0.83 -
evm.utg4.22                        -            334 557834at33208        -            378       2.8    8.6   4.1   2   2    0.0036       1.4    9.6   1.5   265   336   258   329   248   333 0.84 -
evm.utg36717.7                     -             87 557834at33208        -            378         3    8.5   6.9   1   1    0.0089       3.4    8.3   6.9    72   103    51    81    33    86 0.76 -
evm.utg1109.12                     -             97 557834at33208        -            378       3.8    8.1   6.9   1   1     0.012       4.3    8.0   6.9    72   103    61    91    43    96 0.76 -
evm.utg1290.47                     -            797 557834at33208        -            378       3.9    8.1   9.9   1   2   0.00022     0.084   13.6   1.4    57   108    20    73    18    74 0.87 -
evm.utg1290.47                     -            797 557834at33208        -            378       3.9    8.1   9.9   2   2       7.8   2.9e+03   -1.3   1.7   262   320   281   332   254   371 0.48 -
evm.utg279.30                      -           1987 557834at33208        -            378       4.2    8.0   7.9   1   1    0.0045       1.7    9.3   4.8    57   106  1714  1770  1706  1796 0.74 -
evm.utg109.13                      -             92 557834at33208        -            378       4.3    8.0   7.8   1   1     0.012       4.6    7.9   7.8   281   322    10    51     2    75 0.64 -
evm.utg3174.2                      -            255 557834at33208        -            378       5.2    7.7  15.4   1   2   0.00061      0.23   12.2   9.1    58   107    18    64     9    84 0.82 -
evm.utg3174.2                      -            255 557834at33208        -            378       5.2    7.7  15.4   2   2       4.9   1.9e+03   -0.7   0.1   265   311    77   123    56   140 0.68 -
evm.utg39192.2                     -            255 557834at33208        -            378       5.2    7.7  15.4   1   2   0.00061      0.23   12.2   9.1    58   107    18    64     9    84 0.82 -
evm.utg39192.2                     -            255 557834at33208        -            378       5.2    7.7  15.4   2   2       4.9   1.9e+03   -0.7   0.1   265   311    77   123    56   140 0.68 -
evm.utg14287.21                    -            647 557834at33208        -            378       5.9    7.5   9.0   1   1     0.025       9.3    6.9   9.0   270   339   249   320   240   333 0.77 -
evm.utg4318.30                     -            130 557834at33208        -            378       6.6    7.4   9.4   1   1     0.023       8.5    7.0   9.4    56   105    77   119    56   123 0.80 -
evm.utg950.11                      -            335 557834at33208        -            378         9    6.9  15.6   1   2   0.00015     0.055   14.2   4.7    56   108    47    98    43   111 0.79 -
evm.utg950.11                      -            335 557834at33208        -            378         9    6.9  15.6   2   2       9.6   3.6e+03   -1.7   3.0   286   368   115   194   102   200 0.63 -
evm.utg411.45.1.5c22f073           -            562 557834at33208        -            378       9.1    6.9   7.9   1   1      0.04        15    6.2   7.9    42   103   491   555   484   560 0.70 -
#
# Program:         hmmsearch
# Version:         3.1b2 (February 2015)
# Pipeline mode:   SEARCH
# Query file:      /uoa/scratch/users/r02hw22/project_dark_genes/busco_downloads/lineages/metazoa_odb10/hmms/557834at33208.hmm
# Target file:     /uoa/scratch/users/r02hw22/project_dark_genes/00_raw/equina_smart.rnam-trna.merged.ggf.curated.remredun.aa.fa
# Option settings: hmmsearch --domtblout /uoa/scratch/users/r02hw22/project_dark_genes/equina_busco_proteins/run_metazoa_odb10/hmmer_output/initial_run_results/557834at33208.out --cpu 1 /uoa/scratch/users/r02hw22/project_dark_genes/busco_downloads/lineages/metazoa_odb10/hmms/557834at33208.hmm /uoa/scratch/users/r02hw22/project_dark_genes/00_raw/equina_smart.rnam-trna.merged.ggf.curated.remredun.aa.fa 
# Current dir:     /uoa/scratch/users/r02hw22/project_dark_genes
# Date:            Sat Apr 25 14:43:00 2026
# [ok]
