#                                                                            --- full sequence --- -------------- this domain -------------   hmm coord   ali coord   env coord
# target name        accession   tlen query name           accession   qlen   E-value  score  bias   #  of  c-Evalue  i-Evalue  score  bias  from    to  from    to  from    to  acc description of target
#------------------- ---------- ----- -------------------- ---------- ----- --------- ------ ----- --- --- --------- --------- ------ ----- ----- ----- ----- ----- ----- ----- ---- ---------------------
evm.utg4273.13       -            206 558897at33208        -            149   3.3e-55  187.7   0.1   1   1   2.7e-58   4.6e-55  187.2   0.1     1   149    29   197    29   197 0.89 -
evm.utg729.103       -            177 558897at33208        -            149   4.5e-09   37.9   0.1   1   1   2.3e-11   3.9e-08   34.9   0.1    59   132    61   153    11   165 0.62 -
evm.utg729.104       -            205 558897at33208        -            149   8.8e-08   33.8   0.0   1   1   1.7e-10   2.9e-07   32.1   0.0    98   133   143   182    40   195 0.72 -
evm.utg324.104       -            122 558897at33208        -            149   9.6e-08   33.6   0.0   1   1   6.5e-11   1.1e-07   33.5   0.0    95   136    31    76     8    90 0.82 -
evm.utg868.48        -            180 558897at33208        -            149   1.2e-07   33.3   0.9   1   1   1.3e-10   2.1e-07   32.5   0.9    25   138    22   143    16   155 0.64 -
evm.utg5950.111      -            463 558897at33208        -            149   1.2e-07   33.3   0.0   1   1     2e-10   3.4e-07   31.9   0.0    42   145   214   324   203   327 0.79 -
evm.utg245.20        -            523 558897at33208        -            149   1.9e-07   32.6   0.0   1   1     3e-10     5e-07   31.3   0.0    43   145   215   324   204   327 0.80 -
evm.utg3878.4        -            206 558897at33208        -            149   1.9e-07   32.6   0.0   1   1   1.5e-10   2.5e-07   32.3   0.0    64   136   103   182    58   196 0.77 -
evm.utg4046.6        -            206 558897at33208        -            149     2e-07   32.6   0.0   1   1   1.6e-10   2.6e-07   32.2   0.0    64   136   103   182    59   196 0.79 -
evm.utg411.19        -            590 558897at33208        -            149   8.7e-07   30.5   0.0   1   1     1e-09   1.7e-06   29.6   0.0    66   148   149   231   140   232 0.74 -
evm.utg112.21        -            159 558897at33208        -            149     1e-06   30.3   0.0   1   1   7.7e-10   1.3e-06   30.0   0.0    68   147    58   150    18   152 0.65 -
evm.utg1931.53       -            215 558897at33208        -            149   1.4e-06   29.9   0.7   1   1   1.7e-09   2.8e-06   28.9   0.7    91   135    94   142     4   151 0.68 -
evm.utg259.27        -            376 558897at33208        -            149   2.9e-06   28.8   0.0   1   2       2.8   4.7e+03   -1.1   0.0    87   102    37    52    31    79 0.80 -
evm.utg259.27        -            376 558897at33208        -            149   2.9e-06   28.8   0.0   2   2   7.1e-09   1.2e-05   26.8   0.0    85   135   258   312   198   320 0.75 -
evm.utg2798.9        -            376 558897at33208        -            149   4.2e-06   28.3   0.0   1   2       2.8   4.7e+03   -1.1   0.0    87   102    37    52    31    79 0.80 -
evm.utg2798.9        -            376 558897at33208        -            149   4.2e-06   28.3   0.0   2   2   9.6e-09   1.6e-05   26.4   0.0    89   135   262   312   200   320 0.82 -
evm.utg18271.4       -            224 558897at33208        -            149   4.4e-06   28.2   0.0   1   1   3.7e-09   6.2e-06   27.8   0.0    45   121    28   107     3   139 0.66 -
evm.utg1109.19       -            318 558897at33208        -            149   1.3e-05   26.7   0.4   1   2       2.8   4.7e+03   -1.1   0.0    22    55   152   186   135   198 0.65 -
evm.utg1109.19       -            318 558897at33208        -            149   1.3e-05   26.7   0.4   2   2   2.8e-08   4.6e-05   24.9   0.3    87   136   243   296   176   306 0.84 -
evm.utg36717.13      -            318 558897at33208        -            149   1.3e-05   26.7   0.3   1   1   2.2e-08   3.7e-05   25.3   0.3    87   136   243   296   140   306 0.86 -
evm.utg1056.105      -            197 558897at33208        -            149   1.8e-05   26.3   0.0   1   1   1.6e-08   2.6e-05   25.7   0.0    56   126    39   113     4   131 0.71 -
evm.utg112.20        -            164 558897at33208        -            149   0.00016   23.2   0.0   1   1   1.1e-07   0.00019   22.9   0.0    93   146    98   155    37   159 0.82 -
evm.utg192.25        -            469 558897at33208        -            149    0.0003   22.3   0.1   1   2       1.4   2.3e+03   -0.1   0.0    86   119   146   181   140   192 0.83 -
evm.utg192.25        -            469 558897at33208        -            149    0.0003   22.3   0.1   2   2   1.4e-06    0.0024   19.3   0.0    46   136   333   439   310   450 0.71 -
evm.utg788.99        -            424 558897at33208        -            149   0.00031   22.3   0.0   1   1   2.9e-07    0.0005   21.6   0.0    96   134   331   373   254   383 0.81 -
evm.utg4194.31       -            473 558897at33208        -            149   0.00035   22.1   0.1   1   2      0.49   8.3e+02    1.4   0.1    86   120   151   187   146   202 0.84 -
evm.utg4194.31       -            473 558897at33208        -            149   0.00035   22.1   0.1   2   2   3.8e-06    0.0064   18.0   0.0    47   136   339   444   322   455 0.67 -
evm.utg861.84        -            216 558897at33208        -            149    0.0011   20.5   0.0   1   1   8.6e-07    0.0014   20.1   0.0    40   135    53   161    28   174 0.68 -
evm.utg1542.35       -           1450 558897at33208        -            149    0.0044   18.5   0.0   1   1   5.9e-06    0.0099   17.4   0.0    96   135   406   449   328   462 0.71 -
evm.utg868.78        -            439 558897at33208        -            149     0.012   17.1   0.1   1   1   1.6e-05     0.026   16.0   0.1    99   120   125   146   117   154 0.88 -
evm.utg17372.2       -            174 558897at33208        -            149     0.026   16.0   0.0   1   1   2.7e-05     0.045   15.2   0.0    97   133   131   170   121   172 0.88 -
evm.utg7652.17.18    -           1413 558897at33208        -            149      0.19   13.2   0.1   1   1   0.00022      0.37   12.3   0.1    96   120   265   289   261   308 0.72 -
evm.utg33828.6       -            483 558897at33208        -            149      0.22   13.0   0.1   1   2      0.32   5.4e+02    2.0   0.0   100   126   138   164   131   186 0.78 -
evm.utg33828.6       -            483 558897at33208        -            149      0.22   13.0   0.1   2   2    0.0035       5.9    8.3   0.0    63   115   372   423   359   460 0.70 -
evm.utg262.81        -           1750 558897at33208        -            149      0.29   12.6   0.1   1   3      0.51   8.5e+02    1.3   0.0   100   137   230   267   220   275 0.82 -
evm.utg262.81        -           1750 558897at33208        -            149      0.29   12.6   0.1   2   3     0.011        19    6.7   0.0    98   131  1373  1406  1370  1423 0.77 -
evm.utg262.81        -           1750 558897at33208        -            149      0.29   12.6   0.1   3   3       2.8   4.7e+03   -1.0   0.0    98   123  1675  1700  1652  1719 0.80 -
evm.utg107.30        -            343 558897at33208        -            149       0.4   12.1   0.0   1   1   0.00039      0.65   11.5   0.0    96   133   129   170   125   183 0.88 -
evm.utg95.47         -           1716 558897at33208        -            149      0.45   12.0   0.4   1   3      0.73   1.2e+03    0.8   0.0   100   136   239   275   217   281 0.80 -
evm.utg95.47         -           1716 558897at33208        -            149      0.45   12.0   0.4   2   3     0.011        19    6.7   0.0    98   131  1339  1372  1336  1389 0.77 -
evm.utg95.47         -           1716 558897at33208        -            149      0.45   12.0   0.4   3   3       2.5   4.2e+03   -0.9   0.0    98   123  1641  1666  1616  1686 0.79 -
evm.utg989.43        -            438 558897at33208        -            149      0.46   12.0   0.4   1   1   0.00071       1.2   10.6   0.4    41   123   297   389   276   415 0.60 -
evm.utg145.25        -           1355 558897at33208        -            149      0.62   11.5   0.0   1   1   0.00088       1.5   10.3   0.0    96   119   480   503   475   530 0.74 -
#
# Program:         hmmsearch
# Version:         3.1b2 (February 2015)
# Pipeline mode:   SEARCH
# Query file:      /uoa/scratch/users/r02hw22/project_dark_genes/busco_downloads/lineages/metazoa_odb10/hmms/558897at33208.hmm
# Target file:     /uoa/scratch/users/r02hw22/project_dark_genes/00_raw/equina_smart.rnam-trna.merged.ggf.curated.remredun.aa.fa
# Option settings: hmmsearch --domtblout /uoa/scratch/users/r02hw22/project_dark_genes/equina_busco_proteins/run_metazoa_odb10/hmmer_output/initial_run_results/558897at33208.out --cpu 1 /uoa/scratch/users/r02hw22/project_dark_genes/busco_downloads/lineages/metazoa_odb10/hmms/558897at33208.hmm /uoa/scratch/users/r02hw22/project_dark_genes/00_raw/equina_smart.rnam-trna.merged.ggf.curated.remredun.aa.fa 
# Current dir:     /uoa/scratch/users/r02hw22/project_dark_genes
# Date:            Sat Apr 25 14:42:45 2026
# [ok]
