#                                                                            --- full sequence --- -------------- this domain -------------   hmm coord   ali coord   env coord
# target name        accession   tlen query name           accession   qlen   E-value  score  bias   #  of  c-Evalue  i-Evalue  score  bias  from    to  from    to  from    to  acc description of target
#------------------- ---------- ----- -------------------- ---------- ----- --------- ------ ----- --- --- --------- --------- ------ ----- ----- ----- ----- ----- ----- ----- ---- ---------------------
evm.utg625.86        -            405 559576at33208        -            279   2.1e-84  284.7   5.3   1   3   1.6e-09     3e-05   25.0   0.2    14    53    40    85    32    93 0.84 -
evm.utg625.86        -            405 559576at33208        -            279   2.1e-84  284.7   5.3   2   3   3.4e-21   6.3e-17   63.3   0.1    57   131   112   196   103   230 0.89 -
evm.utg625.86        -            405 559576at33208        -            279   2.1e-84  284.7   5.3   3   3   3.6e-62   6.7e-58  197.7   0.1   128   278   234   395   223   396 0.92 -
evm.utg1698.6        -            360 559576at33208        -            279   4.6e-81  273.7   3.9   1   3   4.2e-05      0.78   10.5   0.1    31    52    18    39    11    48 0.85 -
evm.utg1698.6        -            360 559576at33208        -            279   4.6e-81  273.7   3.9   2   3   4.9e-21   9.1e-17   62.8   0.1    57   131    67   151    58   158 0.88 -
evm.utg1698.6        -            360 559576at33208        -            279   4.6e-81  273.7   3.9   3   3   5.1e-63   9.5e-59  200.5   0.1   128   278   189   350   176   351 0.92 -
evm.utg579.22        -            111 559576at33208        -            279     0.048   14.5   1.4   1   1   2.6e-06     0.048   14.5   1.4    37    88     2    53     1    90 0.86 -
#
# Program:         hmmsearch
# Version:         3.1b2 (February 2015)
# Pipeline mode:   SEARCH
# Query file:      /uoa/scratch/users/r02hw22/project_dark_genes/busco_downloads/lineages/metazoa_odb10/hmms/559576at33208.hmm
# Target file:     /uoa/scratch/users/r02hw22/project_dark_genes/00_raw/equina_smart.rnam-trna.merged.ggf.curated.remredun.aa.fa
# Option settings: hmmsearch --domtblout /uoa/scratch/users/r02hw22/project_dark_genes/equina_busco_proteins/run_metazoa_odb10/hmmer_output/initial_run_results/559576at33208.out --cpu 1 /uoa/scratch/users/r02hw22/project_dark_genes/busco_downloads/lineages/metazoa_odb10/hmms/559576at33208.hmm /uoa/scratch/users/r02hw22/project_dark_genes/00_raw/equina_smart.rnam-trna.merged.ggf.curated.remredun.aa.fa 
# Current dir:     /uoa/scratch/users/r02hw22/project_dark_genes
# Date:            Sat Apr 25 14:42:33 2026
# [ok]
