#                                                                                 --- full sequence --- -------------- this domain -------------   hmm coord   ali coord   env coord
# target name             accession   tlen query name           accession   qlen   E-value  score  bias   #  of  c-Evalue  i-Evalue  score  bias  from    to  from    to  from    to  acc description of target
#     ------------------- ---------- ----- -------------------- ---------- ----- --------- ------ ----- --- --- --------- --------- ------ ----- ----- ----- ----- ----- ----- ----- ---- ---------------------
evm.utg2303.40.1.5c22ed60 -            214 561054at33208        -            141   2.2e-50  171.6   0.0   1   1   4.6e-54   4.2e-50  170.7   0.0     1   130     6   162     6   170 0.87 -
evm.utg5290.32            -            224 561054at33208        -            141   2.3e-50  171.6   0.0   1   1   4.8e-54   4.4e-50  170.6   0.0     1   131    16   173    16   180 0.86 -
evm.utg2303.40            -            234 561054at33208        -            141   2.9e-50  171.2   0.0   1   1   6.1e-54   5.6e-50  170.3   0.0     1   130    26   182    26   190 0.87 -
evm.utg3803.11            -             94 561054at33208        -            141     0.085   14.2   0.0   1   1   1.4e-05      0.13   13.5   0.0    93   116    69    92    62    93 0.92 -
evm.utg320.141            -            163 561054at33208        -            141      0.22   12.8   0.0   1   1   3.8e-05      0.35   12.2   0.0    93   116   138   161   132   162 0.92 -
evm.utg734.39.1.5c22f3c7  -            148 561054at33208        -            141      0.28   12.5   0.0   1   2    0.0045        42    5.4   0.0     6    53    21    65    17    95 0.84 -
evm.utg734.39.1.5c22f3c7  -            148 561054at33208        -            141      0.28   12.5   0.0   2   2    0.0036        34    5.7   0.0    47    74   112   139    69   144 0.89 -
#
# Program:         hmmsearch
# Version:         3.1b2 (February 2015)
# Pipeline mode:   SEARCH
# Query file:      /uoa/scratch/users/r02hw22/project_dark_genes/busco_downloads/lineages/metazoa_odb10/hmms/561054at33208.hmm
# Target file:     /uoa/scratch/users/r02hw22/project_dark_genes/00_raw/equina_smart.rnam-trna.merged.ggf.curated.remredun.aa.fa
# Option settings: hmmsearch --domtblout /uoa/scratch/users/r02hw22/project_dark_genes/equina_busco_proteins/run_metazoa_odb10/hmmer_output/initial_run_results/561054at33208.out --cpu 1 /uoa/scratch/users/r02hw22/project_dark_genes/busco_downloads/lineages/metazoa_odb10/hmms/561054at33208.hmm /uoa/scratch/users/r02hw22/project_dark_genes/00_raw/equina_smart.rnam-trna.merged.ggf.curated.remredun.aa.fa 
# Current dir:     /uoa/scratch/users/r02hw22/project_dark_genes
# Date:            Sat Apr 25 14:42:30 2026
# [ok]
