#                                                                            --- full sequence --- -------------- this domain -------------   hmm coord   ali coord   env coord
# target name        accession   tlen query name           accession   qlen   E-value  score  bias   #  of  c-Evalue  i-Evalue  score  bias  from    to  from    to  from    to  acc description of target
#------------------- ---------- ----- -------------------- ---------- ----- --------- ------ ----- --- --- --------- --------- ------ ----- ----- ----- ----- ----- ----- ----- ---- ---------------------
evm.utg1825.32       -            246 562780at33208        -            160   1.3e-69  234.8   5.6   1   3   3.1e-58   2.1e-54  185.4   0.1     1   117    21   142    21   169 0.88 -
evm.utg1825.32       -            246 562780at33208        -            160   1.3e-69  234.8   5.6   2   3   1.9e-10   1.3e-06   30.1   0.1   112   142   168   198   157   209 0.86 -
evm.utg1825.32       -            246 562780at33208        -            160   1.3e-69  234.8   5.6   3   3   6.9e-08   0.00048   21.7   0.3   139   160   220   241   205   241 0.87 -
evm.utg3487.23       -            176 562780at33208        -            160   1.4e-42  147.0   4.4   1   3   6.9e-30   4.8e-26   93.2   0.0    51   119     1    74     1    97 0.83 -
evm.utg3487.23       -            176 562780at33208        -            160   1.4e-42  147.0   4.4   2   3   2.9e-11     2e-07   32.7   0.1   111   142    97   128    86   138 0.86 -
evm.utg3487.23       -            176 562780at33208        -            160   1.4e-42  147.0   4.4   3   3   4.7e-08   0.00032   22.3   0.2   138   160   149   171   135   171 0.85 -
evm.utg4.38          -            676 562780at33208        -            160   6.2e-13   50.6   0.3   1   2   1.9e-14   1.3e-10   43.0   0.1     4   143   147   317   144   322 0.72 -
evm.utg4.38          -            676 562780at33208        -            160   6.2e-13   50.6   0.3   2   2     0.021   1.5e+02    3.9   0.0   140   153   344   357   339   362 0.88 -
evm.utg1846.22       -            509 562780at33208        -            160   1.4e-11   46.2   0.1   1   2   2.5e-13   1.7e-09   39.4   0.0    58   143    58   150     8   159 0.77 -
evm.utg1846.22       -            509 562780at33208        -            160   1.4e-11   46.2   0.1   2   2     0.016   1.1e+02    4.3   0.0   140   153   177   190   171   195 0.89 -
evm.utg2757.31       -            283 562780at33208        -            160     5e-06   28.2   0.1   1   1   3.4e-09   2.4e-05   26.0   0.1     4   153    75   247    72   252 0.70 -
evm.utg12975.4       -            241 562780at33208        -            160     6e-06   27.9   0.1   1   1   1.5e-09   1.1e-05   27.1   0.1     7   143    70   218    66   237 0.84 -
evm.utg5950.60       -            241 562780at33208        -            160   1.8e-05   26.3   0.0   1   1   4.9e-09   3.4e-05   25.5   0.0     7   142    70   217    66   237 0.82 -
evm.utg2603.7        -            282 562780at33208        -            160      0.17   13.4   0.0   1   2     0.018   1.3e+02    4.1   0.0     4    25    88   109    85   216 0.62 -
evm.utg2603.7        -            282 562780at33208        -            160      0.17   13.4   0.0   2   2     0.002        14    7.2   0.0   110   152   226   272   219   279 0.82 -
#
# Program:         hmmsearch
# Version:         3.1b2 (February 2015)
# Pipeline mode:   SEARCH
# Query file:      /uoa/scratch/users/r02hw22/project_dark_genes/busco_downloads/lineages/metazoa_odb10/hmms/562780at33208.hmm
# Target file:     /uoa/scratch/users/r02hw22/project_dark_genes/00_raw/equina_smart.rnam-trna.merged.ggf.curated.remredun.aa.fa
# Option settings: hmmsearch --domtblout /uoa/scratch/users/r02hw22/project_dark_genes/equina_busco_proteins/run_metazoa_odb10/hmmer_output/initial_run_results/562780at33208.out --cpu 1 /uoa/scratch/users/r02hw22/project_dark_genes/busco_downloads/lineages/metazoa_odb10/hmms/562780at33208.hmm /uoa/scratch/users/r02hw22/project_dark_genes/00_raw/equina_smart.rnam-trna.merged.ggf.curated.remredun.aa.fa 
# Current dir:     /uoa/scratch/users/r02hw22/project_dark_genes
# Date:            Sat Apr 25 14:42:54 2026
# [ok]
