#                                                                            --- full sequence --- -------------- this domain -------------   hmm coord   ali coord   env coord
# target name        accession   tlen query name           accession   qlen   E-value  score  bias   #  of  c-Evalue  i-Evalue  score  bias  from    to  from    to  from    to  acc description of target
#------------------- ---------- ----- -------------------- ---------- ----- --------- ------ ----- --- --- --------- --------- ------ ----- ----- ----- ----- ----- ----- ----- ---- ---------------------
evm.utg183.22        -            159 563359at33208        -            167     3e-17   64.4  15.8   1   3   3.2e-08   0.00026   22.3   0.5     1    29     2    30     2    52 0.82 -
evm.utg183.22        -            159 563359at33208        -            167     3e-17   64.4  15.8   2   3   6.4e-07    0.0051   18.1   0.6    30    72    54   103    48   104 0.73 -
evm.utg183.22        -            159 563359at33208        -            167     3e-17   64.4  15.8   3   3   1.5e-11   1.2e-07   33.2   3.2   124   167   102   150    99   150 0.88 -
evm.utg97204.8       -            417 563359at33208        -            167   2.8e-12   48.2   3.9   1   1   1.5e-14   1.2e-10   43.0   3.9     1    94    32   151    32   172 0.69 -
evm.utg194.26        -            878 563359at33208        -            167   1.5e-11   45.9   3.0   1   1   3.9e-14   3.1e-10   41.6   3.0     1    93   285   403   285   423 0.69 -
evm.utg910.44        -            188 563359at33208        -            167     0.023   16.0  13.9   1   1    0.0015        12    7.2  13.9     1    94     1   120     1   170 0.62 -
evm.utg7652.8        -            172 563359at33208        -            167     0.024   15.9   8.0   1   2       0.3   2.4e+03   -0.3   0.0   112   126    85    99    76   104 0.80 -
evm.utg7652.8        -            172 563359at33208        -            167     0.024   15.9   8.0   2   2   1.2e-05     0.094   14.0   7.9    49   114   101   166    94   170 0.81 -
evm.utg194.2         -            321 563359at33208        -            167      0.04   15.2   1.6   1   3      0.11   8.7e+02    1.1   0.0     8    25    40    57    33    62 0.82 -
evm.utg194.2         -            321 563359at33208        -            167      0.04   15.2   1.6   2   3     5e-05       0.4   12.0   0.0    31    87    85   151    74   155 0.70 -
evm.utg194.2         -            321 563359at33208        -            167      0.04   15.2   1.6   3   3       1.1   9.1e+03   -2.2   0.3   104   130   185   208   164   248 0.58 -
evm.utg178.61        -            312 563359at33208        -            167     0.054   14.8   0.7   1   2   6.8e-06     0.054   14.8   0.7    67   103    11    48     3    64 0.71 -
evm.utg178.61        -            312 563359at33208        -            167     0.054   14.8   0.7   2   2      0.71   5.7e+03   -1.5   0.1    40    60   274   294   270   298 0.84 -
#
# Program:         hmmsearch
# Version:         3.1b2 (February 2015)
# Pipeline mode:   SEARCH
# Query file:      /uoa/scratch/users/r02hw22/project_dark_genes/busco_downloads/lineages/metazoa_odb10/hmms/563359at33208.hmm
# Target file:     /uoa/scratch/users/r02hw22/project_dark_genes/00_raw/equina_smart.rnam-trna.merged.ggf.curated.remredun.aa.fa
# Option settings: hmmsearch --domtblout /uoa/scratch/users/r02hw22/project_dark_genes/equina_busco_proteins/run_metazoa_odb10/hmmer_output/initial_run_results/563359at33208.out --cpu 1 /uoa/scratch/users/r02hw22/project_dark_genes/busco_downloads/lineages/metazoa_odb10/hmms/563359at33208.hmm /uoa/scratch/users/r02hw22/project_dark_genes/00_raw/equina_smart.rnam-trna.merged.ggf.curated.remredun.aa.fa 
# Current dir:     /uoa/scratch/users/r02hw22/project_dark_genes
# Date:            Sat Apr 25 14:42:38 2026
# [ok]
