#                                                                                          --- full sequence --- -------------- this domain -------------   hmm coord   ali coord   env coord
# target name                      accession   tlen query name           accession   qlen   E-value  score  bias   #  of  c-Evalue  i-Evalue  score  bias  from    to  from    to  from    to  acc description of target
#              ------------------- ---------- ----- -------------------- ---------- ----- --------- ------ ----- --- --- --------- --------- ------ ----- ----- ----- ----- ----- ----- ----- ---- ---------------------
evm.utg30804.1                     -            411 563426at33208        -            246     6e-88  296.2  20.9   1   4   8.5e-06    0.0088   17.3   0.5     8    44    19    62     1    92 0.59 -
evm.utg30804.1                     -            411 563426at33208        -            246     6e-88  296.2  20.9   2   4   2.9e-06     0.003   18.8   1.7    38    83    94   140    87   147 0.71 -
evm.utg30804.1                     -            411 563426at33208        -            246     6e-88  296.2  20.9   3   4   0.00027      0.27   12.4   0.1    48   100   158   209   147   213 0.69 -
evm.utg30804.1                     -            411 563426at33208        -            246     6e-88  296.2  20.9   4   4   1.2e-79   1.2e-76  259.2   1.4   100   245   246   407   215   408 0.89 -
evm.utg35.19                       -            411 563426at33208        -            246   1.5e-87  294.9  22.2   1   4   9.1e-06    0.0094   17.2   0.5     8    43    19    61     1    87 0.57 -
evm.utg35.19                       -            411 563426at33208        -            246   1.5e-87  294.9  22.2   2   4   3.8e-06    0.0039   18.4   2.1    38    83    94   139    87   147 0.69 -
evm.utg35.19                       -            411 563426at33208        -            246   1.5e-87  294.9  22.2   3   4    0.0003      0.31   12.2   0.1    48   100   158   209   147   212 0.71 -
evm.utg35.19                       -            411 563426at33208        -            246   1.5e-87  294.9  22.2   4   4   1.1e-79   1.2e-76  259.2   1.7   100   245   246   407   215   408 0.89 -
evm.utg7.38                        -            616 563426at33208        -            246   2.5e-27   97.6   5.2   1   3     0.015        16    6.6   0.0   202   231   197   226   111   230 0.92 -
evm.utg7.38                        -            616 563426at33208        -            246   2.5e-27   97.6   5.2   2   3      0.32   3.3e+02    2.3   0.0   174   230   263   322   253   327 0.74 -
evm.utg7.38                        -            616 563426at33208        -            246   2.5e-27   97.6   5.2   3   3     3e-27   3.1e-24   87.5   1.7   152   244   514   613   506   615 0.88 -
evm.utg2353.40                     -            533 563426at33208        -            246   6.9e-12   47.1   0.1   1   2       8.6   8.8e+03   -2.4   0.3    44    87    85   128    77   152 0.56 -
evm.utg2353.40                     -            533 563426at33208        -            246   6.9e-12   47.1   0.1   2   2   6.7e-15   6.9e-12   47.1   0.1   147   241   424   528   419   531 0.83 -
evm.utg439.46                      -            397 563426at33208        -            246   8.1e-11   43.6   0.1   1   2       3.8     4e+03   -1.3   1.6    55    82    95   122    76   136 0.62 -
evm.utg439.46                      -            397 563426at33208        -            246   8.1e-11   43.6   0.1   2   2   7.9e-14   8.1e-11   43.6   0.1   155   235   265   350   224   359 0.86 -
evm.utg7680.17                     -            538 563426at33208        -            246   1.4e-08   36.2   0.6   1   3         9   9.3e+03   -2.5   2.9    43    84    25    66     8    76 0.58 -
evm.utg7680.17                     -            538 563426at33208        -            246   1.4e-08   36.2   0.6   2   3     0.059        60    4.7   0.0   191   231   315   357   295   362 0.76 -
evm.utg7680.17                     -            538 563426at33208        -            246   1.4e-08   36.2   0.6   3   3   8.5e-09   8.7e-06   27.1   0.0   151   233   426   512   394   522 0.82 -
evm.utg1270.29                     -            538 563426at33208        -            246   2.5e-08   35.4   0.5   1   2     0.059        60    4.7   0.0   191   231   315   357   295   362 0.76 -
evm.utg1270.29                     -            538 563426at33208        -            246   2.5e-08   35.4   0.5   2   2   1.3e-08   1.4e-05   26.5   0.0   152   233   427   512   397   522 0.84 -
evm.utg1270.29.1.5c22e9b1          -            538 563426at33208        -            246   2.5e-08   35.4   0.5   1   2     0.059        60    4.7   0.0   191   231   315   357   295   362 0.76 -
evm.utg1270.29.1.5c22e9b1          -            538 563426at33208        -            246   2.5e-08   35.4   0.5   2   2   1.3e-08   1.4e-05   26.5   0.0   152   233   427   512   397   522 0.84 -
evm.utg7680.17.1.5c22f3fd          -            511 563426at33208        -            246   3.8e-08   34.8   0.0   1   2     0.055        56    4.8   0.0   191   231   288   330   268   335 0.76 -
evm.utg7680.17.1.5c22f3fd          -            511 563426at33208        -            246   3.8e-08   34.8   0.0   2   2   7.8e-09     8e-06   27.2   0.0   151   233   399   485   367   495 0.82 -
evm.utg1910.3                      -            432 563426at33208        -            246   1.1e-05   26.7   0.1   1   1   2.2e-08   2.2e-05   25.8   0.1   142   242   317   429   315   430 0.77 -
evm.utg129.20                      -            838 563426at33208        -            246   0.00038   21.7   0.5   1   1   8.6e-07   0.00088   20.5   0.5    98   131    82   115    57   127 0.77 -
evm.utg431.36.1.5c22f0d2           -            370 563426at33208        -            246   0.00054   21.2   1.1   1   2    0.0024       2.5    9.2   0.0   201   234    51    84    16    91 0.85 -
evm.utg431.36.1.5c22f0d2           -            370 563426at33208        -            246   0.00054   21.2   1.1   2   2    0.0014       1.4   10.0   0.0   183   235   121   177    99   183 0.72 -
evm.utg2411.10.1.5c22ed8e          -            644 563426at33208        -            246   0.00054   21.2   0.5   1   2    0.0048         5    8.2   0.1   167   233   476   545   458   558 0.82 -
evm.utg2411.10.1.5c22ed8e          -            644 563426at33208        -            246   0.00054   21.2   0.5   2   2    0.0009      0.93   10.6   0.0   178   224   569   615   558   636 0.83 -
evm.utg2411.10                     -            643 563426at33208        -            246   0.00054   21.2   0.5   1   2    0.0048         5    8.2   0.1   167   233   475   544   457   557 0.82 -
evm.utg2411.10                     -            643 563426at33208        -            246   0.00054   21.2   0.5   2   2    0.0009      0.93   10.6   0.0   178   224   568   614   557   635 0.83 -
evm.utg431.36                      -            409 563426at33208        -            246    0.0007   20.9   1.0   1   2    0.0028       2.9    9.0   0.0   201   234    51    84    16    91 0.85 -
evm.utg431.36                      -            409 563426at33208        -            246    0.0007   20.9   1.0   2   2    0.0017       1.7    9.8   0.0   183   235   121   177   100   183 0.72 -
evm.utg293.37                      -           1201 563426at33208        -            246     0.001   20.3   0.6   1   6       3.6   3.7e+03   -1.2   0.0   183   220     3    42     2    57 0.71 -
evm.utg293.37                      -           1201 563426at33208        -            246     0.001   20.3   0.6   2   6       3.7   3.8e+03   -1.2   0.0   175   230   229   283   212   288 0.72 -
evm.utg293.37                      -           1201 563426at33208        -            246     0.001   20.3   0.6   3   6   2.8e-05     0.029   15.6   0.1   178   237   344   403   332   411 0.90 -
evm.utg293.37                      -           1201 563426at33208        -            246     0.001   20.3   0.6   4   6   0.00022      0.23   12.6   0.0   180   237   425   477   405   483 0.82 -
evm.utg293.37                      -           1201 563426at33208        -            246     0.001   20.3   0.6   5   6       5.7   5.9e+03   -1.8   2.3    58    79   593   614   578   623 0.54 -
evm.utg293.37                      -           1201 563426at33208        -            246     0.001   20.3   0.6   6   6         9   9.2e+03   -2.5   2.6    34    84   805   855   792   875 0.67 -
evm.utg4155.51.1.5c22f087          -            174 563426at33208        -            246    0.0023   19.1   0.1   1   1   3.1e-06    0.0032   18.7   0.1   182   240    82   142    61   146 0.83 -
utg1972.equina_smart_1241140.mrna1 -            265 563426at33208        -            246    0.0026   19.0   0.1   1   1   3.8e-06    0.0039   18.4   0.1   180   233    41    94    34   107 0.81 -
evm.utg4898.12                     -           1002 563426at33208        -            246    0.0028   18.9   0.6   1   2   0.00064      0.66   11.1   0.1   197   238    65   104    60   108 0.75 -
evm.utg4898.12                     -           1002 563426at33208        -            246    0.0028   18.9   0.6   2   2     0.032        33    5.6   0.1   176   235   118   184   105   189 0.71 -
evm.utg4155.51                     -            231 563426at33208        -            246    0.0038   18.5   0.1   1   1   5.9e-06    0.0061   17.8   0.1   182   240    82   142    65   146 0.83 -
evm.utg607.52                      -            548 563426at33208        -            246    0.0038   18.5   5.4   1   3   6.1e-05     0.063   14.5   0.1   177   230   125   180   122   192 0.86 -
evm.utg607.52                      -            548 563426at33208        -            246    0.0038   18.5   5.4   2   3      0.42   4.3e+02    1.9   0.0   182   231   268   319   260   323 0.80 -
evm.utg607.52                      -            548 563426at33208        -            246    0.0038   18.5   5.4   3   3      0.27   2.8e+02    2.5   0.1   203   230   513   540   485   546 0.88 -
evm.utg1194.7.1.5c22e916           -            231 563426at33208        -            246    0.0039   18.4   0.1   1   1   5.9e-06    0.0061   17.8   0.1   182   240    82   142    65   146 0.83 -
evm.utg1194.7                      -            240 563426at33208        -            246     0.004   18.4   0.1   1   1   6.3e-06    0.0065   17.7   0.1   182   240    91   151    74   155 0.83 -
evm.utg379.49                      -            369 563426at33208        -            246    0.0041   18.4   0.2   1   3       2.5   2.5e+03   -0.6   1.2    53    91   153   186   107   209 0.54 -
evm.utg379.49                      -            369 563426at33208        -            246    0.0041   18.4   0.2   2   3       3.7   3.9e+03   -1.2   3.3    28    79   181   234   154   263 0.53 -
evm.utg379.49                      -            369 563426at33208        -            246    0.0041   18.4   0.2   3   3   3.9e-06    0.0041   18.4   0.2   100   149   287   334   282   338 0.78 -
evm.utg597.139                     -            570 563426at33208        -            246    0.0046   18.2   0.0   1   1   4.4e-06    0.0046   18.2   0.0    67   127   455   524   430   536 0.68 -
evm.utg607.52.1.5c22f2b0           -            504 563426at33208        -            246    0.0046   18.2   1.8   1   2   5.4e-05     0.056   14.6   0.1   177   230   125   180   122   192 0.86 -
evm.utg607.52.1.5c22f2b0           -            504 563426at33208        -            246    0.0046   18.2   1.8   2   2      0.37   3.9e+02    2.1   0.0   182   231   268   319   260   323 0.80 -
evm.utg334.74                      -            442 563426at33208        -            246    0.0052   18.0   0.2   1   4         9   9.2e+03   -2.5   0.0    74   110   164   205   151   212 0.54 -
evm.utg334.74                      -            442 563426at33208        -            246    0.0052   18.0   0.2   2   4         5   5.2e+03   -1.6   1.2    53    79   216   237   169   266 0.57 -
evm.utg334.74                      -            442 563426at33208        -            246    0.0052   18.0   0.2   3   4       5.7   5.9e+03   -1.8   4.2    28    82   244   300   217   326 0.57 -
evm.utg334.74                      -            442 563426at33208        -            246    0.0052   18.0   0.2   4   4     5e-06    0.0052   18.0   0.2   100   148   350   396   345   401 0.78 -
evm.utg19866.13                    -            395 563426at33208        -            246    0.0054   18.0   0.0   1   1   9.3e-06    0.0096   17.1   0.0   142   192   321   377   319   385 0.77 -
evm.utg3884.40                     -            366 563426at33208        -            246    0.0057   17.9   0.7   1   3   5.5e-06    0.0057   17.9   0.7   104   132     8    36     2    48 0.86 -
evm.utg3884.40                     -            366 563426at33208        -            246    0.0057   17.9   0.7   2   3       3.2   3.3e+03   -1.0   0.4    46    87   188   227   154   232 0.54 -
evm.utg3884.40                     -            366 563426at33208        -            246    0.0057   17.9   0.7   3   3       8.8     9e+03   -2.4   2.3    59    70   331   342   288   362 0.46 -
evm.utg381.36.1.5c22f002           -            601 563426at33208        -            246    0.0072   17.6   0.6   1   2       0.3   3.1e+02    2.4   0.7    38    81    48    91    37   103 0.71 -
evm.utg381.36.1.5c22f002           -            601 563426at33208        -            246    0.0072   17.6   0.6   2   2   0.00025      0.26   12.4   0.0   181   233   126   184    99   194 0.82 -
evm.utg381.36                      -            632 563426at33208        -            246    0.0078   17.4   0.6   1   2      0.32   3.2e+02    2.3   0.6    38    81    48    91    36   103 0.72 -
evm.utg381.36                      -            632 563426at33208        -            246    0.0078   17.4   0.6   2   2   0.00027      0.28   12.3   0.0   181   233   126   184    99   194 0.82 -
evm.utg790.32                      -            172 563426at33208        -            246    0.0084   17.3   6.8   1   2   0.00036      0.37   11.9   0.0   182   235    38    94    27   100 0.80 -
evm.utg790.32                      -            172 563426at33208        -            246    0.0084   17.3   6.8   2   2      0.02        21    6.2   4.1    32    82   114   163   105   170 0.72 -
evm.utg3622.22                     -            623 563426at33208        -            246     0.021   16.0   0.2   1   3      0.41   4.2e+02    1.9   0.0   202   232   143   173   106   187 0.78 -
evm.utg3622.22                     -            623 563426at33208        -            246     0.021   16.0   0.2   2   3      0.56   5.8e+02    1.5   0.0   171   231   202   265   172   280 0.70 -
evm.utg3622.22                     -            623 563426at33208        -            246     0.021   16.0   0.2   3   3    0.0031       3.2    8.9   0.0   175   224   310   361   300   382 0.78 -
evm.utg2814.23                     -            429 563426at33208        -            246     0.022   16.0   0.1   1   3   2.1e-05     0.022   16.0   0.1   183   234   173   224   144   232 0.78 -
evm.utg2814.23                     -            429 563426at33208        -            246     0.022   16.0   0.1   2   3         4   4.1e+03   -1.3   0.3    62    80   246   264   226   285 0.47 -
evm.utg2814.23                     -            429 563426at33208        -            246     0.022   16.0   0.1   3   3       4.2   4.3e+03   -1.4   0.2    64    94   302   332   273   339 0.69 -
evm.utg221.8                       -            749 563426at33208        -            246     0.028   15.6   3.9   1   2   0.00051      0.52   11.5   0.0   197   238    65   104    60   110 0.75 -
evm.utg221.8                       -            749 563426at33208        -            246     0.028   15.6   3.9   2   2     0.038        39    5.3   0.0   182   235   125   184   108   189 0.75 -
evm.utg729.85                      -            262 563426at33208        -            246     0.029   15.6   1.9   1   2   2.8e-05     0.029   15.6   1.9    77   139    54   111    16   127 0.64 -
evm.utg729.85                      -            262 563426at33208        -            246     0.029   15.6   1.9   2   2       4.5   4.6e+03   -1.5   2.0    61    84   190   209   133   226 0.54 -
evm.utg2129.46                     -            581 563426at33208        -            246     0.031   15.5   0.1   1   3       3.6   3.7e+03   -1.2   3.0    19    72    43    85     4   139 0.46 -
evm.utg2129.46                     -            581 563426at33208        -            246     0.031   15.5   0.1   2   3       2.1   2.1e+03   -0.4   0.7    28    94   208   271   187   301 0.59 -
evm.utg2129.46                     -            581 563426at33208        -            246     0.031   15.5   0.1   3   3     3e-05     0.031   15.5   0.1    69   126   452   511   401   524 0.69 -
evm.utg104.22                      -            114 563426at33208        -            246     0.034   15.4   0.0   1   1   3.7e-05     0.038   15.2   0.0   178   229    39    90    27   107 0.81 -
evm.utg77.153                      -            551 563426at33208        -            246     0.042   15.0   0.1   1   1   9.2e-05     0.095   13.9   0.1   100   127   443   470   419   484 0.89 -
evm.utg378.73                      -            528 563426at33208        -            246     0.098   13.8   0.2   1   2   9.5e-05     0.098   13.8   0.2   177   240   118   183   109   186 0.84 -
evm.utg378.73                      -            528 563426at33208        -            246     0.098   13.8   0.2   2   2       8.4   8.6e+03   -2.4   0.2    61    80   377   396   351   403 0.73 -
evm.utg580.20                      -            841 563426at33208        -            246      0.19   12.9   0.1   1   2       5.8   5.9e+03   -1.8   0.6    61    96   397   432   377   439 0.66 -
evm.utg580.20                      -            841 563426at33208        -            246      0.19   12.9   0.1   2   2   0.00018      0.19   12.9   0.1   101   131   756   788   746   802 0.83 -
evm.utg4194.3                      -            379 563426at33208        -            246       0.2   12.8   0.3   1   3       1.2   1.2e+03    0.4   0.0   203   233   107   137    93   142 0.83 -
evm.utg4194.3                      -            379 563426at33208        -            246       0.2   12.8   0.3   2   3       2.2   2.2e+03   -0.4   0.0   203   226   193   216   161   224 0.85 -
evm.utg4194.3                      -            379 563426at33208        -            246       0.2   12.8   0.3   3   3    0.0045       4.6    8.4   0.0   182   236   316   373   308   378 0.86 -
evm.utg580.20.1.5c22f259           -            898 563426at33208        -            246      0.21   12.7   0.1   1   2       6.2   6.4e+03   -1.9   0.6    61    96   397   432   377   439 0.66 -
evm.utg580.20.1.5c22f259           -            898 563426at33208        -            246      0.21   12.7   0.1   2   2   0.00021      0.21   12.7   0.1   101   131   756   788   746   801 0.83 -
evm.utg1177.5                      -            903 563426at33208        -            246      0.21   12.7   0.1   1   2       9.3   9.6e+03   -2.5   1.3    62    96   403   437   352   443 0.64 -
evm.utg1177.5                      -            903 563426at33208        -            246      0.21   12.7   0.1   2   2   0.00021      0.21   12.7   0.1   101   131   761   793   751   806 0.83 -
evm.utg2606.13                     -            182 563426at33208        -            246      0.25   12.5   0.2   1   1   0.00033      0.34   12.0   0.2   175   231    20    78     7    83 0.84 -
evm.utg35.11                       -            320 563426at33208        -            246       0.3   12.2   0.0   1   1   0.00062      0.64   11.2   0.0   202   231   264   293   224   304 0.73 -
evm.utg72.26                       -            195 563426at33208        -            246       0.3   12.2   0.0   1   1   0.00043      0.45   11.7   0.0   173   232    61   118    37   125 0.85 -
evm.utg2798.56                     -            368 563426at33208        -            246      0.35   12.0   0.0   1   3    0.0084       8.6    7.5   0.0   175   234    50   112    37   124 0.76 -
evm.utg2798.56                     -            368 563426at33208        -            246      0.35   12.0   0.0   2   3       2.5   2.6e+03   -0.6   0.0   202   228   165   191   135   203 0.70 -
evm.utg2798.56                     -            368 563426at33208        -            246      0.35   12.0   0.0   3   3       1.1   1.1e+03    0.5   0.0   194   235   317   358   308   364 0.79 -
evm.utg24533.16                    -            369 563426at33208        -            246      0.35   12.0   0.0   1   3    0.0084       8.6    7.5   0.0   175   234    50   112    37   124 0.76 -
evm.utg24533.16                    -            369 563426at33208        -            246      0.35   12.0   0.0   2   3       2.5   2.6e+03   -0.6   0.0   202   228   165   191   135   203 0.70 -
evm.utg24533.16                    -            369 563426at33208        -            246      0.35   12.0   0.0   3   3       1.1   1.1e+03    0.5   0.0   194   235   318   359   309   365 0.79 -
evm.utg13320.9                     -            209 563426at33208        -            246      0.57   11.3   0.1   1   2   0.00055      0.57   11.3   0.1   182   233    31    85    23    92 0.83 -
evm.utg13320.9                     -            209 563426at33208        -            246      0.57   11.3   0.1   2   2      0.86   8.9e+02    0.9   1.7    55   103   133   181   119   192 0.56 -
evm.utg6959.25.1.5c22f358          -            192 563426at33208        -            246      0.58   11.3   0.1   1   1   0.00078      0.81   10.8   0.1   175   231    20    78     7    83 0.84 -
evm.utg9313.7                      -            209 563426at33208        -            246         1   10.5   4.4   1   2   0.00079      0.81   10.8   0.1   182   233    31    85    23    92 0.83 -
evm.utg9313.7                      -            209 563426at33208        -            246         1   10.5   4.4   2   2      0.84   8.7e+02    0.9   0.8    56    79   134   157   119   182 0.49 -
evm.utg411.107                     -            843 563426at33208        -            246         2    9.5   3.6   1   2    0.0013       1.3   10.1   0.1   181   237   268   326   253   333 0.77 -
evm.utg411.107                     -            843 563426at33208        -            246         2    9.5   3.6   2   2       5.1   5.3e+03   -1.7   0.0   176   238   344   403   343   410 0.80 -
evm.utg616.38                      -            427 563426at33208        -            246         5    8.2   6.3   1   2    0.0018       1.9    9.6   0.2   185   231    53    99    39   109 0.86 -
evm.utg616.38                      -            427 563426at33208        -            246         5    8.2   6.3   2   2      0.89   9.2e+02    0.8   1.4    23    88   125   193   109   212 0.61 -
#
# Program:         hmmsearch
# Version:         3.1b2 (February 2015)
# Pipeline mode:   SEARCH
# Query file:      /uoa/scratch/users/r02hw22/project_dark_genes/busco_downloads/lineages/metazoa_odb10/hmms/563426at33208.hmm
# Target file:     /uoa/scratch/users/r02hw22/project_dark_genes/00_raw/equina_smart.rnam-trna.merged.ggf.curated.remredun.aa.fa
# Option settings: hmmsearch --domtblout /uoa/scratch/users/r02hw22/project_dark_genes/equina_busco_proteins/run_metazoa_odb10/hmmer_output/initial_run_results/563426at33208.out --cpu 1 /uoa/scratch/users/r02hw22/project_dark_genes/busco_downloads/lineages/metazoa_odb10/hmms/563426at33208.hmm /uoa/scratch/users/r02hw22/project_dark_genes/00_raw/equina_smart.rnam-trna.merged.ggf.curated.remredun.aa.fa 
# Current dir:     /uoa/scratch/users/r02hw22/project_dark_genes
# Date:            Sat Apr 25 14:42:43 2026
# [ok]
