#                                                                                           --- full sequence --- -------------- this domain -------------   hmm coord   ali coord   env coord
# target name                       accession   tlen query name           accession   qlen   E-value  score  bias   #  of  c-Evalue  i-Evalue  score  bias  from    to  from    to  from    to  acc description of target
#               ------------------- ---------- ----- -------------------- ---------- ----- --------- ------ ----- --- --- --------- --------- ------ ----- ----- ----- ----- ----- ----- ----- ---- ---------------------
evm.utg3164.7                       -            368 565053at33208        -            189   2.2e-46  159.5   0.1   1   2   4.1e-47   3.8e-43  148.9   0.0    14   153   106   257   104   277 0.89 -
evm.utg3164.7                       -            368 565053at33208        -            189   2.2e-46  159.5   0.1   2   2   0.00083       7.7    7.7   0.0   170   188   320   338   298   339 0.84 -
evm.utg209.14.1.5c22ece0.1.5c2791bf -            572 565053at33208        -            189   8.4e-13   50.0   0.0   1   1   3.1e-16   2.9e-12   48.2   0.0    24   139   113   241   101   261 0.78 -
evm.utg209.14.1.5c22ece0            -            640 565053at33208        -            189   1.1e-12   49.6   0.0   1   1   3.9e-16   3.7e-12   47.9   0.0    24   139   113   241   102   260 0.78 -
evm.utg209.14                       -            905 565053at33208        -            189   2.1e-12   48.6   0.0   1   1   6.8e-16   6.3e-12   47.1   0.0    24   139    91   219    80   238 0.78 -
evm.utg126.52.1.5c22e991            -            766 565053at33208        -            189   3.2e-06   28.5   0.0   1   1   6.5e-10     6e-06   27.6   0.0    18    91   648   721   632   740 0.84 -
evm.utg126.52                       -           1030 565053at33208        -            189   4.7e-06   27.9   0.0   1   1   9.7e-10   8.9e-06   27.0   0.0    18    91   912   985   896  1004 0.84 -
#
# Program:         hmmsearch
# Version:         3.1b2 (February 2015)
# Pipeline mode:   SEARCH
# Query file:      /uoa/scratch/users/r02hw22/project_dark_genes/busco_downloads/lineages/metazoa_odb10/hmms/565053at33208.hmm
# Target file:     /uoa/scratch/users/r02hw22/project_dark_genes/00_raw/equina_smart.rnam-trna.merged.ggf.curated.remredun.aa.fa
# Option settings: hmmsearch --domtblout /uoa/scratch/users/r02hw22/project_dark_genes/equina_busco_proteins/run_metazoa_odb10/hmmer_output/initial_run_results/565053at33208.out --cpu 1 /uoa/scratch/users/r02hw22/project_dark_genes/busco_downloads/lineages/metazoa_odb10/hmms/565053at33208.hmm /uoa/scratch/users/r02hw22/project_dark_genes/00_raw/equina_smart.rnam-trna.merged.ggf.curated.remredun.aa.fa 
# Current dir:     /uoa/scratch/users/r02hw22/project_dark_genes
# Date:            Sat Apr 25 14:43:00 2026
# [ok]
