#                                                                                        --- full sequence --- -------------- this domain -------------   hmm coord   ali coord   env coord
# target name                    accession   tlen query name           accession   qlen   E-value  score  bias   #  of  c-Evalue  i-Evalue  score  bias  from    to  from    to  from    to  acc description of target
#            ------------------- ---------- ----- -------------------- ---------- ----- --------- ------ ----- --- --- --------- --------- ------ ----- ----- ----- ----- ----- ----- ----- ---- ---------------------
evm.utg5059.65                   -           1103 56573at33208         -            932         0 1335.8   5.8   1   1         0         0 1335.5   5.8     1   921    13  1051    13  1062 0.90 -
evm.utg203.3                     -           1111 56573at33208         -            932   1.2e-55  190.7   0.2   1   1   4.4e-59   1.5e-55  190.3   0.2     2   908     4  1013     3  1026 0.77 -
evm.utg2969.23                   -            565 56573at33208         -            932   3.3e-29  103.2   0.0   1   1   1.3e-32   4.5e-29  102.7   0.0   430   891    15   518     9   527 0.81 -
evm.utg2969.25                   -            446 56573at33208         -            932   4.2e-14   53.2   0.8   1   1   1.6e-17   5.5e-14   52.8   0.8     2   319     4   383     3   394 0.70 -
evm.utg2757.22.1.5c22ee25        -           2121 56573at33208         -            932   9.7e-10   38.8   1.5   1   7     0.054   1.9e+02    1.4   0.1   847   929   724   805   684   808 0.83 -
evm.utg2757.22.1.5c22ee25        -           2121 56573at33208         -            932   9.7e-10   38.8   1.5   2   7     0.065   2.3e+02    1.1   0.0   626   712   800   882   784   887 0.86 -
evm.utg2757.22.1.5c22ee25        -           2121 56573at33208         -            932   9.7e-10   38.8   1.5   3   7      0.55   1.9e+03   -1.9   0.0   522   546   888   912   885   913 0.87 -
evm.utg2757.22.1.5c22ee25        -           2121 56573at33208         -            932   9.7e-10   38.8   1.5   4   7   1.3e-05     0.046   13.4   0.0   278   351   939  1015   924  1110 0.76 -
evm.utg2757.22.1.5c22ee25        -           2121 56573at33208         -            932   9.7e-10   38.8   1.5   5   7   0.00017      0.58    9.7   0.0   791   871  1107  1188  1038  1211 0.83 -
evm.utg2757.22.1.5c22ee25        -           2121 56573at33208         -            932   9.7e-10   38.8   1.5   6   7     0.015        52    3.3   0.0   799   893  1382  1482  1346  1523 0.62 -
evm.utg2757.22.1.5c22ee25        -           2121 56573at33208         -            932   9.7e-10   38.8   1.5   7   7     0.067   2.3e+02    1.1   0.0   793   876  2000  2084  1995  2095 0.86 -
evm.utg2757.22                   -           2689 56573at33208         -            932   5.3e-08   33.0   6.2   1   9       1.2   4.3e+03   -3.1   0.0   614   672   218   271   213   285 0.83 -
evm.utg2757.22                   -           2689 56573at33208         -            932   5.3e-08   33.0   6.2   2   9       2.4   8.4e+03   -4.0   0.1   728   772   571   615   534   618 0.80 -
evm.utg2757.22                   -           2689 56573at33208         -            932   5.3e-08   33.0   6.2   3   9     0.076   2.6e+02    0.9   0.1   847   929  1292  1373  1265  1378 0.83 -
evm.utg2757.22                   -           2689 56573at33208         -            932   5.3e-08   33.0   6.2   4   9     0.083   2.9e+02    0.8   0.0   626   712  1368  1450  1351  1455 0.86 -
evm.utg2757.22                   -           2689 56573at33208         -            932   5.3e-08   33.0   6.2   5   9       0.7   2.4e+03   -2.3   0.0   522   546  1456  1480  1453  1481 0.87 -
evm.utg2757.22                   -           2689 56573at33208         -            932   5.3e-08   33.0   6.2   6   9   1.7e-05      0.06   13.0   0.0   278   351  1507  1583  1492  1678 0.76 -
evm.utg2757.22                   -           2689 56573at33208         -            932   5.3e-08   33.0   6.2   7   9   0.00022      0.76    9.3   0.0   791   871  1675  1756  1605  1777 0.82 -
evm.utg2757.22                   -           2689 56573at33208         -            932   5.3e-08   33.0   6.2   8   9      0.02        70    2.8   0.0   799   892  1950  2049  1914  2089 0.62 -
evm.utg2757.22                   -           2689 56573at33208         -            932   5.3e-08   33.0   6.2   9   9     0.089   3.1e+02    0.7   0.0   793   876  2568  2652  2563  2662 0.85 -
evm.utg1194.4                    -            591 56573at33208         -            932   8.7e-05   22.4   0.1   1   3   0.00048       1.7    8.2   0.0   793   850   170   228   163   238 0.88 -
evm.utg1194.4                    -            591 56573at33208         -            932   8.7e-05   22.4   0.1   2   3     0.037   1.3e+02    1.9   0.0   783   844   359   421   354   451 0.82 -
evm.utg1194.4                    -            591 56573at33208         -            932   8.7e-05   22.4   0.1   3   3    0.0018       6.1    6.3   0.0   282   345   481   544   472   557 0.88 -
evm.utg28209.17                  -            587 56573at33208         -            932   8.8e-05   22.3   0.1   1   3   0.00038       1.3    8.5   0.0   793   850   170   228   163   249 0.86 -
evm.utg28209.17                  -            587 56573at33208         -            932   8.8e-05   22.3   0.1   2   3     0.044   1.5e+02    1.7   0.0   783   843   359   420   354   428 0.82 -
evm.utg28209.17                  -            587 56573at33208         -            932   8.8e-05   22.3   0.1   3   3    0.0019       6.6    6.2   0.0   282   345   481   544   478   558 0.87 -
evm.utg1194.4.1.5c22e916         -            616 56573at33208         -            932   0.00012   21.9   0.0   1   4   0.00041       1.4    8.4   0.0   793   850   170   228   162   247 0.87 -
evm.utg1194.4.1.5c22e916         -            616 56573at33208         -            932   0.00012   21.9   0.0   2   4      0.11   3.9e+02    0.3   0.0   792   859   354   424   345   435 0.68 -
evm.utg1194.4.1.5c22e916         -            616 56573at33208         -            932   0.00012   21.9   0.0   3   4     0.051   1.8e+02    1.5   0.0   783   843   384   445   381   452 0.81 -
evm.utg1194.4.1.5c22e916         -            616 56573at33208         -            932   0.00012   21.9   0.0   4   4    0.0019       6.7    6.2   0.0   282   345   506   569   499   582 0.88 -
evm.utg597.198                   -           1201 56573at33208         -            932   0.00016   21.5   0.9   1   6       2.4   8.3e+03   -4.0   0.0   804   839   345   380   330   392 0.78 -
evm.utg597.198                   -           1201 56573at33208         -            932   0.00016   21.5   0.9   2   6     0.057     2e+02    1.3   0.0   293   388   437   534   416   571 0.69 -
evm.utg597.198                   -           1201 56573at33208         -            932   0.00016   21.5   0.9   3   6   7.9e-05      0.28   10.8   0.0   685   832   620   773   595   787 0.87 -
evm.utg597.198                   -           1201 56573at33208         -            932   0.00016   21.5   0.9   4   6      0.12   4.2e+02    0.3   0.0   334   397   869   933   851   955 0.68 -
evm.utg597.198                   -           1201 56573at33208         -            932   0.00016   21.5   0.9   5   6     0.011        38    3.7   0.0   281   354   897   979   890   991 0.82 -
evm.utg597.198                   -           1201 56573at33208         -            932   0.00016   21.5   0.9   6   6     0.048   1.7e+02    1.6   0.5   661   730   946  1016   940  1042 0.70 -
evm.utg245.35.2.5c22edb0         -            904 56573at33208         -            932     0.033   13.8   0.0   1   1   1.8e-05     0.061   12.9   0.0   293   414   449   567   439   575 0.90 -
evm.utg245.35                    -            938 56573at33208         -            932     0.033   13.8   0.0   1   1   1.9e-05     0.065   12.9   0.0   293   414   449   567   439   575 0.90 -
evm.utg245.35.1.5c22edb0         -            912 56573at33208         -            932     0.033   13.8   0.0   1   1   1.8e-05     0.062   12.9   0.0   293   414   449   567   439   575 0.90 -
utg104.equina_smart_635819.mrna1 -            527 56573at33208         -            932     0.058   13.0   0.1   1   2     0.024        82    2.6   0.0   288   377   119   212   111   225 0.79 -
utg104.equina_smart_635819.mrna1 -            527 56573at33208         -            932     0.058   13.0   0.1   2   2   0.00046       1.6    8.3   0.0   287   387   288   392   275   430 0.85 -
evm.utg14703.11                  -            515 56573at33208         -            932     0.084   12.5   0.1   1   2      0.13   4.6e+02    0.1   0.0   349   471    93   211    68   221 0.60 -
evm.utg14703.11                  -            515 56573at33208         -            932     0.084   12.5   0.1   2   2   0.00015      0.52    9.9   0.1   287   392   282   391   270   452 0.80 -
evm.utg280.14                    -            893 56573at33208         -            932      0.26   10.9   0.6   1   3   0.00038       1.3    8.5   0.0   317   392    60   137    47   168 0.84 -
evm.utg280.14                    -            893 56573at33208         -            932      0.26   10.9   0.6   2   3       0.4   1.4e+03   -1.5   0.1   326   375   198   247   189   256 0.77 -
evm.utg280.14                    -            893 56573at33208         -            932      0.26   10.9   0.6   3   3       0.4   1.4e+03   -1.5   0.0   146   231   286   380   282   389 0.54 -
#
# Program:         hmmsearch
# Version:         3.1b2 (February 2015)
# Pipeline mode:   SEARCH
# Query file:      /uoa/scratch/users/r02hw22/project_dark_genes/busco_downloads/lineages/metazoa_odb10/hmms/56573at33208.hmm
# Target file:     /uoa/scratch/users/r02hw22/project_dark_genes/00_raw/equina_smart.rnam-trna.merged.ggf.curated.remredun.aa.fa
# Option settings: hmmsearch --domtblout /uoa/scratch/users/r02hw22/project_dark_genes/equina_busco_proteins/run_metazoa_odb10/hmmer_output/initial_run_results/56573at33208.out --cpu 1 /uoa/scratch/users/r02hw22/project_dark_genes/busco_downloads/lineages/metazoa_odb10/hmms/56573at33208.hmm /uoa/scratch/users/r02hw22/project_dark_genes/00_raw/equina_smart.rnam-trna.merged.ggf.curated.remredun.aa.fa 
# Current dir:     /uoa/scratch/users/r02hw22/project_dark_genes
# Date:            Sat Apr 25 14:42:35 2026
# [ok]
