#                                                                            --- full sequence --- -------------- this domain -------------   hmm coord   ali coord   env coord
# target name        accession   tlen query name           accession   qlen   E-value  score  bias   #  of  c-Evalue  i-Evalue  score  bias  from    to  from    to  from    to  acc description of target
#------------------- ---------- ----- -------------------- ---------- ----- --------- ------ ----- --- --- --------- --------- ------ ----- ----- ----- ----- ----- ----- ----- ---- ---------------------
evm.utg790.46        -            152 566262at33208        -            102   7.8e-36  123.9   2.8   1   1   1.1e-39   9.8e-36  123.6   2.8     1   102    21   124    21   124 0.95 -
evm.utg280.37        -            128 566262at33208        -            102   5.6e-27   95.5   0.1   1   1   8.6e-31     8e-27   95.0   0.1     1    67    21    88    21    95 0.94 -
evm.utg9150.8        -            130 566262at33208        -            102    0.0058   18.4   4.9   1   2   1.5e-06     0.014   17.2   2.9    12    79    27    94    16   118 0.80 -
evm.utg9150.8        -            130 566262at33208        -            102    0.0058   18.4   4.9   2   2     0.086     8e+02    1.9   0.2    54    85    94   125    88   126 0.81 -
evm.utg173190.7      -            450 566262at33208        -            102      0.18   13.5   2.4   1   1   5.4e-05       0.5   12.1   2.2    27    94   240   308   212   314 0.79 -
evm.utg4716.20       -            279 566262at33208        -            102      0.51   12.1   3.3   1   2      0.15   1.4e+03    1.1   0.4    67    93    55    81    36   104 0.51 -
evm.utg4716.20       -            279 566262at33208        -            102      0.51   12.1   3.3   2   2   9.8e-05      0.91   11.3   0.3    65   101   102   138    91   139 0.85 -
evm.utg3487.27       -            279 566262at33208        -            102      0.53   12.1   3.9   1   2      0.11   9.9e+02    1.6   0.5    55    86    58    88    36   105 0.50 -
evm.utg3487.27       -            279 566262at33208        -            102      0.53   12.1   3.9   2   2   9.5e-05      0.88   11.3   0.4    64   101   101   138    89   139 0.85 -
#
# Program:         hmmsearch
# Version:         3.1b2 (February 2015)
# Pipeline mode:   SEARCH
# Query file:      /uoa/scratch/users/r02hw22/project_dark_genes/busco_downloads/lineages/metazoa_odb10/hmms/566262at33208.hmm
# Target file:     /uoa/scratch/users/r02hw22/project_dark_genes/00_raw/equina_smart.rnam-trna.merged.ggf.curated.remredun.aa.fa
# Option settings: hmmsearch --domtblout /uoa/scratch/users/r02hw22/project_dark_genes/equina_busco_proteins/run_metazoa_odb10/hmmer_output/initial_run_results/566262at33208.out --cpu 1 /uoa/scratch/users/r02hw22/project_dark_genes/busco_downloads/lineages/metazoa_odb10/hmms/566262at33208.hmm /uoa/scratch/users/r02hw22/project_dark_genes/00_raw/equina_smart.rnam-trna.merged.ggf.curated.remredun.aa.fa 
# Current dir:     /uoa/scratch/users/r02hw22/project_dark_genes
# Date:            Sat Apr 25 14:42:46 2026
# [ok]
