#                                                                                            --- full sequence --- -------------- this domain -------------   hmm coord   ali coord   env coord
# target name                        accession   tlen query name           accession   qlen   E-value  score  bias   #  of  c-Evalue  i-Evalue  score  bias  from    to  from    to  from    to  acc description of target
#                ------------------- ---------- ----- -------------------- ---------- ----- --------- ------ ----- --- --- --------- --------- ------ ----- ----- ----- ----- ----- ----- ----- ---- ---------------------
evm.utg15585.5                       -            793 567650at33208        -            214   3.9e-49  168.3  66.7   1   6   6.9e-07   0.00021   22.1   1.6    76   123    58   108    51   110 0.89 -
evm.utg15585.5                       -            793 567650at33208        -            214   3.9e-49  168.3  66.7   2   6     2e-15   5.9e-13   50.0  16.0    83   203   111   248   107   257 0.83 -
evm.utg15585.5                       -            793 567650at33208        -            214   3.9e-49  168.3  66.7   3   6   3.4e-12     1e-09   39.4  12.4    79   201   450   566   443   571 0.75 -
evm.utg15585.5                       -            793 567650at33208        -            214   3.9e-49  168.3  66.7   4   6   5.7e-05     0.017   15.8   0.2    85   182   549   591   545   596 0.53 -
evm.utg15585.5                       -            793 567650at33208        -            214   3.9e-49  168.3  66.7   5   6   4.1e-17   1.2e-14   55.5   8.6    71   204   557   707   556   722 0.80 -
evm.utg15585.5                       -            793 567650at33208        -            214   3.9e-49  168.3  66.7   6   6   9.6e-14   2.9e-11   44.5   7.5    86   195   642   771   640   779 0.75 -
evm.utg116.326                       -            432 567650at33208        -            214   2.4e-47  162.4  15.3   1   2   6.8e-17     2e-14   54.8   0.0     2    51    82   131    81   141 0.93 -
evm.utg116.326                       -            432 567650at33208        -            214   2.4e-47  162.4  15.3   2   2   4.7e-33   1.4e-30  107.6  12.8    48   202   147   322   135   325 0.89 -
evm.utg868.41                        -            578 567650at33208        -            214   2.3e-38  133.1  36.9   1   5     1e-16   3.1e-14   54.2  11.5    79   201    97   235    90   236 0.82 -
evm.utg868.41                        -            578 567650at33208        -            214   2.3e-38  133.1  36.9   2   5   1.3e-10     4e-08   34.2   0.7    88   186   221   310   219   312 0.79 -
evm.utg868.41                        -            578 567650at33208        -            214   2.3e-38  133.1  36.9   3   5   1.9e-11   5.8e-09   37.0   1.4    89   185   315   427   310   429 0.85 -
evm.utg868.41                        -            578 567650at33208        -            214   2.3e-38  133.1  36.9   4   5   2.1e-08   6.4e-06   27.0   2.5   127   186   389   451   387   454 0.88 -
evm.utg868.41                        -            578 567650at33208        -            214   2.3e-38  133.1  36.9   5   5   2.8e-08   8.3e-06   26.7   4.2    82   186   425   544   424   547 0.74 -
evm.utg648.27                        -            731 567650at33208        -            214     7e-37  128.2  56.3   1   6   0.00014     0.043   14.5   0.2   147   186    45    85     6    87 0.75 -
evm.utg648.27                        -            731 567650at33208        -            214     7e-37  128.2  56.3   2   6   2.1e-11   6.4e-09   36.8  10.7    88   185    88   200    85   200 0.83 -
evm.utg648.27                        -            731 567650at33208        -            214     7e-37  128.2  56.3   3   6   5.6e-14   1.7e-11   45.3   7.9    90   202   137   265   128   271 0.79 -
evm.utg648.27                        -            731 567650at33208        -            214     7e-37  128.2  56.3   4   6   5.2e-11   1.6e-08   35.6   2.6    92   186   281   379   277   379 0.85 -
evm.utg648.27                        -            731 567650at33208        -            214     7e-37  128.2  56.3   5   6   7.6e-16   2.3e-13   51.4   6.0    80   202   328   443   321   447 0.76 -
evm.utg648.27                        -            731 567650at33208        -            214     7e-37  128.2  56.3   6   6    0.0044       1.3    9.7   1.9    79   113   442   476   441   479 0.84 -
evm.utg13730.13                      -            731 567650at33208        -            214   1.9e-36  126.8  47.9   1   6   0.00018     0.053   14.2   0.1   147   186    45    85     6    88 0.75 -
evm.utg13730.13                      -            731 567650at33208        -            214   1.9e-36  126.8  47.9   2   6   1.7e-10   5.1e-08   33.9   7.5    71   187    70   179    69   184 0.64 -
evm.utg13730.13                      -            731 567650at33208        -            214   1.9e-36  126.8  47.9   3   6   4.2e-13   1.3e-10   42.4   9.5    90   202   137   265   135   271 0.81 -
evm.utg13730.13                      -            731 567650at33208        -            214   1.9e-36  126.8  47.9   4   6   1.2e-10   3.6e-08   34.4   2.9    92   186   281   379   277   379 0.84 -
evm.utg13730.13                      -            731 567650at33208        -            214   1.9e-36  126.8  47.9   5   6   8.9e-16   2.7e-13   51.2   5.3   101   202   326   443   323   444 0.80 -
evm.utg13730.13                      -            731 567650at33208        -            214   1.9e-36  126.8  47.9   6   6    0.0036       1.1   10.0   1.4    80   113   443   476   442   481 0.84 -
evm.utg301.103                       -           1409 567650at33208        -            214   1.1e-35  124.3  20.8   1   4   5.3e-16   1.6e-13   51.9   1.2    67   185    34   167    29   172 0.84 -
evm.utg301.103                       -           1409 567650at33208        -            214   1.1e-35  124.3  20.8   2   4   1.9e-09   5.7e-07   30.5   0.1   126   186   174   237   170   241 0.90 -
evm.utg301.103                       -           1409 567650at33208        -            214   1.1e-35  124.3  20.8   3   4     8e-07   0.00024   21.9   1.1   125   186   242   306   238   312 0.88 -
evm.utg301.103                       -           1409 567650at33208        -            214   1.1e-35  124.3  20.8   4   4   2.3e-09   6.9e-07   30.2   1.3   126   202   312   392   308   398 0.90 -
evm.utg245.32                        -            609 567650at33208        -            214     3e-34  119.6  46.5   1   6       7.5   2.2e+03   -0.9   0.0   151   170    36    55    28    60 0.78 -
evm.utg245.32                        -            609 567650at33208        -            214     3e-34  119.6  46.5   2   6   4.9e-08   1.5e-05   25.9   3.6   127   186    79   141    35   141 0.87 -
evm.utg245.32                        -            609 567650at33208        -            214     3e-34  119.6  46.5   3   6   2.7e-13   8.1e-11   43.0  26.0    75   203   108   252    77   278 0.78 -
evm.utg245.32                        -            609 567650at33208        -            214     3e-34  119.6  46.5   4   6   3.5e-14   1.1e-11   45.9   4.9    76   184   224   346   223   352 0.84 -
evm.utg245.32                        -            609 567650at33208        -            214     3e-34  119.6  46.5   5   6   2.2e-07   6.5e-05   23.7   1.5    91   182   431   537   402   541 0.61 -
evm.utg245.32                        -            609 567650at33208        -            214     3e-34  119.6  46.5   6   6   1.4e-05    0.0041   17.9   0.1    74   123   530   583   521   591 0.75 -
evm.utg597.118                       -           1121 567650at33208        -            214     1e-31  111.4  38.1   1   3   1.4e-15   4.3e-13   50.5  10.0    76   202    54   196    39   203 0.83 -
evm.utg597.118                       -           1121 567650at33208        -            214     1e-31  111.4  38.1   2   3   2.7e-14   8.2e-12   46.3   7.4    69   186   207   339   197   344 0.83 -
evm.utg597.118                       -           1121 567650at33208        -            214     1e-31  111.4  38.1   3   3   6.7e-14     2e-11   45.0   4.6    83   202   268   403   267   408 0.85 -
evm.utg8494.46                       -            874 567650at33208        -            214   1.3e-31  111.0  28.2   1   5   9.6e-06    0.0029   18.4   1.0    82   123    63   107    56   109 0.79 -
evm.utg8494.46                       -            874 567650at33208        -            214   1.3e-31  111.0  28.2   2   5     7e-17   2.1e-14   54.8   4.1    80   202   107   247   102   248 0.84 -
evm.utg8494.46                       -            874 567650at33208        -            214   1.3e-31  111.0  28.2   3   5   5.9e-07   0.00018   22.3   0.3    79   123   246   293   243   295 0.82 -
evm.utg8494.46                       -            874 567650at33208        -            214   1.3e-31  111.0  28.2   4   5   8.5e-05     0.026   15.3   0.8    75   118   288   331   282   335 0.85 -
evm.utg8494.46                       -            874 567650at33208        -            214   1.3e-31  111.0  28.2   5   5   3.4e-06     0.001   19.8   2.1    76   121   335   379   325   388 0.84 -
evm.utg597.118.1.5c22f2a8            -            942 567650at33208        -            214   2.7e-27   96.9  30.9   1   3   3.5e-11   1.1e-08   36.1   2.2    88   185     2   113     1   113 0.80 -
evm.utg597.118.1.5c22f2a8            -            942 567650at33208        -            214   2.7e-27   96.9  30.9   2   3   6.5e-14   1.9e-11   45.1   8.4    70   186    29   160    28   162 0.82 -
evm.utg597.118.1.5c22f2a8            -            942 567650at33208        -            214   2.7e-27   96.9  30.9   3   3   5.4e-14   1.6e-11   45.3   4.7    83   202    89   224    88   228 0.84 -
evm.utg8792.62                       -            349 567650at33208        -            214   2.4e-25   90.5  42.2   1   3   2.4e-13   7.1e-11   43.2  14.5    77   186    21   145    11   145 0.83 -
evm.utg8792.62                       -            349 567650at33208        -            214   2.4e-25   90.5  42.2   2   3   2.9e-12   8.8e-10   39.7   7.1    87   200   101   207    93   207 0.89 -
evm.utg8792.62                       -            349 567650at33208        -            214   2.4e-25   90.5  42.2   3   3   9.2e-11   2.8e-08   34.8   4.7    75   198   135   249   134   258 0.84 -
evm.utg622.129                       -           1256 567650at33208        -            214   3.5e-25   90.0  44.1   1   4   2.2e-10   6.7e-08   33.5   8.1    68   186     9   143     6   146 0.81 -
evm.utg622.129                       -           1256 567650at33208        -            214   3.5e-25   90.0  44.1   2   4   2.4e-09   7.3e-07   30.1  15.4    88   202   147   257   139   258 0.87 -
evm.utg622.129                       -           1256 567650at33208        -            214   3.5e-25   90.0  44.1   3   4   6.6e-15     2e-12   48.3  10.8    80   201   211   350   207   357 0.81 -
evm.utg622.129                       -           1256 567650at33208        -            214   3.5e-25   90.0  44.1   4   4      0.09        27    5.4   0.2    84   116   332   364   329   376 0.65 -
evm.utg622.139                       -            575 567650at33208        -            214   1.5e-24   87.9  54.6   1   5     2e-07     6e-05   23.9   5.6    70   203    12   167     7   193 0.81 -
evm.utg622.139                       -            575 567650at33208        -            214   1.5e-24   87.9  54.6   2   5   9.1e-11   2.7e-08   34.8  12.5    91   203   154   287   129   290 0.68 -
evm.utg622.139                       -            575 567650at33208        -            214   1.5e-24   87.9  54.6   3   5   1.2e-12   3.7e-10   40.9   8.8    87   203   198   335   195   342 0.81 -
evm.utg622.139                       -            575 567650at33208        -            214   1.5e-24   87.9  54.6   4   5   1.1e-09   3.4e-07   31.2   3.8    94   200   301   425   299   433 0.81 -
evm.utg622.139                       -            575 567650at33208        -            214   1.5e-24   87.9  54.6   5   5       3.4     1e+03    0.2   0.5   140   197   435   492   424   500 0.57 -
evm.utg622.139.1.5c22f2ea            -            575 567650at33208        -            214   1.5e-24   87.9  54.6   1   5     2e-07     6e-05   23.9   5.6    70   203    12   167     7   193 0.81 -
evm.utg622.139.1.5c22f2ea            -            575 567650at33208        -            214   1.5e-24   87.9  54.6   2   5   9.1e-11   2.7e-08   34.8  12.5    91   203   154   287   129   290 0.68 -
evm.utg622.139.1.5c22f2ea            -            575 567650at33208        -            214   1.5e-24   87.9  54.6   3   5   1.2e-12   3.7e-10   40.9   8.8    87   203   198   335   195   342 0.81 -
evm.utg622.139.1.5c22f2ea            -            575 567650at33208        -            214   1.5e-24   87.9  54.6   4   5   1.1e-09   3.4e-07   31.2   3.8    94   200   301   425   299   433 0.81 -
evm.utg622.139.1.5c22f2ea            -            575 567650at33208        -            214   1.5e-24   87.9  54.6   5   5       3.4     1e+03    0.2   0.5   140   197   435   492   424   500 0.57 -
evm.utg13.39                         -           2804 567650at33208        -            214   2.8e-22   80.5  55.0   1   7   4.6e-07   0.00014   22.7   7.4    65   184   112   248    98   274 0.76 -
evm.utg13.39                         -           2804 567650at33208        -            214   2.8e-22   80.5  55.0   2   7     0.044        13    6.4   6.1    87   189   281   410   258   414 0.60 -
evm.utg13.39                         -           2804 567650at33208        -            214   2.8e-22   80.5  55.0   3   7     0.056        17    6.1   0.2    89   149   433   508   410   526 0.51 -
evm.utg13.39                         -           2804 567650at33208        -            214   2.8e-22   80.5  55.0   4   7       0.5   1.5e+02    2.9   0.1    89   124   509   548   506   552 0.83 -
evm.utg13.39                         -           2804 567650at33208        -            214   2.8e-22   80.5  55.0   5   7   9.1e-11   2.7e-08   34.8   3.2    67   196   555   704   546   722 0.80 -
evm.utg13.39                         -           2804 567650at33208        -            214   2.8e-22   80.5  55.0   6   7     0.034        10    6.8   2.1   101   202   796   901   767   905 0.67 -
evm.utg13.39                         -           2804 567650at33208        -            214   2.8e-22   80.5  55.0   7   7   4.7e-08   1.4e-05   25.9   2.1    94   201   892  1018   885  1026 0.80 -
evm.utg378.143                       -            361 567650at33208        -            214   2.9e-22   80.4  51.4   1   4   4.8e-07   0.00014   22.6   9.5    96   202    18   122    11   126 0.81 -
evm.utg378.143                       -            361 567650at33208        -            214   2.9e-22   80.4  51.4   2   4   1.1e-13   3.2e-11   44.3   7.4    76   185    72   195    62   196 0.85 -
evm.utg378.143                       -            361 567650at33208        -            214   2.9e-22   80.4  51.4   3   4   1.3e-11   3.8e-09   37.6   8.2    83   201   125   236   123   238 0.63 -
evm.utg378.143                       -            361 567650at33208        -            214   2.9e-22   80.4  51.4   4   4   3.5e-05      0.01   16.5   2.6    90   130   201   244   197   271 0.83 -
evm.utg15164.12                      -           2633 567650at33208        -            214   6.4e-22   79.3  37.3   1   4   4.6e-12   1.4e-09   39.0   4.5    88   187  1099  1215  1082  1218 0.88 -
evm.utg15164.12                      -           2633 567650at33208        -            214   6.4e-22   79.3  37.3   2   4   7.1e-07   0.00021   22.1   3.1   123   182  1217  1281  1215  1286 0.87 -
evm.utg15164.12                      -           2633 567650at33208        -            214   6.4e-22   79.3  37.3   3   4   2.7e-06    0.0008   20.2   1.5    84   128  1289  1337  1286  1339 0.85 -
evm.utg15164.12                      -           2633 567650at33208        -            214   6.4e-22   79.3  37.3   4   4   7.1e-06    0.0021   18.8   0.1    69   116  1345  1394  1341  1401 0.88 -
evm.utg1051.11                       -            284 567650at33208        -            214   1.3e-21   78.4  49.6   1   4   3.1e-07   9.4e-05   23.2   9.1    94   186    22   105    19   119 0.65 -
evm.utg1051.11                       -            284 567650at33208        -            214   1.3e-21   78.4  49.6   2   4   8.1e-14   2.4e-11   44.7  12.0    86   202    60   192    58   193 0.83 -
evm.utg1051.11                       -            284 567650at33208        -            214   1.3e-21   78.4  49.6   3   4     6e-11   1.8e-08   35.4   7.8    72   166   114   222   111   224 0.67 -
evm.utg1051.11                       -            284 567650at33208        -            214   1.3e-21   78.4  49.6   4   4    0.0012      0.38   11.4   0.1    85   116   220   252   217   265 0.83 -
evm.utg10.10                         -           2734 567650at33208        -            214   5.6e-21   76.2  47.0   1   8    0.0002     0.061   14.0   2.5   150   207   119   179    99   184 0.76 -
evm.utg10.10                         -           2734 567650at33208        -            214   5.6e-21   76.2  47.0   2   8   9.9e-07    0.0003   21.6   6.3    88   184   137   248   123   274 0.77 -
evm.utg10.10                         -           2734 567650at33208        -            214   5.6e-21   76.2  47.0   3   8     0.022       6.7    7.4   2.1    86   189   280   386   260   390 0.63 -
evm.utg10.10                         -           2734 567650at33208        -            214   5.6e-21   76.2  47.0   4   8      0.36   1.1e+02    3.4   0.1    89   124   461   500   459   504 0.80 -
evm.utg10.10                         -           2734 567650at33208        -            214   5.6e-21   76.2  47.0   5   8   5.3e-10   1.6e-07   32.3   2.7    67   194   507   654   503   671 0.79 -
evm.utg10.10                         -           2734 567650at33208        -            214   5.6e-21   76.2  47.0   6   8       2.6   7.7e+02    0.6   0.1   144   183   717   757   707   766 0.74 -
evm.utg10.10                         -           2734 567650at33208        -            214   5.6e-21   76.2  47.0   7   8     0.028       8.3    7.0   0.4   141   202   763   828   723   833 0.69 -
evm.utg10.10                         -           2734 567650at33208        -            214   5.6e-21   76.2  47.0   8   8   5.9e-07   0.00018   22.3   2.8    95   200   820   944   817   953 0.77 -
evm.utg3156.4                        -            287 567650at33208        -            214     1e-20   75.4  46.3   1   4   2.5e-07   7.6e-05   23.5   9.1    94   186    22   105    19   116 0.69 -
evm.utg3156.4                        -            287 567650at33208        -            214     1e-20   75.4  46.3   2   4   8.7e-14   2.6e-11   44.6  12.3    86   202    60   192    58   193 0.83 -
evm.utg3156.4                        -            287 567650at33208        -            214     1e-20   75.4  46.3   3   4   1.7e-10   5.3e-08   33.8   9.0    71   186   113   220   110   224 0.67 -
evm.utg3156.4                        -            287 567650at33208        -            214     1e-20   75.4  46.3   4   4    0.0024      0.71   10.5   0.2    88   116   224   252   220   265 0.86 -
evm.utg256.24                        -           2633 567650at33208        -            214   2.2e-20   74.3  42.3   1   5       1.4   4.1e+02    1.5   0.1    67   129    40   101    19   106 0.87 -
evm.utg256.24                        -           2633 567650at33208        -            214   2.2e-20   74.3  42.3   2   5   1.6e-12   4.7e-10   40.5   5.8    88   200  1096  1227  1084  1228 0.85 -
evm.utg256.24                        -           2633 567650at33208        -            214   2.2e-20   74.3  42.3   3   5   1.4e-06   0.00041   21.1   3.3   123   182  1214  1278  1212  1284 0.86 -
evm.utg256.24                        -           2633 567650at33208        -            214   2.2e-20   74.3  42.3   4   5   2.4e-06   0.00072   20.3   1.5    84   128  1286  1334  1281  1340 0.86 -
evm.utg256.24                        -           2633 567650at33208        -            214   2.2e-20   74.3  42.3   5   5   3.5e-05      0.01   16.5   0.1    69   116  1342  1391  1338  1403 0.87 -
evm.utg1051.11.1.5c22e830            -            229 567650at33208        -            214   2.5e-20   74.1  38.3   1   3   4.4e-14   1.3e-11   45.6  11.9    86   202     5   137     3   138 0.83 -
evm.utg1051.11.1.5c22e830            -            229 567650at33208        -            214   2.5e-20   74.1  38.3   2   3   3.5e-12     1e-09   39.4  13.4    71   186    58   189    55   196 0.70 -
evm.utg1051.11.1.5c22e830            -            229 567650at33208        -            214   2.5e-20   74.1  38.3   3   3   0.00093      0.28   11.9   0.2    85   116   165   197   162   210 0.83 -
evm.utg3884.22.2.5c22f02b            -            749 567650at33208        -            214   1.2e-19   71.9  33.9   1   5     0.023       6.8    7.3   0.0   148   183    43    77    14    79 0.68 -
evm.utg3884.22.2.5c22f02b            -            749 567650at33208        -            214   1.2e-19   71.9  33.9   2   5   3.5e-08     1e-05   26.3   1.6   126   202    63   146    61   150 0.85 -
evm.utg3884.22.2.5c22f02b            -            749 567650at33208        -            214   1.2e-19   71.9  33.9   3   5   3.2e-05    0.0096   16.6   3.8    77   142   167   243   146   245 0.39 -
evm.utg3884.22.2.5c22f02b            -            749 567650at33208        -            214   1.2e-19   71.9  33.9   4   5   3.1e-05    0.0094   16.7  10.6    76   203   236   380   195   387 0.79 -
evm.utg3884.22.2.5c22f02b            -            749 567650at33208        -            214   1.2e-19   71.9  33.9   5   5   1.4e-06   0.00043   21.1   0.7    81   157   380   469   375   480 0.81 -
evm.utg498.77                        -            486 567650at33208        -            214   1.4e-19   71.7  38.6   1   3   7.5e-07   0.00022   22.0   7.8    97   202    82   201    77   202 0.75 -
evm.utg498.77                        -            486 567650at33208        -            214   1.4e-19   71.7  38.6   2   3   2.7e-12     8e-10   39.8   6.0    87   188   138   252   133   255 0.84 -
evm.utg498.77                        -            486 567650at33208        -            214   1.4e-19   71.7  38.6   3   3   9.3e-12   2.8e-09   38.0   8.9    87   201   207   335   207   343 0.83 -
evm.utg2129.16                       -           2376 567650at33208        -            214     2e-19   71.2  28.9   1   4   0.00014     0.041   14.6   2.3   150   202   291   349   283   350 0.79 -
evm.utg2129.16                       -           2376 567650at33208        -            214     2e-19   71.2  28.9   2   4   2.7e-10     8e-08   33.3   4.7    91   212   337   456   335   458 0.83 -
evm.utg2129.16                       -           2376 567650at33208        -            214     2e-19   71.2  28.9   3   4     2e-07   5.9e-05   23.9   1.0    75   127   466   522   456   525 0.79 -
evm.utg2129.16                       -           2376 567650at33208        -            214     2e-19   71.2  28.9   4   4   0.00015     0.045   14.5   1.5    67   115   559   609   553   627 0.58 -
evm.utg498.77.1.5c22f19f             -            351 567650at33208        -            214     4e-19   70.2  26.7   1   2   1.9e-13   5.8e-11   43.5  10.2    85   203    24   155     9   164 0.85 -
evm.utg498.77.1.5c22f19f             -            351 567650at33208        -            214     4e-19   70.2  26.7   2   2   1.9e-12   5.7e-10   40.3   8.6    87   201    72   200    70   208 0.84 -
evm.utg1609.16                       -            239 567650at33208        -            214   4.8e-19   69.9  14.8   1   2   8.4e-09   2.5e-06   28.3   0.5   125   185    36    99    19   102 0.77 -
evm.utg1609.16                       -            239 567650at33208        -            214   4.8e-19   69.9  14.8   2   2   2.9e-16   8.8e-14   52.7   8.2    86   204    55   189    54   194 0.83 -
evm.utg1051.100                      -           2256 567650at33208        -            214     5e-19   69.9  28.5   1   4   0.00027     0.082   13.6   0.5   150   188   291   331   284   335 0.81 -
evm.utg1051.100                      -           2256 567650at33208        -            214     5e-19   69.9  28.5   2   4   4.6e-10   1.4e-07   32.5   5.1    91   212   337   456   334   458 0.85 -
evm.utg1051.100                      -           2256 567650at33208        -            214     5e-19   69.9  28.5   3   4   2.8e-07   8.3e-05   23.4   1.1    71   126   461   521   454   530 0.70 -
evm.utg1051.100                      -           2256 567650at33208        -            214     5e-19   69.9  28.5   4   4   0.00012     0.036   14.8   1.1    67   115   559   609   552   626 0.68 -
evm.utg3884.22                       -            914 567650at33208        -            214     7e-19   69.4  34.4   1   5     0.023       7.1    7.3   0.0   148   184    43    78    15    80 0.71 -
evm.utg3884.22                       -            914 567650at33208        -            214     7e-19   69.4  34.4   2   5     5e-08   1.5e-05   25.8   2.0   126   202    63   146    47   149 0.86 -
evm.utg3884.22                       -            914 567650at33208        -            214     7e-19   69.4  34.4   3   5   5.4e-05     0.016   15.9   7.8    84   181   151   263   146   266 0.54 -
evm.utg3884.22                       -            914 567650at33208        -            214     7e-19   69.4  34.4   4   5   0.00021     0.063   14.0  11.8    85   203   245   380   229   387 0.77 -
evm.utg3884.22                       -            914 567650at33208        -            214     7e-19   69.4  34.4   5   5   1.9e-06   0.00057   20.7   0.9    80   157   379   469   374   484 0.81 -
evm.utg1565.16.1.5c22eb43            -            656 567650at33208        -            214   2.8e-18   67.4  13.5   1   2   2.6e-10   7.9e-08   33.3   3.9   128   185    65   123    62   131 0.95 -
evm.utg1565.16.1.5c22eb43            -            656 567650at33208        -            214   2.8e-18   67.4  13.5   2   2   9.7e-12   2.9e-09   38.0   2.0   127   203   131   211   127   212 0.90 -
evm.utg1565.16.2.5c22eb44            -            665 567650at33208        -            214   2.9e-18   67.4  13.5   1   2   2.5e-10   7.6e-08   33.3   3.9   128   185    65   123    61   131 0.95 -
evm.utg1565.16.2.5c22eb44            -            665 567650at33208        -            214   2.9e-18   67.4  13.5   2   2   9.5e-12   2.8e-09   38.0   2.0   127   203   131   211   127   213 0.90 -
evm.utg1565.16                       -            696 567650at33208        -            214   3.4e-18   67.1  13.5   1   2   2.8e-10   8.4e-08   33.2   3.9   128   185    65   123    62   131 0.95 -
evm.utg1565.16                       -            696 567650at33208        -            214   3.4e-18   67.1  13.5   2   2   9.2e-12   2.8e-09   38.0   2.0   127   203   131   211   127   220 0.90 -
evm.utg1565.16.3.5c22eb44            -            705 567650at33208        -            214   3.5e-18   67.1  13.5   1   2   2.5e-10   7.5e-08   33.3   3.6   128   185    65   123    62   129 0.95 -
evm.utg1565.16.3.5c22eb44            -            705 567650at33208        -            214   3.5e-18   67.1  13.5   2   2   9.4e-12   2.8e-09   38.0   2.0   127   203   131   211   127   220 0.90 -
evm.utg3884.22.1.5c22f02b            -            890 567650at33208        -            214   1.5e-17   65.0  32.8   1   5     0.022       6.7    7.4   0.0   148   184    43    78    14    80 0.71 -
evm.utg3884.22.1.5c22f02b            -            890 567650at33208        -            214   1.5e-17   65.0  32.8   2   5   1.8e-07   5.5e-05   24.0   1.5   126   201    63   145    59   147 0.83 -
evm.utg3884.22.1.5c22f02b            -            890 567650at33208        -            214   1.5e-17   65.0  32.8   3   5     6e-05     0.018   15.8   7.9    90   182   133   240   131   247 0.54 -
evm.utg3884.22.1.5c22f02b            -            890 567650at33208        -            214   1.5e-17   65.0  32.8   4   5   2.2e-05    0.0066   17.2   9.3    81   203   217   356   201   365 0.76 -
evm.utg3884.22.1.5c22f02b            -            890 567650at33208        -            214   1.5e-17   65.0  32.8   5   5     2e-06    0.0006   20.6   0.9    80   157   355   445   350   456 0.81 -
evm.utg214.74.1.5c22ed07             -            262 567650at33208        -            214   1.9e-17   64.7  19.7   1   2   3.9e-09   1.2e-06   29.4   7.1   126   186    40   103    30   107 0.90 -
evm.utg214.74.1.5c22ed07             -            262 567650at33208        -            214   1.9e-17   64.7  19.7   2   2     5e-12   1.5e-09   38.9   9.2    90   185    85   196    84   206 0.78 -
evm.utg214.74                        -            274 567650at33208        -            214   2.2e-17   64.5  19.5   1   2   3.3e-09     1e-06   29.7   8.8   126   200    40   119    30   121 0.74 -
evm.utg214.74                        -            274 567650at33208        -            214   2.2e-17   64.5  19.5   2   2   3.3e-12     1e-09   39.5   4.7   103   185   111   196   107   206 0.90 -
evm.utg512.14                        -            274 567650at33208        -            214   5.8e-17   63.1  19.9   1   2   6.2e-09   1.9e-06   28.8   7.6   126   186    40   103    34   107 0.90 -
evm.utg512.14                        -            274 567650at33208        -            214   5.8e-17   63.1  19.9   2   2   7.9e-12   2.4e-09   38.3   8.6    90   185    85   196    84   207 0.78 -
evm.utg150.31                        -            371 567650at33208        -            214   5.9e-17   63.1  22.8   1   2   1.2e-05    0.0035   18.1   1.6    75   124    27    79    16    81 0.83 -
evm.utg150.31                        -            371 567650at33208        -            214   5.9e-17   63.1  22.8   2   2   2.4e-15   7.1e-13   49.8  15.0    80   200    78   214    77   227 0.82 -
evm.utg2801.39                       -            976 567650at33208        -            214   5.7e-16   59.9  11.9   1   3   1.3e-07     4e-05   24.4   0.8    78   123    58   106    49   108 0.64 -
evm.utg2801.39                       -            976 567650at33208        -            214   5.7e-16   59.9  11.9   2   3   5.7e-06    0.0017   19.1   1.2    75   118   101   144    96   148 0.93 -
evm.utg2801.39                       -            976 567650at33208        -            214   5.7e-16   59.9  11.9   3   3   3.6e-06    0.0011   19.7   0.4    77   121   149   192   145   201 0.87 -
evm.utg126.129                       -           2705 567650at33208        -            214   9.9e-16   59.1  21.1   1   4   1.7e-05    0.0052   17.5   0.4   151   193   524   567   517   586 0.77 -
evm.utg126.129                       -           2705 567650at33208        -            214   9.9e-16   59.1  21.1   2   4   8.3e-06    0.0025   18.6   0.1   125   196   608   682   594   688 0.77 -
evm.utg126.129                       -           2705 567650at33208        -            214   9.9e-16   59.1  21.1   3   4   6.5e-05     0.019   15.6   6.2    92   146   777   843   773   913 0.69 -
evm.utg126.129                       -           2705 567650at33208        -            214   9.9e-16   59.1  21.1   4   4   0.00025     0.075   13.7   0.1   124   170   941   989   936  1004 0.85 -
evm.utg126.129.1.5c22e9a0            -           2687 567650at33208        -            214   1.1e-15   58.9  21.3   1   4   1.7e-05    0.0051   17.5   0.4   151   193   524   567   517   586 0.77 -
evm.utg126.129.1.5c22e9a0            -           2687 567650at33208        -            214   1.1e-15   58.9  21.3   2   4   8.3e-06    0.0025   18.6   0.1   125   196   608   682   594   688 0.77 -
evm.utg126.129.1.5c22e9a0            -           2687 567650at33208        -            214   1.1e-15   58.9  21.3   3   4   7.5e-05     0.023   15.4   6.4    92   146   777   843   773   913 0.69 -
evm.utg126.129.1.5c22e9a0            -           2687 567650at33208        -            214   1.1e-15   58.9  21.3   4   4   0.00025     0.075   13.7   0.1   124   170   941   989   936  1004 0.85 -
evm.utg8931.2                        -           2437 567650at33208        -            214   1.2e-15   58.8  21.8   1   4   1.5e-05    0.0044   17.8   0.4   151   201   252   305   245   314 0.78 -
evm.utg8931.2                        -           2437 567650at33208        -            214   1.2e-15   58.8  21.8   2   4   9.5e-06    0.0029   18.4   0.1   126   185   337   399   321   408 0.59 -
evm.utg8931.2                        -           2437 567650at33208        -            214   1.2e-15   58.8  21.8   3   4   9.5e-05     0.029   15.1   6.7    92   146   509   575   505   644 0.71 -
evm.utg8931.2                        -           2437 567650at33208        -            214   1.2e-15   58.8  21.8   4   4   0.00022     0.065   13.9   0.2   124   170   673   721   668   737 0.84 -
evm.utg1663.49                       -            425 567650at33208        -            214   6.3e-15   56.5  19.5   1   2   3.8e-14   1.2e-11   45.8   4.2    80   184     3    97     1    99 0.92 -
evm.utg1663.49                       -            425 567650at33208        -            214   6.3e-15   56.5  19.5   2   2   1.4e-06   0.00042   21.1   3.3    74   131    88   148    85   160 0.86 -
evm.utg209.30                        -            987 567650at33208        -            214     7e-15   56.3  33.7   1   4   1.3e-08   3.9e-06   27.7   4.1   127   203    61   144    57   152 0.70 -
evm.utg209.30                        -            987 567650at33208        -            214     7e-15   56.3  33.7   2   4   5.8e-10   1.7e-07   32.1  10.4    92   203   108   238   107   245 0.79 -
evm.utg209.30                        -            987 567650at33208        -            214     7e-15   56.3  33.7   3   4   0.00028     0.083   13.6  11.1    78   202   188   311   173   339 0.43 -
evm.utg209.30                        -            987 567650at33208        -            214     7e-15   56.3  33.7   4   4    0.0091       2.7    8.6   2.7   128   184   325   389   320   435 0.62 -
evm.utg11415.49                      -            992 567650at33208        -            214   8.1e-15   56.1  30.9   1   3   5.4e-11   1.6e-08   35.5  15.4    69   201    60   212    50   243 0.57 -
evm.utg11415.49                      -            992 567650at33208        -            214   8.1e-15   56.1  30.9   2   3   6.6e-06     0.002   18.9   3.2    83   203   193   337   189   341 0.78 -
evm.utg11415.49                      -            992 567650at33208        -            214   8.1e-15   56.1  30.9   3   3    0.0042       1.3    9.7   0.3    87   125   347   389   337   436 0.74 -
evm.utg432.104                       -           2279 567650at33208        -            214   8.9e-15   56.0   7.2   1   2   2.2e-16   6.8e-14   53.1   7.0    79   201   334   448   325   453 0.88 -
evm.utg432.104                       -           2279 567650at33208        -            214   8.9e-15   56.0   7.2   2   2     0.023       6.8    7.3   0.0    85   116   431   463   427   471 0.85 -
evm.utg432.104.1.5c22f0e3            -           2302 567650at33208        -            214   9.3e-15   55.9   7.2   1   2   2.3e-16   6.8e-14   53.1   7.0    79   201   334   448   325   453 0.88 -
evm.utg432.104.1.5c22f0e3            -           2302 567650at33208        -            214   9.3e-15   55.9   7.2   2   2     0.023       6.9    7.3   0.0    85   116   431   463   427   471 0.85 -
evm.utg57.16                         -           2285 567650at33208        -            214   2.5e-14   54.5  10.3   1   2   3.3e-16     1e-13   52.5   9.6    79   201   334   448   324   454 0.88 -
evm.utg57.16                         -           2285 567650at33208        -            214   2.5e-14   54.5  10.3   2   2      0.02       6.2    7.5   0.0    84   116   430   463   427   471 0.85 -
evm.utg6155.11                       -            229 567650at33208        -            214   7.1e-14   53.0  30.9   1   3     9e-10   2.7e-07   31.5   3.8   114   186    43   120    40   122 0.85 -
evm.utg6155.11                       -            229 567650at33208        -            214   7.1e-14   53.0  30.9   2   3   2.6e-07   7.9e-05   23.5   5.5   126   186   103   168   101   178 0.85 -
evm.utg6155.11                       -            229 567650at33208        -            214   7.1e-14   53.0  30.9   3   3     2e-07   6.1e-05   23.8   5.7   125   186   150   216   122   222 0.75 -
evm.utg912.7                         -            279 567650at33208        -            214   6.8e-13   49.8   2.5   1   1     7e-15   2.1e-12   48.2   2.5   129   203    41   120    17   124 0.86 -
evm.utg320.24.1.5c22eef3             -            244 567650at33208        -            214   7.1e-13   49.8   1.6   1   1   7.9e-15   2.4e-12   48.0   1.7   129   203    41   120    17   124 0.85 -
evm.utg14533.8                       -            665 567650at33208        -            214     1e-12   49.3  13.6   1   2   4.2e-05     0.013   16.3   1.1    83   118   438   473   379   481 0.80 -
evm.utg14533.8                       -            665 567650at33208        -            214     1e-12   49.3  13.6   2   2   2.2e-14   6.7e-12   46.6   5.4    83   182   438   550   430   553 0.84 -
evm.utg320.24                        -            279 567650at33208        -            214   1.2e-12   49.0   1.8   1   1   1.1e-14   3.3e-12   47.6   1.8   129   203    41   120    17   126 0.85 -
evm.utg798.62                        -           1218 567650at33208        -            214   1.8e-12   48.4  41.6   1   2   7.2e-11   2.2e-08   35.1  17.8    99   209    46   167    38   172 0.85 -
evm.utg798.62                        -           1218 567650at33208        -            214   1.8e-12   48.4  41.6   2   2   6.6e-09     2e-06   28.7  15.9    87   205    78   213    77   218 0.75 -
evm.utg73.121                        -           1933 567650at33208        -            214     7e-12   46.5   4.4   1   1   7.6e-14   2.3e-11   44.8   4.4    84   201   393   525   377   537 0.81 -
evm.utg762.17                        -           1043 567650at33208        -            214   3.2e-11   44.4  22.7   1   4   0.00024     0.074   13.8   0.9    80   117    97   134    68   152 0.84 -
evm.utg762.17                        -           1043 567650at33208        -            214   3.2e-11   44.4  22.7   2   4    0.0053       1.6    9.4   0.2    83   116   123   156   120   168 0.84 -
evm.utg762.17                        -           1043 567650at33208        -            214   3.2e-11   44.4  22.7   3   4      0.11        32    5.2   0.6    70   116   132   180   131   182 0.83 -
evm.utg762.17                        -           1043 567650at33208        -            214   3.2e-11   44.4  22.7   4   4   3.3e-10   9.9e-08   32.9  12.0    84   190   171   292   168   307 0.75 -
evm.utg15156.4                       -           1041 567650at33208        -            214   3.5e-11   44.2  22.2   1   4     0.021       6.4    7.4   0.1    81   123    70   120    61   122 0.74 -
evm.utg15156.4                       -           1041 567650at33208        -            214   3.5e-11   44.2  22.2   2   4   0.00033     0.098   13.3   0.4    80   117    97   134    93   139 0.88 -
evm.utg15156.4                       -           1041 567650at33208        -            214   3.5e-11   44.2  22.2   3   4   4.2e-06    0.0013   19.5   8.7    81   183   121   238   116   239 0.81 -
evm.utg15156.4                       -           1041 567650at33208        -            214   3.5e-11   44.2  22.2   4   4   3.2e-10   9.5e-08   33.0  10.4    84   187   171   288   159   305 0.77 -
evm.utg15156.4.1.5c22eb03            -           1041 567650at33208        -            214   3.5e-11   44.2  22.2   1   4     0.021       6.4    7.4   0.1    81   123    70   120    61   122 0.74 -
evm.utg15156.4.1.5c22eb03            -           1041 567650at33208        -            214   3.5e-11   44.2  22.2   2   4   0.00033     0.098   13.3   0.4    80   117    97   134    93   139 0.88 -
evm.utg15156.4.1.5c22eb03            -           1041 567650at33208        -            214   3.5e-11   44.2  22.2   3   4   4.2e-06    0.0013   19.5   8.7    81   183   121   238   116   239 0.81 -
evm.utg15156.4.1.5c22eb03            -           1041 567650at33208        -            214   3.5e-11   44.2  22.2   4   4   3.2e-10   9.5e-08   33.0  10.4    84   187   171   288   159   305 0.77 -
evm.utg15156.4.3.5c22eb03.1.5c27903a -           1041 567650at33208        -            214   3.7e-11   44.1  22.2   1   4     0.021       6.4    7.4   0.1    81   123    70   120    61   122 0.74 -
evm.utg15156.4.3.5c22eb03.1.5c27903a -           1041 567650at33208        -            214   3.7e-11   44.1  22.2   2   4   0.00033     0.098   13.3   0.4    80   117    97   134    93   139 0.88 -
evm.utg15156.4.3.5c22eb03.1.5c27903a -           1041 567650at33208        -            214   3.7e-11   44.1  22.2   3   4   4.2e-06    0.0013   19.5   8.7    81   183   121   238   116   239 0.81 -
evm.utg15156.4.3.5c22eb03.1.5c27903a -           1041 567650at33208        -            214   3.7e-11   44.1  22.2   4   4   3.2e-10   9.5e-08   33.0  10.4    84   187   171   288   159   305 0.77 -
evm.utg15156.4.3.5c22eb03.2.5c27903b -           1041 567650at33208        -            214   3.7e-11   44.1  22.2   1   4     0.021       6.4    7.4   0.1    81   123    70   120    61   122 0.74 -
evm.utg15156.4.3.5c22eb03.2.5c27903b -           1041 567650at33208        -            214   3.7e-11   44.1  22.2   2   4   0.00033     0.098   13.3   0.4    80   117    97   134    93   139 0.88 -
evm.utg15156.4.3.5c22eb03.2.5c27903b -           1041 567650at33208        -            214   3.7e-11   44.1  22.2   3   4   4.2e-06    0.0013   19.5   8.7    81   183   121   238   116   239 0.81 -
evm.utg15156.4.3.5c22eb03.2.5c27903b -           1041 567650at33208        -            214   3.7e-11   44.1  22.2   4   4   3.2e-10   9.5e-08   33.0  10.4    84   187   171   288   159   305 0.77 -
evm.utg15156.4.2.5c22eb03            -           1027 567650at33208        -            214   3.7e-11   44.1  22.4   1   4     0.021       6.3    7.4   0.1    81   123    70   120    61   122 0.74 -
evm.utg15156.4.2.5c22eb03            -           1027 567650at33208        -            214   3.7e-11   44.1  22.4   2   4   0.00033     0.098   13.4   0.5    80   117    97   134    93   139 0.88 -
evm.utg15156.4.2.5c22eb03            -           1027 567650at33208        -            214   3.7e-11   44.1  22.4   3   4   4.6e-06    0.0014   19.4   8.9    81   183   121   238   116   239 0.81 -
evm.utg15156.4.2.5c22eb03            -           1027 567650at33208        -            214   3.7e-11   44.1  22.4   4   4   3.3e-10   9.9e-08   33.0  10.5    84   187   171   288   159   305 0.77 -
evm.utg15156.4.3.5c22eb03            -           1027 567650at33208        -            214   3.9e-11   44.1  22.4   1   4     0.021       6.3    7.4   0.1    81   123    70   120    61   122 0.74 -
evm.utg15156.4.3.5c22eb03            -           1027 567650at33208        -            214   3.9e-11   44.1  22.4   2   4   0.00033     0.098   13.4   0.5    80   117    97   134    93   139 0.88 -
evm.utg15156.4.3.5c22eb03            -           1027 567650at33208        -            214   3.9e-11   44.1  22.4   3   4   4.6e-06    0.0014   19.4   8.9    81   183   121   238   116   239 0.81 -
evm.utg15156.4.3.5c22eb03            -           1027 567650at33208        -            214   3.9e-11   44.1  22.4   4   4   3.3e-10   9.9e-08   33.0  10.5    84   187   171   288   159   305 0.77 -
evm.utg15156.4.3.5c22eb03.3.5c27903b -           1027 567650at33208        -            214   3.9e-11   44.1  22.4   1   4     0.021       6.3    7.4   0.1    81   123    70   120    61   122 0.74 -
evm.utg15156.4.3.5c22eb03.3.5c27903b -           1027 567650at33208        -            214   3.9e-11   44.1  22.4   2   4   0.00033     0.098   13.4   0.5    80   117    97   134    93   139 0.88 -
evm.utg15156.4.3.5c22eb03.3.5c27903b -           1027 567650at33208        -            214   3.9e-11   44.1  22.4   3   4   4.6e-06    0.0014   19.4   8.9    81   183   121   238   116   239 0.81 -
evm.utg15156.4.3.5c22eb03.3.5c27903b -           1027 567650at33208        -            214   3.9e-11   44.1  22.4   4   4   3.3e-10   9.9e-08   33.0  10.5    84   187   171   288   159   305 0.77 -
evm.utg73.121.1.5c22f3c1             -           1762 567650at33208        -            214   7.4e-11   43.2   7.9   1   1   9.2e-13   2.8e-10   41.3   8.0    84   201   222   354   206   357 0.80 -
evm.utg29.9                          -            552 567650at33208        -            214   1.5e-10   42.2  12.4   1   3     9e-07   0.00027   21.7   0.1   141   185    44    90    28    92 0.81 -
evm.utg29.9                          -            552 567650at33208        -            214   1.5e-10   42.2  12.4   2   3   1.1e-08   3.2e-06   28.0   0.7    75   121    58   107    50   108 0.86 -
evm.utg29.9                          -            552 567650at33208        -            214   1.5e-10   42.2  12.4   3   3   8.9e-05     0.027   15.2   1.4    87   129    93   138    91   144 0.83 -
evm.utg324.164                       -            552 567650at33208        -            214   1.5e-10   42.2  12.4   1   3     9e-07   0.00027   21.7   0.1   141   185    44    90    28    92 0.81 -
evm.utg324.164                       -            552 567650at33208        -            214   1.5e-10   42.2  12.4   2   3   1.1e-08   3.2e-06   28.0   0.7    75   121    58   107    50   108 0.86 -
evm.utg324.164                       -            552 567650at33208        -            214   1.5e-10   42.2  12.4   3   3   8.9e-05     0.027   15.2   1.4    87   129    93   138    91   144 0.83 -
evm.utg3790.4                        -           1368 567650at33208        -            214   2.5e-10   41.5   5.2   1   1   3.7e-12   1.1e-09   39.3   5.2    69   201   392   519   386   524 0.84 -
evm.utg4796.8                        -           1360 567650at33208        -            214   2.9e-10   41.2   6.4   1   1   5.8e-12   1.8e-09   38.7   6.4    70   201   390   516   383   519 0.83 -
evm.utg699.94                        -            695 567650at33208        -            214   8.7e-10   39.7   5.6   1   2   5.8e-06    0.0017   19.1   1.7    86   123    74   114    63   117 0.75 -
evm.utg699.94                        -            695 567650at33208        -            214   8.7e-10   39.7   5.6   2   2   4.3e-07   0.00013   22.8   1.1    76   124   110   158   108   163 0.93 -
evm.utg788.2                         -            812 567650at33208        -            214   1.6e-09   38.8  18.8   1   3   2.4e-07   7.2e-05   23.6   1.0   127   203   136   214   133   217 0.93 -
evm.utg788.2                         -            812 567650at33208        -            214   1.6e-09   38.8  18.8   2   3   5.3e-09   1.6e-06   29.0  10.7    93   202   181   300   180   310 0.88 -
evm.utg788.2                         -            812 567650at33208        -            214   1.6e-09   38.8  18.8   3   3   0.00042      0.13   13.0  11.5    87   174   238   336   236   356 0.77 -
evm.utg2129.140                      -            784 567650at33208        -            214   1.9e-09   38.5  21.5   1   4   3.5e-08   1.1e-05   26.3   5.4   126   203   236   315   232   319 0.92 -
evm.utg2129.140                      -            784 567650at33208        -            214   1.9e-09   38.5  21.5   2   4   4.1e-05     0.012   16.3   3.7    87   147   320   389   317   393 0.76 -
evm.utg2129.140                      -            784 567650at33208        -            214   1.9e-09   38.5  21.5   3   4      0.12        36    5.0   0.1    86   110   363   387   360   409 0.71 -
evm.utg2129.140                      -            784 567650at33208        -            214   1.9e-09   38.5  21.5   4   4       1.2   3.6e+02    1.7   0.1   134   188   583   637   574   660 0.76 -
evm.utg2129.140.1.5c22ed03           -            799 567650at33208        -            214     2e-09   38.5  21.5   1   3   3.6e-08   1.1e-05   26.3   5.4   126   203   236   315   232   319 0.92 -
evm.utg2129.140.1.5c22ed03           -            799 567650at33208        -            214     2e-09   38.5  21.5   2   3     6e-05     0.018   15.7   4.5    87   148   320   390   317   403 0.77 -
evm.utg2129.140.1.5c22ed03           -            799 567650at33208        -            214     2e-09   38.5  21.5   3   3       1.2   3.6e+02    1.7   0.1   134   188   598   652   589   675 0.76 -
evm.utg162.23                        -            518 567650at33208        -            214   2.1e-09   38.4  26.5   1   2   1.2e-07   3.8e-05   24.5  18.0    76   183    71   197    55   200 0.74 -
evm.utg162.23                        -            518 567650at33208        -            214   2.1e-09   38.4  26.5   2   2   6.7e-08     2e-05   25.4  13.5    91   205   159   293   153   299 0.78 -
evm.utg29.9.1.5c22ee5f               -            401 567650at33208        -            214   6.1e-09   36.9   5.6   1   2   5.7e-07   0.00017   22.4   0.1   141   185    44    90    27    92 0.81 -
evm.utg29.9.1.5c22ee5f               -            401 567650at33208        -            214   6.1e-09   36.9   5.6   2   2   6.2e-05     0.018   15.7   1.4    87   129    93   138    91   142 0.83 -
evm.utg324.164.1.5c22ef1f            -            401 567650at33208        -            214   6.1e-09   36.9   5.6   1   2   5.7e-07   0.00017   22.4   0.1   141   185    44    90    27    92 0.81 -
evm.utg324.164.1.5c22ef1f            -            401 567650at33208        -            214   6.1e-09   36.9   5.6   2   2   6.2e-05     0.018   15.7   1.4    87   129    93   138    91   142 0.83 -
evm.utg11411.31.2.5c22e8c4           -            443 567650at33208        -            214     8e-09   36.5  26.1   1   2   5.9e-08   1.8e-05   25.6  16.2    76   184    71   198    55   202 0.76 -
evm.utg11411.31.2.5c22e8c4           -            443 567650at33208        -            214     8e-09   36.5  26.1   2   2   2.9e-07   8.6e-05   23.3  13.0    92   204   160   292   157   301 0.76 -
evm.utg11411.31.1.5c22e8c4           -            519 567650at33208        -            214   1.2e-08   36.0  25.7   1   2   5.5e-08   1.7e-05   25.7  15.7    76   184    71   198    55   202 0.76 -
evm.utg11411.31.1.5c22e8c4           -            519 567650at33208        -            214   1.2e-08   36.0  25.7   2   2   4.3e-07   0.00013   22.8  13.2    92   204   160   292   157   301 0.76 -
evm.utg1138.26                       -            464 567650at33208        -            214   1.6e-08   35.6   5.8   1   2   1.2e-06   0.00035   21.4   3.5    52   124     8    84     2    88 0.85 -
evm.utg1138.26                       -            464 567650at33208        -            214   1.6e-08   35.6   5.8   2   2   0.00014     0.043   14.5   0.0    80   127    83   133    82   138 0.77 -
evm.utg11411.31.3.5c22e8c4           -            419 567650at33208        -            214   4.5e-08   34.1  20.9   1   2    0.0015      0.46   11.2   1.4    76   123    71   123    55   131 0.77 -
evm.utg11411.31.3.5c22e8c4           -            419 567650at33208        -            214   4.5e-08   34.1  20.9   2   2   1.1e-08   3.4e-06   27.9  12.3    90   204   134   268   124   277 0.77 -
evm.utg126.46                        -            225 567650at33208        -            214   6.9e-08   33.5  16.8   1   2   2.7e-06   0.00081   20.2  11.6    93   185    77   187    22   190 0.82 -
evm.utg126.46                        -            225 567650at33208        -            214   6.9e-08   33.5  16.8   2   2     0.017       5.1    7.7   0.1    89   110   193   214   185   222 0.79 -
evm.utg11411.31                      -            495 567650at33208        -            214   8.7e-08   33.1  21.0   1   2    0.0022      0.66   10.7   1.5    76   123    71   123    55   130 0.77 -
evm.utg11411.31                      -            495 567650at33208        -            214   8.7e-08   33.1  21.0   2   2   1.6e-08   4.9e-06   27.4  12.2    90   204   134   268   125   277 0.77 -
evm.utg2798.27                       -            626 567650at33208        -            214   9.2e-08   33.1   0.3   1   1   1.1e-09   3.4e-07   31.2   0.4     6    74    69   137    67   146 0.95 -
evm.utg95.36                         -           1145 567650at33208        -            214   9.3e-08   33.0  20.9   1   2   4.6e-07   0.00014   22.7   7.0    62   183    73   190    61   193 0.55 -
evm.utg95.36                         -           1145 567650at33208        -            214   9.3e-08   33.0  20.9   2   2    0.0017      0.51   11.0   6.3    78   162   210   308   197   334 0.60 -
evm.utg857.30                        -            824 567650at33208        -            214     1e-07   32.9   1.5   1   2   1.7e-08   5.1e-06   27.3   1.3    79   185    33   131    25   133 0.82 -
evm.utg857.30                        -            824 567650at33208        -            214     1e-07   32.9   1.5   2   2    0.0027      0.82   10.3   0.2    83   125    84   129    81   149 0.81 -
evm.utg379.3                         -            783 567650at33208        -            214   1.1e-07   32.8   7.9   1   1   7.3e-10   2.2e-07   31.8   7.9    89   212    16   158     2   159 0.76 -
evm.utg5885.71                       -           1491 567650at33208        -            214   1.2e-07   32.7  12.2   1   1   8.2e-10   2.5e-07   31.7  11.4    73   206    39   194    32   202 0.77 -
evm.utg9401.10                       -           1489 567650at33208        -            214   1.5e-07   32.3  12.9   1   1   9.2e-10   2.8e-07   31.5  11.9    73   206    39   194    33   202 0.77 -
evm.utg13730.18                      -           1001 567650at33208        -            214   1.6e-07   32.3   2.7   1   1   5.2e-10   1.6e-07   32.3   2.7   125   203    45   128    38   132 0.89 -
evm.utg648.24                        -           1008 567650at33208        -            214   2.2e-07   31.8   8.1   1   2   1.2e-09   3.5e-07   31.2   2.7   125   202    45   127    38   130 0.89 -
evm.utg648.24                        -           1008 567650at33208        -            214   2.2e-07   31.8   8.1   2   2         1   3.1e+02    1.9   0.1    81   110   128   157   125   162 0.86 -
evm.utg14892.4                       -            817 567650at33208        -            214   2.3e-07   31.7  23.1   1   4    0.0005      0.15   12.8   4.9   125   202    80   165    75   174 0.74 -
evm.utg14892.4                       -            817 567650at33208        -            214   2.3e-07   31.7  23.1   2   4   1.5e-07   4.5e-05   24.3  10.4    90   209   128   266   127   270 0.82 -
evm.utg14892.4                       -            817 567650at33208        -            214   2.3e-07   31.7  23.1   3   4     3e-06   0.00089   20.0   7.6    89   201   175   306   170   311 0.75 -
evm.utg14892.4                       -            817 567650at33208        -            214   2.3e-07   31.7  23.1   4   4     0.098        29    5.3   0.1    77   120   304   348   292   354 0.79 -
evm.utg3834.7                        -           1459 567650at33208        -            214   3.7e-07   31.1  19.4   1   2   6.1e-07   0.00018   22.3  11.0    73   186    75   182    61   202 0.59 -
evm.utg3834.7                        -           1459 567650at33208        -            214   3.7e-07   31.1  19.4   2   2   4.4e-07   0.00013   22.7   8.1    90   202   140   273   134   277 0.76 -
evm.utg3834.7.1.5c22f013             -           1459 567650at33208        -            214   3.7e-07   31.1  19.4   1   2   6.1e-07   0.00018   22.3  11.0    73   186    75   182    61   202 0.59 -
evm.utg3834.7.1.5c22f013             -           1459 567650at33208        -            214   3.7e-07   31.1  19.4   2   2   4.4e-07   0.00013   22.7   8.1    90   202   140   273   134   277 0.76 -
evm.utg15506.9                       -            802 567650at33208        -            214   3.7e-07   31.1   4.3   1   3   3.5e-08   1.1e-05   26.3   1.2    79   183    33   129    29   131 0.79 -
evm.utg15506.9                       -            802 567650at33208        -            214   3.7e-07   31.1   4.3   2   3    0.0026      0.79   10.4   0.2    83   125    84   129    81   148 0.81 -
evm.utg15506.9                       -            802 567650at33208        -            214   3.7e-07   31.1   4.3   3   3         8   2.4e+03   -1.0   0.1    51    73   391   413   385   418 0.86 -
evm.utg6551.31                       -            989 567650at33208        -            214   4.1e-07   30.9  24.0   1   4   9.3e-05     0.028   15.1  10.6    75   197   114   231   106   237 0.63 -
evm.utg6551.31                       -            989 567650at33208        -            214   4.1e-07   30.9  24.0   2   4   2.1e-07   6.2e-05   23.8   9.5    90   208   154   291   146   297 0.82 -
evm.utg6551.31                       -            989 567650at33208        -            214   4.1e-07   30.9  24.0   3   4   6.5e-07   0.00019   22.2   6.5    89   203   201   334   190   340 0.77 -
evm.utg6551.31                       -            989 567650at33208        -            214   4.1e-07   30.9  24.0   4   4       0.2        61    4.2   0.1    91   120   344   374   330   380 0.82 -
evm.utg101.51                        -            639 567650at33208        -            214   4.9e-07   30.7   7.6   1   1   2.9e-09   8.7e-07   29.9   7.6    76   193   117   252    90   260 0.79 -
evm.utg1900.20                       -            292 567650at33208        -            214   6.5e-07   30.3  17.0   1   3    0.0062       1.9    9.2   1.2   127   201    41   115    29   117 0.80 -
evm.utg1900.20                       -            292 567650at33208        -            214   6.5e-07   30.3  17.0   2   3     0.001       0.3   11.8   1.0    89   123   126   161   117   168 0.89 -
evm.utg1900.20                       -            292 567650at33208        -            214   6.5e-07   30.3  17.0   3   3   8.2e-07   0.00025   21.9   3.2    89   152   147   220   146   222 0.82 -
evm.utg477.24                        -            141 567650at33208        -            214   7.8e-07   30.0   4.2   1   1     1e-07     3e-05   24.8   4.2    83   184     5   126     1   140 0.73 -
evm.utg1931.78.1.5c22ec72            -            183 567650at33208        -            214   8.8e-07   29.9   0.2   1   2   2.9e-09   8.8e-07   29.9   0.2   115   202    15   104    10   109 0.93 -
evm.utg1931.78.1.5c22ec72            -            183 567650at33208        -            214   8.8e-07   29.9   0.2   2   2       4.8   1.4e+03   -0.3   0.2    87   100   113   126   105   131 0.76 -
evm.utg4907.25                       -            324 567650at33208        -            214   1.1e-06   29.5   0.9   1   1   6.7e-09     2e-06   28.7   0.7    62   117   194   253   166   258 0.85 -
evm.utg861.131                       -            193 567650at33208        -            214   1.2e-06   29.4   8.5   1   1   1.6e-07   4.8e-05   24.2   8.5    80   161    37   129    23   150 0.69 -
evm.utg1931.78                       -            249 567650at33208        -            214   1.5e-06   29.1   2.1   1   2   6.3e-09   1.9e-06   28.8   0.2   115   202    15   104    11   108 0.93 -
evm.utg1931.78                       -            249 567650at33208        -            214   1.5e-06   29.1   2.1   2   2       6.4   1.9e+03   -0.7   0.1    87   100   113   126   106   134 0.77 -
evm.utg126.41                        -            168 567650at33208        -            214   1.7e-06   28.9   2.0   1   1   1.7e-08   5.2e-06   27.3   2.0    89   206    17   154     5   159 0.80 -
evm.utg1919.92                       -            193 567650at33208        -            214   2.9e-06   28.2   8.6   1   1   2.3e-07   6.9e-05   23.7   8.6    80   190    37   136    25   153 0.63 -
evm.utg622.140                       -            143 567650at33208        -            214   9.1e-06   26.5   1.3   1   2    0.0013      0.39   11.4   0.1   157   206     5    56     1    61 0.84 -
evm.utg622.140                       -            143 567650at33208        -            214   9.1e-06   26.5   1.3   2   2   3.1e-05    0.0093   16.7   0.6   111   186    40   130    39   142 0.70 -
evm.utg512.13                        -            899 567650at33208        -            214   1.6e-05   25.7   6.5   1   1   1.9e-07   5.6e-05   24.0   6.5    91   201   159   291   150   296 0.70 -
evm.utg5652.1                        -            197 567650at33208        -            214     2e-05   25.4   0.5   1   1     1e-07     3e-05   24.8   0.5   127   197   120   192   117   194 0.91 -
utg415.evm.utg24941.10.mrna2         -            242 567650at33208        -            214   2.1e-05   25.3  13.1   1   1     4e-07   0.00012   22.9  13.1   110   202    64   168    43   171 0.76 -
evm.utg861.91                        -            696 567650at33208        -            214   2.7e-05   25.0  14.3   1   2   1.5e-05    0.0044   17.8  14.7    91   186   321   429   305   430 0.74 -
evm.utg861.91                        -            696 567650at33208        -            214   2.7e-05   25.0  14.3   2   2   3.2e-05    0.0097   16.6   7.3    92   149   368   435   360   452 0.78 -
evm.utg1925.44                       -           1618 567650at33208        -            214   4.4e-05   24.3  13.7   1   2   4.6e-05     0.014   16.1   0.9    79   124   289   336   285   337 0.87 -
evm.utg1925.44                       -           1618 567650at33208        -            214   4.4e-05   24.3  13.7   2   2   5.9e-06    0.0018   19.0   9.2    89   150   321   393   317   399 0.80 -
evm.utg214.75                        -           1418 567650at33208        -            214   4.7e-05   24.2   7.2   1   1   4.8e-07   0.00014   22.6   7.2    91   201   159   291   150   296 0.68 -
evm.utg729.149                       -            231 567650at33208        -            214   5.4e-05   24.0   4.8   1   1     3e-07     9e-05   23.3   4.8    63   125    80   148    63   151 0.86 -
evm.utg77.140                        -           1526 567650at33208        -            214   6.9e-05   23.7   7.5   1   1   9.7e-07   0.00029   21.6   7.4    86   182    92   206    81   211 0.82 -
evm.utg307.23                        -            177 567650at33208        -            214   7.3e-05   23.6   4.3   1   1   3.9e-07   0.00012   22.9   4.3   114   188    15    93     5   114 0.81 -
evm.utg897.1                         -            167 567650at33208        -            214   0.00012   22.9   6.6   1   1   1.9e-06   0.00056   20.7   6.1    90   185    40   151    25   163 0.79 -
evm.utg699.87                        -            794 567650at33208        -            214   0.00019   22.2   9.6   1   2    0.0004      0.12   13.1   4.2    63   185   153   295   144   303 0.73 -
evm.utg699.87                        -            794 567650at33208        -            214   0.00019   22.2   9.6   2   2     0.002      0.61   10.8   0.3    91   128   303   344   297   357 0.87 -
evm.utg116.26                        -            374 567650at33208        -            214   0.00019   22.2   4.0   1   1   9.9e-07    0.0003   21.6   4.0    64   126    16    84     7    91 0.85 -
evm.utg12655.56                      -            387 567650at33208        -            214   0.00019   22.2  15.3   1   2     0.011       3.2    8.4   0.1    87   113    14    40     1    47 0.68 -
evm.utg12655.56                      -            387 567650at33208        -            214   0.00019   22.2  15.3   2   2   0.00011     0.034   14.9  10.7    84   190    84   180    55   198 0.50 -
evm.utg910.179                       -            342 567650at33208        -            214   0.00022   22.0  14.4   1   2   1.4e-05    0.0042   17.8   4.9   121   193    46   120    16   132 0.45 -
evm.utg910.179                       -            342 567650at33208        -            214   0.00022   22.0  14.4   2   2    0.0042       1.3    9.7   5.0    91   160    95   182    91   205 0.67 -
evm.utg216.18                        -            140 567650at33208        -            214   0.00027   21.7   0.4   1   1   1.3e-06   0.00038   21.2   0.4   114   170    74   133    68   139 0.84 -
evm.utg597.84                        -           1082 567650at33208        -            214   0.00027   21.7   8.0   1   3     0.027       8.2    7.1   0.0    82   116   206   241   178   249 0.84 -
evm.utg597.84                        -           1082 567650at33208        -            214   0.00027   21.7   8.0   2   3    0.0028      0.84   10.3   0.1    67   126   287   351   277   366 0.74 -
evm.utg597.84                        -           1082 567650at33208        -            214   0.00027   21.7   8.0   3   3     0.061        18    5.9   0.0    76   142   404   485   387   499 0.62 -
evm.utg379.15                        -            258 567650at33208        -            214   0.00031   21.5   1.6   1   1   1.9e-06   0.00058   20.6   1.6    63   126    42   106    37   126 0.81 -
evm.utg92.79.1.5c22f519              -           1096 567650at33208        -            214   0.00068   20.4  17.8   1   2    0.0012      0.35   11.6   0.6   128   184    49   110    44   116 0.68 -
evm.utg92.79.1.5c22f519              -           1096 567650at33208        -            214   0.00068   20.4  17.8   2   2    0.0018      0.53   11.0  15.1    89   203    93   228    90   252 0.67 -
evm.utg73.66                         -            511 567650at33208        -            214   0.00087   20.1   0.3   1   1   5.8e-06    0.0017   19.1   0.3   124   205    83   172    65   181 0.82 -
evm.utg92.79                         -           1138 567650at33208        -            214   0.00088   20.0  18.0   1   2    0.0013       0.4   11.4   0.6   128   184    91   152    87   156 0.67 -
evm.utg92.79                         -           1138 567650at33208        -            214   0.00088   20.0  18.0   2   2    0.0023       0.7   10.6  17.3    92   205   114   245   104   294 0.53 -
evm.utg259.36                        -           1071 567650at33208        -            214   0.00097   19.9  17.4   1   2   7.9e-05     0.024   15.4   4.6   126   184    27    90    12    93 0.74 -
evm.utg259.36                        -           1071 567650at33208        -            214   0.00097   19.9  17.4   2   2     0.013         4    8.1   5.9    89   202    97   233    88   240 0.72 -
evm.utg95.23                         -            195 567650at33208        -            214    0.0013   19.5   0.4   1   1     1e-05    0.0031   18.3   0.3    68   121    85   144    79   150 0.79 -
evm.utg6551.28                       -            778 567650at33208        -            214    0.0014   19.4  12.5   1   2    0.0023       0.7   10.6   0.4    66   108    91   135    81   155 0.87 -
evm.utg6551.28                       -            778 567650at33208        -            214    0.0014   19.4  12.5   2   2   0.00029     0.087   13.5   3.4    89   188   165   255   147   261 0.83 -
evm.utg405.12                        -            278 567650at33208        -            214    0.0033   18.2  11.1   1   1   2.1e-05    0.0063   17.2  11.1    82   182    36   143    24   169 0.71 -
evm.utg126.49                        -            308 567650at33208        -            214    0.0036   18.1   3.9   1   1   2.4e-05    0.0072   17.1   3.8   125   195    42   117    35   125 0.82 -
evm.utg13.52                         -           2889 567650at33208        -            214     0.004   17.9  15.9   1   2         3     9e+02    0.4   0.1   138   184  2091  2139  2087  2141 0.75 -
evm.utg13.52                         -           2889 567650at33208        -            214     0.004   17.9  15.9   2   2   0.00011     0.033   14.9  14.9    82   198  2139  2249  2123  2261 0.64 -
evm.utg3155.27                       -           1238 567650at33208        -            214    0.0046   17.7   9.9   1   3       2.2   6.7e+02    0.8   0.9    76   103   165   192   143   215 0.55 -
evm.utg3155.27                       -           1238 567650at33208        -            214    0.0046   17.7   9.9   2   3   2.7e-05     0.008   16.9   4.5    76   202   213   341   204   346 0.76 -
evm.utg3155.27                       -           1238 567650at33208        -            214    0.0046   17.7   9.9   3   3      0.44   1.3e+02    3.1   0.1    90   109   328   347   322   354 0.76 -
evm.utg1137.20                       -            728 567650at33208        -            214     0.005   17.6  22.4   1   4    0.0068       2.1    9.0   3.6    87   200   456   586   440   588 0.61 -
evm.utg1137.20                       -            728 567650at33208        -            214     0.005   17.6  22.4   2   4     0.026       7.8    7.1   5.6   104   181   540   617   510   619 0.61 -
evm.utg1137.20                       -            728 567650at33208        -            214     0.005   17.6  22.4   3   4     0.076        23    5.6   6.3    93   180   549   645   548   646 0.39 -
evm.utg1137.20                       -            728 567650at33208        -            214     0.005   17.6  22.4   4   4    0.0024      0.71   10.5   8.8    92   202   577   704   576   705 0.66 -
evm.utg431.32                        -           1118 567650at33208        -            214    0.0052   17.5   7.6   1   3         7   2.1e+03   -0.8   0.1   130   150   118   140   113   149 0.49 -
evm.utg431.32                        -           1118 567650at33208        -            214    0.0052   17.5   7.6   2   3       0.7   2.1e+02    2.5   0.0    87   118   211   243   204   261 0.85 -
evm.utg431.32                        -           1118 567650at33208        -            214    0.0052   17.5   7.6   3   3    0.0016      0.48   11.1   3.0    62   124   282   349   278   475 0.80 -
evm.utg2757.32                       -            625 567650at33208        -            214    0.0063   17.3  10.7   1   1   0.00011     0.033   14.9  10.2    79   137    33   102    22   125 0.74 -
evm.utg207.2                         -           2000 567650at33208        -            214    0.0065   17.2   0.5   1   1   4.3e-05     0.013   16.2   0.5    64   125    57   124    44   145 0.70 -
evm.utg1056.143                      -            615 567650at33208        -            214    0.0093   16.7   0.6   1   1   5.4e-05     0.016   15.9   0.6    67   123    58   120    43   143 0.82 -
evm.utg1056.143.1.5c22e860           -            615 567650at33208        -            214    0.0093   16.7   0.6   1   1   5.4e-05     0.016   15.9   0.6    67   123    58   120    43   143 0.82 -
evm.utg1056.143.2.5c22e861           -            627 567650at33208        -            214    0.0095   16.7   0.6   1   1   5.5e-05     0.017   15.9   0.6    67   123    70   132    55   155 0.82 -
evm.utg477.25                        -            998 567650at33208        -            214     0.011   16.5  15.4   1   1   8.5e-05     0.026   15.3  15.4    98   192   131   241   106   281 0.63 -
evm.utg1272.8                        -           1056 567650at33208        -            214     0.014   16.2   2.7   1   2   0.00084      0.25   12.0   2.2    84   141    65   135    32   137 0.67 -
evm.utg1272.8                        -           1056 567650at33208        -            214     0.014   16.2   2.7   2   2      0.21        64    4.1   0.1    83   115   111   144   107   156 0.79 -
evm.utg2818.3                        -            268 567650at33208        -            214     0.014   16.1   0.2   1   1   6.2e-05     0.019   15.7   0.2   134   185    26    82    24    98 0.82 -
utg514.equina_smart_916345.mrna3     -            589 567650at33208        -            214     0.014   16.1   8.6   1   1    0.0014      0.41   11.3   8.6   128   202   480   561   456   587 0.63 -
evm.utg1205.46                       -            923 567650at33208        -            214     0.014   16.1   1.3   1   2   0.00084      0.25   12.0   0.8    89   166    46   113    12   130 0.64 -
evm.utg1205.46                       -            923 567650at33208        -            214     0.014   16.1   1.3   2   2       2.3   6.8e+02    0.8   0.0   153   211   148   211   138   214 0.65 -
evm.utg2798.26                       -            248 567650at33208        -            214     0.019   15.7   4.2   1   1   0.00016     0.047   14.4   3.9   127   195    42   114    21   129 0.75 -
evm.utg150.6                         -            600 567650at33208        -            214      0.02   15.6   1.8   1   1   7.7e-05     0.023   15.4   0.4   129   201    88   169    71   171 0.80 -
evm.utg1828.2                        -            506 567650at33208        -            214     0.027   15.2   7.8   1   2    0.0089       2.7    8.7   1.4   128   184    21    82    17    84 0.60 -
evm.utg1828.2                        -            506 567650at33208        -            214     0.027   15.2   7.8   2   2    0.0025      0.74   10.5   3.5    93   128    69   108    67   141 0.59 -
evm.utg190.47.1.5c22ec4c.1.5c27913f  -            196 567650at33208        -            214     0.034   14.9   8.3   1   2   0.00055      0.17   12.6   6.7    84   151    34   108     5   112 0.58 -
evm.utg190.47.1.5c22ec4c.1.5c27913f  -            196 567650at33208        -            214     0.034   14.9   8.3   2   2    0.0059       1.8    9.2   1.5    92   144    84   137    77   146 0.64 -
evm.utg777.90                        -            299 567650at33208        -            214     0.034   14.9   2.3   1   1   0.00021     0.064   14.0   1.2   126   201    19    99    15   101 0.78 -
evm.utg150.14.1.5c22eb00             -           1408 567650at33208        -            214     0.037   14.7   7.9   1   1   0.00066       0.2   12.4   7.9    89   198   691   816   669   832 0.69 -
evm.utg3878.16                       -            441 567650at33208        -            214     0.038   14.7  22.9   1   3    0.0019      0.58   10.8   3.9    25   181    40   198    32   201 0.72 -
evm.utg3878.16                       -            441 567650at33208        -            214     0.038   14.7  22.9   2   3      0.17        51    4.5  10.1    79   140   202   256   198   313 0.62 -
evm.utg3878.16                       -            441 567650at33208        -            214     0.038   14.7  22.9   3   3       1.1   3.2e+02    1.9   2.6   113   149   285   321   271   329 0.77 -
evm.utg4194.125                      -           1117 567650at33208        -            214     0.038   14.7   2.7   1   1       0.2        60    4.2   0.1    83   115   172   205   168   220 0.78 -
evm.utg861.26                        -            455 567650at33208        -            214      0.04   14.6   3.0   1   1   0.00014     0.042   14.6   1.1    98   207   196   312   163   318 0.84 -
evm.utg324.111                       -            972 567650at33208        -            214     0.043   14.5   1.5   1   1   0.00037      0.11   13.2   1.5    92   160    63   148    42   163 0.60 -
evm.utg3753.9                        -            663 567650at33208        -            214     0.052   14.2   3.5   1   1   0.00032     0.097   13.4   3.2   124   183    37    97    18   127 0.48 -
evm.utg736.67                        -            123 567650at33208        -            214     0.055   14.2   7.4   1   1   0.00032     0.095   13.4   7.3    90   151    49   119    31   121 0.76 -
evm.utg2129.158                      -            504 567650at33208        -            214     0.059   14.1   0.3   1   1   0.00066       0.2   12.3   0.1   154   196    12    56     7    72 0.74 -
evm.utg150.14.1.5c27903a             -           1818 567650at33208        -            214     0.064   14.0   7.9   1   1   0.00092      0.28   11.9   7.9    89   198  1101  1226  1079  1242 0.69 -
evm.utg190.47.1.5c22ec4c             -            260 567650at33208        -            214     0.065   13.9   8.1   1   1    0.0008      0.24   12.1   7.7    89   197    39   115     6   122 0.52 -
evm.utg6155.7                        -           1008 567650at33208        -            214     0.066   13.9   6.4   1   2       2.1   6.4e+02    0.9   0.2   153   186     3    38     1    42 0.73 -
evm.utg6155.7                        -           1008 567650at33208        -            214     0.066   13.9   6.4   2   2   0.00052      0.16   12.7   2.9    88   129    42    87    39   111 0.85 -
evm.utg279.21                        -           2080 567650at33208        -            214     0.068   13.9   3.7   1   2   0.00062      0.19   12.4   3.0    63   124  1044  1111  1027  1122 0.81 -
evm.utg279.21                        -           2080 567650at33208        -            214     0.068   13.9   3.7   2   2     0.065        19    5.8   0.1    90   118  1097  1126  1091  1132 0.84 -
evm.utg150.14                        -           2072 567650at33208        -            214      0.07   13.8   7.7   1   1   0.00092      0.28   11.9   7.7    89   198  1355  1480  1333  1496 0.68 -
evm.utg2129.52                       -            197 567650at33208        -            214     0.072   13.8   0.4   1   1   0.00033       0.1   13.3   0.4    83   126     3    52     1    83 0.69 -
evm.utg7127.32                       -            376 567650at33208        -            214     0.082   13.6   0.0   1   1   0.00043      0.13   13.0   0.0    82   146   279   346   263   355 0.81 -
utg2045.equina_smart_1440781.mrna1   -             99 567650at33208        -            214     0.093   13.4   1.0   1   1   0.00072      0.22   12.2   1.0    78   145     4    82     1    91 0.72 -
evm.utg190.47                        -            300 567650at33208        -            214     0.096   13.4   8.0   1   1     0.001       0.3   11.8   7.6   127   197    39   115     6   122 0.52 -
evm.utg479.128                       -           1084 567650at33208        -            214     0.096   13.4  12.5   1   1    0.0002     0.059   14.1   8.8    94   196   278   402   272   408 0.72 -
evm.utg14703.9                       -            816 567650at33208        -            214      0.12   13.1   7.7   1   2       2.9   8.6e+02    0.5   0.3    93   131   145   187   137   190 0.62 -
evm.utg14703.9                       -            816 567650at33208        -            214      0.12   13.1   7.7   2   2   0.00093      0.28   11.9   2.7    90   164   190   278   181   286 0.78 -
evm.utg10470.34                      -            266 567650at33208        -            214      0.12   13.0   0.7   1   1    0.0015      0.44   11.2   0.7    90   161     8    45     2    96 0.63 -
evm.utg1272.16                       -            841 567650at33208        -            214      0.18   12.5   1.2   1   2      0.04        12    6.5   0.1    82   124   186   226   180   255 0.70 -
evm.utg1272.16                       -            841 567650at33208        -            214      0.18   12.5   1.2   2   2       1.1   3.2e+02    1.9   0.0   152   180   349   379   298   386 0.63 -
evm.utg1828.26                       -            374 567650at33208        -            214      0.18   12.5   8.3   1   2     0.012       3.5    8.3   2.2    90   141     5    69     2    73 0.50 -
evm.utg1828.26                       -            374 567650at33208        -            214      0.18   12.5   8.3   2   2     0.019       5.7    7.6   2.7    91   128    54    95    42   111 0.74 -
evm.utg1910.68                       -            557 567650at33208        -            214      0.21   12.3   0.1   1   1    0.0015      0.46   11.1   0.1    89   124    23    62     8    72 0.84 -
evm.utg56.3                          -            375 567650at33208        -            214      0.24   12.1   1.9   1   1    0.0013      0.39   11.4   0.5   140   199    24    84    21    91 0.84 -
evm.utg6078.45                       -            527 567650at33208        -            214      0.25   12.0   4.5   1   1    0.0024      0.73   10.5   3.7    33   140    97   215    78   224 0.60 -
evm.utg12382.5                       -            400 567650at33208        -            214      0.26   12.0   5.7   1   2      0.79   2.4e+02    2.3   0.1    90   110   119   139   101   157 0.69 -
evm.utg12382.5                       -            400 567650at33208        -            214      0.26   12.0   5.7   2   2    0.0022      0.67   10.6   2.5    42   170   243   369   218   372 0.80 -
utg607.equina_smart_493740.mrna1     -            236 567650at33208        -            214      0.28   11.9   9.0   1   1    0.0024      0.71   10.5   8.5    94   146    38    99    34   105 0.80 -
evm.utg2123.47                       -            709 567650at33208        -            214       0.3   11.8   4.0   1   2     0.056        17    6.1   0.2   137   186   621   672   616   674 0.85 -
evm.utg2123.47                       -            709 567650at33208        -            214       0.3   11.8   4.0   2   2     0.054        16    6.1   0.3    89   116   677   705   672   706 0.81 -
evm.utg28910.7                       -            835 567650at33208        -            214      0.31   11.7   6.0   1   1    0.0011      0.32   11.7   2.5    86   124   420   462   410   477 0.83 -
evm.utg12197.8                       -            373 567650at33208        -            214      0.44   11.2  13.3   1   2     0.017       5.1    7.8   6.3    92   182    99   195    88   223 0.77 -
evm.utg12197.8                       -            373 567650at33208        -            214      0.44   11.2  13.3   2   2     0.046        14    6.3   1.3   102   131   229   258   205   272 0.78 -
evm.utg1565.100                      -            386 567650at33208        -            214      0.48   11.1  11.4   1   2     0.055        17    6.1   6.5    93   182   111   206   101   226 0.80 -
evm.utg1565.100                      -            386 567650at33208        -            214      0.48   11.1  11.4   2   2     0.037        11    6.6   0.2   103   131   269   297   243   330 0.79 -
evm.utg1395.52                       -            801 567650at33208        -            214      0.48   11.1   8.2   1   2     0.071        21    5.7   8.2    62   138   330   421   313   438 0.64 -
evm.utg1395.52                       -            801 567650at33208        -            214      0.48   11.1   8.2   2   2      0.19        58    4.3   0.9    90   116   408   437   397   449 0.67 -
evm.utg2994.40                       -           1578 567650at33208        -            214      0.74   10.5   5.5   1   2    0.0051       1.5    9.5   4.5    88   124  1134  1174  1114  1185 0.80 -
evm.utg2994.40                       -           1578 567650at33208        -            214      0.74   10.5   5.5   2   2     0.049        15    6.2   0.2    90   118  1160  1189  1154  1197 0.84 -
evm.utg5950.49                       -            919 567650at33208        -            214      0.95   10.1   2.3   1   2    0.0095       2.9    8.6   0.2    54   131   758   829   738   855 0.89 -
evm.utg5950.49                       -            919 567650at33208        -            214      0.95   10.1   2.3   2   2       5.5   1.6e+03   -0.5   0.1    91   104   840   853   827   888 0.56 -
evm.utg1931.78.3.5c22ec72            -            182 567650at33208        -            214       1.3    9.7   4.1   1   1     0.016       4.9    7.8   4.1    92   125    70   105     3   129 0.78 -
evm.utg160.30.2.5c22eb5e             -            539 567650at33208        -            214       1.5    9.5   7.2   1   2     0.035        11    6.7   7.0    87   125    44    84    32   112 0.62 -
evm.utg160.30.2.5c22eb5e             -            539 567650at33208        -            214       1.5    9.5   7.2   2   2         2   6.1e+02    1.0   0.3    88   105    92   109    88   125 0.79 -
evm.utg1683.5                        -            410 567650at33208        -            214       5.9    7.6  12.7   1   3      0.43   1.3e+02    3.2   4.5    94   131   130   175    64   181 0.79 -
evm.utg1683.5                        -            410 567650at33208        -            214       5.9    7.6  12.7   2   3      0.72   2.2e+02    2.4   0.1    93   138   185   223   175   236 0.68 -
evm.utg1683.5                        -            410 567650at33208        -            214       5.9    7.6  12.7   3   3      0.44   1.3e+02    3.1   0.1   105   125   233   253   211   260 0.65 -
#
# Program:         hmmsearch
# Version:         3.1b2 (February 2015)
# Pipeline mode:   SEARCH
# Query file:      /uoa/scratch/users/r02hw22/project_dark_genes/busco_downloads/lineages/metazoa_odb10/hmms/567650at33208.hmm
# Target file:     /uoa/scratch/users/r02hw22/project_dark_genes/00_raw/equina_smart.rnam-trna.merged.ggf.curated.remredun.aa.fa
# Option settings: hmmsearch --domtblout /uoa/scratch/users/r02hw22/project_dark_genes/equina_busco_proteins/run_metazoa_odb10/hmmer_output/initial_run_results/567650at33208.out --cpu 1 /uoa/scratch/users/r02hw22/project_dark_genes/busco_downloads/lineages/metazoa_odb10/hmms/567650at33208.hmm /uoa/scratch/users/r02hw22/project_dark_genes/00_raw/equina_smart.rnam-trna.merged.ggf.curated.remredun.aa.fa 
# Current dir:     /uoa/scratch/users/r02hw22/project_dark_genes
# Date:            Sat Apr 25 14:43:04 2026
# [ok]
