#                                                                            --- full sequence --- -------------- this domain -------------   hmm coord   ali coord   env coord
# target name        accession   tlen query name           accession   qlen   E-value  score  bias   #  of  c-Evalue  i-Evalue  score  bias  from    to  from    to  from    to  acc description of target
#------------------- ---------- ----- -------------------- ---------- ----- --------- ------ ----- --- --- --------- --------- ------ ----- ----- ----- ----- ----- ----- ----- ---- ---------------------
evm.utg112.27        -            277 568839at33208        -            196   1.7e-44  153.2  20.9   1   1   3.9e-43   5.4e-39  135.3  20.9     2   196     3   272     2   272 0.71 -
evm.utg622.89        -            430 568839at33208        -            196   7.3e-05   23.9   0.1   1   4     1e-05      0.14   13.1   0.0    52   125    26   100    13   118 0.80 -
evm.utg622.89        -            430 568839at33208        -            196   7.3e-05   23.9   0.1   2   4      0.28   3.9e+03   -1.3   0.0    73   126   127   183   113   194 0.66 -
evm.utg622.89        -            430 568839at33208        -            196   7.3e-05   23.9   0.1   3   4     0.004        56    4.7   0.0    62   107   194   239   170   267 0.76 -
evm.utg622.89        -            430 568839at33208        -            196   7.3e-05   23.9   0.1   4   4     0.044   6.1e+02    1.3   0.0    57   108   270   321   258   329 0.56 -
evm.utg13994.14      -            217 568839at33208        -            196      0.11   13.5   0.2   1   3   0.00027       3.7    8.5   0.1    59   128     9    78     2    85 0.70 -
evm.utg13994.14      -            217 568839at33208        -            196      0.11   13.5   0.2   2   3    0.0002       2.7    8.9   0.0    71   104    61    94    45   102 0.86 -
evm.utg13994.14      -            217 568839at33208        -            196      0.11   13.5   0.2   3   3      0.34   4.7e+03   -1.6   0.0    96    96   164   164   135   207 0.59 -
evm.utg21766.29      -             89 568839at33208        -            196      0.41   11.6   0.2   1   2    0.0025        34    5.4   0.0    24    60     4    40     1    46 0.89 -
evm.utg21766.29      -             89 568839at33208        -            196      0.41   11.6   0.2   2   2    0.0034        48    4.9   0.0    24    60    50    86    44    88 0.86 -
#
# Program:         hmmsearch
# Version:         3.1b2 (February 2015)
# Pipeline mode:   SEARCH
# Query file:      /uoa/scratch/users/r02hw22/project_dark_genes/busco_downloads/lineages/metazoa_odb10/hmms/568839at33208.hmm
# Target file:     /uoa/scratch/users/r02hw22/project_dark_genes/00_raw/equina_smart.rnam-trna.merged.ggf.curated.remredun.aa.fa
# Option settings: hmmsearch --domtblout /uoa/scratch/users/r02hw22/project_dark_genes/equina_busco_proteins/run_metazoa_odb10/hmmer_output/initial_run_results/568839at33208.out --cpu 1 /uoa/scratch/users/r02hw22/project_dark_genes/busco_downloads/lineages/metazoa_odb10/hmms/568839at33208.hmm /uoa/scratch/users/r02hw22/project_dark_genes/00_raw/equina_smart.rnam-trna.merged.ggf.curated.remredun.aa.fa 
# Current dir:     /uoa/scratch/users/r02hw22/project_dark_genes
# Date:            Sat Apr 25 14:42:47 2026
# [ok]
