#                                                                                            --- full sequence --- -------------- this domain -------------   hmm coord   ali coord   env coord
# target name                        accession   tlen query name           accession   qlen   E-value  score  bias   #  of  c-Evalue  i-Evalue  score  bias  from    to  from    to  from    to  acc description of target
#                ------------------- ---------- ----- -------------------- ---------- ----- --------- ------ ----- --- --- --------- --------- ------ ----- ----- ----- ----- ----- ----- ----- ---- ---------------------
evm.utg1609.16                       -            239 578734at33208        -            193   1.2e-55  189.5   6.4   1   1     2e-57   6.1e-55  187.2   6.4     2   193     2   236     1   236 0.83 -
evm.utg15585.5                       -            793 578734at33208        -            193   8.2e-40  137.8  53.0   1   7   1.2e-06   0.00036   21.6   1.8    21    98    67   141    54   146 0.53 -
evm.utg15585.5                       -            793 578734at33208        -            193   8.2e-40  137.8  53.0   2   7   6.5e-06     0.002   19.2   1.7    66   113   155   205   142   207 0.87 -
evm.utg15585.5                       -            793 578734at33208        -            193   8.2e-40  137.8  53.0   3   7   1.4e-06   0.00042   21.4   1.7    67   108   202   247   201   256 0.87 -
evm.utg15585.5                       -            793 578734at33208        -            193   8.2e-40  137.8  53.0   4   7    0.0018      0.53   11.2   0.3    78   115   441   481   427   484 0.69 -
evm.utg15585.5                       -            793 578734at33208        -            193   8.2e-40  137.8  53.0   5   7   1.3e-11   3.9e-09   37.8   5.9    29   169   487   635   486   638 0.80 -
evm.utg15585.5                       -            793 578734at33208        -            193   8.2e-40  137.8  53.0   6   7   3.5e-07    0.0001   23.3   0.5    67   113   638   687   636   692 0.83 -
evm.utg15585.5                       -            793 578734at33208        -            193   8.2e-40  137.8  53.0   7   7   5.5e-09   1.7e-06   29.2   0.8    23   115   689   783   685   788 0.82 -
evm.utg245.32                        -            609 578734at33208        -            193   2.9e-32  113.2  32.6   1   6    0.0098       2.9    8.8   0.1   113   149    78   114    22   116 0.77 -
evm.utg245.32                        -            609 578734at33208        -            193   2.9e-32  113.2  32.6   2   6   9.2e-10   2.8e-07   31.7   7.0    67   150   115   207   114   208 0.88 -
evm.utg245.32                        -            609 578734at33208        -            193   2.9e-32  113.2  32.6   3   6   3.8e-09   1.1e-06   29.7   1.0    68   147   208   296   206   298 0.86 -
evm.utg245.32                        -            609 578734at33208        -            193   2.9e-32  113.2  32.6   4   6     0.003      0.91   10.5   0.2    67   106   299   341   297   351 0.72 -
evm.utg245.32                        -            609 578734at33208        -            193   2.9e-32  113.2  32.6   5   6   3.2e-07   9.7e-05   23.4   0.1    72   148   401   490   395   493 0.84 -
evm.utg245.32                        -            609 578734at33208        -            193   2.9e-32  113.2  32.6   6   6   2.2e-07   6.7e-05   23.9   0.1    67   163   492   599   491   601 0.79 -
evm.utg648.27                        -            731 578734at33208        -            193   7.3e-29  102.1  30.1   1   7   2.7e-09   8.1e-07   30.2   3.3    63   148    78   173    29   174 0.77 -
evm.utg648.27                        -            731 578734at33208        -            193   7.3e-29  102.1  30.1   2   7   2.8e-07   8.3e-05   23.6   0.9    66   112   151   200   132   202 0.81 -
evm.utg648.27                        -            731 578734at33208        -            193   7.3e-29  102.1  30.1   3   7   2.8e-07   8.3e-05   23.6   0.5    66   113   174   224   172   233 0.88 -
evm.utg648.27                        -            731 578734at33208        -            193   7.3e-29  102.1  30.1   4   7   1.5e-05    0.0045   18.0   0.1    67   127   198   267   197   275 0.85 -
evm.utg648.27                        -            731 578734at33208        -            193   7.3e-29  102.1  30.1   5   7    0.0021      0.62   11.0   0.2    62   119   239   303   228   319 0.79 -
evm.utg648.27                        -            731 578734at33208        -            193   7.3e-29  102.1  30.1   6   7   5.5e-10   1.7e-07   32.4   0.5    66   148   329   420   322   421 0.86 -
evm.utg648.27                        -            731 578734at33208        -            193   7.3e-29  102.1  30.1   7   7   1.6e-05    0.0049   17.9   2.0    66   109   421   467   420   479 0.89 -
evm.utg868.41                        -            578 578734at33208        -            193   1.3e-28  101.3  30.5   1   6   1.6e-06   0.00047   21.2   0.9    66   112    99   148    88   152 0.87 -
evm.utg868.41                        -            578 578734at33208        -            193   1.3e-28  101.3  30.5   2   6   3.4e-09     1e-06   29.9   0.4    67   148   215   305   212   307 0.83 -
evm.utg868.41                        -            578 578734at33208        -            193   1.3e-28  101.3  30.5   3   6    0.0026      0.78   10.7   0.1    67   110   284   331   279   334 0.86 -
evm.utg868.41                        -            578 578734at33208        -            193   1.3e-28  101.3  30.5   4   6   0.00035       0.1   13.5   0.1    68   145   308   397   305   400 0.77 -
evm.utg868.41                        -            578 578734at33208        -            193   1.3e-28  101.3  30.5   5   6   1.6e-06   0.00048   21.2   0.9    76   149   341   424   336   426 0.82 -
evm.utg868.41                        -            578 578734at33208        -            193   1.3e-28  101.3  30.5   6   6   6.6e-06     0.002   19.1   2.5    65   146   447   537   432   548 0.76 -
evm.utg13730.13                      -            731 578734at33208        -            193     3e-28  100.1  29.8   1   6   8.6e-06    0.0026   18.8   1.3    97   168    46   124     9   128 0.65 -
evm.utg13730.13                      -            731 578734at33208        -            193     3e-28  100.1  29.8   2   6   4.7e-06    0.0014   19.6   2.2    66   112   151   200   137   202 0.85 -
evm.utg13730.13                      -            731 578734at33208        -            193     3e-28  100.1  29.8   3   6   3.1e-06   0.00094   20.2   0.1    67   128   198   268   197   277 0.85 -
evm.utg13730.13                      -            731 578734at33208        -            193     3e-28  100.1  29.8   4   6    0.0016      0.49   11.3   0.4    63   119   240   303   232   319 0.79 -
evm.utg13730.13                      -            731 578734at33208        -            193     3e-28  100.1  29.8   5   6   1.1e-10   3.2e-08   34.8   1.7    30   149   283   421   281   422 0.75 -
evm.utg13730.13                      -            731 578734at33208        -            193     3e-28  100.1  29.8   6   6   2.4e-05    0.0073   17.3   2.4    66   109   421   467   417   476 0.89 -
evm.utg597.118                       -           1121 578734at33208        -            193   1.1e-26   95.0  26.9   1   6   2.3e-08   6.8e-06   27.2   4.2    75   139    45   118    21   125 0.82 -
evm.utg597.118                       -           1121 578734at33208        -            193   1.1e-26   95.0  26.9   2   6   4.2e-05     0.013   16.5   0.4    68   112    84   131    82   138 0.86 -
evm.utg597.118                       -           1121 578734at33208        -            193   1.1e-26   95.0  26.9   3   6   2.5e-08   7.6e-06   27.0   0.8    67   130   152   224   137   226 0.78 -
evm.utg597.118                       -           1121 578734at33208        -            193   1.1e-26   95.0  26.9   4   6   3.4e-08     1e-05   26.6   0.4    67   148   198   288   197   290 0.86 -
evm.utg597.118                       -           1121 578734at33208        -            193   1.1e-26   95.0  26.9   5   6   1.9e-08   5.6e-06   27.5   1.7    68   149   291   381   289   383 0.87 -
evm.utg597.118                       -           1121 578734at33208        -            193   1.1e-26   95.0  26.9   6   6      0.57   1.7e+02    3.0   0.0    67    90   382   405   380   414 0.85 -
evm.utg8494.46                       -            874 578734at33208        -            193   1.4e-24   88.1  23.7   1   4   1.3e-09   3.8e-07   31.3   2.6    65   116    84   138    52   142 0.75 -
evm.utg8494.46                       -            874 578734at33208        -            193   1.4e-24   88.1  23.7   2   4   2.6e-09   7.9e-07   30.2   0.5    23   146   137   268   135   271 0.84 -
evm.utg8494.46                       -            874 578734at33208        -            193   1.4e-24   88.1  23.7   3   4   2.2e-06   0.00066   20.7   0.9    68   116   273   324   271   334 0.87 -
evm.utg8494.46                       -            874 578734at33208        -            193   1.4e-24   88.1  23.7   4   4   6.6e-05      0.02   15.9   1.4    67   116   341   393   321   400 0.79 -
evm.utg301.103                       -           1409 578734at33208        -            193   2.7e-24   87.2  16.2   1   5   3.5e-08   1.1e-05   26.6   0.1    66   146    49   138    13   141 0.82 -
evm.utg301.103                       -           1409 578734at33208        -            193   2.7e-24   87.2  16.2   2   5   1.3e-07   3.9e-05   24.7   1.0    29   146   107   230   104   230 0.82 -
evm.utg301.103                       -           1409 578734at33208        -            193   2.7e-24   87.2  16.2   3   5   2.3e-10     7e-08   33.7   0.2    67   149   188   279   185   285 0.86 -
evm.utg301.103                       -           1409 578734at33208        -            193   2.7e-24   87.2  16.2   4   5    0.0017      0.51   11.3   2.3    60   102   296   341   279   348 0.44 -
evm.utg301.103                       -           1409 578734at33208        -            193   2.7e-24   87.2  16.2   5   5   2.4e-05    0.0071   17.3   0.2    51   111   333   395   331   413 0.63 -
evm.utg622.139                       -            575 578734at33208        -            193   4.3e-20   73.5  18.5   1   7     2e-05    0.0061   17.6   0.0    70   171     5   119     2   122 0.78 -
evm.utg622.139                       -            575 578734at33208        -            193   4.3e-20   73.5  18.5   2   7     0.031       9.2    7.2   0.0    66   112   120   170   117   175 0.84 -
evm.utg622.139                       -            575 578734at33208        -            193   4.3e-20   73.5  18.5   3   7   0.00021     0.062   14.3   0.0    34   111   137   217   131   221 0.73 -
evm.utg622.139                       -            575 578734at33208        -            193   4.3e-20   73.5  18.5   4   7   2.1e-11   6.4e-09   37.1   3.4     9   149   160   311   151   314 0.84 -
evm.utg622.139                       -            575 578734at33208        -            193   4.3e-20   73.5  18.5   5   7    0.0023       0.7   10.8   0.1    74   112   296   338   291   345 0.80 -
evm.utg622.139                       -            575 578734at33208        -            193   4.3e-20   73.5  18.5   6   7     0.062        19    6.2   0.0    70   112   364   410   356   419 0.80 -
evm.utg622.139                       -            575 578734at33208        -            193   4.3e-20   73.5  18.5   7   7     0.046        14    6.6   0.9    30    92   418   480   412   514 0.80 -
evm.utg622.139.1.5c22f2ea            -            575 578734at33208        -            193   4.3e-20   73.5  18.5   1   7     2e-05    0.0061   17.6   0.0    70   171     5   119     2   122 0.78 -
evm.utg622.139.1.5c22f2ea            -            575 578734at33208        -            193   4.3e-20   73.5  18.5   2   7     0.031       9.2    7.2   0.0    66   112   120   170   117   175 0.84 -
evm.utg622.139.1.5c22f2ea            -            575 578734at33208        -            193   4.3e-20   73.5  18.5   3   7   0.00021     0.062   14.3   0.0    34   111   137   217   131   221 0.73 -
evm.utg622.139.1.5c22f2ea            -            575 578734at33208        -            193   4.3e-20   73.5  18.5   4   7   2.1e-11   6.4e-09   37.1   3.4     9   149   160   311   151   314 0.84 -
evm.utg622.139.1.5c22f2ea            -            575 578734at33208        -            193   4.3e-20   73.5  18.5   5   7    0.0023       0.7   10.8   0.1    74   112   296   338   291   345 0.80 -
evm.utg622.139.1.5c22f2ea            -            575 578734at33208        -            193   4.3e-20   73.5  18.5   6   7     0.062        19    6.2   0.0    70   112   364   410   356   419 0.80 -
evm.utg622.139.1.5c22f2ea            -            575 578734at33208        -            193   4.3e-20   73.5  18.5   7   7     0.046        14    6.6   0.9    30    92   418   480   412   514 0.80 -
evm.utg13.39                         -           2804 578734at33208        -            193   1.9e-19   71.4  35.1   1   8    0.0066         2    9.4   1.6    71   132   135   198   125   203 0.76 -
evm.utg13.39                         -           2804 578734at33208        -            193   1.9e-19   71.4  35.1   2   8   1.1e-05    0.0033   18.4   4.5    29   150   164   299   163   331 0.73 -
evm.utg13.39                         -           2804 578734at33208        -            193   1.9e-19   71.4  35.1   3   8   0.00062      0.19   12.7   0.0    29   130   351   452   340   457 0.88 -
evm.utg13.39                         -           2804 578734at33208        -            193   1.9e-19   71.4  35.1   4   8     0.003      0.91   10.5   0.3    59   129   466   551   455   567 0.67 -
evm.utg13.39                         -           2804 578734at33208        -            193   1.9e-19   71.4  35.1   5   8   0.00019     0.058   14.4   1.6    20   112   528   621   524   646 0.82 -
evm.utg13.39                         -           2804 578734at33208        -            193   1.9e-19   71.4  35.1   6   8   0.00079      0.24   12.4   0.1    22   115   600   696   599   701 0.77 -
evm.utg13.39                         -           2804 578734at33208        -            193   1.9e-19   71.4  35.1   7   8     0.022       6.7    7.6   0.3    29   133   818   933   811   951 0.73 -
evm.utg13.39                         -           2804 578734at33208        -            193   1.9e-19   71.4  35.1   8   8   0.00042      0.13   13.3   0.2    30   115   916  1002   907  1009 0.78 -
evm.utg3884.22.2.5c22f02b            -            749 578734at33208        -            193   2.2e-19   71.2  29.1   1   7      0.01       3.1    8.7   0.1    81   111    47    78    33    83 0.81 -
evm.utg3884.22.2.5c22f02b            -            749 578734at33208        -            193   2.2e-19   71.2  29.1   2   7   1.3e-05    0.0038   18.2   0.8    72   148    83   170    80   171 0.82 -
evm.utg3884.22.2.5c22f02b            -            749 578734at33208        -            193   2.2e-19   71.2  29.1   3   7   1.2e-05    0.0036   18.3   2.9    31   111   115   196   110   201 0.50 -
evm.utg3884.22.2.5c22f02b            -            749 578734at33208        -            193   2.2e-19   71.2  29.1   4   7      0.04        12    6.8   0.3    70   123   199   255   195   259 0.75 -
evm.utg3884.22.2.5c22f02b            -            749 578734at33208        -            193   2.2e-19   71.2  29.1   5   7     9e-08   2.7e-05   25.2   2.0    53   148   276   379   246   383 0.76 -
evm.utg3884.22.2.5c22f02b            -            749 578734at33208        -            193   2.2e-19   71.2  29.1   6   7   0.00054      0.16   12.9   0.1    67   112   381   430   379   435 0.86 -
evm.utg3884.22.2.5c22f02b            -            749 578734at33208        -            193   2.2e-19   71.2  29.1   7   7    0.0073       2.2    9.2   0.7    78   129   416   476   416   487 0.71 -
evm.utg3884.22                       -            914 578734at33208        -            193   4.7e-19   70.1  28.5   1   7     0.013       3.9    8.4   0.1    81   111    47    78    32    83 0.81 -
evm.utg3884.22                       -            914 578734at33208        -            193   4.7e-19   70.1  28.5   2   7   1.7e-05    0.0051   17.8   0.8    72   148    83   170    80   171 0.82 -
evm.utg3884.22                       -            914 578734at33208        -            193   4.7e-19   70.1  28.5   3   7   6.3e-05     0.019   15.9   1.2    61   112   143   197   130   201 0.75 -
evm.utg3884.22                       -            914 578734at33208        -            193   4.7e-19   70.1  28.5   4   7    0.0013      0.38   11.7   2.0    67   146   172   261   171   270 0.76 -
evm.utg3884.22                       -            914 578734at33208        -            193   4.7e-19   70.1  28.5   5   7   1.1e-07   3.3e-05   25.0   1.9    53   148   276   379   246   383 0.76 -
evm.utg3884.22                       -            914 578734at33208        -            193   4.7e-19   70.1  28.5   6   7   0.00072      0.22   12.5   0.1    67   112   381   430   379   434 0.86 -
evm.utg3884.22                       -            914 578734at33208        -            193   4.7e-19   70.1  28.5   7   7    0.0087       2.6    9.0   0.8    78   129   416   476   415   487 0.72 -
evm.utg10.10                         -           2734 578734at33208        -            193   5.7e-19   69.9  33.4   1  10    0.0013      0.39   11.6   2.1    69   132   133   198   103   202 0.73 -
evm.utg10.10                         -           2734 578734at33208        -            193   5.7e-19   69.9  33.4   2  10   6.8e-06     0.002   19.1   0.1    68   149   201   298   187   303 0.78 -
evm.utg10.10                         -           2734 578734at33208        -            193   5.7e-19   69.9  33.4   3  10     0.073        22    6.0   0.1    67   112   332   382   302   389 0.72 -
evm.utg10.10                         -           2734 578734at33208        -            193   5.7e-19   69.9  33.4   4  10     0.034        10    7.0   0.1    35    98   333   396   324   411 0.72 -
evm.utg10.10                         -           2734 578734at33208        -            193   5.7e-19   69.9  33.4   5  10    0.0025      0.74   10.8   0.2    60   128   419   502   395   507 0.66 -
evm.utg10.10                         -           2734 578734at33208        -            193   5.7e-19   69.9  33.4   6  10    0.0007      0.21   12.5   1.7    23   111   483   572   478   581 0.79 -
evm.utg10.10                         -           2734 578734at33208        -            193   5.7e-19   69.9  33.4   7  10      0.61   1.8e+02    2.9   0.0    80   115   609   648   598   654 0.82 -
evm.utg10.10                         -           2734 578734at33208        -            193   5.7e-19   69.9  33.4   8  10       5.5   1.7e+03   -0.2   0.1   112   149   719   756   717   766 0.86 -
evm.utg10.10                         -           2734 578734at33208        -            193   5.7e-19   69.9  33.4   9  10     0.012       3.7    8.5   0.2    30   134   746   861   742   880 0.69 -
evm.utg10.10                         -           2734 578734at33208        -            193   5.7e-19   69.9  33.4  10  10   0.00017     0.052   14.5   0.4    70   115   882   929   835   935 0.71 -
evm.utg3884.22.1.5c22f02b            -            890 578734at33208        -            193   2.3e-18   67.9  25.9   1   6     0.014       4.1    8.3   0.1    81   111    47    78    34    82 0.82 -
evm.utg3884.22.1.5c22f02b            -            890 578734at33208        -            193   2.3e-18   67.9  25.9   2   6   1.6e-06   0.00048   21.2   2.1    43   148    87   169    82   179 0.42 -
evm.utg3884.22.1.5c22f02b            -            890 578734at33208        -            193   2.3e-18   67.9  25.9   3   6     0.051        15    6.5   0.4    70   123   175   231   170   233 0.75 -
evm.utg3884.22.1.5c22f02b            -            890 578734at33208        -            193   2.3e-18   67.9  25.9   4   6     2e-07     6e-05   24.1   2.5    59   148   258   355   223   358 0.77 -
evm.utg3884.22.1.5c22f02b            -            890 578734at33208        -            193   2.3e-18   67.9  25.9   5   6   0.00066       0.2   12.6   0.1    67   112   357   406   355   411 0.86 -
evm.utg3884.22.1.5c22f02b            -            890 578734at33208        -            193   2.3e-18   67.9  25.9   6   6    0.0086       2.6    9.0   0.6    78   129   392   452   392   463 0.71 -
evm.utg209.30                        -            987 578734at33208        -            193   2.6e-17   64.4  22.0   1   6      0.12        37    5.2   0.1    79   114    42    78    37    80 0.85 -
evm.utg209.30                        -            987 578734at33208        -            193   2.6e-17   64.4  22.0   2   6   1.6e-05    0.0048   17.9   0.7    70   128    78   146    76   147 0.76 -
evm.utg209.30                        -            987 578734at33208        -            193   2.6e-17   64.4  22.0   3   6   8.9e-10   2.7e-07   31.8   5.4    26   132   105   220   103   235 0.75 -
evm.utg209.30                        -            987 578734at33208        -            193   2.6e-17   64.4  22.0   4   6   0.00051      0.15   13.0   0.1    69   148   194   287   192   289 0.73 -
evm.utg209.30                        -            987 578734at33208        -            193   2.6e-17   64.4  22.0   5   6   0.00066       0.2   12.6   0.2    62   109   285   336   274   344 0.78 -
evm.utg209.30                        -            987 578734at33208        -            193   2.6e-17   64.4  22.0   6   6     0.015       4.4    8.2   0.0    70   114   344   392   338   399 0.79 -
evm.utg256.24                        -           2633 578734at33208        -            193   2.7e-17   64.4  30.4   1   5      0.35   1.1e+02    3.7   1.0    40   107   278   343   254   353 0.88 -
evm.utg256.24                        -           2633 578734at33208        -            193   2.7e-17   64.4  30.4   2   5   1.3e-07     4e-05   24.7   0.5    27   112  1069  1162  1044  1191 0.72 -
evm.utg256.24                        -           2633 578734at33208        -            193   2.7e-17   64.4  30.4   3   5      0.27        81    4.1   0.0    78   112  1172  1210  1160  1211 0.81 -
evm.utg256.24                        -           2633 578734at33208        -            193   2.7e-17   64.4  30.4   4   5   2.4e-08   7.3e-06   27.1   1.8    79   149  1197  1278  1189  1285 0.78 -
evm.utg256.24                        -           2633 578734at33208        -            193   2.7e-17   64.4  30.4   5   5   2.2e-07   6.6e-05   24.0   4.0    26   112  1292  1382  1284  1403 0.76 -
evm.utg8792.62                       -            349 578734at33208        -            193   4.9e-17   63.5  17.0   1   3   4.9e-07   0.00015   22.8   0.8    56   112    15    74     6    81 0.83 -
evm.utg8792.62                       -            349 578734at33208        -            193   4.9e-17   63.5  17.0   2   3   9.8e-09   2.9e-06   28.4   7.0    32   148    63   186    62   188 0.76 -
evm.utg8792.62                       -            349 578734at33208        -            193   4.9e-17   63.5  17.0   3   3     4e-07   0.00012   23.1   0.2    54   114   175   238   173   244 0.84 -
evm.utg622.129                       -           1256 578734at33208        -            193   5.8e-17   63.3  32.8   1   4   0.00018     0.054   14.5   0.9    26   107     6    89     4    93 0.70 -
evm.utg622.129                       -           1256 578734at33208        -            193   5.8e-17   63.3  32.8   2   4   1.3e-07     4e-05   24.7   9.3    51   148    78   185    74   190 0.82 -
evm.utg622.129                       -           1256 578734at33208        -            193   5.8e-17   63.3  32.8   3   4     2e-07     6e-05   24.1  12.9    29   150   175   305   174   310 0.81 -
evm.utg622.129                       -           1256 578734at33208        -            193   5.8e-17   63.3  32.8   4   4      0.02       6.1    7.8   0.1    65   106   329   372   318   380 0.73 -
evm.utg11415.49                      -            992 578734at33208        -            193   7.7e-17   62.9  21.7   1   5      0.12        35    5.3   0.1    79   114    42    78    37    81 0.85 -
evm.utg11415.49                      -            992 578734at33208        -            193   7.7e-17   62.9  21.7   2   5   3.6e-08   1.1e-05   26.5   2.3    70   146    78   165    77   167 0.82 -
evm.utg11415.49                      -            992 578734at33208        -            193   7.7e-17   62.9  21.7   3   5   2.9e-09   8.7e-07   30.1   2.8    74   171   129   238   124   244 0.80 -
evm.utg11415.49                      -            992 578734at33208        -            193   7.7e-17   62.9  21.7   4   5   1.8e-05    0.0054   17.7   2.4    41   148   274   387   249   388 0.71 -
evm.utg11415.49                      -            992 578734at33208        -            193   7.7e-17   62.9  21.7   5   5     0.011       3.3    8.7   0.1    70   115   345   394   339   408 0.81 -
evm.utg15164.12                      -           2633 578734at33208        -            193   9.1e-17   62.7  38.5   1   4       6.5   1.9e+03   -0.4   0.5    56   136   177   260   167   267 0.77 -
evm.utg15164.12                      -           2633 578734at33208        -            193   9.1e-17   62.7  38.5   2   4   7.7e-08   2.3e-05   25.5   0.5    28   112  1073  1165  1047  1194 0.77 -
evm.utg15164.12                      -           2633 578734at33208        -            193   9.1e-17   62.7  38.5   3   4   1.2e-09   3.6e-07   31.3   2.2    78   149  1199  1281  1184  1288 0.79 -
evm.utg15164.12                      -           2633 578734at33208        -            193   9.1e-17   62.7  38.5   4   4   4.2e-08   1.2e-05   26.3   4.5    26   112  1295  1385  1286  1406 0.77 -
evm.utg1051.11                       -            284 578734at33208        -            193   3.6e-16   60.7  17.7   1   5     0.056        17    6.3   0.3   117   147    23    53    14    57 0.72 -
evm.utg1051.11                       -            284 578734at33208        -            193   3.6e-16   60.7  17.7   2   5   8.1e-08   2.4e-05   25.4   1.0    69   148    58   146    53   148 0.83 -
evm.utg1051.11                       -            284 578734at33208        -            193   3.6e-16   60.7  17.7   3   5   2.4e-05    0.0071   17.3   0.1    66   112   124   173   113   175 0.84 -
evm.utg1051.11                       -            284 578734at33208        -            193   3.6e-16   60.7  17.7   4   5     4e-08   1.2e-05   26.4   0.6    67   116   171   223   170   225 0.89 -
evm.utg1051.11                       -            284 578734at33208        -            193   3.6e-16   60.7  17.7   5   5      0.18        53    4.7   0.1    74    99   225   250   221   257 0.55 -
evm.utg1051.11.1.5c22e830            -            229 578734at33208        -            193     1e-15   59.2  12.2   1   4   1.1e-07   3.3e-05   24.9   1.0    69   146     3    89     2    91 0.82 -
evm.utg1051.11.1.5c22e830            -            229 578734at33208        -            193     1e-15   59.2  12.2   2   4   1.4e-05    0.0043   18.0   0.2    66   112    69   118    55   120 0.83 -
evm.utg1051.11.1.5c22e830            -            229 578734at33208        -            193     1e-15   59.2  12.2   3   4   3.2e-08   9.6e-06   26.7   0.6    67   116   116   168   115   169 0.89 -
evm.utg1051.11.1.5c22e830            -            229 578734at33208        -            193     1e-15   59.2  12.2   4   4       0.1        30    5.5   0.1    73    99   169   195   165   203 0.54 -
evm.utg3156.4                        -            287 578734at33208        -            193   2.6e-15   57.9  18.5   1   4     0.053        16    6.4   0.3   117   147    23    53    11    57 0.73 -
evm.utg3156.4                        -            287 578734at33208        -            193   2.6e-15   57.9  18.5   2   4   1.7e-07     5e-05   24.3   1.0    69   148    58   146    54   148 0.83 -
evm.utg3156.4                        -            287 578734at33208        -            193   2.6e-15   57.9  18.5   3   4   1.5e-07   4.5e-05   24.5   0.8    67   116   171   223   170   226 0.89 -
evm.utg3156.4                        -            287 578734at33208        -            193   2.6e-15   57.9  18.5   4   4      0.14        41    5.1   0.1    73    99   224   250   220   258 0.54 -
evm.utg214.74.1.5c22ed07             -            262 578734at33208        -            193   4.7e-15   57.1  11.9   1   3   1.5e-09   4.5e-07   31.0   3.5    71   147    35   120    25   121 0.82 -
evm.utg214.74.1.5c22ed07             -            262 578734at33208        -            193   4.7e-15   57.1  11.9   2   3   1.8e-09   5.4e-07   30.8   0.5    21   113    80   174    80   178 0.87 -
evm.utg214.74.1.5c22ed07             -            262 578734at33208        -            193   4.7e-15   57.1  11.9   3   3    0.0003     0.089   13.8   0.2    66    99   170   203   169   206 0.93 -
evm.utg214.74                        -            274 578734at33208        -            193   6.1e-15   56.7  11.9   1   3   1.1e-09   3.4e-07   31.4   3.7    71   148    35   121    25   122 0.83 -
evm.utg214.74                        -            274 578734at33208        -            193   6.1e-15   56.7  11.9   2   3   3.4e-09     1e-06   29.9   0.6    21   112    80   173    80   175 0.87 -
evm.utg214.74                        -            274 578734at33208        -            193   6.1e-15   56.7  11.9   3   3   0.00032     0.095   13.7   0.2    66    99   170   203   169   206 0.93 -
evm.utg512.14                        -            274 578734at33208        -            193   1.8e-14   55.2  11.9   1   3   2.3e-09   6.8e-07   30.4   4.2    71   148    35   121    25   122 0.82 -
evm.utg512.14                        -            274 578734at33208        -            193   1.8e-14   55.2  11.9   2   3   7.7e-09   2.3e-06   28.7   0.4    21   112    80   173    80   175 0.87 -
evm.utg512.14                        -            274 578734at33208        -            193   1.8e-14   55.2  11.9   3   3   0.00043      0.13   13.2   0.2    66    99   170   203   167   206 0.93 -
evm.utg597.118.1.5c22f2a8            -            942 578734at33208        -            193   2.6e-14   54.6  10.4   1   3   1.6e-08   4.7e-06   27.7   0.7    66   148    18   109     1   111 0.82 -
evm.utg597.118.1.5c22f2a8            -            942 578734at33208        -            193   2.6e-14   54.6  10.4   2   3   1.4e-08   4.1e-06   27.9   1.4    68   149   112   202   110   203 0.87 -
evm.utg597.118.1.5c22f2a8            -            942 578734at33208        -            193   2.6e-14   54.6  10.4   3   3      0.54   1.6e+02    3.1   0.0    68    90   204   226   202   233 0.85 -
evm.utg1565.16.1.5c22eb43            -            656 578734at33208        -            193   4.1e-14   54.0   7.1   1   2     2e-05    0.0061   17.6   0.1    80   131    44   103    37   108 0.77 -
evm.utg1565.16.1.5c22eb43            -            656 578734at33208        -            193   4.1e-14   54.0   7.1   2   2   3.6e-08   1.1e-05   26.5   3.3    29   112   109   191   109   199 0.74 -
evm.utg1565.16.2.5c22eb44            -            665 578734at33208        -            193   5.4e-14   53.6   7.2   1   2     2e-05     0.006   17.6   0.1    80   131    44   103    36   108 0.77 -
evm.utg1565.16.2.5c22eb44            -            665 578734at33208        -            193   5.4e-14   53.6   7.2   2   2   3.7e-08   1.1e-05   26.5   3.3    29   112   109   191   109   199 0.74 -
evm.utg1565.16                       -            696 578734at33208        -            193     6e-14   53.5   7.2   1   2     2e-05     0.006   17.6   0.1    80   131    44   103    33   108 0.78 -
evm.utg1565.16                       -            696 578734at33208        -            193     6e-14   53.5   7.2   2   2     4e-08   1.2e-05   26.4   3.3    29   112   109   191   109   197 0.74 -
evm.utg1663.49                       -            425 578734at33208        -            193   6.1e-14   53.4   7.4   1   3   2.2e-06   0.00066   20.7   0.1    66   101     4    39     1    41 0.93 -
evm.utg1663.49                       -            425 578734at33208        -            193   6.1e-14   53.4   7.4   2   3   6.2e-13   1.9e-10   42.1   3.9    68   150    29   119    29   125 0.85 -
evm.utg1663.49                       -            425 578734at33208        -            193   6.1e-14   53.4   7.4   3   3      0.22        67    4.4   0.3    68    89   120   141   117   149 0.62 -
evm.utg1565.16.3.5c22eb44            -            705 578734at33208        -            193   7.4e-14   53.2   7.2   1   2   5.1e-08   1.5e-05   26.0   1.1     2   120     3   131     2   139 0.59 -
evm.utg1565.16.3.5c22eb44            -            705 578734at33208        -            193   7.4e-14   53.2   7.2   2   2   4.2e-08   1.3e-05   26.3   3.3    29   112   109   191   109   197 0.74 -
evm.utg378.143                       -            361 578734at33208        -            193   4.1e-13   50.7  13.5   1   2   1.9e-07   5.8e-05   24.1   5.4    32   149    46   169    17   170 0.79 -
evm.utg378.143                       -            361 578734at33208        -            193   4.1e-13   50.7  13.5   2   2   4.4e-08   1.3e-05   26.3   1.0    67   119   170   225   169   232 0.86 -
evm.utg15156.4.3.5c22eb03            -           1027 578734at33208        -            193   7.7e-13   49.8  14.6   1   4       2.9   8.7e+02    0.7   0.0    38    85    45    89    31    95 0.70 -
evm.utg15156.4.3.5c22eb03            -           1027 578734at33208        -            193   7.7e-13   49.8  14.6   2   4   1.1e-06   0.00032   21.7   0.7    66   143    98   185    74   187 0.77 -
evm.utg15156.4.3.5c22eb03            -           1027 578734at33208        -            193   7.7e-13   49.8  14.6   3   4   1.3e-08   3.9e-06   28.0   4.1    67   149   169   260   160   261 0.85 -
evm.utg15156.4.3.5c22eb03            -           1027 578734at33208        -            193   7.7e-13   49.8  14.6   4   4     0.012       3.6    8.5   0.1    67    99   261   293   259   299 0.93 -
evm.utg15156.4.3.5c22eb03.3.5c27903b -           1027 578734at33208        -            193   7.7e-13   49.8  14.6   1   4       2.9   8.7e+02    0.7   0.0    38    85    45    89    31    95 0.70 -
evm.utg15156.4.3.5c22eb03.3.5c27903b -           1027 578734at33208        -            193   7.7e-13   49.8  14.6   2   4   1.1e-06   0.00032   21.7   0.7    66   143    98   185    74   187 0.77 -
evm.utg15156.4.3.5c22eb03.3.5c27903b -           1027 578734at33208        -            193   7.7e-13   49.8  14.6   3   4   1.3e-08   3.9e-06   28.0   4.1    67   149   169   260   160   261 0.85 -
evm.utg15156.4.3.5c22eb03.3.5c27903b -           1027 578734at33208        -            193   7.7e-13   49.8  14.6   4   4     0.012       3.6    8.5   0.1    67    99   261   293   259   299 0.93 -
evm.utg15156.4.3.5c22eb03.1.5c27903a -           1041 578734at33208        -            193   8.3e-13   49.7  14.6   1   4       2.9   8.8e+02    0.7   0.0    38    85    45    89    31    95 0.70 -
evm.utg15156.4.3.5c22eb03.1.5c27903a -           1041 578734at33208        -            193   8.3e-13   49.7  14.6   2   4   4.9e-07   0.00015   22.8   0.8    66   145    98   187    73   191 0.76 -
evm.utg15156.4.3.5c22eb03.1.5c27903a -           1041 578734at33208        -            193   8.3e-13   49.7  14.6   3   4   1.3e-08     4e-06   27.9   4.3    67   149   169   260   160   262 0.85 -
evm.utg15156.4.3.5c22eb03.1.5c27903a -           1041 578734at33208        -            193   8.3e-13   49.7  14.6   4   4     0.014       4.1    8.3   0.1    67    99   261   293   260   298 0.93 -
evm.utg15156.4.3.5c22eb03.2.5c27903b -           1041 578734at33208        -            193   8.3e-13   49.7  14.6   1   4       2.9   8.8e+02    0.7   0.0    38    85    45    89    31    95 0.70 -
evm.utg15156.4.3.5c22eb03.2.5c27903b -           1041 578734at33208        -            193   8.3e-13   49.7  14.6   2   4   4.9e-07   0.00015   22.8   0.8    66   145    98   187    73   191 0.76 -
evm.utg15156.4.3.5c22eb03.2.5c27903b -           1041 578734at33208        -            193   8.3e-13   49.7  14.6   3   4   1.3e-08     4e-06   27.9   4.3    67   149   169   260   160   262 0.85 -
evm.utg15156.4.3.5c22eb03.2.5c27903b -           1041 578734at33208        -            193   8.3e-13   49.7  14.6   4   4     0.014       4.1    8.3   0.1    67    99   261   293   260   298 0.93 -
evm.utg498.77                        -            486 578734at33208        -            193   8.5e-13   49.7  22.5   1   3   3.8e-06    0.0011   19.9   7.1     4   149    24   178    21   202 0.64 -
evm.utg498.77                        -            486 578734at33208        -            193   8.5e-13   49.7  22.5   2   3   4.5e-07   0.00014   22.9   2.4    72   148   185   267   179   271 0.68 -
evm.utg498.77                        -            486 578734at33208        -            193   8.5e-13   49.7  22.5   3   3   0.00047      0.14   13.1   0.8    70   111   271   315   266   345 0.85 -
evm.utg15156.4.2.5c22eb03            -           1027 578734at33208        -            193   1.2e-12   49.2  15.7   1   4       2.9   8.7e+02    0.7   0.0    38    85    45    89    31    95 0.70 -
evm.utg15156.4.2.5c22eb03            -           1027 578734at33208        -            193   1.2e-12   49.2  15.7   2   4   1.1e-06   0.00032   21.7   0.7    66   143    98   185    74   187 0.77 -
evm.utg15156.4.2.5c22eb03            -           1027 578734at33208        -            193   1.2e-12   49.2  15.7   3   4   1.3e-08   3.9e-06   28.0   4.1    67   149   169   260   160   261 0.85 -
evm.utg15156.4.2.5c22eb03            -           1027 578734at33208        -            193   1.2e-12   49.2  15.7   4   4     0.012       3.6    8.5   0.1    67    99   261   293   259   299 0.93 -
evm.utg15156.4                       -           1041 578734at33208        -            193   1.3e-12   49.1  15.7   1   4       2.9   8.8e+02    0.7   0.0    38    85    45    89    31    95 0.70 -
evm.utg15156.4                       -           1041 578734at33208        -            193   1.3e-12   49.1  15.7   2   4   4.9e-07   0.00015   22.8   0.8    66   145    98   187    73   191 0.76 -
evm.utg15156.4                       -           1041 578734at33208        -            193   1.3e-12   49.1  15.7   3   4   1.3e-08     4e-06   27.9   4.3    67   149   169   260   160   262 0.85 -
evm.utg15156.4                       -           1041 578734at33208        -            193   1.3e-12   49.1  15.7   4   4     0.014       4.1    8.3   0.1    67    99   261   293   260   298 0.93 -
evm.utg15156.4.1.5c22eb03            -           1041 578734at33208        -            193   1.3e-12   49.1  15.7   1   4       2.9   8.8e+02    0.7   0.0    38    85    45    89    31    95 0.70 -
evm.utg15156.4.1.5c22eb03            -           1041 578734at33208        -            193   1.3e-12   49.1  15.7   2   4   4.9e-07   0.00015   22.8   0.8    66   145    98   187    73   191 0.76 -
evm.utg15156.4.1.5c22eb03            -           1041 578734at33208        -            193   1.3e-12   49.1  15.7   3   4   1.3e-08     4e-06   27.9   4.3    67   149   169   260   160   262 0.85 -
evm.utg15156.4.1.5c22eb03            -           1041 578734at33208        -            193   1.3e-12   49.1  15.7   4   4     0.014       4.1    8.3   0.1    67    99   261   293   260   298 0.93 -
evm.utg762.17                        -           1043 578734at33208        -            193   2.7e-12   48.1  16.5   1   3       1.3   3.8e+02    1.9   0.0    38    85    45    89    31    94 0.70 -
evm.utg762.17                        -           1043 578734at33208        -            193   2.7e-12   48.1  16.5   2   3   1.6e-06   0.00049   21.1   0.5    66   146    98   188    74   192 0.78 -
evm.utg762.17                        -           1043 578734at33208        -            193   2.7e-12   48.1  16.5   3   3   4.1e-09   1.2e-06   29.6   8.2    68   175   170   283   162   308 0.78 -
evm.utg150.31                        -            371 578734at33208        -            193   3.8e-12   47.6  12.8   1   3   3.3e-06     0.001   20.1   0.7    73   149    17   102     9   103 0.83 -
evm.utg150.31                        -            371 578734at33208        -            193   3.8e-12   47.6  12.8   2   3   3.2e-06   0.00097   20.2   1.1    67   115   103   154   101   170 0.86 -
evm.utg150.31                        -            371 578734at33208        -            193   3.8e-12   47.6  12.8   3   3    0.0011      0.32   11.9   1.0    66    98   171   203   158   226 0.79 -
evm.utg2801.39                       -            976 578734at33208        -            193   1.1e-11   46.0  10.0   1   3   0.00033     0.099   13.6   0.0    72   112    44    87    32    90 0.73 -
evm.utg2801.39                       -            976 578734at33208        -            193   1.1e-11   46.0  10.0   2   3   2.3e-06   0.00068   20.7   1.3    67   115    85   136    83   144 0.86 -
evm.utg2801.39                       -            976 578734at33208        -            193   1.1e-11   46.0  10.0   3   3    0.0001     0.031   15.2   0.8    67   115   154   205   134   223 0.76 -
evm.utg216.1                         -            619 578734at33208        -            193     2e-11   45.2  31.4   1   4   1.7e-05    0.0051   17.8   4.8    73   149    79   167    64   183 0.66 -
evm.utg216.1                         -            619 578734at33208        -            193     2e-11   45.2  31.4   2   4   0.00012     0.037   15.0   1.4    72   133   198   270   185   277 0.75 -
evm.utg216.1                         -            619 578734at33208        -            193     2e-11   45.2  31.4   3   4   1.2e-05    0.0037   18.2   4.7    23   127   328   439   322   456 0.82 -
evm.utg216.1                         -            619 578734at33208        -            193     2e-11   45.2  31.4   4   4     0.014       4.1    8.3   1.3    28   133   426   536   421   542 0.65 -
evm.utg14533.8                       -            665 578734at33208        -            193   3.3e-10   41.3  14.9   1   3   0.00012     0.037   15.0   1.0    39   118   412   491   383   492 0.75 -
evm.utg14533.8                       -            665 578734at33208        -            193   3.3e-10   41.3  14.9   2   3   3.8e-10   1.2e-07   33.0   1.2    67   148   460   549   459   551 0.85 -
evm.utg14533.8                       -            665 578734at33208        -            193   3.3e-10   41.3  14.9   3   3   9.6e-06    0.0029   18.6   0.5    68   123   507   562   506   594 0.75 -
evm.utg126.129.1.5c22e9a0            -           2687 578734at33208        -            193   5.2e-10   40.6  15.6   1   5    0.0029      0.86   10.5   0.2    75   113   519   560   509   573 0.79 -
evm.utg126.129.1.5c22e9a0            -           2687 578734at33208        -            193   5.2e-10   40.6  15.6   2   5     0.029       8.8    7.2   0.0    72   115   605   651   587   653 0.85 -
evm.utg126.129.1.5c22e9a0            -           2687 578734at33208        -            193   5.2e-10   40.6  15.6   3   5       1.6   4.9e+02    1.6   0.1    27    59   655   687   652   703 0.72 -
evm.utg126.129.1.5c22e9a0            -           2687 578734at33208        -            193   5.2e-10   40.6  15.6   4   5     0.003      0.89   10.5   1.0    76   129   776   839   754   847 0.71 -
evm.utg126.129.1.5c22e9a0            -           2687 578734at33208        -            193   5.2e-10   40.6  15.6   5   5   0.00011     0.032   15.2   0.2    24   112   886   982   868   990 0.82 -
evm.utg126.129                       -           2705 578734at33208        -            193   6.1e-10   40.4  15.8   1   5     0.003      0.89   10.5   0.2    75   113   519   560   510   573 0.78 -
evm.utg126.129                       -           2705 578734at33208        -            193   6.1e-10   40.4  15.8   2   5     0.029       8.8    7.2   0.0    72   115   605   651   587   653 0.85 -
evm.utg126.129                       -           2705 578734at33208        -            193   6.1e-10   40.4  15.8   3   5       1.6   4.9e+02    1.5   0.1    27    59   655   687   652   703 0.72 -
evm.utg126.129                       -           2705 578734at33208        -            193   6.1e-10   40.4  15.8   4   5     0.003       0.9   10.5   1.0    76   129   776   839   754   847 0.71 -
evm.utg126.129                       -           2705 578734at33208        -            193   6.1e-10   40.4  15.8   5   5   0.00011     0.032   15.2   0.2    24   112   886   982   868   990 0.82 -
evm.utg912.7                         -            279 578734at33208        -            193   6.5e-10   40.3   3.4   1   1   2.1e-11   6.4e-09   37.1   2.4    14   115    25   126    17   164 0.83 -
evm.utg2129.16                       -           2376 578734at33208        -            193   6.6e-10   40.3  21.3   1   4   4.6e-06    0.0014   19.7   8.5    33   149   302   403   288   404 0.81 -
evm.utg2129.16                       -           2376 578734at33208        -            193   6.6e-10   40.3  21.3   2   4   2.4e-05    0.0073   17.3   0.2    67   148   404   494   403   495 0.82 -
evm.utg2129.16                       -           2376 578734at33208        -            193   6.6e-10   40.3  21.3   3   4    0.0084       2.5    9.0   0.1    76   114   459   500   451   532 0.73 -
evm.utg2129.16                       -           2376 578734at33208        -            193   6.6e-10   40.3  21.3   4   4      0.29        88    4.0   0.6    27    94   561   626   549   629 0.58 -
evm.utg8931.2                        -           2437 578734at33208        -            193   1.5e-09   39.1  15.4   1   5    0.0025      0.75   10.7   0.1    75   113   247   288   237   304 0.79 -
evm.utg8931.2                        -           2437 578734at33208        -            193   1.5e-09   39.1  15.4   2   5     0.036        11    7.0   0.0    72   114   333   378   319   381 0.85 -
evm.utg8931.2                        -           2437 578734at33208        -            193   1.5e-09   39.1  15.4   3   5     0.028       8.6    7.3   0.0    22    60   355   400   352   431 0.65 -
evm.utg8931.2                        -           2437 578734at33208        -            193   1.5e-09   39.1  15.4   4   5    0.0025      0.75   10.7   0.8    76   129   508   571   485   578 0.72 -
evm.utg8931.2                        -           2437 578734at33208        -            193   1.5e-09   39.1  15.4   5   5   0.00046      0.14   13.1   0.7    25   112   619   714   603   720 0.81 -
evm.utg1051.100                      -           2256 578734at33208        -            193   2.1e-09   38.7  23.4   1   4   4.5e-06    0.0014   19.7   8.8    33   149   302   403   289   404 0.81 -
evm.utg1051.100                      -           2256 578734at33208        -            193   2.1e-09   38.7  23.4   2   4   2.8e-05    0.0085   17.1   0.2    67   148   404   494   403   495 0.82 -
evm.utg1051.100                      -           2256 578734at33208        -            193   2.1e-09   38.7  23.4   3   4    0.0054       1.6    9.6   0.1    75   114   458   500   450   523 0.73 -
evm.utg1051.100                      -           2256 578734at33208        -            193   2.1e-09   38.7  23.4   4   4      0.17        50    4.8   0.4    27    93   561   625   549   629 0.52 -
evm.utg320.24.1.5c22eef3             -            244 578734at33208        -            193   2.2e-09   38.6   4.0   1   1   1.2e-11   3.7e-09   37.8   0.8    16   111    27   122    21   132 0.87 -
evm.utg320.24                        -            279 578734at33208        -            193   2.2e-09   38.6   3.3   1   1   1.9e-11   5.7e-09   37.2   1.0    17   111    28   122    23   150 0.87 -
evm.utg498.77.1.5c22f19f             -            351 578734at33208        -            193   2.5e-09   38.4  12.5   1   2      0.18        53    4.7   0.1   128   149    22    43    17    47 0.85 -
evm.utg498.77.1.5c22f19f             -            351 578734at33208        -            193   2.5e-09   38.4  12.5   2   2   0.00038      0.11   13.4   0.7    70   111   136   180   133   196 0.86 -
evm.utg29.9.1.5c22ee5f               -            401 578734at33208        -            193   8.3e-09   36.7   5.6   1   2   8.7e-09   2.6e-06   28.5   1.0    67   150    42   134    32   140 0.84 -
evm.utg29.9.1.5c22ee5f               -            401 578734at33208        -            193   8.3e-09   36.7   5.6   2   2   1.2e-05    0.0036   18.3   0.2    67   137    88   162    86   163 0.78 -
evm.utg324.164.1.5c22ef1f            -            401 578734at33208        -            193   8.3e-09   36.7   5.6   1   2   8.7e-09   2.6e-06   28.5   1.0    67   150    42   134    32   140 0.84 -
evm.utg324.164.1.5c22ef1f            -            401 578734at33208        -            193   8.3e-09   36.7   5.6   2   2   1.2e-05    0.0036   18.3   0.2    67   137    88   162    86   163 0.78 -
evm.utg788.2                         -            812 578734at33208        -            193   1.6e-08   35.8  14.2   1   3   4.6e-06    0.0014   19.7   0.1    72   148   131   213   128   219 0.86 -
evm.utg788.2                         -            812 578734at33208        -            193   1.6e-08   35.8  14.2   2   3   5.4e-05     0.016   16.2   6.9    71   146   218   298   213   301 0.79 -
evm.utg788.2                         -            812 578734at33208        -            193   1.6e-08   35.8  14.2   3   3       0.9   2.7e+02    2.4   0.5    39    60   309   330   288   354 0.53 -
evm.utg431.34                        -           1079 578734at33208        -            193   1.8e-08   35.6   7.7   1   4       2.6   7.9e+02    0.9   0.0    63   104    86   133    72   145 0.75 -
evm.utg431.34                        -           1079 578734at33208        -            193   1.8e-08   35.6   7.7   2   4   9.5e-05     0.029   15.4   0.1    49   109   150   215   122   220 0.74 -
evm.utg431.34                        -           1079 578734at33208        -            193   1.8e-08   35.6   7.7   3   4   0.00066       0.2   12.6   1.7    63   112   261   314   221   334 0.85 -
evm.utg431.34                        -           1079 578734at33208        -            193   1.8e-08   35.6   7.7   4   4      0.08        24    5.8   0.0    53   103   379   430   351   444 0.82 -
evm.utg29.9                          -            552 578734at33208        -            193   2.4e-08   35.2   5.2   1   2   1.5e-08   4.4e-06   27.8   1.0    67   150    42   134    30   140 0.84 -
evm.utg29.9                          -            552 578734at33208        -            193   2.4e-08   35.2   5.2   2   2     2e-05    0.0061   17.5   0.2    67   137    88   162    87   163 0.78 -
evm.utg324.164                       -            552 578734at33208        -            193   2.4e-08   35.2   5.2   1   2   1.5e-08   4.4e-06   27.8   1.0    67   150    42   134    30   140 0.84 -
evm.utg324.164                       -            552 578734at33208        -            193   2.4e-08   35.2   5.2   2   2     2e-05    0.0061   17.5   0.2    67   137    88   162    87   163 0.78 -
evm.utg1931.94                       -            917 578734at33208        -            193   3.3e-08   34.7  19.3   1   4    0.0038       1.1   10.1   0.1   111   149    73   112    59   119 0.87 -
evm.utg1931.94                       -            917 578734at33208        -            193   3.3e-08   34.7  19.3   2   4   2.3e-05    0.0068   17.4   4.7    69   150    92   185    74   187 0.78 -
evm.utg1931.94                       -            917 578734at33208        -            193   3.3e-08   34.7  19.3   3   4   0.00094      0.28   12.1   7.2    38   148   118   231   110   235 0.65 -
evm.utg1931.94                       -            917 578734at33208        -            193   3.3e-08   34.7  19.3   4   4   9.1e-05     0.027   15.4   1.6    32   132   256   358   240   392 0.52 -
evm.utg11411.31.2.5c22e8c4           -            443 578734at33208        -            193     4e-08   34.5  18.1   1   2   1.1e-07   3.2e-05   25.0  12.8    29   149    73   220    63   223 0.75 -
evm.utg11411.31.2.5c22e8c4           -            443 578734at33208        -            193     4e-08   34.5  18.1   2   2     0.039        12    6.9   0.2    76   114   232   275   222   292 0.77 -
evm.utg216.16                        -            448 578734at33208        -            193   5.6e-08   34.0  32.6   1   4     0.032       9.5    7.1  12.4    21   149     8   163     2   184 0.68 -
evm.utg216.16                        -            448 578734at33208        -            193   5.6e-08   34.0  32.6   2   4   8.4e-07   0.00025   22.1   7.6    29   149   152   281   150   302 0.78 -
evm.utg216.16                        -            448 578734at33208        -            193   5.6e-08   34.0  32.6   3   4     0.011       3.2    8.7   4.7    31   112   248   332   246   336 0.82 -
evm.utg216.16                        -            448 578734at33208        -            193   5.6e-08   34.0  32.6   4   4     0.057        17    6.3   0.8    23    91   336   405   329   430 0.81 -
evm.utg11411.31.1.5c22e8c4           -            519 578734at33208        -            193   6.2e-08   33.8  17.8   1   2   1.4e-07   4.2e-05   24.6  12.5    30   149    74   220    67   224 0.74 -
evm.utg11411.31.1.5c22e8c4           -            519 578734at33208        -            193   6.2e-08   33.8  17.8   2   2     0.049        15    6.5   0.2    76   114   232   275   224   291 0.77 -
evm.utg126.46                        -            225 578734at33208        -            193   7.2e-08   33.6   9.9   1   2    0.0047       1.4    9.8   0.4    75   149     3    88     1    93 0.75 -
evm.utg126.46                        -            225 578734at33208        -            193   7.2e-08   33.6   9.9   2   2   5.8e-08   1.7e-05   25.8   6.0    24   149    72   208    71   217 0.82 -
evm.utg126.41                        -            168 578734at33208        -            193   8.1e-08   33.5   2.4   1   3    0.0028      0.85   10.6   0.1    63   111     6    58     2    61 0.69 -
evm.utg126.41                        -            168 578734at33208        -            193   8.1e-08   33.5   2.4   2   3   7.9e-05     0.024   15.6   0.1    33   110    33   105    33   108 0.75 -
evm.utg126.41                        -            168 578734at33208        -            193   8.1e-08   33.5   2.4   3   3     0.007       2.1    9.3   0.1    68   115   107   157   104   167 0.70 -
evm.utg844.5                         -           1170 578734at33208        -            193     1e-07   33.1  14.3   1   6     0.081        24    5.8   0.2   110   164    10    65     5    72 0.85 -
evm.utg844.5                         -           1170 578734at33208        -            193     1e-07   33.1  14.3   2   6      0.19        58    4.6   0.5    74   149    57   145    48   148 0.63 -
evm.utg844.5                         -           1170 578734at33208        -            193     1e-07   33.1  14.3   3   6   0.00021     0.062   14.3   1.1    34   150   139   269   132   271 0.71 -
evm.utg844.5                         -           1170 578734at33208        -            193     1e-07   33.1  14.3   4   6     5e-05     0.015   16.3   3.6    20   146   200   337   192   339 0.82 -
evm.utg844.5                         -           1170 578734at33208        -            193     1e-07   33.1  14.3   5   6   0.00016     0.048   14.6   0.3    68   132   298   370   257   387 0.71 -
evm.utg844.5                         -           1170 578734at33208        -            193     1e-07   33.1  14.3   6   6       3.1   9.3e+02    0.6   0.1    73   129   397   439   371   448 0.55 -
evm.utg116.326                       -            432 578734at33208        -            193   1.2e-07   32.9   9.4   1   2   0.00017      0.05   14.6   4.0    69   148   186   277   163   279 0.70 -
evm.utg116.326                       -            432 578734at33208        -            193   1.2e-07   32.9   9.4   2   2   1.2e-07   3.5e-05   24.9   0.9    28   107   243   321   240   324 0.84 -
evm.utg4796.8                        -           1360 578734at33208        -            193   1.4e-07   32.7   3.1   1   2   4.9e-06    0.0015   19.6   0.4    65   112   402   452   367   456 0.82 -
evm.utg4796.8                        -           1360 578734at33208        -            193   1.4e-07   32.7   3.1   2   2   6.9e-05     0.021   15.8   0.1    67   113   450   499   449   504 0.89 -
evm.utg3790.4                        -           1368 578734at33208        -            193     2e-07   32.2   1.9   1   2   1.8e-05    0.0055   17.7   0.2    64   112   404   455   371   459 0.81 -
evm.utg3790.4                        -           1368 578734at33208        -            193     2e-07   32.2   1.9   2   2   0.00012     0.036   15.0   0.1    68   113   454   502   452   508 0.88 -
evm.utg6551.31                       -            989 578734at33208        -            193   2.4e-07   31.9  11.7   1   3   0.00068      0.21   12.6   1.4    61   128   116   194   107   198 0.69 -
evm.utg6551.31                       -            989 578734at33208        -            193   2.4e-07   31.9  11.7   2   3   6.4e-06    0.0019   19.2   0.8    71   148   198   285   192   291 0.81 -
evm.utg6551.31                       -            989 578734at33208        -            193   2.4e-07   31.9  11.7   3   3      0.09        27    5.7   0.1    22   105   292   374   286   387 0.78 -
evm.utg6155.11                       -            229 578734at33208        -            193   2.4e-07   31.9   9.2   1   2     0.032       9.6    7.1   0.0   116   149    58    92    44    99 0.61 -
evm.utg6155.11                       -            229 578734at33208        -            193   2.4e-07   31.9   9.2   2   2   9.9e-07    0.0003   21.8   5.9    28   129   104   215    99   220 0.76 -
evm.utg14892.4                       -            817 578734at33208        -            193   3.9e-07   31.2  12.3   1   3   0.00063      0.19   12.7   1.4    62   125    91   165    79   171 0.55 -
evm.utg14892.4                       -            817 578734at33208        -            193   3.9e-07   31.2  12.3   2   3     9e-06    0.0027   18.7   2.5    35   148   145   259   143   267 0.74 -
evm.utg14892.4                       -            817 578734at33208        -            193   3.9e-07   31.2  12.3   3   3     0.067        20    6.1   0.1    22   105   266   348   258   361 0.78 -
evm.utg73.121.1.5c22f3c1             -           1762 578734at33208        -            193   4.3e-07   31.1   1.4   1   1   6.9e-09   2.1e-06   28.9   1.4    22   115   247   339   230   344 0.79 -
evm.utg73.121                        -           1933 578734at33208        -            193   4.4e-07   31.1   1.3   1   1   6.8e-09     2e-06   28.9   1.4    22   115   418   510   400   527 0.80 -
evm.utg432.104                       -           2279 578734at33208        -            193   4.4e-07   31.1   4.2   1   2   9.5e-06    0.0028   18.6   1.2    57   114   327   387   279   390 0.86 -
evm.utg432.104                       -           2279 578734at33208        -            193   4.4e-07   31.1   4.2   2   2   0.00052      0.16   12.9   0.1    27   109   392   472   389   498 0.84 -
evm.utg431.32                        -           1118 578734at33208        -            193   4.4e-07   31.1   1.0   1   3       4.3   1.3e+03    0.2   0.0    67    98   206   238   188   261 0.81 -
evm.utg431.32                        -           1118 578734at33208        -            193   4.4e-07   31.1   1.0   2   3   0.00015     0.046   14.7   0.3    62   108   298   348   288   380 0.82 -
evm.utg431.32                        -           1118 578734at33208        -            193   4.4e-07   31.1   1.0   3   3    0.0018      0.55   11.2   0.0    10    92   396   477   387   484 0.82 -
evm.utg432.104.1.5c22f0e3            -           2302 578734at33208        -            193   4.6e-07   31.0   4.2   1   2   9.6e-06    0.0029   18.6   1.2    57   114   327   387   279   390 0.86 -
evm.utg432.104.1.5c22f0e3            -           2302 578734at33208        -            193   4.6e-07   31.0   4.2   2   2   0.00053      0.16   12.9   0.1    27   109   392   472   389   498 0.84 -
evm.utg857.30                        -            824 578734at33208        -            193   5.3e-07   30.8   3.1   1   3   3.2e-08   9.6e-06   26.7   0.3    65   150    34   129    14   130 0.85 -
evm.utg857.30                        -            824 578734at33208        -            193   5.3e-07   30.8   3.1   2   3    0.0056       1.7    9.6   0.1    68   117    84   136    84   152 0.89 -
evm.utg857.30                        -            824 578734at33208        -            193   5.3e-07   30.8   3.1   3   3       3.3     1e+03    0.5   0.2     6    74   742   810   738   822 0.78 -
evm.utg15506.9                       -            802 578734at33208        -            193   5.6e-07   30.7   2.5   1   3   6.5e-08     2e-05   25.7   0.3    66   150    35   129    11   130 0.86 -
evm.utg15506.9                       -            802 578734at33208        -            193   5.6e-07   30.7   2.5   2   3    0.0018      0.55   11.2   0.1    67   117    83   136    82   152 0.89 -
evm.utg15506.9                       -            802 578734at33208        -            193   5.6e-07   30.7   2.5   3   3       2.3   6.9e+02    1.1   0.1     6    73   720   787   716   799 0.79 -
evm.utg162.23                        -            518 578734at33208        -            193   5.6e-07   30.7  21.3   1   2     1e-06    0.0003   21.8  15.6    33   149    77   220    67   223 0.68 -
evm.utg162.23                        -            518 578734at33208        -            193   5.6e-07   30.7  21.3   2   2      0.11        33    5.4   0.3    76   112   232   273   225   306 0.79 -
evm.utg11411.31.3.5c22e8c4           -            419 578734at33208        -            193   6.9e-07   30.4  14.4   1   2   2.2e-06   0.00066   20.7  12.3    29   131    73   201    63   220 0.47 -
evm.utg11411.31.3.5c22e8c4           -            419 578734at33208        -            193   6.9e-07   30.4  14.4   2   2     0.038        11    6.9   0.2    76   114   208   251   201   268 0.77 -
evm.utg597.84                        -           1082 578734at33208        -            193   7.6e-07   30.3   0.6   1   3      0.19        58    4.6   0.0    62    98   201   238   178   247 0.74 -
evm.utg597.84                        -           1082 578734at33208        -            193   7.6e-07   30.3   0.6   2   3    0.0011      0.34   11.8   0.1    66   118   302   356   281   368 0.76 -
evm.utg597.84                        -           1082 578734at33208        -            193   7.6e-07   30.3   0.6   3   3    0.0073       2.2    9.2   0.0    16    93   409   486   402   492 0.78 -
evm.utg11411.31                      -            495 578734at33208        -            193     9e-07   30.1  13.8   1   2   3.9e-07   0.00012   23.1   8.4    30   149    74   196    59   205 0.59 -
evm.utg11411.31                      -            495 578734at33208        -            193     9e-07   30.1  13.8   2   2     0.048        14    6.5   0.2    76   114   208   251   201   267 0.77 -
evm.utg57.16                         -           2285 578734at33208        -            193   9.2e-07   30.0   7.2   1   2   8.6e-06    0.0026   18.8   2.2    58   114   328   387   321   390 0.83 -
evm.utg57.16                         -           2285 578734at33208        -            193   9.2e-07   30.0   7.2   2   2   0.00032     0.098   13.6   0.2    27   109   392   472   388   498 0.84 -
evm.utg5885.71                       -           1491 578734at33208        -            193   9.3e-07   30.0   9.5   1   2   2.1e-07   6.5e-05   24.0   2.4    27   115    59   150    38   152 0.83 -
evm.utg5885.71                       -           1491 578734at33208        -            193   9.3e-07   30.0   9.5   2   2    0.0026       0.8   10.7   0.9    72   126   151   209   146   213 0.80 -
evm.utg9401.10                       -           1489 578734at33208        -            193   9.6e-07   30.0   9.8   1   2   1.5e-07   4.4e-05   24.5   2.6    25   115    57   150    49   152 0.84 -
evm.utg9401.10                       -           1489 578734at33208        -            193   9.6e-07   30.0   9.8   2   2    0.0048       1.5    9.8   0.8    72   126   151   209   148   213 0.79 -
evm.utg95.36                         -           1145 578734at33208        -            193     1e-06   29.8  11.3   1   3   7.5e-06    0.0022   19.0   2.3    68   148    96   188    84   192 0.69 -
evm.utg95.36                         -           1145 578734at33208        -            193     1e-06   29.8  11.3   2   3     0.059        18    6.3   0.1    69   113   217   265   210   269 0.75 -
evm.utg95.36                         -           1145 578734at33208        -            193     1e-06   29.8  11.3   3   3    0.0062       1.9    9.5   0.4    21    88   266   332   254   339 0.61 -
evm.utg13730.18                      -           1001 578734at33208        -            193   1.1e-06   29.7   5.5   1   2   1.2e-05    0.0035   18.3   0.4    95   149    45   105    23   107 0.83 -
evm.utg13730.18                      -           1001 578734at33208        -            193   1.1e-06   29.7   5.5   2   2   0.00035       0.1   13.5   0.2    67   113   106   155   105   160 0.85 -
evm.utg92.79.1.5c22f519              -           1096 578734at33208        -            193   1.4e-06   29.4   8.6   1   3   3.2e-05    0.0096   16.9   0.1    70   129    65   135    50   137 0.79 -
evm.utg92.79.1.5c22f519              -           1096 578734at33208        -            193   1.4e-06   29.4   8.6   2   3    0.0066         2    9.4   0.6    71   112   138   183   131   188 0.86 -
evm.utg92.79.1.5c22f519              -           1096 578734at33208        -            193   1.4e-06   29.4   8.6   3   3     0.042        13    6.7   0.2    64   107   203   250   192   256 0.76 -
evm.utg92.79                         -           1138 578734at33208        -            193   1.6e-06   29.3   8.5   1   3   3.3e-05      0.01   16.8   0.1    70   129   107   177    92   179 0.79 -
evm.utg92.79                         -           1138 578734at33208        -            193   1.6e-06   29.3   8.5   2   3    0.0079       2.4    9.1   0.5    71   112   180   225   175   230 0.87 -
evm.utg92.79                         -           1138 578734at33208        -            193   1.6e-06   29.3   8.5   3   3     0.043        13    6.7   0.2    64   107   245   292   234   299 0.76 -
evm.utg379.3                         -            783 578734at33208        -            193   2.4e-06   28.7   3.4   1   1   2.6e-08   7.7e-06   27.0   3.4    24   148    15   150     6   158 0.75 -
evm.utg648.24                        -           1008 578734at33208        -            193   2.5e-06   28.6   3.3   1   2   0.00079      0.24   12.4   0.3    75   118    45    91    30    95 0.77 -
evm.utg648.24                        -           1008 578734at33208        -            193   2.5e-06   28.6   3.3   2   2   9.7e-08   2.9e-05   25.1   1.7    68   146    61   148    45   157 0.65 -
evm.utg3834.7                        -           1459 578734at33208        -            193   2.9e-06   28.4  11.3   1   2   2.5e-07   7.5e-05   23.8   5.0    32   148    82   201    69   205 0.85 -
evm.utg3834.7                        -           1459 578734at33208        -            193   2.9e-06   28.4  11.3   2   2    0.0081       2.4    9.1   2.3    28   116   166   257   162   271 0.70 -
evm.utg3834.7.1.5c22f013             -           1459 578734at33208        -            193   2.9e-06   28.4  11.3   1   2   2.5e-07   7.5e-05   23.8   5.0    32   148    82   201    69   205 0.85 -
evm.utg3834.7.1.5c22f013             -           1459 578734at33208        -            193   2.9e-06   28.4  11.3   2   2    0.0081       2.4    9.1   2.3    28   116   166   257   162   271 0.70 -
evm.utg477.24                        -            141 578734at33208        -            193   3.1e-06   28.3   2.1   1   2    0.0011      0.33   11.9   0.0    93   128    11    53     5    58 0.66 -
evm.utg477.24                        -            141 578734at33208        -            193   3.1e-06   28.3   2.1   2   2   3.9e-05     0.012   16.6   0.7    70   148    32   123    30   137 0.61 -
evm.utg897.1                         -            167 578734at33208        -            193   7.7e-06   27.0   2.4   1   2     0.016       4.9    8.1   0.1    79   129    20    81    14    83 0.66 -
evm.utg897.1                         -            167 578734at33208        -            193   7.7e-06   27.0   2.4   2   2   3.8e-06    0.0012   19.9   2.0    24   112    62   151    55   156 0.80 -
evm.utg699.87                        -            794 578734at33208        -            193     8e-06   26.9   4.2   1   4     0.042        13    6.7   0.2    22   148   186   219   144   229 0.56 -
evm.utg699.87                        -            794 578734at33208        -            193     8e-06   26.9   4.2   2   4     0.018       5.3    8.0   0.0    71   113   202   248   198   252 0.81 -
evm.utg699.87                        -            794 578734at33208        -            193     8e-06   26.9   4.2   3   4   1.5e-05    0.0044   18.0   0.4    17   116   229   323   223   345 0.79 -
evm.utg699.87                        -            794 578734at33208        -            193     8e-06   26.9   4.2   4   4         5   1.5e+03   -0.0   0.0    72    90   323   341   320   365 0.59 -
evm.utg1900.20                       -            292 578734at33208        -            193   8.2e-06   26.9   7.9   1   3      0.97   2.9e+02    2.3   0.0    73   109    37    75    24    78 0.70 -
evm.utg1900.20                       -            292 578734at33208        -            193   8.2e-06   26.9   7.9   2   3   1.5e-06   0.00044   21.3   7.9    12   146    68   229    59   232 0.70 -
evm.utg1900.20                       -            292 578734at33208        -            193   8.2e-06   26.9   7.9   3   3       8.1   2.4e+03   -0.7   0.0    38    56   214   232   207   251 0.76 -
evm.utg12655.56                      -            387 578734at33208        -            193   9.6e-06   26.7   8.0   1   3      0.04        12    6.8   0.1    81   112     1    34     1    45 0.84 -
evm.utg12655.56                      -            387 578734at33208        -            193   9.6e-06   26.7   8.0   2   3   0.00045      0.13   13.2   0.7    69   128    84   152    43   154 0.66 -
evm.utg12655.56                      -            387 578734at33208        -            193   9.6e-06   26.7   8.0   3   3    0.0037       1.1   10.2   0.6    37    66   153   182   138   205 0.82 -
evm.utg1138.26                       -            464 578734at33208        -            193   1.4e-05   26.2   1.7   1   2   5.1e-05     0.015   16.3   0.9    75   141    23    99     5   107 0.52 -
evm.utg1138.26                       -            464 578734at33208        -            193   1.4e-05   26.2   1.7   2   2     0.022       6.6    7.7   0.0    67   118   108   159    93   166 0.69 -
evm.utg286.7                         -           1082 578734at33208        -            193   2.5e-05   25.3   5.3   1   2      0.18        55    4.7   0.0    81   111   481   512   465   514 0.82 -
evm.utg286.7                         -           1082 578734at33208        -            193   2.5e-05   25.3   5.3   2   2   2.8e-06   0.00084   20.4   2.5    20   115   514   612   511   632 0.81 -
evm.utg699.94                        -            695 578734at33208        -            193   2.6e-05   25.3   3.9   1   2    0.0034         1   10.3   1.6   114   149    80   115    32   117 0.68 -
evm.utg699.94                        -            695 578734at33208        -            193   2.6e-05   25.3   3.9   2   2   8.7e-08   2.6e-05   25.3   3.9    22   112    74   161    72   188 0.74 -
evm.utg6551.28                       -            778 578734at33208        -            193   5.1e-05   24.3   9.0   1   2   1.2e-05    0.0038   18.2   2.0    34   113   109   184   101   188 0.65 -
evm.utg6551.28                       -            778 578734at33208        -            193   5.1e-05   24.3   9.0   2   2     0.012       3.6    8.5   0.9    17   104   204   292   185   303 0.69 -
utg415.evm.utg24941.10.mrna2         -            242 578734at33208        -            193   5.4e-05   24.2   6.6   1   2   0.00041      0.12   13.3   5.7    72   149    61   144    48   145 0.73 -
utg415.evm.utg24941.10.mrna2         -            242 578734at33208        -            193   5.4e-05   24.2   6.6   2   2     0.039        12    6.8   0.0    22    73   151   197   148   214 0.75 -
evm.utg861.131                       -            193 578734at33208        -            193   6.4e-05   24.0   6.2   1   2   2.4e-07   7.2e-05   23.8   4.7    67   150    39   129    23   162 0.84 -
evm.utg861.131                       -            193 578734at33208        -            193   6.4e-05   24.0   6.2   2   2       9.2   2.8e+03   -0.9   0.0    51    64   163   176   132   181 0.58 -
utg514.equina_smart_916345.mrna3     -            589 578734at33208        -            193   0.00011   23.2   4.3   1   2   7.9e-06    0.0024   18.9   4.1    45   146   447   559   417   562 0.83 -
utg514.equina_smart_916345.mrna3     -            589 578734at33208        -            193   0.00011   23.2   4.3   2   2      0.13        39    5.1   0.0    23    46   545   568   541   586 0.82 -
evm.utg101.51                        -            639 578734at33208        -            193   0.00015   22.8   6.4   1   3   0.00041      0.12   13.3   1.3    75   130   108   171    85   179 0.66 -
evm.utg101.51                        -            639 578734at33208        -            193   0.00015   22.8   6.4   2   3       0.2        59    4.5   0.1    80   111   181   217   176   226 0.78 -
evm.utg101.51                        -            639 578734at33208        -            193   0.00015   22.8   6.4   3   3     0.068        20    6.1   0.0    23    89   224   290   219   293 0.89 -
evm.utg479.128                       -           1084 578734at33208        -            193   0.00016   22.7   1.8   1   1   1.3e-06   0.00039   21.4   1.8    24   117   271   369   255   405 0.78 -
evm.utg4907.7                        -            530 578734at33208        -            193   0.00023   22.2   9.1   1   2   0.00045      0.14   13.2   3.0    70   111    77   120    51   126 0.85 -
evm.utg4907.7                        -            530 578734at33208        -            193   0.00023   22.2   9.1   2   2    0.0011      0.33   11.9   0.4    26    89   126   190   121   207 0.78 -
evm.utg259.36                        -           1071 578734at33208        -            193    0.0003   21.8  10.1   1   2   0.00014     0.043   14.8   2.2    60   146    35   133    10   141 0.68 -
evm.utg259.36                        -           1071 578734at33208        -            193    0.0003   21.8  10.1   2   2     0.008       2.4    9.1   2.6    50   134   146   235   124   238 0.76 -
evm.utg1919.92                       -            193 578734at33208        -            193   0.00031   21.8   6.5   1   1   1.3e-06   0.00038   21.5   4.2    67   150    39   129    23   131 0.80 -
evm.utg5652.1                        -            197 578734at33208        -            193   0.00035   21.6   0.1   1   1   1.8e-06   0.00054   21.0   0.1    72   130   115   180   108   194 0.84 -
evm.utg1031.1.92                     -            589 578734at33208        -            193   0.00055   21.0   5.0   1   2   0.00039      0.12   13.4   3.5    44   128   446   539   415   542 0.82 -
evm.utg1031.1.92                     -            589 578734at33208        -            193   0.00055   21.0   5.0   2   2     0.055        17    6.3   0.0    22    46   544   568   537   585 0.83 -
evm.utg190.47.1.5c22ec4c.1.5c27913f  -            196 578734at33208        -            193   0.00061   20.8   5.2   1   2    0.0021      0.63   11.0   0.4    68   109    33    73    27    78 0.87 -
evm.utg190.47.1.5c22ec4c.1.5c27913f  -            196 578734at33208        -            193   0.00061   20.8   5.2   2   2   1.1e-05    0.0032   18.5   5.5    23   107    56   149    38   155 0.73 -
evm.utg3155.27                       -           1238 578734at33208        -            193   0.00062   20.8   6.0   1   3       1.6     5e+02    1.5   0.2    73   108   152   192   143   212 0.73 -
evm.utg3155.27                       -           1238 578734at33208        -            193   0.00062   20.8   6.0   2   3   0.00035       0.1   13.5   1.1    29   149   182   318   175   321 0.54 -
evm.utg3155.27                       -           1238 578734at33208        -            193   0.00062   20.8   6.0   3   3      0.11        34    5.3   0.0    69    93   322   346   316   353 0.72 -
evm.utg77.140                        -           1526 578734at33208        -            193   0.00068   20.7   3.0   1   2      0.32        96    3.9   0.1    93   115    94   116    56   118 0.68 -
evm.utg77.140                        -           1526 578734at33208        -            193   0.00068   20.7   3.0   2   2   5.2e-05     0.016   16.2   2.8    43   148    97   205    70   211 0.60 -
evm.utg2798.26                       -            248 578734at33208        -            193   0.00088   20.3   2.6   1   3   3.1e-05    0.0092   17.0   0.3    88   149    33   100     9   106 0.79 -
evm.utg2798.26                       -            248 578734at33208        -            193   0.00088   20.3   2.6   2   3      0.14        42    5.0   2.5    31    66    75   110    59   153 0.49 -
evm.utg2798.26                       -            248 578734at33208        -            193   0.00088   20.3   2.6   3   3       2.5   7.7e+02    0.9   0.0    22    45   134   157   122   173 0.80 -
evm.utg10470.34                      -            266 578734at33208        -            193   0.00098   20.1   0.9   1   2   0.00048      0.15   13.1   0.1   117   149    13    44     4    51 0.84 -
evm.utg10470.34                      -            266 578734at33208        -            193   0.00098   20.1   0.9   2   2      0.12        35    5.3   0.1    23    65    52    89    46   104 0.74 -
evm.utg190.47.1.5c22ec4c             -            260 578734at33208        -            193    0.0011   20.0   4.8   1   2    0.0033         1   10.3   0.2    68   109    33    73    27    75 0.87 -
evm.utg190.47.1.5c22ec4c             -            260 578734at33208        -            193    0.0011   20.0   4.8   2   2   1.6e-05    0.0048   17.9   5.0    23   107    56   149    38   154 0.72 -
evm.utg861.91                        -            696 578734at33208        -            193    0.0011   20.0   4.9   1   3       6.4   1.9e+03   -0.4   0.3    40    80   238   277   226   286 0.69 -
evm.utg861.91                        -            696 578734at33208        -            193    0.0011   20.0   4.9   2   3   3.7e-06    0.0011   20.0   4.9    76   150   321   404   306   412 0.84 -
evm.utg861.91                        -            696 578734at33208        -            193    0.0011   20.0   4.9   3   3    0.0028      0.85   10.6   3.4    78   130   369   429   368   443 0.79 -
evm.utg512.13                        -            899 578734at33208        -            193    0.0013   19.8   4.6   1   2   0.00025     0.075   14.0   2.9    68   148   151   245    97   246 0.70 -
evm.utg512.13                        -            899 578734at33208        -            193    0.0013   19.8   4.6   2   2     0.043        13    6.7   0.2    41   110   205   269   198   276 0.71 -
evm.utg14703.9                       -            816 578734at33208        -            193    0.0013   19.7   2.7   1   3      0.38   1.1e+02    3.6   0.1    70   110   137   181   121   189 0.78 -
evm.utg14703.9                       -            816 578734at33208        -            193    0.0013   19.7   2.7   2   3   0.00027     0.082   13.9   0.3    73   148   188   273   183   281 0.68 -
evm.utg14703.9                       -            816 578734at33208        -            193    0.0013   19.7   2.7   3   3     0.022       6.8    7.6   0.1    38    76   256   294   234   308 0.67 -
evm.utg2129.118                      -           1104 578734at33208        -            193    0.0013   19.7  13.5   1   4    0.0028      0.84   10.6   0.4    81   149   656   733   649   742 0.81 -
evm.utg2129.118                      -           1104 578734at33208        -            193    0.0013   19.7  13.5   2   4    0.0011      0.32   11.9   5.1    70   149   714   805   710   805 0.77 -
evm.utg2129.118                      -           1104 578734at33208        -            193    0.0013   19.7  13.5   3   4    0.0019      0.57   11.1   3.1    24   111   741   831   737   835 0.75 -
evm.utg2129.118                      -           1104 578734at33208        -            193    0.0013   19.7  13.5   4   4      0.01       3.1    8.7   3.6    26   113   767   857   761   885 0.62 -
evm.utg6821.8.1.5c22f33b             -           1998 578734at33208        -            193    0.0013   19.7   8.0   1   3       2.5   7.6e+02    0.9   0.1    76   111  1414  1453  1400  1461 0.78 -
evm.utg6821.8.1.5c22f33b             -           1998 578734at33208        -            193    0.0013   19.7   8.0   2   3   0.00061      0.18   12.7   0.8    68   113  1454  1503  1413  1527 0.64 -
evm.utg6821.8.1.5c22f33b             -           1998 578734at33208        -            193    0.0013   19.7   8.0   3   3    0.0061       1.8    9.5   0.9    26   127  1509  1596  1503  1618 0.48 -
evm.utg777.90                        -            299 578734at33208        -            193    0.0013   19.7   4.6   1   2   2.6e-05    0.0079   17.2   2.9    71   146    14    98     1   101 0.78 -
evm.utg777.90                        -            299 578734at33208        -            193    0.0013   19.7   4.6   2   2      0.14        41    5.1   0.1    23    65    84   121    78   135 0.70 -
evm.utg1925.44                       -           1618 578734at33208        -            193    0.0015   19.6   6.4   1   1   4.9e-06    0.0015   19.6   6.4    23   112   297   385   292   390 0.85 -
evm.utg190.47                        -            300 578734at33208        -            193    0.0016   19.4   4.7   1   2    0.0038       1.1   10.1   0.4    68   110    33    74    27    80 0.86 -
evm.utg190.47                        -            300 578734at33208        -            193    0.0016   19.4   4.7   2   2     2e-05    0.0061   17.5   4.9    23   107    56   149    39   154 0.72 -
evm.utg150.14.1.5c22eb00             -           1408 578734at33208        -            193    0.0021   19.1   1.8   1   2   8.3e-05     0.025   15.6   1.3    71   148   712   799   680   802 0.77 -
evm.utg150.14.1.5c22eb00             -           1408 578734at33208        -            193    0.0021   19.1   1.8   2   2      0.12        37    5.2   0.2    18    59   754   803   751   821 0.66 -
evm.utg386.19                        -           1049 578734at33208        -            193    0.0022   19.0   4.9   1   2   0.00013     0.039   14.9   4.8    53   131   505   592   482   613 0.65 -
evm.utg386.19                        -           1049 578734at33208        -            193    0.0022   19.0   4.9   2   2       3.9   1.2e+03    0.3   0.0    31    72   635   676   614   687 0.78 -
evm.utg214.75                        -           1418 578734at33208        -            193    0.0026   18.7   4.6   1   2   0.00037      0.11   13.4   3.1    68   148   151   245    97   247 0.68 -
evm.utg214.75                        -           1418 578734at33208        -            193    0.0026   18.7   4.6   2   2     0.036        11    7.0   0.7    29    91   209   270   198   294 0.50 -
evm.utg6821.8                        -           2558 578734at33208        -            193    0.0028   18.6   8.0   1   2   0.00078      0.23   12.4   1.0    40   112  1987  2062  1960  2086 0.66 -
evm.utg6821.8                        -           2558 578734at33208        -            193    0.0028   18.6   8.0   2   2    0.0065         2    9.4   0.6    26   127  2069  2156  2062  2178 0.48 -
evm.utg729.149                       -            231 578734at33208        -            193    0.0031   18.5   5.7   1   1   4.4e-05     0.013   16.5   5.7    31   109    73   147    64   155 0.67 -
evm.utg150.14.1.5c27903a             -           1818 578734at33208        -            193    0.0035   18.3   1.6   1   2    0.0001     0.031   15.2   1.0    71   148  1122  1209  1093  1211 0.77 -
evm.utg150.14.1.5c27903a             -           1818 578734at33208        -            193    0.0035   18.3   1.6   2   2      0.16        48    4.8   0.2    18    59  1164  1213  1161  1232 0.66 -
evm.utg6155.7                        -           1008 578734at33208        -            193    0.0036   18.3   0.7   1   1   2.3e-05     0.007   17.4   0.7    34   111     4    84     1   139 0.84 -
evm.utg150.14                        -           2072 578734at33208        -            193    0.0039   18.2   1.3   1   2    0.0001     0.031   15.3   1.2    71   148  1376  1463  1343  1468 0.77 -
evm.utg150.14                        -           2072 578734at33208        -            193    0.0039   18.2   1.3   2   2      0.18        55    4.7   0.2    18    59  1418  1467  1415  1485 0.66 -
evm.utg73.66                         -            511 578734at33208        -            193    0.0045   18.0   0.1   1   1   3.2e-05    0.0097   16.9   0.1    68   143    77   164    62   174 0.68 -
evm.utg243.1                         -            941 578734at33208        -            193    0.0048   17.9   0.8   1   2     0.002      0.61   11.0   0.4    18   111    34   132    10   136 0.75 -
evm.utg243.1                         -            941 578734at33208        -            193    0.0048   17.9   0.8   2   2      0.23        68    4.3   0.0     8    60   178   230   151   261 0.63 -
evm.utg2123.44                       -           1381 578734at33208        -            193    0.0069   17.4   2.6   1   1   5.7e-05     0.017   16.1   2.6    69   144   771   858   745   870 0.75 -
evm.utg1205.46                       -            923 578734at33208        -            193    0.0083   17.1   0.1   1   1   5.2e-05     0.016   16.2   0.1    71   138    43   120    29   161 0.74 -
evm.utg126.49                        -            308 578734at33208        -            193      0.01   16.9   0.9   1   1   7.5e-05     0.022   15.7   0.9    70   141    37   120    18   137 0.73 -
evm.utg262.16                        -            890 578734at33208        -            193      0.01   16.8   5.9   1   2      0.45   1.4e+02    3.4   0.0   101   147    11    65     3    71 0.58 -
evm.utg262.16                        -            890 578734at33208        -            193      0.01   16.8   5.9   2   2   0.00088      0.26   12.2   4.6    53   133    54   139    49   145 0.78 -
evm.utg160.30.2.5c22eb5e             -            539 578734at33208        -            193     0.012   16.6   1.6   1   1     9e-05     0.027   15.4   1.6    16    90    37   109    15   128 0.75 -
evm.utg116.352.1.5c22e928            -            345 578734at33208        -            193     0.012   16.6   1.4   1   1   0.00018     0.053   14.5   0.4    17    79    71   129    56   142 0.75 -
evm.utg116.26                        -            374 578734at33208        -            193     0.012   16.6   5.1   1   1   0.00018     0.055   14.4   5.1    32   109     9    82     4    86 0.66 -
evm.utg116.352                       -            474 578734at33208        -            193     0.013   16.5   0.3   1   1   0.00027      0.08   13.9   0.3    17    79    71   129    56   143 0.75 -
evm.utg10463.1                       -            595 578734at33208        -            193     0.016   16.2   0.4   1   2     0.031       9.3    7.2   0.0    70   111   259   308   197   320 0.70 -
evm.utg10463.1                       -            595 578734at33208        -            193     0.016   16.2   0.4   2   2     0.052        16    6.4   0.1   115   148   379   417   347   452 0.75 -
evm.utg4907.25                       -            324 578734at33208        -            193     0.021   15.8   0.5   1   1   6.9e-05     0.021   15.8   0.5    65   101   216   252   185   262 0.81 -
evm.utg95.23                         -            195 578734at33208        -            193     0.023   15.7   0.4   1   1   0.00029     0.086   13.8   0.4    96   146    86   144    30   165 0.57 -
evm.utg160.30.1.5c22eb5d             -            645 578734at33208        -            193     0.031   15.2   1.4   1   1    0.0001     0.031   15.2   1.4    16    90    37   109    15   127 0.75 -
evm.utg307.23                        -            177 578734at33208        -            193     0.033   15.2   3.6   1   1    0.0032      0.96   10.4   1.4    72   116    48    94    45   114 0.67 -
evm.utg14533.9                       -            153 578734at33208        -            193     0.044   14.8   0.5   1   2       0.6   1.8e+02    3.0   0.2    71   103     6    44     3    55 0.62 -
evm.utg14533.9                       -            153 578734at33208        -            193     0.044   14.8   0.5   2   2    0.0078       2.4    9.1   0.0    39    83    59   102    43   112 0.73 -
evm.utg477.25                        -            998 578734at33208        -            193     0.048   14.6  11.4   1   2     0.002      0.61   11.0   1.0    57   112   129   188   104   191 0.69 -
evm.utg477.25                        -            998 578734at33208        -            193     0.048   14.6  11.4   2   2     0.016       4.8    8.1   3.5    70   146   190   275   188   282 0.66 -
evm.utg1465.8                        -           1698 578734at33208        -            193     0.068   14.1   1.7   1   2      0.75   2.3e+02    2.6   0.0    81   110  1133  1163  1119  1167 0.82 -
evm.utg1465.8                        -           1698 578734at33208        -            193     0.068   14.1   1.7   2   2    0.0039       1.2   10.1   0.5    20    91  1166  1236  1163  1253 0.86 -
evm.utg379.15                        -            258 578734at33208        -            193      0.07   14.1   0.2   1   1   0.00042      0.13   13.2   0.2    70   108    65   103    35   122 0.65 -
evm.utg1970.3                        -            468 578734at33208        -            193     0.081   13.9   0.2   1   1   0.00058      0.17   12.8   0.2   111   174    57   123    51   127 0.75 -
evm.utg762.18                        -            452 578734at33208        -            193     0.083   13.8   0.2   1   1   0.00076      0.23   12.4   0.2    13    89   257   340   243   396 0.77 -
evm.utg2757.32                       -            625 578734at33208        -            193     0.084   13.8   9.2   1   1   0.00082      0.25   12.3   9.2    56   141    25   122     4   141 0.71 -
evm.utg736.67                        -            123 578734at33208        -            193     0.086   13.8   5.5   1   2      0.13        40    5.1   1.0    12    64    19    71     8    89 0.55 -
evm.utg736.67                        -            123 578734at33208        -            193     0.086   13.8   5.5   2   2    0.0029      0.87   10.5   0.9    24    49    91   116    80   120 0.67 -
evm.utg2994.40                       -           1578 578734at33208        -            193       0.1   13.6   0.5   1   1   0.00069      0.21   12.6   0.5    32    92  1126  1177  1103  1206 0.58 -
evm.utg15156.3                       -            432 578734at33208        -            193       0.1   13.5   0.1   1   1     0.001      0.31   12.0   0.1    13    88   257   339   246   343 0.72 -
evm.utg498.80                        -            517 578734at33208        -            193      0.15   13.0   0.2   1   1   0.00099       0.3   12.0   0.2    73   120    12    63     2    90 0.76 -
evm.utg3753.9                        -            663 578734at33208        -            193      0.15   13.0   1.4   1   2    0.0033      0.99   10.3   0.4    56   111    19    76     7    79 0.82 -
evm.utg3753.9                        -            663 578734at33208        -            193      0.15   13.0   1.4   2   2       3.6   1.1e+03    0.4   0.0    23    50    79   106    76   130 0.63 -
evm.utg279.21                        -           2080 578734at33208        -            193      0.17   12.8   0.6   1   1    0.0015      0.45   11.4   0.6    29    94  1060  1116  1042  1142 0.60 -
evm.utg590.10                        -            516 578734at33208        -            193      0.19   12.7   1.9   1   2      0.23        68    4.3   0.2   110   172   167   240   160   247 0.66 -
evm.utg590.10                        -            516 578734at33208        -            193      0.19   12.7   1.9   2   2     0.046        14    6.6   0.1   114   149   311   351   250   360 0.81 -
evm.utg1056.143                      -            615 578734at33208        -            193      0.19   12.6   0.8   1   1    0.0032      0.96   10.4   0.8    78   115    62   103    46   143 0.57 -
evm.utg1056.143.1.5c22e860           -            615 578734at33208        -            193      0.19   12.6   0.8   1   1    0.0032      0.96   10.4   0.8    78   115    62   103    46   143 0.57 -
evm.utg56.3                          -            375 578734at33208        -            193       0.2   12.6   2.8   1   2    0.0017       0.5   11.3   0.6    56   109    32    91     1   113 0.59 -
evm.utg56.3                          -            375 578734at33208        -            193       0.2   12.6   2.8   2   2       3.2   9.7e+02    0.6   0.1    78   103   296   322   286   346 0.75 -
evm.utg1056.143.2.5c22e861           -            627 578734at33208        -            193       0.2   12.6   0.8   1   1    0.0033      0.98   10.4   0.8    78   115    74   115    58   155 0.57 -
evm.utg293.3                         -            185 578734at33208        -            193       0.2   12.6   3.2   1   1    0.0011      0.33   11.9   2.7    37   102    97   160    69   169 0.75 -
evm.utg1828.26                       -            374 578734at33208        -            193      0.22   12.5   2.7   1   1    0.0079       2.4    9.1   2.7    71   127    25    92     3   109 0.72 -
evm.utg791.5                         -            534 578734at33208        -            193      0.22   12.5   1.6   1   2      0.24        74    4.2   0.2    41    90   214   258   182   301 0.53 -
evm.utg791.5                         -            534 578734at33208        -            193      0.22   12.5   1.6   2   2     0.062        19    6.2   0.1   115   149   330   369   301   378 0.83 -
evm.utg3761.27                       -            576 578734at33208        -            193      0.23   12.4   1.9   1   1    0.0018      0.54   11.2   1.5    67   145    52   143    39   155 0.68 -
evm.utg3761.8                        -            573 578734at33208        -            193      0.27   12.2   1.4   1   1    0.0015      0.44   11.5   0.7   107   153    66   113    57   135 0.79 -
evm.utg234.27.1.5c22ed76             -            534 578734at33208        -            193      0.38   11.7   6.3   1   2    0.0045       1.3    9.9   0.5   116   165   180   232   142   244 0.82 -
evm.utg234.27.1.5c22ed76             -            534 578734at33208        -            193      0.38   11.7   6.3   2   2      0.24        72    4.3   0.2    83   129   432   477   411   493 0.74 -
evm.utg234.27                        -            535 578734at33208        -            193      0.38   11.7   6.3   1   2    0.0045       1.3    9.9   0.5   116   165   181   233   143   245 0.82 -
evm.utg234.27                        -            535 578734at33208        -            193      0.38   11.7   6.3   2   2      0.24        73    4.3   0.2    83   129   433   478   412   494 0.74 -
evm.utg6401.53                       -           1338 578734at33208        -            193      0.61   11.0   1.7   1   1    0.0039       1.2   10.1   0.3    20    66  1170  1218  1159  1250 0.85 -
evm.utg8931.12                       -            454 578734at33208        -            193      0.67   10.9   0.8   1   2      0.34     1e+02    3.8   0.1    74   115    39    80    18    91 0.81 -
evm.utg8931.12                       -            454 578734at33208        -            193      0.67   10.9   0.8   2   2      0.17        50    4.8   0.1    76   114   101   139    80   164 0.74 -
evm.utg6272.16                       -            608 578734at33208        -            193      0.69   10.9   2.4   1   1    0.0087       2.6    9.0   2.3    27   108    66   150    51   158 0.70 -
evm.utg14.34                         -            544 578734at33208        -            193      0.72   10.8   6.9   1   2    0.0045       1.4    9.9   0.9   119   165   172   221   121   232 0.81 -
evm.utg14.34                         -            544 578734at33208        -            193      0.72   10.8   6.9   2   2      0.43   1.3e+02    3.4   0.2    97   129   435   466   414   483 0.78 -
evm.utg4567.28                       -            630 578734at33208        -            193       1.7    9.6  16.2   1   5       2.8   8.4e+02    0.8   0.3    51   104    69   128    62   137 0.53 -
evm.utg4567.28                       -            630 578734at33208        -            193       1.7    9.6  16.2   2   5       1.6   4.9e+02    1.5   0.8    16   103    94   181    81   186 0.66 -
evm.utg4567.28                       -            630 578734at33208        -            193       1.7    9.6  16.2   3   5       4.1   1.2e+03    0.3   0.2    87   106   217   236   169   262 0.61 -
evm.utg4567.28                       -            630 578734at33208        -            193       1.7    9.6  16.2   4   5       6.6     2e+03   -0.4   0.0    14    79   249   312   238   319 0.66 -
evm.utg4567.28                       -            630 578734at33208        -            193       1.7    9.6  16.2   5   5    0.0016      0.48   11.4   1.0    42   116   338   410   319   429 0.59 -
utg607.equina_smart_493740.mrna1     -            236 578734at33208        -            193       2.8    8.8   5.7   1   2         4   1.2e+03    0.3   0.1    32    48    40    56    31    71 0.44 -
utg607.equina_smart_493740.mrna1     -            236 578734at33208        -            193       2.8    8.8   5.7   2   2    0.0093       2.8    8.9   2.4    38    76    74   109    52   128 0.66 -
#
# Program:         hmmsearch
# Version:         3.1b2 (February 2015)
# Pipeline mode:   SEARCH
# Query file:      /uoa/scratch/users/r02hw22/project_dark_genes/busco_downloads/lineages/metazoa_odb10/hmms/578734at33208.hmm
# Target file:     /uoa/scratch/users/r02hw22/project_dark_genes/00_raw/equina_smart.rnam-trna.merged.ggf.curated.remredun.aa.fa
# Option settings: hmmsearch --domtblout /uoa/scratch/users/r02hw22/project_dark_genes/equina_busco_proteins/run_metazoa_odb10/hmmer_output/initial_run_results/578734at33208.out --cpu 1 /uoa/scratch/users/r02hw22/project_dark_genes/busco_downloads/lineages/metazoa_odb10/hmms/578734at33208.hmm /uoa/scratch/users/r02hw22/project_dark_genes/00_raw/equina_smart.rnam-trna.merged.ggf.curated.remredun.aa.fa 
# Current dir:     /uoa/scratch/users/r02hw22/project_dark_genes
# Date:            Sat Apr 25 14:42:50 2026
# [ok]
