#                                                                            --- full sequence --- -------------- this domain -------------   hmm coord   ali coord   env coord
# target name        accession   tlen query name           accession   qlen   E-value  score  bias   #  of  c-Evalue  i-Evalue  score  bias  from    to  from    to  from    to  acc description of target
#------------------- ---------- ----- -------------------- ---------- ----- --------- ------ ----- --- --- --------- --------- ------ ----- ----- ----- ----- ----- ----- ----- ---- ---------------------
evm.utg3019.36       -            168 581475at33208        -            137     4e-41  141.4   1.4   1   1   6.8e-44   5.4e-40  137.8   1.4     2   136     3   159     2   160 0.88 -
evm.utg4327.2        -            168 581475at33208        -            137   3.1e-40  138.5   3.3   1   1   5.3e-43   4.2e-39  134.9   3.3     2   136     3   159     2   160 0.88 -
evm.utg4327.3        -            146 581475at33208        -            137   6.4e-13   50.1   0.2   1   1   1.1e-16   8.4e-13   49.7   0.2     2   104    25   133    24   138 0.89 -
evm.utg3019.37       -            146 581475at33208        -            137   1.4e-12   49.0   0.1   1   1   2.2e-16   1.7e-12   48.7   0.1     2   104    25   133    24   142 0.88 -
evm.utg536.57        -            134 581475at33208        -            137   0.00066   20.9   0.0   1   1   1.1e-07   0.00086   20.5   0.0    34   101    33   100    16   106 0.91 -
evm.utg2487.12       -             98 581475at33208        -            137     0.015   16.5   0.0   1   1     2e-06     0.016   16.4   0.0    32   100    26    94    11    97 0.91 -
evm.utg1696.10       -            182 581475at33208        -            137      0.46   11.7   0.0   1   1   8.5e-05      0.67   11.2   0.0    42    93    51   103    41   121 0.78 -
#
# Program:         hmmsearch
# Version:         3.1b2 (February 2015)
# Pipeline mode:   SEARCH
# Query file:      /uoa/scratch/users/r02hw22/project_dark_genes/busco_downloads/lineages/metazoa_odb10/hmms/581475at33208.hmm
# Target file:     /uoa/scratch/users/r02hw22/project_dark_genes/00_raw/equina_smart.rnam-trna.merged.ggf.curated.remredun.aa.fa
# Option settings: hmmsearch --domtblout /uoa/scratch/users/r02hw22/project_dark_genes/equina_busco_proteins/run_metazoa_odb10/hmmer_output/initial_run_results/581475at33208.out --cpu 1 /uoa/scratch/users/r02hw22/project_dark_genes/busco_downloads/lineages/metazoa_odb10/hmms/581475at33208.hmm /uoa/scratch/users/r02hw22/project_dark_genes/00_raw/equina_smart.rnam-trna.merged.ggf.curated.remredun.aa.fa 
# Current dir:     /uoa/scratch/users/r02hw22/project_dark_genes
# Date:            Sat Apr 25 14:43:00 2026
# [ok]
