#                                                                                --- full sequence --- -------------- this domain -------------   hmm coord   ali coord   env coord
# target name            accession   tlen query name           accession   qlen   E-value  score  bias   #  of  c-Evalue  i-Evalue  score  bias  from    to  from    to  from    to  acc description of target
#    ------------------- ---------- ----- -------------------- ---------- ----- --------- ------ ----- --- --- --------- --------- ------ ----- ----- ----- ----- ----- ----- ----- ---- ---------------------
evm.utg910.72            -            178 581547at33208        -            153   2.2e-73  246.7   0.0   1   1   2.6e-77   2.9e-73  246.3   0.0     1   153     1   177     1   177 0.90 -
evm.utg910.72.1.5c22f4f7 -            189 581547at33208        -            153     4e-60  203.6   0.1   1   1   4.9e-64   5.5e-60  203.2   0.1     1   132     1   151     1   158 0.89 -
evm.utg910.72.2.5c22f4f7 -            129 581547at33208        -            153   1.6e-51  175.7   0.0   1   1   1.7e-55   1.9e-51  175.5   0.0     6   110     2   112     1   118 0.93 -
evm.utg580.77            -            205 581547at33208        -            153      0.12   13.8   0.0   1   1   1.6e-05      0.18   13.2   0.0    36   130   107   199    91   203 0.83 -
evm.utg382.51            -            353 581547at33208        -            153       1.6   10.1   1.3   1   3     0.031   3.4e+02    2.5   0.0    61    78   117   134   115   141 0.87 -
evm.utg382.51            -            353 581547at33208        -            153       1.6   10.1   1.3   2   3     0.031   3.4e+02    2.5   0.0    61    78   187   204   185   211 0.87 -
evm.utg382.51            -            353 581547at33208        -            153       1.6   10.1   1.3   3   3     0.041   4.6e+02    2.1   0.0    61    78   257   274   255   281 0.87 -
#
# Program:         hmmsearch
# Version:         3.1b2 (February 2015)
# Pipeline mode:   SEARCH
# Query file:      /uoa/scratch/users/r02hw22/project_dark_genes/busco_downloads/lineages/metazoa_odb10/hmms/581547at33208.hmm
# Target file:     /uoa/scratch/users/r02hw22/project_dark_genes/00_raw/equina_smart.rnam-trna.merged.ggf.curated.remredun.aa.fa
# Option settings: hmmsearch --domtblout /uoa/scratch/users/r02hw22/project_dark_genes/equina_busco_proteins/run_metazoa_odb10/hmmer_output/initial_run_results/581547at33208.out --cpu 1 /uoa/scratch/users/r02hw22/project_dark_genes/busco_downloads/lineages/metazoa_odb10/hmms/581547at33208.hmm /uoa/scratch/users/r02hw22/project_dark_genes/00_raw/equina_smart.rnam-trna.merged.ggf.curated.remredun.aa.fa 
# Current dir:     /uoa/scratch/users/r02hw22/project_dark_genes
# Date:            Sat Apr 25 14:43:06 2026
# [ok]
