#                                                                                          --- full sequence --- -------------- this domain -------------   hmm coord   ali coord   env coord
# target name                      accession   tlen query name           accession   qlen   E-value  score  bias   #  of  c-Evalue  i-Evalue  score  bias  from    to  from    to  from    to  acc description of target
#              ------------------- ---------- ----- -------------------- ---------- ----- --------- ------ ----- --- --- --------- --------- ------ ----- ----- ----- ----- ----- ----- ----- ---- ---------------------
evm.utg1972.69.1.5c22eca8          -            124 587688at33208        -            101   5.5e-29  102.2   6.6   1   2   4.3e-32   5.5e-29  102.2   6.6     1    77     1    82     1    99 0.91 -
evm.utg1972.69.1.5c22eca8          -            124 587688at33208        -            101   5.5e-29  102.2   6.6   2   2       1.2   1.5e+03    1.3   0.1    51    65   105   119   100   121 0.88 -
evm.utg1972.69                     -            162 587688at33208        -            101   1.2e-28  101.2   9.6   1   1   1.2e-31   1.5e-28  100.8   8.6     1    80     1    85     1   113 0.84 -
evm.utg1970.16                     -            409 587688at33208        -            101   4.4e-06   28.7  19.0   1   4   0.00024       0.3   13.2   0.2    51    73    14    35     2    42 0.75 -
evm.utg1970.16                     -            409 587688at33208        -            101   4.4e-06   28.7  19.0   2   4   0.00052      0.66   12.1   0.2    52    76    43    66    37    74 0.85 -
evm.utg1970.16                     -            409 587688at33208        -            101   4.4e-06   28.7  19.0   3   4       5.9   7.5e+03   -0.9   0.3    55    73   176   193   161   201 0.77 -
evm.utg1970.16                     -            409 587688at33208        -            101   4.4e-06   28.7  19.0   4   4   8.4e-05      0.11   14.6   1.3    43    75   320   353   266   365 0.84 -
evm.utg3409.20                     -            147 587688at33208        -            101   4.7e-06   28.6   2.7   1   1   4.7e-09     6e-06   28.3   2.7     4    38     3    38     1    64 0.79 -
evm.utg6432.40                     -            165 587688at33208        -            101   5.4e-06   28.4   2.8   1   1   6.4e-09   8.1e-06   27.8   2.8     4    38    21    56    19    81 0.79 -
evm.utg1302.26                     -            188 587688at33208        -            101     2e-05   26.6   5.1   1   2   0.00013      0.16   14.0   0.5    51    73    14    35     3    41 0.77 -
evm.utg1302.26                     -            188 587688at33208        -            101     2e-05   26.6   5.1   2   2   0.00014      0.18   13.9   0.2    52    76    43    66    37    76 0.85 -
evm.utg2521.16                     -            482 587688at33208        -            101     2e-05   26.6  42.8   1  10      0.14   1.8e+02    4.3   0.6     3    16   172   185   170   194 0.89 -
evm.utg2521.16                     -            482 587688at33208        -            101     2e-05   26.6  42.8   2  10     0.013        16    7.6   0.1     3    19   200   216   198   223 0.85 -
evm.utg2521.16                     -            482 587688at33208        -            101     2e-05   26.6  42.8   3  10     0.016        20    7.3   0.2     3    23   228   248   226   256 0.79 -
evm.utg2521.16                     -            482 587688at33208        -            101     2e-05   26.6  42.8   4  10     0.097   1.2e+02    4.8   0.3     2    19   255   272   254   281 0.84 -
evm.utg2521.16                     -            482 587688at33208        -            101     2e-05   26.6  42.8   5  10       5.8   7.4e+03   -0.9   0.0     5    19   286   300   282   308 0.79 -
evm.utg2521.16                     -            482 587688at33208        -            101     2e-05   26.6  42.8   6  10    0.0016         2   10.5   0.3     3    21   312   330   310   337 0.85 -
evm.utg2521.16                     -            482 587688at33208        -            101     2e-05   26.6  42.8   7  10       3.5   4.4e+03   -0.2   0.2     7    16   372   381   366   386 0.88 -
evm.utg2521.16                     -            482 587688at33208        -            101     2e-05   26.6  42.8   8  10      0.75   9.5e+02    1.9   0.1     3    16   396   409   394   420 0.81 -
evm.utg2521.16                     -            482 587688at33208        -            101     2e-05   26.6  42.8   9  10    0.0023         3   10.0   0.1     3    22   424   442   422   449 0.80 -
evm.utg2521.16                     -            482 587688at33208        -            101     2e-05   26.6  42.8  10  10      0.11   1.4e+02    4.6   0.1     4    23   453   472   450   479 0.78 -
evm.utg4187.39                     -            191 587688at33208        -            101   2.7e-05   26.2   6.0   1   2   2.2e-05     0.028   16.5   0.9    47    81    97   130    61   138 0.71 -
evm.utg4187.39                     -            191 587688at33208        -            101   2.7e-05   26.2   6.0   2   2   0.00047      0.59   12.2   0.6    50    76   138   164   132   166 0.87 -
evm.utg3522.30                     -            444 587688at33208        -            101   0.00013   24.0   4.1   1   2    0.0062       7.8    8.6   0.2    52    71     4    22     2    28 0.87 -
evm.utg3522.30                     -            444 587688at33208        -            101   0.00013   24.0   4.1   2   2   3.7e-05     0.046   15.8   0.4    47    75    63    90    60    94 0.89 -
evm.utg181.8                       -            482 587688at33208        -            101   0.00042   22.3  46.7   1  10     0.035        44    6.2   0.9     3    18   172   187   170   197 0.86 -
evm.utg181.8                       -            482 587688at33208        -            101   0.00042   22.3  46.7   2  10     0.012        16    7.7   0.1     3    20   200   217   198   224 0.81 -
evm.utg181.8                       -            482 587688at33208        -            101   0.00042   22.3  46.7   3  10     0.013        16    7.6   0.3     3    23   228   248   226   256 0.77 -
evm.utg181.8                       -            482 587688at33208        -            101   0.00042   22.3  46.7   4  10      0.11   1.4e+02    4.6   0.3     2    19   255   272   254   281 0.84 -
evm.utg181.8                       -            482 587688at33208        -            101   0.00042   22.3  46.7   5  10       5.8   7.4e+03   -0.9   0.0     5    19   286   300   282   308 0.79 -
evm.utg181.8                       -            482 587688at33208        -            101   0.00042   22.3  46.7   6  10    0.0016         2   10.5   0.3     3    21   312   330   310   337 0.85 -
evm.utg181.8                       -            482 587688at33208        -            101   0.00042   22.3  46.7   7  10       3.5   4.4e+03   -0.2   0.2     7    16   372   381   366   386 0.88 -
evm.utg181.8                       -            482 587688at33208        -            101   0.00042   22.3  46.7   8  10      0.74   9.4e+02    1.9   0.1     3    16   396   409   394   420 0.81 -
evm.utg181.8                       -            482 587688at33208        -            101   0.00042   22.3  46.7   9  10    0.0024         3   10.0   0.3     3    24   424   444   422   455 0.80 -
evm.utg181.8                       -            482 587688at33208        -            101   0.00042   22.3  46.7  10  10      0.91   1.2e+03    1.7   0.1     5    23   454   472   449   479 0.78 -
evm.utg1396.14                     -            211 587688at33208        -            101   0.00053   22.0   2.7   1   1   8.5e-07    0.0011   21.0   2.3    46    74   106   133    95   148 0.89 -
evm.utg2298.29                     -            211 587688at33208        -            101   0.00059   21.9   2.7   1   1     1e-06    0.0013   20.7   2.5    46    74   106   133    93   142 0.89 -
evm.utg857.40                      -            671 587688at33208        -            101   0.00062   21.8   2.7   1   1   7.6e-07   0.00096   21.2   0.8    46    75   590   618   563   629 0.80 -
evm.utg15506.20                    -            356 587688at33208        -            101   0.00065   21.7   0.5   1   1   1.6e-06    0.0021   20.1   0.5    45    75   292   321   269   328 0.81 -
evm.utg190.63                      -            357 587688at33208        -            101    0.0031   19.5  29.3   1   8     0.035        44    6.2   0.1     3    17   130   144   128   154 0.83 -
evm.utg190.63                      -            357 587688at33208        -            101    0.0031   19.5  29.3   2   8     0.092   1.2e+02    4.9   0.1     3    16   158   171   156   181 0.85 -
evm.utg190.63                      -            357 587688at33208        -            101    0.0031   19.5  29.3   3   8     0.056        71    5.5   0.1     3    17   186   200   184   210 0.83 -
evm.utg190.63                      -            357 587688at33208        -            101    0.0031   19.5  29.3   4   8      0.13   1.6e+02    4.4   0.1     3    18   214   229   212   239 0.78 -
evm.utg190.63                      -            357 587688at33208        -            101    0.0031   19.5  29.3   5   8     0.031        39    6.4   0.1     3    17   242   256   240   266 0.86 -
evm.utg190.63                      -            357 587688at33208        -            101    0.0031   19.5  29.3   6   8      0.63     8e+02    2.2   0.2     3    17   270   284   268   300 0.75 -
evm.utg190.63                      -            357 587688at33208        -            101    0.0031   19.5  29.3   7   8       2.7   3.4e+03    0.1   0.1     3    21   298   316   296   323 0.75 -
evm.utg190.63                      -            357 587688at33208        -            101    0.0031   19.5  29.3   8   8     0.059        75    5.5   0.1     3    18   326   341   324   355 0.77 -
evm.utg17539.5                     -            137 587688at33208        -            101    0.0049   18.9   4.1   1   2      0.59   7.5e+02    2.3   0.5    20    49     6    38     2    50 0.62 -
evm.utg17539.5                     -            137 587688at33208        -            101    0.0049   18.9   4.1   2   2   7.1e-06     0.009   18.1   0.2     4    50    58   103    56   114 0.92 -
evm.utg10077.6                     -            137 587688at33208        -            101     0.005   18.9   4.1   1   2      0.59   7.5e+02    2.3   0.5    20    49     6    38     2    50 0.62 -
evm.utg10077.6                     -            137 587688at33208        -            101     0.005   18.9   4.1   2   2   7.1e-06     0.009   18.1   0.2     4    50    58   103    56   114 0.92 -
evm.utg5176.18                     -            537 587688at33208        -            101    0.0076   18.3  68.3   1  11      0.03        38    6.4   0.2     3    17   174   188   172   195 0.85 -
evm.utg5176.18                     -            537 587688at33208        -            101    0.0076   18.3  68.3   2  11     0.032        41    6.3   0.2     3    20   202   219   200   227 0.78 -
evm.utg5176.18                     -            537 587688at33208        -            101    0.0076   18.3  68.3   3  11    0.0011       1.4   11.0   6.5     3    67   230   294   228   308 0.80 -
evm.utg5176.18                     -            537 587688at33208        -            101    0.0076   18.3  68.3   4  11     0.012        15    7.7   0.6     3    21   315   333   313   343 0.78 -
evm.utg5176.18                     -            537 587688at33208        -            101    0.0076   18.3  68.3   5  11      0.16   2.1e+02    4.1   0.6     3    19   343   359   341   370 0.76 -
evm.utg5176.18                     -            537 587688at33208        -            101    0.0076   18.3  68.3   6  11       1.5   1.9e+03    1.0   0.4     3    18   371   386   369   396 0.75 -
evm.utg5176.18                     -            537 587688at33208        -            101    0.0076   18.3  68.3   7  11      0.19   2.4e+02    3.8   0.3     3    19   399   415   397   424 0.77 -
evm.utg5176.18                     -            537 587688at33208        -            101    0.0076   18.3  68.3   8  11      0.19   2.4e+02    3.8   0.3     3    19   427   443   425   452 0.77 -
evm.utg5176.18                     -            537 587688at33208        -            101    0.0076   18.3  68.3   9  11      0.19   2.4e+02    3.8   0.3     3    19   455   471   453   480 0.77 -
evm.utg5176.18                     -            537 587688at33208        -            101    0.0076   18.3  68.3  10  11      0.19   2.4e+02    3.8   0.3     3    19   483   499   481   508 0.77 -
evm.utg5176.18                     -            537 587688at33208        -            101    0.0076   18.3  68.3  11  11     0.057        73    5.5   0.8     2    22   510   530   509   535 0.77 -
evm.utg1194.7                      -            240 587688at33208        -            101      0.01   17.9   3.5   1   3    0.0073       9.3    8.4   0.1    45    77    11    43     6    53 0.88 -
evm.utg1194.7                      -            240 587688at33208        -            101      0.01   17.9   3.5   2   3       7.7   9.7e+03   -1.3   0.0    27    46    71    91    63    98 0.71 -
evm.utg1194.7                      -            240 587688at33208        -            101      0.01   17.9   3.5   3   3    0.0041       5.2    9.2   0.1    50    75   152   177   141   192 0.85 -
evm.utg600.39.1.5c22f296           -            781 587688at33208        -            101     0.018   17.1   0.1   1   1   4.1e-05     0.052   15.6   0.1    48    73   337   362   332   369 0.89 -
evm.utg1302.28                     -            179 587688at33208        -            101     0.022   16.8   1.0   1   1   6.8e-05     0.086   14.9   1.0    45    75    92   123    35   137 0.83 -
utg2932.equina_smart_1653245.mrna2 -            904 587688at33208        -            101     0.038   16.0   1.8   1   1   4.5e-05     0.057   15.5   0.2    47    73   147   173   138   182 0.90 -
evm.utg600.39                      -           1094 587688at33208        -            101     0.043   15.9   1.7   1   1     6e-05     0.076   15.1   0.1    48    73   337   362   332   369 0.89 -
evm.utg3197.8                      -            240 587688at33208        -            101     0.054   15.5   5.5   1   3     0.029        37    6.4   0.2     3    15   154   166   152   178 0.86 -
evm.utg3197.8                      -            240 587688at33208        -            101     0.054   15.5   5.5   2   3     0.086   1.1e+02    5.0   0.0     3    15   182   194   180   204 0.87 -
evm.utg3197.8                      -            240 587688at33208        -            101     0.054   15.5   5.5   3   3       0.1   1.3e+02    4.7   0.3     3    26   210   232   208   238 0.76 -
evm.utg4901.15                     -           1260 587688at33208        -            101      0.08   15.0   0.7   1   2   6.3e-05      0.08   15.0   0.7    41    75   210   243   200   269 0.79 -
evm.utg4901.15                     -           1260 587688at33208        -            101      0.08   15.0   0.7   2   2         7   8.9e+03   -1.2   0.8    38    75   375   412   363   423 0.65 -
evm.utg10588.3.1.5c22e835          -           1222 587688at33208        -            101     0.095   14.8   0.5   1   2   7.5e-05     0.095   14.8   0.5    46    76   215   244   201   272 0.67 -
evm.utg10588.3.1.5c22e835          -           1222 587688at33208        -            101     0.095   14.8   0.5   2   2       8.1     1e+04   -1.4   0.6    38    70   375   407   364   422 0.68 -
evm.utg10588.3                     -           1260 587688at33208        -            101     0.098   14.7   0.5   1   2   7.8e-05     0.098   14.7   0.5    46    76   215   244   201   272 0.67 -
evm.utg10588.3                     -           1260 587688at33208        -            101     0.098   14.7   0.5   2   2       8.4   1.1e+04   -1.4   0.6    38    70   375   407   364   422 0.68 -
evm.utg967.22                      -            313 587688at33208        -            101      0.13   14.3  14.8   1   4     0.012        16    7.7   0.6    51    71    34    53    26    63 0.87 -
evm.utg967.22                      -            313 587688at33208        -            101      0.13   14.3  14.8   2   4     0.063        79    5.4   0.7    51    76    67    90    58    99 0.82 -
evm.utg967.22                      -            313 587688at33208        -            101      0.13   14.3  14.8   3   4    0.0043       5.4    9.1   0.3    51    75   126   149   118   152 0.85 -
evm.utg967.22                      -            313 587688at33208        -            101      0.13   14.3  14.8   4   4       4.8     6e+03   -0.6   0.0    71    90   181   199   168   216 0.57 -
evm.utg1127.61                     -           1472 587688at33208        -            101      0.14   14.3  15.0   1   4       3.1     4e+03   -0.1   0.6    16    43    59    86    32    95 0.63 -
evm.utg1127.61                     -           1472 587688at33208        -            101      0.14   14.3  15.0   2   4     0.025        32    6.7   0.1    52    85   326   357   321   373 0.79 -
evm.utg1127.61                     -           1472 587688at33208        -            101      0.14   14.3  15.0   3   4     0.095   1.2e+02    4.8   0.6    48    90   516   557   464   563 0.74 -
evm.utg1127.61                     -           1472 587688at33208        -            101      0.14   14.3  15.0   4   4    0.0047       5.9    9.0   0.1    51    75   590   614   586   635 0.82 -
evm.utg4972.14                     -            231 587688at33208        -            101      0.14   14.2   4.1   1   1   0.00026      0.32   13.1   4.1     4    57    27    80    24   126 0.82 -
evm.utg4082.51                     -            691 587688at33208        -            101      0.15   14.1   0.6   1   1   0.00033      0.41   12.7   0.6    50    76    16    42    11    53 0.87 -
evm.utg9401.6                      -            690 587688at33208        -            101      0.16   14.0   0.7   1   1   0.00032      0.41   12.7   0.7    50    76    16    42    11    54 0.87 -
evm.utg8672.25                     -            584 587688at33208        -            101      0.17   14.0  53.8   1  12      0.92   1.2e+03    1.6   0.1     5    15   246   256   243   270 0.86 -
evm.utg8672.25                     -            584 587688at33208        -            101      0.17   14.0  53.8   2  12     0.014        17    7.5   0.4     2    20   272   290   271   298 0.79 -
evm.utg8672.25                     -            584 587688at33208        -            101      0.17   14.0  53.8   3  12     0.045        57    5.9   1.7     3    21   301   319   299   327 0.78 -
evm.utg8672.25                     -            584 587688at33208        -            101      0.17   14.0  53.8   4  12       0.3   3.8e+02    3.2   0.1     4    19   330   345   327   354 0.76 -
evm.utg8672.25                     -            584 587688at33208        -            101      0.17   14.0  53.8   5  12      0.22   2.8e+02    3.6   0.3     3    16   357   370   355   380 0.84 -
evm.utg8672.25                     -            584 587688at33208        -            101      0.17   14.0  53.8   6  12     0.066        83    5.3   0.2     2    17   384   399   383   409 0.85 -
evm.utg8672.25                     -            584 587688at33208        -            101      0.17   14.0  53.8   7  12      0.14   1.7e+02    4.3   0.1     3    17   413   427   411   438 0.79 -
evm.utg8672.25                     -            584 587688at33208        -            101      0.17   14.0  53.8   8  12      0.21   2.6e+02    3.7   0.0     2    17   440   455   439   466 0.80 -
evm.utg8672.25                     -            584 587688at33208        -            101      0.17   14.0  53.8   9  12      0.07        89    5.2   0.6     3    18   469   484   467   500 0.79 -
evm.utg8672.25                     -            584 587688at33208        -            101      0.17   14.0  53.8  10  12         5   6.3e+03   -0.7   0.1     3    17   497   511   495   517 0.85 -
evm.utg8672.25                     -            584 587688at33208        -            101      0.17   14.0  53.8  11  12      0.25   3.2e+02    3.5   0.3     3    16   525   538   523   545 0.85 -
evm.utg8672.25                     -            584 587688at33208        -            101      0.17   14.0  53.8  12  12       2.7   3.4e+03    0.1   0.0     7    17   557   567   553   580 0.81 -
evm.utg5176.14                     -            572 587688at33208        -            101      0.19   13.8  30.9   1   5     0.062        78    5.4   0.2     3    18   372   387   370   397 0.83 -
evm.utg5176.14                     -            572 587688at33208        -            101      0.19   13.8  30.9   2   5      0.13   1.7e+02    4.3   5.2     3    45   400   441   398   480 0.61 -
evm.utg5176.14                     -            572 587688at33208        -            101      0.19   13.8  30.9   3   5     0.043        54    5.9   1.0     3    19   484   500   482   511 0.76 -
evm.utg5176.14                     -            572 587688at33208        -            101      0.19   13.8  30.9   4   5     0.038        48    6.1   1.1     3    20   512   529   510   537 0.75 -
evm.utg5176.14                     -            572 587688at33208        -            101      0.19   13.8  30.9   5   5     0.018        23    7.1   0.1     3    22   540   558   538   567 0.77 -
evm.utg388.6                       -            276 587688at33208        -            101      0.22   13.6  26.0   1   6       1.4   1.8e+03    1.1   0.6     5    15    75    85    72    93 0.87 -
evm.utg388.6                       -            276 587688at33208        -            101      0.22   13.6  26.0   2   6     0.029        37    6.5   0.1     3    17   102   116   100   124 0.86 -
evm.utg388.6                       -            276 587688at33208        -            101      0.22   13.6  26.0   3   6      0.63   7.9e+02    2.2   0.0     4    18   131   145   128   155 0.78 -
evm.utg388.6                       -            276 587688at33208        -            101      0.22   13.6  26.0   4   6     0.039        50    6.0   0.6     3    17   158   172   156   189 0.85 -
evm.utg388.6                       -            276 587688at33208        -            101      0.22   13.6  26.0   5   6     0.037        47    6.1   0.2     2    16   213   227   212   235 0.87 -
evm.utg388.6                       -            276 587688at33208        -            101      0.22   13.6  26.0   6   6     0.031        40    6.4   0.2     3    20   242   259   240   272 0.72 -
evm.utg4155.51                     -            231 587688at33208        -            101      0.27   13.3   3.8   1   3      0.17   2.2e+02    4.0   0.1    51    77     8    34     4    44 0.85 -
evm.utg4155.51                     -            231 587688at33208        -            101      0.27   13.3   3.8   2   3       7.1     9e+03   -1.2   0.0    27    47    62    83    54    90 0.72 -
evm.utg4155.51                     -            231 587688at33208        -            101      0.27   13.3   3.8   3   3    0.0039       4.9    9.3   0.1    50    75   143   168   132   183 0.85 -
evm.utg320.142                     -            437 587688at33208        -            101      0.43   12.7  11.6   1   4      0.38   4.9e+02    2.9   0.2     5    40    62    96    58   104 0.77 -
evm.utg320.142                     -            437 587688at33208        -            101      0.43   12.7  11.6   2   4    0.0014       1.8   10.7   0.3     3    32   126   154   124   171 0.80 -
evm.utg320.142                     -            437 587688at33208        -            101      0.43   12.7  11.6   3   4       1.3   1.7e+03    1.1   0.0    60    87   207   233   190   245 0.65 -
evm.utg320.142                     -            437 587688at33208        -            101      0.43   12.7  11.6   4   4      0.72   9.1e+02    2.0   0.0     4    33   292   320   290   330 0.80 -
evm.utg320.142.1.5c22ef0b          -            437 587688at33208        -            101      0.43   12.7  11.6   1   4      0.38   4.9e+02    2.9   0.2     5    40    62    96    58   104 0.77 -
evm.utg320.142.1.5c22ef0b          -            437 587688at33208        -            101      0.43   12.7  11.6   2   4    0.0014       1.8   10.7   0.3     3    32   126   154   124   171 0.80 -
evm.utg320.142.1.5c22ef0b          -            437 587688at33208        -            101      0.43   12.7  11.6   3   4       1.3   1.7e+03    1.1   0.0    60    87   207   233   190   245 0.65 -
evm.utg320.142.1.5c22ef0b          -            437 587688at33208        -            101      0.43   12.7  11.6   4   4      0.72   9.1e+02    2.0   0.0     4    33   292   320   290   330 0.80 -
evm.utg4155.51.1.5c22f087          -            174 587688at33208        -            101      0.62   12.2   4.1   1   3      0.11   1.4e+02    4.6   0.1    51    78     8    35     4    44 0.85 -
evm.utg4155.51.1.5c22f087          -            174 587688at33208        -            101      0.62   12.2   4.1   2   3       3.9   4.9e+03   -0.4   0.0    26    47    61    83    50    94 0.74 -
evm.utg4155.51.1.5c22f087          -            174 587688at33208        -            101      0.62   12.2   4.1   3   3     0.015        19    7.4   0.2    50    74   143   167   131   171 0.86 -
evm.utg1194.7.1.5c22e916           -            231 587688at33208        -            101       1.3   11.1   4.2   1   3      0.17   2.2e+02    4.0   0.1    51    77     8    34     4    44 0.85 -
evm.utg1194.7.1.5c22e916           -            231 587688at33208        -            101       1.3   11.1   4.2   2   3       7.1     9e+03   -1.2   0.0    27    47    62    83    54    90 0.72 -
evm.utg1194.7.1.5c22e916           -            231 587688at33208        -            101       1.3   11.1   4.2   3   3     0.015        19    7.4   0.2    50    74   143   167   132   185 0.84 -
evm.utg1663.36.1.5c22eb9d          -            766 587688at33208        -            101       2.5   10.2   9.9   1   2     0.059        75    5.5   0.4    48    79   270   301   256   308 0.84 -
evm.utg1663.36.1.5c22eb9d          -            766 587688at33208        -            101       2.5   10.2   9.9   2   2    0.0034       4.3    9.5   0.4    51    73   309   331   304   367 0.73 -
evm.utg1663.36                     -            737 587688at33208        -            101         3   10.0  10.4   1   2     0.062        78    5.4   0.7    47    79   240   272   219   279 0.84 -
evm.utg1663.36                     -            737 587688at33208        -            101         3   10.0  10.4   2   2    0.0032       4.1    9.5   0.4    51    73   280   302   275   338 0.73 -
evm.utg479.5                       -            636 587688at33208        -            101       4.3    9.4   0.0   1   3         7   8.8e+03   -1.2   0.2    67    93    40    66    38    72 0.87 -
evm.utg479.5                       -            636 587688at33208        -            101       4.3    9.4   0.0   2   3    0.0034       4.3    9.4   0.0     6    79   188   261   184   280 0.87 -
evm.utg479.5                       -            636 587688at33208        -            101       4.3    9.4   0.0   3   3       5.1   6.5e+03   -0.7   0.3    34    61   340   367   334   410 0.73 -
evm.utg1337.13                     -            406 587688at33208        -            101       7.2    8.7   9.2   1   1   0.00059      0.75   11.9   3.8     4    57    27    80    24   124 0.82 -
#
# Program:         hmmsearch
# Version:         3.1b2 (February 2015)
# Pipeline mode:   SEARCH
# Query file:      /uoa/scratch/users/r02hw22/project_dark_genes/busco_downloads/lineages/metazoa_odb10/hmms/587688at33208.hmm
# Target file:     /uoa/scratch/users/r02hw22/project_dark_genes/00_raw/equina_smart.rnam-trna.merged.ggf.curated.remredun.aa.fa
# Option settings: hmmsearch --domtblout /uoa/scratch/users/r02hw22/project_dark_genes/equina_busco_proteins/run_metazoa_odb10/hmmer_output/initial_run_results/587688at33208.out --cpu 1 /uoa/scratch/users/r02hw22/project_dark_genes/busco_downloads/lineages/metazoa_odb10/hmms/587688at33208.hmm /uoa/scratch/users/r02hw22/project_dark_genes/00_raw/equina_smart.rnam-trna.merged.ggf.curated.remredun.aa.fa 
# Current dir:     /uoa/scratch/users/r02hw22/project_dark_genes
# Date:            Sat Apr 25 14:42:52 2026
# [ok]
