#                                                                            --- full sequence --- -------------- this domain -------------   hmm coord   ali coord   env coord
# target name        accession   tlen query name           accession   qlen   E-value  score  bias   #  of  c-Evalue  i-Evalue  score  bias  from    to  from    to  from    to  acc description of target
#------------------- ---------- ----- -------------------- ---------- ----- --------- ------ ----- --- --- --------- --------- ------ ----- ----- ----- ----- ----- ----- ----- ---- ---------------------
evm.utg4231.5        -            517 589901at33208        -            329   6.7e-99  333.2   1.6   1   4      0.52   7.3e+03   -2.2   0.0    15    46    32    63    21    80 0.78 -
evm.utg4231.5        -            517 589901at33208        -            329   6.7e-99  333.2   1.6   2   4     0.015   2.1e+02    2.9   0.0    21    60    73   110    64   124 0.68 -
evm.utg4231.5        -            517 589901at33208        -            329   6.7e-99  333.2   1.6   3   4    0.0017        23    6.0   0.1    64    99   191   226   180   237 0.83 -
evm.utg4231.5        -            517 589901at33208        -            329   6.7e-99  333.2   1.6   4   4     2e-99   2.8e-95  321.3   0.0   113   329   282   514   253   514 0.93 -
evm.utg3019.30       -            519 589901at33208        -            329   8.5e-99  332.9   1.2   1   4      0.75     1e+04   -2.7   0.0    16    45    35    64    25    81 0.78 -
evm.utg3019.30       -            519 589901at33208        -            329   8.5e-99  332.9   1.2   2   4     0.018   2.5e+02    2.6   0.0    22    60    76   112    67   125 0.67 -
evm.utg3019.30       -            519 589901at33208        -            329   8.5e-99  332.9   1.2   3   4    0.0028        40    5.3   0.1    64    97   193   226   182   238 0.83 -
evm.utg3019.30       -            519 589901at33208        -            329   8.5e-99  332.9   1.2   4   4   1.5e-99   2.1e-95  321.7   0.0   113   329   284   516   255   516 0.93 -
evm.utg479.68        -            187 589901at33208        -            329      0.23   12.7   3.0   1   1     2e-05      0.28   12.3   3.0     9   100    62   152    54   159 0.65 -
evm.utg1345.46       -             89 589901at33208        -            329      0.24   12.6   6.2   1   1   1.9e-05      0.27   12.4   6.2    11    82    13    80     6    88 0.35 -
#
# Program:         hmmsearch
# Version:         3.1b2 (February 2015)
# Pipeline mode:   SEARCH
# Query file:      /uoa/scratch/users/r02hw22/project_dark_genes/busco_downloads/lineages/metazoa_odb10/hmms/589901at33208.hmm
# Target file:     /uoa/scratch/users/r02hw22/project_dark_genes/00_raw/equina_smart.rnam-trna.merged.ggf.curated.remredun.aa.fa
# Option settings: hmmsearch --domtblout /uoa/scratch/users/r02hw22/project_dark_genes/equina_busco_proteins/run_metazoa_odb10/hmmer_output/initial_run_results/589901at33208.out --cpu 1 /uoa/scratch/users/r02hw22/project_dark_genes/busco_downloads/lineages/metazoa_odb10/hmms/589901at33208.hmm /uoa/scratch/users/r02hw22/project_dark_genes/00_raw/equina_smart.rnam-trna.merged.ggf.curated.remredun.aa.fa 
# Current dir:     /uoa/scratch/users/r02hw22/project_dark_genes
# Date:            Sat Apr 25 14:43:03 2026
# [ok]
