#                                                                                          --- full sequence --- -------------- this domain -------------   hmm coord   ali coord   env coord
# target name                      accession   tlen query name           accession   qlen   E-value  score  bias   #  of  c-Evalue  i-Evalue  score  bias  from    to  from    to  from    to  acc description of target
#              ------------------- ---------- ----- -------------------- ---------- ----- --------- ------ ----- --- --- --------- --------- ------ ----- ----- ----- ----- ----- ----- ----- ---- ---------------------
evm.utg736.37                      -            375 598944at33208        -            225   1.1e-57  196.9  50.0   1   4   3.9e-05     0.069   14.4   0.1     5    42     3    41     1    53 0.78 -
evm.utg736.37                      -            375 598944at33208        -            225   1.1e-57  196.9  50.0   2   4   8.2e-17   1.5e-13   52.6  11.1    35   132    83   192    75   196 0.69 -
evm.utg736.37                      -            375 598944at33208        -            225   1.1e-57  196.9  50.0   3   4   2.1e-07   0.00038   21.8   6.2    63   129   157   236   151   237 0.78 -
evm.utg736.37                      -            375 598944at33208        -            225   1.1e-57  196.9  50.0   4   4   9.4e-43   1.7e-39  137.5  26.6    76   224   217   372   206   373 0.89 -
evm.utg320.142                     -            437 598944at33208        -            225   3.4e-08   35.1  15.3   1   4   0.00023       0.4   11.9   4.3    16    81    41   106    23   127 0.72 -
evm.utg320.142                     -            437 598944at33208        -            225   3.4e-08   35.1  15.3   2   4   0.00077       1.4   10.2   0.3    37    78   128   169   116   207 0.75 -
evm.utg320.142                     -            437 598944at33208        -            225   3.4e-08   35.1  15.3   3   4     0.039        70    4.6   0.1    36    71   209   245   196   269 0.86 -
evm.utg320.142                     -            437 598944at33208        -            225   3.4e-08   35.1  15.3   4   4   5.4e-05     0.097   14.0   0.0    17    83   273   338   256   361 0.78 -
evm.utg320.142.1.5c22ef0b          -            437 598944at33208        -            225   3.4e-08   35.1  15.3   1   4   0.00023       0.4   11.9   4.3    16    81    41   106    23   127 0.72 -
evm.utg320.142.1.5c22ef0b          -            437 598944at33208        -            225   3.4e-08   35.1  15.3   2   4   0.00077       1.4   10.2   0.3    37    78   128   169   116   207 0.75 -
evm.utg320.142.1.5c22ef0b          -            437 598944at33208        -            225   3.4e-08   35.1  15.3   3   4     0.039        70    4.6   0.1    36    71   209   245   196   269 0.86 -
evm.utg320.142.1.5c22ef0b          -            437 598944at33208        -            225   3.4e-08   35.1  15.3   4   4   5.4e-05     0.097   14.0   0.0    17    83   273   338   256   361 0.78 -
evm.utg2858.31                     -            613 598944at33208        -            225   9.7e-08   33.6  13.6   1   4   0.00019      0.34   12.2   2.6    17    79   218   280   204   301 0.75 -
evm.utg2858.31                     -            613 598944at33208        -            225   9.7e-08   33.6  13.6   2   4    0.0013       2.3    9.4   0.3    37    77   304   344   293   377 0.75 -
evm.utg2858.31                     -            613 598944at33208        -            225   9.7e-08   33.6  13.6   3   4     0.055        98    4.1   0.1    36    71   385   421   360   443 0.86 -
evm.utg2858.31                     -            613 598944at33208        -            225   9.7e-08   33.6  13.6   4   4   9.1e-05      0.16   13.2   0.0    29    83   461   514   433   543 0.79 -
evm.utg73.107.105.1.5c279776       -           1482 598944at33208        -            225   1.3e-07   33.2  37.4   1  16      0.26   4.6e+02    1.9   0.0   175   200   686   711   676   725 0.84 -
evm.utg73.107.105.1.5c279776       -           1482 598944at33208        -            225   1.3e-07   33.2  37.4   2  16      0.24   4.4e+02    2.0   0.0   175   200   770   795   760   810 0.84 -
evm.utg73.107.105.1.5c279776       -           1482 598944at33208        -            225   1.3e-07   33.2  37.4   3  16       2.4   4.4e+03   -1.3   0.0   177   199   815   837   804   844 0.80 -
evm.utg73.107.105.1.5c279776       -           1482 598944at33208        -            225   1.3e-07   33.2  37.4   4  16     0.017        31    5.8   0.1   167   200   847   880   841   894 0.87 -
evm.utg73.107.105.1.5c279776       -           1482 598944at33208        -            225   1.3e-07   33.2  37.4   5  16       2.6   4.6e+03   -1.3   0.0   175   199   897   921   888   928 0.83 -
evm.utg73.107.105.1.5c279776       -           1482 598944at33208        -            225   1.3e-07   33.2  37.4   6  16      0.63   1.1e+03    0.7   0.1   172   200   978  1006   970  1013 0.84 -
evm.utg73.107.105.1.5c279776       -           1482 598944at33208        -            225   1.3e-07   33.2  37.4   7  16      0.01        19    6.5   0.0   167   200  1015  1048  1011  1054 0.86 -
evm.utg73.107.105.1.5c279776       -           1482 598944at33208        -            225   1.3e-07   33.2  37.4   8  16    0.0096        17    6.6   0.0   168   200  1058  1090  1054  1097 0.85 -
evm.utg73.107.105.1.5c279776       -           1482 598944at33208        -            225   1.3e-07   33.2  37.4   9  16      0.43   7.8e+02    1.2   0.1   172   199  1104  1131  1096  1138 0.83 -
evm.utg73.107.105.1.5c279776       -           1482 598944at33208        -            225   1.3e-07   33.2  37.4  10  16      0.12   2.1e+02    3.1   0.1   175   200  1149  1174  1140  1188 0.86 -
evm.utg73.107.105.1.5c279776       -           1482 598944at33208        -            225   1.3e-07   33.2  37.4  11  16      0.72   1.3e+03    0.5   0.0   172   201  1188  1217  1180  1224 0.80 -
evm.utg73.107.105.1.5c279776       -           1482 598944at33208        -            225   1.3e-07   33.2  37.4  12  16     0.041        73    4.6   0.0   171   200  1229  1258  1222  1265 0.86 -
evm.utg73.107.105.1.5c279776       -           1482 598944at33208        -            225   1.3e-07   33.2  37.4  13  16     0.039        70    4.6   0.0   171   200  1271  1300  1263  1307 0.86 -
evm.utg73.107.105.1.5c279776       -           1482 598944at33208        -            225   1.3e-07   33.2  37.4  14  16      0.23   4.1e+02    2.1   0.0   174   200  1316  1342  1306  1356 0.84 -
evm.utg73.107.105.1.5c279776       -           1482 598944at33208        -            225   1.3e-07   33.2  37.4  15  16       2.1   3.7e+03   -1.0   0.1   177   200  1361  1384  1352  1391 0.80 -
evm.utg73.107.105.1.5c279776       -           1482 598944at33208        -            225   1.3e-07   33.2  37.4  16  16      0.07   1.3e+02    3.8   0.1   172   200  1398  1426  1388  1440 0.86 -
evm.utg73.107.105                  -           1688 598944at33208        -            225   7.6e-07   30.7  37.1   1  16       0.3   5.3e+02    1.7   0.0   175   200   892   917   882   931 0.84 -
evm.utg73.107.105                  -           1688 598944at33208        -            225   7.6e-07   30.7  37.1   2  16      0.31   5.6e+02    1.7   0.0   175   200   976  1001   966  1007 0.83 -
evm.utg73.107.105                  -           1688 598944at33208        -            225   7.6e-07   30.7  37.1   3  16       2.6   4.6e+03   -1.3   0.0   177   200  1021  1044  1008  1054 0.82 -
evm.utg73.107.105                  -           1688 598944at33208        -            225   7.6e-07   30.7  37.1   4  16     0.022        39    5.4   0.1   167   199  1053  1085  1048  1092 0.86 -
evm.utg73.107.105                  -           1688 598944at33208        -            225   7.6e-07   30.7  37.1   5  16       2.9   5.2e+03   -1.5   0.0   175   200  1103  1128  1094  1135 0.83 -
evm.utg73.107.105                  -           1688 598944at33208        -            225   7.6e-07   30.7  37.1   6  16      0.69   1.2e+03    0.5   0.0   172   200  1184  1212  1176  1223 0.85 -
evm.utg73.107.105                  -           1688 598944at33208        -            225   7.6e-07   30.7  37.1   7  16     0.011        20    6.4   0.0   167   200  1221  1254  1215  1261 0.86 -
evm.utg73.107.105                  -           1688 598944at33208        -            225   7.6e-07   30.7  37.1   8  16     0.011        20    6.4   0.0   168   200  1264  1296  1260  1303 0.85 -
evm.utg73.107.105                  -           1688 598944at33208        -            225   7.6e-07   30.7  37.1   9  16      0.52   9.4e+02    0.9   0.1   173   199  1311  1337  1303  1343 0.83 -
evm.utg73.107.105                  -           1688 598944at33208        -            225   7.6e-07   30.7  37.1  10  16      0.13   2.4e+02    2.9   0.1   175   200  1355  1380  1346  1395 0.86 -
evm.utg73.107.105                  -           1688 598944at33208        -            225   7.6e-07   30.7  37.1  11  16      0.82   1.5e+03    0.3   0.0   172   201  1394  1423  1385  1430 0.80 -
evm.utg73.107.105                  -           1688 598944at33208        -            225   7.6e-07   30.7  37.1  12  16     0.047        84    4.4   0.0   171   200  1435  1464  1428  1471 0.86 -
evm.utg73.107.105                  -           1688 598944at33208        -            225   7.6e-07   30.7  37.1  13  16     0.043        78    4.5   0.0   171   200  1477  1506  1470  1517 0.86 -
evm.utg73.107.105                  -           1688 598944at33208        -            225   7.6e-07   30.7  37.1  14  16       0.3   5.3e+02    1.7   0.0   175   200  1523  1548  1513  1555 0.83 -
evm.utg73.107.105                  -           1688 598944at33208        -            225   7.6e-07   30.7  37.1  15  16       2.4   4.2e+03   -1.2   0.1   177   200  1567  1590  1558  1597 0.80 -
evm.utg73.107.105                  -           1688 598944at33208        -            225   7.6e-07   30.7  37.1  16  16      0.08   1.4e+02    3.6   0.1   172   200  1604  1632  1596  1647 0.86 -
evm.utg125.98                      -             88 598944at33208        -            225   0.00017   23.0   0.2   1   1   9.6e-08   0.00017   23.0   0.2    23    74     9    58     1    76 0.84 -
evm.utg62.6                        -            366 598944at33208        -            225    0.0015   19.8   8.1   1   3       1.5   2.7e+03   -0.6   0.2    38    70     5    37     3    68 0.64 -
evm.utg62.6                        -            366 598944at33208        -            225    0.0015   19.8   8.1   2   3   8.6e-07    0.0015   19.8   8.1    34   109    66   139    43   154 0.60 -
evm.utg62.6                        -            366 598944at33208        -            225    0.0015   19.8   8.1   3   3       4.2   7.5e+03   -2.0   0.0    38    61   200   226   197   264 0.66 -
evm.utg180.60                      -            366 598944at33208        -            225    0.0023   19.3   9.0   1   3       3.2   5.8e+03   -1.7   0.0    38    68     5    35     3    45 0.85 -
evm.utg180.60                      -            366 598944at33208        -            225    0.0023   19.3   9.0   2   3   1.3e-06    0.0023   19.3   9.0    34   109    66   139    44   151 0.60 -
evm.utg180.60                      -            366 598944at33208        -            225    0.0023   19.3   9.0   3   3       7.6   1.4e+04   -2.9   0.1    38    61   200   226   197   231 0.62 -
evm.utg5087.1                      -            601 598944at33208        -            225    0.0032   18.8  16.4   1   3     0.014        25    6.1   3.0    18    82    65   130    50   135 0.74 -
evm.utg5087.1                      -            601 598944at33208        -            225    0.0032   18.8  16.4   2   3   3.1e-05     0.056   14.7   5.4    27    76   126   173   117   203 0.75 -
evm.utg5087.1                      -            601 598944at33208        -            225    0.0032   18.8  16.4   3   3     0.025        45    5.2   0.2    36   108   250   318   241   329 0.71 -
evm.utg5087.1.2.5c22f1b9           -            607 598944at33208        -            225    0.0033   18.8  16.4   1   3     0.014        25    6.1   3.0    18    82    65   130    50   135 0.74 -
evm.utg5087.1.2.5c22f1b9           -            607 598944at33208        -            225    0.0033   18.8  16.4   2   3   3.2e-05     0.057   14.7   5.4    27    76   126   173   117   203 0.75 -
evm.utg5087.1.2.5c22f1b9           -            607 598944at33208        -            225    0.0033   18.8  16.4   3   3     0.026        46    5.2   0.2    36   108   250   318   241   329 0.71 -
evm.utg18294.25                    -            560 598944at33208        -            225    0.0033   18.8  16.0   1   3     0.016        29    5.8   2.6    19    82    66   130    49   133 0.70 -
evm.utg18294.25                    -            560 598944at33208        -            225    0.0033   18.8  16.0   2   3   3.2e-05     0.058   14.7   5.6    25    76   124   173   116   196 0.75 -
evm.utg18294.25                    -            560 598944at33208        -            225    0.0033   18.8  16.0   3   3     0.023        41    5.4   0.2    36   108   250   318   241   329 0.71 -
evm.utg18686.14                    -           1545 598944at33208        -            225    0.0058   18.0   1.7   1   2       1.2   2.1e+03   -0.2   0.7    21    58   194   228   185   238 0.79 -
evm.utg18686.14                    -           1545 598944at33208        -            225    0.0058   18.0   1.7   2   2   3.2e-06    0.0058   18.0   1.7    30    94   232   298   212   324 0.74 -
evm.utg30399.4                     -            476 598944at33208        -            225    0.0059   17.9   3.4   1   1   3.3e-06    0.0059   17.9   3.4    20   122    56   154    47   158 0.71 -
utg23732.equina_smart_947016.mrna5 -            646 598944at33208        -            225    0.0099   17.2   3.4   1   1   9.5e-06     0.017   16.4   3.4    20   123    92   191    83   221 0.75 -
evm.utg80148.1                     -           1031 598944at33208        -            225     0.012   17.0   3.8   1   1   1.3e-05     0.023   16.0   3.8    20   123    92   191    82   219 0.75 -
evm.utg3019.2                      -            505 598944at33208        -            225     0.013   16.8   5.5   1   1   1.2e-05     0.022   16.1   5.3    20   123    92   191    83   240 0.78 -
evm.utg389.59                      -           1358 598944at33208        -            225     0.014   16.8   3.3   1   1   1.4e-05     0.026   15.9   3.3    20   122    92   190    83   207 0.74 -
evm.utg616.109                     -           1496 598944at33208        -            225     0.024   16.0   3.0   1   2   1.3e-05     0.024   16.0   3.0    20   122    92   190    83   211 0.74 -
evm.utg616.109                     -           1496 598944at33208        -            225     0.024   16.0   3.0   2   2       1.7   3.1e+03   -0.8   4.3    19    76  1424  1483  1412  1494 0.68 -
evm.utg33235.3                     -            208 598944at33208        -            225     0.028   15.7   0.3   1   1   1.9e-05     0.034   15.5   0.3     9    79    26    96    18   132 0.77 -
evm.utg92203.4                     -            234 598944at33208        -            225     0.035   15.4   0.3   1   1   2.5e-05     0.044   15.1   0.3     9    79    26    96    18   132 0.77 -
evm.utg33235.2                     -            260 598944at33208        -            225     0.043   15.1   0.2   1   2   2.4e-05     0.043   15.1   0.2     9    79    26    96    18   140 0.76 -
evm.utg33235.2                     -            260 598944at33208        -            225     0.043   15.1   0.2   2   2       9.6   1.7e+04   -3.2   0.0    95    95   221   221   179   237 0.61 -
evm.utg5066.5                      -            194 598944at33208        -            225     0.044   15.1   1.5   1   2      0.14   2.6e+02    2.8   1.1    21    58    96   130    87   141 0.78 -
evm.utg5066.5                      -            194 598944at33208        -            225     0.044   15.1   1.5   2   2   2.5e-05     0.044   15.1   1.5    34    74   138   178   131   184 0.81 -
evm.utg858.12                      -            259 598944at33208        -            225     0.053   14.8   0.3   1   1   2.9e-05     0.053   14.8   0.3     9    79    26    96    18   133 0.77 -
evm.utg411.108                     -            255 598944at33208        -            225     0.055   14.8   1.3   1   2       1.2   2.1e+03   -0.2   0.2   177   203   135   160   132   184 0.65 -
evm.utg411.108                     -            255 598944at33208        -            225     0.055   14.8   1.3   2   2   3.1e-05     0.055   14.8   1.3    30    72   209   251   204   254 0.89 -
evm.utg16484.1                     -            328 598944at33208        -            225       0.2   12.9   5.8   1   1   0.00011      0.19   13.0   4.9    19   120    29   128    15   177 0.73 -
evm.utg17539.5                     -            137 598944at33208        -            225      0.31   12.3   1.2   1   2       1.1     2e+03   -0.1   0.2    65    83    13    31     3    54 0.44 -
evm.utg17539.5                     -            137 598944at33208        -            225      0.31   12.3   1.2   2   2   0.00029      0.53   11.6   0.1    35    90    57   115    39   135 0.73 -
evm.utg10077.6                     -            137 598944at33208        -            225      0.32   12.3   1.3   1   2       1.2   2.1e+03   -0.2   0.3    65    83    13    31     3    53 0.44 -
evm.utg10077.6                     -            137 598944at33208        -            225      0.32   12.3   1.3   2   2   0.00031      0.56   11.5   0.7    34    90    56   115    17   135 0.74 -
evm.utg577.53                      -            398 598944at33208        -            225      0.52   11.6   0.0   1   1   0.00029      0.52   11.6   0.0    24    59   260   295   256   301 0.89 -
evm.utg1032.4                      -            777 598944at33208        -            225      0.67   11.2   7.7   1   1    0.0013       2.4    9.4   7.5    34   102    12   113     5   146 0.60 -
evm.utg62.82                       -            804 598944at33208        -            225       6.3    8.0  11.4   1   1     0.023        41    5.4  11.4    34   102    12   141     5   185 0.62 -
#
# Program:         hmmsearch
# Version:         3.1b2 (February 2015)
# Pipeline mode:   SEARCH
# Query file:      /uoa/scratch/users/r02hw22/project_dark_genes/busco_downloads/lineages/metazoa_odb10/hmms/598944at33208.hmm
# Target file:     /uoa/scratch/users/r02hw22/project_dark_genes/00_raw/equina_smart.rnam-trna.merged.ggf.curated.remredun.aa.fa
# Option settings: hmmsearch --domtblout /uoa/scratch/users/r02hw22/project_dark_genes/equina_busco_proteins/run_metazoa_odb10/hmmer_output/initial_run_results/598944at33208.out --cpu 1 /uoa/scratch/users/r02hw22/project_dark_genes/busco_downloads/lineages/metazoa_odb10/hmms/598944at33208.hmm /uoa/scratch/users/r02hw22/project_dark_genes/00_raw/equina_smart.rnam-trna.merged.ggf.curated.remredun.aa.fa 
# Current dir:     /uoa/scratch/users/r02hw22/project_dark_genes
# Date:            Sat Apr 25 14:43:15 2026
# [ok]
