#                                                                               --- full sequence --- -------------- this domain -------------   hmm coord   ali coord   env coord
# target name           accession   tlen query name           accession   qlen   E-value  score  bias   #  of  c-Evalue  i-Evalue  score  bias  from    to  from    to  from    to  acc description of target
#   ------------------- ---------- ----- -------------------- ---------- ----- --------- ------ ----- --- --- --------- --------- ------ ----- ----- ----- ----- ----- ----- ----- ---- ---------------------
evm.utg55.64            -            248 600462at33208        -            183   2.6e-23   84.4   9.3   1   3   1.5e-09   2.8e-05   25.6   0.0    79   119     8    50     6    58 0.89 -
evm.utg55.64            -            248 600462at33208        -            183   2.6e-23   84.4   9.3   2   3   4.7e-21   8.8e-17   63.1   0.6   118   183    67   140    60   140 0.92 -
evm.utg55.64            -            248 600462at33208        -            183   2.6e-23   84.4   9.3   3   3      0.36   6.7e+03   -1.7   2.1    23    56   160   194   154   228 0.66 -
evm.utg55.64.1.5c22f21f -            248 600462at33208        -            183   2.6e-23   84.4   9.3   1   3   1.5e-09   2.8e-05   25.6   0.0    79   119     8    50     6    58 0.89 -
evm.utg55.64.1.5c22f21f -            248 600462at33208        -            183   2.6e-23   84.4   9.3   2   3   4.7e-21   8.8e-17   63.1   0.6   118   183    67   140    60   140 0.92 -
evm.utg55.64.1.5c22f21f -            248 600462at33208        -            183   2.6e-23   84.4   9.3   3   3      0.36   6.7e+03   -1.7   2.1    23    56   160   194   154   228 0.66 -
evm.utg1354.16          -            182 600462at33208        -            183      0.28   12.6   0.1   1   1   2.2e-05      0.41   12.0   0.1     3    55    45    97    43   125 0.92 -
#
# Program:         hmmsearch
# Version:         3.1b2 (February 2015)
# Pipeline mode:   SEARCH
# Query file:      /uoa/scratch/users/r02hw22/project_dark_genes/busco_downloads/lineages/metazoa_odb10/hmms/600462at33208.hmm
# Target file:     /uoa/scratch/users/r02hw22/project_dark_genes/00_raw/equina_smart.rnam-trna.merged.ggf.curated.remredun.aa.fa
# Option settings: hmmsearch --domtblout /uoa/scratch/users/r02hw22/project_dark_genes/equina_busco_proteins/run_metazoa_odb10/hmmer_output/initial_run_results/600462at33208.out --cpu 1 /uoa/scratch/users/r02hw22/project_dark_genes/busco_downloads/lineages/metazoa_odb10/hmms/600462at33208.hmm /uoa/scratch/users/r02hw22/project_dark_genes/00_raw/equina_smart.rnam-trna.merged.ggf.curated.remredun.aa.fa 
# Current dir:     /uoa/scratch/users/r02hw22/project_dark_genes
# Date:            Sat Apr 25 14:42:52 2026
# [ok]
