#                                                                            --- full sequence --- -------------- this domain -------------   hmm coord   ali coord   env coord
# target name        accession   tlen query name           accession   qlen   E-value  score  bias   #  of  c-Evalue  i-Evalue  score  bias  from    to  from    to  from    to  acc description of target
#------------------- ---------- ----- -------------------- ---------- ----- --------- ------ ----- --- --- --------- --------- ------ ----- ----- ----- ----- ----- ----- ----- ---- ---------------------
evm.utg1691.22       -            182 601242at33208        -            114   2.3e-51  174.4   0.9   1   2   3.4e-55   2.3e-51  174.4   0.9     1   114     6   132     6   132 0.91 -
evm.utg1691.22       -            182 601242at33208        -            114   2.3e-51  174.4   0.9   2   2         8   5.6e+04   -4.2   4.9    87   106   144   163   133   170 0.50 -
evm.utg1721.18       -            299 601242at33208        -            114   8.9e-51  172.6   0.9   1   2   1.3e-54   8.9e-51  172.6   0.9     1   114     6   132     6   132 0.91 -
evm.utg1721.18       -            299 601242at33208        -            114   8.9e-51  172.6   0.9   2   2         8   5.6e+04   -4.5   5.7    86   108   143   165   133   170 0.63 -
evm.utg9668.39       -            238 601242at33208        -            114   7.6e-14   53.6   0.1   1   1   1.5e-17   1.1e-13   53.1   0.1     2    95   102   201   101   211 0.82 -
evm.utg3380.24       -            147 601242at33208        -            114   1.1e-10   43.3   0.2   1   1   2.1e-14   1.5e-10   43.0   0.2     2    92     6   102     5   128 0.79 -
evm.utg1910.82       -            147 601242at33208        -            114   1.2e-10   43.2   0.3   1   1   2.2e-14   1.5e-10   42.9   0.3     2    92     6   102     5   127 0.79 -
evm.utg415.24        -            578 601242at33208        -            114    0.0082   18.0   0.0   1   2       1.1   7.6e+03   -1.2   0.0    61   102   310   353   306   361 0.66 -
evm.utg415.24        -            578 601242at33208        -            114    0.0082   18.0   0.0   2   2   9.1e-06     0.063   15.2   0.0    11    48   382   417   372   429 0.71 -
evm.utg1910.53       -             77 601242at33208        -            114     0.075   14.9   0.5   1   1   1.3e-05     0.089   14.7   0.5     6    67     5    69     2    74 0.87 -
evm.utg8615.9        -            712 601242at33208        -            114      0.79   11.6   1.9   1   2       0.1     7e+02    2.1   0.2    73   102    49    80    39    87 0.74 -
evm.utg8615.9        -            712 601242at33208        -            114      0.79   11.6   1.9   2   2    0.0019        13    7.7   0.1    67   112   272   317   253   319 0.85 -
#
# Program:         hmmsearch
# Version:         3.1b2 (February 2015)
# Pipeline mode:   SEARCH
# Query file:      /uoa/scratch/users/r02hw22/project_dark_genes/busco_downloads/lineages/metazoa_odb10/hmms/601242at33208.hmm
# Target file:     /uoa/scratch/users/r02hw22/project_dark_genes/00_raw/equina_smart.rnam-trna.merged.ggf.curated.remredun.aa.fa
# Option settings: hmmsearch --domtblout /uoa/scratch/users/r02hw22/project_dark_genes/equina_busco_proteins/run_metazoa_odb10/hmmer_output/initial_run_results/601242at33208.out --cpu 1 /uoa/scratch/users/r02hw22/project_dark_genes/busco_downloads/lineages/metazoa_odb10/hmms/601242at33208.hmm /uoa/scratch/users/r02hw22/project_dark_genes/00_raw/equina_smart.rnam-trna.merged.ggf.curated.remredun.aa.fa 
# Current dir:     /uoa/scratch/users/r02hw22/project_dark_genes
# Date:            Sat Apr 25 14:42:58 2026
# [ok]
