#                                                                            --- full sequence --- -------------- this domain -------------   hmm coord   ali coord   env coord
# target name        accession   tlen query name           accession   qlen   E-value  score  bias   #  of  c-Evalue  i-Evalue  score  bias  from    to  from    to  from    to  acc description of target
#------------------- ---------- ----- -------------------- ---------- ----- --------- ------ ----- --- --- --------- --------- ------ ----- ----- ----- ----- ----- ----- ----- ---- ---------------------
evm.utg338.44        -            168 604943at33208        -            113   6.2e-43  147.4  16.0   1   3   1.6e-09   1.8e-05   26.7   0.1     1    26     5    30     5    35 0.92 -
evm.utg338.44        -            168 604943at33208        -            113   6.2e-43  147.4  16.0   2   3   1.9e-24   2.1e-20   74.9   1.3    19    65    40    89    35   102 0.86 -
evm.utg338.44        -            168 604943at33208        -            113   6.2e-43  147.4  16.0   3   3   6.7e-18   7.5e-14   53.7   3.8    62   111   106   162    90   165 0.85 -
evm.utg262.29        -            129 604943at33208        -            113   5.1e-30  105.8  14.2   1   3   1.1e-09   1.3e-05   27.2   0.1     1    26     5    30     5    33 0.92 -
evm.utg262.29        -            129 604943at33208        -            113   5.1e-30  105.8  14.2   2   3   4.6e-11   5.1e-07   31.7   0.5    19    40    40    61    34    68 0.87 -
evm.utg262.29        -            129 604943at33208        -            113   5.1e-30  105.8  14.2   3   3   4.1e-18   4.5e-14   54.4   3.3    63   111    68   123    62   126 0.88 -
evm.utg1226.27       -            140 604943at33208        -            113    0.0002   23.3   0.2   1   1   6.6e-08   0.00073   21.5   0.2     4   104     6   125     3   134 0.77 -
evm.utg3878.7        -             98 604943at33208        -            113     0.022   16.8   0.1   1   2   0.00038       4.3    9.4   0.0     4    42     6    44     3    51 0.83 -
evm.utg3878.7        -             98 604943at33208        -            113     0.022   16.8   0.1   2   2    0.0036        40    6.3   0.0    73   104    50    83    46    92 0.84 -
evm.utg4046.3        -            105 604943at33208        -            113     0.099   14.7   0.0   1   1   3.1e-05      0.35   12.9   0.0     4    77     6    91     3    99 0.74 -
#
# Program:         hmmsearch
# Version:         3.1b2 (February 2015)
# Pipeline mode:   SEARCH
# Query file:      /uoa/scratch/users/r02hw22/project_dark_genes/busco_downloads/lineages/metazoa_odb10/hmms/604943at33208.hmm
# Target file:     /uoa/scratch/users/r02hw22/project_dark_genes/00_raw/equina_smart.rnam-trna.merged.ggf.curated.remredun.aa.fa
# Option settings: hmmsearch --domtblout /uoa/scratch/users/r02hw22/project_dark_genes/equina_busco_proteins/run_metazoa_odb10/hmmer_output/initial_run_results/604943at33208.out --cpu 1 /uoa/scratch/users/r02hw22/project_dark_genes/busco_downloads/lineages/metazoa_odb10/hmms/604943at33208.hmm /uoa/scratch/users/r02hw22/project_dark_genes/00_raw/equina_smart.rnam-trna.merged.ggf.curated.remredun.aa.fa 
# Current dir:     /uoa/scratch/users/r02hw22/project_dark_genes
# Date:            Sat Apr 25 14:42:53 2026
# [ok]
