#                                                                            --- full sequence --- -------------- this domain -------------   hmm coord   ali coord   env coord
# target name        accession   tlen query name           accession   qlen   E-value  score  bias   #  of  c-Evalue  i-Evalue  score  bias  from    to  from    to  from    to  acc description of target
#------------------- ---------- ----- -------------------- ---------- ----- --------- ------ ----- --- --- --------- --------- ------ ----- ----- ----- ----- ----- ----- ----- ---- ---------------------
evm.utg55.156        -            348 608924at33208        -            119   2.8e-51  174.1   6.1   1   2      0.77   1.1e+04   -1.9   0.1    48    61   161   174   142   191 0.50 -
evm.utg55.156        -            348 608924at33208        -            119   2.8e-51  174.1   6.1   2   2     2e-55   2.8e-51  174.1   6.1     1   119   212   347   212   347 0.89 -
evm.utg1648.24       -            342 608924at33208        -            119   3.4e-51  173.9   6.5   1   2      0.66   9.2e+03   -1.7   0.1    48    86   161   175   142   194 0.51 -
evm.utg1648.24       -            342 608924at33208        -            119   3.4e-51  173.9   6.5   2   2   2.4e-55   3.4e-51  173.9   6.5     1   119   206   341   206   341 0.89 -
evm.utg3891.9        -            214 608924at33208        -            119      0.35   12.5   0.8   1   1   5.9e-05      0.82   11.3   0.8    86   115    39    68    34    71 0.89 -
evm.utg2291.24       -            222 608924at33208        -            119       3.3    9.4   4.3   1   2     0.005        70    5.1   0.4    63    83    17    37     5    42 0.83 -
evm.utg2291.24       -            222 608924at33208        -            119       3.3    9.4   4.3   2   2    0.0047        65    5.2   0.3    63    83   128   148   115   153 0.83 -
#
# Program:         hmmsearch
# Version:         3.1b2 (February 2015)
# Pipeline mode:   SEARCH
# Query file:      /uoa/scratch/users/r02hw22/project_dark_genes/busco_downloads/lineages/metazoa_odb10/hmms/608924at33208.hmm
# Target file:     /uoa/scratch/users/r02hw22/project_dark_genes/00_raw/equina_smart.rnam-trna.merged.ggf.curated.remredun.aa.fa
# Option settings: hmmsearch --domtblout /uoa/scratch/users/r02hw22/project_dark_genes/equina_busco_proteins/run_metazoa_odb10/hmmer_output/initial_run_results/608924at33208.out --cpu 1 /uoa/scratch/users/r02hw22/project_dark_genes/busco_downloads/lineages/metazoa_odb10/hmms/608924at33208.hmm /uoa/scratch/users/r02hw22/project_dark_genes/00_raw/equina_smart.rnam-trna.merged.ggf.curated.remredun.aa.fa 
# Current dir:     /uoa/scratch/users/r02hw22/project_dark_genes
# Date:            Sat Apr 25 14:43:10 2026
# [ok]
