#                                                                                            --- full sequence --- -------------- this domain -------------   hmm coord   ali coord   env coord
# target name                        accession   tlen query name           accession   qlen   E-value  score  bias   #  of  c-Evalue  i-Evalue  score  bias  from    to  from    to  from    to  acc description of target
#                ------------------- ---------- ----- -------------------- ---------- ----- --------- ------ ----- --- --- --------- --------- ------ ----- ----- ----- ----- ----- ----- ----- ---- ---------------------
evm.utg801.39                        -            243 611258at33208        -            189   3.8e-60  204.2  33.0   1   1   2.4e-62   2.1e-59  201.8  31.2     1   185    11   220    11   226 0.83 -
evm.utg5073.19.2.5c22f1b5            -            178 611258at33208        -            189   1.7e-07   32.5   0.6   1   1     3e-10   2.5e-07   31.9   0.6    38    84     5    55     2    68 0.83 -
evm.utg5073.19.1.5c22f1b5            -            201 611258at33208        -            189   2.2e-07   32.1   0.6   1   1   3.7e-10   3.1e-07   31.6   0.6    38    84     5    55     2    68 0.83 -
evm.utg5073.19                       -            247 611258at33208        -            189   2.5e-07   32.0   0.6   1   1   5.4e-10   4.6e-07   31.1   0.6    38    84     5    55     2    68 0.83 -
evm.utg2017.39                       -            363 611258at33208        -            189   4.5e-07   31.1   3.6   1   1   9.9e-10   8.3e-07   30.2   3.6    36    89   282   339   280   360 0.75 -
evm.utg62.129                        -            363 611258at33208        -            189   4.5e-07   31.1   3.6   1   1   9.9e-10   8.3e-07   30.2   3.6    36    89   282   339   280   360 0.75 -
evm.utg6072.9                        -            157 611258at33208        -            189   1.6e-06   29.3   0.8   1   1   2.5e-09   2.1e-06   28.9   0.8    38   103    12    77     3   102 0.80 -
evm.utg577.72                        -            157 611258at33208        -            189   1.6e-06   29.3   0.5   1   1   2.5e-09   2.1e-06   28.9   0.5    38   102    12    76     3    92 0.75 -
evm.utg6432.11.1.5c22f30f            -            175 611258at33208        -            189     4e-06   28.0   0.1   1   1   7.5e-09   6.3e-06   27.4   0.1    38    82    17    64    14    68 0.88 -
evm.utg6432.11.2.5c22f30f            -            206 611258at33208        -            189   5.2e-06   27.6   0.1   1   1     1e-08   8.5e-06   26.9   0.1    38    82    17    64    14    68 0.88 -
evm.utg6432.11                       -            217 611258at33208        -            189   5.3e-06   27.6   0.1   1   1     1e-08   8.5e-06   26.9   0.1    38    82    28    75    24    79 0.88 -
evm.utg3409.1                        -            217 611258at33208        -            189   5.4e-06   27.6   0.1   1   1     1e-08   8.5e-06   26.9   0.1    38    82    28    75    24    79 0.88 -
evm.utg2156.34.1.5c22ed1d.1.5c2791f4 -            271 611258at33208        -            189   5.5e-06   27.6   0.1   1   1   1.2e-08     1e-05   26.7   0.1    38    94     8    67     4    77 0.85 -
evm.utg192.36                        -            248 611258at33208        -            189   7.1e-06   27.2   0.1   1   1   1.8e-08   1.5e-05   26.2   0.1    38    85     5    56     3    87 0.77 -
evm.utg2156.34.2.5c22ed1d            -            406 611258at33208        -            189   7.6e-06   27.1   0.1   1   1   2.3e-08     2e-05   25.7   0.1    38    94     8    67     4    77 0.85 -
evm.utg2156.34.1.5c22ed1d            -            338 611258at33208        -            189   8.1e-06   27.0   0.1   1   1   1.8e-08   1.5e-05   26.1   0.1    38    94     8    67     4    77 0.85 -
evm.utg2156.34                       -            400 611258at33208        -            189   8.3e-06   27.0   0.1   1   1   2.3e-08   1.9e-05   25.8   0.1    38    94     8    67     4    77 0.85 -
evm.utg1127.40                       -            566 611258at33208        -            189   8.8e-06   26.9   0.1   1   1     1e-08   8.8e-06   26.9   0.1    38    83     6    55     2    79 0.86 -
evm.utg5033.12                       -            400 611258at33208        -            189   9.7e-06   26.7   0.1   1   1   2.3e-08   1.9e-05   25.8   0.1    38    94     8    67     4    77 0.85 -
evm.utg729.61.1.5c22f3a4             -            233 611258at33208        -            189   0.00016   22.8  14.8   1   1   3.6e-07    0.0003   21.9  14.1    36   163     6   136     4   165 0.60 -
evm.utg4709.16                       -            778 611258at33208        -            189   0.00017   22.7   0.1   1   1   2.1e-07   0.00017   22.7   0.1    31    73   118   163   110   183 0.74 -
evm.utg3201.4.1.5c27937a             -            442 611258at33208        -            189   0.00017   22.7   0.0   1   2       6.8   5.8e+03   -1.9   0.3   128   150    60    82    24   109 0.60 -
evm.utg3201.4.1.5c27937a             -            442 611258at33208        -            189   0.00017   22.7   0.0   2   2   2.1e-07   0.00017   22.7   0.0    34    77   362   406   357   431 0.81 -
evm.utg989.21.1.5c22f558.2.5c2798c6  -            459 611258at33208        -            189   0.00019   22.5   0.1   1   1   3.7e-07   0.00031   21.9   0.1    38    89    24    78    15   106 0.76 -
evm.utg983.14                        -            388 611258at33208        -            189   0.00022   22.4   0.0   1   1   6.6e-07   0.00056   21.0   0.0    45    84    69   108    58   134 0.81 -
evm.utg989.21.1.5c22f558.1.5c2798c6  -            500 611258at33208        -            189   0.00022   22.3   0.1   1   1   4.2e-07   0.00035   21.7   0.1    38    89    24    78    15   105 0.76 -
evm.utg62.154                        -            259 611258at33208        -            189   0.00024   22.2   5.6   1   3   2.8e-07   0.00024   22.2   5.6    38   154    17   130    11   159 0.70 -
evm.utg62.154                        -            259 611258at33208        -            189   0.00024   22.2   5.6   2   3       5.1   4.3e+03   -1.4   5.6   137   156   183   202   160   217 0.61 -
evm.utg62.154                        -            259 611258at33208        -            189   0.00024   22.2   5.6   3   3       6.4   5.4e+03   -1.8   0.2    91   109   237   255   205   258 0.59 -
evm.utg3201.4                        -            610 611258at33208        -            189   0.00026   22.1   0.0   1   1   3.1e-07   0.00026   22.1   0.0    34    77   362   406   357   433 0.80 -
evm.utg10359.28                      -            347 611258at33208        -            189   0.00028   22.0   0.0   1   1   5.6e-07   0.00047   21.2   0.0    45    84    33    72    22    99 0.81 -
evm.utg989.21.1.5c22f558             -            593 611258at33208        -            189   0.00028   22.0   0.1   1   1   5.4e-07   0.00045   21.3   0.1    38    88    24    77    15   104 0.75 -
evm.utg989.21.4.5c22f558             -            629 611258at33208        -            189    0.0003   21.9   0.1   1   1   5.8e-07   0.00049   21.2   0.1    38    88    24    77    15   104 0.75 -
evm.utg3522.6                        -            314 611258at33208        -            189   0.00033   21.8   0.7   1   2   3.9e-07   0.00033   21.8   0.7    37   106    69   134    36   154 0.68 -
evm.utg3522.6                        -            314 611258at33208        -            189   0.00033   21.8   0.7   2   2       7.6   6.4e+03   -2.0   0.3   131   131   259   259   225   295 0.52 -
evm.utg983.14.1.5c22f552             -            431 611258at33208        -            189   0.00034   21.7   0.0   1   1   7.9e-07   0.00066   20.8   0.0    45    84    69   108    58   133 0.81 -
evm.utg989.21.3.5c22f558             -            701 611258at33208        -            189   0.00035   21.7   0.1   1   1   6.7e-07   0.00057   21.0   0.1    38    88    24    77    15   103 0.75 -
evm.utg52.120                        -            504 611258at33208        -            189   0.00053   21.1   0.5   1   2   6.3e-07   0.00053   21.1   0.5    38   142    15   121    11   128 0.82 -
evm.utg52.120                        -            504 611258at33208        -            189   0.00053   21.1   0.5   2   2       0.4   3.4e+02    2.1   3.9   129   166   370   404   351   411 0.64 -
evm.utg729.61                        -            305 611258at33208        -            189   0.00058   20.9  14.1   1   2   6.9e-07   0.00058   20.9  14.1    36   163     6   136     4   169 0.61 -
evm.utg729.61                        -            305 611258at33208        -            189   0.00058   20.9  14.1   2   2       3.9   3.3e+03   -1.1   1.0   135   152   284   301   271   304 0.60 -
evm.utg2417.15                       -            259 611258at33208        -            189   0.00069   20.7   6.8   1   1   8.2e-07   0.00069   20.7   6.8    38   155    17   131    11   160 0.68 -
evm.utg526.25.1.5c22f1da             -            826 611258at33208        -            189   0.00075   20.6   0.2   1   1     9e-07   0.00075   20.6   0.2    38    88    24    77    16   102 0.75 -
evm.utg989.21                        -            826 611258at33208        -            189   0.00075   20.6   0.2   1   1     9e-07   0.00075   20.6   0.2    38    88    24    77    16   102 0.75 -
evm.utg526.25                        -            868 611258at33208        -            189    0.0008   20.5   0.2   1   1   9.5e-07    0.0008   20.5   0.2    38    88    24    77    16   102 0.75 -
evm.utg1278.14                       -            759 611258at33208        -            189    0.0013   19.8   0.4   1   1   1.5e-06    0.0013   19.8   0.4    36    90    28    78    19   103 0.75 -
evm.utg411.99                        -            221 611258at33208        -            189    0.0013   19.8   1.3   1   1   2.4e-06     0.002   19.2   1.3    44    90    37    76    20    95 0.70 -
evm.utg107.1                         -            375 611258at33208        -            189    0.0015   19.6   0.1   1   1   1.8e-06    0.0015   19.6   0.1    46    94    20    68     6    87 0.80 -
evm.utg405.82                        -            492 611258at33208        -            189    0.0029   18.7   0.1   1   3   3.5e-06    0.0029   18.7   0.1    36    68    30    65     7    95 0.77 -
evm.utg405.82                        -            492 611258at33208        -            189    0.0029   18.7   0.1   2   3       2.3     2e+03   -0.3   0.9    88   109   147   171   138   182 0.47 -
evm.utg405.82                        -            492 611258at33208        -            189    0.0029   18.7   0.1   3   3       1.7   1.5e+03    0.1   1.2   137   156   221   240   199   252 0.72 -
evm.utg498.105                       -           1759 611258at33208        -            189     0.003   18.6   0.2   1   3   3.6e-06     0.003   18.6   0.2    45    83    20    58     8    70 0.81 -
evm.utg498.105                       -           1759 611258at33208        -            189     0.003   18.6   0.2   2   3         5   4.2e+03   -1.4  26.3    55   170   131   251   121   256 0.81 -
evm.utg498.105                       -           1759 611258at33208        -            189     0.003   18.6   0.2   3   3       3.2   2.7e+03   -0.8   3.3    79   113   908   942   870   986 0.58 -
evm.utg4455.34                       -            488 611258at33208        -            189    0.0031   18.6   0.1   1   3   3.6e-06    0.0031   18.6   0.1    38    69    45    79    33   108 0.76 -
evm.utg4455.34                       -            488 611258at33208        -            189    0.0031   18.6   0.1   2   3       2.3     2e+03   -0.3   0.9    88   109   160   184   151   195 0.47 -
evm.utg4455.34                       -            488 611258at33208        -            189    0.0031   18.6   0.1   3   3       2.5   2.1e+03   -0.4   1.3   138   156   235   253   217   265 0.72 -
evm.utg217.10.1.5c22ed20             -            521 611258at33208        -            189    0.0045   18.0   0.0   1   3   5.4e-06    0.0045   18.0   0.0    46    88    20    62     6    72 0.84 -
evm.utg217.10.1.5c22ed20             -            521 611258at33208        -            189    0.0045   18.0   0.0   2   3         2   1.7e+03   -0.1  23.3    99   186   136   231   103   234 0.63 -
evm.utg217.10.1.5c22ed20             -            521 611258at33208        -            189    0.0045   18.0   0.0   3   3       7.5   6.3e+03   -2.0   1.9   135   159   264   283   248   296 0.46 -
evm.utg338.78.2.5c22ef4c             -            335 611258at33208        -            189    0.0053   17.8   1.1   1   1   9.7e-06    0.0082   17.2   1.1    46    83    93   130    76   147 0.84 -
evm.utg217.10.2.5c22ed21             -            595 611258at33208        -            189    0.0054   17.8   0.0   1   3   6.4e-06    0.0054   17.8   0.0    46    88    20    62     6    72 0.84 -
evm.utg217.10.2.5c22ed21             -            595 611258at33208        -            189    0.0054   17.8   0.0   2   3       3.1   2.6e+03   -0.7  23.6    99   186   136   231   105   234 0.63 -
evm.utg217.10.2.5c22ed21             -            595 611258at33208        -            189    0.0054   17.8   0.0   3   3       8.8   7.4e+03   -2.2   1.9   135   159   264   283   248   296 0.46 -
evm.utg217.10                        -            673 611258at33208        -            189    0.0066   17.5   0.0   1   2   7.8e-06    0.0066   17.5   0.0    46    88    20    62     7    72 0.84 -
evm.utg217.10                        -            673 611258at33208        -            189    0.0066   17.5   0.0   2   2       3.7   3.1e+03   -1.0  23.5    99   186   136   231   105   234 0.62 -
evm.utg338.78.1.5c22ef4c             -            542 611258at33208        -            189    0.0072   17.4   1.1   1   1   1.9e-05     0.016   16.2   1.1    46    83    93   130    76   147 0.84 -
evm.utg734.15                        -            346 611258at33208        -            189    0.0076   17.3   0.7   1   1   1.7e-05     0.015   16.4   0.7    44   100    16    65     3    81 0.71 -
evm.utg338.78                        -            457 611258at33208        -            189    0.0079   17.3   1.1   1   1   1.5e-05     0.013   16.6   1.1    46    83    93   130    76   147 0.84 -
evm.utg207.16                        -            348 611258at33208        -            189    0.0084   17.2   1.6   1   1   2.1e-05     0.018   16.1   1.6    38    83     6    53     3    70 0.62 -
evm.utg26517.2                       -            439 611258at33208        -            189    0.0095   17.0   1.4   1   1   1.8e-05     0.015   16.3   1.4    46    83    90   127    74   145 0.84 -
evm.utg104.75                        -            310 611258at33208        -            189     0.012   16.7   0.1   1   1   2.1e-05     0.018   16.1   0.1    44    67    15    38     3    66 0.78 -
evm.utg734.14                        -            338 611258at33208        -            189     0.017   16.1   0.3   1   1   3.4e-05     0.028   15.4   0.3    44    83    15    53     4    63 0.78 -
evm.utg1555.42                       -            338 611258at33208        -            189     0.018   16.1   0.3   1   1   3.6e-05      0.03   15.4   0.3    44    83    15    53     4    63 0.78 -
evm.utg1555.42.1.5c22eb37            -            338 611258at33208        -            189     0.018   16.1   0.3   1   1   3.6e-05      0.03   15.4   0.3    44    83    15    53     4    63 0.78 -
evm.utg536.2                         -             80 611258at33208        -            189     0.093   13.8  14.0   1   1   0.00013      0.11   13.6  14.0   115   166    18    69     7    74 0.82 -
evm.utg48.17                         -            409 611258at33208        -            189      0.18   12.8   0.1   1   1   0.00021      0.18   12.8   0.1    40    70    12    42     5    66 0.83 -
evm.utg4468.18                       -            409 611258at33208        -            189      0.18   12.8   1.5   1   1   0.00022      0.19   12.8   0.0    40    70    12    42     5    63 0.83 -
evm.utg3522.80                       -            273 611258at33208        -            189      0.21   12.6   0.0   1   1   0.00045      0.38   11.8   0.0    45    66   225   246   201   265 0.82 -
evm.utg2007.17.1.5c22ecb7            -            324 611258at33208        -            189      0.27   12.3   3.2   1   2     0.001      0.88   10.6   0.0    36    76    35    79    29    94 0.72 -
evm.utg2007.17.1.5c22ecb7            -            324 611258at33208        -            189      0.27   12.3   3.2   2   2      0.58   4.8e+02    1.6   0.3    79   111   164   196   148   207 0.70 -
evm.utg15552.6                       -            265 611258at33208        -            189      0.28   12.2   0.0   1   1   0.00079      0.67   11.0   0.0    46    66   218   238   214   256 0.83 -
evm.utg126.97                        -             98 611258at33208        -            189      0.32   12.0  17.2   1   1   0.00044      0.37   11.8  17.2   105   171    18    84    15    95 0.83 -
evm.utg6949.6                        -             86 611258at33208        -            189         1   10.4  18.8   1   1    0.0018       1.5    9.8  18.8   116   168     8    58     5    72 0.62 -
#
# Program:         hmmsearch
# Version:         3.1b2 (February 2015)
# Pipeline mode:   SEARCH
# Query file:      /uoa/scratch/users/r02hw22/project_dark_genes/busco_downloads/lineages/metazoa_odb10/hmms/611258at33208.hmm
# Target file:     /uoa/scratch/users/r02hw22/project_dark_genes/00_raw/equina_smart.rnam-trna.merged.ggf.curated.remredun.aa.fa
# Option settings: hmmsearch --domtblout /uoa/scratch/users/r02hw22/project_dark_genes/equina_busco_proteins/run_metazoa_odb10/hmmer_output/initial_run_results/611258at33208.out --cpu 1 /uoa/scratch/users/r02hw22/project_dark_genes/busco_downloads/lineages/metazoa_odb10/hmms/611258at33208.hmm /uoa/scratch/users/r02hw22/project_dark_genes/00_raw/equina_smart.rnam-trna.merged.ggf.curated.remredun.aa.fa 
# Current dir:     /uoa/scratch/users/r02hw22/project_dark_genes
# Date:            Sat Apr 25 14:43:00 2026
# [ok]
