#                                                                                --- full sequence --- -------------- this domain -------------   hmm coord   ali coord   env coord
# target name            accession   tlen query name           accession   qlen   E-value  score  bias   #  of  c-Evalue  i-Evalue  score  bias  from    to  from    to  from    to  acc description of target
#    ------------------- ---------- ----- -------------------- ---------- ----- --------- ------ ----- --- --- --------- --------- ------ ----- ----- ----- ----- ----- ----- ----- ---- ---------------------
evm.utg1087.3            -            123 612760at33208        -             88   1.3e-42  145.5   0.0   1   1   1.2e-46   1.7e-42  145.1   0.0     1    86    34   119    34   121 0.97 -
evm.utg1087.3.1.5c22e872 -            136 612760at33208        -             88   2.3e-40  138.3   0.0   1   1   2.1e-44     3e-40  137.9   0.0     1    81    34   114    34   119 0.98 -
evm.utg1087.3.2.5c22e872 -             88 612760at33208        -             88   4.1e-21   76.6   0.0   1   1   3.8e-25   5.3e-21   76.2   0.0     1    54    34    87    34    87 0.98 -
evm.utg699.106           -            355 612760at33208        -             88       9.2    8.1   7.0   1   4       2.5   3.4e+04   -3.3   0.1    74    85   208   219   197   221 0.75 -
evm.utg699.106           -            355 612760at33208        -             88       9.2    8.1   7.0   2   4    0.0022        30    6.5   0.0    74    86   236   248   227   250 0.85 -
evm.utg699.106           -            355 612760at33208        -             88       9.2    8.1   7.0   3   4    0.0095   1.3e+02    4.4   0.1    71    86   261   276   255   278 0.83 -
evm.utg699.106           -            355 612760at33208        -             88       9.2    8.1   7.0   4   4         4   5.6e+04   -4.0   0.1    74    85   292   303   291   305 0.81 -
#
# Program:         hmmsearch
# Version:         3.1b2 (February 2015)
# Pipeline mode:   SEARCH
# Query file:      /uoa/scratch/users/r02hw22/project_dark_genes/busco_downloads/lineages/metazoa_odb10/hmms/612760at33208.hmm
# Target file:     /uoa/scratch/users/r02hw22/project_dark_genes/00_raw/equina_smart.rnam-trna.merged.ggf.curated.remredun.aa.fa
# Option settings: hmmsearch --domtblout /uoa/scratch/users/r02hw22/project_dark_genes/equina_busco_proteins/run_metazoa_odb10/hmmer_output/initial_run_results/612760at33208.out --cpu 1 /uoa/scratch/users/r02hw22/project_dark_genes/busco_downloads/lineages/metazoa_odb10/hmms/612760at33208.hmm /uoa/scratch/users/r02hw22/project_dark_genes/00_raw/equina_smart.rnam-trna.merged.ggf.curated.remredun.aa.fa 
# Current dir:     /uoa/scratch/users/r02hw22/project_dark_genes
# Date:            Sat Apr 25 14:43:11 2026
# [ok]
