#                                                                            --- full sequence --- -------------- this domain -------------   hmm coord   ali coord   env coord
# target name        accession   tlen query name           accession   qlen   E-value  score  bias   #  of  c-Evalue  i-Evalue  score  bias  from    to  from    to  from    to  acc description of target
#------------------- ---------- ----- -------------------- ---------- ----- --------- ------ ----- --- --- --------- --------- ------ ----- ----- ----- ----- ----- ----- ----- ---- ---------------------
evm.utg7412.6        -            170 616149at33208        -             81   7.9e-29  101.2   5.3   1   1   8.2e-32     2e-28  100.0   5.3     1    81    79   167    79   167 0.87 -
evm.utg1919.56       -            171 616149at33208        -             81   1.2e-28  100.7   6.0   1   1   1.5e-31   3.6e-28   99.1   6.0     1    81    80   168    80   168 0.87 -
evm.utg6821.37       -            159 616149at33208        -             81   0.00012   23.8  24.4   1   4   0.00094       2.3   10.0   1.5    48    80     7    39     2    40 0.72 -
evm.utg6821.37       -            159 616149at33208        -             81   0.00012   23.8  24.4   2   4   0.00099       2.4   10.0   1.4    48    80    35    67    31    68 0.64 -
evm.utg6821.37       -            159 616149at33208        -             81   0.00012   23.8  24.4   3   4    0.0014       3.4    9.5   2.5    48    78    70   100    62   110 0.60 -
evm.utg6821.37       -            159 616149at33208        -             81   0.00012   23.8  24.4   4   4    0.0046        11    7.8   2.4    60    81   110   131    97   152 0.53 -
evm.utg1201.9        -            172 616149at33208        -             81     0.001   20.8   7.2   1   2   5.7e-05      0.14   14.0   0.2    47    78    12    43     8    46 0.90 -
evm.utg1201.9        -            172 616149at33208        -             81     0.001   20.8   7.2   2   2    0.0025         6    8.7   2.3    13    68    73   134    60   147 0.70 -
evm.utg2327.8        -            221 616149at33208        -             81    0.0011   20.7   2.9   1   6      0.04        96    4.8   0.0    48    80    15    47     9    48 0.84 -
evm.utg2327.8        -            221 616149at33208        -             81    0.0011   20.7   2.9   2   6      0.59   1.4e+03    1.1   0.0    52    80    64    92    60    93 0.73 -
evm.utg2327.8        -            221 616149at33208        -             81    0.0011   20.7   2.9   3   6      0.28   6.7e+02    2.1   0.0    52    79    78   105    67   107 0.70 -
evm.utg2327.8        -            221 616149at33208        -             81    0.0011   20.7   2.9   4   6      0.14   3.4e+02    3.1   0.1    59    80    92   113    81   128 0.51 -
evm.utg2327.8        -            221 616149at33208        -             81    0.0011   20.7   2.9   5   6      0.05   1.2e+02    4.5   0.0    52    80   120   148   117   149 0.89 -
evm.utg2327.8        -            221 616149at33208        -             81    0.0011   20.7   2.9   6   6    0.0073        18    7.2   0.2    16    80   136   197   129   198 0.82 -
evm.utg4318.29       -            204 616149at33208        -             81    0.0016   20.1   0.1   1   2     0.011        27    6.6   0.0    17    51    87   122    78   129 0.86 -
evm.utg4318.29       -            204 616149at33208        -             81    0.0016   20.1   0.1   2   2    0.0003      0.72   11.6   0.0     5    61   128   184   124   193 0.89 -
evm.utg3872.67       -            172 616149at33208        -             81    0.0019   19.9   8.3   1   2     5e-05      0.12   14.1   0.2    47    78    12    43     7    46 0.90 -
evm.utg3872.67       -            172 616149at33208        -             81    0.0019   19.9   8.3   2   2     0.003       7.4    8.4   2.5    13    68    73   134    63   147 0.69 -
evm.utg3181.3        -            233 616149at33208        -             81    0.0021   19.7   0.1   1   2    0.0098        24    6.8   0.0    17    51   116   151   100   158 0.82 -
evm.utg3181.3        -            233 616149at33208        -             81    0.0021   19.7   0.1   2   2    0.0004      0.96   11.2   0.0     5    61   157   213   153   219 0.89 -
evm.utg4318.34       -            218 616149at33208        -             81    0.0023   19.7   0.1   1   2     0.013        31    6.4   0.0    17    51   101   136    93   143 0.86 -
evm.utg4318.34       -            218 616149at33208        -             81    0.0023   19.7   0.1   2   2   0.00034      0.81   11.5   0.0     5    61   142   198   138   207 0.89 -
evm.utg34639.1       -            218 616149at33208        -             81    0.0023   19.6   0.1   1   2     0.012        30    6.5   0.0    17    51   101   136    92   143 0.86 -
evm.utg34639.1       -            218 616149at33208        -             81    0.0023   19.6   0.1   2   2   0.00035      0.85   11.4   0.0     5    61   142   198   138   204 0.89 -
evm.utg1995.11       -            137 616149at33208        -             81     0.023   16.4   6.1   1   2    0.0011       2.6    9.8   0.3    45    77    15    47     2    51 0.86 -
evm.utg1995.11       -            137 616149at33208        -             81     0.023   16.4   6.1   2   2    0.0018       4.5    9.1   1.0    48    79    95   126    68   128 0.78 -
evm.utg1910.23       -            550 616149at33208        -             81     0.032   16.0   0.6   1   3      0.23   5.5e+02    2.4   0.0    31    70   136   174   124   184 0.82 -
evm.utg1910.23       -            550 616149at33208        -             81     0.032   16.0   0.6   2   3    0.0012       2.8    9.7   0.4    16    66   242   292   234   297 0.83 -
evm.utg1910.23       -            550 616149at33208        -             81     0.032   16.0   0.6   3   3       4.2     1e+04   -1.6   0.0    54    65   456   467   455   472 0.83 -
evm.utg456.38        -            720 616149at33208        -             81     0.049   15.4   1.2   1   2    0.0023       5.6    8.8   0.4    18    77    70   130    59   133 0.81 -
evm.utg456.38        -            720 616149at33208        -             81     0.049   15.4   1.2   2   2     0.088   2.1e+02    3.7   0.0    20    43   203   226   201   235 0.89 -
evm.utg2371.12       -            295 616149at33208        -             81     0.061   15.1   1.0   1   1   4.7e-05      0.11   14.2   1.0    14    75    35    96    25   102 0.90 -
evm.utg112.57        -            824 616149at33208        -             81     0.079   14.7   0.1   1   3       4.9   1.2e+04   -1.9   0.9    34    78   332   376   315   379 0.75 -
evm.utg112.57        -            824 616149at33208        -             81     0.079   14.7   0.1   2   3   3.2e-05     0.079   14.7   0.1     8    47   436   475   434   486 0.90 -
evm.utg112.57        -            824 616149at33208        -             81     0.079   14.7   0.1   3   3      0.57   1.4e+03    1.1   0.8    53    72   671   689   631   696 0.75 -
evm.utg2779.14       -            312 616149at33208        -             81      0.19   13.5   6.7   1   2    0.0016         4    9.3   0.6    33    77    64   108    57   112 0.82 -
evm.utg2779.14       -            312 616149at33208        -             81      0.19   13.5   6.7   2   2    0.0094        23    6.8   0.9    48    80   156   188   129   189 0.81 -
evm.utg2071.56       -            315 616149at33208        -             81       0.2   13.4   6.4   1   2     0.002       4.8    9.0   0.5    41    77    67   103    51   107 0.81 -
evm.utg2071.56       -            315 616149at33208        -             81       0.2   13.4   6.4   2   2    0.0095        23    6.8   0.9    48    80   151   183   124   184 0.81 -
evm.utg1143.49       -            286 616149at33208        -             81       1.7   10.5   8.4   1   2    0.0031       7.5    8.4   0.9    48    77   105   134    60   137 0.83 -
evm.utg1143.49       -            286 616149at33208        -             81       1.7   10.5   8.4   2   2      0.02        48    5.8   1.4     7    54   192   239   187   243 0.86 -
evm.utg2599.8        -            274 616149at33208        -             81       2.3   10.1   5.6   1   1     0.014        33    6.3   3.7     5    52    50    97    46   129 0.79 -
evm.utg29847.10      -            249 616149at33208        -             81       2.4   10.0   7.9   1   2     0.054   1.3e+02    4.4   0.5    45    78    15    48     2    51 0.84 -
evm.utg29847.10      -            249 616149at33208        -             81       2.4   10.0   7.9   2   2     0.013        32    6.3   5.3    23    77    49   110    32   114 0.75 -
evm.utg7888.9        -            955 616149at33208        -             81       7.2    8.4   8.0   1   3         1   2.5e+03    0.3   2.5    10    61   564   614   556   619 0.80 -
evm.utg7888.9        -            955 616149at33208        -             81       7.2    8.4   8.0   2   3     0.055   1.3e+02    4.4   0.0    60    75   677   692   673   696 0.84 -
evm.utg7888.9        -            955 616149at33208        -             81       7.2    8.4   8.0   3   3     0.079   1.9e+02    3.9   0.1    36    66   862   895   857   898 0.80 -
evm.utg5975.5        -            420 616149at33208        -             81       9.6    8.0   9.8   1   3      0.55   1.3e+03    1.2   0.2    47    63   200   216   179   234 0.76 -
evm.utg5975.5        -            420 616149at33208        -             81       9.6    8.0   9.8   2   3      0.39   9.5e+02    1.6   0.3    30    63   232   265   217   267 0.82 -
evm.utg5975.5        -            420 616149at33208        -             81       9.6    8.0   9.8   3   3     0.005        12    7.7   4.4    18    73   248   302   236   310 0.80 -
evm.utg33938.10      -            420 616149at33208        -             81       9.9    8.0   8.6   1   3       0.5   1.2e+03    1.3   0.2    47    69   200   222   188   234 0.77 -
evm.utg33938.10      -            420 616149at33208        -             81       9.9    8.0   8.6   2   3      0.69   1.7e+03    0.9   0.1    32    62   234   264   227   268 0.83 -
evm.utg33938.10      -            420 616149at33208        -             81       9.9    8.0   8.6   3   3     0.003       7.3    8.4   2.4    34    73   263   302   246   310 0.82 -
#
# Program:         hmmsearch
# Version:         3.1b2 (February 2015)
# Pipeline mode:   SEARCH
# Query file:      /uoa/scratch/users/r02hw22/project_dark_genes/busco_downloads/lineages/metazoa_odb10/hmms/616149at33208.hmm
# Target file:     /uoa/scratch/users/r02hw22/project_dark_genes/00_raw/equina_smart.rnam-trna.merged.ggf.curated.remredun.aa.fa
# Option settings: hmmsearch --domtblout /uoa/scratch/users/r02hw22/project_dark_genes/equina_busco_proteins/run_metazoa_odb10/hmmer_output/initial_run_results/616149at33208.out --cpu 1 /uoa/scratch/users/r02hw22/project_dark_genes/busco_downloads/lineages/metazoa_odb10/hmms/616149at33208.hmm /uoa/scratch/users/r02hw22/project_dark_genes/00_raw/equina_smart.rnam-trna.merged.ggf.curated.remredun.aa.fa 
# Current dir:     /uoa/scratch/users/r02hw22/project_dark_genes
# Date:            Sat Apr 25 14:42:56 2026
# [ok]
