#                                                                            --- full sequence --- -------------- this domain -------------   hmm coord   ali coord   env coord
# target name        accession   tlen query name           accession   qlen   E-value  score  bias   #  of  c-Evalue  i-Evalue  score  bias  from    to  from    to  from    to  acc description of target
#------------------- ---------- ----- -------------------- ---------- ----- --------- ------ ----- --- --- --------- --------- ------ ----- ----- ----- ----- ----- ----- ----- ---- ---------------------
evm.utg12975.4       -            241 622156at33208        -            128   1.3e-45  156.0   8.3   1   1   1.3e-45     1e-41  143.4   8.3     1   118    71   217    71   240 0.80 -
evm.utg5950.60       -            241 622156at33208        -            128   1.7e-45  155.7   8.6   1   1   1.5e-45   1.2e-41  143.2   8.6     1   119    71   218    71   240 0.81 -
evm.utg2757.31       -            283 622156at33208        -            128   5.6e-10   40.8   0.2   1   2    0.0047        38    5.8   0.0     2    21    80    99    79   110 0.87 -
evm.utg2757.31       -            283 622156at33208        -            128   5.6e-10   40.8   0.2   2   2   1.9e-11   1.5e-07   32.9   0.0    60   125   168   244   152   247 0.82 -
evm.utg4.38          -            676 622156at33208        -            128   0.00067   21.2   0.0   1   2       1.6   1.3e+04   -2.4   0.0     1    15   151   165   151   167 0.86 -
evm.utg4.38          -            676 622156at33208        -            128   0.00067   21.2   0.0   2   2   3.5e-07    0.0028   19.1   0.0    61   119   253   316   234   325 0.84 -
evm.utg1846.22       -            509 622156at33208        -            128   0.00093   20.7   0.0   1   1   2.4e-07    0.0019   19.7   0.0    61   120    86   150    63   158 0.84 -
evm.utg1825.32       -            246 622156at33208        -            128     0.055   15.0   0.1   1   3      0.14   1.1e+03    1.1   0.0     2    17    29    44    28    50 0.87 -
evm.utg1825.32       -            246 622156at33208        -            128     0.055   15.0   0.1   2   3      0.21   1.7e+03    0.5   0.0    57   105   107   155    92   164 0.75 -
evm.utg1825.32       -            246 622156at33208        -            128     0.055   15.0   0.1   3   3   0.00048       3.8    9.0   0.1    86   125   166   205   160   208 0.85 -
evm.utg3487.23       -            176 622156at33208        -            128       0.2   13.2   0.0   1   2     0.097   7.7e+02    1.6   0.0    56   105    36    85    22    94 0.76 -
evm.utg3487.23       -            176 622156at33208        -            128       0.2   13.2   0.0   2   2   0.00034       2.7    9.5   0.0    86   122    96   132    86   138 0.83 -
#
# Program:         hmmsearch
# Version:         3.1b2 (February 2015)
# Pipeline mode:   SEARCH
# Query file:      /uoa/scratch/users/r02hw22/project_dark_genes/busco_downloads/lineages/metazoa_odb10/hmms/622156at33208.hmm
# Target file:     /uoa/scratch/users/r02hw22/project_dark_genes/00_raw/equina_smart.rnam-trna.merged.ggf.curated.remredun.aa.fa
# Option settings: hmmsearch --domtblout /uoa/scratch/users/r02hw22/project_dark_genes/equina_busco_proteins/run_metazoa_odb10/hmmer_output/initial_run_results/622156at33208.out --cpu 1 /uoa/scratch/users/r02hw22/project_dark_genes/busco_downloads/lineages/metazoa_odb10/hmms/622156at33208.hmm /uoa/scratch/users/r02hw22/project_dark_genes/00_raw/equina_smart.rnam-trna.merged.ggf.curated.remredun.aa.fa 
# Current dir:     /uoa/scratch/users/r02hw22/project_dark_genes
# Date:            Sat Apr 25 14:43:03 2026
# [ok]
