#                                                                            --- full sequence --- -------------- this domain -------------   hmm coord   ali coord   env coord
# target name        accession   tlen query name           accession   qlen   E-value  score  bias   #  of  c-Evalue  i-Evalue  score  bias  from    to  from    to  from    to  acc description of target
#------------------- ---------- ----- -------------------- ---------- ----- --------- ------ ----- --- --- --------- --------- ------ ----- ----- ----- ----- ----- ----- ----- ---- ---------------------
evm.utg2303.28       -            141 622270at33208        -             96   1.3e-55  187.4   0.3   1   1   2.1e-59   1.7e-55  187.0   0.3     1    96    42   140    42   140 0.97 -
evm.utg5290.43       -            141 622270at33208        -             96   1.3e-55  187.4   0.3   1   1   2.1e-59   1.7e-55  187.0   0.3     1    96    42   140    42   140 0.97 -
evm.utg3380.23       -            151 622270at33208        -             96   0.00011   24.1   0.0   1   1   2.2e-08   0.00018   23.4   0.0    25    81    82   143    68   148 0.77 -
evm.utg1910.81       -            151 622270at33208        -             96   0.00035   22.5   0.0   1   1   6.9e-08   0.00055   21.9   0.0    24    81    81   143    67   148 0.78 -
evm.utg1079.73       -            118 622270at33208        -             96     0.039   15.9   0.0   1   2   1.8e-05      0.14   14.2   0.0    30    74    14    58    10    72 0.83 -
evm.utg1079.73       -            118 622270at33208        -             96     0.039   15.9   0.0   2   2      0.17   1.3e+03    1.4   0.0    10    50    50    94    41   105 0.61 -
evm.utg464.138       -            118 622270at33208        -             96      0.04   15.9   0.0   1   2   1.8e-05      0.14   14.2   0.0    30    74    14    58    10    72 0.83 -
evm.utg464.138       -            118 622270at33208        -             96      0.04   15.9   0.0   2   2      0.17   1.4e+03    1.3   0.0    10    50    50    94    41   106 0.62 -
evm.utg3201.21       -            135 622270at33208        -             96      0.18   13.8   0.0   1   1   2.7e-05      0.21   13.6   0.0     9    87    38   116    30   126 0.92 -
#
# Program:         hmmsearch
# Version:         3.1b2 (February 2015)
# Pipeline mode:   SEARCH
# Query file:      /uoa/scratch/users/r02hw22/project_dark_genes/busco_downloads/lineages/metazoa_odb10/hmms/622270at33208.hmm
# Target file:     /uoa/scratch/users/r02hw22/project_dark_genes/00_raw/equina_smart.rnam-trna.merged.ggf.curated.remredun.aa.fa
# Option settings: hmmsearch --domtblout /uoa/scratch/users/r02hw22/project_dark_genes/equina_busco_proteins/run_metazoa_odb10/hmmer_output/initial_run_results/622270at33208.out --cpu 1 /uoa/scratch/users/r02hw22/project_dark_genes/busco_downloads/lineages/metazoa_odb10/hmms/622270at33208.hmm /uoa/scratch/users/r02hw22/project_dark_genes/00_raw/equina_smart.rnam-trna.merged.ggf.curated.remredun.aa.fa 
# Current dir:     /uoa/scratch/users/r02hw22/project_dark_genes
# Date:            Sat Apr 25 14:43:08 2026
# [ok]
