#                                                                            --- full sequence --- -------------- this domain -------------   hmm coord   ali coord   env coord
# target name        accession   tlen query name           accession   qlen   E-value  score  bias   #  of  c-Evalue  i-Evalue  score  bias  from    to  from    to  from    to  acc description of target
#------------------- ---------- ----- -------------------- ---------- ----- --------- ------ ----- --- --- --------- --------- ------ ----- ----- ----- ----- ----- ----- ----- ---- ---------------------
evm.utg28028.2       -            143 625091at33208        -             77   8.1e-18   66.0   0.5   1   1   1.8e-21   1.7e-17   65.0   0.5     2    75    45   135    44   137 0.81 -
evm.utg607.10        -            143 625091at33208        -             77   6.1e-17   63.2   0.4   1   1   1.3e-20   1.2e-16   62.2   0.4     2    75    45   135    44   137 0.82 -
evm.utg10588.8       -            411 625091at33208        -             77    0.0023   19.7   2.9   1   3   0.00091       8.4    8.2   0.1    23    57   167   201   165   208 0.83 -
evm.utg10588.8       -            411 625091at33208        -             77    0.0023   19.7   2.9   2   3    0.0007       6.5    8.6   0.1    23    54   208   239   206   257 0.83 -
evm.utg10588.8       -            411 625091at33208        -             77    0.0023   19.7   2.9   3   3      0.11   1.1e+03    1.5   0.1    27    45   253   271   247   278 0.81 -
evm.utg684.23        -            672 625091at33208        -             77     0.053   15.3   0.1   1   2    0.0043        40    6.1   0.0    15    53   395   433   388   451 0.83 -
evm.utg684.23        -            672 625091at33208        -             77     0.053   15.3   0.1   2   2    0.0039        36    6.2   0.0    15    53   540   578   530   597 0.83 -
evm.utg9141.3        -            189 625091at33208        -             77      0.14   14.0   0.0   1   6       0.5   4.6e+03   -0.5   0.0     3    20    16    33    14    35 0.82 -
evm.utg9141.3        -            189 625091at33208        -             77      0.14   14.0   0.0   2   6     0.019   1.7e+02    4.0   0.0     2    20    39    57    38    59 0.90 -
evm.utg9141.3        -            189 625091at33208        -             77      0.14   14.0   0.0   3   6      0.14   1.3e+03    1.2   0.0     2    20    63    81    62    85 0.88 -
evm.utg9141.3        -            189 625091at33208        -             77      0.14   14.0   0.0   4   6      0.57   5.3e+03   -0.7   0.0     2    20   111   129   110   131 0.86 -
evm.utg9141.3        -            189 625091at33208        -             77      0.14   14.0   0.0   5   6      0.26   2.4e+03    0.4   0.0     2    19   135   152   134   155 0.88 -
evm.utg9141.3        -            189 625091at33208        -             77      0.14   14.0   0.0   6   6         1   9.3e+03   -1.5   0.0     2    20   159   177   158   182 0.85 -
evm.utg10628.19      -            449 625091at33208        -             77      0.22   13.3   0.1   1   3       4.8   4.5e+04   -3.7   0.0    16    27   202   213   196   217 0.61 -
evm.utg10628.19      -            449 625091at33208        -             77      0.22   13.3   0.1   2   3    0.0085        79    5.1   0.0    31    66   313   348   309   352 0.89 -
evm.utg10628.19      -            449 625091at33208        -             77      0.22   13.3   0.1   3   3    0.0083        77    5.2   0.0    55    75   359   379   352   380 0.89 -
#
# Program:         hmmsearch
# Version:         3.1b2 (February 2015)
# Pipeline mode:   SEARCH
# Query file:      /uoa/scratch/users/r02hw22/project_dark_genes/busco_downloads/lineages/metazoa_odb10/hmms/625091at33208.hmm
# Target file:     /uoa/scratch/users/r02hw22/project_dark_genes/00_raw/equina_smart.rnam-trna.merged.ggf.curated.remredun.aa.fa
# Option settings: hmmsearch --domtblout /uoa/scratch/users/r02hw22/project_dark_genes/equina_busco_proteins/run_metazoa_odb10/hmmer_output/initial_run_results/625091at33208.out --cpu 1 /uoa/scratch/users/r02hw22/project_dark_genes/busco_downloads/lineages/metazoa_odb10/hmms/625091at33208.hmm /uoa/scratch/users/r02hw22/project_dark_genes/00_raw/equina_smart.rnam-trna.merged.ggf.curated.remredun.aa.fa 
# Current dir:     /uoa/scratch/users/r02hw22/project_dark_genes
# Date:            Sat Apr 25 14:43:09 2026
# [ok]
