#                                                                            --- full sequence --- -------------- this domain -------------   hmm coord   ali coord   env coord
# target name        accession   tlen query name           accession   qlen   E-value  score  bias   #  of  c-Evalue  i-Evalue  score  bias  from    to  from    to  from    to  acc description of target
#------------------- ---------- ----- -------------------- ---------- ----- --------- ------ ----- --- --- --------- --------- ------ ----- ----- ----- ----- ----- ----- ----- ---- ---------------------
evm.utg5885.53       -            103 631173at33208        -             85     4e-32  111.9   5.7   1   1   6.3e-36   5.9e-32  111.3   5.7     3    85    12   102    10   102 0.91 -
evm.utg2017.21       -            120 631173at33208        -             85     4e-06   28.5   2.6   1   1   6.2e-10   5.7e-06   28.1   2.6    33    84    67   118    53   119 0.91 -
evm.utg62.104        -            210 631173at33208        -             85   7.7e-06   27.6   3.6   1   1     2e-09   1.9e-05   26.4   3.6    32    84   156   208   150   209 0.94 -
evm.utg1143.14       -            346 631173at33208        -             85     0.058   15.2   1.2   1   2   1.2e-05      0.11   14.3   0.1     6    72    65   130    60   137 0.82 -
evm.utg1143.14       -            346 631173at33208        -             85     0.058   15.2   1.2   2   2       2.1   1.9e+04   -2.5   0.1     7    18   296   307   293   334 0.62 -
evm.utg8181.3        -            623 631173at33208        -             85       0.3   12.9   1.0   1   2   6.9e-05      0.64   11.9   0.1    15    72    72   130    60   137 0.82 -
evm.utg8181.3        -            623 631173at33208        -             85       0.3   12.9   1.0   2   2       2.5   2.3e+04   -2.7   0.1     8    18   297   307   294   345 0.46 -
evm.utg8674.9        -            594 631173at33208        -             85       1.1   11.2   4.0   1   3   0.00018       1.7   10.5   0.1    15    72    72   130    60   137 0.82 -
evm.utg8674.9        -            594 631173at33208        -             85       1.1   11.2   4.0   2   3      0.42   3.9e+03   -0.3   0.2    17    40   394   417   392   425 0.85 -
evm.utg8674.9        -            594 631173at33208        -             85       1.1   11.2   4.0   3   3       2.1   1.9e+04   -2.5   0.1    14    28   436   450   435   473 0.81 -
#
# Program:         hmmsearch
# Version:         3.1b2 (February 2015)
# Pipeline mode:   SEARCH
# Query file:      /uoa/scratch/users/r02hw22/project_dark_genes/busco_downloads/lineages/metazoa_odb10/hmms/631173at33208.hmm
# Target file:     /uoa/scratch/users/r02hw22/project_dark_genes/00_raw/equina_smart.rnam-trna.merged.ggf.curated.remredun.aa.fa
# Option settings: hmmsearch --domtblout /uoa/scratch/users/r02hw22/project_dark_genes/equina_busco_proteins/run_metazoa_odb10/hmmer_output/initial_run_results/631173at33208.out --cpu 1 /uoa/scratch/users/r02hw22/project_dark_genes/busco_downloads/lineages/metazoa_odb10/hmms/631173at33208.hmm /uoa/scratch/users/r02hw22/project_dark_genes/00_raw/equina_smart.rnam-trna.merged.ggf.curated.remredun.aa.fa 
# Current dir:     /uoa/scratch/users/r02hw22/project_dark_genes
# Date:            Sat Apr 25 14:43:10 2026
# [ok]
