#                                                                              --- full sequence --- -------------- this domain -------------   hmm coord   ali coord   env coord
# target name          accession   tlen query name           accession   qlen   E-value  score  bias   #  of  c-Evalue  i-Evalue  score  bias  from    to  from    to  from    to  acc description of target
#  ------------------- ---------- ----- -------------------- ---------- ----- --------- ------ ----- --- --- --------- --------- ------ ----- ----- ----- ----- ----- ----- ----- ---- ---------------------
evm.utg1243.14         -            371 631107at33208        -            191   4.6e-33  116.3   1.7   1   3     0.044   8.2e+02    1.3   0.1    43    78    46    81    39   109 0.77 -
evm.utg1243.14         -            371 631107at33208        -            191   4.6e-33  116.3   1.7   2   3     0.056     1e+03    0.9   0.2    54    74   166   186   133   224 0.50 -
evm.utg1243.14         -            371 631107at33208        -            191   4.6e-33  116.3   1.7   3   3   2.5e-37   4.6e-33  116.3   1.7    58   181   237   362   164   366 0.86 -
evm.utg338.94          -            371 631107at33208        -            191   2.7e-32  113.8   0.8   1   4     0.043     8e+02    1.3   0.3    44    78    47    81    39   131 0.64 -
evm.utg338.94          -            371 631107at33208        -            191   2.7e-32  113.8   0.8   2   4     0.075   1.4e+03    0.5   0.1     7    34   169   197   138   223 0.55 -
evm.utg338.94          -            371 631107at33208        -            191   2.7e-32  113.8   0.8   3   4     0.078   1.5e+03    0.5   0.0     7    54   169   217   163   241 0.71 -
evm.utg338.94          -            371 631107at33208        -            191   2.7e-32  113.8   0.8   4   4   1.4e-36   2.7e-32  113.8   0.8    94   181   276   362   235   366 0.85 -
evm.utg4468.7          -            878 631107at33208        -            191     0.032   15.7   0.1   1   3    0.0065   1.2e+02    4.0   0.0    12    82    46   117    38   133 0.81 -
evm.utg4468.7          -            878 631107at33208        -            191     0.032   15.7   0.1   2   3     0.011     2e+02    3.3   0.0     7    64   143   200   137   217 0.87 -
evm.utg4468.7          -            878 631107at33208        -            191     0.032   15.7   0.1   3   3    0.0086   1.6e+02    3.6   0.0    11    81   215   286   205   300 0.81 -
#
# Program:         hmmsearch
# Version:         3.1b2 (February 2015)
# Pipeline mode:   SEARCH
# Query file:      /uoa/scratch/users/r02hw22/project_dark_genes/busco_downloads/lineages/metazoa_odb10/hmms/631107at33208.hmm
# Target file:     /uoa/scratch/users/r02hw22/project_dark_genes/00_raw/equina_smart.rnam-trna.merged.ggf.curated.remredun.aa.fa
# Option settings: hmmsearch --domtblout /uoa/scratch/users/r02hw22/project_dark_genes/equina_busco_proteins/run_metazoa_odb10/hmmer_output/initial_run_results/631107at33208.out --cpu 1 /uoa/scratch/users/r02hw22/project_dark_genes/busco_downloads/lineages/metazoa_odb10/hmms/631107at33208.hmm /uoa/scratch/users/r02hw22/project_dark_genes/00_raw/equina_smart.rnam-trna.merged.ggf.curated.remredun.aa.fa 
# Current dir:     /uoa/scratch/users/r02hw22/project_dark_genes
# Date:            Sat Apr 25 14:43:07 2026
# [ok]
