#                                                                            --- full sequence --- -------------- this domain -------------   hmm coord   ali coord   env coord
# target name        accession   tlen query name           accession   qlen   E-value  score  bias   #  of  c-Evalue  i-Evalue  score  bias  from    to  from    to  from    to  acc description of target
#------------------- ---------- ----- -------------------- ---------- ----- --------- ------ ----- --- --- --------- --------- ------ ----- ----- ----- ----- ----- ----- ----- ---- ---------------------
evm.utg1931.75       -            144 631662at33208        -             85   8.9e-37  126.6  10.1   1   1   2.1e-40   3.9e-36  124.6  10.1     1    85    48   141    48   141 0.91 -
evm.utg338.10        -            366 631662at33208        -             85      0.02   16.5  45.4   1  16      0.22   4.1e+03   -0.5   0.1    50    63    23    34    21    38 0.80 -
evm.utg338.10        -            366 631662at33208        -             85      0.02   16.5  45.4   2  16     0.011     2e+02    3.7   0.1    45    63    39    55    31    59 0.84 -
evm.utg338.10        -            366 631662at33208        -             85      0.02   16.5  45.4   3  16     0.011     2e+02    3.7   0.1    45    63    60    76    55    81 0.84 -
evm.utg338.10        -            366 631662at33208        -             85      0.02   16.5  45.4   4  16     0.011     2e+02    3.7   0.1    45    63    81    97    76   102 0.84 -
evm.utg338.10        -            366 631662at33208        -             85      0.02   16.5  45.4   5  16     0.026   4.8e+02    2.5   0.0    45    61   102   116    98   122 0.82 -
evm.utg338.10        -            366 631662at33208        -             85      0.02   16.5  45.4   6  16     0.057     1e+03    1.4   0.1    45    63   123   139   115   143 0.83 -
evm.utg338.10        -            366 631662at33208        -             85      0.02   16.5  45.4   7  16     0.065   1.2e+03    1.2   0.0    45    63   144   160   140   164 0.83 -
evm.utg338.10        -            366 631662at33208        -             85      0.02   16.5  45.4   8  16     0.011     2e+02    3.7   0.1    45    63   165   181   158   185 0.84 -
evm.utg338.10        -            366 631662at33208        -             85      0.02   16.5  45.4   9  16     0.012   2.3e+02    3.5   0.4    45    63   186   202   177   206 0.83 -
evm.utg338.10        -            366 631662at33208        -             85      0.02   16.5  45.4  10  16     0.011     2e+02    3.7   0.1    45    63   207   223   202   228 0.84 -
evm.utg338.10        -            366 631662at33208        -             85      0.02   16.5  45.4  11  16     0.069   1.3e+03    1.1   0.1    45    63   229   245   225   249 0.83 -
evm.utg338.10        -            366 631662at33208        -             85      0.02   16.5  45.4  12  16     0.062   1.1e+03    1.3   0.0    45    63   250   266   245   270 0.83 -
evm.utg338.10        -            366 631662at33208        -             85      0.02   16.5  45.4  13  16    0.0075   1.4e+02    4.2   0.1    45    63   271   287   267   292 0.84 -
evm.utg338.10        -            366 631662at33208        -             85      0.02   16.5  45.4  14  16      0.17   3.1e+03   -0.1   0.0    45    63   293   309   288   313 0.83 -
evm.utg338.10        -            366 631662at33208        -             85      0.02   16.5  45.4  15  16     0.012   2.2e+02    3.6   0.1    45    63   315   331   311   336 0.83 -
evm.utg338.10        -            366 631662at33208        -             85      0.02   16.5  45.4  16  16     0.078   1.4e+03    1.0   0.1    45    63   337   353   333   358 0.81 -
evm.utg237.17        -            285 631662at33208        -             85     0.093   14.4   0.0   1   2      0.51   9.4e+03   -1.6   0.0    14    31   121   138   113   142 0.75 -
evm.utg237.17        -            285 631662at33208        -             85     0.093   14.4   0.0   2   2   2.2e-05       0.4   12.4   0.0    12    39   242   269   237   272 0.92 -
#
# Program:         hmmsearch
# Version:         3.1b2 (February 2015)
# Pipeline mode:   SEARCH
# Query file:      /uoa/scratch/users/r02hw22/project_dark_genes/busco_downloads/lineages/metazoa_odb10/hmms/631662at33208.hmm
# Target file:     /uoa/scratch/users/r02hw22/project_dark_genes/00_raw/equina_smart.rnam-trna.merged.ggf.curated.remredun.aa.fa
# Option settings: hmmsearch --domtblout /uoa/scratch/users/r02hw22/project_dark_genes/equina_busco_proteins/run_metazoa_odb10/hmmer_output/initial_run_results/631662at33208.out --cpu 1 /uoa/scratch/users/r02hw22/project_dark_genes/busco_downloads/lineages/metazoa_odb10/hmms/631662at33208.hmm /uoa/scratch/users/r02hw22/project_dark_genes/00_raw/equina_smart.rnam-trna.merged.ggf.curated.remredun.aa.fa 
# Current dir:     /uoa/scratch/users/r02hw22/project_dark_genes
# Date:            Sat Apr 25 14:43:14 2026
# [ok]
