#                                                                            --- full sequence --- -------------- this domain -------------   hmm coord   ali coord   env coord
# target name        accession   tlen query name           accession   qlen   E-value  score  bias   #  of  c-Evalue  i-Evalue  score  bias  from    to  from    to  from    to  acc description of target
#------------------- ---------- ----- -------------------- ---------- ----- --------- ------ ----- --- --- --------- --------- ------ ----- ----- ----- ----- ----- ----- ----- ---- ---------------------
evm.utg4567.30       -            107 631767at33208        -            112   1.4e-28  101.0   0.6   1   1   9.3e-33   1.7e-28  100.7   0.6     1    85    12    98    12   101 0.96 -
evm.utg3443.57       -            806 631767at33208        -            112      0.64   11.9  11.6   1   4      0.01   1.9e+02    3.9   0.2    36    69   283   316   274   320 0.88 -
evm.utg3443.57       -            806 631767at33208        -            112      0.64   11.9  11.6   2   4      0.01   1.9e+02    3.9   0.2    37    69   422   454   414   458 0.88 -
evm.utg3443.57       -            806 631767at33208        -            112      0.64   11.9  11.6   3   4      0.01   1.9e+02    3.9   0.2    37    69   560   592   552   596 0.88 -
evm.utg3443.57       -            806 631767at33208        -            112      0.64   11.9  11.6   4   4      0.01   1.9e+02    3.9   0.2    37    69   698   730   690   734 0.88 -
evm.utg2603.26       -            668 631767at33208        -            112         3    9.7   0.0   1   4      0.71   1.3e+04   -2.0   0.0    29    52    29    52    21    56 0.83 -
evm.utg2603.26       -            668 631767at33208        -            112         3    9.7   0.0   2   4   0.00016         3    9.7   0.0     4    33   105   134   104   142 0.91 -
evm.utg2603.26       -            668 631767at33208        -            112         3    9.7   0.0   3   4      0.13   2.4e+03    0.4   0.7    29    76   416   460   410   475 0.65 -
evm.utg2603.26       -            668 631767at33208        -            112         3    9.7   0.0   4   4       1.3   2.4e+04   -2.8   0.8    36    50   575   589   531   630 0.53 -
#
# Program:         hmmsearch
# Version:         3.1b2 (February 2015)
# Pipeline mode:   SEARCH
# Query file:      /uoa/scratch/users/r02hw22/project_dark_genes/busco_downloads/lineages/metazoa_odb10/hmms/631767at33208.hmm
# Target file:     /uoa/scratch/users/r02hw22/project_dark_genes/00_raw/equina_smart.rnam-trna.merged.ggf.curated.remredun.aa.fa
# Option settings: hmmsearch --domtblout /uoa/scratch/users/r02hw22/project_dark_genes/equina_busco_proteins/run_metazoa_odb10/hmmer_output/initial_run_results/631767at33208.out --cpu 1 /uoa/scratch/users/r02hw22/project_dark_genes/busco_downloads/lineages/metazoa_odb10/hmms/631767at33208.hmm /uoa/scratch/users/r02hw22/project_dark_genes/00_raw/equina_smart.rnam-trna.merged.ggf.curated.remredun.aa.fa 
# Current dir:     /uoa/scratch/users/r02hw22/project_dark_genes
# Date:            Sat Apr 25 14:43:15 2026
# [ok]
