#                                                                                                 --- full sequence --- -------------- this domain -------------   hmm coord   ali coord   env coord
# target name                             accession   tlen query name           accession   qlen   E-value  score  bias   #  of  c-Evalue  i-Evalue  score  bias  from    to  from    to  from    to  acc description of target
#                     ------------------- ---------- ----- -------------------- ---------- ----- --------- ------ ----- --- --- --------- --------- ------ ----- ----- ----- ----- ----- ----- ----- ---- ---------------------
evm.utg3553.8                             -             93 634446at33208        -             80   1.8e-39  135.6   9.6   1   1   1.5e-43   2.1e-39  135.4   9.6     1    79     2    89     2    90 0.93 -
evm.utg24357.31                           -            239 634446at33208        -             80     0.072   15.1   0.1   1   2      0.22     3e+03    0.3   0.0    54    70    19    35    15    37 0.84 -
evm.utg24357.31                           -            239 634446at33208        -             80     0.072   15.1   0.1   2   2   6.3e-05      0.88   11.6   0.1    24    64    78   119    62   129 0.81 -
utg1278.equina_smart_1714657utrorf.mrna12 -            194 634446at33208        -             80      0.43   12.6   0.7   1   2    0.0014        20    7.3   0.2    25    49    34    58    25    65 0.91 -
utg1278.equina_smart_1714657utrorf.mrna12 -            194 634446at33208        -             80      0.43   12.6   0.7   2   2     0.021     3e+02    3.5   0.0    17    33   114   130   103   141 0.78 -
evm.utg280.67                             -            194 634446at33208        -             80      0.47   12.5   0.4   1   2    0.0018        25    6.9   0.0    26    49    35    58    31    69 0.93 -
evm.utg280.67                             -            194 634446at33208        -             80      0.47   12.5   0.4   2   2     0.023   3.2e+02    3.4   0.1    15    35   112   132   101   146 0.76 -
#
# Program:         hmmsearch
# Version:         3.1b2 (February 2015)
# Pipeline mode:   SEARCH
# Query file:      /uoa/scratch/users/r02hw22/project_dark_genes/busco_downloads/lineages/metazoa_odb10/hmms/634446at33208.hmm
# Target file:     /uoa/scratch/users/r02hw22/project_dark_genes/00_raw/equina_smart.rnam-trna.merged.ggf.curated.remredun.aa.fa
# Option settings: hmmsearch --domtblout /uoa/scratch/users/r02hw22/project_dark_genes/equina_busco_proteins/run_metazoa_odb10/hmmer_output/initial_run_results/634446at33208.out --cpu 1 /uoa/scratch/users/r02hw22/project_dark_genes/busco_downloads/lineages/metazoa_odb10/hmms/634446at33208.hmm /uoa/scratch/users/r02hw22/project_dark_genes/00_raw/equina_smart.rnam-trna.merged.ggf.curated.remredun.aa.fa 
# Current dir:     /uoa/scratch/users/r02hw22/project_dark_genes
# Date:            Sat Apr 25 14:42:58 2026
# [ok]
