#                                                                            --- full sequence --- -------------- this domain -------------   hmm coord   ali coord   env coord
# target name        accession   tlen query name           accession   qlen   E-value  score  bias   #  of  c-Evalue  i-Evalue  score  bias  from    to  from    to  from    to  acc description of target
#------------------- ---------- ----- -------------------- ---------- ----- --------- ------ ----- --- --- --------- --------- ------ ----- ----- ----- ----- ----- ----- ----- ---- ---------------------
evm.utg1363.16       -            171 636070at33208        -            100   2.4e-22   80.3   0.3   1   1   1.4e-26   3.8e-22   79.6   0.3     2    95    43   145    42   148 0.84 -
evm.utg6551.6        -            420 636070at33208        -            100    0.0008   20.8   0.2   1   8     0.048   1.3e+03    0.8   0.0    35    56    68    89    59   103 0.68 -
evm.utg6551.6        -            420 636070at33208        -            100    0.0008   20.8   0.2   2   8     0.018   4.9e+02    2.3   0.0    33    56   131   154   111   169 0.82 -
evm.utg6551.6        -            420 636070at33208        -            100    0.0008   20.8   0.2   3   8      0.36   9.9e+03   -1.9   0.0    33    56   170   193   161   197 0.85 -
evm.utg6551.6        -            420 636070at33208        -            100    0.0008   20.8   0.2   4   8      0.22   6.1e+03   -1.3   0.0    35    55   211   231   207   234 0.70 -
evm.utg6551.6        -            420 636070at33208        -            100    0.0008   20.8   0.2   5   8      0.02   5.6e+02    2.1   0.0    33    56   261   284   252   299 0.81 -
evm.utg6551.6        -            420 636070at33208        -            100    0.0008   20.8   0.2   6   8      0.39   1.1e+04   -2.0   0.0    33    56   300   323   293   326 0.85 -
evm.utg6551.6        -            420 636070at33208        -            100    0.0008   20.8   0.2   7   8    0.0083   2.3e+02    3.3   0.0    33    56   352   375   344   378 0.88 -
evm.utg6551.6        -            420 636070at33208        -            100    0.0008   20.8   0.2   8   8      0.27   7.5e+03   -1.5   0.0    33    55   378   400   374   402 0.74 -
#
# Program:         hmmsearch
# Version:         3.1b2 (February 2015)
# Pipeline mode:   SEARCH
# Query file:      /uoa/scratch/users/r02hw22/project_dark_genes/busco_downloads/lineages/metazoa_odb10/hmms/636070at33208.hmm
# Target file:     /uoa/scratch/users/r02hw22/project_dark_genes/00_raw/equina_smart.rnam-trna.merged.ggf.curated.remredun.aa.fa
# Option settings: hmmsearch --domtblout /uoa/scratch/users/r02hw22/project_dark_genes/equina_busco_proteins/run_metazoa_odb10/hmmer_output/initial_run_results/636070at33208.out --cpu 1 /uoa/scratch/users/r02hw22/project_dark_genes/busco_downloads/lineages/metazoa_odb10/hmms/636070at33208.hmm /uoa/scratch/users/r02hw22/project_dark_genes/00_raw/equina_smart.rnam-trna.merged.ggf.curated.remredun.aa.fa 
# Current dir:     /uoa/scratch/users/r02hw22/project_dark_genes
# Date:            Sat Apr 25 14:43:07 2026
# [ok]
