#                                                                            --- full sequence --- -------------- this domain -------------   hmm coord   ali coord   env coord
# target name        accession   tlen query name           accession   qlen   E-value  score  bias   #  of  c-Evalue  i-Evalue  score  bias  from    to  from    to  from    to  acc description of target
#------------------- ---------- ----- -------------------- ---------- ----- --------- ------ ----- --- --- --------- --------- ------ ----- ----- ----- ----- ----- ----- ----- ---- ---------------------
evm.utg109.120       -            173 644034at33208        -             55   1.5e-23   83.9   7.6   1   3         3   5.6e+04   -7.0   4.4    31    44    31    44    25    48 0.62 -
evm.utg109.120       -            173 644034at33208        -             55   1.5e-23   83.9   7.6   2   3      0.55     1e+04   -2.0   0.6    34    39    56    61    53    69 0.78 -
evm.utg109.120       -            173 644034at33208        -             55   1.5e-23   83.9   7.6   3   3   8.3e-28   1.5e-23   83.9   7.6     4    55   113   172   110   172 0.86 -
evm.utg2100.49       -            153 644034at33208        -             55   1.7e-23   83.8   8.1   1   2      0.18   3.4e+03   -0.4   0.1    34    40    36    42    26    57 0.78 -
evm.utg2100.49       -            153 644034at33208        -             55   1.7e-23   83.8   8.1   2   2   9.2e-28   1.7e-23   83.8   8.1     4    55    93   152    90   152 0.86 -
evm.utg214.3         -            527 644034at33208        -             55       2.1    9.9   0.0   1   8       0.1   1.9e+03    0.4   0.1    19    34   190   205   189   207 0.89 -
evm.utg214.3         -            527 644034at33208        -             55       2.1    9.9   0.0   2   8     0.097   1.8e+03    0.5   0.1    20    34   231   245   230   247 0.85 -
evm.utg214.3         -            527 644034at33208        -             55       2.1    9.9   0.0   3   8   0.00011       2.1    9.9   0.0    15    34   303   322   293   323 0.87 -
evm.utg214.3         -            527 644034at33208        -             55       2.1    9.9   0.0   4   8      0.11   2.1e+03    0.3   0.2    20    34   344   358   343   359 0.88 -
evm.utg214.3         -            527 644034at33208        -             55       2.1    9.9   0.0   5   8      0.11     2e+03    0.3   0.1    19    34   383   398   382   399 0.86 -
evm.utg214.3         -            527 644034at33208        -             55       2.1    9.9   0.0   6   8      0.28   5.2e+03   -1.0   0.1    20    31   420   431   419   435 0.84 -
evm.utg214.3         -            527 644034at33208        -             55       2.1    9.9   0.0   7   8     0.035   6.6e+02    1.9   0.1    19    34   459   474   458   476 0.90 -
evm.utg214.3         -            527 644034at33208        -             55       2.1    9.9   0.0   8   8      0.12   2.3e+03    0.1   0.3    20    34   496   510   495   511 0.88 -
#
# Program:         hmmsearch
# Version:         3.1b2 (February 2015)
# Pipeline mode:   SEARCH
# Query file:      /uoa/scratch/users/r02hw22/project_dark_genes/busco_downloads/lineages/metazoa_odb10/hmms/644034at33208.hmm
# Target file:     /uoa/scratch/users/r02hw22/project_dark_genes/00_raw/equina_smart.rnam-trna.merged.ggf.curated.remredun.aa.fa
# Option settings: hmmsearch --domtblout /uoa/scratch/users/r02hw22/project_dark_genes/equina_busco_proteins/run_metazoa_odb10/hmmer_output/initial_run_results/644034at33208.out --cpu 1 /uoa/scratch/users/r02hw22/project_dark_genes/busco_downloads/lineages/metazoa_odb10/hmms/644034at33208.hmm /uoa/scratch/users/r02hw22/project_dark_genes/00_raw/equina_smart.rnam-trna.merged.ggf.curated.remredun.aa.fa 
# Current dir:     /uoa/scratch/users/r02hw22/project_dark_genes
# Date:            Sat Apr 25 14:43:12 2026
# [ok]
