#                                                                            --- full sequence --- -------------- this domain -------------   hmm coord   ali coord   env coord
# target name        accession   tlen query name           accession   qlen   E-value  score  bias   #  of  c-Evalue  i-Evalue  score  bias  from    to  from    to  from    to  acc description of target
#------------------- ---------- ----- -------------------- ---------- ----- --------- ------ ----- --- --- --------- --------- ------ ----- ----- ----- ----- ----- ----- ----- ---- ---------------------
evm.utg6821.46       -            204 648300at33208        -            151   2.3e-29  104.2  49.3   1   2   1.7e-18   1.9e-14   55.8   6.4     1   105     9   115     9   131 0.80 -
evm.utg6821.46       -            204 648300at33208        -            151   2.3e-29  104.2  49.3   2   2   1.3e-17   1.4e-13   52.9  36.2    84   151   136   203   120   203 0.96 -
evm.utg1420.1        -            115 648300at33208        -            151   6.8e-15   57.2  29.9   1   1   7.5e-19   8.4e-15   56.9  29.9    89   151    52   114    45   114 0.96 -
evm.utg2427.9        -            127 648300at33208        -            151     0.025   16.4   0.3   1   1   2.9e-06     0.032   16.1   0.3    12   102     5    92     2   100 0.83 -
evm.utg1239.15       -            264 648300at33208        -            151      0.53   12.1   1.3   1   3       1.1   1.2e+04   -2.0   0.0    24    45    19    40    15    51 0.62 -
evm.utg1239.15       -            264 648300at33208        -            151      0.53   12.1   1.3   2   3       2.3   2.5e+04   -3.1   0.0    52    66   124   138   111   165 0.47 -
evm.utg1239.15       -            264 648300at33208        -            151      0.53   12.1   1.3   3   3   8.4e-05      0.94   11.3   0.2    21    91   181   251   176   258 0.78 -
evm.utg86.9          -            110 648300at33208        -            151      0.62   11.9  18.3   1   1   6.5e-05      0.72   11.7  18.3    42   144     2   103     1   109 0.79 -
#
# Program:         hmmsearch
# Version:         3.1b2 (February 2015)
# Pipeline mode:   SEARCH
# Query file:      /uoa/scratch/users/r02hw22/project_dark_genes/busco_downloads/lineages/metazoa_odb10/hmms/648300at33208.hmm
# Target file:     /uoa/scratch/users/r02hw22/project_dark_genes/00_raw/equina_smart.rnam-trna.merged.ggf.curated.remredun.aa.fa
# Option settings: hmmsearch --domtblout /uoa/scratch/users/r02hw22/project_dark_genes/equina_busco_proteins/run_metazoa_odb10/hmmer_output/initial_run_results/648300at33208.out --cpu 1 /uoa/scratch/users/r02hw22/project_dark_genes/busco_downloads/lineages/metazoa_odb10/hmms/648300at33208.hmm /uoa/scratch/users/r02hw22/project_dark_genes/00_raw/equina_smart.rnam-trna.merged.ggf.curated.remredun.aa.fa 
# Current dir:     /uoa/scratch/users/r02hw22/project_dark_genes
# Date:            Sat Apr 25 14:43:17 2026
# [ok]
