#                                                                            --- full sequence --- -------------- this domain -------------   hmm coord   ali coord   env coord
# target name        accession   tlen query name           accession   qlen   E-value  score  bias   #  of  c-Evalue  i-Evalue  score  bias  from    to  from    to  from    to  acc description of target
#------------------- ---------- ----- -------------------- ---------- ----- --------- ------ ----- --- --- --------- --------- ------ ----- ----- ----- ----- ----- ----- ----- ---- ---------------------
evm.utg12986.12      -           1159 99614at33208         -            957         0 1425.6  26.7   1   2         0         0 1305.1  24.1     1   806     1   890     1   902 0.92 -
evm.utg12986.12      -           1159 99614at33208         -            957         0 1425.6  26.7   2   2   3.1e-37   3.5e-33  116.0   0.0   800   932   935  1090   930  1110 0.84 -
evm.utg1398.44       -            995 99614at33208         -            957         0 1329.1  27.4   1   2         0         0 1272.5  23.7     1   806     1   871     1   885 0.92 -
evm.utg1398.44       -            995 99614at33208         -            957         0 1329.1  27.4   2   2   2.9e-18   3.2e-14   53.2   0.1   800   856   916   972   911   975 0.93 -
evm.utg30399.1       -            137 99614at33208         -            957   5.8e-09   35.8   0.0   1   1   5.9e-13   6.6e-09   35.7   0.0   853   957    20   131     9   131 0.76 -
evm.utg1398.45       -            138 99614at33208         -            957   1.3e-07   31.4   0.2   1   1   1.5e-11   1.7e-07   31.0   0.2   878   933     4    70     1    91 0.76 -
evm.utg72.36         -            106 99614at33208         -            957     0.096   12.0   0.2   1   1     9e-06       0.1   11.9   0.2   878   957     1   100     1   100 0.62 -
#
# Program:         hmmsearch
# Version:         3.1b2 (February 2015)
# Pipeline mode:   SEARCH
# Query file:      /uoa/scratch/users/r02hw22/project_dark_genes/busco_downloads/lineages/metazoa_odb10/hmms/99614at33208.hmm
# Target file:     /uoa/scratch/users/r02hw22/project_dark_genes/00_raw/equina_smart.rnam-trna.merged.ggf.curated.remredun.aa.fa
# Option settings: hmmsearch --domtblout /uoa/scratch/users/r02hw22/project_dark_genes/equina_busco_proteins/run_metazoa_odb10/hmmer_output/initial_run_results/99614at33208.out --cpu 1 /uoa/scratch/users/r02hw22/project_dark_genes/busco_downloads/lineages/metazoa_odb10/hmms/99614at33208.hmm /uoa/scratch/users/r02hw22/project_dark_genes/00_raw/equina_smart.rnam-trna.merged.ggf.curated.remredun.aa.fa 
# Current dir:     /uoa/scratch/users/r02hw22/project_dark_genes
# Date:            Sat Apr 25 14:43:05 2026
# [ok]
