running: singularity exec /opt/software/uoa/singularity/busco/5.3.2/libexec/busco_v5.3.2_cv1.sif busco -i 00_raw/equina_smart.rnam-trna.merged.ggf.curated.remredun.aa.fa -m proteins -l metazoa_odb10 -o equina_busco_proteins -c 32
2026-04-25 14:40:23 INFO:	***** Start a BUSCO v5.3.2 analysis, current time: 04/25/2026 14:40:22 *****
2026-04-25 14:40:23 INFO:	Configuring BUSCO with local environment
2026-04-25 14:40:23 INFO:	Mode is proteins
2026-04-25 14:40:23 INFO:	Downloading information on latest versions of BUSCO data...
2026-04-25 14:40:23 INFO:	Input file is /uoa/scratch/users/r02hw22/project_dark_genes/00_raw/equina_smart.rnam-trna.merged.ggf.curated.remredun.aa.fa
2026-04-25 14:40:23 INFO:	Downloading file 'https://busco-data.ezlab.org/v5/data/lineages/metazoa_odb10.2024-01-08.tar.gz'
2026-04-25 14:40:25 INFO:	Decompressing file '/uoa/scratch/users/r02hw22/project_dark_genes/busco_downloads/lineages/metazoa_odb10.tar.gz'
2026-04-25 14:40:31 INFO:	Running BUSCO using lineage dataset metazoa_odb10 (eukaryota, 2024-01-08)
2026-04-25 14:40:31 INFO:	***** Run HMMER on gene sequences *****
2026-04-25 14:40:31 INFO:	Running 954 job(s) on hmmsearch, starting at 04/25/2026 14:40:31
2026-04-25 14:40:59 INFO:	[hmmsearch]	96 of 954 task(s) completed
2026-04-25 14:41:26 INFO:	[hmmsearch]	191 of 954 task(s) completed
2026-04-25 14:41:47 INFO:	[hmmsearch]	287 of 954 task(s) completed
2026-04-25 14:42:02 INFO:	[hmmsearch]	382 of 954 task(s) completed
2026-04-25 14:42:18 INFO:	[hmmsearch]	478 of 954 task(s) completed
2026-04-25 14:42:30 INFO:	[hmmsearch]	573 of 954 task(s) completed
2026-04-25 14:42:42 INFO:	[hmmsearch]	668 of 954 task(s) completed
2026-04-25 14:42:55 INFO:	[hmmsearch]	764 of 954 task(s) completed
2026-04-25 14:43:06 INFO:	[hmmsearch]	859 of 954 task(s) completed
2026-04-25 14:43:26 INFO:	[hmmsearch]	954 of 954 task(s) completed
2026-04-25 14:43:28 INFO:	

	--------------------------------------------------
	|Results from dataset metazoa_odb10               |
	--------------------------------------------------
	|C:95.6%[S:52.9%,D:42.7%],F:2.6%,M:1.8%,n:954     |
	|912	Complete BUSCOs (C)                       |
	|505	Complete and single-copy BUSCOs (S)       |
	|407	Complete and duplicated BUSCOs (D)        |
	|25	Fragmented BUSCOs (F)                     |
	|17	Missing BUSCOs (M)                        |
	|954	Total BUSCO groups searched               |
	--------------------------------------------------
2026-04-25 14:43:28 INFO:	BUSCO analysis done. Total running time: 186 seconds
2026-04-25 14:43:28 INFO:	Results written in /uoa/scratch/users/r02hw22/project_dark_genes/equina_busco_proteins
2026-04-25 14:43:28 INFO:	For assistance with interpreting the results, please consult the userguide: https://busco.ezlab.org/busco_userguide.html

2026-04-25 14:43:28 INFO:	Visit this page https://gitlab.com/ezlab/busco#how-to-cite-busco to see how to cite BUSCO
