'/uoa/scratch/users/r02hw22/MS_RNAseq/trimmed/fastqc_out/10_R1_001_val_1_fastqc.html' -> '05_rnaseq/01_qc/fastqc/10_R1_001_val_1_fastqc.html'
'/uoa/scratch/users/r02hw22/MS_RNAseq/trimmed/fastqc_out/10_R1_001_val_1_fastqc.zip' -> '05_rnaseq/01_qc/fastqc/10_R1_001_val_1_fastqc.zip'
'/uoa/scratch/users/r02hw22/MS_RNAseq/trimmed/fastqc_out/10_R2_001_val_2_fastqc.html' -> '05_rnaseq/01_qc/fastqc/10_R2_001_val_2_fastqc.html'
'/uoa/scratch/users/r02hw22/MS_RNAseq/trimmed/fastqc_out/10_R2_001_val_2_fastqc.zip' -> '05_rnaseq/01_qc/fastqc/10_R2_001_val_2_fastqc.zip'
'/uoa/scratch/users/r02hw22/MS_RNAseq/trimmed/fastqc_out/11_R1_001_val_1_fastqc.html' -> '05_rnaseq/01_qc/fastqc/11_R1_001_val_1_fastqc.html'
'/uoa/scratch/users/r02hw22/MS_RNAseq/trimmed/fastqc_out/11_R1_001_val_1_fastqc.zip' -> '05_rnaseq/01_qc/fastqc/11_R1_001_val_1_fastqc.zip'
'/uoa/scratch/users/r02hw22/MS_RNAseq/trimmed/fastqc_out/11_R2_001_val_2_fastqc.html' -> '05_rnaseq/01_qc/fastqc/11_R2_001_val_2_fastqc.html'
'/uoa/scratch/users/r02hw22/MS_RNAseq/trimmed/fastqc_out/11_R2_001_val_2_fastqc.zip' -> '05_rnaseq/01_qc/fastqc/11_R2_001_val_2_fastqc.zip'
'/uoa/scratch/users/r02hw22/MS_RNAseq/trimmed/fastqc_out/12_R1_001_val_1_fastqc.html' -> '05_rnaseq/01_qc/fastqc/12_R1_001_val_1_fastqc.html'
'/uoa/scratch/users/r02hw22/MS_RNAseq/trimmed/fastqc_out/12_R1_001_val_1_fastqc.zip' -> '05_rnaseq/01_qc/fastqc/12_R1_001_val_1_fastqc.zip'
'/uoa/scratch/users/r02hw22/MS_RNAseq/trimmed/fastqc_out/12_R2_001_val_2_fastqc.html' -> '05_rnaseq/01_qc/fastqc/12_R2_001_val_2_fastqc.html'
'/uoa/scratch/users/r02hw22/MS_RNAseq/trimmed/fastqc_out/12_R2_001_val_2_fastqc.zip' -> '05_rnaseq/01_qc/fastqc/12_R2_001_val_2_fastqc.zip'
'/uoa/scratch/users/r02hw22/MS_RNAseq/trimmed/fastqc_out/13_R1_001_val_1_fastqc.html' -> '05_rnaseq/01_qc/fastqc/13_R1_001_val_1_fastqc.html'
'/uoa/scratch/users/r02hw22/MS_RNAseq/trimmed/fastqc_out/13_R1_001_val_1_fastqc.zip' -> '05_rnaseq/01_qc/fastqc/13_R1_001_val_1_fastqc.zip'
'/uoa/scratch/users/r02hw22/MS_RNAseq/trimmed/fastqc_out/13_R2_001_val_2_fastqc.html' -> '05_rnaseq/01_qc/fastqc/13_R2_001_val_2_fastqc.html'
'/uoa/scratch/users/r02hw22/MS_RNAseq/trimmed/fastqc_out/13_R2_001_val_2_fastqc.zip' -> '05_rnaseq/01_qc/fastqc/13_R2_001_val_2_fastqc.zip'
'/uoa/scratch/users/r02hw22/MS_RNAseq/trimmed/fastqc_out/14_R1_001_val_1_fastqc.html' -> '05_rnaseq/01_qc/fastqc/14_R1_001_val_1_fastqc.html'
'/uoa/scratch/users/r02hw22/MS_RNAseq/trimmed/fastqc_out/14_R1_001_val_1_fastqc.zip' -> '05_rnaseq/01_qc/fastqc/14_R1_001_val_1_fastqc.zip'
'/uoa/scratch/users/r02hw22/MS_RNAseq/trimmed/fastqc_out/14_R2_001_val_2_fastqc.html' -> '05_rnaseq/01_qc/fastqc/14_R2_001_val_2_fastqc.html'
'/uoa/scratch/users/r02hw22/MS_RNAseq/trimmed/fastqc_out/14_R2_001_val_2_fastqc.zip' -> '05_rnaseq/01_qc/fastqc/14_R2_001_val_2_fastqc.zip'
'/uoa/scratch/users/r02hw22/MS_RNAseq/trimmed/fastqc_out/15_R1_001_val_1_fastqc.html' -> '05_rnaseq/01_qc/fastqc/15_R1_001_val_1_fastqc.html'
'/uoa/scratch/users/r02hw22/MS_RNAseq/trimmed/fastqc_out/15_R1_001_val_1_fastqc.zip' -> '05_rnaseq/01_qc/fastqc/15_R1_001_val_1_fastqc.zip'
'/uoa/scratch/users/r02hw22/MS_RNAseq/trimmed/fastqc_out/15_R2_001_val_2_fastqc.html' -> '05_rnaseq/01_qc/fastqc/15_R2_001_val_2_fastqc.html'
'/uoa/scratch/users/r02hw22/MS_RNAseq/trimmed/fastqc_out/15_R2_001_val_2_fastqc.zip' -> '05_rnaseq/01_qc/fastqc/15_R2_001_val_2_fastqc.zip'
'/uoa/scratch/users/r02hw22/MS_RNAseq/trimmed/fastqc_out/16_R1_001_val_1_fastqc.html' -> '05_rnaseq/01_qc/fastqc/16_R1_001_val_1_fastqc.html'
'/uoa/scratch/users/r02hw22/MS_RNAseq/trimmed/fastqc_out/16_R1_001_val_1_fastqc.zip' -> '05_rnaseq/01_qc/fastqc/16_R1_001_val_1_fastqc.zip'
'/uoa/scratch/users/r02hw22/MS_RNAseq/trimmed/fastqc_out/16_R2_001_val_2_fastqc.html' -> '05_rnaseq/01_qc/fastqc/16_R2_001_val_2_fastqc.html'
'/uoa/scratch/users/r02hw22/MS_RNAseq/trimmed/fastqc_out/16_R2_001_val_2_fastqc.zip' -> '05_rnaseq/01_qc/fastqc/16_R2_001_val_2_fastqc.zip'
'/uoa/scratch/users/r02hw22/MS_RNAseq/trimmed/fastqc_out/17_R1_001_val_1_fastqc.html' -> '05_rnaseq/01_qc/fastqc/17_R1_001_val_1_fastqc.html'
'/uoa/scratch/users/r02hw22/MS_RNAseq/trimmed/fastqc_out/17_R1_001_val_1_fastqc.zip' -> '05_rnaseq/01_qc/fastqc/17_R1_001_val_1_fastqc.zip'
'/uoa/scratch/users/r02hw22/MS_RNAseq/trimmed/fastqc_out/17_R2_001_val_2_fastqc.html' -> '05_rnaseq/01_qc/fastqc/17_R2_001_val_2_fastqc.html'
'/uoa/scratch/users/r02hw22/MS_RNAseq/trimmed/fastqc_out/17_R2_001_val_2_fastqc.zip' -> '05_rnaseq/01_qc/fastqc/17_R2_001_val_2_fastqc.zip'
'/uoa/scratch/users/r02hw22/MS_RNAseq/trimmed/fastqc_out/18_R1_001_val_1_fastqc.html' -> '05_rnaseq/01_qc/fastqc/18_R1_001_val_1_fastqc.html'
'/uoa/scratch/users/r02hw22/MS_RNAseq/trimmed/fastqc_out/18_R1_001_val_1_fastqc.zip' -> '05_rnaseq/01_qc/fastqc/18_R1_001_val_1_fastqc.zip'
'/uoa/scratch/users/r02hw22/MS_RNAseq/trimmed/fastqc_out/18_R2_001_val_2_fastqc.html' -> '05_rnaseq/01_qc/fastqc/18_R2_001_val_2_fastqc.html'
'/uoa/scratch/users/r02hw22/MS_RNAseq/trimmed/fastqc_out/18_R2_001_val_2_fastqc.zip' -> '05_rnaseq/01_qc/fastqc/18_R2_001_val_2_fastqc.zip'
'/uoa/scratch/users/r02hw22/MS_RNAseq/trimmed/fastqc_out/19_R1_001_val_1_fastqc.html' -> '05_rnaseq/01_qc/fastqc/19_R1_001_val_1_fastqc.html'
'/uoa/scratch/users/r02hw22/MS_RNAseq/trimmed/fastqc_out/19_R1_001_val_1_fastqc.zip' -> '05_rnaseq/01_qc/fastqc/19_R1_001_val_1_fastqc.zip'
'/uoa/scratch/users/r02hw22/MS_RNAseq/trimmed/fastqc_out/19_R2_001_val_2_fastqc.html' -> '05_rnaseq/01_qc/fastqc/19_R2_001_val_2_fastqc.html'
'/uoa/scratch/users/r02hw22/MS_RNAseq/trimmed/fastqc_out/19_R2_001_val_2_fastqc.zip' -> '05_rnaseq/01_qc/fastqc/19_R2_001_val_2_fastqc.zip'
'/uoa/scratch/users/r02hw22/MS_RNAseq/trimmed/fastqc_out/1_R1_001_val_1_fastqc.html' -> '05_rnaseq/01_qc/fastqc/1_R1_001_val_1_fastqc.html'
'/uoa/scratch/users/r02hw22/MS_RNAseq/trimmed/fastqc_out/1_R1_001_val_1_fastqc.zip' -> '05_rnaseq/01_qc/fastqc/1_R1_001_val_1_fastqc.zip'
'/uoa/scratch/users/r02hw22/MS_RNAseq/trimmed/fastqc_out/1_R2_001_val_2_fastqc.html' -> '05_rnaseq/01_qc/fastqc/1_R2_001_val_2_fastqc.html'
'/uoa/scratch/users/r02hw22/MS_RNAseq/trimmed/fastqc_out/1_R2_001_val_2_fastqc.zip' -> '05_rnaseq/01_qc/fastqc/1_R2_001_val_2_fastqc.zip'
'/uoa/scratch/users/r02hw22/MS_RNAseq/trimmed/fastqc_out/20_R1_001_val_1_fastqc.html' -> '05_rnaseq/01_qc/fastqc/20_R1_001_val_1_fastqc.html'
'/uoa/scratch/users/r02hw22/MS_RNAseq/trimmed/fastqc_out/20_R1_001_val_1_fastqc.zip' -> '05_rnaseq/01_qc/fastqc/20_R1_001_val_1_fastqc.zip'
'/uoa/scratch/users/r02hw22/MS_RNAseq/trimmed/fastqc_out/20_R2_001_val_2_fastqc.html' -> '05_rnaseq/01_qc/fastqc/20_R2_001_val_2_fastqc.html'
'/uoa/scratch/users/r02hw22/MS_RNAseq/trimmed/fastqc_out/20_R2_001_val_2_fastqc.zip' -> '05_rnaseq/01_qc/fastqc/20_R2_001_val_2_fastqc.zip'
'/uoa/scratch/users/r02hw22/MS_RNAseq/trimmed/fastqc_out/21_R1_001_val_1_fastqc.html' -> '05_rnaseq/01_qc/fastqc/21_R1_001_val_1_fastqc.html'
'/uoa/scratch/users/r02hw22/MS_RNAseq/trimmed/fastqc_out/21_R1_001_val_1_fastqc.zip' -> '05_rnaseq/01_qc/fastqc/21_R1_001_val_1_fastqc.zip'
'/uoa/scratch/users/r02hw22/MS_RNAseq/trimmed/fastqc_out/21_R2_001_val_2_fastqc.html' -> '05_rnaseq/01_qc/fastqc/21_R2_001_val_2_fastqc.html'
'/uoa/scratch/users/r02hw22/MS_RNAseq/trimmed/fastqc_out/21_R2_001_val_2_fastqc.zip' -> '05_rnaseq/01_qc/fastqc/21_R2_001_val_2_fastqc.zip'
'/uoa/scratch/users/r02hw22/MS_RNAseq/trimmed/fastqc_out/22_R1_001_val_1_fastqc.html' -> '05_rnaseq/01_qc/fastqc/22_R1_001_val_1_fastqc.html'
'/uoa/scratch/users/r02hw22/MS_RNAseq/trimmed/fastqc_out/22_R1_001_val_1_fastqc.zip' -> '05_rnaseq/01_qc/fastqc/22_R1_001_val_1_fastqc.zip'
'/uoa/scratch/users/r02hw22/MS_RNAseq/trimmed/fastqc_out/22_R2_001_val_2_fastqc.html' -> '05_rnaseq/01_qc/fastqc/22_R2_001_val_2_fastqc.html'
'/uoa/scratch/users/r02hw22/MS_RNAseq/trimmed/fastqc_out/22_R2_001_val_2_fastqc.zip' -> '05_rnaseq/01_qc/fastqc/22_R2_001_val_2_fastqc.zip'
'/uoa/scratch/users/r02hw22/MS_RNAseq/trimmed/fastqc_out/23_R1_001_val_1_fastqc.html' -> '05_rnaseq/01_qc/fastqc/23_R1_001_val_1_fastqc.html'
'/uoa/scratch/users/r02hw22/MS_RNAseq/trimmed/fastqc_out/23_R1_001_val_1_fastqc.zip' -> '05_rnaseq/01_qc/fastqc/23_R1_001_val_1_fastqc.zip'
'/uoa/scratch/users/r02hw22/MS_RNAseq/trimmed/fastqc_out/23_R2_001_val_2_fastqc.html' -> '05_rnaseq/01_qc/fastqc/23_R2_001_val_2_fastqc.html'
'/uoa/scratch/users/r02hw22/MS_RNAseq/trimmed/fastqc_out/23_R2_001_val_2_fastqc.zip' -> '05_rnaseq/01_qc/fastqc/23_R2_001_val_2_fastqc.zip'
'/uoa/scratch/users/r02hw22/MS_RNAseq/trimmed/fastqc_out/24_R1_001_val_1_fastqc.html' -> '05_rnaseq/01_qc/fastqc/24_R1_001_val_1_fastqc.html'
'/uoa/scratch/users/r02hw22/MS_RNAseq/trimmed/fastqc_out/24_R1_001_val_1_fastqc.zip' -> '05_rnaseq/01_qc/fastqc/24_R1_001_val_1_fastqc.zip'
'/uoa/scratch/users/r02hw22/MS_RNAseq/trimmed/fastqc_out/24_R2_001_val_2_fastqc.html' -> '05_rnaseq/01_qc/fastqc/24_R2_001_val_2_fastqc.html'
'/uoa/scratch/users/r02hw22/MS_RNAseq/trimmed/fastqc_out/24_R2_001_val_2_fastqc.zip' -> '05_rnaseq/01_qc/fastqc/24_R2_001_val_2_fastqc.zip'
'/uoa/scratch/users/r02hw22/MS_RNAseq/trimmed/fastqc_out/25_R1_001_val_1_fastqc.html' -> '05_rnaseq/01_qc/fastqc/25_R1_001_val_1_fastqc.html'
'/uoa/scratch/users/r02hw22/MS_RNAseq/trimmed/fastqc_out/25_R1_001_val_1_fastqc.zip' -> '05_rnaseq/01_qc/fastqc/25_R1_001_val_1_fastqc.zip'
'/uoa/scratch/users/r02hw22/MS_RNAseq/trimmed/fastqc_out/25_R2_001_val_2_fastqc.html' -> '05_rnaseq/01_qc/fastqc/25_R2_001_val_2_fastqc.html'
'/uoa/scratch/users/r02hw22/MS_RNAseq/trimmed/fastqc_out/25_R2_001_val_2_fastqc.zip' -> '05_rnaseq/01_qc/fastqc/25_R2_001_val_2_fastqc.zip'
'/uoa/scratch/users/r02hw22/MS_RNAseq/trimmed/fastqc_out/26_R1_001_val_1_fastqc.html' -> '05_rnaseq/01_qc/fastqc/26_R1_001_val_1_fastqc.html'
'/uoa/scratch/users/r02hw22/MS_RNAseq/trimmed/fastqc_out/26_R1_001_val_1_fastqc.zip' -> '05_rnaseq/01_qc/fastqc/26_R1_001_val_1_fastqc.zip'
'/uoa/scratch/users/r02hw22/MS_RNAseq/trimmed/fastqc_out/26_R2_001_val_2_fastqc.html' -> '05_rnaseq/01_qc/fastqc/26_R2_001_val_2_fastqc.html'
'/uoa/scratch/users/r02hw22/MS_RNAseq/trimmed/fastqc_out/26_R2_001_val_2_fastqc.zip' -> '05_rnaseq/01_qc/fastqc/26_R2_001_val_2_fastqc.zip'
'/uoa/scratch/users/r02hw22/MS_RNAseq/trimmed/fastqc_out/27_R1_001_val_1_fastqc.html' -> '05_rnaseq/01_qc/fastqc/27_R1_001_val_1_fastqc.html'
'/uoa/scratch/users/r02hw22/MS_RNAseq/trimmed/fastqc_out/27_R1_001_val_1_fastqc.zip' -> '05_rnaseq/01_qc/fastqc/27_R1_001_val_1_fastqc.zip'
'/uoa/scratch/users/r02hw22/MS_RNAseq/trimmed/fastqc_out/27_R2_001_val_2_fastqc.html' -> '05_rnaseq/01_qc/fastqc/27_R2_001_val_2_fastqc.html'
'/uoa/scratch/users/r02hw22/MS_RNAseq/trimmed/fastqc_out/27_R2_001_val_2_fastqc.zip' -> '05_rnaseq/01_qc/fastqc/27_R2_001_val_2_fastqc.zip'
'/uoa/scratch/users/r02hw22/MS_RNAseq/trimmed/fastqc_out/28_R1_001_val_1_fastqc.html' -> '05_rnaseq/01_qc/fastqc/28_R1_001_val_1_fastqc.html'
'/uoa/scratch/users/r02hw22/MS_RNAseq/trimmed/fastqc_out/28_R1_001_val_1_fastqc.zip' -> '05_rnaseq/01_qc/fastqc/28_R1_001_val_1_fastqc.zip'
'/uoa/scratch/users/r02hw22/MS_RNAseq/trimmed/fastqc_out/28_R2_001_val_2_fastqc.html' -> '05_rnaseq/01_qc/fastqc/28_R2_001_val_2_fastqc.html'
'/uoa/scratch/users/r02hw22/MS_RNAseq/trimmed/fastqc_out/28_R2_001_val_2_fastqc.zip' -> '05_rnaseq/01_qc/fastqc/28_R2_001_val_2_fastqc.zip'
'/uoa/scratch/users/r02hw22/MS_RNAseq/trimmed/fastqc_out/2_R1_001_val_1_fastqc.html' -> '05_rnaseq/01_qc/fastqc/2_R1_001_val_1_fastqc.html'
'/uoa/scratch/users/r02hw22/MS_RNAseq/trimmed/fastqc_out/2_R1_001_val_1_fastqc.zip' -> '05_rnaseq/01_qc/fastqc/2_R1_001_val_1_fastqc.zip'
'/uoa/scratch/users/r02hw22/MS_RNAseq/trimmed/fastqc_out/2_R2_001_val_2_fastqc.html' -> '05_rnaseq/01_qc/fastqc/2_R2_001_val_2_fastqc.html'
'/uoa/scratch/users/r02hw22/MS_RNAseq/trimmed/fastqc_out/2_R2_001_val_2_fastqc.zip' -> '05_rnaseq/01_qc/fastqc/2_R2_001_val_2_fastqc.zip'
'/uoa/scratch/users/r02hw22/MS_RNAseq/trimmed/fastqc_out/30_R1_001_val_1_fastqc.html' -> '05_rnaseq/01_qc/fastqc/30_R1_001_val_1_fastqc.html'
'/uoa/scratch/users/r02hw22/MS_RNAseq/trimmed/fastqc_out/30_R1_001_val_1_fastqc.zip' -> '05_rnaseq/01_qc/fastqc/30_R1_001_val_1_fastqc.zip'
'/uoa/scratch/users/r02hw22/MS_RNAseq/trimmed/fastqc_out/30_R2_001_val_2_fastqc.html' -> '05_rnaseq/01_qc/fastqc/30_R2_001_val_2_fastqc.html'
'/uoa/scratch/users/r02hw22/MS_RNAseq/trimmed/fastqc_out/30_R2_001_val_2_fastqc.zip' -> '05_rnaseq/01_qc/fastqc/30_R2_001_val_2_fastqc.zip'
'/uoa/scratch/users/r02hw22/MS_RNAseq/trimmed/fastqc_out/31_R1_001_val_1_fastqc.html' -> '05_rnaseq/01_qc/fastqc/31_R1_001_val_1_fastqc.html'
'/uoa/scratch/users/r02hw22/MS_RNAseq/trimmed/fastqc_out/31_R1_001_val_1_fastqc.zip' -> '05_rnaseq/01_qc/fastqc/31_R1_001_val_1_fastqc.zip'
'/uoa/scratch/users/r02hw22/MS_RNAseq/trimmed/fastqc_out/31_R2_001_val_2_fastqc.html' -> '05_rnaseq/01_qc/fastqc/31_R2_001_val_2_fastqc.html'
'/uoa/scratch/users/r02hw22/MS_RNAseq/trimmed/fastqc_out/31_R2_001_val_2_fastqc.zip' -> '05_rnaseq/01_qc/fastqc/31_R2_001_val_2_fastqc.zip'
'/uoa/scratch/users/r02hw22/MS_RNAseq/trimmed/fastqc_out/34_R1_001_val_1_fastqc.html' -> '05_rnaseq/01_qc/fastqc/34_R1_001_val_1_fastqc.html'
'/uoa/scratch/users/r02hw22/MS_RNAseq/trimmed/fastqc_out/34_R1_001_val_1_fastqc.zip' -> '05_rnaseq/01_qc/fastqc/34_R1_001_val_1_fastqc.zip'
'/uoa/scratch/users/r02hw22/MS_RNAseq/trimmed/fastqc_out/34_R2_001_val_2_fastqc.html' -> '05_rnaseq/01_qc/fastqc/34_R2_001_val_2_fastqc.html'
'/uoa/scratch/users/r02hw22/MS_RNAseq/trimmed/fastqc_out/34_R2_001_val_2_fastqc.zip' -> '05_rnaseq/01_qc/fastqc/34_R2_001_val_2_fastqc.zip'
'/uoa/scratch/users/r02hw22/MS_RNAseq/trimmed/fastqc_out/36_R1_001_val_1_fastqc.html' -> '05_rnaseq/01_qc/fastqc/36_R1_001_val_1_fastqc.html'
'/uoa/scratch/users/r02hw22/MS_RNAseq/trimmed/fastqc_out/36_R1_001_val_1_fastqc.zip' -> '05_rnaseq/01_qc/fastqc/36_R1_001_val_1_fastqc.zip'
'/uoa/scratch/users/r02hw22/MS_RNAseq/trimmed/fastqc_out/36_R2_001_val_2_fastqc.html' -> '05_rnaseq/01_qc/fastqc/36_R2_001_val_2_fastqc.html'
'/uoa/scratch/users/r02hw22/MS_RNAseq/trimmed/fastqc_out/36_R2_001_val_2_fastqc.zip' -> '05_rnaseq/01_qc/fastqc/36_R2_001_val_2_fastqc.zip'
'/uoa/scratch/users/r02hw22/MS_RNAseq/trimmed/fastqc_out/4_R1_001_val_1_fastqc.html' -> '05_rnaseq/01_qc/fastqc/4_R1_001_val_1_fastqc.html'
'/uoa/scratch/users/r02hw22/MS_RNAseq/trimmed/fastqc_out/4_R1_001_val_1_fastqc.zip' -> '05_rnaseq/01_qc/fastqc/4_R1_001_val_1_fastqc.zip'
'/uoa/scratch/users/r02hw22/MS_RNAseq/trimmed/fastqc_out/4_R2_001_val_2_fastqc.html' -> '05_rnaseq/01_qc/fastqc/4_R2_001_val_2_fastqc.html'
'/uoa/scratch/users/r02hw22/MS_RNAseq/trimmed/fastqc_out/4_R2_001_val_2_fastqc.zip' -> '05_rnaseq/01_qc/fastqc/4_R2_001_val_2_fastqc.zip'
'/uoa/scratch/users/r02hw22/MS_RNAseq/trimmed/fastqc_out/50_R1_001_val_1_fastqc.html' -> '05_rnaseq/01_qc/fastqc/50_R1_001_val_1_fastqc.html'
'/uoa/scratch/users/r02hw22/MS_RNAseq/trimmed/fastqc_out/50_R1_001_val_1_fastqc.zip' -> '05_rnaseq/01_qc/fastqc/50_R1_001_val_1_fastqc.zip'
'/uoa/scratch/users/r02hw22/MS_RNAseq/trimmed/fastqc_out/50_R2_001_val_2_fastqc.html' -> '05_rnaseq/01_qc/fastqc/50_R2_001_val_2_fastqc.html'
'/uoa/scratch/users/r02hw22/MS_RNAseq/trimmed/fastqc_out/50_R2_001_val_2_fastqc.zip' -> '05_rnaseq/01_qc/fastqc/50_R2_001_val_2_fastqc.zip'
'/uoa/scratch/users/r02hw22/MS_RNAseq/trimmed/fastqc_out/5_R1_001_val_1_fastqc.html' -> '05_rnaseq/01_qc/fastqc/5_R1_001_val_1_fastqc.html'
'/uoa/scratch/users/r02hw22/MS_RNAseq/trimmed/fastqc_out/5_R1_001_val_1_fastqc.zip' -> '05_rnaseq/01_qc/fastqc/5_R1_001_val_1_fastqc.zip'
'/uoa/scratch/users/r02hw22/MS_RNAseq/trimmed/fastqc_out/5_R2_001_val_2_fastqc.html' -> '05_rnaseq/01_qc/fastqc/5_R2_001_val_2_fastqc.html'
'/uoa/scratch/users/r02hw22/MS_RNAseq/trimmed/fastqc_out/5_R2_001_val_2_fastqc.zip' -> '05_rnaseq/01_qc/fastqc/5_R2_001_val_2_fastqc.zip'
'/uoa/scratch/users/r02hw22/MS_RNAseq/trimmed/fastqc_out/6_R1_001_val_1_fastqc.html' -> '05_rnaseq/01_qc/fastqc/6_R1_001_val_1_fastqc.html'
'/uoa/scratch/users/r02hw22/MS_RNAseq/trimmed/fastqc_out/6_R1_001_val_1_fastqc.zip' -> '05_rnaseq/01_qc/fastqc/6_R1_001_val_1_fastqc.zip'
'/uoa/scratch/users/r02hw22/MS_RNAseq/trimmed/fastqc_out/6_R2_001_val_2_fastqc.html' -> '05_rnaseq/01_qc/fastqc/6_R2_001_val_2_fastqc.html'
'/uoa/scratch/users/r02hw22/MS_RNAseq/trimmed/fastqc_out/6_R2_001_val_2_fastqc.zip' -> '05_rnaseq/01_qc/fastqc/6_R2_001_val_2_fastqc.zip'
'/uoa/scratch/users/r02hw22/MS_RNAseq/trimmed/fastqc_out/7_R1_001_val_1_fastqc.html' -> '05_rnaseq/01_qc/fastqc/7_R1_001_val_1_fastqc.html'
'/uoa/scratch/users/r02hw22/MS_RNAseq/trimmed/fastqc_out/7_R1_001_val_1_fastqc.zip' -> '05_rnaseq/01_qc/fastqc/7_R1_001_val_1_fastqc.zip'
'/uoa/scratch/users/r02hw22/MS_RNAseq/trimmed/fastqc_out/7_R2_001_val_2_fastqc.html' -> '05_rnaseq/01_qc/fastqc/7_R2_001_val_2_fastqc.html'
'/uoa/scratch/users/r02hw22/MS_RNAseq/trimmed/fastqc_out/7_R2_001_val_2_fastqc.zip' -> '05_rnaseq/01_qc/fastqc/7_R2_001_val_2_fastqc.zip'
'/uoa/scratch/users/r02hw22/MS_RNAseq/trimmed/fastqc_out/8_R1_001_val_1_fastqc.html' -> '05_rnaseq/01_qc/fastqc/8_R1_001_val_1_fastqc.html'
'/uoa/scratch/users/r02hw22/MS_RNAseq/trimmed/fastqc_out/8_R1_001_val_1_fastqc.zip' -> '05_rnaseq/01_qc/fastqc/8_R1_001_val_1_fastqc.zip'
'/uoa/scratch/users/r02hw22/MS_RNAseq/trimmed/fastqc_out/8_R2_001_val_2_fastqc.html' -> '05_rnaseq/01_qc/fastqc/8_R2_001_val_2_fastqc.html'
'/uoa/scratch/users/r02hw22/MS_RNAseq/trimmed/fastqc_out/8_R2_001_val_2_fastqc.zip' -> '05_rnaseq/01_qc/fastqc/8_R2_001_val_2_fastqc.zip'
'/uoa/scratch/users/r02hw22/MS_RNAseq/trimmed/fastqc_out/9_R1_001_val_1_fastqc.html' -> '05_rnaseq/01_qc/fastqc/9_R1_001_val_1_fastqc.html'
'/uoa/scratch/users/r02hw22/MS_RNAseq/trimmed/fastqc_out/9_R1_001_val_1_fastqc.zip' -> '05_rnaseq/01_qc/fastqc/9_R1_001_val_1_fastqc.zip'
'/uoa/scratch/users/r02hw22/MS_RNAseq/trimmed/fastqc_out/9_R2_001_val_2_fastqc.html' -> '05_rnaseq/01_qc/fastqc/9_R2_001_val_2_fastqc.html'
'/uoa/scratch/users/r02hw22/MS_RNAseq/trimmed/fastqc_out/9_R2_001_val_2_fastqc.zip' -> '05_rnaseq/01_qc/fastqc/9_R2_001_val_2_fastqc.zip'
'/uoa/scratch/users/r02hw22/MS_RNAseq/trimmed/fastqc_out/10_R1_001_val_1_fastqc.html' -> '05_rnaseq/01_qc/fastqc/10_R1_001_val_1_fastqc.html'
'/uoa/scratch/users/r02hw22/MS_RNAseq/trimmed/fastqc_out/10_R1_001_val_1_fastqc.zip' -> '05_rnaseq/01_qc/fastqc/10_R1_001_val_1_fastqc.zip'
'/uoa/scratch/users/r02hw22/MS_RNAseq/trimmed/fastqc_out/10_R2_001_val_2_fastqc.html' -> '05_rnaseq/01_qc/fastqc/10_R2_001_val_2_fastqc.html'
'/uoa/scratch/users/r02hw22/MS_RNAseq/trimmed/fastqc_out/10_R2_001_val_2_fastqc.zip' -> '05_rnaseq/01_qc/fastqc/10_R2_001_val_2_fastqc.zip'
'/uoa/scratch/users/r02hw22/MS_RNAseq/trimmed/fastqc_out/11_R1_001_val_1_fastqc.html' -> '05_rnaseq/01_qc/fastqc/11_R1_001_val_1_fastqc.html'
'/uoa/scratch/users/r02hw22/MS_RNAseq/trimmed/fastqc_out/11_R1_001_val_1_fastqc.zip' -> '05_rnaseq/01_qc/fastqc/11_R1_001_val_1_fastqc.zip'
'/uoa/scratch/users/r02hw22/MS_RNAseq/trimmed/fastqc_out/11_R2_001_val_2_fastqc.html' -> '05_rnaseq/01_qc/fastqc/11_R2_001_val_2_fastqc.html'
'/uoa/scratch/users/r02hw22/MS_RNAseq/trimmed/fastqc_out/11_R2_001_val_2_fastqc.zip' -> '05_rnaseq/01_qc/fastqc/11_R2_001_val_2_fastqc.zip'
'/uoa/scratch/users/r02hw22/MS_RNAseq/trimmed/fastqc_out/12_R1_001_val_1_fastqc.html' -> '05_rnaseq/01_qc/fastqc/12_R1_001_val_1_fastqc.html'
'/uoa/scratch/users/r02hw22/MS_RNAseq/trimmed/fastqc_out/12_R1_001_val_1_fastqc.zip' -> '05_rnaseq/01_qc/fastqc/12_R1_001_val_1_fastqc.zip'
'/uoa/scratch/users/r02hw22/MS_RNAseq/trimmed/fastqc_out/12_R2_001_val_2_fastqc.html' -> '05_rnaseq/01_qc/fastqc/12_R2_001_val_2_fastqc.html'
'/uoa/scratch/users/r02hw22/MS_RNAseq/trimmed/fastqc_out/12_R2_001_val_2_fastqc.zip' -> '05_rnaseq/01_qc/fastqc/12_R2_001_val_2_fastqc.zip'
'/uoa/scratch/users/r02hw22/MS_RNAseq/trimmed/fastqc_out/13_R1_001_val_1_fastqc.html' -> '05_rnaseq/01_qc/fastqc/13_R1_001_val_1_fastqc.html'
'/uoa/scratch/users/r02hw22/MS_RNAseq/trimmed/fastqc_out/13_R1_001_val_1_fastqc.zip' -> '05_rnaseq/01_qc/fastqc/13_R1_001_val_1_fastqc.zip'
'/uoa/scratch/users/r02hw22/MS_RNAseq/trimmed/fastqc_out/13_R2_001_val_2_fastqc.html' -> '05_rnaseq/01_qc/fastqc/13_R2_001_val_2_fastqc.html'
'/uoa/scratch/users/r02hw22/MS_RNAseq/trimmed/fastqc_out/13_R2_001_val_2_fastqc.zip' -> '05_rnaseq/01_qc/fastqc/13_R2_001_val_2_fastqc.zip'
'/uoa/scratch/users/r02hw22/MS_RNAseq/trimmed/fastqc_out/14_R1_001_val_1_fastqc.html' -> '05_rnaseq/01_qc/fastqc/14_R1_001_val_1_fastqc.html'
'/uoa/scratch/users/r02hw22/MS_RNAseq/trimmed/fastqc_out/14_R1_001_val_1_fastqc.zip' -> '05_rnaseq/01_qc/fastqc/14_R1_001_val_1_fastqc.zip'
'/uoa/scratch/users/r02hw22/MS_RNAseq/trimmed/fastqc_out/14_R2_001_val_2_fastqc.html' -> '05_rnaseq/01_qc/fastqc/14_R2_001_val_2_fastqc.html'
'/uoa/scratch/users/r02hw22/MS_RNAseq/trimmed/fastqc_out/14_R2_001_val_2_fastqc.zip' -> '05_rnaseq/01_qc/fastqc/14_R2_001_val_2_fastqc.zip'
'/uoa/scratch/users/r02hw22/MS_RNAseq/trimmed/fastqc_out/15_R1_001_val_1_fastqc.html' -> '05_rnaseq/01_qc/fastqc/15_R1_001_val_1_fastqc.html'
'/uoa/scratch/users/r02hw22/MS_RNAseq/trimmed/fastqc_out/15_R1_001_val_1_fastqc.zip' -> '05_rnaseq/01_qc/fastqc/15_R1_001_val_1_fastqc.zip'
'/uoa/scratch/users/r02hw22/MS_RNAseq/trimmed/fastqc_out/15_R2_001_val_2_fastqc.html' -> '05_rnaseq/01_qc/fastqc/15_R2_001_val_2_fastqc.html'
'/uoa/scratch/users/r02hw22/MS_RNAseq/trimmed/fastqc_out/15_R2_001_val_2_fastqc.zip' -> '05_rnaseq/01_qc/fastqc/15_R2_001_val_2_fastqc.zip'
'/uoa/scratch/users/r02hw22/MS_RNAseq/trimmed/fastqc_out/16_R1_001_val_1_fastqc.html' -> '05_rnaseq/01_qc/fastqc/16_R1_001_val_1_fastqc.html'
'/uoa/scratch/users/r02hw22/MS_RNAseq/trimmed/fastqc_out/16_R1_001_val_1_fastqc.zip' -> '05_rnaseq/01_qc/fastqc/16_R1_001_val_1_fastqc.zip'
'/uoa/scratch/users/r02hw22/MS_RNAseq/trimmed/fastqc_out/16_R2_001_val_2_fastqc.html' -> '05_rnaseq/01_qc/fastqc/16_R2_001_val_2_fastqc.html'
'/uoa/scratch/users/r02hw22/MS_RNAseq/trimmed/fastqc_out/16_R2_001_val_2_fastqc.zip' -> '05_rnaseq/01_qc/fastqc/16_R2_001_val_2_fastqc.zip'
'/uoa/scratch/users/r02hw22/MS_RNAseq/trimmed/fastqc_out/17_R1_001_val_1_fastqc.html' -> '05_rnaseq/01_qc/fastqc/17_R1_001_val_1_fastqc.html'
'/uoa/scratch/users/r02hw22/MS_RNAseq/trimmed/fastqc_out/17_R1_001_val_1_fastqc.zip' -> '05_rnaseq/01_qc/fastqc/17_R1_001_val_1_fastqc.zip'
'/uoa/scratch/users/r02hw22/MS_RNAseq/trimmed/fastqc_out/17_R2_001_val_2_fastqc.html' -> '05_rnaseq/01_qc/fastqc/17_R2_001_val_2_fastqc.html'
'/uoa/scratch/users/r02hw22/MS_RNAseq/trimmed/fastqc_out/17_R2_001_val_2_fastqc.zip' -> '05_rnaseq/01_qc/fastqc/17_R2_001_val_2_fastqc.zip'
'/uoa/scratch/users/r02hw22/MS_RNAseq/trimmed/fastqc_out/18_R1_001_val_1_fastqc.html' -> '05_rnaseq/01_qc/fastqc/18_R1_001_val_1_fastqc.html'
'/uoa/scratch/users/r02hw22/MS_RNAseq/trimmed/fastqc_out/18_R1_001_val_1_fastqc.zip' -> '05_rnaseq/01_qc/fastqc/18_R1_001_val_1_fastqc.zip'
'/uoa/scratch/users/r02hw22/MS_RNAseq/trimmed/fastqc_out/18_R2_001_val_2_fastqc.html' -> '05_rnaseq/01_qc/fastqc/18_R2_001_val_2_fastqc.html'
'/uoa/scratch/users/r02hw22/MS_RNAseq/trimmed/fastqc_out/18_R2_001_val_2_fastqc.zip' -> '05_rnaseq/01_qc/fastqc/18_R2_001_val_2_fastqc.zip'
'/uoa/scratch/users/r02hw22/MS_RNAseq/trimmed/fastqc_out/19_R1_001_val_1_fastqc.html' -> '05_rnaseq/01_qc/fastqc/19_R1_001_val_1_fastqc.html'
'/uoa/scratch/users/r02hw22/MS_RNAseq/trimmed/fastqc_out/19_R1_001_val_1_fastqc.zip' -> '05_rnaseq/01_qc/fastqc/19_R1_001_val_1_fastqc.zip'
'/uoa/scratch/users/r02hw22/MS_RNAseq/trimmed/fastqc_out/19_R2_001_val_2_fastqc.html' -> '05_rnaseq/01_qc/fastqc/19_R2_001_val_2_fastqc.html'
'/uoa/scratch/users/r02hw22/MS_RNAseq/trimmed/fastqc_out/19_R2_001_val_2_fastqc.zip' -> '05_rnaseq/01_qc/fastqc/19_R2_001_val_2_fastqc.zip'
'/uoa/scratch/users/r02hw22/MS_RNAseq/trimmed/fastqc_out/1_R1_001_val_1_fastqc.html' -> '05_rnaseq/01_qc/fastqc/1_R1_001_val_1_fastqc.html'
'/uoa/scratch/users/r02hw22/MS_RNAseq/trimmed/fastqc_out/1_R1_001_val_1_fastqc.zip' -> '05_rnaseq/01_qc/fastqc/1_R1_001_val_1_fastqc.zip'
'/uoa/scratch/users/r02hw22/MS_RNAseq/trimmed/fastqc_out/1_R2_001_val_2_fastqc.html' -> '05_rnaseq/01_qc/fastqc/1_R2_001_val_2_fastqc.html'
'/uoa/scratch/users/r02hw22/MS_RNAseq/trimmed/fastqc_out/1_R2_001_val_2_fastqc.zip' -> '05_rnaseq/01_qc/fastqc/1_R2_001_val_2_fastqc.zip'
'/uoa/scratch/users/r02hw22/MS_RNAseq/trimmed/fastqc_out/20_R1_001_val_1_fastqc.html' -> '05_rnaseq/01_qc/fastqc/20_R1_001_val_1_fastqc.html'
'/uoa/scratch/users/r02hw22/MS_RNAseq/trimmed/fastqc_out/20_R1_001_val_1_fastqc.zip' -> '05_rnaseq/01_qc/fastqc/20_R1_001_val_1_fastqc.zip'
'/uoa/scratch/users/r02hw22/MS_RNAseq/trimmed/fastqc_out/20_R2_001_val_2_fastqc.html' -> '05_rnaseq/01_qc/fastqc/20_R2_001_val_2_fastqc.html'
'/uoa/scratch/users/r02hw22/MS_RNAseq/trimmed/fastqc_out/20_R2_001_val_2_fastqc.zip' -> '05_rnaseq/01_qc/fastqc/20_R2_001_val_2_fastqc.zip'
'/uoa/scratch/users/r02hw22/MS_RNAseq/trimmed/fastqc_out/21_R1_001_val_1_fastqc.html' -> '05_rnaseq/01_qc/fastqc/21_R1_001_val_1_fastqc.html'
'/uoa/scratch/users/r02hw22/MS_RNAseq/trimmed/fastqc_out/21_R1_001_val_1_fastqc.zip' -> '05_rnaseq/01_qc/fastqc/21_R1_001_val_1_fastqc.zip'
'/uoa/scratch/users/r02hw22/MS_RNAseq/trimmed/fastqc_out/21_R2_001_val_2_fastqc.html' -> '05_rnaseq/01_qc/fastqc/21_R2_001_val_2_fastqc.html'
'/uoa/scratch/users/r02hw22/MS_RNAseq/trimmed/fastqc_out/21_R2_001_val_2_fastqc.zip' -> '05_rnaseq/01_qc/fastqc/21_R2_001_val_2_fastqc.zip'
'/uoa/scratch/users/r02hw22/MS_RNAseq/trimmed/fastqc_out/22_R1_001_val_1_fastqc.html' -> '05_rnaseq/01_qc/fastqc/22_R1_001_val_1_fastqc.html'
'/uoa/scratch/users/r02hw22/MS_RNAseq/trimmed/fastqc_out/22_R1_001_val_1_fastqc.zip' -> '05_rnaseq/01_qc/fastqc/22_R1_001_val_1_fastqc.zip'
'/uoa/scratch/users/r02hw22/MS_RNAseq/trimmed/fastqc_out/22_R2_001_val_2_fastqc.html' -> '05_rnaseq/01_qc/fastqc/22_R2_001_val_2_fastqc.html'
'/uoa/scratch/users/r02hw22/MS_RNAseq/trimmed/fastqc_out/22_R2_001_val_2_fastqc.zip' -> '05_rnaseq/01_qc/fastqc/22_R2_001_val_2_fastqc.zip'
'/uoa/scratch/users/r02hw22/MS_RNAseq/trimmed/fastqc_out/23_R1_001_val_1_fastqc.html' -> '05_rnaseq/01_qc/fastqc/23_R1_001_val_1_fastqc.html'
'/uoa/scratch/users/r02hw22/MS_RNAseq/trimmed/fastqc_out/23_R1_001_val_1_fastqc.zip' -> '05_rnaseq/01_qc/fastqc/23_R1_001_val_1_fastqc.zip'
'/uoa/scratch/users/r02hw22/MS_RNAseq/trimmed/fastqc_out/23_R2_001_val_2_fastqc.html' -> '05_rnaseq/01_qc/fastqc/23_R2_001_val_2_fastqc.html'
'/uoa/scratch/users/r02hw22/MS_RNAseq/trimmed/fastqc_out/23_R2_001_val_2_fastqc.zip' -> '05_rnaseq/01_qc/fastqc/23_R2_001_val_2_fastqc.zip'
'/uoa/scratch/users/r02hw22/MS_RNAseq/trimmed/fastqc_out/24_R1_001_val_1_fastqc.html' -> '05_rnaseq/01_qc/fastqc/24_R1_001_val_1_fastqc.html'
'/uoa/scratch/users/r02hw22/MS_RNAseq/trimmed/fastqc_out/24_R1_001_val_1_fastqc.zip' -> '05_rnaseq/01_qc/fastqc/24_R1_001_val_1_fastqc.zip'
'/uoa/scratch/users/r02hw22/MS_RNAseq/trimmed/fastqc_out/24_R2_001_val_2_fastqc.html' -> '05_rnaseq/01_qc/fastqc/24_R2_001_val_2_fastqc.html'
'/uoa/scratch/users/r02hw22/MS_RNAseq/trimmed/fastqc_out/24_R2_001_val_2_fastqc.zip' -> '05_rnaseq/01_qc/fastqc/24_R2_001_val_2_fastqc.zip'
'/uoa/scratch/users/r02hw22/MS_RNAseq/trimmed/fastqc_out/25_R1_001_val_1_fastqc.html' -> '05_rnaseq/01_qc/fastqc/25_R1_001_val_1_fastqc.html'
'/uoa/scratch/users/r02hw22/MS_RNAseq/trimmed/fastqc_out/25_R1_001_val_1_fastqc.zip' -> '05_rnaseq/01_qc/fastqc/25_R1_001_val_1_fastqc.zip'
'/uoa/scratch/users/r02hw22/MS_RNAseq/trimmed/fastqc_out/25_R2_001_val_2_fastqc.html' -> '05_rnaseq/01_qc/fastqc/25_R2_001_val_2_fastqc.html'
'/uoa/scratch/users/r02hw22/MS_RNAseq/trimmed/fastqc_out/25_R2_001_val_2_fastqc.zip' -> '05_rnaseq/01_qc/fastqc/25_R2_001_val_2_fastqc.zip'
'/uoa/scratch/users/r02hw22/MS_RNAseq/trimmed/fastqc_out/26_R1_001_val_1_fastqc.html' -> '05_rnaseq/01_qc/fastqc/26_R1_001_val_1_fastqc.html'
'/uoa/scratch/users/r02hw22/MS_RNAseq/trimmed/fastqc_out/26_R1_001_val_1_fastqc.zip' -> '05_rnaseq/01_qc/fastqc/26_R1_001_val_1_fastqc.zip'
'/uoa/scratch/users/r02hw22/MS_RNAseq/trimmed/fastqc_out/26_R2_001_val_2_fastqc.html' -> '05_rnaseq/01_qc/fastqc/26_R2_001_val_2_fastqc.html'
'/uoa/scratch/users/r02hw22/MS_RNAseq/trimmed/fastqc_out/26_R2_001_val_2_fastqc.zip' -> '05_rnaseq/01_qc/fastqc/26_R2_001_val_2_fastqc.zip'
'/uoa/scratch/users/r02hw22/MS_RNAseq/trimmed/fastqc_out/27_R1_001_val_1_fastqc.html' -> '05_rnaseq/01_qc/fastqc/27_R1_001_val_1_fastqc.html'
'/uoa/scratch/users/r02hw22/MS_RNAseq/trimmed/fastqc_out/27_R1_001_val_1_fastqc.zip' -> '05_rnaseq/01_qc/fastqc/27_R1_001_val_1_fastqc.zip'
'/uoa/scratch/users/r02hw22/MS_RNAseq/trimmed/fastqc_out/27_R2_001_val_2_fastqc.html' -> '05_rnaseq/01_qc/fastqc/27_R2_001_val_2_fastqc.html'
'/uoa/scratch/users/r02hw22/MS_RNAseq/trimmed/fastqc_out/27_R2_001_val_2_fastqc.zip' -> '05_rnaseq/01_qc/fastqc/27_R2_001_val_2_fastqc.zip'
'/uoa/scratch/users/r02hw22/MS_RNAseq/trimmed/fastqc_out/28_R1_001_val_1_fastqc.html' -> '05_rnaseq/01_qc/fastqc/28_R1_001_val_1_fastqc.html'
'/uoa/scratch/users/r02hw22/MS_RNAseq/trimmed/fastqc_out/28_R1_001_val_1_fastqc.zip' -> '05_rnaseq/01_qc/fastqc/28_R1_001_val_1_fastqc.zip'
'/uoa/scratch/users/r02hw22/MS_RNAseq/trimmed/fastqc_out/28_R2_001_val_2_fastqc.html' -> '05_rnaseq/01_qc/fastqc/28_R2_001_val_2_fastqc.html'
'/uoa/scratch/users/r02hw22/MS_RNAseq/trimmed/fastqc_out/28_R2_001_val_2_fastqc.zip' -> '05_rnaseq/01_qc/fastqc/28_R2_001_val_2_fastqc.zip'
'/uoa/scratch/users/r02hw22/MS_RNAseq/trimmed/fastqc_out/2_R1_001_val_1_fastqc.html' -> '05_rnaseq/01_qc/fastqc/2_R1_001_val_1_fastqc.html'
'/uoa/scratch/users/r02hw22/MS_RNAseq/trimmed/fastqc_out/2_R1_001_val_1_fastqc.zip' -> '05_rnaseq/01_qc/fastqc/2_R1_001_val_1_fastqc.zip'
'/uoa/scratch/users/r02hw22/MS_RNAseq/trimmed/fastqc_out/2_R2_001_val_2_fastqc.html' -> '05_rnaseq/01_qc/fastqc/2_R2_001_val_2_fastqc.html'
'/uoa/scratch/users/r02hw22/MS_RNAseq/trimmed/fastqc_out/2_R2_001_val_2_fastqc.zip' -> '05_rnaseq/01_qc/fastqc/2_R2_001_val_2_fastqc.zip'
'/uoa/scratch/users/r02hw22/MS_RNAseq/trimmed/fastqc_out/30_R1_001_val_1_fastqc.html' -> '05_rnaseq/01_qc/fastqc/30_R1_001_val_1_fastqc.html'
'/uoa/scratch/users/r02hw22/MS_RNAseq/trimmed/fastqc_out/30_R1_001_val_1_fastqc.zip' -> '05_rnaseq/01_qc/fastqc/30_R1_001_val_1_fastqc.zip'
'/uoa/scratch/users/r02hw22/MS_RNAseq/trimmed/fastqc_out/30_R2_001_val_2_fastqc.html' -> '05_rnaseq/01_qc/fastqc/30_R2_001_val_2_fastqc.html'
'/uoa/scratch/users/r02hw22/MS_RNAseq/trimmed/fastqc_out/30_R2_001_val_2_fastqc.zip' -> '05_rnaseq/01_qc/fastqc/30_R2_001_val_2_fastqc.zip'
'/uoa/scratch/users/r02hw22/MS_RNAseq/trimmed/fastqc_out/31_R1_001_val_1_fastqc.html' -> '05_rnaseq/01_qc/fastqc/31_R1_001_val_1_fastqc.html'
'/uoa/scratch/users/r02hw22/MS_RNAseq/trimmed/fastqc_out/31_R1_001_val_1_fastqc.zip' -> '05_rnaseq/01_qc/fastqc/31_R1_001_val_1_fastqc.zip'
'/uoa/scratch/users/r02hw22/MS_RNAseq/trimmed/fastqc_out/31_R2_001_val_2_fastqc.html' -> '05_rnaseq/01_qc/fastqc/31_R2_001_val_2_fastqc.html'
'/uoa/scratch/users/r02hw22/MS_RNAseq/trimmed/fastqc_out/31_R2_001_val_2_fastqc.zip' -> '05_rnaseq/01_qc/fastqc/31_R2_001_val_2_fastqc.zip'
'/uoa/scratch/users/r02hw22/MS_RNAseq/trimmed/fastqc_out/34_R1_001_val_1_fastqc.html' -> '05_rnaseq/01_qc/fastqc/34_R1_001_val_1_fastqc.html'
'/uoa/scratch/users/r02hw22/MS_RNAseq/trimmed/fastqc_out/34_R1_001_val_1_fastqc.zip' -> '05_rnaseq/01_qc/fastqc/34_R1_001_val_1_fastqc.zip'
'/uoa/scratch/users/r02hw22/MS_RNAseq/trimmed/fastqc_out/34_R2_001_val_2_fastqc.html' -> '05_rnaseq/01_qc/fastqc/34_R2_001_val_2_fastqc.html'
'/uoa/scratch/users/r02hw22/MS_RNAseq/trimmed/fastqc_out/34_R2_001_val_2_fastqc.zip' -> '05_rnaseq/01_qc/fastqc/34_R2_001_val_2_fastqc.zip'
'/uoa/scratch/users/r02hw22/MS_RNAseq/trimmed/fastqc_out/36_R1_001_val_1_fastqc.html' -> '05_rnaseq/01_qc/fastqc/36_R1_001_val_1_fastqc.html'
'/uoa/scratch/users/r02hw22/MS_RNAseq/trimmed/fastqc_out/36_R1_001_val_1_fastqc.zip' -> '05_rnaseq/01_qc/fastqc/36_R1_001_val_1_fastqc.zip'
'/uoa/scratch/users/r02hw22/MS_RNAseq/trimmed/fastqc_out/36_R2_001_val_2_fastqc.html' -> '05_rnaseq/01_qc/fastqc/36_R2_001_val_2_fastqc.html'
'/uoa/scratch/users/r02hw22/MS_RNAseq/trimmed/fastqc_out/36_R2_001_val_2_fastqc.zip' -> '05_rnaseq/01_qc/fastqc/36_R2_001_val_2_fastqc.zip'
'/uoa/scratch/users/r02hw22/MS_RNAseq/trimmed/fastqc_out/4_R1_001_val_1_fastqc.html' -> '05_rnaseq/01_qc/fastqc/4_R1_001_val_1_fastqc.html'
'/uoa/scratch/users/r02hw22/MS_RNAseq/trimmed/fastqc_out/4_R1_001_val_1_fastqc.zip' -> '05_rnaseq/01_qc/fastqc/4_R1_001_val_1_fastqc.zip'
'/uoa/scratch/users/r02hw22/MS_RNAseq/trimmed/fastqc_out/4_R2_001_val_2_fastqc.html' -> '05_rnaseq/01_qc/fastqc/4_R2_001_val_2_fastqc.html'
'/uoa/scratch/users/r02hw22/MS_RNAseq/trimmed/fastqc_out/4_R2_001_val_2_fastqc.zip' -> '05_rnaseq/01_qc/fastqc/4_R2_001_val_2_fastqc.zip'
'/uoa/scratch/users/r02hw22/MS_RNAseq/trimmed/fastqc_out/50_R1_001_val_1_fastqc.html' -> '05_rnaseq/01_qc/fastqc/50_R1_001_val_1_fastqc.html'
'/uoa/scratch/users/r02hw22/MS_RNAseq/trimmed/fastqc_out/50_R1_001_val_1_fastqc.zip' -> '05_rnaseq/01_qc/fastqc/50_R1_001_val_1_fastqc.zip'
'/uoa/scratch/users/r02hw22/MS_RNAseq/trimmed/fastqc_out/50_R2_001_val_2_fastqc.html' -> '05_rnaseq/01_qc/fastqc/50_R2_001_val_2_fastqc.html'
'/uoa/scratch/users/r02hw22/MS_RNAseq/trimmed/fastqc_out/50_R2_001_val_2_fastqc.zip' -> '05_rnaseq/01_qc/fastqc/50_R2_001_val_2_fastqc.zip'
'/uoa/scratch/users/r02hw22/MS_RNAseq/trimmed/fastqc_out/5_R1_001_val_1_fastqc.html' -> '05_rnaseq/01_qc/fastqc/5_R1_001_val_1_fastqc.html'
'/uoa/scratch/users/r02hw22/MS_RNAseq/trimmed/fastqc_out/5_R1_001_val_1_fastqc.zip' -> '05_rnaseq/01_qc/fastqc/5_R1_001_val_1_fastqc.zip'
'/uoa/scratch/users/r02hw22/MS_RNAseq/trimmed/fastqc_out/5_R2_001_val_2_fastqc.html' -> '05_rnaseq/01_qc/fastqc/5_R2_001_val_2_fastqc.html'
'/uoa/scratch/users/r02hw22/MS_RNAseq/trimmed/fastqc_out/5_R2_001_val_2_fastqc.zip' -> '05_rnaseq/01_qc/fastqc/5_R2_001_val_2_fastqc.zip'
'/uoa/scratch/users/r02hw22/MS_RNAseq/trimmed/fastqc_out/6_R1_001_val_1_fastqc.html' -> '05_rnaseq/01_qc/fastqc/6_R1_001_val_1_fastqc.html'
'/uoa/scratch/users/r02hw22/MS_RNAseq/trimmed/fastqc_out/6_R1_001_val_1_fastqc.zip' -> '05_rnaseq/01_qc/fastqc/6_R1_001_val_1_fastqc.zip'
'/uoa/scratch/users/r02hw22/MS_RNAseq/trimmed/fastqc_out/6_R2_001_val_2_fastqc.html' -> '05_rnaseq/01_qc/fastqc/6_R2_001_val_2_fastqc.html'
'/uoa/scratch/users/r02hw22/MS_RNAseq/trimmed/fastqc_out/6_R2_001_val_2_fastqc.zip' -> '05_rnaseq/01_qc/fastqc/6_R2_001_val_2_fastqc.zip'
'/uoa/scratch/users/r02hw22/MS_RNAseq/trimmed/fastqc_out/7_R1_001_val_1_fastqc.html' -> '05_rnaseq/01_qc/fastqc/7_R1_001_val_1_fastqc.html'
'/uoa/scratch/users/r02hw22/MS_RNAseq/trimmed/fastqc_out/7_R1_001_val_1_fastqc.zip' -> '05_rnaseq/01_qc/fastqc/7_R1_001_val_1_fastqc.zip'
'/uoa/scratch/users/r02hw22/MS_RNAseq/trimmed/fastqc_out/7_R2_001_val_2_fastqc.html' -> '05_rnaseq/01_qc/fastqc/7_R2_001_val_2_fastqc.html'
'/uoa/scratch/users/r02hw22/MS_RNAseq/trimmed/fastqc_out/7_R2_001_val_2_fastqc.zip' -> '05_rnaseq/01_qc/fastqc/7_R2_001_val_2_fastqc.zip'
'/uoa/scratch/users/r02hw22/MS_RNAseq/trimmed/fastqc_out/8_R1_001_val_1_fastqc.html' -> '05_rnaseq/01_qc/fastqc/8_R1_001_val_1_fastqc.html'
'/uoa/scratch/users/r02hw22/MS_RNAseq/trimmed/fastqc_out/8_R1_001_val_1_fastqc.zip' -> '05_rnaseq/01_qc/fastqc/8_R1_001_val_1_fastqc.zip'
'/uoa/scratch/users/r02hw22/MS_RNAseq/trimmed/fastqc_out/8_R2_001_val_2_fastqc.html' -> '05_rnaseq/01_qc/fastqc/8_R2_001_val_2_fastqc.html'
'/uoa/scratch/users/r02hw22/MS_RNAseq/trimmed/fastqc_out/8_R2_001_val_2_fastqc.zip' -> '05_rnaseq/01_qc/fastqc/8_R2_001_val_2_fastqc.zip'
'/uoa/scratch/users/r02hw22/MS_RNAseq/trimmed/fastqc_out/9_R1_001_val_1_fastqc.html' -> '05_rnaseq/01_qc/fastqc/9_R1_001_val_1_fastqc.html'
'/uoa/scratch/users/r02hw22/MS_RNAseq/trimmed/fastqc_out/9_R1_001_val_1_fastqc.zip' -> '05_rnaseq/01_qc/fastqc/9_R1_001_val_1_fastqc.zip'
'/uoa/scratch/users/r02hw22/MS_RNAseq/trimmed/fastqc_out/9_R2_001_val_2_fastqc.html' -> '05_rnaseq/01_qc/fastqc/9_R2_001_val_2_fastqc.html'
'/uoa/scratch/users/r02hw22/MS_RNAseq/trimmed/fastqc_out/9_R2_001_val_2_fastqc.zip' -> '05_rnaseq/01_qc/fastqc/9_R2_001_val_2_fastqc.zip'
'/uoa/scratch/users/r02hw22/MS_RNAseq/trimmed/multiqc_out/multiqc_data' -> '05_rnaseq/01_qc/multiqc/multiqc_data'
'/uoa/scratch/users/r02hw22/MS_RNAseq/trimmed/multiqc_out/multiqc_data/multiqc_fastqc.txt' -> '05_rnaseq/01_qc/multiqc/multiqc_data/multiqc_fastqc.txt'
'/uoa/scratch/users/r02hw22/MS_RNAseq/trimmed/multiqc_out/multiqc_data/multiqc.log' -> '05_rnaseq/01_qc/multiqc/multiqc_data/multiqc.log'
'/uoa/scratch/users/r02hw22/MS_RNAseq/trimmed/multiqc_out/multiqc_data/multiqc_sources.txt' -> '05_rnaseq/01_qc/multiqc/multiqc_data/multiqc_sources.txt'
'/uoa/scratch/users/r02hw22/MS_RNAseq/trimmed/multiqc_out/multiqc_data/multiqc_data.json' -> '05_rnaseq/01_qc/multiqc/multiqc_data/multiqc_data.json'
'/uoa/scratch/users/r02hw22/MS_RNAseq/trimmed/multiqc_out/multiqc_data/multiqc_general_stats.txt' -> '05_rnaseq/01_qc/multiqc/multiqc_data/multiqc_general_stats.txt'
'/uoa/scratch/users/r02hw22/MS_RNAseq/trimmed/multiqc_out/multiqc_data/multiqc_citations.txt' -> '05_rnaseq/01_qc/multiqc/multiqc_data/multiqc_citations.txt'
'/uoa/scratch/users/r02hw22/MS_RNAseq/trimmed/multiqc_out/multiqc_report.html' -> '05_rnaseq/01_qc/multiqc/multiqc_report.html'
