diamond v2.1.10.164 (C) Max Planck Society for the Advancement of Science, Benjamin Buchfink, University of Tuebingen
Documentation, support and updates available at http://www.diamondsearch.org
Please cite: http://dx.doi.org/10.1038/s41592-021-01101-x Nature Methods (2021)

#CPU threads: 40
Scoring parameters: (Matrix=BLOSUM62 Lambda=0.267 K=0.041 Penalties=11/1)
Database input file: 02_annotation/reference_dbs/swissprot_all.fasta
Opening the database file...  [0.042s]
Loading sequences...  [1.432s]
Masking sequences...  [2.632s]
Writing sequences...  [0.229s]
Hashing sequences...  [0.104s]
Loading sequences...  [0s]
Writing trailer...  [0.008s]
Closing the input file...  [0s]
Closing the database file...  [0.002s]

Database sequences  574627
  Database letters  208482574
     Database hash  387f7487040b06cad4c6842a6a1aea63
        Total time  4.456000s
diamond v2.1.10.164 (C) Max Planck Society for the Advancement of Science, Benjamin Buchfink, University of Tuebingen
Documentation, support and updates available at http://www.diamondsearch.org
Please cite: http://dx.doi.org/10.1038/s41592-021-01101-x Nature Methods (2021)

#CPU threads: 8
Scoring parameters: (Matrix=BLOSUM62 Lambda=0.267 K=0.041 Penalties=11/1)
Temporary directory: 02_annotation/diamond
#Target sequences to report alignments for: 25
Opening the database...  [0.085s]
Database: 02_annotation/db/swissprot_all (type: Diamond database, sequences: 574627, letters: 208482574)
Block size = 2000000000
Opening the input file...  [0.018s]
Opening the output file...  [0s]
Loading query sequences...  [0.136s]
Masking queries...  [0.354s]
Algorithm: Double-indexed
Building query histograms...  [0.377s]
Seeking in database...  [0s]
Loading reference sequences...  [0.514s]
Masking reference...  [2.513s]
Initializing temporary storage...  [0.013s]
Building reference histograms...  [2.39s]
Allocating buffers...  [0s]
Processing query block 1, reference block 1/1, shape 1/2, index chunk 1/4.
Building reference seed array...  [0.799s]
Building query seed array...  [0.166s]
Computing hash join...  [0.227s]
Masking low complexity seeds...  [0.02s]
Searching alignments...  [0.295s]
Deallocating memory...  [0s]
Processing query block 1, reference block 1/1, shape 1/2, index chunk 2/4.
Building reference seed array...  [1.551s]
Building query seed array...  [0.197s]
Computing hash join...  [0.225s]
Masking low complexity seeds...  [0.015s]
Searching alignments...  [0.24s]
Deallocating memory...  [0s]
Processing query block 1, reference block 1/1, shape 1/2, index chunk 3/4.
Building reference seed array...  [1.89s]
Building query seed array...  [0.21s]
Computing hash join...  [0.161s]
Masking low complexity seeds...  [0.02s]
Searching alignments...  [0.265s]
Deallocating memory...  [0s]
Processing query block 1, reference block 1/1, shape 1/2, index chunk 4/4.
Building reference seed array...  [1.118s]
Building query seed array...  [0.16s]
Computing hash join...  [0.213s]
Masking low complexity seeds...  [0.02s]
Searching alignments...  [0.241s]
Deallocating memory...  [0s]
Processing query block 1, reference block 1/1, shape 2/2, index chunk 1/4.
Building reference seed array...  [0.761s]
Building query seed array...  [0.161s]
Computing hash join...  [0.158s]
Masking low complexity seeds...  [0.023s]
Searching alignments...  [0.194s]
Deallocating memory...  [0s]
Processing query block 1, reference block 1/1, shape 2/2, index chunk 2/4.
Building reference seed array...  [1.698s]
Building query seed array...  [0.206s]
Computing hash join...  [0.149s]
Masking low complexity seeds...  [0.019s]
Searching alignments...  [0.304s]
Deallocating memory...  [0s]
Processing query block 1, reference block 1/1, shape 2/2, index chunk 3/4.
Building reference seed array...  [1.112s]
Building query seed array...  [0.209s]
Computing hash join...  [0.183s]
Masking low complexity seeds...  [0.021s]
Searching alignments...  [0.303s]
Deallocating memory...  [0s]
Processing query block 1, reference block 1/1, shape 2/2, index chunk 4/4.
Building reference seed array...  [0.916s]
Building query seed array...  [0.159s]
Computing hash join...  [0.154s]
Masking low complexity seeds...  [0.021s]
Searching alignments...  [0.283s]
Deallocating memory...  [0s]
Deallocating buffers...  [0.002s]
Clearing query masking...  [0.006s]
Computing alignments...  [16.4s]
Deallocating reference...  [0.001s]
Loading reference sequences...  [0s]
Deallocating buffers...  [0s]
Deallocating queries...  [0s]
Loading query sequences...  [0s]
Closing the input file...  [0s]
Closing the output file...  [0.018s]
Closing the database...  [0.001s]
Cleaning up...  [0s]
Total time = 38.003s
Reported 414757 pairwise alignments, 414757 HSPs.
27332 queries aligned.
