Spider mode enabled. Check if remote file exists.
--2026-04-26 13:09:58--  http://eggnog5.embl.de/download/emapperdb-5.0.2/eggnog.db.gz
Resolving eggnog5.embl.de (eggnog5.embl.de)... 194.94.44.170
Connecting to eggnog5.embl.de (eggnog5.embl.de)|194.94.44.170|:80... connected.
HTTP request sent, awaiting response... 200 OK
Length: 6776977123 (6.3G) [application/octet-stream]
Remote file exists.

Spider mode enabled. Check if remote file exists.
--2026-04-26 13:09:58--  http://eggnog5.embl.de/download/emapperdb-5.0.2/eggnog.taxa.tar.gz
Resolving eggnog5.embl.de (eggnog5.embl.de)... 194.94.44.170
Connecting to eggnog5.embl.de (eggnog5.embl.de)|194.94.44.170|:80... connected.
HTTP request sent, awaiting response... 200 OK
Length: 72797584 (69M) [application/octet-stream]
Remote file exists.

Spider mode enabled. Check if remote file exists.
--2026-04-26 13:09:58--  http://eggnog5.embl.de/download/emapperdb-5.0.2/eggnog_proteins.dmnd.gz
Resolving eggnog5.embl.de (eggnog5.embl.de)... 194.94.44.170
Connecting to eggnog5.embl.de (eggnog5.embl.de)|194.94.44.170|:80... connected.
HTTP request sent, awaiting response... 200 OK
Length: 5208806170 (4.9G) [application/octet-stream]
Remote file exists.

--2026-04-26 13:09:58--  http://eggnog5.embl.de/download/emapperdb-5.0.2/eggnog.db.gz
Resolving eggnog5.embl.de (eggnog5.embl.de)... 194.94.44.170
Connecting to eggnog5.embl.de (eggnog5.embl.de)|194.94.44.170|:80... connected.
HTTP request sent, awaiting response... 200 OK
Length: 6776977123 (6.3G) [application/octet-stream]
Saving to: ‘eggnog.db.gz’

     0K ........ ........ ........ ........  0% 52.5M 2m3s
 32768K ........ ........ ........ ........  0% 59.2M 1m55s
 65536K ........ ........ ........ ........  1% 59.7M 1m52s
 98304K ........ ........ ........ ........  1% 61.1M 1m49s
131072K ........ ........ ........ ........  2% 62.0M 1m47s
163840K ........ ........ ........ ........  2% 64.0M 1m45s
196608K ........ ........ ........ ........  3% 64.8M 1m44s
229376K ........ ........ ........ ........  3% 65.4M 1m42s
262144K ........ ........ ........ ........  4% 65.9M 1m41s
294912K ........ ........ ........ ........  4% 67.6M 99s
327680K ........ ........ ........ ........  5% 67.8M 98s
360448K ........ ........ ........ ........  5% 59.1M 98s
393216K ........ ........ ........ ........  6% 49.2M 99s
425984K ........ ........ ........ ........  6% 50.7M 1m40s
458752K ........ ........ ........ ........  7% 53.0M 1m41s
491520K ........ ........ ........ ........  7% 53.6M 1m41s
524288K ........ ........ ........ ........  8% 55.0M 1m41s
557056K ........ ........ ........ ........  8% 55.4M 1m40s
589824K ........ ........ ........ ........  9% 56.6M 1m40s
622592K ........ ........ ........ ........  9% 56.9M 1m40s
655360K ........ ........ ........ ........ 10% 56.9M 99s
688128K ........ ........ ........ ........ 10% 57.3M 99s
720896K ........ ........ ........ ........ 11% 57.2M 98s
753664K ........ ........ ........ ........ 11% 57.5M 98s
786432K ........ ........ ........ ........ 12% 57.3M 97s
819200K ........ ........ ........ ........ 12% 57.3M 97s
851968K ........ ........ ........ ........ 13% 57.3M 96s
884736K ........ ........ ........ ........ 13% 57.3M 96s
917504K ........ ........ ........ ........ 14% 57.4M 95s
950272K ........ ........ ........ ........ 14% 56.7M 95s
983040K ........ ........ ........ ........ 15% 57.6M 94s
1015808K ........ ........ ........ ........ 15% 58.0M 94s
1048576K ........ ........ ........ ........ 16% 58.8M 93s
1081344K ........ ........ ........ ........ 16% 59.3M 93s
1114112K ........ ........ ........ ........ 17% 59.4M 92s
1146880K ........ ........ ........ ........ 17% 60.8M 91s
1179648K ........ ........ ........ ........ 18% 61.4M 91s
1212416K ........ ........ ........ ........ 18% 63.0M 90s
1245184K ........ ........ ........ ........ 19% 64.1M 89s
1277952K ........ ........ ........ ........ 19% 65.4M 88s
1310720K ........ ........ ........ ........ 20% 67.2M 88s
1343488K ........ ........ ........ ........ 20% 69.2M 87s
1376256K ........ ........ ........ ........ 21% 70.7M 86s
1409024K ........ ........ ........ ........ 21% 73.1M 85s
1441792K ........ ........ ........ ........ 22% 75.9M 84s
1474560K ........ ........ ........ ........ 22% 77.3M 83s
1507328K ........ ........ ........ ........ 23% 80.4M 82s
1540096K ........ ........ ........ ........ 23% 77.5M 81s
1572864K ........ ........ ........ ........ 24% 85.0M 80s
1605632K ........ ........ ........ ........ 24% 88.8M 79s
1638400K ........ ........ ........ ........ 25% 90.9M 78s
1671168K ........ ........ ........ ........ 25% 92.9M 77s
1703936K ........ ........ ........ ........ 26% 93.2M 76s
1736704K ........ ........ ........ ........ 26% 94.2M 75s
1769472K ........ ........ ........ ........ 27% 92.1M 74s
1802240K ........ ........ ........ ........ 27% 91.3M 73s
1835008K ........ ........ ........ ........ 28% 90.4M 72s
1867776K ........ ........ ........ ........ 28% 90.2M 72s
1900544K ........ ........ ........ ........ 29% 88.1M 71s
1933312K ........ ........ ........ ........ 29% 86.9M 70s
1966080K ........ ........ ........ ........ 30% 81.4M 69s
1998848K ........ ........ ........ ........ 30% 85.1M 68s
2031616K ........ ........ ........ ........ 31% 84.8M 68s
2064384K ........ ........ ........ ........ 31% 88.9M 67s
2097152K ........ ........ ........ ........ 32% 87.0M 66s
2129920K ........ ........ ........ ........ 32% 88.8M 65s
2162688K ........ ........ ........ ........ 33% 91.0M 65s
2195456K ........ ........ ........ ........ 33% 88.9M 64s
2228224K ........ ........ ........ ........ 34% 93.4M 63s
2260992K ........ ........ ........ ........ 34% 91.1M 63s
2293760K ........ ........ ........ ........ 35% 93.2M 62s
2326528K ........ ........ ........ ........ 35% 91.2M 61s
2359296K ........ ........ ........ ........ 36% 91.0M 60s
2392064K ........ ........ ........ ........ 36% 93.4M 60s
2424832K ........ ........ ........ ........ 37% 91.2M 59s
2457600K ........ ........ ........ ........ 37% 93.4M 58s
2490368K ........ ........ ........ ........ 38% 91.1M 58s
2523136K ........ ........ ........ ........ 38% 90.7M 57s
2555904K ........ ........ ........ ........ 39% 93.2M 57s
2588672K ........ ........ ........ ........ 39% 90.9M 56s
2621440K ........ ........ ........ ........ 40% 93.2M 55s
2654208K ........ ........ ........ ........ 40% 90.8M 55s
2686976K ........ ........ ........ ........ 41% 93.3M 54s
2719744K ........ ........ ........ ........ 41% 93.0M 53s
2752512K ........ ........ ........ ........ 42% 90.8M 53s
2785280K ........ ........ ........ ........ 42% 93.1M 52s
2818048K ........ ........ ........ ........ 43% 90.8M 52s
2850816K ........ ........ ........ ........ 43% 93.2M 51s
2883584K ........ ........ ........ ........ 44% 91.0M 51s
2916352K ........ ........ ........ ........ 44% 93.0M 50s
2949120K ........ ........ ........ ........ 45% 90.9M 49s
2981888K ........ ........ ........ ........ 45% 93.2M 49s
3014656K ........ ........ ........ ........ 46% 91.0M 48s
3047424K ........ ........ ........ ........ 46% 93.2M 48s
3080192K ........ ........ ........ ........ 47% 90.9M 47s
3112960K ........ ........ ........ ........ 47% 93.1M 47s
3145728K ........ ........ ........ ........ 48% 93.1M 46s
3178496K ........ ........ ........ ........ 48% 90.9M 46s
3211264K ........ ........ ........ ........ 49% 93.0M 45s
3244032K ........ ........ ........ ........ 49% 90.8M 44s
3276800K ........ ........ ........ ........ 50% 93.1M 44s
3309568K ........ ........ ........ ........ 50% 90.8M 43s
3342336K ........ ........ ........ ........ 50% 93.1M 43s
3375104K ........ ........ ........ ........ 51% 90.7M 42s
3407872K ........ ........ ........ ........ 51% 93.0M 42s
3440640K ........ ........ ........ ........ 52% 90.7M 41s
3473408K ........ ........ ........ ........ 52% 93.2M 41s
3506176K ........ ........ ........ ........ 53% 90.8M 40s
3538944K ........ ........ ........ ........ 53% 93.1M 40s
3571712K ........ ........ ........ ........ 54% 91.0M 39s
3604480K ........ ........ ........ ........ 54% 93.1M 39s
3637248K ........ ........ ........ ........ 55% 90.9M 38s
3670016K ........ ........ ........ ........ 55% 93.2M 38s
3702784K ........ ........ ........ ........ 56% 93.0M 37s
3735552K ........ ........ ........ ........ 56% 90.9M 37s
3768320K ........ ........ ........ ........ 57% 93.0M 36s
3801088K ........ ........ ........ ........ 57% 90.9M 36s
3833856K ........ ........ ........ ........ 58% 93.0M 35s
3866624K ........ ........ ........ ........ 58% 90.9M 35s
3899392K ........ ........ ........ ........ 59% 92.7M 35s
3932160K ........ ........ ........ ........ 59% 91.0M 34s
3964928K ........ ........ ........ ........ 60% 92.3M 34s
3997696K ........ ........ ........ ........ 60% 90.8M 33s
4030464K ........ ........ ........ ........ 61% 93.2M 33s
4063232K ........ ........ ........ ........ 61% 90.7M 32s
4096000K ........ ........ ........ ........ 62% 93.1M 32s
4128768K ........ ........ ........ ........ 62% 91.0M 31s
4161536K ........ ........ ........ ........ 63% 93.1M 31s
4194304K ........ ........ ........ ........ 63% 93.2M 30s
4227072K ........ ........ ........ ........ 64% 90.9M 30s
4259840K ........ ........ ........ ........ 64% 93.1M 29s
4292608K ........ ........ ........ ........ 65% 90.8M 29s
4325376K ........ ........ ........ ........ 65% 93.0M 29s
4358144K ........ ........ ........ ........ 66% 90.8M 28s
4390912K ........ ........ ........ ........ 66% 85.3M 28s
4423680K ........ ........ ........ ........ 67% 81.0M 27s
4456448K ........ ........ ........ ........ 67% 61.1M 27s
4489216K ........ ........ ........ ........ 68% 83.2M 26s
4521984K ........ ........ ........ ........ 68% 83.4M 26s
4554752K ........ ........ ........ ........ 69% 85.1M 26s
4587520K ........ ........ ........ ........ 69% 88.9M 25s
4620288K ........ ........ ........ ........ 70% 88.8M 25s
4653056K ........ ........ ........ ........ 70% 91.2M 24s
4685824K ........ ........ ........ ........ 71% 91.0M 24s
4718592K ........ ........ ........ ........ 71% 87.0M 23s
4751360K ........ ........ ........ ........ 72% 91.3M 23s
4784128K ........ ........ ........ ........ 72% 93.4M 23s
4816896K ........ ........ ........ ........ 73% 90.9M 22s
4849664K ........ ........ ........ ........ 73% 91.2M 22s
4882432K ........ ........ ........ ........ 74% 93.3M 21s
4915200K ........ ........ ........ ........ 74% 90.9M 21s
4947968K ........ ........ ........ ........ 75% 93.5M 20s
4980736K ........ ........ ........ ........ 75% 91.1M 20s
5013504K ........ ........ ........ ........ 76% 93.2M 20s
5046272K ........ ........ ........ ........ 76% 90.7M 19s
5079040K ........ ........ ........ ........ 77% 93.4M 19s
5111808K ........ ........ ........ ........ 77% 93.1M 18s
5144576K ........ ........ ........ ........ 78% 90.9M 18s
5177344K ........ ........ ........ ........ 78% 93.2M 17s
5210112K ........ ........ ........ ........ 79% 90.9M 17s
5242880K ........ ........ ........ ........ 79% 92.9M 17s
5275648K ........ ........ ........ ........ 80% 90.9M 16s
5308416K ........ ........ ........ ........ 80% 93.1M 16s
5341184K ........ ........ ........ ........ 81% 90.7M 15s
5373952K ........ ........ ........ ........ 81% 93.0M 15s
5406720K ........ ........ ........ ........ 82% 90.7M 15s
5439488K ........ ........ ........ ........ 82% 93.1M 14s
5472256K ........ ........ ........ ........ 83% 90.5M 14s
5505024K ........ ........ ........ ........ 83% 93.3M 13s
5537792K ........ ........ ........ ........ 84% 93.1M 13s
5570560K ........ ........ ........ ........ 84% 91.0M 12s
5603328K ........ ........ ........ ........ 85% 93.1M 12s
5636096K ........ ........ ........ ........ 85% 90.7M 12s
5668864K ........ ........ ........ ........ 86% 93.1M 11s
5701632K ........ ........ ........ ........ 86% 90.8M 11s
5734400K ........ ........ ........ ........ 87% 89.1M 10s
5767168K ........ ........ ........ ........ 87% 86.4M 10s
5799936K ........ ........ ........ ........ 88% 88.9M 10s
5832704K ........ ........ ........ ........ 88% 86.7M 9s
5865472K ........ ........ ........ ........ 89% 92.7M 9s
5898240K ........ ........ ........ ........ 89% 88.7M 8s
5931008K ........ ........ ........ ........ 90% 90.6M 8s
5963776K ........ ........ ........ ........ 90% 92.2M 8s
5996544K ........ ........ ........ ........ 91% 90.6M 7s
6029312K ........ ........ ........ ........ 91% 92.6M 7s
6062080K ........ ........ ........ ........ 92% 90.8M 6s
6094848K ........ ........ ........ ........ 92% 92.6M 6s
6127616K ........ ........ ........ ........ 93% 90.2M 6s
6160384K ........ ........ ........ ........ 93% 92.8M 5s
6193152K ........ ........ ........ ........ 94% 90.8M 5s
6225920K ........ ........ ........ ........ 94% 93.2M 4s
6258688K ........ ........ ........ ........ 95% 90.8M 4s
6291456K ........ ........ ........ ........ 95% 93.0M 4s
6324224K ........ ........ ........ ........ 96% 90.9M 3s
6356992K ........ ........ ........ ........ 96% 92.7M 3s
6389760K ........ ........ ........ ........ 97% 90.0M 2s
6422528K ........ ........ ........ ........ 97% 92.2M 2s
6455296K ........ ........ ........ ........ 98% 90.5M 2s
6488064K ........ ........ ........ ........ 98% 91.2M 1s
6520832K ........ ........ ........ ........ 99% 90.2M 1s
6553600K ........ ........ ........ ........ 99% 93.0M 0s
6586368K ........ ........ ........ ....... 100% 84.2M=80s

2026-04-26 13:11:18 (81.2 MB/s) - ‘eggnog.db.gz’ saved [6776977123/6776977123]

--2026-04-26 13:17:43--  http://eggnog5.embl.de/download/emapperdb-5.0.2/eggnog.taxa.tar.gz
Resolving eggnog5.embl.de (eggnog5.embl.de)... 194.94.44.170
Connecting to eggnog5.embl.de (eggnog5.embl.de)|194.94.44.170|:80... connected.
HTTP request sent, awaiting response... 200 OK
Length: 72797584 (69M) [application/octet-stream]
Saving to: ‘eggnog.taxa.tar.gz’

     0K ........ ........ ........ ........ 46% 5.56M 7s
 32768K ........ ........ ........ ........ 92% 10.3M 1s
 65536K .....                              100% 14.7M=9.2s

2026-04-26 13:17:53 (7.52 MB/s) - ‘eggnog.taxa.tar.gz’ saved [72797584/72797584]

--2026-04-26 13:17:56--  http://eggnog5.embl.de/download/emapperdb-5.0.2/eggnog_proteins.dmnd.gz
Resolving eggnog5.embl.de (eggnog5.embl.de)... 194.94.44.170
Connecting to eggnog5.embl.de (eggnog5.embl.de)|194.94.44.170|:80... connected.
HTTP request sent, awaiting response... 200 OK
Length: 5208806170 (4.9G) [application/octet-stream]
Saving to: ‘eggnog_proteins.dmnd.gz’

     0K ........ ........ ........ ........  0% 20.4M 4m2s
 32768K ........ ........ ........ ........  1% 36.2M 3m8s
 65536K ........ ........ ........ ........  1% 31.1M 2m57s
 98304K ........ ........ ........ ........  2% 33.6M 2m48s
131072K ........ ........ ........ ........  3% 33.4M 2m42s
163840K ........ ........ ........ ........  3% 35.0M 2m37s
196608K ........ ........ ........ ........  4% 35.2M 2m33s
229376K ........ ........ ........ ........  5% 35.7M 2m29s
262144K ........ ........ ........ ........  5% 35.2M 2m27s
294912K ........ ........ ........ ........  6% 35.4M 2m24s
327680K ........ ........ ........ ........  7% 35.5M 2m22s
360448K ........ ........ ........ ........  7% 36.6M 2m20s
393216K ........ ........ ........ ........  8% 37.3M 2m17s
425984K ........ ........ ........ ........  9% 37.7M 2m15s
458752K ........ ........ ........ ........  9% 39.1M 2m13s
491520K ........ ........ ........ ........ 10% 39.4M 2m11s
524288K ........ ........ ........ ........ 10% 39.7M 2m9s
557056K ........ ........ ........ ........ 11% 42.4M 2m7s
589824K ........ ........ ........ ........ 12% 44.8M 2m4s
622592K ........ ........ ........ ........ 12% 47.7M 2m2s
655360K ........ ........ ........ ........ 13% 49.9M 1m59s
688128K ........ ........ ........ ........ 14% 53.9M 1m56s
720896K ........ ........ ........ ........ 14% 56.7M 1m54s
753664K ........ ........ ........ ........ 15% 61.5M 1m51s
786432K ........ ........ ........ ........ 16% 64.6M 1m48s
819200K ........ ........ ........ ........ 16% 68.3M 1m46s
851968K ........ ........ ........ ........ 17% 69.7M 1m43s
884736K ........ ........ ........ ........ 18% 75.2M 1m41s
917504K ........ ........ ........ ........ 18% 78.2M 98s
950272K ........ ........ ........ ........ 19% 83.5M 96s
983040K ........ ........ ........ ........ 19% 84.0M 93s
1015808K ........ ........ ........ ........ 20% 85.3M 91s
1048576K ........ ........ ........ ........ 21% 87.1M 89s
1081344K ........ ........ ........ ........ 21% 86.1M 87s
1114112K ........ ........ ........ ........ 22% 90.0M 85s
1146880K ........ ........ ........ ........ 23% 87.1M 83s
1179648K ........ ........ ........ ........ 23% 87.9M 82s
1212416K ........ ........ ........ ........ 24% 78.9M 80s
1245184K ........ ........ ........ ........ 25% 71.4M 79s
1277952K ........ ........ ........ ........ 25% 74.8M 77s
1310720K ........ ........ ........ ........ 26% 77.2M 76s
1343488K ........ ........ ........ ........ 27% 79.7M 74s
1376256K ........ ........ ........ ........ 27% 79.2M 73s
1409024K ........ ........ ........ ........ 28% 84.5M 72s
1441792K ........ ........ ........ ........ 28% 81.9M 71s
1474560K ........ ........ ........ ........ 29% 86.2M 69s
1507328K ........ ........ ........ ........ 30% 86.5M 68s
1540096K ........ ........ ........ ........ 30% 87.0M 67s
1572864K ........ ........ ........ ........ 31% 86.6M 66s
1605632K ........ ........ ........ ........ 32% 86.4M 65s
1638400K ........ ........ ........ ........ 32% 86.6M 63s
1671168K ........ ........ ........ ........ 33% 89.3M 62s
1703936K ........ ........ ........ ........ 34% 88.1M 61s
1736704K ........ ........ ........ ........ 34% 87.6M 60s
1769472K ........ ........ ........ ........ 35% 87.6M 59s
1802240K ........ ........ ........ ........ 36% 86.4M 58s
1835008K ........ ........ ........ ........ 36% 87.2M 57s
1867776K ........ ........ ........ ........ 37% 89.8M 56s
1900544K ........ ........ ........ ........ 38% 87.3M 55s
1933312K ........ ........ ........ ........ 38% 87.4M 54s
1966080K ........ ........ ........ ........ 39% 87.2M 54s
1998848K ........ ........ ........ ........ 39% 87.8M 53s
2031616K ........ ........ ........ ........ 40% 90.0M 52s
2064384K ........ ........ ........ ........ 41% 87.6M 51s
2097152K ........ ........ ........ ........ 41% 87.9M 50s
2129920K ........ ........ ........ ........ 42% 88.1M 49s
2162688K ........ ........ ........ ........ 43% 81.2M 49s
2195456K ........ ........ ........ ........ 43% 87.9M 48s
2228224K ........ ........ ........ ........ 44% 86.8M 47s
2260992K ........ ........ ........ ........ 45% 90.9M 46s
2293760K ........ ........ ........ ........ 45% 87.2M 45s
2326528K ........ ........ ........ ........ 46% 88.2M 45s
2359296K ........ ........ ........ ........ 47% 86.6M 44s
2392064K ........ ........ ........ ........ 47% 87.8M 43s
2424832K ........ ........ ........ ........ 48% 87.7M 43s
2457600K ........ ........ ........ ........ 48% 88.9M 42s
2490368K ........ ........ ........ ........ 49% 87.0M 41s
2523136K ........ ........ ........ ........ 50% 85.7M 40s
2555904K ........ ........ ........ ........ 50% 87.4M 40s
2588672K ........ ........ ........ ........ 51% 79.9M 39s
2621440K ........ ........ ........ ........ 52% 88.0M 39s
2654208K ........ ........ ........ ........ 52% 87.5M 38s
2686976K ........ ........ ........ ........ 53% 88.0M 37s
2719744K ........ ........ ........ ........ 54% 88.1M 37s
2752512K ........ ........ ........ ........ 54% 87.0M 36s
2785280K ........ ........ ........ ........ 55% 89.0M 35s
2818048K ........ ........ ........ ........ 56% 88.4M 35s
2850816K ........ ........ ........ ........ 56% 87.2M 34s
2883584K ........ ........ ........ ........ 57% 87.3M 33s
2916352K ........ ........ ........ ........ 57% 85.5M 33s
2949120K ........ ........ ........ ........ 58% 86.0M 32s
2981888K ........ ........ ........ ........ 59% 87.1M 32s
3014656K ........ ........ ........ ........ 59% 86.6M 31s
3047424K ........ ........ ........ ........ 60% 89.3M 30s
3080192K ........ ........ ........ ........ 61% 86.1M 30s
3112960K ........ ........ ........ ........ 61% 86.8M 29s
3145728K ........ ........ ........ ........ 62% 85.5M 29s
3178496K ........ ........ ........ ........ 63% 85.3M 28s
3211264K ........ ........ ........ ........ 63% 84.9M 28s
3244032K ........ ........ ........ ........ 64% 80.8M 27s
3276800K ........ ........ ........ ........ 65% 79.9M 27s
3309568K ........ ........ ........ ........ 65% 86.3M 26s
3342336K ........ ........ ........ ........ 66% 84.8M 25s
3375104K ........ ........ ........ ........ 66% 85.0M 25s
3407872K ........ ........ ........ ........ 67% 85.0M 24s
3440640K ........ ........ ........ ........ 68% 85.4M 24s
3473408K ........ ........ ........ ........ 68% 86.0M 23s
3506176K ........ ........ ........ ........ 69% 84.9M 23s
3538944K ........ ........ ........ ........ 70% 79.0M 22s
3571712K ........ ........ ........ ........ 70% 83.2M 22s
3604480K ........ ........ ........ ........ 71% 85.3M 21s
3637248K ........ ........ ........ ........ 72% 85.2M 21s
3670016K ........ ........ ........ ........ 72% 84.9M 20s
3702784K ........ ........ ........ ........ 73% 84.9M 20s
3735552K ........ ........ ........ ........ 74% 84.4M 19s
3768320K ........ ........ ........ ........ 74% 85.2M 19s
3801088K ........ ........ ........ ........ 75% 86.0M 18s
3833856K ........ ........ ........ ........ 76% 83.0M 18s
3866624K ........ ........ ........ ........ 76% 79.8M 17s
3899392K ........ ........ ........ ........ 77% 79.1M 17s
3932160K ........ ........ ........ ........ 77% 81.0M 16s
3964928K ........ ........ ........ ........ 78% 85.0M 16s
3997696K ........ ........ ........ ........ 79% 80.3M 15s
4030464K ........ ........ ........ ........ 79% 86.7M 15s
4063232K ........ ........ ........ ........ 80% 84.9M 14s
4096000K ........ ........ ........ ........ 81% 85.3M 14s
4128768K ........ ........ ........ ........ 81% 84.3M 13s
4161536K ........ ........ ........ ........ 82% 83.0M 13s
4194304K ........ ........ ........ ........ 83% 83.3M 12s
4227072K ........ ........ ........ ........ 83% 79.0M 12s
4259840K ........ ........ ........ ........ 84% 84.7M 11s
4292608K ........ ........ ........ ........ 85% 85.9M 11s
4325376K ........ ........ ........ ........ 85% 86.3M 10s
4358144K ........ ........ ........ ........ 86% 84.8M 10s
4390912K ........ ........ ........ ........ 86% 83.2M 9s
4423680K ........ ........ ........ ........ 87% 68.2M 9s
4456448K ........ ........ ........ ........ 88% 78.3M 8s
4489216K ........ ........ ........ ........ 88% 85.0M 8s
4521984K ........ ........ ........ ........ 89% 84.6M 7s
4554752K ........ ........ ........ ........ 90% 85.1M 7s
4587520K ........ ........ ........ ........ 90% 83.1M 7s
4620288K ........ ........ ........ ........ 91% 85.0M 6s
4653056K ........ ........ ........ ........ 92% 82.2M 6s
4685824K ........ ........ ........ ........ 92% 81.4M 5s
4718592K ........ ........ ........ ........ 93% 83.8M 5s
4751360K ........ ........ ........ ........ 94% 84.4M 4s
4784128K ........ ........ ........ ........ 94% 84.4M 4s
4816896K ........ ........ ........ ........ 95% 85.6M 3s
4849664K ........ ........ ........ ........ 95% 84.4M 3s
4882432K ........ ........ ........ ........ 96% 76.1M 2s
4915200K ........ ........ ........ ........ 97% 84.7M 2s
4947968K ........ ........ ........ ........ 97% 82.5M 1s
4980736K ........ ........ ........ ........ 98% 84.7M 1s
5013504K ........ ........ ........ ........ 99% 84.2M 1s
5046272K ........ ........ ........ ........ 99% 85.9M 0s
5079040K .......                            100% 22.7M=70s

2026-04-26 13:19:06 (70.5 MB/s) - ‘eggnog_proteins.dmnd.gz’ saved [5208806170/5208806170]

